[RunConfig] run_id=14 seed=1014
[OutputDir] /work/home/acn1eb8nfq/yuezhang46/GFcode/GF实验一：横向对比/aco_global_logs/run_14_seed_1014
[Info] #nodes = 1810
[Load] Reading scenarios ...
  - spring: raw edges=3686, days=31
  - summer: raw edges=3686, days=30
  - autumn: raw edges=3686, days=31
  - winter: raw edges=3686, days=30
[Filter] EDGE_WEIGHT_MIN=1.0
  - active_nodes=1450  inactive_nodes(fixed NONE)=360
  - spring: removed=2281, kept=1405
  - summer: removed=2206, kept=1480
  - autumn: removed=2131, kept=1555
  - winter: removed=2189, kept=1497
  - spring: filtered edges (active subgraph)=1405
  - summer: filtered edges (active subgraph)=1480
  - autumn: filtered edges (active subgraph)=1555
  - winter: filtered edges (active subgraph)=1497
[ACO] Pheromone and heuristic initialized.
[ACO] Iterate under FE budget ...
[Run 14 | Iter 1] iter_best: cost=2118241.98  viol=6117229.1407  obj=6119347382.72 | best_so_far: cost=2118241.98  viol=6117229.1407  obj=6119347382.72
[Run 14 | Iter 2] iter_best: cost=2486632.32  viol=6006399.5363  obj=6008886168.67 | best_so_far: cost=2486632.32  viol=6006399.5363  obj=6008886168.67
[Run 14 | Iter 3] iter_best: cost=2026144.22  viol=6151595.8880  obj=6153622032.18 | best_so_far: cost=2486632.32  viol=6006399.5363  obj=6008886168.67
[Run 14 | Iter 4] iter_best: cost=2394534.24  viol=6015887.0876  obj=6018281621.85 | best_so_far: cost=2486632.32  viol=6006399.5363  obj=6008886168.67
[Run 14 | Iter 5] iter_best: cost=2302437.48  viol=6055271.1198  obj=6057573557.28 | best_so_far: cost=2486632.32  viol=6006399.5363  obj=6008886168.67
[Run 14 | Iter 6] iter_best: cost=2670826.83  viol=5956310.2483  obj=5958981075.17 | best_so_far: cost=2670826.83  viol=5956310.2483  obj=5958981075.17
[Run 14 | Iter 7] iter_best: cost=2670827.50  viol=5997317.5902  obj=5999988417.73 | best_so_far: cost=2670826.83  viol=5956310.2483  obj=5958981075.17
[Run 14 | Iter 8] iter_best: cost=2118241.64  viol=6118734.8782  obj=6120853119.80 | best_so_far: cost=2670826.83  viol=5956310.2483  obj=5958981075.17
[Run 14 | FE 256] best_local_obj=5958981075.17  best_local_cost=2670826.83  best_local_viol=5956310.2483
[Run 14 | Iter 9] iter_best: cost=2118241.64  viol=6122569.4401  obj=6124687681.75 | best_so_far: cost=2670826.83  viol=5956310.2483  obj=5958981075.17
[Run 14 | Iter 10] iter_best: cost=2578729.41  viol=5971535.3213  obj=5974114050.71 | best_so_far: cost=2670826.83  viol=5956310.2483  obj=5958981075.17
[Run 14 | Iter 11] iter_best: cost=2394534.57  viol=6013859.5913  obj=6016254125.83 | best_so_far: cost=2670826.83  viol=5956310.2483  obj=5958981075.17
[Run 14 | Iter 12] iter_best: cost=2026144.56  viol=6157768.8199  obj=6159794964.46 | best_so_far: cost=2670826.83  viol=5956310.2483  obj=5958981075.17
[Run 14 | Iter 13] iter_best: cost=2394535.24  viol=6026914.9592  obj=6029309494.41 | best_so_far: cost=2670826.83  viol=5956310.2483  obj=5958981075.17
[Run 14 | Iter 14] iter_best: cost=2394534.24  viol=6092033.7801  obj=6094428314.36 | best_so_far: cost=2670826.83  viol=5956310.2483  obj=5958981075.17
[Run 14 | Iter 15] iter_best: cost=2210339.40  viol=6087930.6768  obj=6090141016.21 | best_so_far: cost=2670826.83  viol=5956310.2483  obj=5958981075.17
[Run 14 | Iter 16] iter_best: cost=2394534.57  viol=6057366.6234  obj=6059761157.96 | best_so_far: cost=2670826.83  viol=5956310.2483  obj=5958981075.17
[Run 14 | Iter 17] iter_best: cost=2486631.99  viol=6017317.3557  obj=6019803987.71 | best_so_far: cost=2670826.83  viol=5956310.2483  obj=5958981075.17
[Run 14 | FE 512] best_local_obj=5958981075.17  best_local_cost=2670826.83  best_local_viol=5956310.2483
[Run 14 | Iter 18] iter_best: cost=2302437.15  viol=6073447.5484  obj=6075749985.54 | best_so_far: cost=2670826.83  viol=5956310.2483  obj=5958981075.17
[Run 14 | Iter 19] iter_best: cost=2486631.65  viol=6026753.7541  obj=6029240385.75 | best_so_far: cost=2670826.83  viol=5956310.2483  obj=5958981075.17
[Run 14 | Iter 20] iter_best: cost=2118241.64  viol=6118777.1488  obj=6120895390.43 | best_so_far: cost=2670826.83  viol=5956310.2483  obj=5958981075.17
[Run 14 | Iter 21] iter_best: cost=2394534.57  viol=6057788.0881  obj=6060182622.69 | best_so_far: cost=2670826.83  viol=5956310.2483  obj=5958981075.17
[Run 14 | Iter 22] iter_best: cost=2210339.73  viol=6088738.0226  obj=6090948362.29 | best_so_far: cost=2670826.83  viol=5956310.2483  obj=5958981075.17
[Run 14 | Iter 23] iter_best: cost=2302437.48  viol=6085875.6604  obj=6088178097.92 | best_so_far: cost=2670826.83  viol=5956310.2483  obj=5958981075.17
[Run 14 | Iter 24] iter_best: cost=2118241.64  viol=6125532.8504  obj=6127651092.08 | best_so_far: cost=2670826.83  viol=5956310.2483  obj=5958981075.17
[Run 14 | Iter 25] iter_best: cost=2118242.31  viol=6125644.8678  obj=6127763110.12 | best_so_far: cost=2670826.83  viol=5956310.2483  obj=5958981075.17
[Run 14 | FE 768] best_local_obj=5958981075.17  best_local_cost=2670826.83  best_local_viol=5956310.2483
[Run 14 | Iter 26] iter_best: cost=2210339.73  viol=6105618.1585  obj=6107828498.19 | best_so_far: cost=2670826.83  viol=5956310.2483  obj=5958981075.17
[Run 14 | Iter 27] iter_best: cost=2855022.00  viol=5882489.4009  obj=5885344422.87 | best_so_far: cost=2855022.00  viol=5882489.4009  obj=5885344422.87
[Run 14 | Iter 28] iter_best: cost=2302436.48  viol=6070824.6738  obj=6073127110.31 | best_so_far: cost=2855022.00  viol=5882489.4009  obj=5885344422.87
[Run 14 | Iter 29] iter_best: cost=2026144.22  viol=6149029.6819  obj=6151055826.08 | best_so_far: cost=2855022.00  viol=5882489.4009  obj=5885344422.87
[Run 14 | Iter 30] iter_best: cost=2394534.24  viol=6031398.6253  obj=6033793159.58 | best_so_far: cost=2855022.00  viol=5882489.4009  obj=5885344422.87
[Run 14 | Iter 31] iter_best: cost=2118241.98  viol=6112734.9583  obj=6114853200.24 | best_so_far: cost=2855022.00  viol=5882489.4009  obj=5885344422.87
[Run 14 | Iter 32] iter_best: cost=2394534.24  viol=6044366.9674  obj=6046761501.62 | best_so_far: cost=2855022.00  viol=5882489.4009  obj=5885344422.87
[Run 14 | Iter 33] iter_best: cost=2302436.15  viol=6048571.1875  obj=6050873623.63 | best_so_far: cost=2855022.00  viol=5882489.4009  obj=5885344422.87
[Run 14 | Iter 34] iter_best: cost=2394534.90  viol=6040244.3638  obj=6042638898.72 | best_so_far: cost=2855022.00  viol=5882489.4009  obj=5885344422.87
[Run 14 | FE 1024] best_local_obj=5885344422.87  best_local_cost=2855022.00  best_local_viol=5882489.4009
[Run 14 | Iter 35] iter_best: cost=2670827.16  viol=5950394.7951  obj=5953065622.25 | best_so_far: cost=2855022.00  viol=5882489.4009  obj=5885344422.87
[Run 14 | Iter 36] iter_best: cost=2026143.89  viol=6171945.3866  obj=6173971530.53 | best_so_far: cost=2855022.00  viol=5882489.4009  obj=5885344422.87
[Run 14 | Iter 37] iter_best: cost=2118241.98  viol=6123615.9289  obj=6125734170.88 | best_so_far: cost=2855022.00  viol=5882489.4009  obj=5885344422.87
[Run 14 | Iter 38] iter_best: cost=2210339.40  viol=6089768.9058  obj=6091979245.21 | best_so_far: cost=2855022.00  viol=5882489.4009  obj=5885344422.87
[Run 14 | Iter 39] iter_best: cost=2394534.57  viol=6036234.6829  obj=6038629217.47 | best_so_far: cost=2855022.00  viol=5882489.4009  obj=5885344422.87
[Run 14 | Iter 40] iter_best: cost=2394534.57  viol=6052659.9114  obj=6055054445.92 | best_so_far: cost=2855022.00  viol=5882489.4009  obj=5885344422.87
[Run 14 | Iter 41] iter_best: cost=2302436.48  viol=6086346.8292  obj=6088649265.64 | best_so_far: cost=2855022.00  viol=5882489.4009  obj=5885344422.87
[Run 14 | Iter 42] iter_best: cost=2486630.99  viol=6014468.5429  obj=6016955173.87 | best_so_far: cost=2855022.00  viol=5882489.4009  obj=5885344422.87
[Run 14 | FE 1280] best_local_obj=5885344422.87  best_local_cost=2855022.00  best_local_viol=5882489.4009
[Run 14 | Iter 43] iter_best: cost=2486631.99  viol=6011875.7491  obj=6014362381.14 | best_so_far: cost=2855022.00  viol=5882489.4009  obj=5885344422.87
[Run 14 | Iter 44] iter_best: cost=2394533.90  viol=6051999.6979  obj=6054394231.79 | best_so_far: cost=2855022.00  viol=5882489.4009  obj=5885344422.87
[Run 14 | Iter 45] iter_best: cost=2118241.98  viol=6142640.8062  obj=6144759048.21 | best_so_far: cost=2855022.00  viol=5882489.4009  obj=5885344422.87
[Run 14 | Iter 46] iter_best: cost=2394534.57  viol=6017223.3853  obj=6019617919.88 | best_so_far: cost=2855022.00  viol=5882489.4009  obj=5885344422.87
[Run 14 | Iter 47] iter_best: cost=2210339.40  viol=6080842.3471  obj=6083052686.46 | best_so_far: cost=2855022.00  viol=5882489.4009  obj=5885344422.87
[Run 14 | Iter 48] iter_best: cost=2210340.40  viol=6083227.5524  obj=6085437892.81 | best_so_far: cost=2855022.00  viol=5882489.4009  obj=5885344422.87
[Run 14 | Iter 49] iter_best: cost=2026144.22  viol=6149688.1684  obj=6151714312.59 | best_so_far: cost=2855022.00  viol=5882489.4009  obj=5885344422.87
[Run 14 | Iter 50] iter_best: cost=2394533.90  viol=6033472.0703  obj=6035866604.24 | best_so_far: cost=2855022.00  viol=5882489.4009  obj=5885344422.87
[Run 14 | Iter 51] iter_best: cost=2394534.57  viol=6043851.8796  obj=6046246414.12 | best_so_far: cost=2855022.00  viol=5882489.4009  obj=5885344422.87
[Run 14 | FE 1536] best_local_obj=5885344422.87  best_local_cost=2855022.00  best_local_viol=5882489.4009
[Run 14 | Iter 52] iter_best: cost=2486631.32  viol=6006635.7955  obj=6009122426.79 | best_so_far: cost=2855022.00  viol=5882489.4009  obj=5885344422.87
[Run 14 | Iter 53] iter_best: cost=2302436.48  viol=6077158.2465  obj=6079460682.94 | best_so_far: cost=2855022.00  viol=5882489.4009  obj=5885344422.87
[Run 14 | Iter 54] iter_best: cost=2118241.64  viol=6105387.3450  obj=6107505586.64 | best_so_far: cost=2855022.00  viol=5882489.4009  obj=5885344422.87
[Run 14 | Iter 55] iter_best: cost=2578730.41  viol=5956268.0821  obj=5958846812.55 | best_so_far: cost=2855022.00  viol=5882489.4009  obj=5885344422.87
[Run 14 | Iter 56] iter_best: cost=2302436.82  viol=6066571.1578  obj=6068873594.60 | best_so_far: cost=2855022.00  viol=5882489.4009  obj=5885344422.87
[Run 14 | Iter 57] iter_best: cost=2026144.22  viol=6140817.5440  obj=6142843688.20 | best_so_far: cost=2855022.00  viol=5882489.4009  obj=5885344422.87
[Run 14 | Iter 58] iter_best: cost=2302436.82  viol=6056360.5701  obj=6058663006.96 | best_so_far: cost=2855022.00  viol=5882489.4009  obj=5885344422.87
[Run 14 | Iter 59] iter_best: cost=2394534.57  viol=6051665.3556  obj=6054059890.22 | best_so_far: cost=2855022.00  viol=5882489.4009  obj=5885344422.87
[Run 14 | FE 1792] best_local_obj=5885344422.87  best_local_cost=2855022.00  best_local_viol=5882489.4009
[Run 14 | Iter 60] iter_best: cost=2026144.22  viol=6149414.2632  obj=6151440407.43 | best_so_far: cost=2855022.00  viol=5882489.4009  obj=5885344422.87
[Run 14 | Iter 61] iter_best: cost=2302436.48  viol=6080659.4585  obj=6082961895.01 | best_so_far: cost=2855022.00  viol=5882489.4009  obj=5885344422.87
[Run 14 | Iter 62] iter_best: cost=2302436.48  viol=6062571.5605  obj=6064873996.96 | best_so_far: cost=2855022.00  viol=5882489.4009  obj=5885344422.87
[Run 14 | Iter 63] iter_best: cost=2670826.49  viol=5961890.5656  obj=5964561392.05 | best_so_far: cost=2855022.00  viol=5882489.4009  obj=5885344422.87
[Run 14 | Iter 64] iter_best: cost=2486631.32  viol=6004704.1222  obj=6007190753.54 | best_so_far: cost=2855022.00  viol=5882489.4009  obj=5885344422.87
[Run 14 | Iter 65] iter_best: cost=2486631.32  viol=6045196.2151  obj=6047682846.44 | best_so_far: cost=2855022.00  viol=5882489.4009  obj=5885344422.87
[Run 14 | Iter 66] iter_best: cost=2302436.48  viol=6069391.9448  obj=6071694381.26 | best_so_far: cost=2855022.00  viol=5882489.4009  obj=5885344422.87
[Run 14 | Iter 67] iter_best: cost=2210339.40  viol=6091337.5402  obj=6093547879.61 | best_so_far: cost=2855022.00  viol=5882489.4009  obj=5885344422.87
[Run 14 | Iter 68] iter_best: cost=2578729.74  viol=5973738.1044  obj=5976316834.19 | best_so_far: cost=2855022.00  viol=5882489.4009  obj=5885344422.87
[Run 14 | FE 2048] best_local_obj=5885344422.87  best_local_cost=2855022.00  best_local_viol=5882489.4009
[Run 14 | Iter 69] iter_best: cost=2302436.82  viol=6079985.7523  obj=6082288189.14 | best_so_far: cost=2855022.00  viol=5882489.4009  obj=5885344422.87
[Run 14 | Iter 70] iter_best: cost=2394534.57  viol=6019061.0759  obj=6021455610.49 | best_so_far: cost=2855022.00  viol=5882489.4009  obj=5885344422.87
[Run 14 | Iter 71] iter_best: cost=2210339.40  viol=6101880.3648  obj=6104090704.24 | best_so_far: cost=2855022.00  viol=5882489.4009  obj=5885344422.87
[Run 14 | Iter 72] iter_best: cost=2302437.48  viol=6072352.2806  obj=6074654718.08 | best_so_far: cost=2855022.00  viol=5882489.4009  obj=5885344422.87
[Run 14 | Iter 73] iter_best: cost=2762924.58  viol=5905737.9668  obj=5908500891.36 | best_so_far: cost=2855022.00  viol=5882489.4009  obj=5885344422.87
[Run 14 | Iter 74] iter_best: cost=2394534.90  viol=6013375.0222  obj=6015769557.06 | best_so_far: cost=2855022.00  viol=5882489.4009  obj=5885344422.87
[Run 14 | Iter 75] iter_best: cost=2394534.57  viol=6054187.8787  obj=6056582413.22 | best_so_far: cost=2855022.00  viol=5882489.4009  obj=5885344422.87
[Run 14 | Iter 76] iter_best: cost=2118241.98  viol=6112094.2514  obj=6114212493.35 | best_so_far: cost=2855022.00  viol=5882489.4009  obj=5885344422.87
[Run 14 | FE 2304] best_local_obj=5885344422.87  best_local_cost=2855022.00  best_local_viol=5882489.4009
[Run 14 | Iter 77] iter_best: cost=2302436.82  viol=6057795.3597  obj=6060097796.56 | best_so_far: cost=2855022.00  viol=5882489.4009  obj=5885344422.87
[Run 14 | Iter 78] iter_best: cost=2302436.82  viol=6089240.3002  obj=6091542737.06 | best_so_far: cost=2855022.00  viol=5882489.4009  obj=5885344422.87
[Run 14 | Iter 79] iter_best: cost=2302436.82  viol=6044493.4211  obj=6046795857.95 | best_so_far: cost=2855022.00  viol=5882489.4009  obj=5885344422.87
[Run 14 | Iter 80] iter_best: cost=2302436.48  viol=6078175.5917  obj=6080478028.22 | best_so_far: cost=2855022.00  viol=5882489.4009  obj=5885344422.87
[Run 14 | Iter 81] iter_best: cost=2118241.98  viol=6105385.7745  obj=6107504016.49 | best_so_far: cost=2855022.00  viol=5882489.4009  obj=5885344422.87
[Run 14 | Iter 82] iter_best: cost=2302437.15  viol=6058481.4569  obj=6060783894.07 | best_so_far: cost=2855022.00  viol=5882489.4009  obj=5885344422.87
[Run 14 | Iter 83] iter_best: cost=2486631.99  viol=6045698.6415  obj=6048185273.48 | best_so_far: cost=2855022.00  viol=5882489.4009  obj=5885344422.87
[Run 14 | Iter 84] iter_best: cost=2210339.40  viol=6084141.2416  obj=6086351581.00 | best_so_far: cost=2855022.00  viol=5882489.4009  obj=5885344422.87
[Run 14 | Iter 85] iter_best: cost=2302436.48  viol=6094627.4179  obj=6096929854.36 | best_so_far: cost=2855022.00  viol=5882489.4009  obj=5885344422.87
[Run 14 | FE 2560] best_local_obj=5885344422.87  best_local_cost=2855022.00  best_local_viol=5882489.4009
[Run 14 | Iter 86] iter_best: cost=2302436.48  viol=6056624.5318  obj=6058926968.29 | best_so_far: cost=2855022.00  viol=5882489.4009  obj=5885344422.87
[Run 14 | Iter 87] iter_best: cost=2486631.99  viol=5996917.7401  obj=5999404372.08 | best_so_far: cost=2855022.00  viol=5882489.4009  obj=5885344422.87
[Run 14 | Iter 88] iter_best: cost=2210339.73  viol=6083714.8379  obj=6085925177.59 | best_so_far: cost=2855022.00  viol=5882489.4009  obj=5885344422.87
[Run 14 | Iter 89] iter_best: cost=2670826.83  viol=5951681.2308  obj=5954352057.60 | best_so_far: cost=2855022.00  viol=5882489.4009  obj=5885344422.87
[Run 14 | Iter 90] iter_best: cost=2302437.15  viol=6086253.2379  obj=6088555675.09 | best_so_far: cost=2855022.00  viol=5882489.4009  obj=5885344422.87
[Run 14 | Iter 91] iter_best: cost=2394534.57  viol=6024399.8514  obj=6026794385.94 | best_so_far: cost=2855022.00  viol=5882489.4009  obj=5885344422.87
[Run 14 | Iter 92] iter_best: cost=2302437.15  viol=6066004.0051  obj=6068306442.29 | best_so_far: cost=2855022.00  viol=5882489.4009  obj=5885344422.87
[Run 14 | Iter 93] iter_best: cost=2302436.82  viol=6083245.7690  obj=6085548205.80 | best_so_far: cost=2855022.00  viol=5882489.4009  obj=5885344422.87
[Run 14 | FE 2816] best_local_obj=5885344422.87  best_local_cost=2855022.00  best_local_viol=5882489.4009
[Run 14 | Iter 94] iter_best: cost=2118242.31  viol=6116141.2870  obj=6118259529.28 | best_so_far: cost=2855022.00  viol=5882489.4009  obj=5885344422.87
[Run 14 | Iter 95] iter_best: cost=2486631.32  viol=5996094.8196  obj=5998581450.92 | best_so_far: cost=2855022.00  viol=5882489.4009  obj=5885344422.87
[Run 14 | Iter 96] iter_best: cost=2394534.90  viol=6038122.9339  obj=6040517468.84 | best_so_far: cost=2855022.00  viol=5882489.4009  obj=5885344422.87
[Run 14 | Iter 97] iter_best: cost=2118241.98  viol=6107286.9832  obj=6109405225.15 | best_so_far: cost=2855022.00  viol=5882489.4009  obj=5885344422.87
[Run 14 | Iter 98] iter_best: cost=2486631.65  viol=6023442.1624  obj=6025928794.02 | best_so_far: cost=2855022.00  viol=5882489.4009  obj=5885344422.87
[Run 14 | Iter 99] iter_best: cost=2394534.57  viol=6013193.5704  obj=6015588104.95 | best_so_far: cost=2855022.00  viol=5882489.4009  obj=5885344422.87
[Run 14 | Iter 100] iter_best: cost=2118241.31  viol=6130089.4135  obj=6132207654.79 | best_so_far: cost=2855022.00  viol=5882489.4009  obj=5885344422.87
[Run 14 | Iter 101] iter_best: cost=2210339.73  viol=6099418.2459  obj=6101628585.65 | best_so_far: cost=2855022.00  viol=5882489.4009  obj=5885344422.87
[Run 14 | Iter 102] iter_best: cost=2210338.73  viol=6085453.3679  obj=6087663706.64 | best_so_far: cost=2855022.00  viol=5882489.4009  obj=5885344422.87
[Run 14 | FE 3072] best_local_obj=5885344422.87  best_local_cost=2855022.00  best_local_viol=5882489.4009
[Run 14 | Iter 103] iter_best: cost=2394534.57  viol=6032948.0736  obj=6035342608.18 | best_so_far: cost=2855022.00  viol=5882489.4009  obj=5885344422.87
[Run 14 | Iter 104] iter_best: cost=2302436.48  viol=6068633.1343  obj=6070935570.83 | best_so_far: cost=2855022.00  viol=5882489.4009  obj=5885344422.87
[Run 14 | Iter 105] iter_best: cost=2118241.98  viol=6168593.1218  obj=6170711363.83 | best_so_far: cost=2855022.00  viol=5882489.4009  obj=5885344422.87
[Run 14 | Iter 106] iter_best: cost=2026144.56  viol=6160499.6460  obj=6162525790.60 | best_so_far: cost=2855022.00  viol=5882489.4009  obj=5885344422.87
[Run 14 | Iter 107] iter_best: cost=2302436.82  viol=6049531.7326  obj=6051834169.40 | best_so_far: cost=2855022.00  viol=5882489.4009  obj=5885344422.87
[Run 14 | Iter 108] iter_best: cost=2394534.24  viol=6046126.2884  obj=6048520822.64 | best_so_far: cost=2855022.00  viol=5882489.4009  obj=5885344422.87
[Run 14 | Iter 109] iter_best: cost=2210339.40  viol=6108717.2646  obj=6110927604.02 | best_so_far: cost=2855022.00  viol=5882489.4009  obj=5885344422.87
[Run 14 | Iter 110] iter_best: cost=2118241.31  viol=6143049.3943  obj=6145167635.59 | best_so_far: cost=2855022.00  viol=5882489.4009  obj=5885344422.87
[Run 14 | FE 3328] best_local_obj=5885344422.87  best_local_cost=2855022.00  best_local_viol=5882489.4009
[Run 14 | Iter 111] iter_best: cost=2118242.65  viol=6124043.1783  obj=6126161420.91 | best_so_far: cost=2855022.00  viol=5882489.4009  obj=5885344422.87
[Run 14 | Iter 112] iter_best: cost=2578729.74  viol=5972675.2129  obj=5975253942.62 | best_so_far: cost=2855022.00  viol=5882489.4009  obj=5885344422.87
[Run 14 | Iter 113] iter_best: cost=2210339.06  viol=6110397.1421  obj=6112607481.15 | best_so_far: cost=2855022.00  viol=5882489.4009  obj=5885344422.87
[Run 14 | Iter 114] iter_best: cost=2762924.25  viol=5912701.5963  obj=5915464520.59 | best_so_far: cost=2855022.00  viol=5882489.4009  obj=5885344422.87
[Run 14 | Iter 115] iter_best: cost=2578730.41  viol=5955598.9025  obj=5958177632.94 | best_so_far: cost=2855022.00  viol=5882489.4009  obj=5885344422.87
[Run 14 | Iter 116] iter_best: cost=2118241.98  viol=6142059.2848  obj=6144177526.74 | best_so_far: cost=2855022.00  viol=5882489.4009  obj=5885344422.87
[Run 14 | Iter 117] iter_best: cost=2394534.24  viol=6038954.3877  obj=6041348921.91 | best_so_far: cost=2855022.00  viol=5882489.4009  obj=5885344422.87
[Run 14 | Iter 118] iter_best: cost=2486630.65  viol=6001218.3348  obj=6003704965.49 | best_so_far: cost=2855022.00  viol=5882489.4009  obj=5885344422.87
[Run 14 | Iter 119] iter_best: cost=2210340.07  viol=6078524.0436  obj=6080734383.68 | best_so_far: cost=2855022.00  viol=5882489.4009  obj=5885344422.87
[Run 14 | FE 3584] best_local_obj=5885344422.87  best_local_cost=2855022.00  best_local_viol=5882489.4009
[Run 14 | Iter 120] iter_best: cost=2118241.64  viol=6137862.3875  obj=6139980629.10 | best_so_far: cost=2855022.00  viol=5882489.4009  obj=5885344422.87
[Run 14 | Iter 121] iter_best: cost=2302436.82  viol=6075836.6445  obj=6078139081.34 | best_so_far: cost=2855022.00  viol=5882489.4009  obj=5885344422.87
[Run 14 | Iter 122] iter_best: cost=2026144.56  viol=6145965.4420  obj=6147991586.60 | best_so_far: cost=2855022.00  viol=5882489.4009  obj=5885344422.87
[Run 14 | Iter 123] iter_best: cost=2578729.41  viol=5988489.4850  obj=5991068214.43 | best_so_far: cost=2855022.00  viol=5882489.4009  obj=5885344422.87
[Run 14 | Iter 124] iter_best: cost=2394534.57  viol=6039006.0177  obj=6041400552.27 | best_so_far: cost=2855022.00  viol=5882489.4009  obj=5885344422.87
[Run 14 | Iter 125] iter_best: cost=2118241.98  viol=6108048.9143  obj=6110167156.26 | best_so_far: cost=2855022.00  viol=5882489.4009  obj=5885344422.87
[Run 14 | Iter 126] iter_best: cost=2578729.74  viol=5970907.9653  obj=5973486695.05 | best_so_far: cost=2855022.00  viol=5882489.4009  obj=5885344422.87
[Run 14 | Iter 127] iter_best: cost=2302436.48  viol=6092073.8589  obj=6094376295.41 | best_so_far: cost=2855022.00  viol=5882489.4009  obj=5885344422.87
[Run 14 | FE 3840] best_local_obj=5885344422.87  best_local_cost=2855022.00  best_local_viol=5882489.4009
[Run 14 | Iter 128] iter_best: cost=2302436.82  viol=6090803.7747  obj=6093106211.49 | best_so_far: cost=2855022.00  viol=5882489.4009  obj=5885344422.87
[Run 14 | Iter 129] iter_best: cost=2118241.64  viol=6114553.2720  obj=6116671513.61 | best_so_far: cost=2855022.00  viol=5882489.4009  obj=5885344422.87
[Run 14 | Iter 130] iter_best: cost=2118241.98  viol=6147000.1504  obj=6149118392.36 | best_so_far: cost=2855022.00  viol=5882489.4009  obj=5885344422.87
[Run 14 | Iter 131] iter_best: cost=2118240.98  viol=6108395.7962  obj=6110514037.21 | best_so_far: cost=2855022.00  viol=5882489.4009  obj=5885344422.87
[Run 14 | Iter 132] iter_best: cost=2578729.41  viol=5994827.2156  obj=5997405945.04 | best_so_far: cost=2855022.00  viol=5882489.4009  obj=5885344422.87
[Run 14 | Iter 133] iter_best: cost=2210339.06  viol=6085003.9781  obj=6087214317.15 | best_so_far: cost=2855022.00  viol=5882489.4009  obj=5885344422.87
[Run 14 | Iter 134] iter_best: cost=2394533.90  viol=6032230.8325  obj=6034625366.44 | best_so_far: cost=2855022.00  viol=5882489.4009  obj=5885344422.87
[Run 14 | Iter 135] iter_best: cost=2578729.74  viol=5976759.7685  obj=5979338498.26 | best_so_far: cost=2855022.00  viol=5882489.4009  obj=5885344422.87
[Run 14 | Iter 136] iter_best: cost=2210339.06  viol=6092213.6061  obj=6094423945.13 | best_so_far: cost=2855022.00  viol=5882489.4009  obj=5885344422.87
[Run 14 | FE 4096] best_local_obj=5885344422.87  best_local_cost=2855022.00  best_local_viol=5882489.4009
[Run 14 | Iter 137] iter_best: cost=2394533.90  viol=6034136.3272  obj=6036530861.12 | best_so_far: cost=2855022.00  viol=5882489.4009  obj=5885344422.87
[Run 14 | Iter 138] iter_best: cost=2486631.99  viol=6003177.3100  obj=6005663942.03 | best_so_far: cost=2855022.00  viol=5882489.4009  obj=5885344422.87
[Run 14 | Iter 139] iter_best: cost=2026144.22  viol=6164464.3362  obj=6166490480.46 | best_so_far: cost=2855022.00  viol=5882489.4009  obj=5885344422.87
[Run 14 | Iter 140] iter_best: cost=2578729.07  viol=6017668.8385  obj=6020247567.58 | best_so_far: cost=2855022.00  viol=5882489.4009  obj=5885344422.87
[Run 14 | Iter 141] iter_best: cost=2210339.40  viol=6086940.1746  obj=6089150513.95 | best_so_far: cost=2855022.00  viol=5882489.4009  obj=5885344422.87
[Run 14 | Iter 142] iter_best: cost=2118241.64  viol=6121394.4632  obj=6123512704.81 | best_so_far: cost=2855022.00  viol=5882489.4009  obj=5885344422.87
[Run 14 | Iter 143] iter_best: cost=2210339.73  viol=6082135.4736  obj=6084345813.30 | best_so_far: cost=2855022.00  viol=5882489.4009  obj=5885344422.87
[Run 14 | Iter 144] iter_best: cost=2210338.73  viol=6127728.5164  obj=6129938855.15 | best_so_far: cost=2855022.00  viol=5882489.4009  obj=5885344422.87
[Run 14 | Iter 145] iter_best: cost=2210339.73  viol=6105098.7066  obj=6107309046.38 | best_so_far: cost=2855022.00  viol=5882489.4009  obj=5885344422.87
[Run 14 | FE 4352] best_local_obj=5885344422.87  best_local_cost=2855022.00  best_local_viol=5882489.4009
[Run 14 | Iter 146] iter_best: cost=2670827.16  viol=5954530.0503  obj=5957200877.50 | best_so_far: cost=2855022.00  viol=5882489.4009  obj=5885344422.87
[Run 14 | Iter 147] iter_best: cost=2302437.48  viol=6065138.9869  obj=6067441424.38 | best_so_far: cost=2855022.00  viol=5882489.4009  obj=5885344422.87
[Run 14 | Iter 148] iter_best: cost=2394534.57  viol=6056261.9265  obj=6058656461.07 | best_so_far: cost=2855022.00  viol=5882489.4009  obj=5885344422.87
[Run 14 | Iter 149] iter_best: cost=2118241.31  viol=6126184.9838  obj=6128303225.12 | best_so_far: cost=2855022.00  viol=5882489.4009  obj=5885344422.87
[Run 14 | Iter 150] iter_best: cost=2118242.31  viol=6115908.9874  obj=6118027229.73 | best_so_far: cost=2855022.00  viol=5882489.4009  obj=5885344422.87
[Run 14 | Iter 151] iter_best: cost=2578729.41  viol=6017077.0678  obj=6019655797.23 | best_so_far: cost=2855022.00  viol=5882489.4009  obj=5885344422.87
[Run 14 | Iter 152] iter_best: cost=2026144.56  viol=6178337.1613  obj=6180363305.90 | best_so_far: cost=2855022.00  viol=5882489.4009  obj=5885344422.87
[Run 14 | Iter 153] iter_best: cost=2486632.99  viol=5999503.1921  obj=6001989825.09 | best_so_far: cost=2855022.00  viol=5882489.4009  obj=5885344422.87
[Run 14 | FE 4608] best_local_obj=5885344422.87  best_local_cost=2855022.00  best_local_viol=5882489.4009
[Run 14 | Iter 154] iter_best: cost=2486631.65  viol=5987618.5209  obj=5990105152.58 | best_so_far: cost=2855022.00  viol=5882489.4009  obj=5885344422.87
[Run 14 | Iter 155] iter_best: cost=2210339.73  viol=6101650.3618  obj=6103860701.56 | best_so_far: cost=2855022.00  viol=5882489.4009  obj=5885344422.87
[Run 14 | Iter 156] iter_best: cost=2118242.31  viol=6120775.6402  obj=6122893882.46 | best_so_far: cost=2855022.00  viol=5882489.4009  obj=5885344422.87
[Run 14 | Iter 157] iter_best: cost=2394534.24  viol=6046329.9578  obj=6048724492.05 | best_so_far: cost=2855022.00  viol=5882489.4009  obj=5885344422.87
[Run 14 | Iter 158] iter_best: cost=2302436.82  viol=6050373.8691  obj=6052676305.94 | best_so_far: cost=2855022.00  viol=5882489.4009  obj=5885344422.87
[Run 14 | Iter 159] iter_best: cost=2210339.73  viol=6091087.8439  obj=6093298183.59 | best_so_far: cost=2855022.00  viol=5882489.4009  obj=5885344422.87
[Run 14 | Iter 160] iter_best: cost=2118240.98  viol=6143328.7758  obj=6145447016.78 | best_so_far: cost=2855022.00  viol=5882489.4009  obj=5885344422.87
[Run 14 | Iter 161] iter_best: cost=2394535.24  viol=6033942.1167  obj=6036336651.97 | best_so_far: cost=2855022.00  viol=5882489.4009  obj=5885344422.87
[Run 14 | Iter 162] iter_best: cost=2947120.09  viol=5884157.2250  obj=5887104345.08 | best_so_far: cost=2855022.00  viol=5882489.4009  obj=5885344422.87
[Run 14 | FE 4864] best_local_obj=5885344422.87  best_local_cost=2855022.00  best_local_viol=5882489.4009
[Run 14 | Iter 163] iter_best: cost=1934046.47  viol=6168568.0373  obj=6170502083.77 | best_so_far: cost=2855022.00  viol=5882489.4009  obj=5885344422.87
[Run 14 | Iter 164] iter_best: cost=2486631.65  viol=6040761.1599  obj=6043247791.54 | best_so_far: cost=2855022.00  viol=5882489.4009  obj=5885344422.87
[Run 14 | Iter 165] iter_best: cost=2578728.74  viol=5959288.6907  obj=5961867419.44 | best_so_far: cost=2855022.00  viol=5882489.4009  obj=5885344422.87
[Run 14 | Iter 166] iter_best: cost=2302437.15  viol=6054086.9153  obj=6056389352.41 | best_so_far: cost=2855022.00  viol=5882489.4009  obj=5885344422.87
[Run 14 | Iter 167] iter_best: cost=2118241.98  viol=6131937.7605  obj=6134056002.46 | best_so_far: cost=2855022.00  viol=5882489.4009  obj=5885344422.87
[Run 14 | Iter 168] iter_best: cost=2394534.90  viol=6069260.2691  obj=6071654803.96 | best_so_far: cost=2855022.00  viol=5882489.4009  obj=5885344422.87
[Run 14 | Iter 169] iter_best: cost=2026145.23  viol=6141793.1500  obj=6143819295.23 | best_so_far: cost=2855022.00  viol=5882489.4009  obj=5885344422.87
[Run 14 | Iter 170] iter_best: cost=2210339.06  viol=6085954.4399  obj=6088164778.95 | best_so_far: cost=2855022.00  viol=5882489.4009  obj=5885344422.87
[Run 14 | FE 5120] best_local_obj=5885344422.87  best_local_cost=2855022.00  best_local_viol=5882489.4009
[Run 14 | Iter 171] iter_best: cost=2302436.48  viol=6051072.5272  obj=6053374963.71 | best_so_far: cost=2855022.00  viol=5882489.4009  obj=5885344422.87
[Run 14 | Iter 172] iter_best: cost=2118241.64  viol=6150201.9840  obj=6152320225.60 | best_so_far: cost=2855022.00  viol=5882489.4009  obj=5885344422.87
[Run 14 | Iter 173] iter_best: cost=2486631.65  viol=6050353.4170  obj=6052840048.70 | best_so_far: cost=2855022.00  viol=5882489.4009  obj=5885344422.87
[Run 14 | Iter 174] iter_best: cost=2026144.56  viol=6148511.4174  obj=6150537561.95 | best_so_far: cost=2855022.00  viol=5882489.4009  obj=5885344422.87
[Run 14 | Iter 175] iter_best: cost=2578729.74  viol=5985357.7806  obj=5987936510.39 | best_so_far: cost=2855022.00  viol=5882489.4009  obj=5885344422.87
[Run 14 | Iter 176] iter_best: cost=2302436.48  viol=6074500.4171  obj=6076802853.57 | best_so_far: cost=2855022.00  viol=5882489.4009  obj=5885344422.87
[Run 14 | Iter 177] iter_best: cost=2486631.65  viol=6001455.7599  obj=6003942391.59 | best_so_far: cost=2855022.00  viol=5882489.4009  obj=5885344422.87
[Run 14 | Iter 178] iter_best: cost=2486631.99  viol=5994014.9659  obj=5996501597.93 | best_so_far: cost=2855022.00  viol=5882489.4009  obj=5885344422.87
[Run 14 | Iter 179] iter_best: cost=2302437.15  viol=6086189.0282  obj=6088491465.34 | best_so_far: cost=2855022.00  viol=5882489.4009  obj=5885344422.87
[Run 14 | FE 5376] best_local_obj=5885344422.87  best_local_cost=2855022.00  best_local_viol=5882489.4009
[Run 14 | Iter 180] iter_best: cost=2302436.82  viol=6069301.4968  obj=6071603933.65 | best_so_far: cost=2855022.00  viol=5882489.4009  obj=5885344422.87
[Run 14 | Iter 181] iter_best: cost=2486632.66  viol=6026071.5920  obj=6028558224.70 | best_so_far: cost=2855022.00  viol=5882489.4009  obj=5885344422.87
[Run 14 | Iter 182] iter_best: cost=2210339.06  viol=6092419.8447  obj=6094630183.72 | best_so_far: cost=2855022.00  viol=5882489.4009  obj=5885344422.87
[Run 14 | Iter 183] iter_best: cost=2210339.40  viol=6090348.9699  obj=6092559309.33 | best_so_far: cost=2855022.00  viol=5882489.4009  obj=5885344422.87
[Run 14 | Iter 184] iter_best: cost=2118242.31  viol=6112658.1388  obj=6114776381.14 | best_so_far: cost=2855022.00  viol=5882489.4009  obj=5885344422.87
[Run 14 | Iter 185] iter_best: cost=2486631.99  viol=6001368.2670  obj=6003854899.00 | best_so_far: cost=2855022.00  viol=5882489.4009  obj=5885344422.87
[Run 14 | Iter 186] iter_best: cost=2302437.15  viol=6060672.7465  obj=6062975183.69 | best_so_far: cost=2855022.00  viol=5882489.4009  obj=5885344422.87
[Run 14 | Iter 187] iter_best: cost=2486631.32  viol=6005306.9372  obj=6007793568.52 | best_so_far: cost=2855022.00  viol=5882489.4009  obj=5885344422.87
[Run 14 | FE 5632] best_local_obj=5885344422.87  best_local_cost=2855022.00  best_local_viol=5882489.4009
[Run 14 | Iter 188] iter_best: cost=2210339.73  viol=6098476.7172  obj=6100687056.91 | best_so_far: cost=2855022.00  viol=5882489.4009  obj=5885344422.87
[Run 14 | Iter 189] iter_best: cost=2026144.22  viol=6144387.4286  obj=6146413572.82 | best_so_far: cost=2855022.00  viol=5882489.4009  obj=5885344422.87
[Run 14 | Iter 190] iter_best: cost=2394534.57  viol=6027908.2225  obj=6030302757.08 | best_so_far: cost=2855022.00  viol=5882489.4009  obj=5885344422.87
[Run 14 | Iter 191] iter_best: cost=2118241.98  viol=6107848.1039  obj=6109966345.88 | best_so_far: cost=2855022.00  viol=5882489.4009  obj=5885344422.87
[Run 14 | Iter 192] iter_best: cost=2394534.90  viol=6025393.9203  obj=6027788455.21 | best_so_far: cost=2855022.00  viol=5882489.4009  obj=5885344422.87
[Run 14 | Iter 193] iter_best: cost=2302436.48  viol=6056486.9317  obj=6058789368.17 | best_so_far: cost=2855022.00  viol=5882489.4009  obj=5885344422.87
[Run 14 | Iter 194] iter_best: cost=2210340.07  viol=6081593.2591  obj=6083803599.17 | best_so_far: cost=2855022.00  viol=5882489.4009  obj=5885344422.87
[Run 14 | Iter 195] iter_best: cost=2486631.32  viol=6005018.9849  obj=6007505616.18 | best_so_far: cost=2855022.00  viol=5882489.4009  obj=5885344422.87
[Run 14 | Iter 196] iter_best: cost=2210339.06  viol=6105684.3923  obj=6107894731.40 | best_so_far: cost=2855022.00  viol=5882489.4009  obj=5885344422.87
[Run 14 | FE 5888] best_local_obj=5885344422.87  best_local_cost=2855022.00  best_local_viol=5882489.4009
[Run 14 | Iter 197] iter_best: cost=2302436.82  viol=6069363.7018  obj=6071666138.64 | best_so_far: cost=2855022.00  viol=5882489.4009  obj=5885344422.87
[Run 14 | Iter 198] iter_best: cost=2486631.65  viol=6025017.4302  obj=6027504061.83 | best_so_far: cost=2855022.00  viol=5882489.4009  obj=5885344422.87
[Run 14 | Iter 199] iter_best: cost=2578729.41  viol=5965724.4084  obj=5968303137.80 | best_so_far: cost=2855022.00  viol=5882489.4009  obj=5885344422.87
[Run 14 | Iter 200] iter_best: cost=2210340.07  viol=6091203.2349  obj=6093413575.00 | best_so_far: cost=2855022.00  viol=5882489.4009  obj=5885344422.87
[Run 14 | Iter 201] iter_best: cost=2302436.82  viol=6055452.7269  obj=6057755163.73 | best_so_far: cost=2855022.00  viol=5882489.4009  obj=5885344422.87
[Run 14 | Iter 202] iter_best: cost=2210339.40  viol=6078428.1234  obj=6080638462.78 | best_so_far: cost=2855022.00  viol=5882489.4009  obj=5885344422.87
[Run 14 | Iter 203] iter_best: cost=2210340.07  viol=6116228.8210  obj=6118439161.08 | best_so_far: cost=2855022.00  viol=5882489.4009  obj=5885344422.87
[Run 14 | Iter 204] iter_best: cost=2855022.00  viol=5893627.0701  obj=5896482092.08 | best_so_far: cost=2855022.00  viol=5882489.4009  obj=5885344422.87
[Run 14 | FE 6144] best_local_obj=5885344422.87  best_local_cost=2855022.00  best_local_viol=5882489.4009
[Run 14 | Iter 205] iter_best: cost=2118241.64  viol=6118245.2827  obj=6120363524.38 | best_so_far: cost=2855022.00  viol=5882489.4009  obj=5885344422.87
[Run 14 | Iter 206] iter_best: cost=2855021.67  viol=5935820.5639  obj=5938675585.58 | best_so_far: cost=2855022.00  viol=5882489.4009  obj=5885344422.87
[Run 14 | Iter 207] iter_best: cost=2302436.15  viol=6076978.0995  obj=6079280535.65 | best_so_far: cost=2855022.00  viol=5882489.4009  obj=5885344422.87
[Run 14 | Iter 208] iter_best: cost=2670826.83  viol=5947121.2439  obj=5949792070.70 | best_so_far: cost=2855022.00  viol=5882489.4009  obj=5885344422.87
[Run 14 | Iter 209] iter_best: cost=2210339.06  viol=6080549.5115  obj=6082759850.54 | best_so_far: cost=2855022.00  viol=5882489.4009  obj=5885344422.87
[Run 14 | Iter 210] iter_best: cost=2394533.90  viol=6046999.3226  obj=6049393856.52 | best_so_far: cost=2855022.00  viol=5882489.4009  obj=5885344422.87
[Run 14 | Iter 211] iter_best: cost=2486631.65  viol=6041510.6028  obj=6043997234.46 | best_so_far: cost=2855022.00  viol=5882489.4009  obj=5885344422.87
[Run 14 | Iter 212] iter_best: cost=2302436.82  viol=6052370.8715  obj=6054673308.35 | best_so_far: cost=2855022.00  viol=5882489.4009  obj=5885344422.87
[Run 14 | Iter 213] iter_best: cost=2302436.15  viol=6070534.5827  obj=6072837018.83 | best_so_far: cost=2855022.00  viol=5882489.4009  obj=5885344422.87
[Run 14 | FE 6400] best_local_obj=5885344422.87  best_local_cost=2855022.00  best_local_viol=5882489.4009
[Run 14 | Iter 214] iter_best: cost=2486632.66  viol=6006341.7077  obj=6008828340.31 | best_so_far: cost=2855022.00  viol=5882489.4009  obj=5885344422.87
[Run 14 | Iter 215] iter_best: cost=2118242.65  viol=6122515.4815  obj=6124633724.15 | best_so_far: cost=2855022.00  viol=5882489.4009  obj=5885344422.87
[Run 14 | Iter 216] iter_best: cost=2670826.16  viol=5964378.2367  obj=5967049062.87 | best_so_far: cost=2855022.00  viol=5882489.4009  obj=5885344422.87
[Run 14 | Iter 217] iter_best: cost=2394534.24  viol=6041615.8227  obj=6044010356.90 | best_so_far: cost=2855022.00  viol=5882489.4009  obj=5885344422.87
[Run 14 | Iter 218] iter_best: cost=2210339.73  viol=6110764.8898  obj=6112975229.52 | best_so_far: cost=2855022.00  viol=5882489.4009  obj=5885344422.87
[Run 14 | Iter 219] iter_best: cost=2762923.24  viol=5921685.3569  obj=5924448280.11 | best_so_far: cost=2855022.00  viol=5882489.4009  obj=5885344422.87
[Run 14 | Iter 220] iter_best: cost=2210339.73  viol=6104752.8722  obj=6106963211.94 | best_so_far: cost=2855022.00  viol=5882489.4009  obj=5885344422.87
[Run 14 | Iter 221] iter_best: cost=2302436.82  viol=6062756.4423  obj=6065058879.08 | best_so_far: cost=2855022.00  viol=5882489.4009  obj=5885344422.87
[Run 14 | FE 6656] best_local_obj=5885344422.87  best_local_cost=2855022.00  best_local_viol=5882489.4009
[Run 14 | Iter 222] iter_best: cost=2302437.15  viol=6055437.2973  obj=6057739734.47 | best_so_far: cost=2855022.00  viol=5882489.4009  obj=5885344422.87
[Run 14 | Iter 223] iter_best: cost=2670827.16  viol=5999494.5579  obj=6002165385.03 | best_so_far: cost=2855022.00  viol=5882489.4009  obj=5885344422.87
[Run 14 | Iter 224] iter_best: cost=2210338.73  viol=6088619.6741  obj=6090830012.86 | best_so_far: cost=2855022.00  viol=5882489.4009  obj=5885344422.87
[Run 14 | Iter 225] iter_best: cost=2394534.57  viol=6040883.5905  obj=6043278125.10 | best_so_far: cost=2855022.00  viol=5882489.4009  obj=5885344422.87
[Run 14 | Iter 226] iter_best: cost=2118241.64  viol=6128670.7921  obj=6130789033.74 | best_so_far: cost=2855022.00  viol=5882489.4009  obj=5885344422.87
[Run 14 | Iter 227] iter_best: cost=2302437.15  viol=6079293.6377  obj=6081596074.80 | best_so_far: cost=2855022.00  viol=5882489.4009  obj=5885344422.87
[Run 14 | Iter 228] iter_best: cost=2210340.07  viol=6088221.3150  obj=6090431655.06 | best_so_far: cost=2855022.00  viol=5882489.4009  obj=5885344422.87
[Run 14 | Iter 229] iter_best: cost=2394534.24  viol=6047680.6684  obj=6050075202.67 | best_so_far: cost=2855022.00  viol=5882489.4009  obj=5885344422.87
[Run 14 | Iter 230] iter_best: cost=2394534.57  viol=6049059.1257  obj=6051453660.30 | best_so_far: cost=2855022.00  viol=5882489.4009  obj=5885344422.87
[Run 14 | FE 6912] best_local_obj=5885344422.87  best_local_cost=2855022.00  best_local_viol=5882489.4009
[Run 14 | Iter 231] iter_best: cost=2578730.08  viol=5987314.1349  obj=5989892864.98 | best_so_far: cost=2855022.00  viol=5882489.4009  obj=5885344422.87
[Run 14 | Iter 232] iter_best: cost=2394534.90  viol=6061489.4271  obj=6063883961.96 | best_so_far: cost=2855022.00  viol=5882489.4009  obj=5885344422.87
[Run 14 | Iter 233] iter_best: cost=2394534.24  viol=6031065.6073  obj=6033460141.58 | best_so_far: cost=2855022.00  viol=5882489.4009  obj=5885344422.87
[Run 14 | Iter 234] iter_best: cost=2210339.06  viol=6080856.8899  obj=6083067228.98 | best_so_far: cost=2855022.00  viol=5882489.4009  obj=5885344422.87
[Run 14 | Iter 235] iter_best: cost=2578729.41  viol=5977950.2413  obj=5980528970.70 | best_so_far: cost=2855022.00  viol=5882489.4009  obj=5885344422.87
[Run 14 | Iter 236] iter_best: cost=2670827.50  viol=5949541.4368  obj=5952212264.33 | best_so_far: cost=2855022.00  viol=5882489.4009  obj=5885344422.87
[Run 14 | Iter 237] iter_best: cost=2486631.32  viol=6018373.4143  obj=6020860045.66 | best_so_far: cost=2855022.00  viol=5882489.4009  obj=5885344422.87
[Run 14 | Iter 238] iter_best: cost=2118241.98  viol=6116985.5643  obj=6119103806.29 | best_so_far: cost=2855022.00  viol=5882489.4009  obj=5885344422.87
[Run 14 | FE 7168] best_local_obj=5885344422.87  best_local_cost=2855022.00  best_local_viol=5882489.4009
[Run 14 | Iter 239] iter_best: cost=2210339.40  viol=6113077.7208  obj=6115288060.15 | best_so_far: cost=2855022.00  viol=5882489.4009  obj=5885344422.87
[Run 14 | Iter 240] iter_best: cost=2302437.48  viol=6069291.5633  obj=6071594000.79 | best_so_far: cost=2855022.00  viol=5882489.4009  obj=5885344422.87
[Run 14 | Iter 241] iter_best: cost=1934046.81  viol=6171782.9429  obj=6173716989.66 | best_so_far: cost=2855022.00  viol=5882489.4009  obj=5885344422.87
[Run 14 | Iter 242] iter_best: cost=2118241.64  viol=6107848.6774  obj=6109966919.04 | best_so_far: cost=2855022.00  viol=5882489.4009  obj=5885344422.87
[Run 14 | Iter 243] iter_best: cost=2670827.50  viol=5952812.0813  obj=5955482908.81 | best_so_far: cost=2855022.00  viol=5882489.4009  obj=5885344422.87
[Run 14 | Iter 244] iter_best: cost=2118241.98  viol=6148338.4618  obj=6150456703.76 | best_so_far: cost=2855022.00  viol=5882489.4009  obj=5885344422.87
[Run 14 | Iter 245] iter_best: cost=2302436.48  viol=6074424.4859  obj=6076726922.34 | best_so_far: cost=2855022.00  viol=5882489.4009  obj=5885344422.87
[Run 14 | Iter 246] iter_best: cost=2302436.82  viol=6066530.2450  obj=6068832681.79 | best_so_far: cost=2855022.00  viol=5882489.4009  obj=5885344422.87
[Run 14 | Iter 247] iter_best: cost=2670828.16  viol=5980818.4843  obj=5983489312.51 | best_so_far: cost=2855022.00  viol=5882489.4009  obj=5885344422.87
[Run 14 | FE 7424] best_local_obj=5885344422.87  best_local_cost=2855022.00  best_local_viol=5882489.4009
[Run 14 | Iter 248] iter_best: cost=2486632.66  viol=6022061.0264  obj=6024547659.02 | best_so_far: cost=2855022.00  viol=5882489.4009  obj=5885344422.87
[Run 14 | Iter 249] iter_best: cost=2026144.56  viol=6146878.0777  obj=6148904222.21 | best_so_far: cost=2855022.00  viol=5882489.4009  obj=5885344422.87
[Run 14 | Iter 250] iter_best: cost=2670826.16  viol=5933515.3088  obj=5936186134.92 | best_so_far: cost=2855022.00  viol=5882489.4009  obj=5885344422.87
[Run 14 | Iter 251] iter_best: cost=2118241.98  viol=6111078.9067  obj=6113197148.65 | best_so_far: cost=2855022.00  viol=5882489.4009  obj=5885344422.87
[Run 14 | Iter 252] iter_best: cost=2210339.06  viol=6109034.8866  obj=6111245225.67 | best_so_far: cost=2855022.00  viol=5882489.4009  obj=5885344422.87
[Run 14 | Iter 253] iter_best: cost=2210339.40  viol=6111382.3714  obj=6113592710.75 | best_so_far: cost=2855022.00  viol=5882489.4009  obj=5885344422.87
[Run 14 | Iter 254] iter_best: cost=2118241.98  viol=6111344.9550  obj=6113463196.94 | best_so_far: cost=2855022.00  viol=5882489.4009  obj=5885344422.87
[Run 14 | Iter 255] iter_best: cost=2394534.90  viol=6044304.1903  obj=6046698725.24 | best_so_far: cost=2855022.00  viol=5882489.4009  obj=5885344422.87
[Run 14 | FE 7680] best_local_obj=5885344422.87  best_local_cost=2855022.00  best_local_viol=5882489.4009
[Run 14 | Iter 256] iter_best: cost=2486632.32  viol=5985191.3323  obj=5987677964.66 | best_so_far: cost=2855022.00  viol=5882489.4009  obj=5885344422.87
[Run 14 | Iter 257] iter_best: cost=2118241.31  viol=6111976.7178  obj=6114094959.11 | best_so_far: cost=2855022.00  viol=5882489.4009  obj=5885344422.87
[Run 14 | Iter 258] iter_best: cost=2302437.15  viol=6065760.8324  obj=6068063269.54 | best_so_far: cost=2855022.00  viol=5882489.4009  obj=5885344422.87
[Run 14 | Iter 259] iter_best: cost=2394534.24  viol=6040216.6526  obj=6042611186.82 | best_so_far: cost=2855022.00  viol=5882489.4009  obj=5885344422.87
[Run 14 | Iter 260] iter_best: cost=2302436.82  viol=6067537.6822  obj=6069840119.04 | best_so_far: cost=2855022.00  viol=5882489.4009  obj=5885344422.87
[Run 14 | Iter 261] iter_best: cost=2394534.57  viol=6041612.5798  obj=6044007114.33 | best_so_far: cost=2855022.00  viol=5882489.4009  obj=5885344422.87
[Run 14 | Iter 262] iter_best: cost=2302436.82  viol=6112362.3178  obj=6114664754.57 | best_so_far: cost=2855022.00  viol=5882489.4009  obj=5885344422.87
[Run 14 | Iter 263] iter_best: cost=2118241.98  viol=6116629.3255  obj=6118747567.52 | best_so_far: cost=2855022.00  viol=5882489.4009  obj=5885344422.87
[Run 14 | Iter 264] iter_best: cost=2302437.15  viol=6044552.3796  obj=6046854816.77 | best_so_far: cost=2855022.00  viol=5882489.4009  obj=5885344422.87
[Run 14 | FE 7936] best_local_obj=5885344422.87  best_local_cost=2855022.00  best_local_viol=5882489.4009
[Run 14 | Iter 265] iter_best: cost=2394534.57  viol=6020451.9455  obj=6022846480.11 | best_so_far: cost=2855022.00  viol=5882489.4009  obj=5885344422.87
[Run 14 | Iter 266] iter_best: cost=2302436.15  viol=6091682.7564  obj=6093985192.51 | best_so_far: cost=2855022.00  viol=5882489.4009  obj=5885344422.87
[Run 14 | Iter 267] iter_best: cost=2302436.82  viol=6061104.5412  obj=6063406978.04 | best_so_far: cost=2855022.00  viol=5882489.4009  obj=5885344422.87
[Run 14 | Iter 268] iter_best: cost=2762924.25  viol=5929390.5198  obj=5932153444.02 | best_so_far: cost=2855022.00  viol=5882489.4009  obj=5885344422.87
[Run 14 | Iter 269] iter_best: cost=2670826.49  viol=5984132.5480  obj=5986803374.45 | best_so_far: cost=2855022.00  viol=5882489.4009  obj=5885344422.87
[Run 14 | Iter 270] iter_best: cost=2210339.06  viol=6108613.4844  obj=6110823823.42 | best_so_far: cost=2855022.00  viol=5882489.4009  obj=5885344422.87
[Run 14 | Iter 271] iter_best: cost=2302435.81  viol=6051841.6817  obj=6054144117.50 | best_so_far: cost=2855022.00  viol=5882489.4009  obj=5885344422.87
[Run 14 | Iter 272] iter_best: cost=2855022.00  viol=5906366.6110  obj=5909221633.00 | best_so_far: cost=2855022.00  viol=5882489.4009  obj=5885344422.87
[Run 14 | Iter 273] iter_best: cost=2302436.82  viol=6082218.2745  obj=6084520711.34 | best_so_far: cost=2855022.00  viol=5882489.4009  obj=5885344422.87
[Run 14 | FE 8192] best_local_obj=5885344422.87  best_local_cost=2855022.00  best_local_viol=5882489.4009
[Run 14 | Iter 274] iter_best: cost=2394534.57  viol=6040915.3347  obj=6043309869.26 | best_so_far: cost=2855022.00  viol=5882489.4009  obj=5885344422.87
[Run 14 | Iter 275] iter_best: cost=2026144.22  viol=6143308.2224  obj=6145334366.59 | best_so_far: cost=2855022.00  viol=5882489.4009  obj=5885344422.87
[Run 14 | Iter 276] iter_best: cost=2210339.40  viol=6123227.4565  obj=6125437795.89 | best_so_far: cost=2855022.00  viol=5882489.4009  obj=5885344422.87
[Run 14 | Iter 277] iter_best: cost=2210338.73  viol=6091166.3077  obj=6093376646.47 | best_so_far: cost=2855022.00  viol=5882489.4009  obj=5885344422.87
[Run 14 | Iter 278] iter_best: cost=2026144.22  viol=6144091.4848  obj=6146117629.01 | best_so_far: cost=2855022.00  viol=5882489.4009  obj=5885344422.87
[Run 14 | Iter 279] iter_best: cost=2118242.31  viol=6109519.3766  obj=6111637618.94 | best_so_far: cost=2855022.00  viol=5882489.4009  obj=5885344422.87
[Run 14 | Iter 280] iter_best: cost=2578729.07  viol=5989440.3128  obj=5992019041.87 | best_so_far: cost=2855022.00  viol=5882489.4009  obj=5885344422.87
[Run 14 | Iter 281] iter_best: cost=2302437.15  viol=6065216.0637  obj=6067518500.85 | best_so_far: cost=2855022.00  viol=5882489.4009  obj=5885344422.87
[Run 14 | FE 8448] best_local_obj=5885344422.87  best_local_cost=2855022.00  best_local_viol=5882489.4009
[Run 14 | Iter 282] iter_best: cost=2855021.67  viol=5884074.5402  obj=5886929561.86 | best_so_far: cost=2855022.00  viol=5882489.4009  obj=5885344422.87
[Run 14 | Iter 283] iter_best: cost=2302436.15  viol=6068243.8410  obj=6070546277.10 | best_so_far: cost=2855022.00  viol=5882489.4009  obj=5885344422.87
[Run 14 | Iter 284] iter_best: cost=2118241.31  viol=6138318.1508  obj=6140436392.16 | best_so_far: cost=2855022.00  viol=5882489.4009  obj=5885344422.87
[Run 14 | Iter 285] iter_best: cost=2578729.41  viol=5967334.9224  obj=5969913651.86 | best_so_far: cost=2855022.00  viol=5882489.4009  obj=5885344422.87
[Run 14 | Iter 286] iter_best: cost=2026143.89  viol=6151319.9838  obj=6153346127.70 | best_so_far: cost=2855022.00  viol=5882489.4009  obj=5885344422.87
[Run 14 | Iter 287] iter_best: cost=2210339.40  viol=6077585.2892  obj=6079795628.62 | best_so_far: cost=2855022.00  viol=5882489.4009  obj=5885344422.87
[Run 14 | Iter 288] iter_best: cost=2210340.07  viol=6104455.5747  obj=6106665914.72 | best_so_far: cost=2855022.00  viol=5882489.4009  obj=5885344422.87
[Run 14 | Iter 289] iter_best: cost=2118241.98  viol=6122442.8300  obj=6124561071.94 | best_so_far: cost=2855022.00  viol=5882489.4009  obj=5885344422.87
[Run 14 | Iter 290] iter_best: cost=2394534.90  viol=6029194.0664  obj=6031588601.31 | best_so_far: cost=2855022.00  viol=5882489.4009  obj=5885344422.87
[Run 14 | FE 8704] best_local_obj=5885344422.87  best_local_cost=2855022.00  best_local_viol=5882489.4009
[Run 14 | Iter 291] iter_best: cost=2026144.56  viol=6141774.4454  obj=6143800589.97 | best_so_far: cost=2855022.00  viol=5882489.4009  obj=5885344422.87
[Run 14 | Iter 292] iter_best: cost=2578729.41  viol=5970827.2513  obj=5973405980.73 | best_so_far: cost=2855022.00  viol=5882489.4009  obj=5885344422.87
[Run 14 | Iter 293] iter_best: cost=2118241.98  viol=6112498.5618  obj=6114616803.77 | best_so_far: cost=2855022.00  viol=5882489.4009  obj=5885344422.87
[Run 14 | Iter 294] iter_best: cost=2118241.98  viol=6130571.0283  obj=6132689270.25 | best_so_far: cost=2855022.00  viol=5882489.4009  obj=5885344422.87
[Run 14 | Iter 295] iter_best: cost=2670825.82  viol=5976523.7206  obj=5979194546.43 | best_so_far: cost=2855022.00  viol=5882489.4009  obj=5885344422.87
[Run 14 | Iter 296] iter_best: cost=2486632.32  viol=5997621.8313  obj=6000108463.66 | best_so_far: cost=2855022.00  viol=5882489.4009  obj=5885344422.87
[Run 14 | Iter 297] iter_best: cost=2026145.23  viol=6167452.9243  obj=6169479069.52 | best_so_far: cost=2855022.00  viol=5882489.4009  obj=5885344422.87
[Run 14 | Iter 298] iter_best: cost=2486631.32  viol=6011315.3726  obj=6013802003.91 | best_so_far: cost=2855022.00  viol=5882489.4009  obj=5885344422.87
[Run 14 | FE 8960] best_local_obj=5885344422.87  best_local_cost=2855022.00  best_local_viol=5882489.4009
[Run 14 | Iter 299] iter_best: cost=2578729.07  viol=5951869.2214  obj=5954447950.43 | best_so_far: cost=2855022.00  viol=5882489.4009  obj=5885344422.87
[Run 14 | Iter 300] iter_best: cost=2486632.32  viol=6018153.5449  obj=6020640177.27 | best_so_far: cost=2855022.00  viol=5882489.4009  obj=5885344422.87
[Run 14 | Iter 301] iter_best: cost=2210339.40  viol=6084932.9253  obj=6087143264.71 | best_so_far: cost=2855022.00  viol=5882489.4009  obj=5885344422.87
[Run 14 | Iter 302] iter_best: cost=2302437.15  viol=6098586.1674  obj=6100888604.59 | best_so_far: cost=2855022.00  viol=5882489.4009  obj=5885344422.87
[Run 14 | Iter 303] iter_best: cost=2670826.49  viol=5943778.5129  obj=5946449339.42 | best_so_far: cost=2855022.00  viol=5882489.4009  obj=5885344422.87
[Run 14 | Iter 304] iter_best: cost=2670827.50  viol=5959589.8955  obj=5962260722.96 | best_so_far: cost=2855022.00  viol=5882489.4009  obj=5885344422.87
[Run 14 | Iter 305] iter_best: cost=2855022.33  viol=5894533.8633  obj=5897388885.63 | best_so_far: cost=2855022.00  viol=5882489.4009  obj=5885344422.87
[Run 14 | Iter 306] iter_best: cost=2394533.57  viol=6040398.0043  obj=6042792537.86 | best_so_far: cost=2855022.00  viol=5882489.4009  obj=5885344422.87
[Run 14 | Iter 307] iter_best: cost=2302437.15  viol=6069559.7642  obj=6071862201.39 | best_so_far: cost=2855022.00  viol=5882489.4009  obj=5885344422.87
[Run 14 | FE 9216] best_local_obj=5885344422.87  best_local_cost=2855022.00  best_local_viol=5882489.4009
[Run 14 | Iter 308] iter_best: cost=2670827.83  viol=5991797.4696  obj=5994468297.44 | best_so_far: cost=2855022.00  viol=5882489.4009  obj=5885344422.87
[Run 14 | Iter 309] iter_best: cost=2394535.24  viol=6040272.9562  obj=6042667491.43 | best_so_far: cost=2855022.00  viol=5882489.4009  obj=5885344422.87
[Run 14 | Iter 310] iter_best: cost=2394534.57  viol=6040883.3547  obj=6043277889.32 | best_so_far: cost=2855022.00  viol=5882489.4009  obj=5885344422.87
[Run 14 | Iter 311] iter_best: cost=2762925.25  viol=5944980.0893  obj=5947743014.57 | best_so_far: cost=2855022.00  viol=5882489.4009  obj=5885344422.87
[Run 14 | Iter 312] iter_best: cost=2210338.73  viol=6083710.4003  obj=6085920739.03 | best_so_far: cost=2855022.00  viol=5882489.4009  obj=5885344422.87
[Run 14 | Iter 313] iter_best: cost=2670826.49  viol=5931956.5935  obj=5934627420.01 | best_so_far: cost=2855022.00  viol=5882489.4009  obj=5885344422.87
[Run 14 | Iter 314] iter_best: cost=2210339.40  viol=6081534.5359  obj=6083744875.31 | best_so_far: cost=2855022.00  viol=5882489.4009  obj=5885344422.87
[Run 14 | Iter 315] iter_best: cost=2210339.06  viol=6083925.9366  obj=6086136275.62 | best_so_far: cost=2855022.00  viol=5882489.4009  obj=5885344422.87
[Run 14 | FE 9472] best_local_obj=5885344422.87  best_local_cost=2855022.00  best_local_viol=5882489.4009
[Run 14 | Iter 316] iter_best: cost=2118242.31  viol=6112525.6808  obj=6114643923.14 | best_so_far: cost=2855022.00  viol=5882489.4009  obj=5885344422.87
[Run 14 | Iter 317] iter_best: cost=2210339.73  viol=6074396.6864  obj=6076607026.14 | best_so_far: cost=2855022.00  viol=5882489.4009  obj=5885344422.87
[Run 14 | Iter 318] iter_best: cost=2210339.73  viol=6086695.5378  obj=6088905877.58 | best_so_far: cost=2855022.00  viol=5882489.4009  obj=5885344422.87
[Run 14 | Iter 319] iter_best: cost=2210338.73  viol=6095850.5874  obj=6098060926.13 | best_so_far: cost=2855022.00  viol=5882489.4009  obj=5885344422.87
[Run 14 | Iter 320] iter_best: cost=2486631.32  viol=6003067.2002  obj=6005553831.52 | best_so_far: cost=2855022.00  viol=5882489.4009  obj=5885344422.87
[Run 14 | Iter 321] iter_best: cost=2118241.98  viol=6107472.0333  obj=6109590275.31 | best_so_far: cost=2855022.00  viol=5882489.4009  obj=5885344422.87
[Run 14 | Iter 322] iter_best: cost=2302437.15  viol=6051657.9214  obj=6053960358.58 | best_so_far: cost=2855022.00  viol=5882489.4009  obj=5885344422.87
[Run 14 | Iter 323] iter_best: cost=2394533.90  viol=6016244.2150  obj=6018638748.94 | best_so_far: cost=2855022.00  viol=5882489.4009  obj=5885344422.87
[Run 14 | Iter 324] iter_best: cost=2486631.32  viol=6045589.3782  obj=6048076009.50 | best_so_far: cost=2855022.00  viol=5882489.4009  obj=5885344422.87
[Run 14 | FE 9728] best_local_obj=5885344422.87  best_local_cost=2855022.00  best_local_viol=5882489.4009
[Run 14 | Iter 325] iter_best: cost=2210339.06  viol=6096787.7282  obj=6098998067.29 | best_so_far: cost=2855022.00  viol=5882489.4009  obj=5885344422.87
[Run 14 | Iter 326] iter_best: cost=2486631.65  viol=6018009.0860  obj=6020495717.69 | best_so_far: cost=2855022.00  viol=5882489.4009  obj=5885344422.87
[Run 14 | Iter 327] iter_best: cost=2302437.15  viol=6058278.6834  obj=6060581120.52 | best_so_far: cost=2855022.00  viol=5882489.4009  obj=5885344422.87
[Run 14 | Iter 328] iter_best: cost=2302437.15  viol=6070144.1321  obj=6072446569.25 | best_so_far: cost=2855022.00  viol=5882489.4009  obj=5885344422.87
[Run 14 | Iter 329] iter_best: cost=2210339.40  viol=6090043.9566  obj=6092254296.03 | best_so_far: cost=2855022.00  viol=5882489.4009  obj=5885344422.87
[Run 14 | Iter 330] iter_best: cost=2302436.82  viol=6089338.5175  obj=6091640954.30 | best_so_far: cost=2855022.00  viol=5882489.4009  obj=5885344422.87
[Run 14 | Iter 331] iter_best: cost=2026144.22  viol=6144312.9277  obj=6146339071.92 | best_so_far: cost=2855022.00  viol=5882489.4009  obj=5885344422.87
[Run 14 | Iter 332] iter_best: cost=2394534.57  viol=6071153.7471  obj=6073548281.67 | best_so_far: cost=2855022.00  viol=5882489.4009  obj=5885344422.87
[Run 14 | FE 9984] best_local_obj=5885344422.87  best_local_cost=2855022.00  best_local_viol=5882489.4009
[Run 14 | Iter 333] iter_best: cost=2394534.24  viol=6057160.6069  obj=6059555141.16 | best_so_far: cost=2855022.00  viol=5882489.4009  obj=5885344422.87
[Run 14 | Iter 334] iter_best: cost=2394534.57  viol=6039660.8087  obj=6042055343.30 | best_so_far: cost=2855022.00  viol=5882489.4009  obj=5885344422.87
[Run 14 | Iter 335] iter_best: cost=2026144.89  viol=6170638.9270  obj=6172665071.91 | best_so_far: cost=2855022.00  viol=5882489.4009  obj=5885344422.87
[Run 14 | Iter 336] iter_best: cost=2302437.48  viol=6079031.3148  obj=6081333752.24 | best_so_far: cost=2855022.00  viol=5882489.4009  obj=5885344422.87
[Run 14 | Iter 337] iter_best: cost=2394534.24  viol=6016604.5335  obj=6018999067.69 | best_so_far: cost=2855022.00  viol=5882489.4009  obj=5885344422.87
[Run 14 | Iter 338] iter_best: cost=2026144.22  viol=6141843.0725  obj=6143869216.68 | best_so_far: cost=2855022.00  viol=5882489.4009  obj=5885344422.87
[Run 14 | Iter 339] iter_best: cost=2578729.41  viol=5968772.2646  obj=5971350993.99 | best_so_far: cost=2855022.00  viol=5882489.4009  obj=5885344422.87
[Run 14 | Iter 340] iter_best: cost=2394535.24  viol=6063278.0522  obj=6065672587.43 | best_so_far: cost=2855022.00  viol=5882489.4009  obj=5885344422.87
[Run 14 | Iter 341] iter_best: cost=2210339.40  viol=6083002.2393  obj=6085212578.68 | best_so_far: cost=2855022.00  viol=5882489.4009  obj=5885344422.87
[Run 14 | FE 10240] best_local_obj=5885344422.87  best_local_cost=2855022.00  best_local_viol=5882489.4009
[Run 14 | Iter 342] iter_best: cost=2210339.40  viol=6092764.6667  obj=6094975006.09 | best_so_far: cost=2855022.00  viol=5882489.4009  obj=5885344422.87
[Run 14 | Iter 343] iter_best: cost=2302437.82  viol=6080856.9698  obj=6083159407.61 | best_so_far: cost=2855022.00  viol=5882489.4009  obj=5885344422.87
[Run 14 | Iter 344] iter_best: cost=2762924.25  viol=5921964.4608  obj=5924727385.07 | best_so_far: cost=2855022.00  viol=5882489.4009  obj=5885344422.87
[Run 14 | Iter 345] iter_best: cost=2394534.24  viol=6025109.8897  obj=6027504423.97 | best_so_far: cost=2855022.00  viol=5882489.4009  obj=5885344422.87
[Run 14 | Iter 346] iter_best: cost=2118242.31  viol=6135147.7280  obj=6137265970.30 | best_so_far: cost=2855022.00  viol=5882489.4009  obj=5885344422.87
[Run 14 | Iter 347] iter_best: cost=1934046.14  viol=6166231.1420  obj=6168165188.14 | best_so_far: cost=2855022.00  viol=5882489.4009  obj=5885344422.87
[Run 14 | Iter 348] iter_best: cost=2486631.65  viol=5996331.9762  obj=5998818607.85 | best_so_far: cost=2855022.00  viol=5882489.4009  obj=5885344422.87
[Run 14 | Iter 349] iter_best: cost=2118242.31  viol=6104019.8378  obj=6106138080.09 | best_so_far: cost=2855022.00  viol=5882489.4009  obj=5885344422.87
[Run 14 | FE 10496] best_local_obj=5885344422.87  best_local_cost=2855022.00  best_local_viol=5882489.4009
[Run 14 | Iter 350] iter_best: cost=2394534.57  viol=6068355.9712  obj=6070750505.80 | best_so_far: cost=2855022.00  viol=5882489.4009  obj=5885344422.87
[Run 14 | Iter 351] iter_best: cost=2118241.98  viol=6103994.4579  obj=6106112699.92 | best_so_far: cost=2855022.00  viol=5882489.4009  obj=5885344422.87
[Run 14 | Iter 352] iter_best: cost=2026145.23  viol=6174186.4921  obj=6176212637.32 | best_so_far: cost=2855022.00  viol=5882489.4009  obj=5885344422.87
[Run 14 | Iter 353] iter_best: cost=2394534.24  viol=6047418.1859  obj=6049812720.10 | best_so_far: cost=2855022.00  viol=5882489.4009  obj=5885344422.87
[Run 14 | Iter 354] iter_best: cost=2302436.82  viol=6071691.1841  obj=6073993620.94 | best_so_far: cost=2855022.00  viol=5882489.4009  obj=5885344422.87
[Run 14 | Iter 355] iter_best: cost=2486631.65  viol=6025716.9234  obj=6028203555.05 | best_so_far: cost=2855022.00  viol=5882489.4009  obj=5885344422.87
[Run 14 | Iter 356] iter_best: cost=2026144.56  viol=6154105.1040  obj=6156131248.51 | best_so_far: cost=2855022.00  viol=5882489.4009  obj=5885344422.87
[Run 14 | Iter 357] iter_best: cost=2118241.98  viol=6109026.6075  obj=6111144849.50 | best_so_far: cost=2855022.00  viol=5882489.4009  obj=5885344422.87
[Run 14 | Iter 358] iter_best: cost=2302436.82  viol=6083658.3141  obj=6085960750.93 | best_so_far: cost=2855022.00  viol=5882489.4009  obj=5885344422.87
[Run 14 | FE 10752] best_local_obj=5885344422.87  best_local_cost=2855022.00  best_local_viol=5882489.4009
[Run 14 | Iter 359] iter_best: cost=2118241.98  viol=6119902.9808  obj=6122021222.79 | best_so_far: cost=2855022.00  viol=5882489.4009  obj=5885344422.87
[Run 14 | Iter 360] iter_best: cost=2302437.48  viol=6041733.7092  obj=6044036146.66 | best_so_far: cost=2855022.00  viol=5882489.4009  obj=5885344422.87
[Run 14 | Iter 361] iter_best: cost=2210339.40  viol=6080838.1369  obj=6083048476.31 | best_so_far: cost=2855022.00  viol=5882489.4009  obj=5885344422.87
[Run 14 | Iter 362] iter_best: cost=2210339.73  viol=6074470.1244  obj=6076680464.15 | best_so_far: cost=2855022.00  viol=5882489.4009  obj=5885344422.87
[Run 14 | Iter 363] iter_best: cost=2302436.48  viol=6054887.8477  obj=6057190284.21 | best_so_far: cost=2855022.00  viol=5882489.4009  obj=5885344422.87
[Run 14 | Iter 364] iter_best: cost=2118241.64  viol=6153080.6034  obj=6155198845.00 | best_so_far: cost=2855022.00  viol=5882489.4009  obj=5885344422.87
[Run 14 | Iter 365] iter_best: cost=2486631.99  viol=6024890.6407  obj=6027377272.68 | best_so_far: cost=2855022.00  viol=5882489.4009  obj=5885344422.87
[Run 14 | Iter 366] iter_best: cost=2486631.65  viol=5997447.9502  obj=5999934581.81 | best_so_far: cost=2855022.00  viol=5882489.4009  obj=5885344422.87
[Run 14 | FE 11008] best_local_obj=5885344422.87  best_local_cost=2855022.00  best_local_viol=5882489.4009
[Run 14 | Iter 367] iter_best: cost=2302437.15  viol=6062459.5481  obj=6064761985.23 | best_so_far: cost=2855022.00  viol=5882489.4009  obj=5885344422.87
[Run 14 | Iter 368] iter_best: cost=1934047.14  viol=6182589.1188  obj=6184523165.97 | best_so_far: cost=2855022.00  viol=5882489.4009  obj=5885344422.87
[Run 14 | Iter 369] iter_best: cost=2394533.90  viol=6035956.1659  obj=6038350699.75 | best_so_far: cost=2855022.00  viol=5882489.4009  obj=5885344422.87
[Run 14 | Iter 370] iter_best: cost=2394534.24  viol=6025814.7220  obj=6028209256.20 | best_so_far: cost=2855022.00  viol=5882489.4009  obj=5885344422.87
[Run 14 | Iter 371] iter_best: cost=2670826.49  viol=5950071.4143  obj=5952742240.79 | best_so_far: cost=2855022.00  viol=5882489.4009  obj=5885344422.87
[Run 14 | Iter 372] iter_best: cost=2394534.24  viol=6055345.7719  obj=6057740306.12 | best_so_far: cost=2855022.00  viol=5882489.4009  obj=5885344422.87
[Run 14 | Iter 373] iter_best: cost=2210339.06  viol=6070813.0435  obj=6073023382.60 | best_so_far: cost=2855022.00  viol=5882489.4009  obj=5885344422.87
[Run 14 | Iter 374] iter_best: cost=2394534.57  viol=6074834.0546  obj=6077228589.19 | best_so_far: cost=2855022.00  viol=5882489.4009  obj=5885344422.87
[Run 14 | Iter 375] iter_best: cost=2118241.98  viol=6120593.2273  obj=6122711469.31 | best_so_far: cost=2855022.00  viol=5882489.4009  obj=5885344422.87
[Run 14 | FE 11264] best_local_obj=5885344422.87  best_local_cost=2855022.00  best_local_viol=5882489.4009
[Run 14 | Iter 376] iter_best: cost=2210339.06  viol=6104453.6823  obj=6106664021.38 | best_so_far: cost=2855022.00  viol=5882489.4009  obj=5885344422.87
[Run 14 | Iter 377] iter_best: cost=2670826.49  viol=5943137.8682  obj=5945808694.64 | best_so_far: cost=2855022.00  viol=5882489.4009  obj=5885344422.87
[Run 14 | Iter 378] iter_best: cost=2394534.57  viol=6044584.4161  obj=6046978950.70 | best_so_far: cost=2855022.00  viol=5882489.4009  obj=5885344422.87
[Run 14 | Iter 379] iter_best: cost=2210339.73  viol=6100089.5263  obj=6102299866.01 | best_so_far: cost=2855022.00  viol=5882489.4009  obj=5885344422.87
[Run 14 | Iter 380] iter_best: cost=2210339.40  viol=6109902.1233  obj=6112112462.73 | best_so_far: cost=2855022.00  viol=5882489.4009  obj=5885344422.87
[Run 14 | Iter 381] iter_best: cost=2302437.48  viol=6062970.7906  obj=6065273228.06 | best_so_far: cost=2855022.00  viol=5882489.4009  obj=5885344422.87
[Run 14 | Iter 382] iter_best: cost=2118242.31  viol=6109660.6621  obj=6111778904.40 | best_so_far: cost=2855022.00  viol=5882489.4009  obj=5885344422.87
[Run 14 | Iter 383] iter_best: cost=1934046.81  viol=6179585.9253  obj=6181519972.13 | best_so_far: cost=2855022.00  viol=5882489.4009  obj=5885344422.87
[Run 14 | FE 11520] best_local_obj=5885344422.87  best_local_cost=2855022.00  best_local_viol=5882489.4009
[Run 14 | Iter 384] iter_best: cost=2118241.64  viol=6129859.7562  obj=6131977997.82 | best_so_far: cost=2855022.00  viol=5882489.4009  obj=5885344422.87
[Run 14 | Iter 385] iter_best: cost=2486631.65  viol=6009404.3608  obj=6011890992.42 | best_so_far: cost=2855022.00  viol=5882489.4009  obj=5885344422.87
[Run 14 | Iter 386] iter_best: cost=2670827.16  viol=5946479.9986  obj=5949150825.72 | best_so_far: cost=2855022.00  viol=5882489.4009  obj=5885344422.87
[Run 14 | Iter 387] iter_best: cost=2026144.89  viol=6154861.4026  obj=6156887547.51 | best_so_far: cost=2855022.00  viol=5882489.4009  obj=5885344422.87
[Run 14 | Iter 388] iter_best: cost=2118242.31  viol=6122397.4642  obj=6124515706.55 | best_so_far: cost=2855022.00  viol=5882489.4009  obj=5885344422.87
[Run 14 | Iter 389] iter_best: cost=2486631.99  viol=6002093.5380  obj=6004580170.01 | best_so_far: cost=2855022.00  viol=5882489.4009  obj=5885344422.87
[Run 14 | Iter 390] iter_best: cost=2486632.32  viol=6014389.5476  obj=6016876179.92 | best_so_far: cost=2855022.00  viol=5882489.4009  obj=5885344422.87
[Run 14 | Iter 391] iter_best: cost=2302436.82  viol=6047051.5428  obj=6049353979.58 | best_so_far: cost=2855022.00  viol=5882489.4009  obj=5885344422.87
[Run 14 | Iter 392] iter_best: cost=2302436.48  viol=6060716.9295  obj=6063019366.01 | best_so_far: cost=2855022.00  viol=5882489.4009  obj=5885344422.87
[Run 14 | FE 11776] best_local_obj=5885344422.87  best_local_cost=2855022.00  best_local_viol=5882489.4009
[Run 14 | Iter 393] iter_best: cost=2302436.48  viol=6060476.5742  obj=6062779010.70 | best_so_far: cost=2855022.00  viol=5882489.4009  obj=5885344422.87
[Run 14 | Iter 394] iter_best: cost=2394534.90  viol=6081528.6489  obj=6083923183.77 | best_so_far: cost=2855022.00  viol=5882489.4009  obj=5885344422.87
[Run 14 | Iter 395] iter_best: cost=2302436.82  viol=6065881.6526  obj=6068184089.44 | best_so_far: cost=2855022.00  viol=5882489.4009  obj=5885344422.87
[Run 14 | Iter 396] iter_best: cost=2210339.73  viol=6095748.5838  obj=6097958923.57 | best_so_far: cost=2855022.00  viol=5882489.4009  obj=5885344422.87
[Run 14 | Iter 397] iter_best: cost=2394534.57  viol=6014147.6795  obj=6016542214.11 | best_so_far: cost=2855022.00  viol=5882489.4009  obj=5885344422.87
[Run 14 | Iter 398] iter_best: cost=2394533.90  viol=6016978.8668  obj=6019373400.69 | best_so_far: cost=2855022.00  viol=5882489.4009  obj=5885344422.87
[Run 14 | Iter 399] iter_best: cost=2302437.15  viol=6064273.0783  obj=6066575515.44 | best_so_far: cost=2855022.00  viol=5882489.4009  obj=5885344422.87
[Run 14 | Iter 400] iter_best: cost=2302437.48  viol=6071742.1947  obj=6074044632.16 | best_so_far: cost=2855022.00  viol=5882489.4009  obj=5885344422.87
[Run 14 | Iter 401] iter_best: cost=2302437.15  viol=6051576.0418  obj=6053878478.95 | best_so_far: cost=2855022.00  viol=5882489.4009  obj=5885344422.87
[Run 14 | FE 12032] best_local_obj=5885344422.87  best_local_cost=2855022.00  best_local_viol=5882489.4009
[Run 14 | Iter 402] iter_best: cost=2210339.06  viol=6096999.4974  obj=6099209836.44 | best_so_far: cost=2855022.00  viol=5882489.4009  obj=5885344422.87
[Run 14 | Iter 403] iter_best: cost=1934047.47  viol=6174953.1279  obj=6176887175.33 | best_so_far: cost=2855022.00  viol=5882489.4009  obj=5885344422.87
[Run 14 | Iter 404] iter_best: cost=2762924.58  viol=5981709.6324  obj=5984472557.02 | best_so_far: cost=2855022.00  viol=5882489.4009  obj=5885344422.87
[Run 14 | Iter 405] iter_best: cost=2118241.98  viol=6106102.9637  obj=6108221205.70 | best_so_far: cost=2855022.00  viol=5882489.4009  obj=5885344422.87
[Run 14 | Iter 406] iter_best: cost=2486631.65  viol=5989741.8331  obj=5992228464.79 | best_so_far: cost=2855022.00  viol=5882489.4009  obj=5885344422.87
[Run 14 | Iter 407] iter_best: cost=2855022.33  viol=5906022.3679  obj=5908877390.20 | best_so_far: cost=2855022.00  viol=5882489.4009  obj=5885344422.87
[Run 14 | Iter 408] iter_best: cost=2210338.39  viol=6072895.1315  obj=6075105469.91 | best_so_far: cost=2855022.00  viol=5882489.4009  obj=5885344422.87
[Run 14 | Iter 409] iter_best: cost=2210339.40  viol=6075836.3707  obj=6078046710.14 | best_so_far: cost=2855022.00  viol=5882489.4009  obj=5885344422.87
[Run 14 | FE 12288] best_local_obj=5885344422.87  best_local_cost=2855022.00  best_local_viol=5882489.4009
[Run 14 | Iter 410] iter_best: cost=2302436.15  viol=6060570.6211  obj=6062873057.22 | best_so_far: cost=2855022.00  viol=5882489.4009  obj=5885344422.87
[Run 14 | Iter 411] iter_best: cost=2302437.48  viol=6057169.9612  obj=6059472398.69 | best_so_far: cost=2855022.00  viol=5882489.4009  obj=5885344422.87
[Run 14 | Iter 412] iter_best: cost=2210339.40  viol=6101452.0519  obj=6103662391.29 | best_so_far: cost=2855022.00  viol=5882489.4009  obj=5885344422.87
[Run 14 | Iter 413] iter_best: cost=2118241.64  viol=6122416.9806  obj=6124535222.29 | best_so_far: cost=2855022.00  viol=5882489.4009  obj=5885344422.87
[Run 14 | Iter 414] iter_best: cost=2394534.24  viol=6037027.9824  obj=6039422516.66 | best_so_far: cost=2855022.00  viol=5882489.4009  obj=5885344422.87
[Run 14 | Iter 415] iter_best: cost=2947119.75  viol=5854225.1598  obj=5857172279.55 | best_so_far: cost=2947119.75  viol=5854225.1598  obj=5857172279.55
[Run 14 | Iter 416] iter_best: cost=2670827.16  viol=5957677.1893  obj=5960348016.42 | best_so_far: cost=2947119.75  viol=5854225.1598  obj=5857172279.55
[Run 14 | Iter 417] iter_best: cost=2026144.56  viol=6150364.7435  obj=6152390888.06 | best_so_far: cost=2947119.75  viol=5854225.1598  obj=5857172279.55
[Run 14 | Iter 418] iter_best: cost=2210339.06  viol=6085325.5009  obj=6087535839.95 | best_so_far: cost=2947119.75  viol=5854225.1598  obj=5857172279.55
[Run 14 | FE 12544] best_local_obj=5857172279.55  best_local_cost=2947119.75  best_local_viol=5854225.1598
[Run 14 | Iter 419] iter_best: cost=2486631.99  viol=6010435.5745  obj=6012922206.50 | best_so_far: cost=2947119.75  viol=5854225.1598  obj=5857172279.55
[Run 14 | Iter 420] iter_best: cost=2302436.48  viol=6059146.1334  obj=6061448569.86 | best_so_far: cost=2947119.75  viol=5854225.1598  obj=5857172279.55
[Run 14 | Iter 421] iter_best: cost=1934046.47  viol=6165028.1263  obj=6166962172.77 | best_so_far: cost=2947119.75  viol=5854225.1598  obj=5857172279.55
[Run 14 | Iter 422] iter_best: cost=2210339.40  viol=6087335.1967  obj=6089545536.08 | best_so_far: cost=2947119.75  viol=5854225.1598  obj=5857172279.55
[Run 14 | Iter 423] iter_best: cost=2026144.22  viol=6134304.6635  obj=6136330807.77 | best_so_far: cost=2947119.75  viol=5854225.1598  obj=5857172279.55
[Run 14 | Iter 424] iter_best: cost=2026143.89  viol=6138015.4444  obj=6140041588.31 | best_so_far: cost=2947119.75  viol=5854225.1598  obj=5857172279.55
[Run 14 | Iter 425] iter_best: cost=2486631.65  viol=5994662.4479  obj=5997149079.60 | best_so_far: cost=2947119.75  viol=5854225.1598  obj=5857172279.55
[Run 14 | Iter 426] iter_best: cost=2118241.64  viol=6134827.6916  obj=6136945933.29 | best_so_far: cost=2947119.75  viol=5854225.1598  obj=5857172279.55
[Run 14 | FE 12800] best_local_obj=5857172279.55  best_local_cost=2947119.75  best_local_viol=5854225.1598
[Run 14 | Iter 427] iter_best: cost=2118241.98  viol=6112463.8803  obj=6114582122.27 | best_so_far: cost=2947119.75  viol=5854225.1598  obj=5857172279.55

[Stop] reached max_total_fe=12800.

[Run 14] best_global_cost=2947119.7534, best_global_viol=5854225.159798, best_global_obj=5857172279.5511
[Done] summary=/work/home/acn1eb8nfq/yuezhang46/GFcode/GF实验一：横向对比/aco_global_logs/run_14_seed_1014/runs_summary.csv
