[RunConfig] run_id=10 seed=1010
[OutputDir] /work/home/acn1eb8nfq/yuezhang46/GFcode/GF实验一：横向对比/aco_global_logs/run_10_seed_1010
[Info] #nodes = 1810
[Load] Reading scenarios ...
  - spring: raw edges=3686, days=31
  - summer: raw edges=3686, days=30
  - autumn: raw edges=3686, days=31
  - winter: raw edges=3686, days=30
[Filter] EDGE_WEIGHT_MIN=1.0
  - active_nodes=1450  inactive_nodes(fixed NONE)=360
  - spring: removed=2281, kept=1405
  - summer: removed=2206, kept=1480
  - autumn: removed=2131, kept=1555
  - winter: removed=2189, kept=1497
  - spring: filtered edges (active subgraph)=1405
  - summer: filtered edges (active subgraph)=1480
  - autumn: filtered edges (active subgraph)=1555
  - winter: filtered edges (active subgraph)=1497
[ACO] Pheromone and heuristic initialized.
[ACO] Iterate under FE budget ...
[Run 10 | Iter 1] iter_best: cost=2394534.90  viol=6017255.1462  obj=6019649681.11 | best_so_far: cost=2394534.90  viol=6017255.1462  obj=6019649681.11
[Run 10 | Iter 2] iter_best: cost=2394534.57  viol=6037372.0245  obj=6039766559.06 | best_so_far: cost=2394534.90  viol=6017255.1462  obj=6019649681.11
[Run 10 | Iter 3] iter_best: cost=2486632.32  viol=6013580.6328  obj=6016067265.13 | best_so_far: cost=2486632.32  viol=6013580.6328  obj=6016067265.13
[Run 10 | Iter 4] iter_best: cost=2762924.25  viol=5929241.5333  obj=5932004457.53 | best_so_far: cost=2762924.25  viol=5929241.5333  obj=5932004457.53
[Run 10 | Iter 5] iter_best: cost=2394533.90  viol=6031977.4688  obj=6034372002.69 | best_so_far: cost=2762924.25  viol=5929241.5333  obj=5932004457.53
[Run 10 | Iter 6] iter_best: cost=2210339.40  viol=6107821.0222  obj=6110031361.59 | best_so_far: cost=2762924.25  viol=5929241.5333  obj=5932004457.53
[Run 10 | Iter 7] iter_best: cost=2302436.82  viol=6076262.2925  obj=6078564729.34 | best_so_far: cost=2762924.25  viol=5929241.5333  obj=5932004457.53
[Run 10 | Iter 8] iter_best: cost=2210339.73  viol=6100788.2149  obj=6102998554.58 | best_so_far: cost=2762924.25  viol=5929241.5333  obj=5932004457.53
[Run 10 | FE 256] best_local_obj=5932004457.53  best_local_cost=2762924.25  best_local_viol=5929241.5333
[Run 10 | Iter 9] iter_best: cost=2394534.57  viol=6021858.0962  obj=6024252630.75 | best_so_far: cost=2762924.25  viol=5929241.5333  obj=5932004457.53
[Run 10 | Iter 10] iter_best: cost=2578728.41  viol=5977797.2055  obj=5980375933.90 | best_so_far: cost=2762924.25  viol=5929241.5333  obj=5932004457.53
[Run 10 | Iter 11] iter_best: cost=2118241.64  viol=6123384.6291  obj=6125502870.77 | best_so_far: cost=2762924.25  viol=5929241.5333  obj=5932004457.53
[Run 10 | Iter 12] iter_best: cost=2578729.41  viol=5967456.9280  obj=5970035657.44 | best_so_far: cost=2762924.25  viol=5929241.5333  obj=5932004457.53
[Run 10 | Iter 13] iter_best: cost=2578729.74  viol=5965470.9027  obj=5968049632.45 | best_so_far: cost=2762924.25  viol=5929241.5333  obj=5932004457.53
[Run 10 | Iter 14] iter_best: cost=2302436.48  viol=6080985.3330  obj=6083287769.48 | best_so_far: cost=2762924.25  viol=5929241.5333  obj=5932004457.53
[Run 10 | Iter 15] iter_best: cost=2210339.06  viol=6078001.7047  obj=6080212043.81 | best_so_far: cost=2762924.25  viol=5929241.5333  obj=5932004457.53
[Run 10 | Iter 16] iter_best: cost=2118240.98  viol=6137297.7932  obj=6139416034.18 | best_so_far: cost=2762924.25  viol=5929241.5333  obj=5932004457.53
[Run 10 | Iter 17] iter_best: cost=2026144.56  viol=6138091.4815  obj=6140117626.07 | best_so_far: cost=2762924.25  viol=5929241.5333  obj=5932004457.53
[Run 10 | FE 512] best_local_obj=5932004457.53  best_local_cost=2762924.25  best_local_viol=5929241.5333
[Run 10 | Iter 18] iter_best: cost=2026143.89  viol=6142067.8825  obj=6144094026.35 | best_so_far: cost=2762924.25  viol=5929241.5333  obj=5932004457.53
[Run 10 | Iter 19] iter_best: cost=2578729.07  viol=5984844.4397  obj=5987423168.81 | best_so_far: cost=2762924.25  viol=5929241.5333  obj=5932004457.53
[Run 10 | Iter 20] iter_best: cost=2394534.57  viol=6063615.5173  obj=6066010051.88 | best_so_far: cost=2762924.25  viol=5929241.5333  obj=5932004457.53
[Run 10 | Iter 21] iter_best: cost=2302435.81  viol=6058555.6707  obj=6060858106.56 | best_so_far: cost=2762924.25  viol=5929241.5333  obj=5932004457.53
[Run 10 | Iter 22] iter_best: cost=2026144.56  viol=6149960.0475  obj=6151986192.04 | best_so_far: cost=2762924.25  viol=5929241.5333  obj=5932004457.53
[Run 10 | Iter 23] iter_best: cost=2210339.06  viol=6077815.4274  obj=6080025766.49 | best_so_far: cost=2762924.25  viol=5929241.5333  obj=5932004457.53
[Run 10 | Iter 24] iter_best: cost=2394533.57  viol=6031743.3432  obj=6034137876.72 | best_so_far: cost=2762924.25  viol=5929241.5333  obj=5932004457.53
[Run 10 | Iter 25] iter_best: cost=2394534.57  viol=6048364.6120  obj=6050759146.60 | best_so_far: cost=2762924.25  viol=5929241.5333  obj=5932004457.53
[Run 10 | FE 768] best_local_obj=5932004457.53  best_local_cost=2762924.25  best_local_viol=5929241.5333
[Run 10 | Iter 26] iter_best: cost=2578729.41  viol=5969841.4848  obj=5972420214.19 | best_so_far: cost=2762924.25  viol=5929241.5333  obj=5932004457.53
[Run 10 | Iter 27] iter_best: cost=2670826.83  viol=5943095.7862  obj=5945766613.02 | best_so_far: cost=2762924.25  viol=5929241.5333  obj=5932004457.53
[Run 10 | Iter 28] iter_best: cost=2486631.99  viol=5990314.6448  obj=5992801276.78 | best_so_far: cost=2762924.25  viol=5929241.5333  obj=5932004457.53
[Run 10 | Iter 29] iter_best: cost=2118242.98  viol=6139160.2037  obj=6141278446.71 | best_so_far: cost=2762924.25  viol=5929241.5333  obj=5932004457.53
[Run 10 | Iter 30] iter_best: cost=2302436.48  viol=6054390.6655  obj=6056693101.99 | best_so_far: cost=2762924.25  viol=5929241.5333  obj=5932004457.53
[Run 10 | Iter 31] iter_best: cost=2118241.31  viol=6114406.8769  obj=6116525118.22 | best_so_far: cost=2762924.25  viol=5929241.5333  obj=5932004457.53
[Run 10 | Iter 32] iter_best: cost=2670828.50  viol=5943959.2042  obj=5946630032.69 | best_so_far: cost=2762924.25  viol=5929241.5333  obj=5932004457.53
[Run 10 | Iter 33] iter_best: cost=2578729.41  viol=5974509.8489  obj=5977088578.30 | best_so_far: cost=2762924.25  viol=5929241.5333  obj=5932004457.53
[Run 10 | Iter 34] iter_best: cost=2394534.90  viol=6019711.4291  obj=6022105964.03 | best_so_far: cost=2762924.25  viol=5929241.5333  obj=5932004457.53
[Run 10 | FE 1024] best_local_obj=5932004457.53  best_local_cost=2762924.25  best_local_viol=5929241.5333
[Run 10 | Iter 35] iter_best: cost=2118242.65  viol=6108713.7197  obj=6110831962.36 | best_so_far: cost=2762924.25  viol=5929241.5333  obj=5932004457.53
[Run 10 | Iter 36] iter_best: cost=2118242.31  viol=6120044.7672  obj=6122163009.51 | best_so_far: cost=2762924.25  viol=5929241.5333  obj=5932004457.53
[Run 10 | Iter 37] iter_best: cost=2394534.24  viol=6032883.2880  obj=6035277822.21 | best_so_far: cost=2762924.25  viol=5929241.5333  obj=5932004457.53
[Run 10 | Iter 38] iter_best: cost=2302436.48  viol=6093926.5592  obj=6096228995.70 | best_so_far: cost=2762924.25  viol=5929241.5333  obj=5932004457.53
[Run 10 | Iter 39] iter_best: cost=2210339.40  viol=6087549.1657  obj=6089759505.13 | best_so_far: cost=2762924.25  viol=5929241.5333  obj=5932004457.53
[Run 10 | Iter 40] iter_best: cost=2394533.57  viol=6025321.3609  obj=6027715894.50 | best_so_far: cost=2762924.25  viol=5929241.5333  obj=5932004457.53
[Run 10 | Iter 41] iter_best: cost=2210339.40  viol=6075690.8535  obj=6077901192.87 | best_so_far: cost=2762924.25  viol=5929241.5333  obj=5932004457.53
[Run 10 | Iter 42] iter_best: cost=2302437.82  viol=6073097.9035  obj=6075400341.27 | best_so_far: cost=2762924.25  viol=5929241.5333  obj=5932004457.53
[Run 10 | FE 1280] best_local_obj=5932004457.53  best_local_cost=2762924.25  best_local_viol=5929241.5333
[Run 10 | Iter 43] iter_best: cost=2118241.98  viol=6123615.1012  obj=6125733343.22 | best_so_far: cost=2762924.25  viol=5929241.5333  obj=5932004457.53
[Run 10 | Iter 44] iter_best: cost=2394534.90  viol=6039829.1613  obj=6042223696.19 | best_so_far: cost=2762924.25  viol=5929241.5333  obj=5932004457.53
[Run 10 | Iter 45] iter_best: cost=2210339.73  viol=6083206.1331  obj=6085416472.86 | best_so_far: cost=2762924.25  viol=5929241.5333  obj=5932004457.53
[Run 10 | Iter 46] iter_best: cost=2486631.99  viol=6035139.9124  obj=6037626544.35 | best_so_far: cost=2762924.25  viol=5929241.5333  obj=5932004457.53
[Run 10 | Iter 47] iter_best: cost=2394534.57  viol=6029681.3614  obj=6032075895.96 | best_so_far: cost=2762924.25  viol=5929241.5333  obj=5932004457.53
[Run 10 | Iter 48] iter_best: cost=2394533.57  viol=6025394.7393  obj=6027789272.91 | best_so_far: cost=2762924.25  viol=5929241.5333  obj=5932004457.53
[Run 10 | Iter 49] iter_best: cost=2302437.15  viol=6067187.0213  obj=6069489458.42 | best_so_far: cost=2762924.25  viol=5929241.5333  obj=5932004457.53
[Run 10 | Iter 50] iter_best: cost=2026144.56  viol=6138562.8580  obj=6140589002.53 | best_so_far: cost=2762924.25  viol=5929241.5333  obj=5932004457.53
[Run 10 | Iter 51] iter_best: cost=2394533.90  viol=6053861.4221  obj=6056255955.99 | best_so_far: cost=2762924.25  viol=5929241.5333  obj=5932004457.53
[Run 10 | FE 1536] best_local_obj=5932004457.53  best_local_cost=2762924.25  best_local_viol=5929241.5333
[Run 10 | Iter 52] iter_best: cost=2578729.07  viol=6017557.5422  obj=6020136271.28 | best_so_far: cost=2762924.25  viol=5929241.5333  obj=5932004457.53
[Run 10 | Iter 53] iter_best: cost=2394534.57  viol=6035827.6462  obj=6038222180.81 | best_so_far: cost=2762924.25  viol=5929241.5333  obj=5932004457.53
[Run 10 | Iter 54] iter_best: cost=2210339.73  viol=6092269.2300  obj=6094479569.75 | best_so_far: cost=2762924.25  viol=5929241.5333  obj=5932004457.53
[Run 10 | Iter 55] iter_best: cost=2026144.22  viol=6152565.3891  obj=6154591533.28 | best_so_far: cost=2762924.25  viol=5929241.5333  obj=5932004457.53
[Run 10 | Iter 56] iter_best: cost=2302437.15  viol=6071315.4413  obj=6073617878.50 | best_so_far: cost=2762924.25  viol=5929241.5333  obj=5932004457.53
[Run 10 | Iter 57] iter_best: cost=2118242.31  viol=6127608.1371  obj=6129726379.40 | best_so_far: cost=2762924.25  viol=5929241.5333  obj=5932004457.53
[Run 10 | Iter 58] iter_best: cost=2210339.40  viol=6085140.4128  obj=6087350752.24 | best_so_far: cost=2762924.25  viol=5929241.5333  obj=5932004457.53
[Run 10 | Iter 59] iter_best: cost=2394534.90  viol=6038743.5448  obj=6041138079.67 | best_so_far: cost=2762924.25  viol=5929241.5333  obj=5932004457.53
[Run 10 | FE 1792] best_local_obj=5932004457.53  best_local_cost=2762924.25  best_local_viol=5929241.5333
[Run 10 | Iter 60] iter_best: cost=2118241.31  viol=6113280.5651  obj=6115398806.37 | best_so_far: cost=2762924.25  viol=5929241.5333  obj=5932004457.53
[Run 10 | Iter 61] iter_best: cost=2302437.15  viol=6090203.3313  obj=6092505768.50 | best_so_far: cost=2762924.25  viol=5929241.5333  obj=5932004457.53
[Run 10 | Iter 62] iter_best: cost=2210340.07  viol=6102872.0150  obj=6105082355.11 | best_so_far: cost=2762924.25  viol=5929241.5333  obj=5932004457.53
[Run 10 | Iter 63] iter_best: cost=2578729.74  viol=6011843.7117  obj=6014422441.42 | best_so_far: cost=2762924.25  viol=5929241.5333  obj=5932004457.53
[Run 10 | Iter 64] iter_best: cost=2302437.15  viol=6079335.8387  obj=6081638275.87 | best_so_far: cost=2762924.25  viol=5929241.5333  obj=5932004457.53
[Run 10 | Iter 65] iter_best: cost=2026143.89  viol=6160528.6247  obj=6162554768.55 | best_so_far: cost=2762924.25  viol=5929241.5333  obj=5932004457.53
[Run 10 | Iter 66] iter_best: cost=2394534.24  viol=6044902.1194  obj=6047296653.60 | best_so_far: cost=2762924.25  viol=5929241.5333  obj=5932004457.53
[Run 10 | Iter 67] iter_best: cost=2026143.89  viol=6158817.1989  obj=6160843342.81 | best_so_far: cost=2762924.25  viol=5929241.5333  obj=5932004457.53
[Run 10 | Iter 68] iter_best: cost=2302437.15  viol=6056285.1502  obj=6058587587.35 | best_so_far: cost=2762924.25  viol=5929241.5333  obj=5932004457.53
[Run 10 | FE 2048] best_local_obj=5932004457.53  best_local_cost=2762924.25  best_local_viol=5929241.5333
[Run 10 | Iter 69] iter_best: cost=2578729.07  viol=5985648.9433  obj=5988227672.36 | best_so_far: cost=2762924.25  viol=5929241.5333  obj=5932004457.53
[Run 10 | Iter 70] iter_best: cost=2118241.31  viol=6127046.6477  obj=6129164889.00 | best_so_far: cost=2762924.25  viol=5929241.5333  obj=5932004457.53
[Run 10 | Iter 71] iter_best: cost=2026144.22  viol=6164877.0273  obj=6166903171.51 | best_so_far: cost=2762924.25  viol=5929241.5333  obj=5932004457.53
[Run 10 | Iter 72] iter_best: cost=2302436.15  viol=6063063.9079  obj=6065366344.07 | best_so_far: cost=2762924.25  viol=5929241.5333  obj=5932004457.53
[Run 10 | Iter 73] iter_best: cost=2210339.06  viol=6076716.8231  obj=6078927162.18 | best_so_far: cost=2762924.25  viol=5929241.5333  obj=5932004457.53
[Run 10 | Iter 74] iter_best: cost=2486632.99  viol=6036171.3497  obj=6038657982.66 | best_so_far: cost=2762924.25  viol=5929241.5333  obj=5932004457.53
[Run 10 | Iter 75] iter_best: cost=2486632.66  viol=5984172.3397  obj=5986658972.35 | best_so_far: cost=2762924.25  viol=5929241.5333  obj=5932004457.53
[Run 10 | Iter 76] iter_best: cost=2026143.89  viol=6151985.1914  obj=6154011335.25 | best_so_far: cost=2762924.25  viol=5929241.5333  obj=5932004457.53
[Run 10 | FE 2304] best_local_obj=5932004457.53  best_local_cost=2762924.25  best_local_viol=5929241.5333
[Run 10 | Iter 77] iter_best: cost=2210339.73  viol=6095723.5037  obj=6097933843.39 | best_so_far: cost=2762924.25  viol=5929241.5333  obj=5932004457.53
[Run 10 | Iter 78] iter_best: cost=2394534.24  viol=6051688.2379  obj=6054082772.13 | best_so_far: cost=2762924.25  viol=5929241.5333  obj=5932004457.53
[Run 10 | Iter 79] iter_best: cost=2026143.89  viol=6150316.6178  obj=6152342761.70 | best_so_far: cost=2762924.25  viol=5929241.5333  obj=5932004457.53
[Run 10 | Iter 80] iter_best: cost=2210339.73  viol=6085159.1963  obj=6087369536.04 | best_so_far: cost=2762924.25  viol=5929241.5333  obj=5932004457.53
[Run 10 | Iter 81] iter_best: cost=2394534.90  viol=6042078.2845  obj=6044472819.44 | best_so_far: cost=2762924.25  viol=5929241.5333  obj=5932004457.53
[Run 10 | Iter 82] iter_best: cost=2210339.40  viol=6079039.5104  obj=6081249849.82 | best_so_far: cost=2762924.25  viol=5929241.5333  obj=5932004457.53
[Run 10 | Iter 83] iter_best: cost=2118241.64  viol=6126300.5190  obj=6128418760.66 | best_so_far: cost=2762924.25  viol=5929241.5333  obj=5932004457.53
[Run 10 | Iter 84] iter_best: cost=2394534.24  viol=6012787.3597  obj=6015181893.97 | best_so_far: cost=2762924.25  viol=5929241.5333  obj=5932004457.53
[Run 10 | Iter 85] iter_best: cost=2394534.24  viol=6028968.2028  obj=6031362737.00 | best_so_far: cost=2762924.25  viol=5929241.5333  obj=5932004457.53
[Run 10 | FE 2560] best_local_obj=5932004457.53  best_local_cost=2762924.25  best_local_viol=5929241.5333
[Run 10 | Iter 86] iter_best: cost=2302437.15  viol=6059992.1486  obj=6062294585.74 | best_so_far: cost=2762924.25  viol=5929241.5333  obj=5932004457.53
[Run 10 | Iter 87] iter_best: cost=2302436.48  viol=6059606.3915  obj=6061908827.96 | best_so_far: cost=2762924.25  viol=5929241.5333  obj=5932004457.53
[Run 10 | Iter 88] iter_best: cost=2026144.22  viol=6133277.0426  obj=6135303186.82 | best_so_far: cost=2762924.25  viol=5929241.5333  obj=5932004457.53
[Run 10 | Iter 89] iter_best: cost=2855022.67  viol=5904292.4349  obj=5907147457.57 | best_so_far: cost=2855022.67  viol=5904292.4349  obj=5907147457.57
[Run 10 | Iter 90] iter_best: cost=2118241.64  viol=6122786.4000  obj=6124904641.69 | best_so_far: cost=2855022.67  viol=5904292.4349  obj=5907147457.57
[Run 10 | Iter 91] iter_best: cost=2302436.82  viol=6068435.7801  obj=6070738216.96 | best_so_far: cost=2855022.67  viol=5904292.4349  obj=5907147457.57
[Run 10 | Iter 92] iter_best: cost=2210339.40  viol=6082952.4840  obj=6085162823.43 | best_so_far: cost=2855022.67  viol=5904292.4349  obj=5907147457.57
[Run 10 | Iter 93] iter_best: cost=2026144.22  viol=6143667.5109  obj=6145693655.13 | best_so_far: cost=2855022.67  viol=5904292.4349  obj=5907147457.57
[Run 10 | FE 2816] best_local_obj=5907147457.57  best_local_cost=2855022.67  best_local_viol=5904292.4349
[Run 10 | Iter 94] iter_best: cost=2486631.99  viol=5993679.3915  obj=5996166023.47 | best_so_far: cost=2855022.67  viol=5904292.4349  obj=5907147457.57
[Run 10 | Iter 95] iter_best: cost=2670826.49  viol=5987824.5924  obj=5990495418.88 | best_so_far: cost=2855022.67  viol=5904292.4349  obj=5907147457.57
[Run 10 | Iter 96] iter_best: cost=2118241.64  viol=6104213.0604  obj=6106331302.07 | best_so_far: cost=2855022.67  viol=5904292.4349  obj=5907147457.57
[Run 10 | Iter 97] iter_best: cost=2210339.73  viol=6078064.8351  obj=6080275174.78 | best_so_far: cost=2855022.67  viol=5904292.4349  obj=5907147457.57
[Run 10 | Iter 98] iter_best: cost=2302436.82  viol=6062673.3820  obj=6064975818.84 | best_so_far: cost=2855022.67  viol=5904292.4349  obj=5907147457.57
[Run 10 | Iter 99] iter_best: cost=2210339.73  viol=6086036.0486  obj=6088246388.37 | best_so_far: cost=2855022.67  viol=5904292.4349  obj=5907147457.57
[Run 10 | Iter 100] iter_best: cost=2302437.15  viol=6083019.4041  obj=6085321841.26 | best_so_far: cost=2855022.67  viol=5904292.4349  obj=5907147457.57
[Run 10 | Iter 101] iter_best: cost=2762924.92  viol=5948466.5980  obj=5951229522.94 | best_so_far: cost=2855022.67  viol=5904292.4349  obj=5907147457.57
[Run 10 | Iter 102] iter_best: cost=2486631.65  viol=6001297.5806  obj=6003784212.24 | best_so_far: cost=2855022.67  viol=5904292.4349  obj=5907147457.57
[Run 10 | FE 3072] best_local_obj=5907147457.57  best_local_cost=2855022.67  best_local_viol=5904292.4349
[Run 10 | Iter 103] iter_best: cost=2578729.41  viol=5977780.3946  obj=5980359124.05 | best_so_far: cost=2855022.67  viol=5904292.4349  obj=5907147457.57
[Run 10 | Iter 104] iter_best: cost=2394534.57  viol=6040138.8300  obj=6042533364.52 | best_so_far: cost=2855022.67  viol=5904292.4349  obj=5907147457.57
[Run 10 | Iter 105] iter_best: cost=2210339.40  viol=6083159.4874  obj=6085369826.77 | best_so_far: cost=2855022.67  viol=5904292.4349  obj=5907147457.57
[Run 10 | Iter 106] iter_best: cost=2302436.82  viol=6043909.5907  obj=6046212027.54 | best_so_far: cost=2855022.67  viol=5904292.4349  obj=5907147457.57
[Run 10 | Iter 107] iter_best: cost=2486631.32  viol=6020077.4854  obj=6022564116.69 | best_so_far: cost=2855022.67  viol=5904292.4349  obj=5907147457.57
[Run 10 | Iter 108] iter_best: cost=2302437.15  viol=6051993.7693  obj=6054296206.45 | best_so_far: cost=2855022.67  viol=5904292.4349  obj=5907147457.57
[Run 10 | Iter 109] iter_best: cost=2026144.56  viol=6146991.2795  obj=6149017424.11 | best_so_far: cost=2855022.67  viol=5904292.4349  obj=5907147457.57
[Run 10 | Iter 110] iter_best: cost=2026144.22  viol=6139684.4172  obj=6141710561.43 | best_so_far: cost=2855022.67  viol=5904292.4349  obj=5907147457.57
[Run 10 | FE 3328] best_local_obj=5907147457.57  best_local_cost=2855022.67  best_local_viol=5904292.4349
[Run 10 | Iter 111] iter_best: cost=2394534.24  viol=6070013.1747  obj=6072407708.91 | best_so_far: cost=2855022.67  viol=5904292.4349  obj=5907147457.57
[Run 10 | Iter 112] iter_best: cost=2118241.98  viol=6114449.3873  obj=6116567629.33 | best_so_far: cost=2855022.67  viol=5904292.4349  obj=5907147457.57
[Run 10 | Iter 113] iter_best: cost=2026144.22  viol=6142720.6272  obj=6144746771.42 | best_so_far: cost=2855022.67  viol=5904292.4349  obj=5907147457.57
[Run 10 | Iter 114] iter_best: cost=2947119.08  viol=5888595.0420  obj=5891542161.08 | best_so_far: cost=2947119.08  viol=5888595.0420  obj=5891542161.08
[Run 10 | Iter 115] iter_best: cost=2762924.25  viol=5930969.5343  obj=5933732458.56 | best_so_far: cost=2947119.08  viol=5888595.0420  obj=5891542161.08
[Run 10 | Iter 116] iter_best: cost=2118241.98  viol=6113525.8140  obj=6115644055.94 | best_so_far: cost=2947119.08  viol=5888595.0420  obj=5891542161.08
[Run 10 | Iter 117] iter_best: cost=2578729.41  viol=5975786.9797  obj=5978365709.09 | best_so_far: cost=2947119.08  viol=5888595.0420  obj=5891542161.08
[Run 10 | Iter 118] iter_best: cost=2394534.57  viol=6049039.7227  obj=6051434257.28 | best_so_far: cost=2947119.08  viol=5888595.0420  obj=5891542161.08
[Run 10 | Iter 119] iter_best: cost=2486631.65  viol=6019491.6016  obj=6021978233.27 | best_so_far: cost=2947119.08  viol=5888595.0420  obj=5891542161.08
[Run 10 | FE 3584] best_local_obj=5891542161.08  best_local_cost=2947119.08  best_local_viol=5888595.0420
[Run 10 | Iter 120] iter_best: cost=2302436.48  viol=6062050.7506  obj=6064353187.11 | best_so_far: cost=2947119.08  viol=5888595.0420  obj=5891542161.08
[Run 10 | Iter 121] iter_best: cost=2394534.57  viol=6033950.8475  obj=6036345382.03 | best_so_far: cost=2947119.08  viol=5888595.0420  obj=5891542161.08
[Run 10 | Iter 122] iter_best: cost=2302436.15  viol=6082100.8010  obj=6084403237.14 | best_so_far: cost=2947119.08  viol=5888595.0420  obj=5891542161.08
[Run 10 | Iter 123] iter_best: cost=2394534.24  viol=6028225.4004  obj=6030619934.61 | best_so_far: cost=2947119.08  viol=5888595.0420  obj=5891542161.08
[Run 10 | Iter 124] iter_best: cost=2486631.99  viol=6018922.6681  obj=6021409300.11 | best_so_far: cost=2947119.08  viol=5888595.0420  obj=5891542161.08
[Run 10 | Iter 125] iter_best: cost=2118241.98  viol=6138504.8661  obj=6140623108.09 | best_so_far: cost=2947119.08  viol=5888595.0420  obj=5891542161.08
[Run 10 | Iter 126] iter_best: cost=2486631.65  viol=6004587.8930  obj=6007074524.62 | best_so_far: cost=2947119.08  viol=5888595.0420  obj=5891542161.08
[Run 10 | Iter 127] iter_best: cost=2026145.23  viol=6145194.1510  obj=6147220296.19 | best_so_far: cost=2947119.08  viol=5888595.0420  obj=5891542161.08
[Run 10 | FE 3840] best_local_obj=5891542161.08  best_local_cost=2947119.08  best_local_viol=5888595.0420
[Run 10 | Iter 128] iter_best: cost=2394534.90  viol=6033448.6203  obj=6035843155.17 | best_so_far: cost=2947119.08  viol=5888595.0420  obj=5891542161.08
[Run 10 | Iter 129] iter_best: cost=1934046.81  viol=6173373.4919  obj=6175307538.73 | best_so_far: cost=2947119.08  viol=5888595.0420  obj=5891542161.08
[Run 10 | Iter 130] iter_best: cost=2302437.82  viol=6050684.7488  obj=6052987186.59 | best_so_far: cost=2947119.08  viol=5888595.0420  obj=5891542161.08
[Run 10 | Iter 131] iter_best: cost=2670826.83  viol=5950105.8138  obj=5952776640.63 | best_so_far: cost=2947119.08  viol=5888595.0420  obj=5891542161.08
[Run 10 | Iter 132] iter_best: cost=2118241.64  viol=6152777.6902  obj=6154895931.82 | best_so_far: cost=2947119.08  viol=5888595.0420  obj=5891542161.08
[Run 10 | Iter 133] iter_best: cost=2578730.08  viol=5982381.4002  obj=5984960130.26 | best_so_far: cost=2947119.08  viol=5888595.0420  obj=5891542161.08
[Run 10 | Iter 134] iter_best: cost=1934046.14  viol=6169843.4198  obj=6171777465.94 | best_so_far: cost=2947119.08  viol=5888595.0420  obj=5891542161.08
[Run 10 | Iter 135] iter_best: cost=2210340.07  viol=6086293.1472  obj=6088503487.31 | best_so_far: cost=2947119.08  viol=5888595.0420  obj=5891542161.08
[Run 10 | Iter 136] iter_best: cost=2394534.57  viol=6032558.2666  obj=6034952801.21 | best_so_far: cost=2947119.08  viol=5888595.0420  obj=5891542161.08
[Run 10 | FE 4096] best_local_obj=5891542161.08  best_local_cost=2947119.08  best_local_viol=5888595.0420
[Run 10 | Iter 137] iter_best: cost=2302437.48  viol=6057125.9598  obj=6059428397.31 | best_so_far: cost=2947119.08  viol=5888595.0420  obj=5891542161.08
[Run 10 | Iter 138] iter_best: cost=2394534.24  viol=6051498.6688  obj=6053893203.08 | best_so_far: cost=2947119.08  viol=5888595.0420  obj=5891542161.08
[Run 10 | Iter 139] iter_best: cost=2578728.41  viol=5969711.4493  obj=5972290177.69 | best_so_far: cost=2947119.08  viol=5888595.0420  obj=5891542161.08
[Run 10 | Iter 140] iter_best: cost=2302436.48  viol=6071229.7960  obj=6073532232.46 | best_so_far: cost=2947119.08  viol=5888595.0420  obj=5891542161.08
[Run 10 | Iter 141] iter_best: cost=2210339.73  viol=6077051.9817  obj=6079262321.44 | best_so_far: cost=2947119.08  viol=5888595.0420  obj=5891542161.08
[Run 10 | Iter 142] iter_best: cost=2670827.50  viol=5943811.8944  obj=5946482721.94 | best_so_far: cost=2947119.08  viol=5888595.0420  obj=5891542161.08
[Run 10 | Iter 143] iter_best: cost=2302437.82  viol=6058671.7043  obj=6060974142.13 | best_so_far: cost=2947119.08  viol=5888595.0420  obj=5891542161.08
[Run 10 | Iter 144] iter_best: cost=2670826.49  viol=5943373.9375  obj=5946044764.03 | best_so_far: cost=2947119.08  viol=5888595.0420  obj=5891542161.08
[Run 10 | Iter 145] iter_best: cost=2302436.82  viol=6100633.0584  obj=6102935495.22 | best_so_far: cost=2947119.08  viol=5888595.0420  obj=5891542161.08
[Run 10 | FE 4352] best_local_obj=5891542161.08  best_local_cost=2947119.08  best_local_viol=5888595.0420
[Run 10 | Iter 146] iter_best: cost=2210339.40  viol=6106158.1572  obj=6108368496.58 | best_so_far: cost=2947119.08  viol=5888595.0420  obj=5891542161.08
[Run 10 | Iter 147] iter_best: cost=2302436.82  viol=6065954.2635  obj=6068256700.30 | best_so_far: cost=2947119.08  viol=5888595.0420  obj=5891542161.08
[Run 10 | Iter 148] iter_best: cost=2210339.40  viol=6095207.3455  obj=6097417684.93 | best_so_far: cost=2947119.08  viol=5888595.0420  obj=5891542161.08
[Run 10 | Iter 149] iter_best: cost=2394535.24  viol=6028399.3972  obj=6030793932.43 | best_so_far: cost=2947119.08  viol=5888595.0420  obj=5891542161.08
[Run 10 | Iter 150] iter_best: cost=2026144.89  viol=6163190.5863  obj=6165216731.16 | best_so_far: cost=2947119.08  viol=5888595.0420  obj=5891542161.08
[Run 10 | Iter 151] iter_best: cost=2670827.16  viol=5945790.2785  obj=5948461105.64 | best_so_far: cost=2947119.08  viol=5888595.0420  obj=5891542161.08
[Run 10 | Iter 152] iter_best: cost=2394535.57  viol=6044839.7895  obj=6047234325.02 | best_so_far: cost=2947119.08  viol=5888595.0420  obj=5891542161.08
[Run 10 | Iter 153] iter_best: cost=2302436.15  viol=6054775.3016  obj=6057077737.75 | best_so_far: cost=2947119.08  viol=5888595.0420  obj=5891542161.08
[Run 10 | FE 4608] best_local_obj=5891542161.08  best_local_cost=2947119.08  best_local_viol=5888595.0420
[Run 10 | Iter 154] iter_best: cost=2118241.64  viol=6105695.2314  obj=6107813473.08 | best_so_far: cost=2947119.08  viol=5888595.0420  obj=5891542161.08
[Run 10 | Iter 155] iter_best: cost=2026144.22  viol=6150452.9491  obj=6152479093.36 | best_so_far: cost=2947119.08  viol=5888595.0420  obj=5891542161.08
[Run 10 | Iter 156] iter_best: cost=2486630.99  viol=6013714.4947  obj=6016201125.70 | best_so_far: cost=2947119.08  viol=5888595.0420  obj=5891542161.08
[Run 10 | Iter 157] iter_best: cost=2486631.99  viol=6030039.5496  obj=6032526181.62 | best_so_far: cost=2947119.08  viol=5888595.0420  obj=5891542161.08
[Run 10 | Iter 158] iter_best: cost=2210339.40  viol=6074658.8980  obj=6076869237.42 | best_so_far: cost=2947119.08  viol=5888595.0420  obj=5891542161.08
[Run 10 | Iter 159] iter_best: cost=2302436.82  viol=6067225.8347  obj=6069528271.55 | best_so_far: cost=2947119.08  viol=5888595.0420  obj=5891542161.08
[Run 10 | Iter 160] iter_best: cost=2026144.56  viol=6153711.1049  obj=6155737249.49 | best_so_far: cost=2947119.08  viol=5888595.0420  obj=5891542161.08
[Run 10 | Iter 161] iter_best: cost=2670827.16  viol=5960937.2572  obj=5963608084.33 | best_so_far: cost=2947119.08  viol=5888595.0420  obj=5891542161.08
[Run 10 | Iter 162] iter_best: cost=2118241.31  viol=6103464.6004  obj=6105582841.69 | best_so_far: cost=2947119.08  viol=5888595.0420  obj=5891542161.08
[Run 10 | FE 4864] best_local_obj=5891542161.08  best_local_cost=2947119.08  best_local_viol=5888595.0420
[Run 10 | Iter 163] iter_best: cost=2302437.82  viol=6116383.5768  obj=6118686014.58 | best_so_far: cost=2947119.08  viol=5888595.0420  obj=5891542161.08
[Run 10 | Iter 164] iter_best: cost=2578729.41  viol=5956074.2126  obj=5958652941.96 | best_so_far: cost=2947119.08  viol=5888595.0420  obj=5891542161.08
[Run 10 | Iter 165] iter_best: cost=2394534.24  viol=6055802.3821  obj=6058196916.31 | best_so_far: cost=2947119.08  viol=5888595.0420  obj=5891542161.08
[Run 10 | Iter 166] iter_best: cost=2210339.40  viol=6081275.5053  obj=6083485844.71 | best_so_far: cost=2947119.08  viol=5888595.0420  obj=5891542161.08
[Run 10 | Iter 167] iter_best: cost=2302436.82  viol=6110551.3084  obj=6112853745.19 | best_so_far: cost=2947119.08  viol=5888595.0420  obj=5891542161.08
[Run 10 | Iter 168] iter_best: cost=2302436.82  viol=6060790.0998  obj=6063092536.66 | best_so_far: cost=2947119.08  viol=5888595.0420  obj=5891542161.08
[Run 10 | Iter 169] iter_best: cost=2302436.48  viol=6056134.8184  obj=6058437254.87 | best_so_far: cost=2947119.08  viol=5888595.0420  obj=5891542161.08
[Run 10 | Iter 170] iter_best: cost=2210339.06  viol=6076922.1386  obj=6079132477.64 | best_so_far: cost=2947119.08  viol=5888595.0420  obj=5891542161.08
[Run 10 | FE 5120] best_local_obj=5891542161.08  best_local_cost=2947119.08  best_local_viol=5888595.0420
[Run 10 | Iter 171] iter_best: cost=2486631.65  viol=6002853.4449  obj=6005340076.51 | best_so_far: cost=2947119.08  viol=5888595.0420  obj=5891542161.08
[Run 10 | Iter 172] iter_best: cost=2486632.66  viol=6028799.8704  obj=6031286503.04 | best_so_far: cost=2947119.08  viol=5888595.0420  obj=5891542161.08
[Run 10 | Iter 173] iter_best: cost=2026144.22  viol=6160492.6908  obj=6162518835.03 | best_so_far: cost=2947119.08  viol=5888595.0420  obj=5891542161.08
[Run 10 | Iter 174] iter_best: cost=2762924.58  viol=5899716.3459  obj=5902479270.52 | best_so_far: cost=2947119.08  viol=5888595.0420  obj=5891542161.08
[Run 10 | Iter 175] iter_best: cost=2394534.90  viol=6054580.9308  obj=6056975465.70 | best_so_far: cost=2947119.08  viol=5888595.0420  obj=5891542161.08
[Run 10 | Iter 176] iter_best: cost=2118241.64  viol=6125187.9098  obj=6127306151.44 | best_so_far: cost=2947119.08  viol=5888595.0420  obj=5891542161.08
[Run 10 | Iter 177] iter_best: cost=2210339.73  viol=6110669.7591  obj=6112880098.82 | best_so_far: cost=2947119.08  viol=5888595.0420  obj=5891542161.08
[Run 10 | Iter 178] iter_best: cost=2210339.40  viol=6097839.5409  obj=6100049880.34 | best_so_far: cost=2947119.08  viol=5888595.0420  obj=5891542161.08
[Run 10 | Iter 179] iter_best: cost=2670826.83  viol=5972090.0123  obj=5974760839.15 | best_so_far: cost=2947119.08  viol=5888595.0420  obj=5891542161.08
[Run 10 | FE 5376] best_local_obj=5891542161.08  best_local_cost=2947119.08  best_local_viol=5888595.0420
[Run 10 | Iter 180] iter_best: cost=2026144.22  viol=6142818.5996  obj=6144844743.80 | best_so_far: cost=2947119.08  viol=5888595.0420  obj=5891542161.08
[Run 10 | Iter 181] iter_best: cost=2118241.98  viol=6111751.5217  obj=6113869763.64 | best_so_far: cost=2947119.08  viol=5888595.0420  obj=5891542161.08
[Run 10 | Iter 182] iter_best: cost=2394534.24  viol=6039651.2330  obj=6042045767.22 | best_so_far: cost=2947119.08  viol=5888595.0420  obj=5891542161.08
[Run 10 | Iter 183] iter_best: cost=2394534.57  viol=6033129.1105  obj=6035523645.03 | best_so_far: cost=2947119.08  viol=5888595.0420  obj=5891542161.08
[Run 10 | Iter 184] iter_best: cost=2210339.06  viol=6077530.7266  obj=6079741065.66 | best_so_far: cost=2947119.08  viol=5888595.0420  obj=5891542161.08
[Run 10 | Iter 185] iter_best: cost=2210339.40  viol=6108836.9266  obj=6111047265.97 | best_so_far: cost=2947119.08  viol=5888595.0420  obj=5891542161.08
[Run 10 | Iter 186] iter_best: cost=2578729.07  viol=5979157.0906  obj=5981735819.71 | best_so_far: cost=2947119.08  viol=5888595.0420  obj=5891542161.08
[Run 10 | Iter 187] iter_best: cost=2118241.98  viol=6129437.9851  obj=6131556227.07 | best_so_far: cost=2947119.08  viol=5888595.0420  obj=5891542161.08
[Run 10 | FE 5632] best_local_obj=5891542161.08  best_local_cost=2947119.08  best_local_viol=5888595.0420
[Run 10 | Iter 188] iter_best: cost=2118242.31  viol=6108973.9670  obj=6111092209.28 | best_so_far: cost=2947119.08  viol=5888595.0420  obj=5891542161.08
[Run 10 | Iter 189] iter_best: cost=2394534.57  viol=6027394.8321  obj=6029789366.71 | best_so_far: cost=2947119.08  viol=5888595.0420  obj=5891542161.08
[Run 10 | Iter 190] iter_best: cost=2118241.98  viol=6111146.8329  obj=6113265074.89 | best_so_far: cost=2947119.08  viol=5888595.0420  obj=5891542161.08
[Run 10 | Iter 191] iter_best: cost=2118241.31  viol=6107647.3274  obj=6109765568.74 | best_so_far: cost=2947119.08  viol=5888595.0420  obj=5891542161.08
[Run 10 | Iter 192] iter_best: cost=2210339.40  viol=6098683.1575  obj=6100893496.91 | best_so_far: cost=2947119.08  viol=5888595.0420  obj=5891542161.08
[Run 10 | Iter 193] iter_best: cost=2302437.82  viol=6059910.3282  obj=6062212766.06 | best_so_far: cost=2947119.08  viol=5888595.0420  obj=5891542161.08
[Run 10 | Iter 194] iter_best: cost=2670827.16  viol=5960061.8109  obj=5962732638.05 | best_so_far: cost=2947119.08  viol=5888595.0420  obj=5891542161.08
[Run 10 | Iter 195] iter_best: cost=2302436.82  viol=6077999.2735  obj=6080301710.28 | best_so_far: cost=2947119.08  viol=5888595.0420  obj=5891542161.08
[Run 10 | Iter 196] iter_best: cost=2394535.24  viol=6026606.7231  obj=6029001258.32 | best_so_far: cost=2947119.08  viol=5888595.0420  obj=5891542161.08
[Run 10 | FE 5888] best_local_obj=5891542161.08  best_local_cost=2947119.08  best_local_viol=5888595.0420
[Run 10 | Iter 197] iter_best: cost=2026144.89  viol=6143041.0873  obj=6145067232.20 | best_so_far: cost=2947119.08  viol=5888595.0420  obj=5891542161.08
[Run 10 | Iter 198] iter_best: cost=2486630.65  viol=5999281.6451  obj=6001768275.76 | best_so_far: cost=2947119.08  viol=5888595.0420  obj=5891542161.08
[Run 10 | Iter 199] iter_best: cost=2210339.73  viol=6102916.8004  obj=6105127140.15 | best_so_far: cost=2947119.08  viol=5888595.0420  obj=5891542161.08
[Run 10 | Iter 200] iter_best: cost=2210339.40  viol=6128952.2117  obj=6131162551.08 | best_so_far: cost=2947119.08  viol=5888595.0420  obj=5891542161.08
[Run 10 | Iter 201] iter_best: cost=2302436.82  viol=6069531.9885  obj=6071834425.31 | best_so_far: cost=2947119.08  viol=5888595.0420  obj=5891542161.08
[Run 10 | Iter 202] iter_best: cost=2026144.89  viol=6146831.4145  obj=6148857559.43 | best_so_far: cost=2947119.08  viol=5888595.0420  obj=5891542161.08
[Run 10 | Iter 203] iter_best: cost=2210339.06  viol=6080816.4007  obj=6083026739.76 | best_so_far: cost=2947119.08  viol=5888595.0420  obj=5891542161.08
[Run 10 | Iter 204] iter_best: cost=2026144.56  viol=6136027.8123  obj=6138053956.87 | best_so_far: cost=2947119.08  viol=5888595.0420  obj=5891542161.08
[Run 10 | FE 6144] best_local_obj=5891542161.08  best_local_cost=2947119.08  best_local_viol=5888595.0420
[Run 10 | Iter 205] iter_best: cost=2302437.15  viol=6106892.7313  obj=6109195168.45 | best_so_far: cost=2947119.08  viol=5888595.0420  obj=5891542161.08
[Run 10 | Iter 206] iter_best: cost=2118241.98  viol=6133514.0295  obj=6135632271.48 | best_so_far: cost=2947119.08  viol=5888595.0420  obj=5891542161.08
[Run 10 | Iter 207] iter_best: cost=2302436.82  viol=6071645.7339  obj=6073948170.74 | best_so_far: cost=2947119.08  viol=5888595.0420  obj=5891542161.08
[Run 10 | Iter 208] iter_best: cost=2486631.32  viol=6025239.8542  obj=6027726485.53 | best_so_far: cost=2947119.08  viol=5888595.0420  obj=5891542161.08
[Run 10 | Iter 209] iter_best: cost=2302437.48  viol=6052779.5872  obj=6055082024.70 | best_so_far: cost=2947119.08  viol=5888595.0420  obj=5891542161.08
[Run 10 | Iter 210] iter_best: cost=2486631.65  viol=6015378.1206  obj=6017864752.24 | best_so_far: cost=2947119.08  viol=5888595.0420  obj=5891542161.08
[Run 10 | Iter 211] iter_best: cost=2026144.22  viol=6133366.7223  obj=6135392866.51 | best_so_far: cost=2947119.08  viol=5888595.0420  obj=5891542161.08
[Run 10 | Iter 212] iter_best: cost=2210339.06  viol=6109636.2260  obj=6111846565.08 | best_so_far: cost=2947119.08  viol=5888595.0420  obj=5891542161.08
[Run 10 | Iter 213] iter_best: cost=2302437.15  viol=6058093.5167  obj=6060395953.82 | best_so_far: cost=2947119.08  viol=5888595.0420  obj=5891542161.08
[Run 10 | FE 6400] best_local_obj=5891542161.08  best_local_cost=2947119.08  best_local_viol=5888595.0420
[Run 10 | Iter 214] iter_best: cost=1934047.47  viol=6195950.5937  obj=6197884641.16 | best_so_far: cost=2947119.08  viol=5888595.0420  obj=5891542161.08
[Run 10 | Iter 215] iter_best: cost=2394535.24  viol=6048599.9968  obj=6050994531.99 | best_so_far: cost=2947119.08  viol=5888595.0420  obj=5891542161.08
[Run 10 | Iter 216] iter_best: cost=2394534.24  viol=6041580.1471  obj=6043974681.34 | best_so_far: cost=2947119.08  viol=5888595.0420  obj=5891542161.08
[Run 10 | Iter 217] iter_best: cost=2210340.73  viol=6097845.4088  obj=6100055749.56 | best_so_far: cost=2947119.08  viol=5888595.0420  obj=5891542161.08
[Run 10 | Iter 218] iter_best: cost=2394534.90  viol=6036305.0471  obj=6038699582.00 | best_so_far: cost=2947119.08  viol=5888595.0420  obj=5891542161.08
[Run 10 | Iter 219] iter_best: cost=2210339.40  viol=6105367.4555  obj=6107577794.87 | best_so_far: cost=2947119.08  viol=5888595.0420  obj=5891542161.08
[Run 10 | Iter 220] iter_best: cost=2118241.31  viol=6117432.0303  obj=6119550271.60 | best_so_far: cost=2947119.08  viol=5888595.0420  obj=5891542161.08
[Run 10 | Iter 221] iter_best: cost=2762924.25  viol=5921986.7440  obj=5924749668.23 | best_so_far: cost=2947119.08  viol=5888595.0420  obj=5891542161.08
[Run 10 | FE 6656] best_local_obj=5891542161.08  best_local_cost=2947119.08  best_local_viol=5888595.0420
[Run 10 | Iter 222] iter_best: cost=2302437.48  viol=6046809.5693  obj=6049112006.74 | best_so_far: cost=2947119.08  viol=5888595.0420  obj=5891542161.08
[Run 10 | Iter 223] iter_best: cost=2394534.90  viol=6031694.5479  obj=6034089082.84 | best_so_far: cost=2947119.08  viol=5888595.0420  obj=5891542161.08
[Run 10 | Iter 224] iter_best: cost=2118241.98  viol=6115969.7390  obj=6118087981.00 | best_so_far: cost=2947119.08  viol=5888595.0420  obj=5891542161.08
[Run 10 | Iter 225] iter_best: cost=2118240.98  viol=6133032.5728  obj=6135150813.80 | best_so_far: cost=2947119.08  viol=5888595.0420  obj=5891542161.08
[Run 10 | Iter 226] iter_best: cost=2118241.98  viol=6106097.6465  obj=6108215888.51 | best_so_far: cost=2947119.08  viol=5888595.0420  obj=5891542161.08
[Run 10 | Iter 227] iter_best: cost=2210339.73  viol=6075287.7721  obj=6077498111.81 | best_so_far: cost=2947119.08  viol=5888595.0420  obj=5891542161.08
[Run 10 | Iter 228] iter_best: cost=2210339.06  viol=6122970.2543  obj=6125180593.38 | best_so_far: cost=2947119.08  viol=5888595.0420  obj=5891542161.08
[Run 10 | Iter 229] iter_best: cost=2578729.07  viol=5948211.1390  obj=5950789868.12 | best_so_far: cost=2947119.08  viol=5888595.0420  obj=5891542161.08
[Run 10 | Iter 230] iter_best: cost=2394534.57  viol=6021898.5909  obj=6024293125.50 | best_so_far: cost=2947119.08  viol=5888595.0420  obj=5891542161.08
[Run 10 | FE 6912] best_local_obj=5891542161.08  best_local_cost=2947119.08  best_local_viol=5888595.0420
[Run 10 | Iter 231] iter_best: cost=2026144.22  viol=6155313.1789  obj=6157339323.09 | best_so_far: cost=2947119.08  viol=5888595.0420  obj=5891542161.08
[Run 10 | Iter 232] iter_best: cost=2855023.00  viol=5913332.9009  obj=5916187923.93 | best_so_far: cost=2947119.08  viol=5888595.0420  obj=5891542161.08
[Run 10 | Iter 233] iter_best: cost=2302437.15  viol=6058983.7582  obj=6061286195.33 | best_so_far: cost=2947119.08  viol=5888595.0420  obj=5891542161.08
[Run 10 | Iter 234] iter_best: cost=2578730.08  viol=5991020.9299  obj=5993599659.99 | best_so_far: cost=2947119.08  viol=5888595.0420  obj=5891542161.08
[Run 10 | Iter 235] iter_best: cost=2210339.06  viol=6084221.8103  obj=6086432149.36 | best_so_far: cost=2947119.08  viol=5888595.0420  obj=5891542161.08
[Run 10 | Iter 236] iter_best: cost=1934046.81  viol=6183190.3174  obj=6185124364.24 | best_so_far: cost=2947119.08  viol=5888595.0420  obj=5891542161.08
[Run 10 | Iter 237] iter_best: cost=2394535.24  viol=6056650.3330  obj=6059044868.26 | best_so_far: cost=2947119.08  viol=5888595.0420  obj=5891542161.08
[Run 10 | Iter 238] iter_best: cost=2394534.90  viol=6015795.5448  obj=6018190079.75 | best_so_far: cost=2947119.08  viol=5888595.0420  obj=5891542161.08
[Run 10 | FE 7168] best_local_obj=5891542161.08  best_local_cost=2947119.08  best_local_viol=5888595.0420
[Run 10 | Iter 239] iter_best: cost=2026144.22  viol=6133939.4909  obj=6135965635.08 | best_so_far: cost=2947119.08  viol=5888595.0420  obj=5891542161.08
[Run 10 | Iter 240] iter_best: cost=2118241.64  viol=6118643.7891  obj=6120762030.75 | best_so_far: cost=2947119.08  viol=5888595.0420  obj=5891542161.08
[Run 10 | Iter 241] iter_best: cost=2394534.24  viol=6046912.4569  obj=6049306991.09 | best_so_far: cost=2947119.08  viol=5888595.0420  obj=5891542161.08
[Run 10 | Iter 242] iter_best: cost=2394534.57  viol=6065083.1779  obj=6067477712.45 | best_so_far: cost=2947119.08  viol=5888595.0420  obj=5891542161.08
[Run 10 | Iter 243] iter_best: cost=2302437.82  viol=6077197.1809  obj=6079499618.72 | best_so_far: cost=2947119.08  viol=5888595.0420  obj=5891542161.08
[Run 10 | Iter 244] iter_best: cost=2670827.16  viol=5924338.0415  obj=5927008868.65 | best_so_far: cost=2947119.08  viol=5888595.0420  obj=5891542161.08
[Run 10 | Iter 245] iter_best: cost=2486632.32  viol=6021876.1776  obj=6024362809.89 | best_so_far: cost=2947119.08  viol=5888595.0420  obj=5891542161.08
[Run 10 | Iter 246] iter_best: cost=2302436.48  viol=6047893.8540  obj=6050196290.52 | best_so_far: cost=2947119.08  viol=5888595.0420  obj=5891542161.08
[Run 10 | Iter 247] iter_best: cost=2210339.73  viol=6093228.0100  obj=6095438349.68 | best_so_far: cost=2947119.08  viol=5888595.0420  obj=5891542161.08
[Run 10 | FE 7424] best_local_obj=5891542161.08  best_local_cost=2947119.08  best_local_viol=5888595.0420
[Run 10 | Iter 248] iter_best: cost=2302437.48  viol=6058002.1079  obj=6060304545.34 | best_so_far: cost=2947119.08  viol=5888595.0420  obj=5891542161.08
[Run 10 | Iter 249] iter_best: cost=2394533.90  viol=6041004.7365  obj=6043399270.41 | best_so_far: cost=2947119.08  viol=5888595.0420  obj=5891542161.08
[Run 10 | Iter 250] iter_best: cost=2118241.64  viol=6126194.0924  obj=6128312334.09 | best_so_far: cost=2947119.08  viol=5888595.0420  obj=5891542161.08
[Run 10 | Iter 251] iter_best: cost=2486631.99  viol=6056694.8344  obj=6059181466.34 | best_so_far: cost=2947119.08  viol=5888595.0420  obj=5891542161.08
[Run 10 | Iter 252] iter_best: cost=2026144.22  viol=6149968.7098  obj=6151994854.06 | best_so_far: cost=2947119.08  viol=5888595.0420  obj=5891542161.08
[Run 10 | Iter 253] iter_best: cost=2394534.90  viol=6050387.0941  obj=6052781629.02 | best_so_far: cost=2947119.08  viol=5888595.0420  obj=5891542161.08
[Run 10 | Iter 254] iter_best: cost=2578729.41  viol=6020011.4832  obj=6022590212.58 | best_so_far: cost=2947119.08  viol=5888595.0420  obj=5891542161.08
[Run 10 | Iter 255] iter_best: cost=2118240.64  viol=6109375.4981  obj=6111493738.74 | best_so_far: cost=2947119.08  viol=5888595.0420  obj=5891542161.08
[Run 10 | FE 7680] best_local_obj=5891542161.08  best_local_cost=2947119.08  best_local_viol=5888595.0420
[Run 10 | Iter 256] iter_best: cost=2118241.98  viol=6116014.5481  obj=6118132790.04 | best_so_far: cost=2947119.08  viol=5888595.0420  obj=5891542161.08
[Run 10 | Iter 257] iter_best: cost=2302436.82  viol=6070834.9892  obj=6073137426.04 | best_so_far: cost=2947119.08  viol=5888595.0420  obj=5891542161.08
[Run 10 | Iter 258] iter_best: cost=2118241.98  viol=6114774.4650  obj=6116892706.95 | best_so_far: cost=2947119.08  viol=5888595.0420  obj=5891542161.08
[Run 10 | Iter 259] iter_best: cost=2302436.48  viol=6078463.9686  obj=6080766405.13 | best_so_far: cost=2947119.08  viol=5888595.0420  obj=5891542161.08
[Run 10 | Iter 260] iter_best: cost=2394534.57  viol=6034795.8546  obj=6037190389.20 | best_so_far: cost=2947119.08  viol=5888595.0420  obj=5891542161.08
[Run 10 | Iter 261] iter_best: cost=2486630.99  viol=6051186.6090  obj=6053673239.99 | best_so_far: cost=2947119.08  viol=5888595.0420  obj=5891542161.08
[Run 10 | Iter 262] iter_best: cost=2302436.82  viol=6050404.0357  obj=6052706472.49 | best_so_far: cost=2947119.08  viol=5888595.0420  obj=5891542161.08
[Run 10 | Iter 263] iter_best: cost=2118241.64  viol=6114182.7095  obj=6116300951.15 | best_so_far: cost=2947119.08  viol=5888595.0420  obj=5891542161.08
[Run 10 | Iter 264] iter_best: cost=2394534.90  viol=6039899.3005  obj=6042293835.44 | best_so_far: cost=2947119.08  viol=5888595.0420  obj=5891542161.08
[Run 10 | FE 7936] best_local_obj=5891542161.08  best_local_cost=2947119.08  best_local_viol=5888595.0420
[Run 10 | Iter 265] iter_best: cost=2026144.56  viol=6144894.4674  obj=6146920611.97 | best_so_far: cost=2947119.08  viol=5888595.0420  obj=5891542161.08
[Run 10 | Iter 266] iter_best: cost=2486631.65  viol=6000691.9046  obj=6003178536.26 | best_so_far: cost=2947119.08  viol=5888595.0420  obj=5891542161.08
[Run 10 | Iter 267] iter_best: cost=2210338.73  viol=6098348.9162  obj=6100559254.89 | best_so_far: cost=2947119.08  viol=5888595.0420  obj=5891542161.08
[Run 10 | Iter 268] iter_best: cost=2670827.16  viol=5949834.4461  obj=5952505273.30 | best_so_far: cost=2947119.08  viol=5888595.0420  obj=5891542161.08
[Run 10 | Iter 269] iter_best: cost=2302436.15  viol=6078495.9707  obj=6080798406.90 | best_so_far: cost=2947119.08  viol=5888595.0420  obj=5891542161.08
[Run 10 | Iter 270] iter_best: cost=2302437.15  viol=6111306.2333  obj=6113608670.45 | best_so_far: cost=2947119.08  viol=5888595.0420  obj=5891542161.08
[Run 10 | Iter 271] iter_best: cost=2210339.73  viol=6101987.7036  obj=6104198043.35 | best_so_far: cost=2947119.08  viol=5888595.0420  obj=5891542161.08
[Run 10 | Iter 272] iter_best: cost=2486632.32  viol=5993756.0371  obj=5996242669.41 | best_so_far: cost=2947119.08  viol=5888595.0420  obj=5891542161.08
[Run 10 | Iter 273] iter_best: cost=2026144.22  viol=6157762.5627  obj=6159788706.90 | best_so_far: cost=2947119.08  viol=5888595.0420  obj=5891542161.08
[Run 10 | FE 8192] best_local_obj=5891542161.08  best_local_cost=2947119.08  best_local_viol=5888595.0420
[Run 10 | Iter 274] iter_best: cost=2394534.57  viol=6045560.5811  obj=6047955115.68 | best_so_far: cost=2947119.08  viol=5888595.0420  obj=5891542161.08
[Run 10 | Iter 275] iter_best: cost=2670827.50  viol=5952382.6728  obj=5955053500.27 | best_so_far: cost=2947119.08  viol=5888595.0420  obj=5891542161.08
[Run 10 | Iter 276] iter_best: cost=2118241.64  viol=6133401.9766  obj=6135520218.28 | best_so_far: cost=2947119.08  viol=5888595.0420  obj=5891542161.08
[Run 10 | Iter 277] iter_best: cost=2394534.24  viol=6054698.2361  obj=6057092770.38 | best_so_far: cost=2947119.08  viol=5888595.0420  obj=5891542161.08
[Run 10 | Iter 278] iter_best: cost=2210339.06  viol=6100206.1007  obj=6102416439.79 | best_so_far: cost=2947119.08  viol=5888595.0420  obj=5891542161.08
[Run 10 | Iter 279] iter_best: cost=2210339.40  viol=6094612.8046  obj=6096823143.95 | best_so_far: cost=2947119.08  viol=5888595.0420  obj=5891542161.08
[Run 10 | Iter 280] iter_best: cost=2302436.48  viol=6094910.4538  obj=6097212890.26 | best_so_far: cost=2947119.08  viol=5888595.0420  obj=5891542161.08
[Run 10 | Iter 281] iter_best: cost=2302436.82  viol=6053482.8995  obj=6055785336.31 | best_so_far: cost=2947119.08  viol=5888595.0420  obj=5891542161.08
[Run 10 | FE 8448] best_local_obj=5891542161.08  best_local_cost=2947119.08  best_local_viol=5888595.0420
[Run 10 | Iter 282] iter_best: cost=2118241.64  viol=6108969.1774  obj=6111087419.08 | best_so_far: cost=2947119.08  viol=5888595.0420  obj=5891542161.08
[Run 10 | Iter 283] iter_best: cost=2394534.90  viol=6071636.1342  obj=6074030669.15 | best_so_far: cost=2947119.08  viol=5888595.0420  obj=5891542161.08
[Run 10 | Iter 284] iter_best: cost=2486631.99  viol=5992941.5491  obj=5995428181.07 | best_so_far: cost=2947119.08  viol=5888595.0420  obj=5891542161.08
[Run 10 | Iter 285] iter_best: cost=2210339.40  viol=6101136.6504  obj=6103346989.80 | best_so_far: cost=2947119.08  viol=5888595.0420  obj=5891542161.08
[Run 10 | Iter 286] iter_best: cost=2118242.31  viol=6120462.9308  obj=6122581173.07 | best_so_far: cost=2947119.08  viol=5888595.0420  obj=5891542161.08
[Run 10 | Iter 287] iter_best: cost=2578729.41  viol=5998349.5090  obj=6000928238.40 | best_so_far: cost=2947119.08  viol=5888595.0420  obj=5891542161.08
[Run 10 | Iter 288] iter_best: cost=2118242.65  viol=6129920.1839  obj=6132038426.55 | best_so_far: cost=2947119.08  viol=5888595.0420  obj=5891542161.08
[Run 10 | Iter 289] iter_best: cost=2118242.31  viol=6141308.5721  obj=6143426814.46 | best_so_far: cost=2947119.08  viol=5888595.0420  obj=5891542161.08
[Run 10 | Iter 290] iter_best: cost=2670827.50  viol=5951514.8870  obj=5954185714.52 | best_so_far: cost=2947119.08  viol=5888595.0420  obj=5891542161.08
[Run 10 | FE 8704] best_local_obj=5891542161.08  best_local_cost=2947119.08  best_local_viol=5888595.0420
[Run 10 | Iter 291] iter_best: cost=2302436.48  viol=6063782.1357  obj=6066084572.19 | best_so_far: cost=2947119.08  viol=5888595.0420  obj=5891542161.08
[Run 10 | Iter 292] iter_best: cost=2210339.40  viol=6106866.5977  obj=6109076937.11 | best_so_far: cost=2947119.08  viol=5888595.0420  obj=5891542161.08
[Run 10 | Iter 293] iter_best: cost=2118241.98  viol=6107708.3317  obj=6109826573.71 | best_so_far: cost=2947119.08  viol=5888595.0420  obj=5891542161.08
[Run 10 | Iter 294] iter_best: cost=2026144.22  viol=6163479.6349  obj=6165505779.09 | best_so_far: cost=2947119.08  viol=5888595.0420  obj=5891542161.08
[Run 10 | Iter 295] iter_best: cost=2302437.48  viol=6058331.2688  obj=6060633706.30 | best_so_far: cost=2947119.08  viol=5888595.0420  obj=5891542161.08
[Run 10 | Iter 296] iter_best: cost=1934046.81  viol=6175517.1515  obj=6177451198.35 | best_so_far: cost=2947119.08  viol=5888595.0420  obj=5891542161.08
[Run 10 | Iter 297] iter_best: cost=2210339.06  viol=6112660.6671  obj=6114871006.14 | best_so_far: cost=2947119.08  viol=5888595.0420  obj=5891542161.08
[Run 10 | Iter 298] iter_best: cost=2947119.75  viol=5892221.1856  obj=5895168305.40 | best_so_far: cost=2947119.08  viol=5888595.0420  obj=5891542161.08
[Run 10 | FE 8960] best_local_obj=5891542161.08  best_local_cost=2947119.08  best_local_viol=5888595.0420
[Run 10 | Iter 299] iter_best: cost=2302436.82  viol=6062502.9512  obj=6064805388.04 | best_so_far: cost=2947119.08  viol=5888595.0420  obj=5891542161.08
[Run 10 | Iter 300] iter_best: cost=2394534.90  viol=6017370.5445  obj=6019765079.38 | best_so_far: cost=2947119.08  viol=5888595.0420  obj=5891542161.08
[Run 10 | Iter 301] iter_best: cost=2302436.82  viol=6056936.2994  obj=6059238736.25 | best_so_far: cost=2947119.08  viol=5888595.0420  obj=5891542161.08
[Run 10 | Iter 302] iter_best: cost=2578729.41  viol=5982959.7110  obj=5985538440.45 | best_so_far: cost=2947119.08  viol=5888595.0420  obj=5891542161.08
[Run 10 | Iter 303] iter_best: cost=1934046.81  viol=6187444.5782  obj=6189378625.02 | best_so_far: cost=2947119.08  viol=5888595.0420  obj=5891542161.08
[Run 10 | Iter 304] iter_best: cost=2210339.06  viol=6097808.6288  obj=6100018967.90 | best_so_far: cost=2947119.08  viol=5888595.0420  obj=5891542161.08
[Run 10 | Iter 305] iter_best: cost=2210339.06  viol=6086004.7612  obj=6088215100.29 | best_so_far: cost=2947119.08  viol=5888595.0420  obj=5891542161.08
[Run 10 | Iter 306] iter_best: cost=2578729.74  viol=5980065.7276  obj=5982644457.33 | best_so_far: cost=2947119.08  viol=5888595.0420  obj=5891542161.08
[Run 10 | Iter 307] iter_best: cost=2210340.07  viol=6113140.5939  obj=6115350933.93 | best_so_far: cost=2947119.08  viol=5888595.0420  obj=5891542161.08
[Run 10 | FE 9216] best_local_obj=5891542161.08  best_local_cost=2947119.08  best_local_viol=5888595.0420
[Run 10 | Iter 308] iter_best: cost=2302437.15  viol=6048948.5751  obj=6051251012.26 | best_so_far: cost=2947119.08  viol=5888595.0420  obj=5891542161.08
[Run 10 | Iter 309] iter_best: cost=2026144.89  viol=6140625.3900  obj=6142651534.89 | best_so_far: cost=2947119.08  viol=5888595.0420  obj=5891542161.08
[Run 10 | Iter 310] iter_best: cost=2026144.22  viol=6133277.0413  obj=6135303185.57 | best_so_far: cost=2947119.08  viol=5888595.0420  obj=5891542161.08
[Run 10 | Iter 311] iter_best: cost=2578729.41  viol=5982002.1136  obj=5984580843.05 | best_so_far: cost=2947119.08  viol=5888595.0420  obj=5891542161.08
[Run 10 | Iter 312] iter_best: cost=2026144.89  viol=6149709.3928  obj=6151735537.74 | best_so_far: cost=2947119.08  viol=5888595.0420  obj=5891542161.08
[Run 10 | Iter 313] iter_best: cost=2026143.89  viol=6144228.8818  obj=6146255025.64 | best_so_far: cost=2947119.08  viol=5888595.0420  obj=5891542161.08
[Run 10 | Iter 314] iter_best: cost=2210339.73  viol=6085022.5655  obj=6087232905.21 | best_so_far: cost=2947119.08  viol=5888595.0420  obj=5891542161.08
[Run 10 | Iter 315] iter_best: cost=2578730.75  viol=5965235.4352  obj=5967814165.94 | best_so_far: cost=2947119.08  viol=5888595.0420  obj=5891542161.08
[Run 10 | FE 9472] best_local_obj=5891542161.08  best_local_cost=2947119.08  best_local_viol=5888595.0420
[Run 10 | Iter 316] iter_best: cost=2578729.74  viol=5977765.3458  obj=5980344075.57 | best_so_far: cost=2947119.08  viol=5888595.0420  obj=5891542161.08
[Run 10 | Iter 317] iter_best: cost=2118241.64  viol=6118165.4000  obj=6120283641.66 | best_so_far: cost=2947119.08  viol=5888595.0420  obj=5891542161.08
[Run 10 | Iter 318] iter_best: cost=2026144.56  viol=6158625.3882  obj=6160651532.78 | best_so_far: cost=2947119.08  viol=5888595.0420  obj=5891542161.08
[Run 10 | Iter 319] iter_best: cost=2210339.73  viol=6093760.2879  obj=6095970627.65 | best_so_far: cost=2947119.08  viol=5888595.0420  obj=5891542161.08
[Run 10 | Iter 320] iter_best: cost=2394534.57  viol=6025934.2002  obj=6028328734.80 | best_so_far: cost=2947119.08  viol=5888595.0420  obj=5891542161.08
[Run 10 | Iter 321] iter_best: cost=2302437.82  viol=6063873.1059  obj=6066175543.69 | best_so_far: cost=2947119.08  viol=5888595.0420  obj=5891542161.08
[Run 10 | Iter 322] iter_best: cost=2118242.31  viol=6129350.4881  obj=6131468730.43 | best_so_far: cost=2947119.08  viol=5888595.0420  obj=5891542161.08
[Run 10 | Iter 323] iter_best: cost=2486631.65  viol=6038499.3181  obj=6040985949.80 | best_so_far: cost=2947119.08  viol=5888595.0420  obj=5891542161.08
[Run 10 | Iter 324] iter_best: cost=2118242.31  viol=6106965.7568  obj=6109083999.16 | best_so_far: cost=2947119.08  viol=5888595.0420  obj=5891542161.08
[Run 10 | FE 9728] best_local_obj=5891542161.08  best_local_cost=2947119.08  best_local_viol=5888595.0420
[Run 10 | Iter 325] iter_best: cost=2302436.15  viol=6052194.8625  obj=6054497298.60 | best_so_far: cost=2947119.08  viol=5888595.0420  obj=5891542161.08
[Run 10 | Iter 326] iter_best: cost=2394534.24  viol=6035385.8220  obj=6037780356.26 | best_so_far: cost=2947119.08  viol=5888595.0420  obj=5891542161.08
[Run 10 | Iter 327] iter_best: cost=2302436.15  viol=6079319.4058  obj=6081621841.96 | best_so_far: cost=2947119.08  viol=5888595.0420  obj=5891542161.08
[Run 10 | Iter 328] iter_best: cost=2486631.99  viol=6022820.5702  obj=6025307202.14 | best_so_far: cost=2947119.08  viol=5888595.0420  obj=5891542161.08
[Run 10 | Iter 329] iter_best: cost=2486632.66  viol=6004844.4337  obj=6007331066.31 | best_so_far: cost=2947119.08  viol=5888595.0420  obj=5891542161.08
[Run 10 | Iter 330] iter_best: cost=2210340.07  viol=6082207.1303  obj=6084417470.38 | best_so_far: cost=2947119.08  viol=5888595.0420  obj=5891542161.08
[Run 10 | Iter 331] iter_best: cost=2302436.48  viol=6062848.0631  obj=6065150499.56 | best_so_far: cost=2947119.08  viol=5888595.0420  obj=5891542161.08
[Run 10 | Iter 332] iter_best: cost=1934046.47  viol=6164509.0408  obj=6166443087.23 | best_so_far: cost=2947119.08  viol=5888595.0420  obj=5891542161.08
[Run 10 | FE 9984] best_local_obj=5891542161.08  best_local_cost=2947119.08  best_local_viol=5888595.0420
[Run 10 | Iter 333] iter_best: cost=2578729.41  viol=5970327.3133  obj=5972906042.70 | best_so_far: cost=2947119.08  viol=5888595.0420  obj=5891542161.08
[Run 10 | Iter 334] iter_best: cost=2302436.82  viol=6068243.7697  obj=6070546206.55 | best_so_far: cost=2947119.08  viol=5888595.0420  obj=5891542161.08
[Run 10 | Iter 335] iter_best: cost=2486631.32  viol=6003720.5692  obj=6006207200.50 | best_so_far: cost=2947119.08  viol=5888595.0420  obj=5891542161.08
[Run 10 | Iter 336] iter_best: cost=2762923.91  viol=5927369.3861  obj=5930132310.02 | best_so_far: cost=2947119.08  viol=5888595.0420  obj=5891542161.08
[Run 10 | Iter 337] iter_best: cost=2210339.06  viol=6076534.6605  obj=6078744999.54 | best_so_far: cost=2947119.08  viol=5888595.0420  obj=5891542161.08
[Run 10 | Iter 338] iter_best: cost=2394534.57  viol=6036068.8952  obj=6038463429.74 | best_so_far: cost=2947119.08  viol=5888595.0420  obj=5891542161.08
[Run 10 | Iter 339] iter_best: cost=2118241.98  viol=6138859.0254  obj=6140977267.42 | best_so_far: cost=2947119.08  viol=5888595.0420  obj=5891542161.08
[Run 10 | Iter 340] iter_best: cost=2578729.74  viol=5978767.8336  obj=5981346563.30 | best_so_far: cost=2947119.08  viol=5888595.0420  obj=5891542161.08
[Run 10 | Iter 341] iter_best: cost=2118242.31  viol=6113421.2347  obj=6115539477.05 | best_so_far: cost=2947119.08  viol=5888595.0420  obj=5891542161.08
[Run 10 | FE 10240] best_local_obj=5891542161.08  best_local_cost=2947119.08  best_local_viol=5888595.0420
[Run 10 | Iter 342] iter_best: cost=2210339.40  viol=6118235.9443  obj=6120446283.70 | best_so_far: cost=2947119.08  viol=5888595.0420  obj=5891542161.08
[Run 10 | Iter 343] iter_best: cost=2486632.32  viol=6028391.8320  obj=6030878464.31 | best_so_far: cost=2947119.08  viol=5888595.0420  obj=5891542161.08
[Run 10 | Iter 344] iter_best: cost=2118240.64  viol=6121037.9072  obj=6123156147.86 | best_so_far: cost=2947119.08  viol=5888595.0420  obj=5891542161.08
[Run 10 | Iter 345] iter_best: cost=2302437.15  viol=6061908.0442  obj=6064210481.34 | best_so_far: cost=2947119.08  viol=5888595.0420  obj=5891542161.08
[Run 10 | Iter 346] iter_best: cost=2578729.41  viol=5973721.2323  obj=5976299961.72 | best_so_far: cost=2947119.08  viol=5888595.0420  obj=5891542161.08
[Run 10 | Iter 347] iter_best: cost=2026144.22  viol=6148862.0641  obj=6150888208.29 | best_so_far: cost=2947119.08  viol=5888595.0420  obj=5891542161.08
[Run 10 | Iter 348] iter_best: cost=2486632.32  viol=6025675.5036  obj=6028162135.92 | best_so_far: cost=2947119.08  viol=5888595.0420  obj=5891542161.08
[Run 10 | Iter 349] iter_best: cost=2118241.98  viol=6120778.2428  obj=6122896484.78 | best_so_far: cost=2947119.08  viol=5888595.0420  obj=5891542161.08
[Run 10 | FE 10496] best_local_obj=5891542161.08  best_local_cost=2947119.08  best_local_viol=5888595.0420
[Run 10 | Iter 350] iter_best: cost=2394534.90  viol=6038343.3334  obj=6040737868.33 | best_so_far: cost=2947119.08  viol=5888595.0420  obj=5891542161.08
[Run 10 | Iter 351] iter_best: cost=2394534.57  viol=6050352.7821  obj=6052747316.67 | best_so_far: cost=2947119.08  viol=5888595.0420  obj=5891542161.08
[Run 10 | Iter 352] iter_best: cost=2486631.32  viol=5988213.5132  obj=5990700144.48 | best_so_far: cost=2947119.08  viol=5888595.0420  obj=5891542161.08
[Run 10 | Iter 353] iter_best: cost=2118241.98  viol=6142916.4696  obj=6145034711.55 | best_so_far: cost=2947119.08  viol=5888595.0420  obj=5891542161.08
[Run 10 | Iter 354] iter_best: cost=2394534.57  viol=6011999.2341  obj=6014393768.63 | best_so_far: cost=2947119.08  viol=5888595.0420  obj=5891542161.08
[Run 10 | Iter 355] iter_best: cost=2855022.00  viol=5931679.1589  obj=5934534180.86 | best_so_far: cost=2947119.08  viol=5888595.0420  obj=5891542161.08
[Run 10 | Iter 356] iter_best: cost=2210339.40  viol=6102229.6707  obj=6104440010.13 | best_so_far: cost=2947119.08  viol=5888595.0420  obj=5891542161.08
[Run 10 | Iter 357] iter_best: cost=2210339.73  viol=6072124.8724  obj=6074335212.16 | best_so_far: cost=2947119.08  viol=5888595.0420  obj=5891542161.08
[Run 10 | Iter 358] iter_best: cost=2210339.40  viol=6079374.3565  obj=6081584695.93 | best_so_far: cost=2947119.08  viol=5888595.0420  obj=5891542161.08
[Run 10 | FE 10752] best_local_obj=5891542161.08  best_local_cost=2947119.08  best_local_viol=5888595.0420
[Run 10 | Iter 359] iter_best: cost=2210339.06  viol=6084314.0824  obj=6086524421.44 | best_so_far: cost=2947119.08  viol=5888595.0420  obj=5891542161.08
[Run 10 | Iter 360] iter_best: cost=2210339.73  viol=6093909.6468  obj=6096119986.49 | best_so_far: cost=2947119.08  viol=5888595.0420  obj=5891542161.08
[Run 10 | Iter 361] iter_best: cost=2302436.48  viol=6045967.9475  obj=6048270383.94 | best_so_far: cost=2947119.08  viol=5888595.0420  obj=5891542161.08
[Run 10 | Iter 362] iter_best: cost=2118241.64  viol=6139410.5686  obj=6141528810.20 | best_so_far: cost=2947119.08  viol=5888595.0420  obj=5891542161.08
[Run 10 | Iter 363] iter_best: cost=2118241.31  viol=6107592.0444  obj=6109710285.76 | best_so_far: cost=2947119.08  viol=5888595.0420  obj=5891542161.08
[Run 10 | Iter 364] iter_best: cost=2302436.15  viol=6077819.1105  obj=6080121546.63 | best_so_far: cost=2947119.08  viol=5888595.0420  obj=5891542161.08
[Run 10 | Iter 365] iter_best: cost=2394533.90  viol=6025878.7877  obj=6028273321.56 | best_so_far: cost=2947119.08  viol=5888595.0420  obj=5891542161.08
[Run 10 | Iter 366] iter_best: cost=2210339.73  viol=6077552.0747  obj=6079762414.46 | best_so_far: cost=2947119.08  viol=5888595.0420  obj=5891542161.08
[Run 10 | FE 11008] best_local_obj=5891542161.08  best_local_cost=2947119.08  best_local_viol=5888595.0420
[Run 10 | Iter 367] iter_best: cost=2486631.99  viol=6024060.9992  obj=6026547631.22 | best_so_far: cost=2947119.08  viol=5888595.0420  obj=5891542161.08
[Run 10 | Iter 368] iter_best: cost=2118242.31  viol=6113818.9953  obj=6115937237.59 | best_so_far: cost=2947119.08  viol=5888595.0420  obj=5891542161.08
[Run 10 | Iter 369] iter_best: cost=2394534.57  viol=6033429.7709  obj=6035824305.46 | best_so_far: cost=2947119.08  viol=5888595.0420  obj=5891542161.08
[Run 10 | Iter 370] iter_best: cost=2118241.98  viol=6120620.0686  obj=6122738310.55 | best_so_far: cost=2947119.08  viol=5888595.0420  obj=5891542161.08
[Run 10 | Iter 371] iter_best: cost=2486631.65  viol=6000819.6818  obj=6003306313.46 | best_so_far: cost=2947119.08  viol=5888595.0420  obj=5891542161.08
[Run 10 | Iter 372] iter_best: cost=1841949.72  viol=6209271.2414  obj=6211113191.09 | best_so_far: cost=2947119.08  viol=5888595.0420  obj=5891542161.08
[Run 10 | Iter 373] iter_best: cost=2210338.73  viol=6089052.8801  obj=6091263218.79 | best_so_far: cost=2947119.08  viol=5888595.0420  obj=5891542161.08
[Run 10 | Iter 374] iter_best: cost=2394534.57  viol=6039894.2679  obj=6042288802.43 | best_so_far: cost=2947119.08  viol=5888595.0420  obj=5891542161.08
[Run 10 | Iter 375] iter_best: cost=2578729.41  viol=5976439.4529  obj=5979018182.32 | best_so_far: cost=2947119.08  viol=5888595.0420  obj=5891542161.08
[Run 10 | FE 11264] best_local_obj=5891542161.08  best_local_cost=2947119.08  best_local_viol=5888595.0420
[Run 10 | Iter 376] iter_best: cost=2302436.48  viol=6064289.1634  obj=6066591599.93 | best_so_far: cost=2947119.08  viol=5888595.0420  obj=5891542161.08
[Run 10 | Iter 377] iter_best: cost=2302436.48  viol=6065158.9648  obj=6067461401.27 | best_so_far: cost=2947119.08  viol=5888595.0420  obj=5891542161.08
[Run 10 | Iter 378] iter_best: cost=2302436.82  viol=6046280.4505  obj=6048582887.29 | best_so_far: cost=2947119.08  viol=5888595.0420  obj=5891542161.08
[Run 10 | Iter 379] iter_best: cost=2210340.40  viol=6082452.4527  obj=6084662793.09 | best_so_far: cost=2947119.08  viol=5888595.0420  obj=5891542161.08
[Run 10 | Iter 380] iter_best: cost=2302437.48  viol=6063827.5555  obj=6066129992.99 | best_so_far: cost=2947119.08  viol=5888595.0420  obj=5891542161.08
[Run 10 | Iter 381] iter_best: cost=2026144.22  viol=6151888.1833  obj=6153914327.49 | best_so_far: cost=2947119.08  viol=5888595.0420  obj=5891542161.08
[Run 10 | Iter 382] iter_best: cost=2118241.98  viol=6121716.2519  obj=6123834493.85 | best_so_far: cost=2947119.08  viol=5888595.0420  obj=5891542161.08
[Run 10 | Iter 383] iter_best: cost=2210339.06  viol=6118233.5726  obj=6120443911.64 | best_so_far: cost=2947119.08  viol=5888595.0420  obj=5891542161.08
[Run 10 | FE 11520] best_local_obj=5891542161.08  best_local_cost=2947119.08  best_local_viol=5888595.0420
[Run 10 | Iter 384] iter_best: cost=2394534.24  viol=6035631.1575  obj=6038025691.71 | best_so_far: cost=2947119.08  viol=5888595.0420  obj=5891542161.08
[Run 10 | Iter 385] iter_best: cost=2210339.40  viol=6091461.7070  obj=6093672046.42 | best_so_far: cost=2947119.08  viol=5888595.0420  obj=5891542161.08
[Run 10 | Iter 386] iter_best: cost=2394534.24  viol=6026740.3152  obj=6029134849.45 | best_so_far: cost=2947119.08  viol=5888595.0420  obj=5891542161.08
[Run 10 | Iter 387] iter_best: cost=2210339.40  viol=6076792.7040  obj=6079003043.38 | best_so_far: cost=2947119.08  viol=5888595.0420  obj=5891542161.08
[Run 10 | Iter 388] iter_best: cost=2394534.90  viol=6015482.1402  obj=6017876675.13 | best_so_far: cost=2947119.08  viol=5888595.0420  obj=5891542161.08
[Run 10 | Iter 389] iter_best: cost=2302436.48  viol=6064294.4019  obj=6066596838.34 | best_so_far: cost=2947119.08  viol=5888595.0420  obj=5891542161.08
[Run 10 | Iter 390] iter_best: cost=2302436.48  viol=6059888.3256  obj=6062190762.06 | best_so_far: cost=2947119.08  viol=5888595.0420  obj=5891542161.08
[Run 10 | Iter 391] iter_best: cost=2578728.74  viol=5979290.0398  obj=5981868768.56 | best_so_far: cost=2947119.08  viol=5888595.0420  obj=5891542161.08
[Run 10 | Iter 392] iter_best: cost=2670827.16  viol=5940333.4514  obj=5943004278.55 | best_so_far: cost=2947119.08  viol=5888595.0420  obj=5891542161.08
[Run 10 | FE 11776] best_local_obj=5891542161.08  best_local_cost=2947119.08  best_local_viol=5888595.0420
[Run 10 | Iter 393] iter_best: cost=2394534.90  viol=6036943.2693  obj=6039337804.23 | best_so_far: cost=2947119.08  viol=5888595.0420  obj=5891542161.08
[Run 10 | Iter 394] iter_best: cost=2762923.91  viol=5894842.2724  obj=5897605196.36 | best_so_far: cost=2947119.08  viol=5888595.0420  obj=5891542161.08
[Run 10 | Iter 395] iter_best: cost=2118241.98  viol=6126297.7276  obj=6128415969.61 | best_so_far: cost=2947119.08  viol=5888595.0420  obj=5891542161.08
[Run 10 | Iter 396] iter_best: cost=2302437.15  viol=6059556.9746  obj=6061859411.72 | best_so_far: cost=2947119.08  viol=5888595.0420  obj=5891542161.08
[Run 10 | Iter 397] iter_best: cost=2118242.31  viol=6115181.8800  obj=6117300122.36 | best_so_far: cost=2947119.08  viol=5888595.0420  obj=5891542161.08
[Run 10 | Iter 398] iter_best: cost=2026144.89  viol=6152555.1072  obj=6154581252.14 | best_so_far: cost=2947119.08  viol=5888595.0420  obj=5891542161.08
[Run 10 | Iter 399] iter_best: cost=2486631.99  viol=6007609.6414  obj=6010096273.39 | best_so_far: cost=2947119.08  viol=5888595.0420  obj=5891542161.08
[Run 10 | Iter 400] iter_best: cost=1934046.81  viol=6170245.3729  obj=6172179419.67 | best_so_far: cost=2947119.08  viol=5888595.0420  obj=5891542161.08
[Run 10 | Iter 401] iter_best: cost=2302437.15  viol=6059462.6677  obj=6061765104.81 | best_so_far: cost=2947119.08  viol=5888595.0420  obj=5891542161.08
[Run 10 | FE 12032] best_local_obj=5891542161.08  best_local_cost=2947119.08  best_local_viol=5888595.0420
[Run 10 | Iter 402] iter_best: cost=2578729.41  viol=5970342.6597  obj=5972921389.09 | best_so_far: cost=2947119.08  viol=5888595.0420  obj=5891542161.08
[Run 10 | Iter 403] iter_best: cost=2394534.24  viol=6037078.3015  obj=6039472835.69 | best_so_far: cost=2947119.08  viol=5888595.0420  obj=5891542161.08
[Run 10 | Iter 404] iter_best: cost=2302437.15  viol=6074017.6531  obj=6076320090.26 | best_so_far: cost=2947119.08  viol=5888595.0420  obj=5891542161.08
[Run 10 | Iter 405] iter_best: cost=2578730.41  viol=6025124.3172  obj=6027703047.64 | best_so_far: cost=2947119.08  viol=5888595.0420  obj=5891542161.08
[Run 10 | Iter 406] iter_best: cost=2670826.83  viol=5989153.7884  obj=5991824615.22 | best_so_far: cost=2947119.08  viol=5888595.0420  obj=5891542161.08
[Run 10 | Iter 407] iter_best: cost=2210339.06  viol=6081539.9463  obj=6083750285.40 | best_so_far: cost=2947119.08  viol=5888595.0420  obj=5891542161.08
[Run 10 | Iter 408] iter_best: cost=2210339.40  viol=6093176.2195  obj=6095386558.85 | best_so_far: cost=2947119.08  viol=5888595.0420  obj=5891542161.08
[Run 10 | Iter 409] iter_best: cost=2118241.98  viol=6125806.0004  obj=6127924242.40 | best_so_far: cost=2947119.08  viol=5888595.0420  obj=5891542161.08
[Run 10 | FE 12288] best_local_obj=5891542161.08  best_local_cost=2947119.08  best_local_viol=5888595.0420
[Run 10 | Iter 410] iter_best: cost=1841950.39  viol=6216874.6014  obj=6218716551.80 | best_so_far: cost=2947119.08  viol=5888595.0420  obj=5891542161.08
[Run 10 | Iter 411] iter_best: cost=2302436.82  viol=6087191.9467  obj=6089494383.55 | best_so_far: cost=2947119.08  viol=5888595.0420  obj=5891542161.08
[Run 10 | Iter 412] iter_best: cost=1934047.47  viol=6166747.9185  obj=6168681965.93 | best_so_far: cost=2947119.08  viol=5888595.0420  obj=5891542161.08
[Run 10 | Iter 413] iter_best: cost=2210339.73  viol=6090914.7947  obj=6093125134.46 | best_so_far: cost=2947119.08  viol=5888595.0420  obj=5891542161.08
[Run 10 | Iter 414] iter_best: cost=2578729.07  viol=6008010.4976  obj=6010589226.67 | best_so_far: cost=2947119.08  viol=5888595.0420  obj=5891542161.08
[Run 10 | Iter 415] iter_best: cost=2578728.74  viol=5957817.3852  obj=5960396113.93 | best_so_far: cost=2947119.08  viol=5888595.0420  obj=5891542161.08
[Run 10 | Iter 416] iter_best: cost=2578729.07  viol=6002467.4336  obj=6005046162.69 | best_so_far: cost=2947119.08  viol=5888595.0420  obj=5891542161.08
[Run 10 | Iter 417] iter_best: cost=2210339.73  viol=6110538.1970  obj=6112748536.69 | best_so_far: cost=2947119.08  viol=5888595.0420  obj=5891542161.08
[Run 10 | Iter 418] iter_best: cost=2210339.73  viol=6092741.8903  obj=6094952230.08 | best_so_far: cost=2947119.08  viol=5888595.0420  obj=5891542161.08
[Run 10 | FE 12544] best_local_obj=5891542161.08  best_local_cost=2947119.08  best_local_viol=5888595.0420
[Run 10 | Iter 419] iter_best: cost=2486631.65  viol=6014837.2353  obj=6017323866.94 | best_so_far: cost=2947119.08  viol=5888595.0420  obj=5891542161.08
[Run 10 | Iter 420] iter_best: cost=2302437.48  viol=6080331.1636  obj=6082633601.04 | best_so_far: cost=2947119.08  viol=5888595.0420  obj=5891542161.08
[Run 10 | Iter 421] iter_best: cost=2394533.57  viol=6043274.2164  obj=6045668749.94 | best_so_far: cost=2947119.08  viol=5888595.0420  obj=5891542161.08
[Run 10 | Iter 422] iter_best: cost=2394534.90  viol=6026466.0534  obj=6028860588.32 | best_so_far: cost=2947119.08  viol=5888595.0420  obj=5891542161.08
[Run 10 | Iter 423] iter_best: cost=2486631.65  viol=6031430.3274  obj=6033916959.06 | best_so_far: cost=2947119.08  viol=5888595.0420  obj=5891542161.08
[Run 10 | Iter 424] iter_best: cost=2026144.22  viol=6139982.2387  obj=6142008382.89 | best_so_far: cost=2947119.08  viol=5888595.0420  obj=5891542161.08
[Run 10 | Iter 425] iter_best: cost=2210339.40  viol=6085975.7515  obj=6088186090.91 | best_so_far: cost=2947119.08  viol=5888595.0420  obj=5891542161.08
[Run 10 | Iter 426] iter_best: cost=2394534.90  viol=6022804.9815  obj=6025199516.44 | best_so_far: cost=2947119.08  viol=5888595.0420  obj=5891542161.08
[Run 10 | FE 12800] best_local_obj=5891542161.08  best_local_cost=2947119.08  best_local_viol=5888595.0420
[Run 10 | Iter 427] iter_best: cost=2762924.25  viol=5936974.9620  obj=5939737886.20 | best_so_far: cost=2947119.08  viol=5888595.0420  obj=5891542161.08

[Stop] reached max_total_fe=12800.

[Run 10] best_global_cost=2947119.0849, best_global_viol=5888595.041992, best_global_obj=5891542161.0765
[Done] summary=/work/home/acn1eb8nfq/yuezhang46/GFcode/GF实验一：横向对比/aco_global_logs/run_10_seed_1010/runs_summary.csv
