[RunConfig] run_id=20 seed=1020
[OutputDir] /work/home/acn1eb8nfq/yuezhang46/GFcode/GF实验一：横向对比/aco_global_logs/run_20_seed_1020
[Info] #nodes = 1810
[Load] Reading scenarios ...
  - spring: raw edges=3686, days=31
  - summer: raw edges=3686, days=30
  - autumn: raw edges=3686, days=31
  - winter: raw edges=3686, days=30
[Filter] EDGE_WEIGHT_MIN=1.0
  - active_nodes=1450  inactive_nodes(fixed NONE)=360
  - spring: removed=2281, kept=1405
  - summer: removed=2206, kept=1480
  - autumn: removed=2131, kept=1555
  - winter: removed=2189, kept=1497
  - spring: filtered edges (active subgraph)=1405
  - summer: filtered edges (active subgraph)=1480
  - autumn: filtered edges (active subgraph)=1555
  - winter: filtered edges (active subgraph)=1497
[ACO] Pheromone and heuristic initialized.
[ACO] Iterate under FE budget ...
[Run 20 | Iter 1] iter_best: cost=2670826.83  viol=5989929.6608  obj=5992600487.63 | best_so_far: cost=2670826.83  viol=5989929.6608  obj=5992600487.63
[Run 20 | Iter 2] iter_best: cost=2118241.98  viol=6111035.1963  obj=6113153438.28 | best_so_far: cost=2670826.83  viol=5989929.6608  obj=5992600487.63
[Run 20 | Iter 3] iter_best: cost=2026143.89  viol=6182141.1017  obj=6184167245.55 | best_so_far: cost=2670826.83  viol=5989929.6608  obj=5992600487.63
[Run 20 | Iter 4] iter_best: cost=2210338.73  viol=6081870.7697  obj=6084081108.42 | best_so_far: cost=2670826.83  viol=5989929.6608  obj=5992600487.63
[Run 20 | Iter 5] iter_best: cost=2026143.89  viol=6137082.0189  obj=6139108162.76 | best_so_far: cost=2670826.83  viol=5989929.6608  obj=5992600487.63
[Run 20 | Iter 6] iter_best: cost=2394534.57  viol=6046173.3304  obj=6048567864.95 | best_so_far: cost=2670826.83  viol=5989929.6608  obj=5992600487.63
[Run 20 | Iter 7] iter_best: cost=2302436.82  viol=6061499.4777  obj=6063801914.49 | best_so_far: cost=2670826.83  viol=5989929.6608  obj=5992600487.63
[Run 20 | Iter 8] iter_best: cost=2302437.15  viol=6070613.1997  obj=6072915636.84 | best_so_far: cost=2670826.83  viol=5989929.6608  obj=5992600487.63
[Run 20 | FE 256] best_local_obj=5992600487.63  best_local_cost=2670826.83  best_local_viol=5989929.6608
[Run 20 | Iter 9] iter_best: cost=2486631.99  viol=6009910.0207  obj=6012396652.68 | best_so_far: cost=2670826.83  viol=5989929.6608  obj=5992600487.63
[Run 20 | Iter 10] iter_best: cost=2118241.98  viol=6116607.5481  obj=6118725790.07 | best_so_far: cost=2670826.83  viol=5989929.6608  obj=5992600487.63
[Run 20 | Iter 11] iter_best: cost=2302436.48  viol=6059295.6967  obj=6061598133.18 | best_so_far: cost=2670826.83  viol=5989929.6608  obj=5992600487.63
[Run 20 | Iter 12] iter_best: cost=2118241.98  viol=6106965.5942  obj=6109083836.23 | best_so_far: cost=2670826.83  viol=5989929.6608  obj=5992600487.63
[Run 20 | Iter 13] iter_best: cost=2486632.32  viol=6021308.2075  obj=6023794839.86 | best_so_far: cost=2670826.83  viol=5989929.6608  obj=5992600487.63
[Run 20 | Iter 14] iter_best: cost=2486632.66  viol=6013787.1821  obj=6016273814.81 | best_so_far: cost=2670826.83  viol=5989929.6608  obj=5992600487.63
[Run 20 | Iter 15] iter_best: cost=2486630.99  viol=5999206.7642  obj=6001693395.14 | best_so_far: cost=2670826.83  viol=5989929.6608  obj=5992600487.63
[Run 20 | Iter 16] iter_best: cost=2578729.07  viol=5958969.3571  obj=5961548086.21 | best_so_far: cost=2578729.07  viol=5958969.3571  obj=5961548086.21
[Run 20 | Iter 17] iter_best: cost=2210339.06  viol=6107571.7497  obj=6109782088.76 | best_so_far: cost=2578729.07  viol=5958969.3571  obj=5961548086.21
[Run 20 | FE 512] best_local_obj=5961548086.21  best_local_cost=2578729.07  best_local_viol=5958969.3571
[Run 20 | Iter 18] iter_best: cost=2394534.57  viol=6028118.0088  obj=6030512543.36 | best_so_far: cost=2578729.07  viol=5958969.3571  obj=5961548086.21
[Run 20 | Iter 19] iter_best: cost=2118240.98  viol=6120414.7099  obj=6122532950.93 | best_so_far: cost=2578729.07  viol=5958969.3571  obj=5961548086.21
[Run 20 | Iter 20] iter_best: cost=2210339.40  viol=6085062.5675  obj=6087272906.91 | best_so_far: cost=2578729.07  viol=5958969.3571  obj=5961548086.21
[Run 20 | Iter 21] iter_best: cost=2118241.64  viol=6121051.7593  obj=6123170000.98 | best_so_far: cost=2578729.07  viol=5958969.3571  obj=5961548086.21
[Run 20 | Iter 22] iter_best: cost=2210339.73  viol=6086990.0877  obj=6089200427.43 | best_so_far: cost=2578729.07  viol=5958969.3571  obj=5961548086.21
[Run 20 | Iter 23] iter_best: cost=2118241.98  viol=6113553.3198  obj=6115671561.79 | best_so_far: cost=2578729.07  viol=5958969.3571  obj=5961548086.21
[Run 20 | Iter 24] iter_best: cost=2302437.15  viol=6082896.9830  obj=6085199420.12 | best_so_far: cost=2578729.07  viol=5958969.3571  obj=5961548086.21
[Run 20 | Iter 25] iter_best: cost=2026144.22  viol=6136014.0147  obj=6138040158.95 | best_so_far: cost=2578729.07  viol=5958969.3571  obj=5961548086.21
[Run 20 | FE 768] best_local_obj=5955435439.75  best_local_cost=2670826.49  best_local_viol=5952764.6133
[Run 20 | Iter 26] iter_best: cost=2670826.49  viol=5952764.6133  obj=5955435439.75 | best_so_far: cost=2670826.49  viol=5952764.6133  obj=5955435439.75
[Run 20 | Iter 27] iter_best: cost=3039216.50  viol=5845432.3658  obj=5848471582.31 | best_so_far: cost=3039216.50  viol=5845432.3658  obj=5848471582.31
[Run 20 | Iter 28] iter_best: cost=2486631.65  viol=5995628.4396  obj=5998115071.29 | best_so_far: cost=3039216.50  viol=5845432.3658  obj=5848471582.31
[Run 20 | Iter 29] iter_best: cost=2394534.90  viol=6030215.3764  obj=6032609911.33 | best_so_far: cost=3039216.50  viol=5845432.3658  obj=5848471582.31
[Run 20 | Iter 30] iter_best: cost=2394534.24  viol=6038093.6883  obj=6040488222.55 | best_so_far: cost=3039216.50  viol=5845432.3658  obj=5848471582.31
[Run 20 | Iter 31] iter_best: cost=2026144.56  viol=6158942.1422  obj=6160968286.72 | best_so_far: cost=3039216.50  viol=5845432.3658  obj=5848471582.31
[Run 20 | Iter 32] iter_best: cost=2026143.89  viol=6157033.2673  obj=6159059411.19 | best_so_far: cost=3039216.50  viol=5845432.3658  obj=5848471582.31
[Run 20 | Iter 33] iter_best: cost=2486631.99  viol=5999526.7181  obj=6002013350.10 | best_so_far: cost=3039216.50  viol=5845432.3658  obj=5848471582.31
[Run 20 | Iter 34] iter_best: cost=2394535.24  viol=6031938.5610  obj=6034333096.21 | best_so_far: cost=3039216.50  viol=5845432.3658  obj=5848471582.31
[Run 20 | FE 1024] best_local_obj=5848471582.31  best_local_cost=3039216.50  best_local_viol=5845432.3658
[Run 20 | Iter 35] iter_best: cost=2578729.07  viol=5970223.3593  obj=5972802088.35 | best_so_far: cost=3039216.50  viol=5845432.3658  obj=5848471582.31
[Run 20 | Iter 36] iter_best: cost=2302436.82  viol=6062954.4423  obj=6065256879.14 | best_so_far: cost=3039216.50  viol=5845432.3658  obj=5848471582.31
[Run 20 | Iter 37] iter_best: cost=2302436.15  viol=6049252.3814  obj=6051554817.53 | best_so_far: cost=3039216.50  viol=5845432.3658  obj=5848471582.31
[Run 20 | Iter 38] iter_best: cost=2026144.56  viol=6139228.0855  obj=6141254230.09 | best_so_far: cost=3039216.50  viol=5845432.3658  obj=5848471582.31
[Run 20 | Iter 39] iter_best: cost=2210339.40  viol=6084174.4925  obj=6086384831.93 | best_so_far: cost=3039216.50  viol=5845432.3658  obj=5848471582.31
[Run 20 | Iter 40] iter_best: cost=2302437.15  viol=6052797.8125  obj=6055100249.66 | best_so_far: cost=3039216.50  viol=5845432.3658  obj=5848471582.31
[Run 20 | Iter 41] iter_best: cost=2118241.64  viol=6113887.1837  obj=6116005425.36 | best_so_far: cost=3039216.50  viol=5845432.3658  obj=5848471582.31
[Run 20 | Iter 42] iter_best: cost=2486631.65  viol=6018357.3077  obj=6020843939.31 | best_so_far: cost=3039216.50  viol=5845432.3658  obj=5848471582.31
[Run 20 | FE 1280] best_local_obj=5848471582.31  best_local_cost=3039216.50  best_local_viol=5845432.3658
[Run 20 | Iter 43] iter_best: cost=2118242.31  viol=6140371.7202  obj=6142489962.47 | best_so_far: cost=3039216.50  viol=5845432.3658  obj=5848471582.31
[Run 20 | Iter 44] iter_best: cost=2118241.31  viol=6129184.5077  obj=6131302748.97 | best_so_far: cost=3039216.50  viol=5845432.3658  obj=5848471582.31
[Run 20 | Iter 45] iter_best: cost=2302436.82  viol=6066634.3617  obj=6068936798.48 | best_so_far: cost=3039216.50  viol=5845432.3658  obj=5848471582.31
[Run 20 | Iter 46] iter_best: cost=2855021.67  viol=5906604.3259  obj=5909459347.56 | best_so_far: cost=3039216.50  viol=5845432.3658  obj=5848471582.31
[Run 20 | Iter 47] iter_best: cost=1934047.14  viol=6184486.2691  obj=6186420316.24 | best_so_far: cost=3039216.50  viol=5845432.3658  obj=5848471582.31
[Run 20 | Iter 48] iter_best: cost=2302437.82  viol=6089434.2374  obj=6091736675.25 | best_so_far: cost=3039216.50  viol=5845432.3658  obj=5848471582.31
[Run 20 | Iter 49] iter_best: cost=2670826.16  viol=5952029.0220  obj=5954699848.19 | best_so_far: cost=3039216.50  viol=5845432.3658  obj=5848471582.31
[Run 20 | Iter 50] iter_best: cost=2210339.73  viol=6091602.2556  obj=6093812595.31 | best_so_far: cost=3039216.50  viol=5845432.3658  obj=5848471582.31
[Run 20 | Iter 51] iter_best: cost=2302436.48  viol=6076045.1733  obj=6078347609.73 | best_so_far: cost=3039216.50  viol=5845432.3658  obj=5848471582.31
[Run 20 | FE 1536] best_local_obj=5848471582.31  best_local_cost=3039216.50  best_local_viol=5845432.3658
[Run 20 | Iter 52] iter_best: cost=2670827.50  viol=5941077.6226  obj=5943748450.08 | best_so_far: cost=3039216.50  viol=5845432.3658  obj=5848471582.31
[Run 20 | Iter 53] iter_best: cost=2486632.32  viol=6011228.5409  obj=6013715173.26 | best_so_far: cost=3039216.50  viol=5845432.3658  obj=5848471582.31
[Run 20 | Iter 54] iter_best: cost=2210338.73  viol=6082107.7143  obj=6084318053.01 | best_so_far: cost=3039216.50  viol=5845432.3658  obj=5848471582.31
[Run 20 | Iter 55] iter_best: cost=2486631.99  viol=6004839.0681  obj=6007325700.12 | best_so_far: cost=3039216.50  viol=5845432.3658  obj=5848471582.31
[Run 20 | Iter 56] iter_best: cost=2118241.98  viol=6102598.7829  obj=6104717024.88 | best_so_far: cost=3039216.50  viol=5845432.3658  obj=5848471582.31
[Run 20 | Iter 57] iter_best: cost=2026144.56  viol=6162553.0449  obj=6164579189.42 | best_so_far: cost=3039216.50  viol=5845432.3658  obj=5848471582.31
[Run 20 | Iter 58] iter_best: cost=2210339.73  viol=6117169.8057  obj=6119380145.44 | best_so_far: cost=3039216.50  viol=5845432.3658  obj=5848471582.31
[Run 20 | Iter 59] iter_best: cost=2486632.99  viol=6002009.8805  obj=6004496513.49 | best_so_far: cost=3039216.50  viol=5845432.3658  obj=5848471582.31
[Run 20 | FE 1792] best_local_obj=5848471582.31  best_local_cost=3039216.50  best_local_viol=5845432.3658
[Run 20 | Iter 60] iter_best: cost=2210339.06  viol=6100253.7216  obj=6102464060.64 | best_so_far: cost=3039216.50  viol=5845432.3658  obj=5848471582.31
[Run 20 | Iter 61] iter_best: cost=2486631.99  viol=6003802.2075  obj=6006288839.45 | best_so_far: cost=3039216.50  viol=5845432.3658  obj=5848471582.31
[Run 20 | Iter 62] iter_best: cost=2210338.73  viol=6116683.7421  obj=6118894080.80 | best_so_far: cost=3039216.50  viol=5845432.3658  obj=5848471582.31
[Run 20 | Iter 63] iter_best: cost=2486631.99  viol=6018156.3942  obj=6020643026.20 | best_so_far: cost=3039216.50  viol=5845432.3658  obj=5848471582.31
[Run 20 | Iter 64] iter_best: cost=2486631.99  viol=5995492.0429  obj=5997978674.88 | best_so_far: cost=3039216.50  viol=5845432.3658  obj=5848471582.31
[Run 20 | Iter 65] iter_best: cost=2670826.83  viol=5920802.4017  obj=5923473228.51 | best_so_far: cost=3039216.50  viol=5845432.3658  obj=5848471582.31
[Run 20 | Iter 66] iter_best: cost=2302436.48  viol=6088262.5126  obj=6090564949.06 | best_so_far: cost=3039216.50  viol=5845432.3658  obj=5848471582.31
[Run 20 | Iter 67] iter_best: cost=2210338.73  viol=6111622.7231  obj=6113833061.78 | best_so_far: cost=3039216.50  viol=5845432.3658  obj=5848471582.31
[Run 20 | Iter 68] iter_best: cost=2118241.64  viol=6118268.6001  obj=6120386841.71 | best_so_far: cost=3039216.50  viol=5845432.3658  obj=5848471582.31
[Run 20 | FE 2048] best_local_obj=5848471582.31  best_local_cost=3039216.50  best_local_viol=5845432.3658
[Run 20 | Iter 69] iter_best: cost=2210339.06  viol=6080849.4655  obj=6083059804.55 | best_so_far: cost=3039216.50  viol=5845432.3658  obj=5848471582.31
[Run 20 | Iter 70] iter_best: cost=2302437.48  viol=6054582.5397  obj=6056884977.16 | best_so_far: cost=3039216.50  viol=5845432.3658  obj=5848471582.31
[Run 20 | Iter 71] iter_best: cost=2394534.90  viol=6038415.1446  obj=6040809679.49 | best_so_far: cost=3039216.50  viol=5845432.3658  obj=5848471582.31
[Run 20 | Iter 72] iter_best: cost=2394534.57  viol=6036882.8625  obj=6039277397.04 | best_so_far: cost=3039216.50  viol=5845432.3658  obj=5848471582.31
[Run 20 | Iter 73] iter_best: cost=2210339.06  viol=6103889.9043  obj=6106100243.39 | best_so_far: cost=3039216.50  viol=5845432.3658  obj=5848471582.31
[Run 20 | Iter 74] iter_best: cost=2210339.06  viol=6094892.3334  obj=6097102672.44 | best_so_far: cost=3039216.50  viol=5845432.3658  obj=5848471582.31
[Run 20 | Iter 75] iter_best: cost=2118241.64  viol=6122843.2009  obj=6124961442.54 | best_so_far: cost=3039216.50  viol=5845432.3658  obj=5848471582.31
[Run 20 | Iter 76] iter_best: cost=2394534.24  viol=6037290.7947  obj=6039685328.96 | best_so_far: cost=3039216.50  viol=5845432.3658  obj=5848471582.31
[Run 20 | FE 2304] best_local_obj=5848471582.31  best_local_cost=3039216.50  best_local_viol=5845432.3658
[Run 20 | Iter 77] iter_best: cost=2394534.57  viol=6035272.7789  obj=6037667313.51 | best_so_far: cost=3039216.50  viol=5845432.3658  obj=5848471582.31
[Run 20 | Iter 78] iter_best: cost=2118241.64  viol=6102885.3641  obj=6105003605.74 | best_so_far: cost=3039216.50  viol=5845432.3658  obj=5848471582.31
[Run 20 | Iter 79] iter_best: cost=2394534.57  viol=6017630.9330  obj=6020025467.60 | best_so_far: cost=3039216.50  viol=5845432.3658  obj=5848471582.31
[Run 20 | Iter 80] iter_best: cost=2118241.31  viol=6128452.1146  obj=6130570355.96 | best_so_far: cost=3039216.50  viol=5845432.3658  obj=5848471582.31
[Run 20 | Iter 81] iter_best: cost=2118241.31  viol=6111358.3500  obj=6113476591.30 | best_so_far: cost=3039216.50  viol=5845432.3658  obj=5848471582.31
[Run 20 | Iter 82] iter_best: cost=2118242.31  viol=6116407.3616  obj=6118525603.91 | best_so_far: cost=3039216.50  viol=5845432.3658  obj=5848471582.31
[Run 20 | Iter 83] iter_best: cost=2394534.90  viol=6029248.5306  obj=6031643065.54 | best_so_far: cost=3039216.50  viol=5845432.3658  obj=5848471582.31
[Run 20 | Iter 84] iter_best: cost=1934047.14  viol=6191008.0543  obj=6192942101.42 | best_so_far: cost=3039216.50  viol=5845432.3658  obj=5848471582.31
[Run 20 | Iter 85] iter_best: cost=2394534.24  viol=6016745.7248  obj=6019140259.04 | best_so_far: cost=3039216.50  viol=5845432.3658  obj=5848471582.31
[Run 20 | FE 2560] best_local_obj=5848471582.31  best_local_cost=3039216.50  best_local_viol=5845432.3658
[Run 20 | Iter 86] iter_best: cost=2486631.65  viol=6018192.5411  obj=6020679172.76 | best_so_far: cost=3039216.50  viol=5845432.3658  obj=5848471582.31
[Run 20 | Iter 87] iter_best: cost=2210338.39  viol=6090071.9340  obj=6092282272.36 | best_so_far: cost=3039216.50  viol=5845432.3658  obj=5848471582.31
[Run 20 | Iter 88] iter_best: cost=2118241.98  viol=6125095.8759  obj=6127214117.91 | best_so_far: cost=3039216.50  viol=5845432.3658  obj=5848471582.31
[Run 20 | Iter 89] iter_best: cost=2026144.22  viol=6166785.3342  obj=6168811478.41 | best_so_far: cost=3039216.50  viol=5845432.3658  obj=5848471582.31
[Run 20 | Iter 90] iter_best: cost=2578729.07  viol=5996860.9265  obj=5999439655.57 | best_so_far: cost=3039216.50  viol=5845432.3658  obj=5848471582.31
[Run 20 | Iter 91] iter_best: cost=2855022.00  viol=5886761.9497  obj=5889616971.69 | best_so_far: cost=3039216.50  viol=5845432.3658  obj=5848471582.31
[Run 20 | Iter 92] iter_best: cost=2578730.08  viol=5993022.3865  obj=5995601116.61 | best_so_far: cost=3039216.50  viol=5845432.3658  obj=5848471582.31
[Run 20 | Iter 93] iter_best: cost=2302436.15  viol=6067229.6351  obj=6069532071.20 | best_so_far: cost=3039216.50  viol=5845432.3658  obj=5848471582.31
[Run 20 | FE 2816] best_local_obj=5848471582.31  best_local_cost=3039216.50  best_local_viol=5845432.3658
[Run 20 | Iter 94] iter_best: cost=2762925.25  viol=5937636.8961  obj=5940399821.32 | best_so_far: cost=3039216.50  viol=5845432.3658  obj=5848471582.31
[Run 20 | Iter 95] iter_best: cost=2118241.31  viol=6124462.1337  obj=6126580375.06 | best_so_far: cost=3039216.50  viol=5845432.3658  obj=5848471582.31
[Run 20 | Iter 96] iter_best: cost=2394533.57  viol=6033043.1734  obj=6035437706.97 | best_so_far: cost=3039216.50  viol=5845432.3658  obj=5848471582.31
[Run 20 | Iter 97] iter_best: cost=2118241.98  viol=6111065.8491  obj=6113184091.08 | best_so_far: cost=3039216.50  viol=5845432.3658  obj=5848471582.31
[Run 20 | Iter 98] iter_best: cost=2026144.56  viol=6146459.0616  obj=6148485206.19 | best_so_far: cost=3039216.50  viol=5845432.3658  obj=5848471582.31
[Run 20 | Iter 99] iter_best: cost=2026143.89  viol=6135256.7374  obj=6137282881.32 | best_so_far: cost=3039216.50  viol=5845432.3658  obj=5848471582.31
[Run 20 | Iter 100] iter_best: cost=2578729.07  viol=5982657.5562  obj=5985236285.25 | best_so_far: cost=3039216.50  viol=5845432.3658  obj=5848471582.31
[Run 20 | Iter 101] iter_best: cost=2578729.41  viol=6007390.4032  obj=6009969132.64 | best_so_far: cost=3039216.50  viol=5845432.3658  obj=5848471582.31
[Run 20 | Iter 102] iter_best: cost=2118241.64  viol=6132112.5312  obj=6134230772.80 | best_so_far: cost=3039216.50  viol=5845432.3658  obj=5848471582.31
[Run 20 | FE 3072] best_local_obj=5848471582.31  best_local_cost=3039216.50  best_local_viol=5845432.3658
[Run 20 | Iter 103] iter_best: cost=2855022.33  viol=5906141.8946  obj=5908996916.93 | best_so_far: cost=3039216.50  viol=5845432.3658  obj=5848471582.31
[Run 20 | Iter 104] iter_best: cost=2026144.89  viol=6137299.9287  obj=6139326073.57 | best_so_far: cost=3039216.50  viol=5845432.3658  obj=5848471582.31
[Run 20 | Iter 105] iter_best: cost=2210339.73  viol=6081306.7052  obj=6083517044.90 | best_so_far: cost=3039216.50  viol=5845432.3658  obj=5848471582.31
[Run 20 | Iter 106] iter_best: cost=2486631.99  viol=6007706.7848  obj=6010193416.83 | best_so_far: cost=3039216.50  viol=5845432.3658  obj=5848471582.31
[Run 20 | Iter 107] iter_best: cost=2026143.89  viol=6139161.1398  obj=6141187283.66 | best_so_far: cost=3039216.50  viol=5845432.3658  obj=5848471582.31
[Run 20 | Iter 108] iter_best: cost=2394535.91  viol=6050224.5642  obj=6052619100.07 | best_so_far: cost=3039216.50  viol=5845432.3658  obj=5848471582.31
[Run 20 | Iter 109] iter_best: cost=2394534.24  viol=6018886.8395  obj=6021281373.72 | best_so_far: cost=3039216.50  viol=5845432.3658  obj=5848471582.31
[Run 20 | Iter 110] iter_best: cost=2670827.83  viol=5961680.4319  obj=5964351259.70 | best_so_far: cost=3039216.50  viol=5845432.3658  obj=5848471582.31
[Run 20 | FE 3328] best_local_obj=5848471582.31  best_local_cost=3039216.50  best_local_viol=5845432.3658
[Run 20 | Iter 111] iter_best: cost=2210338.39  viol=6082037.3814  obj=6084247719.77 | best_so_far: cost=3039216.50  viol=5845432.3658  obj=5848471582.31
[Run 20 | Iter 112] iter_best: cost=2026144.22  viol=6134029.1736  obj=6136055317.78 | best_so_far: cost=3039216.50  viol=5845432.3658  obj=5848471582.31
[Run 20 | Iter 113] iter_best: cost=2118240.98  viol=6118531.0729  obj=6120649313.88 | best_so_far: cost=3039216.50  viol=5845432.3658  obj=5848471582.31
[Run 20 | Iter 114] iter_best: cost=2210339.06  viol=6089030.4666  obj=6091240805.67 | best_so_far: cost=3039216.50  viol=5845432.3658  obj=5848471582.31
[Run 20 | Iter 115] iter_best: cost=2118241.98  viol=6108282.3795  obj=6110400621.50 | best_so_far: cost=3039216.50  viol=5845432.3658  obj=5848471582.31
[Run 20 | Iter 116] iter_best: cost=2578728.41  viol=5983597.6860  obj=5986176414.42 | best_so_far: cost=3039216.50  viol=5845432.3658  obj=5848471582.31
[Run 20 | Iter 117] iter_best: cost=2210338.73  viol=6094405.5482  obj=6096615886.97 | best_so_far: cost=3039216.50  viol=5845432.3658  obj=5848471582.31
[Run 20 | Iter 118] iter_best: cost=2026144.89  viol=6161720.8490  obj=6163746993.88 | best_so_far: cost=3039216.50  viol=5845432.3658  obj=5848471582.31
[Run 20 | Iter 119] iter_best: cost=2302437.15  viol=6043313.5905  obj=6045616027.69 | best_so_far: cost=3039216.50  viol=5845432.3658  obj=5848471582.31
[Run 20 | FE 3584] best_local_obj=5848471582.31  best_local_cost=3039216.50  best_local_viol=5845432.3658
[Run 20 | Iter 120] iter_best: cost=2118242.65  viol=6109020.9108  obj=6111139153.42 | best_so_far: cost=3039216.50  viol=5845432.3658  obj=5848471582.31
[Run 20 | Iter 121] iter_best: cost=2118241.98  viol=6127035.4996  obj=6129153741.62 | best_so_far: cost=3039216.50  viol=5845432.3658  obj=5848471582.31
[Run 20 | Iter 122] iter_best: cost=2118241.64  viol=6145530.8530  obj=6147649094.63 | best_so_far: cost=3039216.50  viol=5845432.3658  obj=5848471582.31
[Run 20 | Iter 123] iter_best: cost=2486631.32  viol=6044583.0371  obj=6047069668.43 | best_so_far: cost=3039216.50  viol=5845432.3658  obj=5848471582.31
[Run 20 | Iter 124] iter_best: cost=2210339.40  viol=6116718.7645  obj=6118929103.91 | best_so_far: cost=3039216.50  viol=5845432.3658  obj=5848471582.31
[Run 20 | Iter 125] iter_best: cost=2118241.31  viol=6128793.2965  obj=6130911537.78 | best_so_far: cost=3039216.50  viol=5845432.3658  obj=5848471582.31
[Run 20 | Iter 126] iter_best: cost=2118242.31  viol=6121024.3524  obj=6123142594.74 | best_so_far: cost=3039216.50  viol=5845432.3658  obj=5848471582.31
[Run 20 | Iter 127] iter_best: cost=2026144.89  viol=6138185.5939  obj=6140211738.75 | best_so_far: cost=3039216.50  viol=5845432.3658  obj=5848471582.31
[Run 20 | FE 3840] best_local_obj=5848471582.31  best_local_cost=3039216.50  best_local_viol=5845432.3658
[Run 20 | Iter 128] iter_best: cost=2394534.24  viol=6022357.5257  obj=6024752059.91 | best_so_far: cost=3039216.50  viol=5845432.3658  obj=5848471582.31
[Run 20 | Iter 129] iter_best: cost=2394534.57  viol=6026557.1873  obj=6028951721.88 | best_so_far: cost=3039216.50  viol=5845432.3658  obj=5848471582.31
[Run 20 | Iter 130] iter_best: cost=2302436.82  viol=6049031.3223  obj=6051333759.11 | best_so_far: cost=3039216.50  viol=5845432.3658  obj=5848471582.31
[Run 20 | Iter 131] iter_best: cost=2394534.90  viol=6041561.2178  obj=6043955752.68 | best_so_far: cost=3039216.50  viol=5845432.3658  obj=5848471582.31
[Run 20 | Iter 132] iter_best: cost=2210339.06  viol=6086323.6360  obj=6088533975.10 | best_so_far: cost=3039216.50  viol=5845432.3658  obj=5848471582.31
[Run 20 | Iter 133] iter_best: cost=2210339.06  viol=6089402.2408  obj=6091612579.91 | best_so_far: cost=3039216.50  viol=5845432.3658  obj=5848471582.31
[Run 20 | Iter 134] iter_best: cost=2210339.73  viol=6089300.2752  obj=6091510614.91 | best_so_far: cost=3039216.50  viol=5845432.3658  obj=5848471582.31
[Run 20 | Iter 135] iter_best: cost=2578730.08  viol=5991678.5491  obj=5994257279.17 | best_so_far: cost=3039216.50  viol=5845432.3658  obj=5848471582.31
[Run 20 | Iter 136] iter_best: cost=2486632.32  viol=6004848.5686  obj=6007335200.94 | best_so_far: cost=3039216.50  viol=5845432.3658  obj=5848471582.31
[Run 20 | FE 4096] best_local_obj=5848471582.31  best_local_cost=3039216.50  best_local_viol=5845432.3658
[Run 20 | Iter 137] iter_best: cost=2118241.98  viol=6127932.3964  obj=6130050638.35 | best_so_far: cost=3039216.50  viol=5845432.3658  obj=5848471582.31
[Run 20 | Iter 138] iter_best: cost=2210339.40  viol=6089362.3841  obj=6091572723.49 | best_so_far: cost=3039216.50  viol=5845432.3658  obj=5848471582.31
[Run 20 | Iter 139] iter_best: cost=2486631.65  viol=6026564.8446  obj=6029051476.25 | best_so_far: cost=3039216.50  viol=5845432.3658  obj=5848471582.31
[Run 20 | Iter 140] iter_best: cost=2118241.98  viol=6114019.2409  obj=6116137482.88 | best_so_far: cost=3039216.50  viol=5845432.3658  obj=5848471582.31
[Run 20 | Iter 141] iter_best: cost=2486631.32  viol=5996215.4428  obj=5998702074.11 | best_so_far: cost=3039216.50  viol=5845432.3658  obj=5848471582.31
[Run 20 | Iter 142] iter_best: cost=2302436.48  viol=6053404.8704  obj=6055707306.93 | best_so_far: cost=3039216.50  viol=5845432.3658  obj=5848471582.31
[Run 20 | Iter 143] iter_best: cost=2210339.40  viol=6116794.9489  obj=6119005288.32 | best_so_far: cost=3039216.50  viol=5845432.3658  obj=5848471582.31
[Run 20 | Iter 144] iter_best: cost=2026144.89  viol=6147750.2829  obj=6149776427.83 | best_so_far: cost=3039216.50  viol=5845432.3658  obj=5848471582.31
[Run 20 | Iter 145] iter_best: cost=2210339.06  viol=6090376.6315  obj=6092586970.52 | best_so_far: cost=3039216.50  viol=5845432.3658  obj=5848471582.31
[Run 20 | FE 4352] best_local_obj=5848471582.31  best_local_cost=3039216.50  best_local_viol=5845432.3658
[Run 20 | Iter 146] iter_best: cost=2026145.23  viol=6133939.4917  obj=6135965636.97 | best_so_far: cost=3039216.50  viol=5845432.3658  obj=5848471582.31
[Run 20 | Iter 147] iter_best: cost=2302436.48  viol=6046476.3054  obj=6048778741.93 | best_so_far: cost=3039216.50  viol=5845432.3658  obj=5848471582.31
[Run 20 | Iter 148] iter_best: cost=2210339.40  viol=6094113.6195  obj=6096323958.89 | best_so_far: cost=3039216.50  viol=5845432.3658  obj=5848471582.31
[Run 20 | Iter 149] iter_best: cost=2302437.15  viol=6078350.1393  obj=6080652576.44 | best_so_far: cost=3039216.50  viol=5845432.3658  obj=5848471582.31
[Run 20 | Iter 150] iter_best: cost=2118241.64  viol=6147228.5711  obj=6149346812.78 | best_so_far: cost=3039216.50  viol=5845432.3658  obj=5848471582.31
[Run 20 | Iter 151] iter_best: cost=2118242.31  viol=6150291.1360  obj=6152409378.31 | best_so_far: cost=3039216.50  viol=5845432.3658  obj=5848471582.31
[Run 20 | Iter 152] iter_best: cost=2670827.16  viol=5945123.3182  obj=5947794145.38 | best_so_far: cost=3039216.50  viol=5845432.3658  obj=5848471582.31
[Run 20 | Iter 153] iter_best: cost=2210339.06  viol=6108880.9076  obj=6111091246.66 | best_so_far: cost=3039216.50  viol=5845432.3658  obj=5848471582.31
[Run 20 | FE 4608] best_local_obj=5848471582.31  best_local_cost=3039216.50  best_local_viol=5845432.3658
[Run 20 | Iter 154] iter_best: cost=2210339.06  viol=6115489.0263  obj=6117699365.40 | best_so_far: cost=3039216.50  viol=5845432.3658  obj=5848471582.31
[Run 20 | Iter 155] iter_best: cost=2394534.24  viol=6028895.9240  obj=6031290458.25 | best_so_far: cost=3039216.50  viol=5845432.3658  obj=5848471582.31
[Run 20 | Iter 156] iter_best: cost=2578729.41  viol=5965170.0238  obj=5967748753.20 | best_so_far: cost=3039216.50  viol=5845432.3658  obj=5848471582.31
[Run 20 | Iter 157] iter_best: cost=2302436.82  viol=6069920.0944  obj=6072222531.20 | best_so_far: cost=3039216.50  viol=5845432.3658  obj=5848471582.31
[Run 20 | Iter 158] iter_best: cost=2578729.74  viol=5963296.3292  obj=5965875058.95 | best_so_far: cost=3039216.50  viol=5845432.3658  obj=5848471582.31
[Run 20 | Iter 159] iter_best: cost=2210339.06  viol=6122462.9633  obj=6124673302.41 | best_so_far: cost=3039216.50  viol=5845432.3658  obj=5848471582.31
[Run 20 | Iter 160] iter_best: cost=2118241.31  viol=6142958.8169  obj=6145077058.20 | best_so_far: cost=3039216.50  viol=5845432.3658  obj=5848471582.31
[Run 20 | Iter 161] iter_best: cost=2302436.15  viol=6105400.1238  obj=6107702559.95 | best_so_far: cost=3039216.50  viol=5845432.3658  obj=5848471582.31
[Run 20 | Iter 162] iter_best: cost=2578728.74  viol=5958350.5637  obj=5960929292.43 | best_so_far: cost=3039216.50  viol=5845432.3658  obj=5848471582.31
[Run 20 | FE 4864] best_local_obj=5848471582.31  best_local_cost=3039216.50  best_local_viol=5845432.3658
[Run 20 | Iter 163] iter_best: cost=2670826.83  viol=5932478.7205  obj=5935149547.28 | best_so_far: cost=3039216.50  viol=5845432.3658  obj=5848471582.31
[Run 20 | Iter 164] iter_best: cost=2210339.40  viol=6108533.9519  obj=6110744291.25 | best_so_far: cost=3039216.50  viol=5845432.3658  obj=5848471582.31
[Run 20 | Iter 165] iter_best: cost=2118242.65  viol=6118832.6323  obj=6120950874.94 | best_so_far: cost=3039216.50  viol=5845432.3658  obj=5848471582.31
[Run 20 | Iter 166] iter_best: cost=2302436.82  viol=6054833.5862  obj=6057136023.01 | best_so_far: cost=3039216.50  viol=5845432.3658  obj=5848471582.31
[Run 20 | Iter 167] iter_best: cost=1934047.47  viol=6176507.7567  obj=6178441804.19 | best_so_far: cost=3039216.50  viol=5845432.3658  obj=5848471582.31
[Run 20 | Iter 168] iter_best: cost=2302436.48  viol=6065728.1637  obj=6068030600.23 | best_so_far: cost=3039216.50  viol=5845432.3658  obj=5848471582.31
[Run 20 | Iter 169] iter_best: cost=2578729.07  viol=5977137.7879  obj=5979716516.95 | best_so_far: cost=3039216.50  viol=5845432.3658  obj=5848471582.31
[Run 20 | Iter 170] iter_best: cost=2302437.48  viol=6060382.5113  obj=6062684948.78 | best_so_far: cost=3039216.50  viol=5845432.3658  obj=5848471582.31
[Run 20 | FE 5120] best_local_obj=5848471582.31  best_local_cost=3039216.50  best_local_viol=5845432.3658
[Run 20 | Iter 171] iter_best: cost=2486631.99  viol=6013342.8685  obj=6015829500.47 | best_so_far: cost=3039216.50  viol=5845432.3658  obj=5848471582.31
[Run 20 | Iter 172] iter_best: cost=2210338.73  viol=6095048.9818  obj=6097259320.54 | best_so_far: cost=3039216.50  viol=5845432.3658  obj=5848471582.31
[Run 20 | Iter 173] iter_best: cost=2118242.31  viol=6143542.4664  obj=6145660708.68 | best_so_far: cost=3039216.50  viol=5845432.3658  obj=5848471582.31
[Run 20 | Iter 174] iter_best: cost=2486631.99  viol=6003747.6586  obj=6006234290.59 | best_so_far: cost=3039216.50  viol=5845432.3658  obj=5848471582.31
[Run 20 | Iter 175] iter_best: cost=2118242.31  viol=6119173.4322  obj=6121291674.50 | best_so_far: cost=3039216.50  viol=5845432.3658  obj=5848471582.31
[Run 20 | Iter 176] iter_best: cost=2394534.57  viol=6025519.6439  obj=6027914178.49 | best_so_far: cost=3039216.50  viol=5845432.3658  obj=5848471582.31
[Run 20 | Iter 177] iter_best: cost=2394534.24  viol=6022957.4774  obj=6025352011.67 | best_so_far: cost=3039216.50  viol=5845432.3658  obj=5848471582.31
[Run 20 | Iter 178] iter_best: cost=2394533.90  viol=6065279.3443  obj=6067673878.25 | best_so_far: cost=3039216.50  viol=5845432.3658  obj=5848471582.31
[Run 20 | Iter 179] iter_best: cost=2210339.06  viol=6089625.5228  obj=6091835861.88 | best_so_far: cost=3039216.50  viol=5845432.3658  obj=5848471582.31
[Run 20 | FE 5376] best_local_obj=5848471582.31  best_local_cost=3039216.50  best_local_viol=5845432.3658
[Run 20 | Iter 180] iter_best: cost=2302437.15  viol=6047813.6517  obj=6050116088.85 | best_so_far: cost=3039216.50  viol=5845432.3658  obj=5848471582.31
[Run 20 | Iter 181] iter_best: cost=2670826.83  viol=5926983.4115  obj=5929654238.36 | best_so_far: cost=3039216.50  viol=5845432.3658  obj=5848471582.31
[Run 20 | Iter 182] iter_best: cost=2394534.24  viol=6057563.4649  obj=6059957999.14 | best_so_far: cost=3039216.50  viol=5845432.3658  obj=5848471582.31
[Run 20 | Iter 183] iter_best: cost=2394533.90  viol=6030787.2183  obj=6033181752.19 | best_so_far: cost=3039216.50  viol=5845432.3658  obj=5848471582.31
[Run 20 | Iter 184] iter_best: cost=2118241.98  viol=6108621.1969  obj=6110739438.92 | best_so_far: cost=3039216.50  viol=5845432.3658  obj=5848471582.31
[Run 20 | Iter 185] iter_best: cost=2118241.98  viol=6124433.1987  obj=6126551440.64 | best_so_far: cost=3039216.50  viol=5845432.3658  obj=5848471582.31
[Run 20 | Iter 186] iter_best: cost=2394535.24  viol=6057976.0010  obj=6060370536.25 | best_so_far: cost=3039216.50  viol=5845432.3658  obj=5848471582.31
[Run 20 | Iter 187] iter_best: cost=2394534.57  viol=6014326.7439  obj=6016721278.45 | best_so_far: cost=3039216.50  viol=5845432.3658  obj=5848471582.31
[Run 20 | FE 5632] best_local_obj=5848471582.31  best_local_cost=3039216.50  best_local_viol=5845432.3658
[Run 20 | Iter 188] iter_best: cost=2118241.64  viol=6138998.4509  obj=6141116692.58 | best_so_far: cost=3039216.50  viol=5845432.3658  obj=5848471582.31
[Run 20 | Iter 189] iter_best: cost=2302436.82  viol=6065835.8386  obj=6068138275.38 | best_so_far: cost=3039216.50  viol=5845432.3658  obj=5848471582.31
[Run 20 | Iter 190] iter_best: cost=2302436.48  viol=6087813.5834  obj=6090116019.88 | best_so_far: cost=3039216.50  viol=5845432.3658  obj=5848471582.31
[Run 20 | Iter 191] iter_best: cost=2118240.64  viol=6136962.6298  obj=6139080870.46 | best_so_far: cost=3039216.50  viol=5845432.3658  obj=5848471582.31
[Run 20 | Iter 192] iter_best: cost=2302436.48  viol=6073188.8586  obj=6075491295.06 | best_so_far: cost=3039216.50  viol=5845432.3658  obj=5848471582.31
[Run 20 | Iter 193] iter_best: cost=2302437.15  viol=6072944.8970  obj=6075247334.14 | best_so_far: cost=3039216.50  viol=5845432.3658  obj=5848471582.31
[Run 20 | Iter 194] iter_best: cost=2210340.07  viol=6078265.9359  obj=6080476276.02 | best_so_far: cost=3039216.50  viol=5845432.3658  obj=5848471582.31
[Run 20 | Iter 195] iter_best: cost=2486631.32  viol=5992854.8825  obj=5995341513.77 | best_so_far: cost=3039216.50  viol=5845432.3658  obj=5848471582.31
[Run 20 | Iter 196] iter_best: cost=2486632.32  viol=6017659.7408  obj=6020146373.09 | best_so_far: cost=3039216.50  viol=5845432.3658  obj=5848471582.31
[Run 20 | FE 5888] best_local_obj=5848471582.31  best_local_cost=3039216.50  best_local_viol=5845432.3658
[Run 20 | Iter 197] iter_best: cost=3131315.26  viol=5880924.1394  obj=5884055454.68 | best_so_far: cost=3039216.50  viol=5845432.3658  obj=5848471582.31
[Run 20 | Iter 198] iter_best: cost=2394534.90  viol=6043083.6394  obj=6045478174.25 | best_so_far: cost=3039216.50  viol=5845432.3658  obj=5848471582.31
[Run 20 | Iter 199] iter_best: cost=2578729.74  viol=5980651.1656  obj=5983229895.33 | best_so_far: cost=3039216.50  viol=5845432.3658  obj=5848471582.31
[Run 20 | Iter 200] iter_best: cost=2118241.98  viol=6113066.0909  obj=6115184332.89 | best_so_far: cost=3039216.50  viol=5845432.3658  obj=5848471582.31
[Run 20 | Iter 201] iter_best: cost=2394534.57  viol=6061674.5685  obj=6064069103.04 | best_so_far: cost=3039216.50  viol=5845432.3658  obj=5848471582.31
[Run 20 | Iter 202] iter_best: cost=2762924.92  viol=5940720.4783  obj=5943483403.20 | best_so_far: cost=3039216.50  viol=5845432.3658  obj=5848471582.31
[Run 20 | Iter 203] iter_best: cost=2394534.57  viol=6048057.2177  obj=6050451752.30 | best_so_far: cost=3039216.50  viol=5845432.3658  obj=5848471582.31
[Run 20 | Iter 204] iter_best: cost=1934047.14  viol=6197390.0828  obj=6199324129.99 | best_so_far: cost=3039216.50  viol=5845432.3658  obj=5848471582.31
[Run 20 | FE 6144] best_local_obj=5848471582.31  best_local_cost=3039216.50  best_local_viol=5845432.3658
[Run 20 | Iter 205] iter_best: cost=2302436.15  viol=6103001.7774  obj=6105304213.53 | best_so_far: cost=3039216.50  viol=5845432.3658  obj=5848471582.31
[Run 20 | Iter 206] iter_best: cost=2486631.65  viol=5985872.6136  obj=5988359245.25 | best_so_far: cost=3039216.50  viol=5845432.3658  obj=5848471582.31
[Run 20 | Iter 207] iter_best: cost=2210339.73  viol=6093808.3798  obj=6096018719.49 | best_so_far: cost=3039216.50  viol=5845432.3658  obj=5848471582.31
[Run 20 | Iter 208] iter_best: cost=2118241.64  viol=6110582.4263  obj=6112700667.91 | best_so_far: cost=3039216.50  viol=5845432.3658  obj=5848471582.31
[Run 20 | Iter 209] iter_best: cost=2302437.15  viol=6086830.0591  obj=6089132496.29 | best_so_far: cost=3039216.50  viol=5845432.3658  obj=5848471582.31
[Run 20 | Iter 210] iter_best: cost=2670826.49  viol=5974076.9835  obj=5976747810.02 | best_so_far: cost=3039216.50  viol=5845432.3658  obj=5848471582.31
[Run 20 | Iter 211] iter_best: cost=2394534.24  viol=6036921.7543  obj=6039316288.50 | best_so_far: cost=3039216.50  viol=5845432.3658  obj=5848471582.31
[Run 20 | Iter 212] iter_best: cost=2302436.48  viol=6073213.4513  obj=6075515887.80 | best_so_far: cost=3039216.50  viol=5845432.3658  obj=5848471582.31
[Run 20 | Iter 213] iter_best: cost=2302436.82  viol=6069373.3445  obj=6071675781.32 | best_so_far: cost=3039216.50  viol=5845432.3658  obj=5848471582.31
[Run 20 | FE 6400] best_local_obj=5848471582.31  best_local_cost=3039216.50  best_local_viol=5845432.3658
[Run 20 | Iter 214] iter_best: cost=2486632.32  viol=6021607.9198  obj=6024094552.13 | best_so_far: cost=3039216.50  viol=5845432.3658  obj=5848471582.31
[Run 20 | Iter 215] iter_best: cost=2302437.48  viol=6046603.3670  obj=6048905804.50 | best_so_far: cost=3039216.50  viol=5845432.3658  obj=5848471582.31
[Run 20 | Iter 216] iter_best: cost=2302436.15  viol=6066144.3369  obj=6068446773.07 | best_so_far: cost=3039216.50  viol=5845432.3658  obj=5848471582.31
[Run 20 | Iter 217] iter_best: cost=2118241.64  viol=6108549.0374  obj=6110667279.06 | best_so_far: cost=3039216.50  viol=5845432.3658  obj=5848471582.31
[Run 20 | Iter 218] iter_best: cost=2670826.83  viol=5951733.1383  obj=5954403965.09 | best_so_far: cost=3039216.50  viol=5845432.3658  obj=5848471582.31
[Run 20 | Iter 219] iter_best: cost=2947119.08  viol=5856803.3737  obj=5859750492.79 | best_so_far: cost=3039216.50  viol=5845432.3658  obj=5848471582.31
[Run 20 | Iter 220] iter_best: cost=2210339.73  viol=6105513.0735  obj=6107723413.25 | best_so_far: cost=3039216.50  viol=5845432.3658  obj=5848471582.31
[Run 20 | Iter 221] iter_best: cost=2578729.74  viol=5994794.2888  obj=5997373018.58 | best_so_far: cost=3039216.50  viol=5845432.3658  obj=5848471582.31
[Run 20 | FE 6656] best_local_obj=5848471582.31  best_local_cost=3039216.50  best_local_viol=5845432.3658
[Run 20 | Iter 222] iter_best: cost=2670827.83  viol=5958865.2620  obj=5961536089.80 | best_so_far: cost=3039216.50  viol=5845432.3658  obj=5848471582.31
[Run 20 | Iter 223] iter_best: cost=2578729.07  viol=6009495.2690  obj=6012073998.12 | best_so_far: cost=3039216.50  viol=5845432.3658  obj=5848471582.31
[Run 20 | Iter 224] iter_best: cost=2855021.33  viol=5872082.4955  obj=5874937516.85 | best_so_far: cost=3039216.50  viol=5845432.3658  obj=5848471582.31
[Run 20 | Iter 225] iter_best: cost=2118241.98  viol=6134790.1699  obj=6136908411.84 | best_so_far: cost=3039216.50  viol=5845432.3658  obj=5848471582.31
[Run 20 | Iter 226] iter_best: cost=2026145.56  viol=6146946.7252  obj=6148972870.72 | best_so_far: cost=3039216.50  viol=5845432.3658  obj=5848471582.31
[Run 20 | Iter 227] iter_best: cost=2118241.98  viol=6107252.1329  obj=6109370374.85 | best_so_far: cost=3039216.50  viol=5845432.3658  obj=5848471582.31
[Run 20 | Iter 228] iter_best: cost=2118241.64  viol=6117413.4391  obj=6119531680.79 | best_so_far: cost=3039216.50  viol=5845432.3658  obj=5848471582.31
[Run 20 | Iter 229] iter_best: cost=2302437.15  viol=6079275.7776  obj=6081578214.74 | best_so_far: cost=3039216.50  viol=5845432.3658  obj=5848471582.31
[Run 20 | Iter 230] iter_best: cost=2578728.74  viol=5970458.2301  obj=5973036958.82 | best_so_far: cost=3039216.50  viol=5845432.3658  obj=5848471582.31
[Run 20 | FE 6912] best_local_obj=5848471582.31  best_local_cost=3039216.50  best_local_viol=5845432.3658
[Run 20 | Iter 231] iter_best: cost=2762924.25  viol=5938758.1802  obj=5941521104.49 | best_so_far: cost=3039216.50  viol=5845432.3658  obj=5848471582.31
[Run 20 | Iter 232] iter_best: cost=2302436.82  viol=6059738.8911  obj=6062041327.92 | best_so_far: cost=3039216.50  viol=5845432.3658  obj=5848471582.31
[Run 20 | Iter 233] iter_best: cost=2210338.39  viol=6116516.8104  obj=6118727148.79 | best_so_far: cost=3039216.50  viol=5845432.3658  obj=5848471582.31
[Run 20 | Iter 234] iter_best: cost=2210339.73  viol=6106310.9314  obj=6108521271.15 | best_so_far: cost=3039216.50  viol=5845432.3658  obj=5848471582.31
[Run 20 | Iter 235] iter_best: cost=2118241.98  viol=6114190.7715  obj=6116309013.48 | best_so_far: cost=3039216.50  viol=5845432.3658  obj=5848471582.31
[Run 20 | Iter 236] iter_best: cost=2118241.98  viol=6113797.3476  obj=6115915589.61 | best_so_far: cost=3039216.50  viol=5845432.3658  obj=5848471582.31
[Run 20 | Iter 237] iter_best: cost=2026144.22  viol=6135189.3704  obj=6137215514.65 | best_so_far: cost=3039216.50  viol=5845432.3658  obj=5848471582.31
[Run 20 | Iter 238] iter_best: cost=1934047.14  viol=6167849.7750  obj=6169783822.10 | best_so_far: cost=3039216.50  viol=5845432.3658  obj=5848471582.31
[Run 20 | FE 7168] best_local_obj=5848471582.31  best_local_cost=3039216.50  best_local_viol=5845432.3658
[Run 20 | Iter 239] iter_best: cost=2210339.73  viol=6112951.6716  obj=6115162011.38 | best_so_far: cost=3039216.50  viol=5845432.3658  obj=5848471582.31
[Run 20 | Iter 240] iter_best: cost=2394533.57  viol=6031734.5378  obj=6034129071.35 | best_so_far: cost=3039216.50  viol=5845432.3658  obj=5848471582.31
[Run 20 | Iter 241] iter_best: cost=2118241.64  viol=6121270.0182  obj=6123388259.87 | best_so_far: cost=3039216.50  viol=5845432.3658  obj=5848471582.31
[Run 20 | Iter 242] iter_best: cost=2302436.82  viol=6069597.3932  obj=6071899829.99 | best_so_far: cost=3039216.50  viol=5845432.3658  obj=5848471582.31
[Run 20 | Iter 243] iter_best: cost=2118241.31  viol=6103708.6910  obj=6105826932.33 | best_so_far: cost=3039216.50  viol=5845432.3658  obj=5848471582.31
[Run 20 | Iter 244] iter_best: cost=2118241.98  viol=6113268.8396  obj=6115387081.61 | best_so_far: cost=3039216.50  viol=5845432.3658  obj=5848471582.31
[Run 20 | Iter 245] iter_best: cost=2394534.90  viol=6039800.1583  obj=6042194693.24 | best_so_far: cost=3039216.50  viol=5845432.3658  obj=5848471582.31
[Run 20 | Iter 246] iter_best: cost=2210339.40  viol=6137807.5893  obj=6140017928.73 | best_so_far: cost=3039216.50  viol=5845432.3658  obj=5848471582.31
[Run 20 | Iter 247] iter_best: cost=2118241.31  viol=6108238.1825  obj=6110356423.84 | best_so_far: cost=3039216.50  viol=5845432.3658  obj=5848471582.31
[Run 20 | FE 7424] best_local_obj=5848471582.31  best_local_cost=3039216.50  best_local_viol=5845432.3658
[Run 20 | Iter 248] iter_best: cost=2026144.89  viol=6153925.7084  obj=6155951853.32 | best_so_far: cost=3039216.50  viol=5845432.3658  obj=5848471582.31
[Run 20 | Iter 249] iter_best: cost=2210339.06  viol=6089113.0411  obj=6091323380.18 | best_so_far: cost=3039216.50  viol=5845432.3658  obj=5848471582.31
[Run 20 | Iter 250] iter_best: cost=2210339.40  viol=6099639.1080  obj=6101849447.37 | best_so_far: cost=3039216.50  viol=5845432.3658  obj=5848471582.31
[Run 20 | Iter 251] iter_best: cost=2210340.07  viol=6086696.0288  obj=6088906368.89 | best_so_far: cost=3039216.50  viol=5845432.3658  obj=5848471582.31
[Run 20 | Iter 252] iter_best: cost=2302437.15  viol=6092476.0016  obj=6094778438.71 | best_so_far: cost=3039216.50  viol=5845432.3658  obj=5848471582.31
[Run 20 | Iter 253] iter_best: cost=2302437.15  viol=6068914.9713  obj=6071217408.46 | best_so_far: cost=3039216.50  viol=5845432.3658  obj=5848471582.31
[Run 20 | Iter 254] iter_best: cost=2118241.64  viol=6116563.2340  obj=6118681475.62 | best_so_far: cost=3039216.50  viol=5845432.3658  obj=5848471582.31
[Run 20 | Iter 255] iter_best: cost=2210339.06  viol=6092521.9931  obj=6094732332.16 | best_so_far: cost=3039216.50  viol=5845432.3658  obj=5848471582.31
[Run 20 | FE 7680] best_local_obj=5848471582.31  best_local_cost=3039216.50  best_local_viol=5845432.3658
[Run 20 | Iter 256] iter_best: cost=2302436.82  viol=6072584.2832  obj=6074886720.03 | best_so_far: cost=3039216.50  viol=5845432.3658  obj=5848471582.31
[Run 20 | Iter 257] iter_best: cost=2670827.16  viol=5968267.3558  obj=5970938183.00 | best_so_far: cost=3039216.50  viol=5845432.3658  obj=5848471582.31
[Run 20 | Iter 258] iter_best: cost=2486631.99  viol=6014940.2800  obj=6017426912.02 | best_so_far: cost=3039216.50  viol=5845432.3658  obj=5848471582.31
[Run 20 | Iter 259] iter_best: cost=2394534.24  viol=6022564.7378  obj=6024959272.07 | best_so_far: cost=3039216.50  viol=5845432.3658  obj=5848471582.31
[Run 20 | Iter 260] iter_best: cost=2394534.24  viol=6036216.9241  obj=6038611458.38 | best_so_far: cost=3039216.50  viol=5845432.3658  obj=5848471582.31
[Run 20 | Iter 261] iter_best: cost=2486631.65  viol=5988514.1559  obj=5991000787.53 | best_so_far: cost=3039216.50  viol=5845432.3658  obj=5848471582.31
[Run 20 | Iter 262] iter_best: cost=2302436.48  viol=6043428.4465  obj=6045730883.02 | best_so_far: cost=3039216.50  viol=5845432.3658  obj=5848471582.31
[Run 20 | Iter 263] iter_best: cost=2302436.82  viol=6069403.7815  obj=6071706218.30 | best_so_far: cost=3039216.50  viol=5845432.3658  obj=5848471582.31
[Run 20 | Iter 264] iter_best: cost=2210339.73  viol=6076409.5741  obj=6078619913.83 | best_so_far: cost=3039216.50  viol=5845432.3658  obj=5848471582.31
[Run 20 | FE 7936] best_local_obj=5848471582.31  best_local_cost=3039216.50  best_local_viol=5845432.3658
[Run 20 | Iter 265] iter_best: cost=2302437.15  viol=6083921.1608  obj=6086223597.97 | best_so_far: cost=3039216.50  viol=5845432.3658  obj=5848471582.31
[Run 20 | Iter 266] iter_best: cost=2118241.98  viol=6112612.5413  obj=6114730783.31 | best_so_far: cost=3039216.50  viol=5845432.3658  obj=5848471582.31
[Run 20 | Iter 267] iter_best: cost=2210339.06  viol=6085260.0328  obj=6087470371.83 | best_so_far: cost=3039216.50  viol=5845432.3658  obj=5848471582.31
[Run 20 | Iter 268] iter_best: cost=2486631.65  viol=6021604.9604  obj=6024091592.01 | best_so_far: cost=3039216.50  viol=5845432.3658  obj=5848471582.31
[Run 20 | Iter 269] iter_best: cost=2302436.82  viol=6047734.0890  obj=6050036525.84 | best_so_far: cost=3039216.50  viol=5845432.3658  obj=5848471582.31
[Run 20 | Iter 270] iter_best: cost=2486631.99  viol=5998848.4184  obj=6001335050.34 | best_so_far: cost=3039216.50  viol=5845432.3658  obj=5848471582.31
[Run 20 | Iter 271] iter_best: cost=2302436.82  viol=6066205.0780  obj=6068507514.87 | best_so_far: cost=3039216.50  viol=5845432.3658  obj=5848471582.31
[Run 20 | Iter 272] iter_best: cost=2670825.49  viol=5926639.5242  obj=5929310349.71 | best_so_far: cost=3039216.50  viol=5845432.3658  obj=5848471582.31
[Run 20 | Iter 273] iter_best: cost=2486631.99  viol=5988837.3624  obj=5991323994.41 | best_so_far: cost=3039216.50  viol=5845432.3658  obj=5848471582.31
[Run 20 | FE 8192] best_local_obj=5848471582.31  best_local_cost=3039216.50  best_local_viol=5845432.3658
[Run 20 | Iter 274] iter_best: cost=2026143.89  viol=6144486.1799  obj=6146512323.80 | best_so_far: cost=3039216.50  viol=5845432.3658  obj=5848471582.31
[Run 20 | Iter 275] iter_best: cost=2762923.91  viol=5920377.8607  obj=5923140784.59 | best_so_far: cost=3039216.50  viol=5845432.3658  obj=5848471582.31
[Run 20 | Iter 276] iter_best: cost=2302437.15  viol=6054874.0265  obj=6057176463.60 | best_so_far: cost=3039216.50  viol=5845432.3658  obj=5848471582.31
[Run 20 | Iter 277] iter_best: cost=2578730.75  viol=5977463.4670  obj=5980042197.76 | best_so_far: cost=3039216.50  viol=5845432.3658  obj=5848471582.31
[Run 20 | Iter 278] iter_best: cost=2210339.06  viol=6075606.4815  obj=6077816820.61 | best_so_far: cost=3039216.50  viol=5845432.3658  obj=5848471582.31
[Run 20 | Iter 279] iter_best: cost=2210339.40  viol=6081174.3850  obj=6083384724.39 | best_so_far: cost=3039216.50  viol=5845432.3658  obj=5848471582.31
[Run 20 | Iter 280] iter_best: cost=2486631.99  viol=5998762.1196  obj=6001248751.61 | best_so_far: cost=3039216.50  viol=5845432.3658  obj=5848471582.31
[Run 20 | Iter 281] iter_best: cost=2670826.83  viol=5933176.1918  obj=5935847018.58 | best_so_far: cost=3039216.50  viol=5845432.3658  obj=5848471582.31
[Run 20 | FE 8448] best_local_obj=5848471582.31  best_local_cost=3039216.50  best_local_viol=5845432.3658
[Run 20 | Iter 282] iter_best: cost=2210339.06  viol=6081697.0408  obj=6083907379.84 | best_so_far: cost=3039216.50  viol=5845432.3658  obj=5848471582.31
[Run 20 | Iter 283] iter_best: cost=2486631.65  viol=6027879.6168  obj=6030366248.45 | best_so_far: cost=3039216.50  viol=5845432.3658  obj=5848471582.31
[Run 20 | Iter 284] iter_best: cost=2210339.40  viol=6103438.0872  obj=6105648426.63 | best_so_far: cost=3039216.50  viol=5845432.3658  obj=5848471582.31
[Run 20 | Iter 285] iter_best: cost=2302437.82  viol=6080802.5854  obj=6083105023.21 | best_so_far: cost=3039216.50  viol=5845432.3658  obj=5848471582.31
[Run 20 | Iter 286] iter_best: cost=2486631.99  viol=5996663.0888  obj=5999149720.78 | best_so_far: cost=3039216.50  viol=5845432.3658  obj=5848471582.31
[Run 20 | Iter 287] iter_best: cost=2394535.57  viol=6060545.0783  obj=6062939613.88 | best_so_far: cost=3039216.50  viol=5845432.3658  obj=5848471582.31
[Run 20 | Iter 288] iter_best: cost=2210339.06  viol=6087549.0229  obj=6089759362.00 | best_so_far: cost=3039216.50  viol=5845432.3658  obj=5848471582.31
[Run 20 | Iter 289] iter_best: cost=2670827.50  viol=5966402.1738  obj=5969073001.29 | best_so_far: cost=3039216.50  viol=5845432.3658  obj=5848471582.31
[Run 20 | Iter 290] iter_best: cost=2302436.48  viol=6070514.1003  obj=6072816536.79 | best_so_far: cost=3039216.50  viol=5845432.3658  obj=5848471582.31
[Run 20 | FE 8704] best_local_obj=5848471582.31  best_local_cost=3039216.50  best_local_viol=5845432.3658
[Run 20 | Iter 291] iter_best: cost=2210339.40  viol=6101616.7149  obj=6103827054.34 | best_so_far: cost=3039216.50  viol=5845432.3658  obj=5848471582.31
[Run 20 | Iter 292] iter_best: cost=2118242.31  viol=6112754.9774  obj=6114873219.71 | best_so_far: cost=3039216.50  viol=5845432.3658  obj=5848471582.31
[Run 20 | Iter 293] iter_best: cost=2210339.06  viol=6076592.7797  obj=6078803118.79 | best_so_far: cost=3039216.50  viol=5845432.3658  obj=5848471582.31
[Run 20 | Iter 294] iter_best: cost=2118241.31  viol=6111793.8048  obj=6113912046.10 | best_so_far: cost=3039216.50  viol=5845432.3658  obj=5848471582.31
[Run 20 | Iter 295] iter_best: cost=2026144.89  viol=6162123.7771  obj=6164149921.94 | best_so_far: cost=3039216.50  viol=5845432.3658  obj=5848471582.31
[Run 20 | Iter 296] iter_best: cost=2302436.82  viol=6071134.4117  obj=6073436848.52 | best_so_far: cost=3039216.50  viol=5845432.3658  obj=5848471582.31
[Run 20 | Iter 297] iter_best: cost=2210339.40  viol=6084551.7872  obj=6086762126.57 | best_so_far: cost=3039216.50  viol=5845432.3658  obj=5848471582.31
[Run 20 | Iter 298] iter_best: cost=2118241.31  viol=6147192.1584  obj=6149310399.72 | best_so_far: cost=3039216.50  viol=5845432.3658  obj=5848471582.31
[Run 20 | FE 8960] best_local_obj=5848471582.31  best_local_cost=3039216.50  best_local_viol=5845432.3658
[Run 20 | Iter 299] iter_best: cost=2210339.40  viol=6093689.0337  obj=6095899373.10 | best_so_far: cost=3039216.50  viol=5845432.3658  obj=5848471582.31
[Run 20 | Iter 300] iter_best: cost=2578730.08  viol=5965045.5611  obj=5967624291.21 | best_so_far: cost=3039216.50  viol=5845432.3658  obj=5848471582.31
[Run 20 | Iter 301] iter_best: cost=2026144.89  viol=6141921.2245  obj=6143947369.41 | best_so_far: cost=3039216.50  viol=5845432.3658  obj=5848471582.31
[Run 20 | Iter 302] iter_best: cost=2302436.48  viol=6060094.5919  obj=6062397028.39 | best_so_far: cost=3039216.50  viol=5845432.3658  obj=5848471582.31
[Run 20 | Iter 303] iter_best: cost=2210339.73  viol=6107990.6888  obj=6110201028.56 | best_so_far: cost=3039216.50  viol=5845432.3658  obj=5848471582.31
[Run 20 | Iter 304] iter_best: cost=2302436.82  viol=6054634.6169  obj=6056937053.73 | best_so_far: cost=3039216.50  viol=5845432.3658  obj=5848471582.31
[Run 20 | Iter 305] iter_best: cost=2210339.73  viol=6086867.9980  obj=6089078337.73 | best_so_far: cost=3039216.50  viol=5845432.3658  obj=5848471582.31
[Run 20 | Iter 306] iter_best: cost=2578728.41  viol=5965593.9483  obj=5968172676.69 | best_so_far: cost=3039216.50  viol=5845432.3658  obj=5848471582.31
[Run 20 | Iter 307] iter_best: cost=2394533.90  viol=6035760.3339  obj=6038154867.81 | best_so_far: cost=3039216.50  viol=5845432.3658  obj=5848471582.31
[Run 20 | FE 9216] best_local_obj=5848471582.31  best_local_cost=3039216.50  best_local_viol=5845432.3658
[Run 20 | Iter 308] iter_best: cost=2210340.40  viol=6083222.5036  obj=6085432844.00 | best_so_far: cost=3039216.50  viol=5845432.3658  obj=5848471582.31
[Run 20 | Iter 309] iter_best: cost=2578729.74  viol=5958898.5941  obj=5961477323.81 | best_so_far: cost=3039216.50  viol=5845432.3658  obj=5848471582.31
[Run 20 | Iter 310] iter_best: cost=2394534.24  viol=6050197.0100  obj=6052591544.23 | best_so_far: cost=3039216.50  viol=5845432.3658  obj=5848471582.31
[Run 20 | Iter 311] iter_best: cost=2210339.73  viol=6079676.5052  obj=6081886844.98 | best_so_far: cost=3039216.50  viol=5845432.3658  obj=5848471582.31
[Run 20 | Iter 312] iter_best: cost=2118241.31  viol=6113060.4221  obj=6115178663.40 | best_so_far: cost=3039216.50  viol=5845432.3658  obj=5848471582.31
[Run 20 | Iter 313] iter_best: cost=2486631.32  viol=5997206.4753  obj=5999693106.63 | best_so_far: cost=3039216.50  viol=5845432.3658  obj=5848471582.31
[Run 20 | Iter 314] iter_best: cost=2210339.40  viol=6122522.5477  obj=6124732887.05 | best_so_far: cost=3039216.50  viol=5845432.3658  obj=5848471582.31
[Run 20 | Iter 315] iter_best: cost=2302436.48  viol=6055629.2542  obj=6057931690.68 | best_so_far: cost=3039216.50  viol=5845432.3658  obj=5848471582.31
[Run 20 | FE 9472] best_local_obj=5848471582.31  best_local_cost=3039216.50  best_local_viol=5845432.3658
[Run 20 | Iter 316] iter_best: cost=2210339.73  viol=6077123.2225  obj=6079333562.28 | best_so_far: cost=3039216.50  viol=5845432.3658  obj=5848471582.31
[Run 20 | Iter 317] iter_best: cost=2118241.98  viol=6126631.2757  obj=6128749517.64 | best_so_far: cost=3039216.50  viol=5845432.3658  obj=5848471582.31
[Run 20 | Iter 318] iter_best: cost=2394534.90  viol=6020850.7283  obj=6023245263.23 | best_so_far: cost=3039216.50  viol=5845432.3658  obj=5848471582.31
[Run 20 | Iter 319] iter_best: cost=2210339.06  viol=6094067.4748  obj=6096277813.83 | best_so_far: cost=3039216.50  viol=5845432.3658  obj=5848471582.31
[Run 20 | Iter 320] iter_best: cost=2118241.64  viol=6116405.3444  obj=6118523586.04 | best_so_far: cost=3039216.50  viol=5845432.3658  obj=5848471582.31
[Run 20 | Iter 321] iter_best: cost=2302436.82  viol=6060830.7181  obj=6063133154.96 | best_so_far: cost=3039216.50  viol=5845432.3658  obj=5848471582.31
[Run 20 | Iter 322] iter_best: cost=2486631.65  viol=6010450.3957  obj=6012937027.33 | best_so_far: cost=3039216.50  viol=5845432.3658  obj=5848471582.31
[Run 20 | Iter 323] iter_best: cost=2210339.06  viol=6096189.9963  obj=6098400335.36 | best_so_far: cost=3039216.50  viol=5845432.3658  obj=5848471582.31
[Run 20 | Iter 324] iter_best: cost=2210339.06  viol=6106710.0135  obj=6108920352.55 | best_so_far: cost=3039216.50  viol=5845432.3658  obj=5848471582.31
[Run 20 | FE 9728] best_local_obj=5848471582.31  best_local_cost=3039216.50  best_local_viol=5845432.3658
[Run 20 | Iter 325] iter_best: cost=2302436.82  viol=6067167.7305  obj=6069470167.29 | best_so_far: cost=3039216.50  viol=5845432.3658  obj=5848471582.31
[Run 20 | Iter 326] iter_best: cost=2302437.15  viol=6057390.5751  obj=6059693012.23 | best_so_far: cost=3039216.50  viol=5845432.3658  obj=5848471582.31
[Run 20 | Iter 327] iter_best: cost=2394535.24  viol=6035903.3711  obj=6038297906.36 | best_so_far: cost=3039216.50  viol=5845432.3658  obj=5848471582.31
[Run 20 | Iter 328] iter_best: cost=2762924.58  viol=5897013.6736  obj=5899776598.20 | best_so_far: cost=3039216.50  viol=5845432.3658  obj=5848471582.31
[Run 20 | Iter 329] iter_best: cost=2486631.65  viol=5999547.3111  obj=6002033942.75 | best_so_far: cost=3039216.50  viol=5845432.3658  obj=5848471582.31
[Run 20 | Iter 330] iter_best: cost=2210339.40  viol=6090627.8911  obj=6092838230.46 | best_so_far: cost=3039216.50  viol=5845432.3658  obj=5848471582.31
[Run 20 | Iter 331] iter_best: cost=2394534.24  viol=6020569.8449  obj=6022964379.11 | best_so_far: cost=3039216.50  viol=5845432.3658  obj=5848471582.31
[Run 20 | Iter 332] iter_best: cost=2210339.40  viol=6098927.5971  obj=6101137936.52 | best_so_far: cost=3039216.50  viol=5845432.3658  obj=5848471582.31
[Run 20 | FE 9984] best_local_obj=5848471582.31  best_local_cost=3039216.50  best_local_viol=5845432.3658
[Run 20 | Iter 333] iter_best: cost=2210339.40  viol=6077082.9168  obj=6079293256.18 | best_so_far: cost=3039216.50  viol=5845432.3658  obj=5848471582.31
[Run 20 | Iter 334] iter_best: cost=2394534.90  viol=6060162.2542  obj=6062556789.06 | best_so_far: cost=3039216.50  viol=5845432.3658  obj=5848471582.31
[Run 20 | Iter 335] iter_best: cost=2210339.06  viol=6095015.3112  obj=6097225650.24 | best_so_far: cost=3039216.50  viol=5845432.3658  obj=5848471582.31
[Run 20 | Iter 336] iter_best: cost=2210339.40  viol=6139791.2093  obj=6142001548.74 | best_so_far: cost=3039216.50  viol=5845432.3658  obj=5848471582.31
[Run 20 | Iter 337] iter_best: cost=2302436.15  viol=6081847.3226  obj=6084149758.74 | best_so_far: cost=3039216.50  viol=5845432.3658  obj=5848471582.31
[Run 20 | Iter 338] iter_best: cost=2670826.49  viol=5950824.5331  obj=5953495359.59 | best_so_far: cost=3039216.50  viol=5845432.3658  obj=5848471582.31
[Run 20 | Iter 339] iter_best: cost=2394534.24  viol=6049882.3717  obj=6052276905.95 | best_so_far: cost=3039216.50  viol=5845432.3658  obj=5848471582.31
[Run 20 | Iter 340] iter_best: cost=2486631.65  viol=6010832.1681  obj=6013318799.78 | best_so_far: cost=3039216.50  viol=5845432.3658  obj=5848471582.31
[Run 20 | Iter 341] iter_best: cost=2302436.48  viol=6073538.0511  obj=6075840487.55 | best_so_far: cost=3039216.50  viol=5845432.3658  obj=5848471582.31
[Run 20 | FE 10240] best_local_obj=5848471582.31  best_local_cost=3039216.50  best_local_viol=5845432.3658
[Run 20 | Iter 342] iter_best: cost=2486631.99  viol=5985094.4836  obj=5987581115.58 | best_so_far: cost=3039216.50  viol=5845432.3658  obj=5848471582.31
[Run 20 | Iter 343] iter_best: cost=2210339.06  viol=6098369.2255  obj=6100579564.58 | best_so_far: cost=3039216.50  viol=5845432.3658  obj=5848471582.31
[Run 20 | Iter 344] iter_best: cost=2026143.89  viol=6159018.6867  obj=6161044830.62 | best_so_far: cost=3039216.50  viol=5845432.3658  obj=5848471582.31
[Run 20 | Iter 345] iter_best: cost=2302436.48  viol=6070198.6418  obj=6072501078.27 | best_so_far: cost=3039216.50  viol=5845432.3658  obj=5848471582.31
[Run 20 | Iter 346] iter_best: cost=2210339.73  viol=6077277.8613  obj=6079488201.06 | best_so_far: cost=3039216.50  viol=5845432.3658  obj=5848471582.31
[Run 20 | Iter 347] iter_best: cost=2394535.24  viol=6012392.3927  obj=6014786927.99 | best_so_far: cost=3039216.50  viol=5845432.3658  obj=5848471582.31
[Run 20 | Iter 348] iter_best: cost=2486631.99  viol=6004648.7625  obj=6007135394.48 | best_so_far: cost=3039216.50  viol=5845432.3658  obj=5848471582.31
[Run 20 | Iter 349] iter_best: cost=2118241.31  viol=6111361.8755  obj=6113480116.86 | best_so_far: cost=3039216.50  viol=5845432.3658  obj=5848471582.31
[Run 20 | FE 10496] best_local_obj=5848471582.31  best_local_cost=3039216.50  best_local_viol=5845432.3658
[Run 20 | Iter 350] iter_best: cost=2302436.15  viol=6048196.9123  obj=6050499348.42 | best_so_far: cost=3039216.50  viol=5845432.3658  obj=5848471582.31
[Run 20 | Iter 351] iter_best: cost=2670827.16  viol=5972002.6636  obj=5974673490.79 | best_so_far: cost=3039216.50  viol=5845432.3658  obj=5848471582.31
[Run 20 | Iter 352] iter_best: cost=2670826.83  viol=5939027.0503  obj=5941697877.15 | best_so_far: cost=3039216.50  viol=5845432.3658  obj=5848471582.31
[Run 20 | Iter 353] iter_best: cost=2118241.98  viol=6111583.5292  obj=6113701771.14 | best_so_far: cost=3039216.50  viol=5845432.3658  obj=5848471582.31
[Run 20 | Iter 354] iter_best: cost=2210339.06  viol=6078714.0250  obj=6080924364.05 | best_so_far: cost=3039216.50  viol=5845432.3658  obj=5848471582.31
[Run 20 | Iter 355] iter_best: cost=2210339.40  viol=6105463.3337  obj=6107673673.09 | best_so_far: cost=3039216.50  viol=5845432.3658  obj=5848471582.31
[Run 20 | Iter 356] iter_best: cost=2394534.57  viol=6024131.6886  obj=6026526223.17 | best_so_far: cost=3039216.50  viol=5845432.3658  obj=5848471582.31
[Run 20 | Iter 357] iter_best: cost=2026144.89  viol=6144033.8622  obj=6146060007.14 | best_so_far: cost=3039216.50  viol=5845432.3658  obj=5848471582.31
[Run 20 | Iter 358] iter_best: cost=2210339.40  viol=6093705.3435  obj=6095915682.86 | best_so_far: cost=3039216.50  viol=5845432.3658  obj=5848471582.31
[Run 20 | FE 10752] best_local_obj=5848471582.31  best_local_cost=3039216.50  best_local_viol=5845432.3658
[Run 20 | Iter 359] iter_best: cost=2394534.90  viol=6039776.9273  obj=6042171462.16 | best_so_far: cost=3039216.50  viol=5845432.3658  obj=5848471582.31
[Run 20 | Iter 360] iter_best: cost=1841949.05  viol=6201954.7024  obj=6203796651.46 | best_so_far: cost=3039216.50  viol=5845432.3658  obj=5848471582.31
[Run 20 | Iter 361] iter_best: cost=2026145.23  viol=6156762.5246  obj=6158788669.78 | best_so_far: cost=3039216.50  viol=5845432.3658  obj=5848471582.31
[Run 20 | Iter 362] iter_best: cost=2762924.25  viol=5915527.8651  obj=5918290789.33 | best_so_far: cost=3039216.50  viol=5845432.3658  obj=5848471582.31
[Run 20 | Iter 363] iter_best: cost=2394534.24  viol=6033013.9574  obj=6035408491.68 | best_so_far: cost=3039216.50  viol=5845432.3658  obj=5848471582.31
[Run 20 | Iter 364] iter_best: cost=2578729.41  viol=5965878.2187  obj=5968456948.15 | best_so_far: cost=3039216.50  viol=5845432.3658  obj=5848471582.31
[Run 20 | Iter 365] iter_best: cost=2486632.66  viol=6033839.3778  obj=6036326010.49 | best_so_far: cost=3039216.50  viol=5845432.3658  obj=5848471582.31
[Run 20 | Iter 366] iter_best: cost=2578730.08  viol=5981893.8135  obj=5984472543.55 | best_so_far: cost=3039216.50  viol=5845432.3658  obj=5848471582.31
[Run 20 | FE 11008] best_local_obj=5848471582.31  best_local_cost=3039216.50  best_local_viol=5845432.3658
[Run 20 | Iter 367] iter_best: cost=2486632.32  viol=6000237.3171  obj=6002723949.44 | best_so_far: cost=3039216.50  viol=5845432.3658  obj=5848471582.31
[Run 20 | Iter 368] iter_best: cost=2302437.15  viol=6050603.9704  obj=6052906407.56 | best_so_far: cost=3039216.50  viol=5845432.3658  obj=5848471582.31
[Run 20 | Iter 369] iter_best: cost=2486631.32  viol=5985827.8839  obj=5988314515.24 | best_so_far: cost=3039216.50  viol=5845432.3658  obj=5848471582.31
[Run 20 | Iter 370] iter_best: cost=2578730.41  viol=5958033.0146  obj=5960611744.98 | best_so_far: cost=3039216.50  viol=5845432.3658  obj=5848471582.31
[Run 20 | Iter 371] iter_best: cost=2118241.31  viol=6124538.3847  obj=6126656626.03 | best_so_far: cost=3039216.50  viol=5845432.3658  obj=5848471582.31
[Run 20 | Iter 372] iter_best: cost=2210339.06  viol=6095345.8831  obj=6097556222.17 | best_so_far: cost=3039216.50  viol=5845432.3658  obj=5848471582.31
[Run 20 | Iter 373] iter_best: cost=2302437.48  viol=6081078.8371  obj=6083381274.61 | best_so_far: cost=3039216.50  viol=5845432.3658  obj=5848471582.31
[Run 20 | Iter 374] iter_best: cost=2394534.90  viol=6046254.3454  obj=6048648880.35 | best_so_far: cost=3039216.50  viol=5845432.3658  obj=5848471582.31
[Run 20 | Iter 375] iter_best: cost=2486631.65  viol=5991859.1186  obj=5994345750.25 | best_so_far: cost=3039216.50  viol=5845432.3658  obj=5848471582.31
[Run 20 | FE 11264] best_local_obj=5848471582.31  best_local_cost=3039216.50  best_local_viol=5845432.3658
[Run 20 | Iter 376] iter_best: cost=2302436.48  viol=6104590.1722  obj=6106892608.68 | best_so_far: cost=3039216.50  viol=5845432.3658  obj=5848471582.31
[Run 20 | Iter 377] iter_best: cost=2118240.98  viol=6126281.8882  obj=6128400129.19 | best_so_far: cost=3039216.50  viol=5845432.3658  obj=5848471582.31
[Run 20 | Iter 378] iter_best: cost=2394534.24  viol=6024973.0616  obj=6027367595.88 | best_so_far: cost=3039216.50  viol=5845432.3658  obj=5848471582.31
[Run 20 | Iter 379] iter_best: cost=2118241.64  viol=6119587.2745  obj=6121705516.14 | best_so_far: cost=3039216.50  viol=5845432.3658  obj=5848471582.31
[Run 20 | Iter 380] iter_best: cost=2210340.07  viol=6104496.3657  obj=6106706705.79 | best_so_far: cost=3039216.50  viol=5845432.3658  obj=5848471582.31
[Run 20 | Iter 381] iter_best: cost=1934047.47  viol=6168088.4030  obj=6170022450.49 | best_so_far: cost=3039216.50  viol=5845432.3658  obj=5848471582.31
[Run 20 | Iter 382] iter_best: cost=2118241.31  viol=6125397.0153  obj=6127515256.58 | best_so_far: cost=3039216.50  viol=5845432.3658  obj=5848471582.31
[Run 20 | Iter 383] iter_best: cost=2302436.15  viol=6073248.7058  obj=6075551141.94 | best_so_far: cost=3039216.50  viol=5845432.3658  obj=5848471582.31
[Run 20 | FE 11520] best_local_obj=5848471582.31  best_local_cost=3039216.50  best_local_viol=5845432.3658
[Run 20 | Iter 384] iter_best: cost=2302436.82  viol=6062490.6598  obj=6064793096.66 | best_so_far: cost=3039216.50  viol=5845432.3658  obj=5848471582.31
[Run 20 | Iter 385] iter_best: cost=2302437.15  viol=6064948.6087  obj=6067251045.86 | best_so_far: cost=3039216.50  viol=5845432.3658  obj=5848471582.31
[Run 20 | Iter 386] iter_best: cost=2118241.64  viol=6116369.4853  obj=6118487726.99 | best_so_far: cost=3039216.50  viol=5845432.3658  obj=5848471582.31
[Run 20 | Iter 387] iter_best: cost=2394535.24  viol=6060736.8745  obj=6063131409.71 | best_so_far: cost=3039216.50  viol=5845432.3658  obj=5848471582.31
[Run 20 | Iter 388] iter_best: cost=2394534.57  viol=6052025.8561  obj=6054420390.65 | best_so_far: cost=3039216.50  viol=5845432.3658  obj=5848471582.31
[Run 20 | Iter 389] iter_best: cost=2394533.57  viol=6021207.4055  obj=6023601939.10 | best_so_far: cost=3039216.50  viol=5845432.3658  obj=5848471582.31
[Run 20 | Iter 390] iter_best: cost=2302437.15  viol=6068759.3242  obj=6071061761.36 | best_so_far: cost=3039216.50  viol=5845432.3658  obj=5848471582.31
[Run 20 | Iter 391] iter_best: cost=2394534.57  viol=6018797.0124  obj=6021191546.96 | best_so_far: cost=3039216.50  viol=5845432.3658  obj=5848471582.31
[Run 20 | Iter 392] iter_best: cost=2118241.31  viol=6128119.0748  obj=6130237316.12 | best_so_far: cost=3039216.50  viol=5845432.3658  obj=5848471582.31
[Run 20 | FE 11776] best_local_obj=5848471582.31  best_local_cost=3039216.50  best_local_viol=5845432.3658
[Run 20 | Iter 393] iter_best: cost=2486631.65  viol=5997286.8870  obj=5999773518.68 | best_so_far: cost=3039216.50  viol=5845432.3658  obj=5848471582.31
[Run 20 | Iter 394] iter_best: cost=2394534.24  viol=6020260.1482  obj=6022654682.41 | best_so_far: cost=3039216.50  viol=5845432.3658  obj=5848471582.31
[Run 20 | Iter 395] iter_best: cost=2302436.82  viol=6055712.0544  obj=6058014491.17 | best_so_far: cost=3039216.50  viol=5845432.3658  obj=5848471582.31
[Run 20 | Iter 396] iter_best: cost=2302436.15  viol=6061992.2665  obj=6064294702.63 | best_so_far: cost=3039216.50  viol=5845432.3658  obj=5848471582.31
[Run 20 | Iter 397] iter_best: cost=2118242.31  viol=6110796.1491  obj=6112914391.39 | best_so_far: cost=3039216.50  viol=5845432.3658  obj=5848471582.31
[Run 20 | Iter 398] iter_best: cost=2210339.73  viol=6084632.6172  obj=6086842956.89 | best_so_far: cost=3039216.50  viol=5845432.3658  obj=5848471582.31
[Run 20 | Iter 399] iter_best: cost=2486632.32  viol=6025696.7748  obj=6028183407.11 | best_so_far: cost=3039216.50  viol=5845432.3658  obj=5848471582.31
[Run 20 | Iter 400] iter_best: cost=2118241.98  viol=6129705.5993  obj=6131823841.24 | best_so_far: cost=3039216.50  viol=5845432.3658  obj=5848471582.31
[Run 20 | Iter 401] iter_best: cost=2210339.40  viol=6101225.1730  obj=6103435512.37 | best_so_far: cost=3039216.50  viol=5845432.3658  obj=5848471582.31
[Run 20 | FE 12032] best_local_obj=5848471582.31  best_local_cost=3039216.50  best_local_viol=5845432.3658
[Run 20 | Iter 402] iter_best: cost=2302438.15  viol=6071981.7700  obj=6074284208.19 | best_so_far: cost=3039216.50  viol=5845432.3658  obj=5848471582.31
[Run 20 | Iter 403] iter_best: cost=2578729.41  viol=5970193.4912  obj=5972772220.56 | best_so_far: cost=3039216.50  viol=5845432.3658  obj=5848471582.31
[Run 20 | Iter 404] iter_best: cost=2302437.15  viol=6075690.2481  obj=6077992685.30 | best_so_far: cost=3039216.50  viol=5845432.3658  obj=5848471582.31
[Run 20 | Iter 405] iter_best: cost=2486631.65  viol=6013002.9635  obj=6015489595.17 | best_so_far: cost=3039216.50  viol=5845432.3658  obj=5848471582.31
[Run 20 | Iter 406] iter_best: cost=2210339.73  viol=6104370.3273  obj=6106580667.00 | best_so_far: cost=3039216.50  viol=5845432.3658  obj=5848471582.31
[Run 20 | Iter 407] iter_best: cost=2118241.31  viol=6132633.4692  obj=6134751710.46 | best_so_far: cost=3039216.50  viol=5845432.3658  obj=5848471582.31
[Run 20 | Iter 408] iter_best: cost=2302437.15  viol=6066367.5073  obj=6068669944.42 | best_so_far: cost=3039216.50  viol=5845432.3658  obj=5848471582.31
[Run 20 | Iter 409] iter_best: cost=2026144.56  viol=6154203.0930  obj=6156229237.61 | best_so_far: cost=3039216.50  viol=5845432.3658  obj=5848471582.31
[Run 20 | FE 12288] best_local_obj=5848471582.31  best_local_cost=3039216.50  best_local_viol=5845432.3658
[Run 20 | Iter 410] iter_best: cost=2302437.48  viol=6113305.8759  obj=6115608313.35 | best_so_far: cost=3039216.50  viol=5845432.3658  obj=5848471582.31
[Run 20 | Iter 411] iter_best: cost=2118242.31  viol=6113458.2207  obj=6115576462.99 | best_so_far: cost=3039216.50  viol=5845432.3658  obj=5848471582.31
[Run 20 | Iter 412] iter_best: cost=2118242.31  viol=6144941.8160  obj=6147060058.28 | best_so_far: cost=3039216.50  viol=5845432.3658  obj=5848471582.31
[Run 20 | Iter 413] iter_best: cost=2302437.82  viol=6050460.5102  obj=6052762948.02 | best_so_far: cost=3039216.50  viol=5845432.3658  obj=5848471582.31
[Run 20 | Iter 414] iter_best: cost=2394534.90  viol=6030052.6691  obj=6032447203.98 | best_so_far: cost=3039216.50  viol=5845432.3658  obj=5848471582.31
[Run 20 | Iter 415] iter_best: cost=2486631.65  viol=6014890.3557  obj=6017376987.40 | best_so_far: cost=3039216.50  viol=5845432.3658  obj=5848471582.31
[Run 20 | Iter 416] iter_best: cost=2302437.15  viol=6073202.0989  obj=6075504536.05 | best_so_far: cost=3039216.50  viol=5845432.3658  obj=5848471582.31
[Run 20 | Iter 417] iter_best: cost=2302437.48  viol=6079446.1763  obj=6081748613.79 | best_so_far: cost=3039216.50  viol=5845432.3658  obj=5848471582.31
[Run 20 | Iter 418] iter_best: cost=2302436.15  viol=6049232.2369  obj=6051534673.10 | best_so_far: cost=3039216.50  viol=5845432.3658  obj=5848471582.31
[Run 20 | FE 12544] best_local_obj=5848471582.31  best_local_cost=3039216.50  best_local_viol=5845432.3658
[Run 20 | Iter 419] iter_best: cost=2302436.48  viol=6069373.0701  obj=6071675506.62 | best_so_far: cost=3039216.50  viol=5845432.3658  obj=5848471582.31
[Run 20 | Iter 420] iter_best: cost=2302436.48  viol=6040364.7136  obj=6042667150.12 | best_so_far: cost=3039216.50  viol=5845432.3658  obj=5848471582.31
[Run 20 | Iter 421] iter_best: cost=2394533.90  viol=6011323.3692  obj=6013717903.08 | best_so_far: cost=3039216.50  viol=5845432.3658  obj=5848471582.31
[Run 20 | Iter 422] iter_best: cost=2210339.06  viol=6071568.2657  obj=6073778604.74 | best_so_far: cost=3039216.50  viol=5845432.3658  obj=5848471582.31
[Run 20 | Iter 423] iter_best: cost=2302437.82  viol=6056877.7419  obj=6059180179.70 | best_so_far: cost=3039216.50  viol=5845432.3658  obj=5848471582.31
[Run 20 | Iter 424] iter_best: cost=2026144.22  viol=6137417.0696  obj=6139443213.79 | best_so_far: cost=3039216.50  viol=5845432.3658  obj=5848471582.31
[Run 20 | Iter 425] iter_best: cost=2026143.56  viol=6144515.0073  obj=6146541150.81 | best_so_far: cost=3039216.50  viol=5845432.3658  obj=5848471582.31
[Run 20 | Iter 426] iter_best: cost=2578729.41  viol=6002244.7905  obj=6004823519.95 | best_so_far: cost=3039216.50  viol=5845432.3658  obj=5848471582.31
[Run 20 | FE 12800] best_local_obj=5848471582.31  best_local_cost=3039216.50  best_local_viol=5845432.3658
[Run 20 | Iter 427] iter_best: cost=2486632.66  viol=6011867.8784  obj=6014354511.05 | best_so_far: cost=3039216.50  viol=5845432.3658  obj=5848471582.31

[Stop] reached max_total_fe=12800.

[Run 20] best_global_cost=3039216.5041, best_global_viol=5845432.365810, best_global_obj=5848471582.3141
[Done] summary=/work/home/acn1eb8nfq/yuezhang46/GFcode/GF实验一：横向对比/aco_global_logs/run_20_seed_1020/runs_summary.csv
