[RunConfig] run_id=1 seed=1001
[OutputDir] /work/home/acn1eb8nfq/yuezhang46/GFcode/GF实验一：横向对比/aco_global_logs/run_01_seed_1001
[Info] #nodes = 1810
[Load] Reading scenarios ...
  - spring: raw edges=3686, days=31
  - summer: raw edges=3686, days=30
  - autumn: raw edges=3686, days=31
  - winter: raw edges=3686, days=30
[Filter] EDGE_WEIGHT_MIN=1.0
  - active_nodes=1450  inactive_nodes(fixed NONE)=360
  - spring: removed=2281, kept=1405
  - summer: removed=2206, kept=1480
  - autumn: removed=2131, kept=1555
  - winter: removed=2189, kept=1497
  - spring: filtered edges (active subgraph)=1405
  - summer: filtered edges (active subgraph)=1480
  - autumn: filtered edges (active subgraph)=1555
  - winter: filtered edges (active subgraph)=1497
[ACO] Pheromone and heuristic initialized.
[ACO] Iterate under FE budget ...
[Run 01 | Iter 1] iter_best: cost=2486631.65  viol=6009978.1372  obj=6012464768.84 | best_so_far: cost=2486631.65  viol=6009978.1372  obj=6012464768.84
[Run 01 | Iter 2] iter_best: cost=2578729.74  viol=5964998.7060  obj=5967577435.70 | best_so_far: cost=2578729.74  viol=5964998.7060  obj=5967577435.70
[Run 01 | Iter 3] iter_best: cost=2302436.82  viol=6060693.2655  obj=6062995702.33 | best_so_far: cost=2578729.74  viol=5964998.7060  obj=5967577435.70
[Run 01 | Iter 4] iter_best: cost=2578729.41  viol=5996835.8080  obj=5999414537.36 | best_so_far: cost=2578729.74  viol=5964998.7060  obj=5967577435.70
[Run 01 | Iter 5] iter_best: cost=2026144.22  viol=6136691.5934  obj=6138717737.65 | best_so_far: cost=2578729.74  viol=5964998.7060  obj=5967577435.70
[Run 01 | Iter 6] iter_best: cost=2578729.41  viol=5996665.3023  obj=5999244031.70 | best_so_far: cost=2578729.74  viol=5964998.7060  obj=5967577435.70
[Run 01 | Iter 7] iter_best: cost=2486631.99  viol=6012490.2564  obj=6014976888.42 | best_so_far: cost=2578729.74  viol=5964998.7060  obj=5967577435.70
[Run 01 | Iter 8] iter_best: cost=2118241.64  viol=6136306.9030  obj=6138425144.65 | best_so_far: cost=2578729.74  viol=5964998.7060  obj=5967577435.70
[Run 01 | FE 256] best_local_obj=5967577435.70  best_local_cost=2578729.74  best_local_viol=5964998.7060
[Run 01 | Iter 9] iter_best: cost=2118241.98  viol=6119994.1826  obj=6122112424.61 | best_so_far: cost=2578729.74  viol=5964998.7060  obj=5967577435.70
[Run 01 | Iter 10] iter_best: cost=1934047.14  viol=6166483.8355  obj=6168417882.62 | best_so_far: cost=2578729.74  viol=5964998.7060  obj=5967577435.70
[Run 01 | Iter 11] iter_best: cost=2302436.82  viol=6060650.1984  obj=6062952635.20 | best_so_far: cost=2578729.74  viol=5964998.7060  obj=5967577435.70
[Run 01 | Iter 12] iter_best: cost=2394534.90  viol=6062039.7650  obj=6064434299.89 | best_so_far: cost=2578729.74  viol=5964998.7060  obj=5967577435.70
[Run 01 | Iter 13] iter_best: cost=2118241.31  viol=6143827.4941  obj=6145945735.40 | best_so_far: cost=2578729.74  viol=5964998.7060  obj=5967577435.70
[Run 01 | Iter 14] iter_best: cost=2210339.73  viol=6083677.4327  obj=6085887772.46 | best_so_far: cost=2578729.74  viol=5964998.7060  obj=5967577435.70
[Run 01 | Iter 15] iter_best: cost=2394534.57  viol=6027650.4373  obj=6030044971.85 | best_so_far: cost=2578729.74  viol=5964998.7060  obj=5967577435.70
[Run 01 | Iter 16] iter_best: cost=2210339.40  viol=6109952.9327  obj=6112163272.10 | best_so_far: cost=2578729.74  viol=5964998.7060  obj=5967577435.70
[Run 01 | Iter 17] iter_best: cost=2118241.98  viol=6143511.4259  obj=6145629667.84 | best_so_far: cost=2578729.74  viol=5964998.7060  obj=5967577435.70
[Run 01 | FE 512] best_local_obj=5967577435.70  best_local_cost=2578729.74  best_local_viol=5964998.7060
[Run 01 | Iter 18] iter_best: cost=2118242.31  viol=6155514.5732  obj=6157632815.48 | best_so_far: cost=2578729.74  viol=5964998.7060  obj=5967577435.70
[Run 01 | Iter 19] iter_best: cost=2486631.65  viol=6042419.9336  obj=6044906565.24 | best_so_far: cost=2578729.74  viol=5964998.7060  obj=5967577435.70
[Run 01 | Iter 20] iter_best: cost=2118241.64  viol=6127698.5522  obj=6129816793.82 | best_so_far: cost=2578729.74  viol=5964998.7060  obj=5967577435.70
[Run 01 | Iter 21] iter_best: cost=2210339.40  viol=6078879.0424  obj=6081089381.76 | best_so_far: cost=2578729.74  viol=5964998.7060  obj=5967577435.70
[Run 01 | Iter 22] iter_best: cost=2210338.73  viol=6077165.0845  obj=6079375423.25 | best_so_far: cost=2578729.74  viol=5964998.7060  obj=5967577435.70
[Run 01 | Iter 23] iter_best: cost=2394534.57  viol=6036523.5869  obj=6038918121.50 | best_so_far: cost=2578729.74  viol=5964998.7060  obj=5967577435.70
[Run 01 | Iter 24] iter_best: cost=2578729.07  viol=5976008.7971  obj=5978587526.20 | best_so_far: cost=2578729.74  viol=5964998.7060  obj=5967577435.70
[Run 01 | Iter 25] iter_best: cost=2118241.64  viol=6129124.9769  obj=6131243218.49 | best_so_far: cost=2578729.74  viol=5964998.7060  obj=5967577435.70
[Run 01 | FE 768] best_local_obj=5967577435.70  best_local_cost=2578729.74  best_local_viol=5964998.7060
[Run 01 | Iter 26] iter_best: cost=2394534.24  viol=6041072.8224  obj=6043467356.66 | best_so_far: cost=2578729.74  viol=5964998.7060  obj=5967577435.70
[Run 01 | Iter 27] iter_best: cost=2394534.57  viol=6031953.0814  obj=6034347615.96 | best_so_far: cost=2578729.74  viol=5964998.7060  obj=5967577435.70
[Run 01 | Iter 28] iter_best: cost=2210339.73  viol=6077167.1522  obj=6079377491.97 | best_so_far: cost=2578729.74  viol=5964998.7060  obj=5967577435.70
[Run 01 | Iter 29] iter_best: cost=2118241.98  viol=6127085.3535  obj=6129203595.44 | best_so_far: cost=2578729.74  viol=5964998.7060  obj=5967577435.70
[Run 01 | Iter 30] iter_best: cost=2026144.22  viol=6140381.3309  obj=6142407475.11 | best_so_far: cost=2578729.74  viol=5964998.7060  obj=5967577435.70
[Run 01 | Iter 31] iter_best: cost=2486631.65  viol=6002116.9402  obj=6004603571.89 | best_so_far: cost=2578729.74  viol=5964998.7060  obj=5967577435.70
[Run 01 | Iter 32] iter_best: cost=2578728.74  viol=5995195.7848  obj=5997774513.49 | best_so_far: cost=2578729.74  viol=5964998.7060  obj=5967577435.70
[Run 01 | Iter 33] iter_best: cost=2302436.48  viol=6098603.1802  obj=6100905616.64 | best_so_far: cost=2578729.74  viol=5964998.7060  obj=5967577435.70
[Run 01 | Iter 34] iter_best: cost=2210339.06  viol=6082503.5050  obj=6084713844.03 | best_so_far: cost=2578729.74  viol=5964998.7060  obj=5967577435.70
[Run 01 | FE 1024] best_local_obj=5967577435.70  best_local_cost=2578729.74  best_local_viol=5964998.7060
[Run 01 | Iter 35] iter_best: cost=2026144.56  viol=6152051.6583  obj=6154077802.83 | best_so_far: cost=2578729.74  viol=5964998.7060  obj=5967577435.70
[Run 01 | Iter 36] iter_best: cost=2118241.98  viol=6113468.8496  obj=6115587091.57 | best_so_far: cost=2578729.74  viol=5964998.7060  obj=5967577435.70
[Run 01 | Iter 37] iter_best: cost=2670827.50  viol=5964649.3685  obj=5967320195.98 | best_so_far: cost=2670827.50  viol=5964649.3685  obj=5967320195.98
[Run 01 | Iter 38] iter_best: cost=2486632.66  viol=6032442.3802  obj=6034929012.91 | best_so_far: cost=2670827.50  viol=5964649.3685  obj=5967320195.98
[Run 01 | Iter 39] iter_best: cost=2026143.56  viol=6147222.6385  obj=6149248782.02 | best_so_far: cost=2670827.50  viol=5964649.3685  obj=5967320195.98
[Run 01 | Iter 40] iter_best: cost=2026144.22  viol=6165932.0606  obj=6167958204.80 | best_so_far: cost=2670827.50  viol=5964649.3685  obj=5967320195.98
[Run 01 | Iter 41] iter_best: cost=2210339.73  viol=6084898.1897  obj=6087108529.39 | best_so_far: cost=2670827.50  viol=5964649.3685  obj=5967320195.98
[Run 01 | Iter 42] iter_best: cost=2394534.57  viol=6026602.1286  obj=6028996663.14 | best_so_far: cost=2670827.50  viol=5964649.3685  obj=5967320195.98
[Run 01 | FE 1280] best_local_obj=5967320195.98  best_local_cost=2670827.50  best_local_viol=5964649.3685
[Run 01 | Iter 43] iter_best: cost=2302437.15  viol=6102843.0887  obj=6105145525.81 | best_so_far: cost=2670827.50  viol=5964649.3685  obj=5967320195.98
[Run 01 | Iter 44] iter_best: cost=2578728.74  viol=5965175.3420  obj=5967754070.73 | best_so_far: cost=2670827.50  viol=5964649.3685  obj=5967320195.98
[Run 01 | Iter 45] iter_best: cost=2302436.15  viol=6066788.7897  obj=6069091225.89 | best_so_far: cost=2670827.50  viol=5964649.3685  obj=5967320195.98
[Run 01 | Iter 46] iter_best: cost=2394534.90  viol=6021367.0556  obj=6023761590.55 | best_so_far: cost=2670827.50  viol=5964649.3685  obj=5967320195.98
[Run 01 | Iter 47] iter_best: cost=2210339.73  viol=6084024.5660  obj=6086234905.78 | best_so_far: cost=2670827.50  viol=5964649.3685  obj=5967320195.98
[Run 01 | Iter 48] iter_best: cost=2394534.90  viol=6048417.1157  obj=6050811650.60 | best_so_far: cost=2670827.50  viol=5964649.3685  obj=5967320195.98
[Run 01 | Iter 49] iter_best: cost=2210339.40  viol=6082663.4164  obj=6084873755.84 | best_so_far: cost=2670827.50  viol=5964649.3685  obj=5967320195.98
[Run 01 | Iter 50] iter_best: cost=2302436.82  viol=6064726.5711  obj=6067029007.92 | best_so_far: cost=2670827.50  viol=5964649.3685  obj=5967320195.98
[Run 01 | Iter 51] iter_best: cost=2210339.06  viol=6100258.3122  obj=6102468651.31 | best_so_far: cost=2670827.50  viol=5964649.3685  obj=5967320195.98
[Run 01 | FE 1536] best_local_obj=5967320195.98  best_local_cost=2670827.50  best_local_viol=5964649.3685
[Run 01 | Iter 52] iter_best: cost=2210339.73  viol=6077485.0051  obj=6079695344.80 | best_so_far: cost=2670827.50  viol=5964649.3685  obj=5967320195.98
[Run 01 | Iter 53] iter_best: cost=2302436.82  viol=6044936.1879  obj=6047238624.70 | best_so_far: cost=2670827.50  viol=5964649.3685  obj=5967320195.98
[Run 01 | Iter 54] iter_best: cost=2302437.15  viol=6082896.8386  obj=6085199275.75 | best_so_far: cost=2670827.50  viol=5964649.3685  obj=5967320195.98
[Run 01 | Iter 55] iter_best: cost=2486632.66  viol=5986702.1544  obj=5989188787.10 | best_so_far: cost=2670827.50  viol=5964649.3685  obj=5967320195.98
[Run 01 | Iter 56] iter_best: cost=2394534.57  viol=6056776.2052  obj=6059170739.78 | best_so_far: cost=2670827.50  viol=5964649.3685  obj=5967320195.98
[Run 01 | Iter 57] iter_best: cost=2118241.98  viol=6116691.5732  obj=6118809815.19 | best_so_far: cost=2670827.50  viol=5964649.3685  obj=5967320195.98
[Run 01 | Iter 58] iter_best: cost=2118242.31  viol=6125442.6488  obj=6127560891.13 | best_so_far: cost=2670827.50  viol=5964649.3685  obj=5967320195.98
[Run 01 | Iter 59] iter_best: cost=2394534.24  viol=6042405.2317  obj=6044799765.92 | best_so_far: cost=2670827.50  viol=5964649.3685  obj=5967320195.98
[Run 01 | FE 1792] best_local_obj=5967320195.98  best_local_cost=2670827.50  best_local_viol=5964649.3685
[Run 01 | Iter 60] iter_best: cost=2578729.07  viol=6004128.8381  obj=6006707567.19 | best_so_far: cost=2670827.50  viol=5964649.3685  obj=5967320195.98
[Run 01 | Iter 61] iter_best: cost=2302437.15  viol=6061017.9220  obj=6063320359.17 | best_so_far: cost=2670827.50  viol=5964649.3685  obj=5967320195.98
[Run 01 | Iter 62] iter_best: cost=2394534.57  viol=6031775.3760  obj=6034169910.61 | best_so_far: cost=2670827.50  viol=5964649.3685  obj=5967320195.98
[Run 01 | Iter 63] iter_best: cost=2394534.57  viol=6036904.3486  obj=6039298883.21 | best_so_far: cost=2670827.50  viol=5964649.3685  obj=5967320195.98
[Run 01 | Iter 64] iter_best: cost=2394534.57  viol=6052623.3917  obj=6055017926.28 | best_so_far: cost=2670827.50  viol=5964649.3685  obj=5967320195.98
[Run 01 | Iter 65] iter_best: cost=2670827.50  viol=5961390.7417  obj=5964061569.19 | best_so_far: cost=2670827.50  viol=5961390.7417  obj=5964061569.19
[Run 01 | Iter 66] iter_best: cost=2394534.57  viol=6059423.2945  obj=6061817829.03 | best_so_far: cost=2670827.50  viol=5961390.7417  obj=5964061569.19
[Run 01 | Iter 67] iter_best: cost=2026144.22  viol=6149305.5351  obj=6151331679.34 | best_so_far: cost=2670827.50  viol=5961390.7417  obj=5964061569.19
[Run 01 | Iter 68] iter_best: cost=2486631.99  viol=6008482.9583  obj=6010969590.29 | best_so_far: cost=2670827.50  viol=5961390.7417  obj=5964061569.19
[Run 01 | FE 2048] best_local_obj=5964061569.19  best_local_cost=2670827.50  best_local_viol=5961390.7417
[Run 01 | Iter 69] iter_best: cost=2118241.31  viol=6153505.5980  obj=6155623839.31 | best_so_far: cost=2670827.50  viol=5961390.7417  obj=5964061569.19
[Run 01 | Iter 70] iter_best: cost=2394533.90  viol=6032716.2990  obj=6035110832.86 | best_so_far: cost=2670827.50  viol=5961390.7417  obj=5964061569.19
[Run 01 | Iter 71] iter_best: cost=2394534.90  viol=6027766.7032  obj=6030161238.15 | best_so_far: cost=2670827.50  viol=5961390.7417  obj=5964061569.19
[Run 01 | Iter 72] iter_best: cost=2210339.40  viol=6100330.6952  obj=6102541034.64 | best_so_far: cost=2670827.50  viol=5961390.7417  obj=5964061569.19
[Run 01 | Iter 73] iter_best: cost=2578730.08  viol=5971689.3994  obj=5974268129.47 | best_so_far: cost=2670827.50  viol=5961390.7417  obj=5964061569.19
[Run 01 | Iter 74] iter_best: cost=2394534.90  viol=6047005.3596  obj=6049399894.46 | best_so_far: cost=2670827.50  viol=5961390.7417  obj=5964061569.19
[Run 01 | Iter 75] iter_best: cost=2670827.16  viol=5952275.8230  obj=5954946650.13 | best_so_far: cost=2670827.16  viol=5952275.8230  obj=5954946650.13
[Run 01 | Iter 76] iter_best: cost=2486632.32  viol=6007098.1002  obj=6009584732.49 | best_so_far: cost=2670827.16  viol=5952275.8230  obj=5954946650.13
[Run 01 | FE 2304] best_local_obj=5954946650.13  best_local_cost=2670827.16  best_local_viol=5952275.8230
[Run 01 | Iter 77] iter_best: cost=2210339.73  viol=6094065.3401  obj=6096275679.87 | best_so_far: cost=2670827.16  viol=5952275.8230  obj=5954946650.13
[Run 01 | Iter 78] iter_best: cost=2394534.57  viol=6032791.1750  obj=6035185709.56 | best_so_far: cost=2670827.16  viol=5952275.8230  obj=5954946650.13
[Run 01 | Iter 79] iter_best: cost=2486632.32  viol=5985022.1705  obj=5987508802.78 | best_so_far: cost=2670827.16  viol=5952275.8230  obj=5954946650.13
[Run 01 | Iter 80] iter_best: cost=2302437.48  viol=6049727.3855  obj=6052029822.94 | best_so_far: cost=2670827.16  viol=5952275.8230  obj=5954946650.13
[Run 01 | Iter 81] iter_best: cost=2118241.98  viol=6104782.0141  obj=6106900256.10 | best_so_far: cost=2670827.16  viol=5952275.8230  obj=5954946650.13
[Run 01 | Iter 82] iter_best: cost=2118242.31  viol=6104612.9433  obj=6106731185.66 | best_so_far: cost=2670827.16  viol=5952275.8230  obj=5954946650.13
[Run 01 | Iter 83] iter_best: cost=2210338.39  viol=6089569.8614  obj=6091780199.77 | best_so_far: cost=2670827.16  viol=5952275.8230  obj=5954946650.13
[Run 01 | Iter 84] iter_best: cost=2302436.48  viol=6066761.7610  obj=6069064197.47 | best_so_far: cost=2670827.16  viol=5952275.8230  obj=5954946650.13
[Run 01 | Iter 85] iter_best: cost=2486631.99  viol=6011300.6930  obj=6013787324.97 | best_so_far: cost=2670827.16  viol=5952275.8230  obj=5954946650.13
[Run 01 | FE 2560] best_local_obj=5954946650.13  best_local_cost=2670827.16  best_local_viol=5952275.8230
[Run 01 | Iter 86] iter_best: cost=2026145.23  viol=6149543.4423  obj=6151569587.53 | best_so_far: cost=2670827.16  viol=5952275.8230  obj=5954946650.13
[Run 01 | Iter 87] iter_best: cost=2486631.99  viol=6029470.5176  obj=6031957149.58 | best_so_far: cost=2670827.16  viol=5952275.8230  obj=5954946650.13
[Run 01 | Iter 88] iter_best: cost=2026144.56  viol=6135837.1601  obj=6137863304.71 | best_so_far: cost=2670827.16  viol=5952275.8230  obj=5954946650.13
[Run 01 | Iter 89] iter_best: cost=2210340.07  viol=6103101.2720  obj=6105311612.03 | best_so_far: cost=2670827.16  viol=5952275.8230  obj=5954946650.13
[Run 01 | Iter 90] iter_best: cost=2394534.57  viol=6008349.0403  obj=6010743574.88 | best_so_far: cost=2670827.16  viol=5952275.8230  obj=5954946650.13
[Run 01 | Iter 91] iter_best: cost=2394534.24  viol=6046488.9780  obj=6048883512.21 | best_so_far: cost=2670827.16  viol=5952275.8230  obj=5954946650.13
[Run 01 | Iter 92] iter_best: cost=2118242.31  viol=6117222.8357  obj=6119341078.01 | best_so_far: cost=2670827.16  viol=5952275.8230  obj=5954946650.13
[Run 01 | Iter 93] iter_best: cost=2210339.73  viol=6074705.9704  obj=6076916310.16 | best_so_far: cost=2670827.16  viol=5952275.8230  obj=5954946650.13
[Run 01 | FE 2816] best_local_obj=5954946650.13  best_local_cost=2670827.16  best_local_viol=5952275.8230
[Run 01 | Iter 94] iter_best: cost=2394534.57  viol=6029288.5041  obj=6031683038.64 | best_so_far: cost=2670827.16  viol=5952275.8230  obj=5954946650.13
[Run 01 | Iter 95] iter_best: cost=2302437.48  viol=6065619.8237  obj=6067922261.15 | best_so_far: cost=2670827.16  viol=5952275.8230  obj=5954946650.13
[Run 01 | Iter 96] iter_best: cost=2302436.48  viol=6063038.1209  obj=6065340557.38 | best_so_far: cost=2670827.16  viol=5952275.8230  obj=5954946650.13
[Run 01 | Iter 97] iter_best: cost=2302436.82  viol=6085545.5261  obj=6087847962.90 | best_so_far: cost=2670827.16  viol=5952275.8230  obj=5954946650.13
[Run 01 | Iter 98] iter_best: cost=2210339.06  viol=6127459.9128  obj=6129670251.82 | best_so_far: cost=2670827.16  viol=5952275.8230  obj=5954946650.13
[Run 01 | Iter 99] iter_best: cost=2486631.32  viol=6010610.8296  obj=6013097460.93 | best_so_far: cost=2670827.16  viol=5952275.8230  obj=5954946650.13
[Run 01 | Iter 100] iter_best: cost=2394533.90  viol=6030862.7174  obj=6033257251.31 | best_so_far: cost=2670827.16  viol=5952275.8230  obj=5954946650.13
[Run 01 | Iter 101] iter_best: cost=2762924.25  viol=5924491.2633  obj=5927254187.54 | best_so_far: cost=2762924.25  viol=5924491.2633  obj=5927254187.54
[Run 01 | Iter 102] iter_best: cost=2302436.82  viol=6062258.4425  obj=6064560879.32 | best_so_far: cost=2762924.25  viol=5924491.2633  obj=5927254187.54
[Run 01 | FE 3072] best_local_obj=5927254187.54  best_local_cost=2762924.25  best_local_viol=5924491.2633
[Run 01 | Iter 103] iter_best: cost=2670827.16  viol=5965046.0856  obj=5967716912.78 | best_so_far: cost=2762924.25  viol=5924491.2633  obj=5927254187.54
[Run 01 | Iter 104] iter_best: cost=2210339.06  viol=6081638.8940  obj=6083849233.07 | best_so_far: cost=2762924.25  viol=5924491.2633  obj=5927254187.54
[Run 01 | Iter 105] iter_best: cost=2394534.24  viol=6043544.4803  obj=6045939014.51 | best_so_far: cost=2762924.25  viol=5924491.2633  obj=5927254187.54
[Run 01 | Iter 106] iter_best: cost=2302436.82  viol=6069145.1714  obj=6071447608.25 | best_so_far: cost=2762924.25  viol=5924491.2633  obj=5927254187.54
[Run 01 | Iter 107] iter_best: cost=2210339.73  viol=6085219.3893  obj=6087429728.99 | best_so_far: cost=2762924.25  viol=5924491.2633  obj=5927254187.54
[Run 01 | Iter 108] iter_best: cost=2210339.40  viol=6076556.2423  obj=6078766581.68 | best_so_far: cost=2762924.25  viol=5924491.2633  obj=5927254187.54
[Run 01 | Iter 109] iter_best: cost=2118241.98  viol=6122431.0934  obj=6124549335.41 | best_so_far: cost=2762924.25  viol=5924491.2633  obj=5927254187.54
[Run 01 | Iter 110] iter_best: cost=2486630.65  viol=6042209.9014  obj=6044696532.06 | best_so_far: cost=2762924.25  viol=5924491.2633  obj=5927254187.54
[Run 01 | FE 3328] best_local_obj=5927254187.54  best_local_cost=2762924.25  best_local_viol=5924491.2633
[Run 01 | Iter 111] iter_best: cost=2118241.98  viol=6112402.6775  obj=6114520919.46 | best_so_far: cost=2762924.25  viol=5924491.2633  obj=5927254187.54
[Run 01 | Iter 112] iter_best: cost=2394534.57  viol=6055145.6991  obj=6057540233.64 | best_so_far: cost=2762924.25  viol=5924491.2633  obj=5927254187.54
[Run 01 | Iter 113] iter_best: cost=2118240.98  viol=6144339.0693  obj=6146457310.24 | best_so_far: cost=2762924.25  viol=5924491.2633  obj=5927254187.54
[Run 01 | Iter 114] iter_best: cost=2394533.90  viol=6033523.9850  obj=6035918518.92 | best_so_far: cost=2762924.25  viol=5924491.2633  obj=5927254187.54
[Run 01 | Iter 115] iter_best: cost=2302436.48  viol=6059720.4097  obj=6062022846.17 | best_so_far: cost=2762924.25  viol=5924491.2633  obj=5927254187.54
[Run 01 | Iter 116] iter_best: cost=2302437.48  viol=6057734.6275  obj=6060037064.94 | best_so_far: cost=2762924.25  viol=5924491.2633  obj=5927254187.54
[Run 01 | Iter 117] iter_best: cost=2026144.56  viol=6133277.0420  obj=6135303186.60 | best_so_far: cost=2762924.25  viol=5924491.2633  obj=5927254187.54
[Run 01 | Iter 118] iter_best: cost=2118241.64  viol=6105151.4044  obj=6107269646.02 | best_so_far: cost=2762924.25  viol=5924491.2633  obj=5927254187.54
[Run 01 | Iter 119] iter_best: cost=2486631.32  viol=6034174.6942  obj=6036661325.54 | best_so_far: cost=2762924.25  viol=5924491.2633  obj=5927254187.54
[Run 01 | FE 3584] best_local_obj=5927254187.54  best_local_cost=2762924.25  best_local_viol=5924491.2633
[Run 01 | Iter 120] iter_best: cost=2394534.57  viol=6041667.5302  obj=6044062064.74 | best_so_far: cost=2762924.25  viol=5924491.2633  obj=5927254187.54
[Run 01 | Iter 121] iter_best: cost=2486631.32  viol=6014294.2296  obj=6016780860.94 | best_so_far: cost=2762924.25  viol=5924491.2633  obj=5927254187.54
[Run 01 | Iter 122] iter_best: cost=2855021.67  viol=5895547.8697  obj=5898402891.34 | best_so_far: cost=2855021.67  viol=5895547.8697  obj=5898402891.34
[Run 01 | Iter 123] iter_best: cost=2578729.74  viol=6022864.7460  obj=6025443475.73 | best_so_far: cost=2855021.67  viol=5895547.8697  obj=5898402891.34
[Run 01 | Iter 124] iter_best: cost=1934046.47  viol=6182406.9418  obj=6184340988.24 | best_so_far: cost=2855021.67  viol=5895547.8697  obj=5898402891.34
[Run 01 | Iter 125] iter_best: cost=2302436.48  viol=6091107.9115  obj=6093410347.94 | best_so_far: cost=2855021.67  viol=5895547.8697  obj=5898402891.34
[Run 01 | Iter 126] iter_best: cost=2486631.99  viol=5995805.7955  obj=5998292427.54 | best_so_far: cost=2855021.67  viol=5895547.8697  obj=5898402891.34
[Run 01 | Iter 127] iter_best: cost=2210339.06  viol=6095512.3209  obj=6097722659.99 | best_so_far: cost=2855021.67  viol=5895547.8697  obj=5898402891.34
[Run 01 | FE 3840] best_local_obj=5898402891.34  best_local_cost=2855021.67  best_local_viol=5895547.8697
[Run 01 | Iter 128] iter_best: cost=2578729.74  viol=5969991.9066  obj=5972570636.39 | best_so_far: cost=2855021.67  viol=5895547.8697  obj=5898402891.34
[Run 01 | Iter 129] iter_best: cost=2578729.41  viol=5986494.6020  obj=5989073331.40 | best_so_far: cost=2855021.67  viol=5895547.8697  obj=5898402891.34
[Run 01 | Iter 130] iter_best: cost=2302437.15  viol=6053572.0548  obj=6055874491.91 | best_so_far: cost=2855021.67  viol=5895547.8697  obj=5898402891.34
[Run 01 | Iter 131] iter_best: cost=2026143.89  viol=6135216.1275  obj=6137242271.43 | best_so_far: cost=2855021.67  viol=5895547.8697  obj=5898402891.34
[Run 01 | Iter 132] iter_best: cost=2118241.98  viol=6160963.7210  obj=6163081962.99 | best_so_far: cost=2855021.67  viol=5895547.8697  obj=5898402891.34
[Run 01 | Iter 133] iter_best: cost=2118241.64  viol=6118673.8681  obj=6120792109.71 | best_so_far: cost=2855021.67  viol=5895547.8697  obj=5898402891.34
[Run 01 | Iter 134] iter_best: cost=2394534.57  viol=6047621.6131  obj=6050016147.69 | best_so_far: cost=2855021.67  viol=5895547.8697  obj=5898402891.34
[Run 01 | Iter 135] iter_best: cost=2302436.48  viol=6069536.9200  obj=6071839356.51 | best_so_far: cost=2855021.67  viol=5895547.8697  obj=5898402891.34
[Run 01 | Iter 136] iter_best: cost=2394534.90  viol=6032789.4201  obj=6035183954.98 | best_so_far: cost=2855021.67  viol=5895547.8697  obj=5898402891.34
[Run 01 | FE 4096] best_local_obj=5898402891.34  best_local_cost=2855021.67  best_local_viol=5895547.8697
[Run 01 | Iter 137] iter_best: cost=2210338.73  viol=6088282.8463  obj=6090493185.03 | best_so_far: cost=2855021.67  viol=5895547.8697  obj=5898402891.34
[Run 01 | Iter 138] iter_best: cost=2578729.41  viol=5984273.6380  obj=5986852367.38 | best_so_far: cost=2855021.67  viol=5895547.8697  obj=5898402891.34
[Run 01 | Iter 139] iter_best: cost=2394534.90  viol=6064390.3887  obj=6066784923.61 | best_so_far: cost=2855021.67  viol=5895547.8697  obj=5898402891.34
[Run 01 | Iter 140] iter_best: cost=3039217.17  viol=5823333.5717  obj=5826372788.88 | best_so_far: cost=3039217.17  viol=5823333.5717  obj=5826372788.88
[Run 01 | Iter 141] iter_best: cost=2486631.99  viol=6022426.2625  obj=6024912894.53 | best_so_far: cost=3039217.17  viol=5823333.5717  obj=5826372788.88
[Run 01 | Iter 142] iter_best: cost=2578729.74  viol=5969630.1370  obj=5972208866.75 | best_so_far: cost=3039217.17  viol=5823333.5717  obj=5826372788.88
[Run 01 | Iter 143] iter_best: cost=2118241.98  viol=6139908.2778  obj=6142026519.77 | best_so_far: cost=3039217.17  viol=5823333.5717  obj=5826372788.88
[Run 01 | Iter 144] iter_best: cost=2670826.49  viol=5972025.2943  obj=5974696120.76 | best_so_far: cost=3039217.17  viol=5823333.5717  obj=5826372788.88
[Run 01 | Iter 145] iter_best: cost=2394534.57  viol=6043632.9657  obj=6046027500.22 | best_so_far: cost=3039217.17  viol=5823333.5717  obj=5826372788.88
[Run 01 | FE 4352] best_local_obj=5826372788.88  best_local_cost=3039217.17  best_local_viol=5823333.5717
[Run 01 | Iter 146] iter_best: cost=2302436.48  viol=6053774.7335  obj=6056077170.01 | best_so_far: cost=3039217.17  viol=5823333.5717  obj=5826372788.88
[Run 01 | Iter 147] iter_best: cost=2210339.06  viol=6110434.8130  obj=6112645152.11 | best_so_far: cost=3039217.17  viol=5823333.5717  obj=5826372788.88
[Run 01 | Iter 148] iter_best: cost=2394533.90  viol=6021298.3145  obj=6023692848.42 | best_so_far: cost=3039217.17  viol=5823333.5717  obj=5826372788.88
[Run 01 | Iter 149] iter_best: cost=2210339.40  viol=6086340.1439  obj=6088550483.34 | best_so_far: cost=3039217.17  viol=5823333.5717  obj=5826372788.88
[Run 01 | Iter 150] iter_best: cost=2302436.48  viol=6095700.4211  obj=6098002857.59 | best_so_far: cost=3039217.17  viol=5823333.5717  obj=5826372788.88
[Run 01 | Iter 151] iter_best: cost=2302437.15  viol=6070838.4657  obj=6073140902.86 | best_so_far: cost=3039217.17  viol=5823333.5717  obj=5826372788.88
[Run 01 | Iter 152] iter_best: cost=2394534.24  viol=6061865.4147  obj=6064259948.93 | best_so_far: cost=3039217.17  viol=5823333.5717  obj=5826372788.88
[Run 01 | Iter 153] iter_best: cost=2026144.56  viol=6145508.9960  obj=6147535140.58 | best_so_far: cost=3039217.17  viol=5823333.5717  obj=5826372788.88
[Run 01 | FE 4608] best_local_obj=5826372788.88  best_local_cost=3039217.17  best_local_viol=5823333.5717
[Run 01 | Iter 154] iter_best: cost=2302436.48  viol=6083670.7609  obj=6085973197.39 | best_so_far: cost=3039217.17  viol=5823333.5717  obj=5826372788.88
[Run 01 | Iter 155] iter_best: cost=2026143.89  viol=6143166.1495  obj=6145192293.41 | best_so_far: cost=3039217.17  viol=5823333.5717  obj=5826372788.88
[Run 01 | Iter 156] iter_best: cost=2302436.48  viol=6090716.2499  obj=6093018686.42 | best_so_far: cost=3039217.17  viol=5823333.5717  obj=5826372788.88
[Run 01 | Iter 157] iter_best: cost=2210339.40  viol=6110638.1448  obj=6112848484.17 | best_so_far: cost=3039217.17  viol=5823333.5717  obj=5826372788.88
[Run 01 | Iter 158] iter_best: cost=2394533.90  viol=6042733.0438  obj=6045127577.66 | best_so_far: cost=3039217.17  viol=5823333.5717  obj=5826372788.88
[Run 01 | Iter 159] iter_best: cost=2578729.74  viol=5995450.2108  obj=5998028940.49 | best_so_far: cost=3039217.17  viol=5823333.5717  obj=5826372788.88
[Run 01 | Iter 160] iter_best: cost=2486632.32  viol=6055543.3778  obj=6058030010.15 | best_so_far: cost=3039217.17  viol=5823333.5717  obj=5826372788.88
[Run 01 | Iter 161] iter_best: cost=2394534.57  viol=6066199.7189  obj=6068594253.42 | best_so_far: cost=3039217.17  viol=5823333.5717  obj=5826372788.88
[Run 01 | Iter 162] iter_best: cost=2026144.22  viol=6140818.0270  obj=6142844171.20 | best_so_far: cost=3039217.17  viol=5823333.5717  obj=5826372788.88
[Run 01 | FE 4864] best_local_obj=5826372788.88  best_local_cost=3039217.17  best_local_viol=5823333.5717
[Run 01 | Iter 163] iter_best: cost=2210340.40  viol=6080431.2048  obj=6082641545.16 | best_so_far: cost=3039217.17  viol=5823333.5717  obj=5826372788.88
[Run 01 | Iter 164] iter_best: cost=2486631.99  viol=5989954.2497  obj=5992440881.67 | best_so_far: cost=3039217.17  viol=5823333.5717  obj=5826372788.88
[Run 01 | Iter 165] iter_best: cost=2210339.73  viol=6105006.0405  obj=6107216380.22 | best_so_far: cost=3039217.17  viol=5823333.5717  obj=5826372788.88
[Run 01 | Iter 166] iter_best: cost=2486632.32  viol=5999163.4663  obj=6001650098.59 | best_so_far: cost=3039217.17  viol=5823333.5717  obj=5826372788.88
[Run 01 | Iter 167] iter_best: cost=1934046.81  viol=6167781.1377  obj=6169715184.49 | best_so_far: cost=3039217.17  viol=5823333.5717  obj=5826372788.88
[Run 01 | Iter 168] iter_best: cost=2302436.48  viol=6068591.8725  obj=6070894308.96 | best_so_far: cost=3039217.17  viol=5823333.5717  obj=5826372788.88
[Run 01 | Iter 169] iter_best: cost=2302436.15  viol=6071121.9426  obj=6073424378.71 | best_so_far: cost=3039217.17  viol=5823333.5717  obj=5826372788.88
[Run 01 | Iter 170] iter_best: cost=2302437.48  viol=6045476.0678  obj=6047778505.24 | best_so_far: cost=3039217.17  viol=5823333.5717  obj=5826372788.88
[Run 01 | FE 5120] best_local_obj=5826372788.88  best_local_cost=3039217.17  best_local_viol=5823333.5717
[Run 01 | Iter 171] iter_best: cost=1934047.14  viol=6166839.3093  obj=6168773356.45 | best_so_far: cost=3039217.17  viol=5823333.5717  obj=5826372788.88
[Run 01 | Iter 172] iter_best: cost=2486631.99  viol=5989152.0875  obj=5991638719.52 | best_so_far: cost=3039217.17  viol=5823333.5717  obj=5826372788.88
[Run 01 | Iter 173] iter_best: cost=2670827.50  viol=5939432.0123  obj=5942102839.80 | best_so_far: cost=3039217.17  viol=5823333.5717  obj=5826372788.88
[Run 01 | Iter 174] iter_best: cost=1934047.47  viol=6169340.9694  obj=6171275016.83 | best_so_far: cost=3039217.17  viol=5823333.5717  obj=5826372788.88
[Run 01 | Iter 175] iter_best: cost=1934046.47  viol=6194248.2318  obj=6196182278.22 | best_so_far: cost=3039217.17  viol=5823333.5717  obj=5826372788.88
[Run 01 | Iter 176] iter_best: cost=2394534.57  viol=6016092.1253  obj=6018486659.89 | best_so_far: cost=3039217.17  viol=5823333.5717  obj=5826372788.88
[Run 01 | Iter 177] iter_best: cost=2118241.64  viol=6110083.9846  obj=6112202226.25 | best_so_far: cost=3039217.17  viol=5823333.5717  obj=5826372788.88
[Run 01 | Iter 178] iter_best: cost=2118242.31  viol=6113902.4120  obj=6116020654.32 | best_so_far: cost=3039217.17  viol=5823333.5717  obj=5826372788.88
[Run 01 | Iter 179] iter_best: cost=2210338.73  viol=6090140.8946  obj=6092351233.28 | best_so_far: cost=3039217.17  viol=5823333.5717  obj=5826372788.88
[Run 01 | FE 5376] best_local_obj=5826372788.88  best_local_cost=3039217.17  best_local_viol=5823333.5717
[Run 01 | Iter 180] iter_best: cost=2210339.73  viol=6105886.8863  obj=6108097226.04 | best_so_far: cost=3039217.17  viol=5823333.5717  obj=5826372788.88
[Run 01 | Iter 181] iter_best: cost=2578729.41  viol=5980504.7774  obj=5983083506.78 | best_so_far: cost=3039217.17  viol=5823333.5717  obj=5826372788.88
[Run 01 | Iter 182] iter_best: cost=2302436.82  viol=6054479.0850  obj=6056781521.85 | best_so_far: cost=3039217.17  viol=5823333.5717  obj=5826372788.88
[Run 01 | Iter 183] iter_best: cost=2118242.31  viol=6150176.2509  obj=6152294493.17 | best_so_far: cost=3039217.17  viol=5823333.5717  obj=5826372788.88
[Run 01 | Iter 184] iter_best: cost=2394534.24  viol=6054746.1076  obj=6057140641.82 | best_so_far: cost=3039217.17  viol=5823333.5717  obj=5826372788.88
[Run 01 | Iter 185] iter_best: cost=2210338.73  viol=6092203.6996  obj=6094414038.37 | best_so_far: cost=3039217.17  viol=5823333.5717  obj=5826372788.88
[Run 01 | Iter 186] iter_best: cost=2026143.89  viol=6156563.5622  obj=6158589706.12 | best_so_far: cost=3039217.17  viol=5823333.5717  obj=5826372788.88
[Run 01 | Iter 187] iter_best: cost=2210339.06  viol=6077934.6039  obj=6080144942.94 | best_so_far: cost=3039217.17  viol=5823333.5717  obj=5826372788.88
[Run 01 | FE 5632] best_local_obj=5826372788.88  best_local_cost=3039217.17  best_local_viol=5823333.5717
[Run 01 | Iter 188] iter_best: cost=2210340.07  viol=6079643.4980  obj=6081853838.11 | best_so_far: cost=3039217.17  viol=5823333.5717  obj=5826372788.88
[Run 01 | Iter 189] iter_best: cost=1934046.81  viol=6171370.4128  obj=6173304459.64 | best_so_far: cost=3039217.17  viol=5823333.5717  obj=5826372788.88
[Run 01 | Iter 190] iter_best: cost=2762923.58  viol=5944749.9590  obj=5947512882.57 | best_so_far: cost=3039217.17  viol=5823333.5717  obj=5826372788.88
[Run 01 | Iter 191] iter_best: cost=2210339.73  viol=6097644.7503  obj=6099855090.00 | best_so_far: cost=3039217.17  viol=5823333.5717  obj=5826372788.88
[Run 01 | Iter 192] iter_best: cost=2210339.40  viol=6094697.0438  obj=6096907383.21 | best_so_far: cost=3039217.17  viol=5823333.5717  obj=5826372788.88
[Run 01 | Iter 193] iter_best: cost=2486631.65  viol=6030309.1071  obj=6032795738.71 | best_so_far: cost=3039217.17  viol=5823333.5717  obj=5826372788.88
[Run 01 | Iter 194] iter_best: cost=2210339.06  viol=6106779.5804  obj=6108989919.43 | best_so_far: cost=3039217.17  viol=5823333.5717  obj=5826372788.88
[Run 01 | Iter 195] iter_best: cost=2210338.73  viol=6089019.8986  obj=6091230237.32 | best_so_far: cost=3039217.17  viol=5823333.5717  obj=5826372788.88
[Run 01 | Iter 196] iter_best: cost=2210339.40  viol=6078687.3472  obj=6080897686.56 | best_so_far: cost=3039217.17  viol=5823333.5717  obj=5826372788.88
[Run 01 | FE 5888] best_local_obj=5826372788.88  best_local_cost=3039217.17  best_local_viol=5823333.5717
[Run 01 | Iter 197] iter_best: cost=2118241.31  viol=6106499.2760  obj=6108617517.26 | best_so_far: cost=3039217.17  viol=5823333.5717  obj=5826372788.88
[Run 01 | Iter 198] iter_best: cost=2026144.56  viol=6147064.3417  obj=6149090486.27 | best_so_far: cost=3039217.17  viol=5823333.5717  obj=5826372788.88
[Run 01 | Iter 199] iter_best: cost=2394534.57  viol=6026504.3213  obj=6028898855.87 | best_so_far: cost=3039217.17  viol=5823333.5717  obj=5826372788.88
[Run 01 | Iter 200] iter_best: cost=2118241.98  viol=6115972.2732  obj=6118090515.23 | best_so_far: cost=3039217.17  viol=5823333.5717  obj=5826372788.88
[Run 01 | Iter 201] iter_best: cost=2302436.15  viol=6074120.4883  obj=6076422924.48 | best_so_far: cost=3039217.17  viol=5823333.5717  obj=5826372788.88
[Run 01 | Iter 202] iter_best: cost=2302437.15  viol=6077391.4879  obj=6079693925.07 | best_so_far: cost=3039217.17  viol=5823333.5717  obj=5826372788.88
[Run 01 | Iter 203] iter_best: cost=2210338.73  viol=6082276.2662  obj=6084486604.94 | best_so_far: cost=3039217.17  viol=5823333.5717  obj=5826372788.88
[Run 01 | Iter 204] iter_best: cost=2486632.32  viol=6016469.9320  obj=6018956564.37 | best_so_far: cost=3039217.17  viol=5823333.5717  obj=5826372788.88
[Run 01 | FE 6144] best_local_obj=5826372788.88  best_local_cost=3039217.17  best_local_viol=5823333.5717
[Run 01 | Iter 205] iter_best: cost=2578729.74  viol=6015315.8140  obj=6017894543.78 | best_so_far: cost=3039217.17  viol=5823333.5717  obj=5826372788.88
[Run 01 | Iter 206] iter_best: cost=2670826.49  viol=5982592.4166  obj=5985263243.14 | best_so_far: cost=3039217.17  viol=5823333.5717  obj=5826372788.88
[Run 01 | Iter 207] iter_best: cost=2486632.32  viol=6005523.5534  obj=6008010185.71 | best_so_far: cost=3039217.17  viol=5823333.5717  obj=5826372788.88
[Run 01 | Iter 208] iter_best: cost=2210339.40  viol=6120478.2104  obj=6122688549.75 | best_so_far: cost=3039217.17  viol=5823333.5717  obj=5826372788.88
[Run 01 | Iter 209] iter_best: cost=2302437.48  viol=6065655.2440  obj=6067957681.46 | best_so_far: cost=3039217.17  viol=5823333.5717  obj=5826372788.88
[Run 01 | Iter 210] iter_best: cost=2486631.65  viol=5990407.7228  obj=5992894354.48 | best_so_far: cost=3039217.17  viol=5823333.5717  obj=5826372788.88
[Run 01 | Iter 211] iter_best: cost=2026144.89  viol=6142178.8209  obj=6144204965.80 | best_so_far: cost=3039217.17  viol=5823333.5717  obj=5826372788.88
[Run 01 | Iter 212] iter_best: cost=2026144.56  viol=6142771.6731  obj=6144797817.68 | best_so_far: cost=3039217.17  viol=5823333.5717  obj=5826372788.88
[Run 01 | Iter 213] iter_best: cost=2670826.49  viol=6020502.8657  obj=6023173692.18 | best_so_far: cost=3039217.17  viol=5823333.5717  obj=5826372788.88
[Run 01 | FE 6400] best_local_obj=5826372788.88  best_local_cost=3039217.17  best_local_viol=5823333.5717
[Run 01 | Iter 214] iter_best: cost=2210339.40  viol=6102762.4500  obj=6104972789.44 | best_so_far: cost=3039217.17  viol=5823333.5717  obj=5826372788.88
[Run 01 | Iter 215] iter_best: cost=2670826.83  viol=5941086.9270  obj=5943757753.83 | best_so_far: cost=3039217.17  viol=5823333.5717  obj=5826372788.88
[Run 01 | Iter 216] iter_best: cost=2394534.57  viol=6068548.3197  obj=6070942854.29 | best_so_far: cost=3039217.17  viol=5823333.5717  obj=5826372788.88
[Run 01 | Iter 217] iter_best: cost=2578730.08  viol=5989969.8672  obj=5992548597.26 | best_so_far: cost=3039217.17  viol=5823333.5717  obj=5826372788.88
[Run 01 | Iter 218] iter_best: cost=2394535.24  viol=6065898.3258  obj=6068292861.05 | best_so_far: cost=3039217.17  viol=5823333.5717  obj=5826372788.88
[Run 01 | Iter 219] iter_best: cost=2302436.82  viol=6069582.9253  obj=6071885362.14 | best_so_far: cost=3039217.17  viol=5823333.5717  obj=5826372788.88
[Run 01 | Iter 220] iter_best: cost=2210338.73  viol=6086376.7717  obj=6088587110.38 | best_so_far: cost=3039217.17  viol=5823333.5717  obj=5826372788.88
[Run 01 | Iter 221] iter_best: cost=2118241.98  viol=6130020.1769  obj=6132138418.91 | best_so_far: cost=3039217.17  viol=5823333.5717  obj=5826372788.88
[Run 01 | FE 6656] best_local_obj=5826372788.88  best_local_cost=3039217.17  best_local_viol=5823333.5717
[Run 01 | Iter 222] iter_best: cost=2578730.08  viol=5997842.0622  obj=6000420792.30 | best_so_far: cost=3039217.17  viol=5823333.5717  obj=5826372788.88
[Run 01 | Iter 223] iter_best: cost=2118241.64  viol=6111857.3329  obj=6113975574.53 | best_so_far: cost=3039217.17  viol=5823333.5717  obj=5826372788.88
[Run 01 | Iter 224] iter_best: cost=2302437.15  viol=6066566.4864  obj=6068868923.60 | best_so_far: cost=3039217.17  viol=5823333.5717  obj=5826372788.88
[Run 01 | Iter 225] iter_best: cost=2210339.40  viol=6086094.9797  obj=6088305319.07 | best_so_far: cost=3039217.17  viol=5823333.5717  obj=5826372788.88
[Run 01 | Iter 226] iter_best: cost=2670826.49  viol=5969705.5254  obj=5972376351.86 | best_so_far: cost=3039217.17  viol=5823333.5717  obj=5826372788.88
[Run 01 | Iter 227] iter_best: cost=2302436.48  viol=6071360.0469  obj=6073662483.38 | best_so_far: cost=3039217.17  viol=5823333.5717  obj=5826372788.88
[Run 01 | Iter 228] iter_best: cost=2118241.98  viol=6109544.2405  obj=6111662482.47 | best_so_far: cost=3039217.17  viol=5823333.5717  obj=5826372788.88
[Run 01 | Iter 229] iter_best: cost=2394534.24  viol=6036828.6346  obj=6039223168.82 | best_so_far: cost=3039217.17  viol=5823333.5717  obj=5826372788.88
[Run 01 | Iter 230] iter_best: cost=2302437.48  viol=6078501.7895  obj=6080804227.00 | best_so_far: cost=3039217.17  viol=5823333.5717  obj=5826372788.88
[Run 01 | FE 6912] best_local_obj=5826372788.88  best_local_cost=3039217.17  best_local_viol=5823333.5717
[Run 01 | Iter 231] iter_best: cost=2670827.16  viol=5955630.0101  obj=5958300837.31 | best_so_far: cost=3039217.17  viol=5823333.5717  obj=5826372788.88
[Run 01 | Iter 232] iter_best: cost=2302436.48  viol=6055515.4272  obj=6057817863.68 | best_so_far: cost=3039217.17  viol=5823333.5717  obj=5826372788.88
[Run 01 | Iter 233] iter_best: cost=2118241.98  viol=6104098.0544  obj=6106216296.33 | best_so_far: cost=3039217.17  viol=5823333.5717  obj=5826372788.88
[Run 01 | Iter 234] iter_best: cost=2486631.32  viol=6033965.5400  obj=6036452171.31 | best_so_far: cost=3039217.17  viol=5823333.5717  obj=5826372788.88
[Run 01 | Iter 235] iter_best: cost=2302436.48  viol=6101288.6559  obj=6103591092.40 | best_so_far: cost=3039217.17  viol=5823333.5717  obj=5826372788.88
[Run 01 | Iter 236] iter_best: cost=2302436.82  viol=6070367.9688  obj=6072670405.59 | best_so_far: cost=3039217.17  viol=5823333.5717  obj=5826372788.88
[Run 01 | Iter 237] iter_best: cost=2302436.82  viol=6076589.1460  obj=6078891582.82 | best_so_far: cost=3039217.17  viol=5823333.5717  obj=5826372788.88
[Run 01 | Iter 238] iter_best: cost=2210340.07  viol=6081274.1670  obj=6083484507.04 | best_so_far: cost=3039217.17  viol=5823333.5717  obj=5826372788.88
[Run 01 | FE 7168] best_local_obj=5826372788.88  best_local_cost=3039217.17  best_local_viol=5823333.5717
[Run 01 | Iter 239] iter_best: cost=2486632.66  viol=6026963.4638  obj=6029450096.48 | best_so_far: cost=3039217.17  viol=5823333.5717  obj=5826372788.88
[Run 01 | Iter 240] iter_best: cost=2486631.65  viol=6015468.7550  obj=6017955386.70 | best_so_far: cost=3039217.17  viol=5823333.5717  obj=5826372788.88
[Run 01 | Iter 241] iter_best: cost=2394533.90  viol=6021308.3426  obj=6023702876.48 | best_so_far: cost=3039217.17  viol=5823333.5717  obj=5826372788.88
[Run 01 | Iter 242] iter_best: cost=2026143.89  viol=6153504.4997  obj=6155530643.62 | best_so_far: cost=3039217.17  viol=5823333.5717  obj=5826372788.88
[Run 01 | Iter 243] iter_best: cost=1841949.72  viol=6200189.3030  obj=6202031252.69 | best_so_far: cost=3039217.17  viol=5823333.5717  obj=5826372788.88
[Run 01 | Iter 244] iter_best: cost=2118241.64  viol=6118058.0378  obj=6120176279.46 | best_so_far: cost=3039217.17  viol=5823333.5717  obj=5826372788.88
[Run 01 | Iter 245] iter_best: cost=2670826.49  viol=5959579.0092  obj=5962249835.67 | best_so_far: cost=3039217.17  viol=5823333.5717  obj=5826372788.88
[Run 01 | Iter 246] iter_best: cost=2394534.90  viol=6047916.8344  obj=6050311369.29 | best_so_far: cost=3039217.17  viol=5823333.5717  obj=5826372788.88
[Run 01 | Iter 247] iter_best: cost=2302436.82  viol=6064758.8536  obj=6067061290.38 | best_so_far: cost=3039217.17  viol=5823333.5717  obj=5826372788.88
[Run 01 | FE 7424] best_local_obj=5826372788.88  best_local_cost=3039217.17  best_local_viol=5823333.5717
[Run 01 | Iter 248] iter_best: cost=2670826.83  viol=5967409.9385  obj=5970080765.35 | best_so_far: cost=3039217.17  viol=5823333.5717  obj=5826372788.88
[Run 01 | Iter 249] iter_best: cost=2118241.31  viol=6127480.9469  obj=6129599188.17 | best_so_far: cost=3039217.17  viol=5823333.5717  obj=5826372788.88
[Run 01 | Iter 250] iter_best: cost=2118241.31  viol=6115400.9850  obj=6117519226.32 | best_so_far: cost=3039217.17  viol=5823333.5717  obj=5826372788.88
[Run 01 | Iter 251] iter_best: cost=2486632.66  viol=6015709.2556  obj=6018195888.26 | best_so_far: cost=3039217.17  viol=5823333.5717  obj=5826372788.88
[Run 01 | Iter 252] iter_best: cost=2302437.15  viol=6065167.3271  obj=6067469764.22 | best_so_far: cost=3039217.17  viol=5823333.5717  obj=5826372788.88
[Run 01 | Iter 253] iter_best: cost=2394534.57  viol=6044541.6784  obj=6046936212.96 | best_so_far: cost=3039217.17  viol=5823333.5717  obj=5826372788.88
[Run 01 | Iter 254] iter_best: cost=2302437.48  viol=6097935.6927  obj=6100238130.17 | best_so_far: cost=3039217.17  viol=5823333.5717  obj=5826372788.88
[Run 01 | Iter 255] iter_best: cost=2302437.82  viol=6051500.0181  obj=6053802455.90 | best_so_far: cost=3039217.17  viol=5823333.5717  obj=5826372788.88
[Run 01 | FE 7680] best_local_obj=5826372788.88  best_local_cost=3039217.17  best_local_viol=5823333.5717
[Run 01 | Iter 256] iter_best: cost=2302436.82  viol=6053734.0181  obj=6056036454.92 | best_so_far: cost=3039217.17  viol=5823333.5717  obj=5826372788.88
[Run 01 | Iter 257] iter_best: cost=2026145.23  viol=6133892.5628  obj=6135918707.99 | best_so_far: cost=3039217.17  viol=5823333.5717  obj=5826372788.88
[Run 01 | Iter 258] iter_best: cost=2486631.99  viol=6023721.6809  obj=6026208312.92 | best_so_far: cost=3039217.17  viol=5823333.5717  obj=5826372788.88
[Run 01 | Iter 259] iter_best: cost=2302436.82  viol=6062522.3245  obj=6064824761.37 | best_so_far: cost=3039217.17  viol=5823333.5717  obj=5826372788.88
[Run 01 | Iter 260] iter_best: cost=2302436.82  viol=6059104.6276  obj=6061407064.37 | best_so_far: cost=3039217.17  viol=5823333.5717  obj=5826372788.88
[Run 01 | Iter 261] iter_best: cost=2486631.99  viol=6008716.0872  obj=6011202719.15 | best_so_far: cost=3039217.17  viol=5823333.5717  obj=5826372788.88
[Run 01 | Iter 262] iter_best: cost=1841949.39  viol=6203596.8554  obj=6205438804.80 | best_so_far: cost=3039217.17  viol=5823333.5717  obj=5826372788.88
[Run 01 | Iter 263] iter_best: cost=2578728.74  viol=5967793.6412  obj=5970372369.89 | best_so_far: cost=3039217.17  viol=5823333.5717  obj=5826372788.88
[Run 01 | Iter 264] iter_best: cost=2118241.98  viol=6116297.5240  obj=6118415766.01 | best_so_far: cost=3039217.17  viol=5823333.5717  obj=5826372788.88
[Run 01 | FE 7936] best_local_obj=5826372788.88  best_local_cost=3039217.17  best_local_viol=5823333.5717
[Run 01 | Iter 265] iter_best: cost=2302437.15  viol=6077511.5078  obj=6079813944.98 | best_so_far: cost=3039217.17  viol=5823333.5717  obj=5826372788.88
[Run 01 | Iter 266] iter_best: cost=2210338.73  viol=6092201.0633  obj=6094411402.04 | best_so_far: cost=3039217.17  viol=5823333.5717  obj=5826372788.88
[Run 01 | Iter 267] iter_best: cost=2210340.73  viol=6083791.7166  obj=6086002057.32 | best_so_far: cost=3039217.17  viol=5823333.5717  obj=5826372788.88
[Run 01 | Iter 268] iter_best: cost=2394533.23  viol=6058031.6572  obj=6060426190.42 | best_so_far: cost=3039217.17  viol=5823333.5717  obj=5826372788.88
[Run 01 | Iter 269] iter_best: cost=2118241.64  viol=6113762.5043  obj=6115880745.99 | best_so_far: cost=3039217.17  viol=5823333.5717  obj=5826372788.88
[Run 01 | Iter 270] iter_best: cost=2302436.82  viol=6052604.9577  obj=6054907394.47 | best_so_far: cost=3039217.17  viol=5823333.5717  obj=5826372788.88
[Run 01 | Iter 271] iter_best: cost=2302436.48  viol=6052371.3018  obj=6054673738.32 | best_so_far: cost=3039217.17  viol=5823333.5717  obj=5826372788.88
[Run 01 | Iter 272] iter_best: cost=2394533.90  viol=6033528.3034  obj=6035922837.32 | best_so_far: cost=3039217.17  viol=5823333.5717  obj=5826372788.88
[Run 01 | Iter 273] iter_best: cost=2118242.31  viol=6113620.9410  obj=6115739183.29 | best_so_far: cost=3039217.17  viol=5823333.5717  obj=5826372788.88
[Run 01 | FE 8192] best_local_obj=5826372788.88  best_local_cost=3039217.17  best_local_viol=5823333.5717
[Run 01 | Iter 274] iter_best: cost=2302436.82  viol=6075915.7249  obj=6078218161.69 | best_so_far: cost=3039217.17  viol=5823333.5717  obj=5826372788.88
[Run 01 | Iter 275] iter_best: cost=2210338.73  viol=6125170.1641  obj=6127380502.81 | best_so_far: cost=3039217.17  viol=5823333.5717  obj=5826372788.88
[Run 01 | Iter 276] iter_best: cost=2302436.82  viol=6073997.1333  obj=6076299570.13 | best_so_far: cost=3039217.17  viol=5823333.5717  obj=5826372788.88
[Run 01 | Iter 277] iter_best: cost=2302436.48  viol=6054887.5748  obj=6057190011.30 | best_so_far: cost=3039217.17  viol=5823333.5717  obj=5826372788.88
[Run 01 | Iter 278] iter_best: cost=2394534.90  viol=6063763.9566  obj=6066158491.50 | best_so_far: cost=3039217.17  viol=5823333.5717  obj=5826372788.88
[Run 01 | Iter 279] iter_best: cost=2670826.83  viol=5929093.6540  obj=5931764480.82 | best_so_far: cost=3039217.17  viol=5823333.5717  obj=5826372788.88
[Run 01 | Iter 280] iter_best: cost=2578730.41  viol=5985111.5345  obj=5987690264.92 | best_so_far: cost=3039217.17  viol=5823333.5717  obj=5826372788.88
[Run 01 | Iter 281] iter_best: cost=2118242.31  viol=6129830.9322  obj=6131949174.51 | best_so_far: cost=3039217.17  viol=5823333.5717  obj=5826372788.88
[Run 01 | FE 8448] best_local_obj=5826372788.88  best_local_cost=3039217.17  best_local_viol=5823333.5717
[Run 01 | Iter 282] iter_best: cost=2210339.73  viol=6085647.2844  obj=6087857624.15 | best_so_far: cost=3039217.17  viol=5823333.5717  obj=5826372788.88
[Run 01 | Iter 283] iter_best: cost=2210339.06  viol=6085176.2318  obj=6087386570.89 | best_so_far: cost=3039217.17  viol=5823333.5717  obj=5826372788.88
[Run 01 | Iter 284] iter_best: cost=2578730.41  viol=6003707.2492  obj=6006285979.59 | best_so_far: cost=3039217.17  viol=5823333.5717  obj=5826372788.88
[Run 01 | Iter 285] iter_best: cost=2394533.90  viol=6034133.9338  obj=6036528467.70 | best_so_far: cost=3039217.17  viol=5823333.5717  obj=5826372788.88
[Run 01 | Iter 286] iter_best: cost=2578729.41  viol=6016564.1913  obj=6019142920.74 | best_so_far: cost=3039217.17  viol=5823333.5717  obj=5826372788.88
[Run 01 | Iter 287] iter_best: cost=2302436.82  viol=6083646.5376  obj=6085948974.40 | best_so_far: cost=3039217.17  viol=5823333.5717  obj=5826372788.88
[Run 01 | Iter 288] iter_best: cost=2394534.57  viol=6056851.6451  obj=6059246179.62 | best_so_far: cost=3039217.17  viol=5823333.5717  obj=5826372788.88
[Run 01 | Iter 289] iter_best: cost=2210339.40  viol=6083788.3003  obj=6085998639.71 | best_so_far: cost=3039217.17  viol=5823333.5717  obj=5826372788.88
[Run 01 | Iter 290] iter_best: cost=2302436.82  viol=6061685.1930  obj=6063987629.82 | best_so_far: cost=3039217.17  viol=5823333.5717  obj=5826372788.88
[Run 01 | FE 8704] best_local_obj=5826372788.88  best_local_cost=3039217.17  best_local_viol=5823333.5717
[Run 01 | Iter 291] iter_best: cost=2302436.82  viol=6063636.5804  obj=6065939017.20 | best_so_far: cost=3039217.17  viol=5823333.5717  obj=5826372788.88
[Run 01 | Iter 292] iter_best: cost=2394534.24  viol=6018527.3440  obj=6020921878.28 | best_so_far: cost=3039217.17  viol=5823333.5717  obj=5826372788.88
[Run 01 | Iter 293] iter_best: cost=2302436.48  viol=6091616.4003  obj=6093918836.79 | best_so_far: cost=3039217.17  viol=5823333.5717  obj=5826372788.88
[Run 01 | Iter 294] iter_best: cost=2118241.98  viol=6133667.2219  obj=6135785463.83 | best_so_far: cost=3039217.17  viol=5823333.5717  obj=5826372788.88
[Run 01 | Iter 295] iter_best: cost=2394534.57  viol=6070128.7183  obj=6072523252.92 | best_so_far: cost=3039217.17  viol=5823333.5717  obj=5826372788.88
[Run 01 | Iter 296] iter_best: cost=2394534.90  viol=6030488.3331  obj=6032882867.97 | best_so_far: cost=3039217.17  viol=5823333.5717  obj=5826372788.88
[Run 01 | Iter 297] iter_best: cost=2302437.48  viol=6072248.1856  obj=6074550623.05 | best_so_far: cost=3039217.17  viol=5823333.5717  obj=5826372788.88
[Run 01 | Iter 298] iter_best: cost=2302436.82  viol=6080318.1539  obj=6082620590.70 | best_so_far: cost=3039217.17  viol=5823333.5717  obj=5826372788.88
[Run 01 | FE 8960] best_local_obj=5826372788.88  best_local_cost=3039217.17  best_local_viol=5823333.5717
[Run 01 | Iter 299] iter_best: cost=2394534.57  viol=6037607.8294  obj=6040002363.96 | best_so_far: cost=3039217.17  viol=5823333.5717  obj=5826372788.88
[Run 01 | Iter 300] iter_best: cost=2118241.64  viol=6109691.1016  obj=6111809343.26 | best_so_far: cost=3039217.17  viol=5823333.5717  obj=5826372788.88
[Run 01 | Iter 301] iter_best: cost=1841949.39  viol=6205267.7550  obj=6207109704.43 | best_so_far: cost=3039217.17  viol=5823333.5717  obj=5826372788.88
[Run 01 | Iter 302] iter_best: cost=2578729.41  viol=5986616.1675  obj=5989194896.95 | best_so_far: cost=3039217.17  viol=5823333.5717  obj=5826372788.88
[Run 01 | Iter 303] iter_best: cost=2578729.07  viol=5969407.1099  obj=5971985838.96 | best_so_far: cost=3039217.17  viol=5823333.5717  obj=5826372788.88
[Run 01 | Iter 304] iter_best: cost=2302436.82  viol=6046533.8612  obj=6048836298.02 | best_so_far: cost=3039217.17  viol=5823333.5717  obj=5826372788.88
[Run 01 | Iter 305] iter_best: cost=2394534.24  viol=6035347.8653  obj=6037742399.54 | best_so_far: cost=3039217.17  viol=5823333.5717  obj=5826372788.88
[Run 01 | Iter 306] iter_best: cost=2394534.24  viol=6027474.5889  obj=6029869123.16 | best_so_far: cost=3039217.17  viol=5823333.5717  obj=5826372788.88
[Run 01 | Iter 307] iter_best: cost=2670826.16  viol=5965537.6394  obj=5968208465.53 | best_so_far: cost=3039217.17  viol=5823333.5717  obj=5826372788.88
[Run 01 | FE 9216] best_local_obj=5826372788.88  best_local_cost=3039217.17  best_local_viol=5823333.5717
[Run 01 | Iter 308] iter_best: cost=2486631.99  viol=5993731.5573  obj=5996218189.24 | best_so_far: cost=3039217.17  viol=5823333.5717  obj=5826372788.88
[Run 01 | Iter 309] iter_best: cost=2486631.32  viol=5983147.3284  obj=5985633959.77 | best_so_far: cost=3039217.17  viol=5823333.5717  obj=5826372788.88
[Run 01 | Iter 310] iter_best: cost=2394534.24  viol=6013967.8121  obj=6016362346.30 | best_so_far: cost=3039217.17  viol=5823333.5717  obj=5826372788.88
[Run 01 | Iter 311] iter_best: cost=2118242.31  viol=6115243.0963  obj=6117361338.57 | best_so_far: cost=3039217.17  viol=5823333.5717  obj=5826372788.88
[Run 01 | Iter 312] iter_best: cost=2486631.32  viol=6007873.9924  obj=6010360623.73 | best_so_far: cost=3039217.17  viol=5823333.5717  obj=5826372788.88
[Run 01 | Iter 313] iter_best: cost=2210339.40  viol=6093670.2525  obj=6095880591.88 | best_so_far: cost=3039217.17  viol=5823333.5717  obj=5826372788.88
[Run 01 | Iter 314] iter_best: cost=2302436.48  viol=6064333.6383  obj=6066636074.75 | best_so_far: cost=3039217.17  viol=5823333.5717  obj=5826372788.88
[Run 01 | Iter 315] iter_best: cost=2394534.57  viol=6016003.3980  obj=6018397932.54 | best_so_far: cost=3039217.17  viol=5823333.5717  obj=5826372788.88
[Run 01 | FE 9472] best_local_obj=5826372788.88  best_local_cost=3039217.17  best_local_viol=5823333.5717
[Run 01 | Iter 316] iter_best: cost=2210339.06  viol=6081741.6604  obj=6083951999.45 | best_so_far: cost=3039217.17  viol=5823333.5717  obj=5826372788.88
[Run 01 | Iter 317] iter_best: cost=2394534.24  viol=6038927.7878  obj=6041322322.05 | best_so_far: cost=3039217.17  viol=5823333.5717  obj=5826372788.88
[Run 01 | Iter 318] iter_best: cost=2302437.15  viol=6045606.9896  obj=6047909426.72 | best_so_far: cost=3039217.17  viol=5823333.5717  obj=5826372788.88
[Run 01 | Iter 319] iter_best: cost=2210339.06  viol=6107300.0839  obj=6109510422.92 | best_so_far: cost=3039217.17  viol=5823333.5717  obj=5826372788.88
[Run 01 | Iter 320] iter_best: cost=2394534.24  viol=6047430.4431  obj=6049824977.30 | best_so_far: cost=3039217.17  viol=5823333.5717  obj=5826372788.88
[Run 01 | Iter 321] iter_best: cost=2486631.99  viol=6029241.3754  obj=6031728007.38 | best_so_far: cost=3039217.17  viol=5823333.5717  obj=5826372788.88
[Run 01 | Iter 322] iter_best: cost=2302437.48  viol=6080610.2030  obj=6082912640.44 | best_so_far: cost=3039217.17  viol=5823333.5717  obj=5826372788.88
[Run 01 | Iter 323] iter_best: cost=2394534.24  viol=6056586.1873  obj=6058980721.54 | best_so_far: cost=3039217.17  viol=5823333.5717  obj=5826372788.88
[Run 01 | Iter 324] iter_best: cost=2394534.57  viol=6051629.3755  obj=6054023910.07 | best_so_far: cost=3039217.17  viol=5823333.5717  obj=5826372788.88
[Run 01 | FE 9728] best_local_obj=5826372788.88  best_local_cost=3039217.17  best_local_viol=5823333.5717
[Run 01 | Iter 325] iter_best: cost=2486631.99  viol=6018800.3517  obj=6021286983.68 | best_so_far: cost=3039217.17  viol=5823333.5717  obj=5826372788.88
[Run 01 | Iter 326] iter_best: cost=2026144.56  viol=6146094.7306  obj=6148120875.12 | best_so_far: cost=3039217.17  viol=5823333.5717  obj=5826372788.88
[Run 01 | Iter 327] iter_best: cost=2302437.48  viol=6055787.6745  obj=6058090111.99 | best_so_far: cost=3039217.17  viol=5823333.5717  obj=5826372788.88
[Run 01 | Iter 328] iter_best: cost=2394534.24  viol=6035177.4951  obj=6037572029.31 | best_so_far: cost=3039217.17  viol=5823333.5717  obj=5826372788.88
[Run 01 | Iter 329] iter_best: cost=2302436.82  viol=6062680.2054  obj=6064982642.19 | best_so_far: cost=3039217.17  viol=5823333.5717  obj=5826372788.88
[Run 01 | Iter 330] iter_best: cost=2026144.89  viol=6166053.8292  obj=6168079974.05 | best_so_far: cost=3039217.17  viol=5823333.5717  obj=5826372788.88
[Run 01 | Iter 331] iter_best: cost=2486632.32  viol=6004294.9303  obj=6006781562.65 | best_so_far: cost=3039217.17  viol=5823333.5717  obj=5826372788.88
[Run 01 | Iter 332] iter_best: cost=2302437.48  viol=6059305.3809  obj=6061607818.42 | best_so_far: cost=3039217.17  viol=5823333.5717  obj=5826372788.88
[Run 01 | FE 9984] best_local_obj=5826372788.88  best_local_cost=3039217.17  best_local_viol=5823333.5717
[Run 01 | Iter 333] iter_best: cost=2486631.99  viol=5994762.5250  obj=5997249156.96 | best_so_far: cost=3039217.17  viol=5823333.5717  obj=5826372788.88
[Run 01 | Iter 334] iter_best: cost=2026144.22  viol=6141940.0503  obj=6143966194.51 | best_so_far: cost=3039217.17  viol=5823333.5717  obj=5826372788.88
[Run 01 | Iter 335] iter_best: cost=2302436.15  viol=6076645.5841  obj=6078948020.21 | best_so_far: cost=3039217.17  viol=5823333.5717  obj=5826372788.88
[Run 01 | Iter 336] iter_best: cost=2578730.08  viol=6021051.7257  obj=6023630455.83 | best_so_far: cost=3039217.17  viol=5823333.5717  obj=5826372788.88
[Run 01 | Iter 337] iter_best: cost=2210339.40  viol=6080278.4937  obj=6082488833.10 | best_so_far: cost=3039217.17  viol=5823333.5717  obj=5826372788.88
[Run 01 | Iter 338] iter_best: cost=2486631.99  viol=6002808.1290  obj=6005294761.03 | best_so_far: cost=3039217.17  viol=5823333.5717  obj=5826372788.88
[Run 01 | Iter 339] iter_best: cost=1934047.14  viol=6171307.9915  obj=6173242038.69 | best_so_far: cost=3039217.17  viol=5823333.5717  obj=5826372788.88
[Run 01 | Iter 340] iter_best: cost=2210338.73  viol=6099985.0370  obj=6102195375.70 | best_so_far: cost=3039217.17  viol=5823333.5717  obj=5826372788.88
[Run 01 | Iter 341] iter_best: cost=2670827.16  viol=5940420.0221  obj=5943090849.26 | best_so_far: cost=3039217.17  viol=5823333.5717  obj=5826372788.88
[Run 01 | FE 10240] best_local_obj=5826372788.88  best_local_cost=3039217.17  best_local_viol=5823333.5717
[Run 01 | Iter 342] iter_best: cost=2394534.90  viol=6028386.1656  obj=6030780700.46 | best_so_far: cost=3039217.17  viol=5823333.5717  obj=5826372788.88
[Run 01 | Iter 343] iter_best: cost=2210339.06  viol=6084086.2263  obj=6086296565.35 | best_so_far: cost=3039217.17  viol=5823333.5717  obj=5826372788.88
[Run 01 | Iter 344] iter_best: cost=2210339.40  viol=6095227.0691  obj=6097437408.48 | best_so_far: cost=3039217.17  viol=5823333.5717  obj=5826372788.88
[Run 01 | Iter 345] iter_best: cost=2118241.31  viol=6121798.8152  obj=6123917056.49 | best_so_far: cost=3039217.17  viol=5823333.5717  obj=5826372788.88
[Run 01 | Iter 346] iter_best: cost=2855021.33  viol=5926959.4588  obj=5929814480.16 | best_so_far: cost=3039217.17  viol=5823333.5717  obj=5826372788.88
[Run 01 | Iter 347] iter_best: cost=2762924.92  viol=5901503.8306  obj=5904266755.52 | best_so_far: cost=3039217.17  viol=5823333.5717  obj=5826372788.88
[Run 01 | Iter 348] iter_best: cost=2302436.82  viol=6051507.5949  obj=6053810031.71 | best_so_far: cost=3039217.17  viol=5823333.5717  obj=5826372788.88
[Run 01 | Iter 349] iter_best: cost=2486631.65  viol=6015105.2587  obj=6017591890.35 | best_so_far: cost=3039217.17  viol=5823333.5717  obj=5826372788.88
[Run 01 | FE 10496] best_local_obj=5826372788.88  best_local_cost=3039217.17  best_local_viol=5823333.5717
[Run 01 | Iter 350] iter_best: cost=2670826.83  viol=5978250.3393  obj=5980921166.10 | best_so_far: cost=3039217.17  viol=5823333.5717  obj=5826372788.88
[Run 01 | Iter 351] iter_best: cost=2486631.99  viol=6011259.2163  obj=6013745848.34 | best_so_far: cost=3039217.17  viol=5823333.5717  obj=5826372788.88
[Run 01 | Iter 352] iter_best: cost=2302437.15  viol=6053654.7688  obj=6055957205.95 | best_so_far: cost=3039217.17  viol=5823333.5717  obj=5826372788.88
[Run 01 | Iter 353] iter_best: cost=2210339.06  viol=6096708.8259  obj=6098919164.94 | best_so_far: cost=3039217.17  viol=5823333.5717  obj=5826372788.88
[Run 01 | Iter 354] iter_best: cost=2486631.32  viol=6022214.8771  obj=6024701508.41 | best_so_far: cost=3039217.17  viol=5823333.5717  obj=5826372788.88
[Run 01 | Iter 355] iter_best: cost=2210339.40  viol=6105816.7570  obj=6108027096.35 | best_so_far: cost=3039217.17  viol=5823333.5717  obj=5826372788.88
[Run 01 | Iter 356] iter_best: cost=2210339.73  viol=6106388.6741  obj=6108599013.83 | best_so_far: cost=3039217.17  viol=5823333.5717  obj=5826372788.88
[Run 01 | Iter 357] iter_best: cost=2302436.82  viol=6077995.8338  obj=6080298270.64 | best_so_far: cost=3039217.17  viol=5823333.5717  obj=5826372788.88
[Run 01 | Iter 358] iter_best: cost=2026144.22  viol=6154132.8524  obj=6156158996.66 | best_so_far: cost=3039217.17  viol=5823333.5717  obj=5826372788.88
[Run 01 | FE 10752] best_local_obj=5826372788.88  best_local_cost=3039217.17  best_local_viol=5823333.5717
[Run 01 | Iter 359] iter_best: cost=2026144.89  viol=6145119.4096  obj=6147145554.52 | best_so_far: cost=3039217.17  viol=5823333.5717  obj=5826372788.88
[Run 01 | Iter 360] iter_best: cost=1934046.81  viol=6170576.2174  obj=6172510264.22 | best_so_far: cost=3039217.17  viol=5823333.5717  obj=5826372788.88
[Run 01 | Iter 361] iter_best: cost=2118241.64  viol=6128967.9638  obj=6131086205.41 | best_so_far: cost=3039217.17  viol=5823333.5717  obj=5826372788.88
[Run 01 | Iter 362] iter_best: cost=2210340.07  viol=6104941.5164  obj=6107151856.42 | best_so_far: cost=3039217.17  viol=5823333.5717  obj=5826372788.88
[Run 01 | Iter 363] iter_best: cost=2394534.57  viol=6036685.3610  obj=6039079895.59 | best_so_far: cost=3039217.17  viol=5823333.5717  obj=5826372788.88
[Run 01 | Iter 364] iter_best: cost=2210339.06  viol=6097625.9939  obj=6099836332.95 | best_so_far: cost=3039217.17  viol=5823333.5717  obj=5826372788.88
[Run 01 | Iter 365] iter_best: cost=2486631.99  viol=6037119.7664  obj=6039606398.35 | best_so_far: cost=3039217.17  viol=5823333.5717  obj=5826372788.88
[Run 01 | Iter 366] iter_best: cost=2302436.82  viol=6056288.6861  obj=6058591122.94 | best_so_far: cost=3039217.17  viol=5823333.5717  obj=5826372788.88
[Run 01 | FE 11008] best_local_obj=5826372788.88  best_local_cost=3039217.17  best_local_viol=5823333.5717
[Run 01 | Iter 367] iter_best: cost=2486632.99  viol=6010839.2601  obj=6013325893.10 | best_so_far: cost=3039217.17  viol=5823333.5717  obj=5826372788.88
[Run 01 | Iter 368] iter_best: cost=2486631.65  viol=6002101.5126  obj=6004588144.27 | best_so_far: cost=3039217.17  viol=5823333.5717  obj=5826372788.88
[Run 01 | Iter 369] iter_best: cost=2302436.48  viol=6091476.4185  obj=6093778854.94 | best_so_far: cost=3039217.17  viol=5823333.5717  obj=5826372788.88
[Run 01 | Iter 370] iter_best: cost=2302437.48  viol=6058226.1838  obj=6060528621.33 | best_so_far: cost=3039217.17  viol=5823333.5717  obj=5826372788.88
[Run 01 | Iter 371] iter_best: cost=2210339.40  viol=6076882.3379  obj=6079092677.26 | best_so_far: cost=3039217.17  viol=5823333.5717  obj=5826372788.88
[Run 01 | Iter 372] iter_best: cost=1934047.14  viol=6175841.5265  obj=6177775573.69 | best_so_far: cost=3039217.17  viol=5823333.5717  obj=5826372788.88
[Run 01 | Iter 373] iter_best: cost=2394535.24  viol=6024235.1131  obj=6026629648.31 | best_so_far: cost=3039217.17  viol=5823333.5717  obj=5826372788.88
[Run 01 | Iter 374] iter_best: cost=2302437.48  viol=6064835.6586  obj=6067138096.11 | best_so_far: cost=3039217.17  viol=5823333.5717  obj=5826372788.88
[Run 01 | Iter 375] iter_best: cost=2486631.65  viol=6008319.9017  obj=6010806533.35 | best_so_far: cost=3039217.17  viol=5823333.5717  obj=5826372788.88
[Run 01 | FE 11264] best_local_obj=5826372788.88  best_local_cost=3039217.17  best_local_viol=5823333.5717
[Run 01 | Iter 376] iter_best: cost=2210339.73  viol=6101110.6871  obj=6103321026.82 | best_so_far: cost=3039217.17  viol=5823333.5717  obj=5826372788.88
[Run 01 | Iter 377] iter_best: cost=2302436.48  viol=6073856.6737  obj=6076159110.17 | best_so_far: cost=3039217.17  viol=5823333.5717  obj=5826372788.88
[Run 01 | Iter 378] iter_best: cost=2210339.40  viol=6090464.1350  obj=6092674474.36 | best_so_far: cost=3039217.17  viol=5823333.5717  obj=5826372788.88
[Run 01 | Iter 379] iter_best: cost=2486631.65  viol=5990677.8843  obj=5993164515.95 | best_so_far: cost=3039217.17  viol=5823333.5717  obj=5826372788.88
[Run 01 | Iter 380] iter_best: cost=2394534.24  viol=6032624.5255  obj=6035019059.78 | best_so_far: cost=3039217.17  viol=5823333.5717  obj=5826372788.88
[Run 01 | Iter 381] iter_best: cost=2302436.48  viol=6074939.4882  obj=6077241924.64 | best_so_far: cost=3039217.17  viol=5823333.5717  obj=5826372788.88
[Run 01 | Iter 382] iter_best: cost=2394534.24  viol=6039282.1795  obj=6041676713.79 | best_so_far: cost=3039217.17  viol=5823333.5717  obj=5826372788.88
[Run 01 | Iter 383] iter_best: cost=1934046.47  viol=6176307.1237  obj=6178241170.19 | best_so_far: cost=3039217.17  viol=5823333.5717  obj=5826372788.88
[Run 01 | FE 11520] best_local_obj=5826372788.88  best_local_cost=3039217.17  best_local_viol=5823333.5717
[Run 01 | Iter 384] iter_best: cost=2302437.15  viol=6097079.6403  obj=6099382077.49 | best_so_far: cost=3039217.17  viol=5823333.5717  obj=5826372788.88
[Run 01 | Iter 385] iter_best: cost=2394534.57  viol=6017761.4860  obj=6020156020.52 | best_so_far: cost=3039217.17  viol=5823333.5717  obj=5826372788.88
[Run 01 | Iter 386] iter_best: cost=2026143.89  viol=6141023.9875  obj=6143050131.34 | best_so_far: cost=3039217.17  viol=5823333.5717  obj=5826372788.88
[Run 01 | Iter 387] iter_best: cost=2210339.73  viol=6108503.8473  obj=6110714186.99 | best_so_far: cost=3039217.17  viol=5823333.5717  obj=5826372788.88
[Run 01 | Iter 388] iter_best: cost=2118241.64  viol=6113409.3419  obj=6115527583.53 | best_so_far: cost=3039217.17  viol=5823333.5717  obj=5826372788.88
[Run 01 | Iter 389] iter_best: cost=2394533.57  viol=6035649.4945  obj=6038044028.02 | best_so_far: cost=3039217.17  viol=5823333.5717  obj=5826372788.88
[Run 01 | Iter 390] iter_best: cost=2210340.07  viol=6114661.1117  obj=6116871451.79 | best_so_far: cost=3039217.17  viol=5823333.5717  obj=5826372788.88
[Run 01 | Iter 391] iter_best: cost=2210339.73  viol=6092435.7797  obj=6094646119.43 | best_so_far: cost=3039217.17  viol=5823333.5717  obj=5826372788.88
[Run 01 | Iter 392] iter_best: cost=2578729.74  viol=5983772.6119  obj=5986351341.61 | best_so_far: cost=3039217.17  viol=5823333.5717  obj=5826372788.88
[Run 01 | FE 11776] best_local_obj=5826372788.88  best_local_cost=3039217.17  best_local_viol=5823333.5717
[Run 01 | Iter 393] iter_best: cost=2578729.74  viol=5983341.0505  obj=5985919780.26 | best_so_far: cost=3039217.17  viol=5823333.5717  obj=5826372788.88
[Run 01 | Iter 394] iter_best: cost=2210339.73  viol=6088273.8009  obj=6090484140.65 | best_so_far: cost=3039217.17  viol=5823333.5717  obj=5826372788.88
[Run 01 | Iter 395] iter_best: cost=2486632.66  viol=5998666.5614  obj=6001153194.08 | best_so_far: cost=3039217.17  viol=5823333.5717  obj=5826372788.88
[Run 01 | Iter 396] iter_best: cost=2578729.07  viol=5972472.1911  obj=5975050920.14 | best_so_far: cost=3039217.17  viol=5823333.5717  obj=5826372788.88
[Run 01 | Iter 397] iter_best: cost=2302436.48  viol=6053753.0292  obj=6056055465.65 | best_so_far: cost=3039217.17  viol=5823333.5717  obj=5826372788.88
[Run 01 | Iter 398] iter_best: cost=2302437.15  viol=6071135.5006  obj=6073437937.72 | best_so_far: cost=3039217.17  viol=5823333.5717  obj=5826372788.88
[Run 01 | Iter 399] iter_best: cost=2302437.48  viol=6106391.2547  obj=6108693692.21 | best_so_far: cost=3039217.17  viol=5823333.5717  obj=5826372788.88
[Run 01 | Iter 400] iter_best: cost=2210339.73  viol=6082402.6314  obj=6084612971.15 | best_so_far: cost=3039217.17  viol=5823333.5717  obj=5826372788.88
[Run 01 | Iter 401] iter_best: cost=2302436.48  viol=6078206.0387  obj=6080508475.14 | best_so_far: cost=3039217.17  viol=5823333.5717  obj=5826372788.88
[Run 01 | FE 12032] best_local_obj=5826372788.88  best_local_cost=3039217.17  best_local_viol=5823333.5717
[Run 01 | Iter 402] iter_best: cost=2118241.31  viol=6118060.5621  obj=6120178803.42 | best_so_far: cost=3039217.17  viol=5823333.5717  obj=5826372788.88
[Run 01 | Iter 403] iter_best: cost=2210340.07  viol=6097752.1519  obj=6099962491.99 | best_so_far: cost=3039217.17  viol=5823333.5717  obj=5826372788.88
[Run 01 | Iter 404] iter_best: cost=2486631.32  viol=6010412.2727  obj=6012898904.04 | best_so_far: cost=3039217.17  viol=5823333.5717  obj=5826372788.88
[Run 01 | Iter 405] iter_best: cost=2210339.73  viol=6095484.1662  obj=6097694505.94 | best_so_far: cost=3039217.17  viol=5823333.5717  obj=5826372788.88
[Run 01 | Iter 406] iter_best: cost=2210339.73  viol=6088040.8883  obj=6090251227.99 | best_so_far: cost=3039217.17  viol=5823333.5717  obj=5826372788.88
[Run 01 | Iter 407] iter_best: cost=2302437.82  viol=6044552.2256  obj=6046854663.38 | best_so_far: cost=3039217.17  viol=5823333.5717  obj=5826372788.88
[Run 01 | Iter 408] iter_best: cost=2302436.48  viol=6069710.7095  obj=6072013145.93 | best_so_far: cost=3039217.17  viol=5823333.5717  obj=5826372788.88
[Run 01 | Iter 409] iter_best: cost=2118242.31  viol=6133576.3166  obj=6135694558.95 | best_so_far: cost=3039217.17  viol=5823333.5717  obj=5826372788.88
[Run 01 | FE 12288] best_local_obj=5826372788.88  best_local_cost=3039217.17  best_local_viol=5823333.5717
[Run 01 | Iter 410] iter_best: cost=2394534.90  viol=6036719.4610  obj=6039113995.91 | best_so_far: cost=3039217.17  viol=5823333.5717  obj=5826372788.88
[Run 01 | Iter 411] iter_best: cost=2394534.24  viol=6071471.9200  obj=6073866454.20 | best_so_far: cost=3039217.17  viol=5823333.5717  obj=5826372788.88
[Run 01 | Iter 412] iter_best: cost=2302436.82  viol=6055402.9287  obj=6057705365.55 | best_so_far: cost=3039217.17  viol=5823333.5717  obj=5826372788.88
[Run 01 | Iter 413] iter_best: cost=2394534.57  viol=6044264.5641  obj=6046659098.69 | best_so_far: cost=3039217.17  viol=5823333.5717  obj=5826372788.88
[Run 01 | Iter 414] iter_best: cost=2118242.31  viol=6118008.1138  obj=6120126356.07 | best_so_far: cost=3039217.17  viol=5823333.5717  obj=5826372788.88
[Run 01 | Iter 415] iter_best: cost=2302436.48  viol=6058737.7414  obj=6061040177.84 | best_so_far: cost=3039217.17  viol=5823333.5717  obj=5826372788.88
[Run 01 | Iter 416] iter_best: cost=2302437.15  viol=6050946.4168  obj=6053248853.97 | best_so_far: cost=3039217.17  viol=5823333.5717  obj=5826372788.88
[Run 01 | Iter 417] iter_best: cost=2486631.32  viol=5990962.2392  obj=5993448870.56 | best_so_far: cost=3039217.17  viol=5823333.5717  obj=5826372788.88
[Run 01 | Iter 418] iter_best: cost=2302436.82  viol=6070965.5226  obj=6073267959.38 | best_so_far: cost=3039217.17  viol=5823333.5717  obj=5826372788.88
[Run 01 | FE 12544] best_local_obj=5826372788.88  best_local_cost=3039217.17  best_local_viol=5823333.5717
[Run 01 | Iter 419] iter_best: cost=2578729.41  viol=5958036.8215  obj=5960615550.91 | best_so_far: cost=3039217.17  viol=5823333.5717  obj=5826372788.88
[Run 01 | Iter 420] iter_best: cost=2118242.98  viol=6118958.6159  obj=6121076858.84 | best_so_far: cost=3039217.17  viol=5823333.5717  obj=5826372788.88
[Run 01 | Iter 421] iter_best: cost=2210339.06  viol=6086516.8468  obj=6088727185.83 | best_so_far: cost=3039217.17  viol=5823333.5717  obj=5826372788.88
[Run 01 | Iter 422] iter_best: cost=2578729.07  viol=5971517.1665  obj=5974095895.58 | best_so_far: cost=3039217.17  viol=5823333.5717  obj=5826372788.88
[Run 01 | Iter 423] iter_best: cost=2210339.06  viol=6081093.2509  obj=6083303589.91 | best_so_far: cost=3039217.17  viol=5823333.5717  obj=5826372788.88
[Run 01 | Iter 424] iter_best: cost=2302436.82  viol=6054371.4852  obj=6056673922.02 | best_so_far: cost=3039217.17  viol=5823333.5717  obj=5826372788.88
[Run 01 | Iter 425] iter_best: cost=2394534.57  viol=6019311.8275  obj=6021706362.03 | best_so_far: cost=3039217.17  viol=5823333.5717  obj=5826372788.88
[Run 01 | Iter 426] iter_best: cost=2118241.31  viol=6112055.0306  obj=6114173271.88 | best_so_far: cost=3039217.17  viol=5823333.5717  obj=5826372788.88
[Run 01 | FE 12800] best_local_obj=5826372788.88  best_local_cost=3039217.17  best_local_viol=5823333.5717
[Run 01 | Iter 427] iter_best: cost=2026143.89  viol=6180166.1839  obj=6182192327.84 | best_so_far: cost=3039217.17  viol=5823333.5717  obj=5826372788.88

[Stop] reached max_total_fe=12800.

[Run 01] best_global_cost=3039217.1726, best_global_viol=5823333.571707, best_global_obj=5826372788.8792
[Done] summary=/work/home/acn1eb8nfq/yuezhang46/GFcode/GF实验一：横向对比/aco_global_logs/run_01_seed_1001/runs_summary.csv
