[RunConfig] run_id=16 seed=1016
[OutputDir] /work/home/acn1eb8nfq/yuezhang46/GFcode/GF实验一：横向对比/aco_global_logs/run_16_seed_1016
[Info] #nodes = 1810
[Load] Reading scenarios ...
  - spring: raw edges=3686, days=31
  - summer: raw edges=3686, days=30
  - autumn: raw edges=3686, days=31
  - winter: raw edges=3686, days=30
[Filter] EDGE_WEIGHT_MIN=1.0
  - active_nodes=1450  inactive_nodes(fixed NONE)=360
  - spring: removed=2281, kept=1405
  - summer: removed=2206, kept=1480
  - autumn: removed=2131, kept=1555
  - winter: removed=2189, kept=1497
  - spring: filtered edges (active subgraph)=1405
  - summer: filtered edges (active subgraph)=1480
  - autumn: filtered edges (active subgraph)=1555
  - winter: filtered edges (active subgraph)=1497
[ACO] Pheromone and heuristic initialized.
[ACO] Iterate under FE budget ...
[Run 16 | Iter 1] iter_best: cost=2026144.22  viol=6138898.5050  obj=6140924649.19 | best_so_far: cost=2026144.22  viol=6138898.5050  obj=6140924649.19
[Run 16 | Iter 2] iter_best: cost=2118241.98  viol=6103894.4482  obj=6106012690.16 | best_so_far: cost=2118241.98  viol=6103894.4482  obj=6106012690.16
[Run 16 | Iter 3] iter_best: cost=2118241.98  viol=6129757.5367  obj=6131875778.68 | best_so_far: cost=2118241.98  viol=6103894.4482  obj=6106012690.16
[Run 16 | Iter 4] iter_best: cost=2486631.32  viol=5987997.8303  obj=5990484461.59 | best_so_far: cost=2486631.32  viol=5987997.8303  obj=5990484461.59
[Run 16 | Iter 5] iter_best: cost=2302437.48  viol=6061637.3605  obj=6063939797.96 | best_so_far: cost=2486631.32  viol=5987997.8303  obj=5990484461.59
[Run 16 | Iter 6] iter_best: cost=2026144.22  viol=6133723.4358  obj=6135749579.98 | best_so_far: cost=2486631.32  viol=5987997.8303  obj=5990484461.59
[Run 16 | Iter 7] iter_best: cost=2578729.07  viol=5956489.4670  obj=5959068196.11 | best_so_far: cost=2578729.07  viol=5956489.4670  obj=5959068196.11
[Run 16 | Iter 8] iter_best: cost=2486632.32  viol=6032440.3916  obj=6034927023.94 | best_so_far: cost=2578729.07  viol=5956489.4670  obj=5959068196.11
[Run 16 | FE 256] best_local_obj=5959068196.11  best_local_cost=2578729.07  best_local_viol=5956489.4670
[Run 16 | Iter 9] iter_best: cost=1841950.05  viol=6203288.1759  obj=6205130125.91 | best_so_far: cost=2578729.07  viol=5956489.4670  obj=5959068196.11
[Run 16 | Iter 10] iter_best: cost=2026143.89  viol=6137348.3637  obj=6139374507.61 | best_so_far: cost=2578729.07  viol=5956489.4670  obj=5959068196.11
[Run 16 | Iter 11] iter_best: cost=2578729.41  viol=5953323.9027  obj=5955902632.14 | best_so_far: cost=2578729.41  viol=5953323.9027  obj=5955902632.14
[Run 16 | Iter 12] iter_best: cost=2486631.65  viol=5989040.7072  obj=5991527338.90 | best_so_far: cost=2578729.41  viol=5953323.9027  obj=5955902632.14
[Run 16 | Iter 13] iter_best: cost=2026145.23  viol=6152546.8265  obj=6154572971.71 | best_so_far: cost=2578729.41  viol=5953323.9027  obj=5955902632.14
[Run 16 | Iter 14] iter_best: cost=2394534.57  viol=6043947.9629  obj=6046342497.44 | best_so_far: cost=2578729.41  viol=5953323.9027  obj=5955902632.14
[Run 16 | Iter 15] iter_best: cost=2210339.40  viol=6076358.8701  obj=6078569209.47 | best_so_far: cost=2578729.41  viol=5953323.9027  obj=5955902632.14
[Run 16 | Iter 16] iter_best: cost=2302436.48  viol=6053085.8464  obj=6055388282.84 | best_so_far: cost=2578729.41  viol=5953323.9027  obj=5955902632.14
[Run 16 | Iter 17] iter_best: cost=2578728.41  viol=6012744.7245  obj=6015323452.88 | best_so_far: cost=2578729.41  viol=5953323.9027  obj=5955902632.14
[Run 16 | FE 512] best_local_obj=5955902632.14  best_local_cost=2578729.41  best_local_viol=5953323.9027
[Run 16 | Iter 18] iter_best: cost=2210339.06  viol=6074568.0652  obj=6076778404.26 | best_so_far: cost=2578729.41  viol=5953323.9027  obj=5955902632.14
[Run 16 | Iter 19] iter_best: cost=2118241.98  viol=6137053.2792  obj=6139171521.13 | best_so_far: cost=2578729.41  viol=5953323.9027  obj=5955902632.14
[Run 16 | Iter 20] iter_best: cost=2670827.83  viol=5960787.2652  obj=5963458093.08 | best_so_far: cost=2578729.41  viol=5953323.9027  obj=5955902632.14
[Run 16 | Iter 21] iter_best: cost=2486632.32  viol=5987219.9518  obj=5989706584.13 | best_so_far: cost=2578729.41  viol=5953323.9027  obj=5955902632.14
[Run 16 | Iter 22] iter_best: cost=2118242.65  viol=6116135.8516  obj=6118254094.23 | best_so_far: cost=2578729.41  viol=5953323.9027  obj=5955902632.14
[Run 16 | Iter 23] iter_best: cost=2302436.15  viol=6047535.5216  obj=6049837957.77 | best_so_far: cost=2578729.41  viol=5953323.9027  obj=5955902632.14
[Run 16 | Iter 24] iter_best: cost=1934046.81  viol=6176556.4556  obj=6178490502.45 | best_so_far: cost=2578729.41  viol=5953323.9027  obj=5955902632.14
[Run 16 | Iter 25] iter_best: cost=2762924.25  viol=5938632.9471  obj=5941395871.34 | best_so_far: cost=2762924.25  viol=5938632.9471  obj=5941395871.34
[Run 16 | FE 768] best_local_obj=5941395871.34  best_local_cost=2762924.25  best_local_viol=5938632.9471
[Run 16 | Iter 26] iter_best: cost=2578729.41  viol=5997188.8836  obj=5999767613.03 | best_so_far: cost=2762924.25  viol=5938632.9471  obj=5941395871.34
[Run 16 | Iter 27] iter_best: cost=2578729.41  viol=5968467.2786  obj=5971046008.00 | best_so_far: cost=2762924.25  viol=5938632.9471  obj=5941395871.34
[Run 16 | Iter 28] iter_best: cost=2118241.98  viol=6128492.0953  obj=6130610337.23 | best_so_far: cost=2762924.25  viol=5938632.9471  obj=5941395871.34
[Run 16 | Iter 29] iter_best: cost=2210339.73  viol=6104658.6750  obj=6106869014.72 | best_so_far: cost=2762924.25  viol=5938632.9471  obj=5941395871.34
[Run 16 | Iter 30] iter_best: cost=2026143.89  viol=6140419.1700  obj=6142445313.93 | best_so_far: cost=2762924.25  viol=5938632.9471  obj=5941395871.34
[Run 16 | Iter 31] iter_best: cost=2302436.82  viol=6068804.0618  obj=6071106498.64 | best_so_far: cost=2762924.25  viol=5938632.9471  obj=5941395871.34
[Run 16 | Iter 32] iter_best: cost=2118242.31  viol=6108874.2904  obj=6110992532.72 | best_so_far: cost=2762924.25  viol=5938632.9471  obj=5941395871.34
[Run 16 | Iter 33] iter_best: cost=2302437.15  viol=6060619.1404  obj=6062921577.53 | best_so_far: cost=2762924.25  viol=5938632.9471  obj=5941395871.34
[Run 16 | Iter 34] iter_best: cost=2302436.82  viol=6053784.9972  obj=6056087434.06 | best_so_far: cost=2762924.25  viol=5938632.9471  obj=5941395871.34
[Run 16 | FE 1024] best_local_obj=5941395871.34  best_local_cost=2762924.25  best_local_viol=5938632.9471
[Run 16 | Iter 35] iter_best: cost=2118241.64  viol=6134720.4701  obj=6136838711.76 | best_so_far: cost=2762924.25  viol=5938632.9471  obj=5941395871.34
[Run 16 | Iter 36] iter_best: cost=2118242.31  viol=6129887.5905  obj=6132005832.86 | best_so_far: cost=2762924.25  viol=5938632.9471  obj=5941395871.34
[Run 16 | Iter 37] iter_best: cost=2118241.64  viol=6127860.5350  obj=6129978776.65 | best_so_far: cost=2762924.25  viol=5938632.9471  obj=5941395871.34
[Run 16 | Iter 38] iter_best: cost=2118241.31  viol=6109735.8980  obj=6111854139.35 | best_so_far: cost=2762924.25  viol=5938632.9471  obj=5941395871.34
[Run 16 | Iter 39] iter_best: cost=2486631.32  viol=6001471.4422  obj=6003958073.48 | best_so_far: cost=2762924.25  viol=5938632.9471  obj=5941395871.34
[Run 16 | Iter 40] iter_best: cost=2302436.48  viol=6067091.4458  obj=6069393882.27 | best_so_far: cost=2762924.25  viol=5938632.9471  obj=5941395871.34
[Run 16 | Iter 41] iter_best: cost=2118241.64  viol=6130069.5145  obj=6132187756.14 | best_so_far: cost=2762924.25  viol=5938632.9471  obj=5941395871.34
[Run 16 | Iter 42] iter_best: cost=1934047.14  viol=6176180.9196  obj=6178114966.71 | best_so_far: cost=2762924.25  viol=5938632.9471  obj=5941395871.34
[Run 16 | FE 1280] best_local_obj=5941395871.34  best_local_cost=2762924.25  best_local_viol=5938632.9471
[Run 16 | Iter 43] iter_best: cost=2210339.40  viol=6075435.8047  obj=6077646144.14 | best_so_far: cost=2762924.25  viol=5938632.9471  obj=5941395871.34
[Run 16 | Iter 44] iter_best: cost=2118241.98  viol=6133796.6126  obj=6135914854.56 | best_so_far: cost=2762924.25  viol=5938632.9471  obj=5941395871.34
[Run 16 | Iter 45] iter_best: cost=2394533.90  viol=6033289.4756  obj=6035684009.53 | best_so_far: cost=2762924.25  viol=5938632.9471  obj=5941395871.34
[Run 16 | Iter 46] iter_best: cost=2210339.73  viol=6074492.6491  obj=6076702988.84 | best_so_far: cost=2762924.25  viol=5938632.9471  obj=5941395871.34
[Run 16 | Iter 47] iter_best: cost=2855021.67  viol=5907231.2911  obj=5910086312.79 | best_so_far: cost=2855021.67  viol=5907231.2911  obj=5910086312.79
[Run 16 | Iter 48] iter_best: cost=2118241.98  viol=6103834.5030  obj=6105952745.03 | best_so_far: cost=2855021.67  viol=5907231.2911  obj=5910086312.79
[Run 16 | Iter 49] iter_best: cost=2394534.57  viol=6071511.4141  obj=6073905948.65 | best_so_far: cost=2855021.67  viol=5907231.2911  obj=5910086312.79
[Run 16 | Iter 50] iter_best: cost=2210339.40  viol=6106613.9519  obj=6108824291.26 | best_so_far: cost=2855021.67  viol=5907231.2911  obj=5910086312.79
[Run 16 | Iter 51] iter_best: cost=2578730.41  viol=5964857.0359  obj=5967435766.34 | best_so_far: cost=2855021.67  viol=5907231.2911  obj=5910086312.79
[Run 16 | FE 1536] best_local_obj=5910086312.79  best_local_cost=2855021.67  best_local_viol=5907231.2911
[Run 16 | Iter 52] iter_best: cost=2578729.74  viol=5973692.6154  obj=5976271345.11 | best_so_far: cost=2855021.67  viol=5907231.2911  obj=5910086312.79
[Run 16 | Iter 53] iter_best: cost=2302437.48  viol=6061544.4644  obj=6063846901.86 | best_so_far: cost=2855021.67  viol=5907231.2911  obj=5910086312.79
[Run 16 | Iter 54] iter_best: cost=2210339.73  viol=6097901.0189  obj=6100111358.65 | best_so_far: cost=2855021.67  viol=5907231.2911  obj=5910086312.79
[Run 16 | Iter 55] iter_best: cost=2486632.66  viol=6012950.6911  obj=6015437323.74 | best_so_far: cost=2855021.67  viol=5907231.2911  obj=5910086312.79
[Run 16 | Iter 56] iter_best: cost=2394533.57  viol=6030415.5302  obj=6032810063.81 | best_so_far: cost=2855021.67  viol=5907231.2911  obj=5910086312.79
[Run 16 | Iter 57] iter_best: cost=2210340.40  viol=6096024.2541  obj=6098234594.45 | best_so_far: cost=2855021.67  viol=5907231.2911  obj=5910086312.79
[Run 16 | Iter 58] iter_best: cost=2118241.98  viol=6115981.0828  obj=6118099324.75 | best_so_far: cost=2855021.67  viol=5907231.2911  obj=5910086312.79
[Run 16 | Iter 59] iter_best: cost=2302436.82  viol=6062795.5719  obj=6065098008.68 | best_so_far: cost=2855021.67  viol=5907231.2911  obj=5910086312.79
[Run 16 | FE 1792] best_local_obj=5910086312.79  best_local_cost=2855021.67  best_local_viol=5907231.2911
[Run 16 | Iter 60] iter_best: cost=2302436.82  viol=6070772.8186  obj=6073075255.44 | best_so_far: cost=2855021.67  viol=5907231.2911  obj=5910086312.79
[Run 16 | Iter 61] iter_best: cost=2302437.15  viol=6066468.8059  obj=6068771243.01 | best_so_far: cost=2855021.67  viol=5907231.2911  obj=5910086312.79
[Run 16 | Iter 62] iter_best: cost=2210339.40  viol=6085247.1813  obj=6087457520.69 | best_so_far: cost=2855021.67  viol=5907231.2911  obj=5910086312.79
[Run 16 | Iter 63] iter_best: cost=2118241.64  viol=6117989.5900  obj=6120107831.65 | best_so_far: cost=2855021.67  viol=5907231.2911  obj=5910086312.79
[Run 16 | Iter 64] iter_best: cost=2762924.25  viol=5898556.4656  obj=5901319389.89 | best_so_far: cost=2762924.25  viol=5898556.4656  obj=5901319389.89
[Run 16 | Iter 65] iter_best: cost=2394534.24  viol=6020250.3049  obj=6022644839.13 | best_so_far: cost=2762924.25  viol=5898556.4656  obj=5901319389.89
[Run 16 | Iter 66] iter_best: cost=2302437.48  viol=6042515.8434  obj=6044818280.93 | best_so_far: cost=2762924.25  viol=5898556.4656  obj=5901319389.89
[Run 16 | Iter 67] iter_best: cost=2670826.83  viol=5956905.5916  obj=5959576418.47 | best_so_far: cost=2762924.25  viol=5898556.4656  obj=5901319389.89
[Run 16 | Iter 68] iter_best: cost=2486632.32  viol=5989982.2396  obj=5992468871.88 | best_so_far: cost=2762924.25  viol=5898556.4656  obj=5901319389.89
[Run 16 | FE 2048] best_local_obj=5901319389.89  best_local_cost=2762924.25  best_local_viol=5898556.4656
[Run 16 | Iter 69] iter_best: cost=2486631.65  viol=5985485.7842  obj=5987972415.82 | best_so_far: cost=2762924.25  viol=5898556.4656  obj=5901319389.89
[Run 16 | Iter 70] iter_best: cost=2026144.56  viol=6144519.3037  obj=6146545448.29 | best_so_far: cost=2762924.25  viol=5898556.4656  obj=5901319389.89
[Run 16 | Iter 71] iter_best: cost=2302437.15  viol=6107423.6454  obj=6109726082.57 | best_so_far: cost=2762924.25  viol=5898556.4656  obj=5901319389.89
[Run 16 | Iter 72] iter_best: cost=2486632.66  viol=5996374.8319  obj=5998861464.59 | best_so_far: cost=2762924.25  viol=5898556.4656  obj=5901319389.89
[Run 16 | Iter 73] iter_best: cost=2394534.57  viol=6018199.3343  obj=6020593868.82 | best_so_far: cost=2762924.25  viol=5898556.4656  obj=5901319389.89
[Run 16 | Iter 74] iter_best: cost=2486631.32  viol=6006394.7246  obj=6008881355.92 | best_so_far: cost=2762924.25  viol=5898556.4656  obj=5901319389.89
[Run 16 | Iter 75] iter_best: cost=2118242.31  viol=6129873.2954  obj=6131991537.69 | best_so_far: cost=2762924.25  viol=5898556.4656  obj=5901319389.89
[Run 16 | Iter 76] iter_best: cost=2118242.31  viol=6112124.4256  obj=6114242667.87 | best_so_far: cost=2762924.25  viol=5898556.4656  obj=5901319389.89
[Run 16 | FE 2304] best_local_obj=5901319389.89  best_local_cost=2762924.25  best_local_viol=5898556.4656
[Run 16 | Iter 77] iter_best: cost=2394534.57  viol=6038359.4770  obj=6040754011.60 | best_so_far: cost=2762924.25  viol=5898556.4656  obj=5901319389.89
[Run 16 | Iter 78] iter_best: cost=2578730.08  viol=5982202.8373  obj=5984781567.34 | best_so_far: cost=2762924.25  viol=5898556.4656  obj=5901319389.89
[Run 16 | Iter 79] iter_best: cost=2486631.65  viol=5996148.5046  obj=5998635136.22 | best_so_far: cost=2762924.25  viol=5898556.4656  obj=5901319389.89
[Run 16 | Iter 80] iter_best: cost=2394533.57  viol=6044799.6037  obj=6047194137.31 | best_so_far: cost=2762924.25  viol=5898556.4656  obj=5901319389.89
[Run 16 | Iter 81] iter_best: cost=2578730.08  viol=5961695.9695  obj=5964274699.54 | best_so_far: cost=2762924.25  viol=5898556.4656  obj=5901319389.89
[Run 16 | Iter 82] iter_best: cost=2302437.48  viol=6108294.4704  obj=6110596907.91 | best_so_far: cost=2762924.25  viol=5898556.4656  obj=5901319389.89
[Run 16 | Iter 83] iter_best: cost=2578729.07  viol=5982041.8634  obj=5984620592.50 | best_so_far: cost=2762924.25  viol=5898556.4656  obj=5901319389.89
[Run 16 | Iter 84] iter_best: cost=2026144.22  viol=6134427.4880  obj=6136453632.23 | best_so_far: cost=2762924.25  viol=5898556.4656  obj=5901319389.89
[Run 16 | Iter 85] iter_best: cost=2302436.82  viol=6107644.0232  obj=6109946459.98 | best_so_far: cost=2762924.25  viol=5898556.4656  obj=5901319389.89
[Run 16 | FE 2560] best_local_obj=5901319389.89  best_local_cost=2762924.25  best_local_viol=5898556.4656
[Run 16 | Iter 86] iter_best: cost=2394533.90  viol=6032484.2964  obj=6034878830.29 | best_so_far: cost=2762924.25  viol=5898556.4656  obj=5901319389.89
[Run 16 | Iter 87] iter_best: cost=2210338.73  viol=6112455.5989  obj=6114665937.67 | best_so_far: cost=2762924.25  viol=5898556.4656  obj=5901319389.89
[Run 16 | Iter 88] iter_best: cost=2118241.64  viol=6125228.2978  obj=6127346539.48 | best_so_far: cost=2762924.25  viol=5898556.4656  obj=5901319389.89
[Run 16 | Iter 89] iter_best: cost=2210339.06  viol=6085819.3175  obj=6088029656.56 | best_so_far: cost=2762924.25  viol=5898556.4656  obj=5901319389.89
[Run 16 | Iter 90] iter_best: cost=2118241.98  viol=6124335.2831  obj=6126453525.07 | best_so_far: cost=2762924.25  viol=5898556.4656  obj=5901319389.89
[Run 16 | Iter 91] iter_best: cost=2394535.24  viol=6041699.4956  obj=6044094030.86 | best_so_far: cost=2762924.25  viol=5898556.4656  obj=5901319389.89
[Run 16 | Iter 92] iter_best: cost=2118241.64  viol=6121675.6491  obj=6123793890.71 | best_so_far: cost=2762924.25  viol=5898556.4656  obj=5901319389.89
[Run 16 | Iter 93] iter_best: cost=2670826.83  viol=5922717.8087  obj=5925388635.52 | best_so_far: cost=2762924.25  viol=5898556.4656  obj=5901319389.89
[Run 16 | FE 2816] best_local_obj=5901319389.89  best_local_cost=2762924.25  best_local_viol=5898556.4656
[Run 16 | Iter 94] iter_best: cost=2210339.73  viol=6107373.5626  obj=6109583902.31 | best_so_far: cost=2762924.25  viol=5898556.4656  obj=5901319389.89
[Run 16 | Iter 95] iter_best: cost=2486631.32  viol=6033432.7686  obj=6035919399.97 | best_so_far: cost=2762924.25  viol=5898556.4656  obj=5901319389.89
[Run 16 | Iter 96] iter_best: cost=2118242.31  viol=6121857.7907  obj=6123976033.03 | best_so_far: cost=2762924.25  viol=5898556.4656  obj=5901319389.89
[Run 16 | Iter 97] iter_best: cost=2486631.65  viol=6026916.5753  obj=6029403207.00 | best_so_far: cost=2762924.25  viol=5898556.4656  obj=5901319389.89
[Run 16 | Iter 98] iter_best: cost=2118241.98  viol=6121718.4080  obj=6123836649.98 | best_so_far: cost=2762924.25  viol=5898556.4656  obj=5901319389.89
[Run 16 | Iter 99] iter_best: cost=2486631.99  viol=6006327.3701  obj=6008814002.06 | best_so_far: cost=2762924.25  viol=5898556.4656  obj=5901319389.89
[Run 16 | Iter 100] iter_best: cost=2486632.32  viol=5988558.5243  obj=5991045156.62 | best_so_far: cost=2762924.25  viol=5898556.4656  obj=5901319389.89
[Run 16 | Iter 101] iter_best: cost=2210338.73  viol=6082069.7806  obj=6084280119.30 | best_so_far: cost=2762924.25  viol=5898556.4656  obj=5901319389.89
[Run 16 | Iter 102] iter_best: cost=2394534.24  viol=6075092.4523  obj=6077486986.54 | best_so_far: cost=2762924.25  viol=5898556.4656  obj=5901319389.89
[Run 16 | FE 3072] best_local_obj=5901319389.89  best_local_cost=2762924.25  best_local_viol=5898556.4656
[Run 16 | Iter 103] iter_best: cost=2118241.64  viol=6133093.4249  obj=6135211666.58 | best_so_far: cost=2762924.25  viol=5898556.4656  obj=5901319389.89
[Run 16 | Iter 104] iter_best: cost=2210339.40  viol=6088741.5415  obj=6090951880.93 | best_so_far: cost=2762924.25  viol=5898556.4656  obj=5901319389.89
[Run 16 | Iter 105] iter_best: cost=2394534.24  viol=6060343.6960  obj=6062738230.22 | best_so_far: cost=2762924.25  viol=5898556.4656  obj=5901319389.89
[Run 16 | Iter 106] iter_best: cost=2118241.64  viol=6122493.8391  obj=6124612080.75 | best_so_far: cost=2762924.25  viol=5898556.4656  obj=5901319389.89
[Run 16 | Iter 107] iter_best: cost=2394534.24  viol=6019788.2992  obj=6022182833.39 | best_so_far: cost=2762924.25  viol=5898556.4656  obj=5901319389.89
[Run 16 | Iter 108] iter_best: cost=2210339.40  viol=6076737.4681  obj=6078947807.50 | best_so_far: cost=2762924.25  viol=5898556.4656  obj=5901319389.89
[Run 16 | Iter 109] iter_best: cost=2210339.40  viol=6094021.3648  obj=6096231704.19 | best_so_far: cost=2762924.25  viol=5898556.4656  obj=5901319389.89
[Run 16 | Iter 110] iter_best: cost=2302437.15  viol=6090764.7429  obj=6093067180.04 | best_so_far: cost=2762924.25  viol=5898556.4656  obj=5901319389.89
[Run 16 | FE 3328] best_local_obj=5901319389.89  best_local_cost=2762924.25  best_local_viol=5898556.4656
[Run 16 | Iter 111] iter_best: cost=2210340.07  viol=6118909.7540  obj=6121120094.03 | best_so_far: cost=2762924.25  viol=5898556.4656  obj=5901319389.89
[Run 16 | Iter 112] iter_best: cost=1934046.47  viol=6167571.5397  obj=6169505586.16 | best_so_far: cost=2762924.25  viol=5898556.4656  obj=5901319389.89
[Run 16 | Iter 113] iter_best: cost=2210339.06  viol=6128877.2828  obj=6131087621.82 | best_so_far: cost=2762924.25  viol=5898556.4656  obj=5901319389.89
[Run 16 | Iter 114] iter_best: cost=2026144.56  viol=6136746.2224  obj=6138772366.97 | best_so_far: cost=2762924.25  viol=5898556.4656  obj=5901319389.89
[Run 16 | Iter 115] iter_best: cost=2394533.57  viol=6020136.7769  obj=6022531310.48 | best_so_far: cost=2762924.25  viol=5898556.4656  obj=5901319389.89
[Run 16 | Iter 116] iter_best: cost=2394534.90  viol=6030423.3360  obj=6032817870.89 | best_so_far: cost=2762924.25  viol=5898556.4656  obj=5901319389.89
[Run 16 | Iter 117] iter_best: cost=2118241.31  viol=6130814.0466  obj=6132932287.90 | best_so_far: cost=2762924.25  viol=5898556.4656  obj=5901319389.89
[Run 16 | Iter 118] iter_best: cost=2210339.40  viol=6094182.7153  obj=6096393054.70 | best_so_far: cost=2762924.25  viol=5898556.4656  obj=5901319389.89
[Run 16 | Iter 119] iter_best: cost=2302436.48  viol=6055957.1856  obj=6058259622.08 | best_so_far: cost=2762924.25  viol=5898556.4656  obj=5901319389.89
[Run 16 | FE 3584] best_local_obj=5901319389.89  best_local_cost=2762924.25  best_local_viol=5898556.4656
[Run 16 | Iter 120] iter_best: cost=2210339.73  viol=6091175.0366  obj=6093385376.29 | best_so_far: cost=2762924.25  viol=5898556.4656  obj=5901319389.89
[Run 16 | Iter 121] iter_best: cost=2302437.15  viol=6049412.2947  obj=6051714731.86 | best_so_far: cost=2762924.25  viol=5898556.4656  obj=5901319389.89
[Run 16 | Iter 122] iter_best: cost=2578730.08  viol=5956205.6895  obj=5958784419.60 | best_so_far: cost=2762924.25  viol=5898556.4656  obj=5901319389.89
[Run 16 | Iter 123] iter_best: cost=2118242.65  viol=6106586.7676  obj=6108705010.21 | best_so_far: cost=2762924.25  viol=5898556.4656  obj=5901319389.89
[Run 16 | Iter 124] iter_best: cost=2394534.57  viol=6049483.4675  obj=6051878002.06 | best_so_far: cost=2762924.25  viol=5898556.4656  obj=5901319389.89
[Run 16 | Iter 125] iter_best: cost=2486631.99  viol=6019693.8995  obj=6022180531.49 | best_so_far: cost=2762924.25  viol=5898556.4656  obj=5901319389.89
[Run 16 | Iter 126] iter_best: cost=2486632.32  viol=6026225.2567  obj=6028711889.02 | best_so_far: cost=2762924.25  viol=5898556.4656  obj=5901319389.89
[Run 16 | Iter 127] iter_best: cost=2394533.57  viol=6026548.1341  obj=6028942667.66 | best_so_far: cost=2762924.25  viol=5898556.4656  obj=5901319389.89
[Run 16 | FE 3840] best_local_obj=5901319389.89  best_local_cost=2762924.25  best_local_viol=5898556.4656
[Run 16 | Iter 128] iter_best: cost=2486631.32  viol=6018438.7180  obj=6020925349.37 | best_so_far: cost=2762924.25  viol=5898556.4656  obj=5901319389.89
[Run 16 | Iter 129] iter_best: cost=2210339.06  viol=6080809.0336  obj=6083019372.63 | best_so_far: cost=2762924.25  viol=5898556.4656  obj=5901319389.89
[Run 16 | Iter 130] iter_best: cost=2670827.83  viol=5935518.7433  obj=5938189571.09 | best_so_far: cost=2762924.25  viol=5898556.4656  obj=5901319389.89
[Run 16 | Iter 131] iter_best: cost=2394534.24  viol=6066423.8719  obj=6068818406.19 | best_so_far: cost=2762924.25  viol=5898556.4656  obj=5901319389.89
[Run 16 | Iter 132] iter_best: cost=2118241.98  viol=6114766.5595  obj=6116884801.49 | best_so_far: cost=2762924.25  viol=5898556.4656  obj=5901319389.89
[Run 16 | Iter 133] iter_best: cost=2670826.83  viol=5968521.8508  obj=5971192677.61 | best_so_far: cost=2762924.25  viol=5898556.4656  obj=5901319389.89
[Run 16 | Iter 134] iter_best: cost=2026144.22  viol=6140814.7910  obj=6142840935.21 | best_so_far: cost=2762924.25  viol=5898556.4656  obj=5901319389.89
[Run 16 | Iter 135] iter_best: cost=2394533.90  viol=6071305.4739  obj=6073700007.81 | best_so_far: cost=2762924.25  viol=5898556.4656  obj=5901319389.89
[Run 16 | Iter 136] iter_best: cost=2578729.41  viol=5992394.1243  obj=5994972853.66 | best_so_far: cost=2762924.25  viol=5898556.4656  obj=5901319389.89
[Run 16 | FE 4096] best_local_obj=5901319389.89  best_local_cost=2762924.25  best_local_viol=5898556.4656
[Run 16 | Iter 137] iter_best: cost=2210339.73  viol=6078451.2840  obj=6080661623.78 | best_so_far: cost=2762924.25  viol=5898556.4656  obj=5901319389.89
[Run 16 | Iter 138] iter_best: cost=2302436.82  viol=6045831.2823  obj=6048133719.08 | best_so_far: cost=2762924.25  viol=5898556.4656  obj=5901319389.89
[Run 16 | Iter 139] iter_best: cost=2026144.89  viol=6146363.6380  obj=6148389782.91 | best_so_far: cost=2762924.25  viol=5898556.4656  obj=5901319389.89
[Run 16 | Iter 140] iter_best: cost=2302437.15  viol=6048736.0230  obj=6051038460.20 | best_so_far: cost=2762924.25  viol=5898556.4656  obj=5901319389.89
[Run 16 | Iter 141] iter_best: cost=2210339.73  viol=6104858.3491  obj=6107068688.79 | best_so_far: cost=2762924.25  viol=5898556.4656  obj=5901319389.89
[Run 16 | Iter 142] iter_best: cost=2026144.56  viol=6134518.7293  obj=6136544873.82 | best_so_far: cost=2762924.25  viol=5898556.4656  obj=5901319389.89
[Run 16 | Iter 143] iter_best: cost=2578730.08  viol=5978601.7563  obj=5981180486.40 | best_so_far: cost=2762924.25  viol=5898556.4656  obj=5901319389.89
[Run 16 | Iter 144] iter_best: cost=2762923.91  viol=5925547.5596  obj=5928310483.48 | best_so_far: cost=2762924.25  viol=5898556.4656  obj=5901319389.89
[Run 16 | Iter 145] iter_best: cost=2394534.24  viol=6037115.1054  obj=6039509639.63 | best_so_far: cost=2762924.25  viol=5898556.4656  obj=5901319389.89
[Run 16 | FE 4352] best_local_obj=5901319389.89  best_local_cost=2762924.25  best_local_viol=5898556.4656
[Run 16 | Iter 146] iter_best: cost=2302437.48  viol=6087930.6365  obj=6090233073.95 | best_so_far: cost=2762924.25  viol=5898556.4656  obj=5901319389.89
[Run 16 | Iter 147] iter_best: cost=2118242.31  viol=6127618.2225  obj=6129736464.77 | best_so_far: cost=2762924.25  viol=5898556.4656  obj=5901319389.89
[Run 16 | Iter 148] iter_best: cost=2394533.57  viol=6047672.5347  obj=6050067068.27 | best_so_far: cost=2762924.25  viol=5898556.4656  obj=5901319389.89
[Run 16 | Iter 149] iter_best: cost=2578730.08  viol=5983704.7198  obj=5986283449.88 | best_so_far: cost=2762924.25  viol=5898556.4656  obj=5901319389.89
[Run 16 | Iter 150] iter_best: cost=2026144.56  viol=6145409.6310  obj=6147435775.55 | best_so_far: cost=2762924.25  viol=5898556.4656  obj=5901319389.89
[Run 16 | Iter 151] iter_best: cost=2578729.74  viol=5985002.8076  obj=5987581537.35 | best_so_far: cost=2762924.25  viol=5898556.4656  obj=5901319389.89
[Run 16 | Iter 152] iter_best: cost=2210339.73  viol=6090173.2933  obj=6092383633.00 | best_so_far: cost=2762924.25  viol=5898556.4656  obj=5901319389.89
[Run 16 | Iter 153] iter_best: cost=2302437.15  viol=6084024.2516  obj=6086326688.79 | best_so_far: cost=2762924.25  viol=5898556.4656  obj=5901319389.89
[Run 16 | FE 4608] best_local_obj=5901319389.89  best_local_cost=2762924.25  best_local_viol=5898556.4656
[Run 16 | Iter 154] iter_best: cost=2302436.82  viol=6066513.9743  obj=6068816411.13 | best_so_far: cost=2762924.25  viol=5898556.4656  obj=5901319389.89
[Run 16 | Iter 155] iter_best: cost=2210339.40  viol=6078578.9615  obj=6080789300.88 | best_so_far: cost=2762924.25  viol=5898556.4656  obj=5901319389.89
[Run 16 | Iter 156] iter_best: cost=2210340.07  viol=6077131.2059  obj=6079341545.95 | best_so_far: cost=2762924.25  viol=5898556.4656  obj=5901319389.89
[Run 16 | Iter 157] iter_best: cost=2302436.82  viol=6057229.2238  obj=6059531660.66 | best_so_far: cost=2762924.25  viol=5898556.4656  obj=5901319389.89
[Run 16 | Iter 158] iter_best: cost=2302436.48  viol=6085085.7582  obj=6087388194.65 | best_so_far: cost=2762924.25  viol=5898556.4656  obj=5901319389.89
[Run 16 | Iter 159] iter_best: cost=2210339.06  viol=6090441.2196  obj=6092651558.64 | best_so_far: cost=2762924.25  viol=5898556.4656  obj=5901319389.89
[Run 16 | Iter 160] iter_best: cost=2118242.31  viol=6117384.0955  obj=6119502337.76 | best_so_far: cost=2762924.25  viol=5898556.4656  obj=5901319389.89
[Run 16 | Iter 161] iter_best: cost=2486631.65  viol=6013963.8137  obj=6016450445.36 | best_so_far: cost=2762924.25  viol=5898556.4656  obj=5901319389.89
[Run 16 | Iter 162] iter_best: cost=2118241.64  viol=6124502.8479  obj=6126621089.51 | best_so_far: cost=2762924.25  viol=5898556.4656  obj=5901319389.89
[Run 16 | FE 4864] best_local_obj=5901319389.89  best_local_cost=2762924.25  best_local_viol=5898556.4656
[Run 16 | Iter 163] iter_best: cost=2302437.82  viol=6054980.8713  obj=6057283309.14 | best_so_far: cost=2762924.25  viol=5898556.4656  obj=5901319389.89
[Run 16 | Iter 164] iter_best: cost=2210338.73  viol=6120296.2405  obj=6122506579.21 | best_so_far: cost=2762924.25  viol=5898556.4656  obj=5901319389.89
[Run 16 | Iter 165] iter_best: cost=2118242.31  viol=6115819.4947  obj=6117937736.99 | best_so_far: cost=2762924.25  viol=5898556.4656  obj=5901319389.89
[Run 16 | Iter 166] iter_best: cost=2118242.98  viol=6160225.6036  obj=6162343846.58 | best_so_far: cost=2762924.25  viol=5898556.4656  obj=5901319389.89
[Run 16 | Iter 167] iter_best: cost=2302436.82  viol=6067086.0121  obj=6069388448.95 | best_so_far: cost=2762924.25  viol=5898556.4656  obj=5901319389.89
[Run 16 | Iter 168] iter_best: cost=2210339.06  viol=6093463.2327  obj=6095673571.78 | best_so_far: cost=2762924.25  viol=5898556.4656  obj=5901319389.89
[Run 16 | Iter 169] iter_best: cost=2302436.15  viol=6074441.2829  obj=6076743719.02 | best_so_far: cost=2762924.25  viol=5898556.4656  obj=5901319389.89
[Run 16 | Iter 170] iter_best: cost=2394534.24  viol=6019414.9498  obj=6021809483.99 | best_so_far: cost=2762924.25  viol=5898556.4656  obj=5901319389.89
[Run 16 | FE 5120] best_local_obj=5901319389.89  best_local_cost=2762924.25  best_local_viol=5898556.4656
[Run 16 | Iter 171] iter_best: cost=2210338.73  viol=6088448.0760  obj=6090658414.75 | best_so_far: cost=2762924.25  viol=5898556.4656  obj=5901319389.89
[Run 16 | Iter 172] iter_best: cost=2762923.58  viol=5920394.7862  obj=5923157709.73 | best_so_far: cost=2762924.25  viol=5898556.4656  obj=5901319389.89
[Run 16 | Iter 173] iter_best: cost=2394534.24  viol=6025024.4462  obj=6027418980.46 | best_so_far: cost=2762924.25  viol=5898556.4656  obj=5901319389.89
[Run 16 | Iter 174] iter_best: cost=2394534.57  viol=6070484.0734  obj=6072878607.99 | best_so_far: cost=2762924.25  viol=5898556.4656  obj=5901319389.89
[Run 16 | Iter 175] iter_best: cost=2394534.24  viol=6042176.4954  obj=6044571029.61 | best_so_far: cost=2762924.25  viol=5898556.4656  obj=5901319389.89
[Run 16 | Iter 176] iter_best: cost=2394533.90  viol=6053800.4851  obj=6056195019.00 | best_so_far: cost=2762924.25  viol=5898556.4656  obj=5901319389.89
[Run 16 | Iter 177] iter_best: cost=2026143.56  viol=6136430.9281  obj=6138457071.63 | best_so_far: cost=2762924.25  viol=5898556.4656  obj=5901319389.89
[Run 16 | Iter 178] iter_best: cost=2026144.89  viol=6148657.3014  obj=6150683446.33 | best_so_far: cost=2762924.25  viol=5898556.4656  obj=5901319389.89
[Run 16 | Iter 179] iter_best: cost=2394534.90  viol=6015067.9050  obj=6017462439.86 | best_so_far: cost=2762924.25  viol=5898556.4656  obj=5901319389.89
[Run 16 | FE 5376] best_local_obj=5901319389.89  best_local_cost=2762924.25  best_local_viol=5898556.4656
[Run 16 | Iter 180] iter_best: cost=2302437.82  viol=6051427.8173  obj=6053730255.16 | best_so_far: cost=2762924.25  viol=5898556.4656  obj=5901319389.89
[Run 16 | Iter 181] iter_best: cost=2210339.40  viol=6081644.5401  obj=6083854879.53 | best_so_far: cost=2762924.25  viol=5898556.4656  obj=5901319389.89
[Run 16 | Iter 182] iter_best: cost=2394533.57  viol=6053035.2844  obj=6055429817.94 | best_so_far: cost=2762924.25  viol=5898556.4656  obj=5901319389.89
[Run 16 | Iter 183] iter_best: cost=2578729.74  viol=6016115.7068  obj=6018694436.50 | best_so_far: cost=2762924.25  viol=5898556.4656  obj=5901319389.89
[Run 16 | Iter 184] iter_best: cost=2118241.98  viol=6110460.8124  obj=6112579054.34 | best_so_far: cost=2762924.25  viol=5898556.4656  obj=5901319389.89
[Run 16 | Iter 185] iter_best: cost=2394534.57  viol=6029629.0671  obj=6032023601.70 | best_so_far: cost=2762924.25  viol=5898556.4656  obj=5901319389.89
[Run 16 | Iter 186] iter_best: cost=2486630.99  viol=6026924.4068  obj=6029411037.79 | best_so_far: cost=2762924.25  viol=5898556.4656  obj=5901319389.89
[Run 16 | Iter 187] iter_best: cost=2026144.22  viol=6155920.6789  obj=6157946823.12 | best_so_far: cost=2762924.25  viol=5898556.4656  obj=5901319389.89
[Run 16 | FE 5632] best_local_obj=5901319389.89  best_local_cost=2762924.25  best_local_viol=5898556.4656
[Run 16 | Iter 188] iter_best: cost=2394534.90  viol=6020839.7120  obj=6023234246.92 | best_so_far: cost=2762924.25  viol=5898556.4656  obj=5901319389.89
[Run 16 | Iter 189] iter_best: cost=2394534.90  viol=6026584.1254  obj=6028978660.30 | best_so_far: cost=2762924.25  viol=5898556.4656  obj=5901319389.89
[Run 16 | Iter 190] iter_best: cost=2210339.40  viol=6118661.2390  obj=6120871578.42 | best_so_far: cost=2762924.25  viol=5898556.4656  obj=5901319389.89
[Run 16 | Iter 191] iter_best: cost=2118241.64  viol=6108067.9059  obj=6110186147.57 | best_so_far: cost=2762924.25  viol=5898556.4656  obj=5901319389.89
[Run 16 | Iter 192] iter_best: cost=2394534.24  viol=6020989.8089  obj=6023384343.10 | best_so_far: cost=2762924.25  viol=5898556.4656  obj=5901319389.89
[Run 16 | Iter 193] iter_best: cost=1934046.47  viol=6195714.5422  obj=6197648588.70 | best_so_far: cost=2762924.25  viol=5898556.4656  obj=5901319389.89
[Run 16 | Iter 194] iter_best: cost=2026144.89  viol=6143305.9043  obj=6145332049.15 | best_so_far: cost=2762924.25  viol=5898556.4656  obj=5901319389.89
[Run 16 | Iter 195] iter_best: cost=2855022.67  viol=5889173.6210  obj=5892028643.71 | best_so_far: cost=2855022.67  viol=5889173.6210  obj=5892028643.71
[Run 16 | Iter 196] iter_best: cost=2394534.90  viol=6037025.7519  obj=6039420286.78 | best_so_far: cost=2855022.67  viol=5889173.6210  obj=5892028643.71
[Run 16 | FE 5888] best_local_obj=5892028643.71  best_local_cost=2855022.67  best_local_viol=5889173.6210
[Run 16 | Iter 197] iter_best: cost=2210339.06  viol=6126107.6683  obj=6128318007.32 | best_so_far: cost=2855022.67  viol=5889173.6210  obj=5892028643.71
[Run 16 | Iter 198] iter_best: cost=1934047.14  viol=6168569.0785  obj=6170503125.66 | best_so_far: cost=2855022.67  viol=5889173.6210  obj=5892028643.71
[Run 16 | Iter 199] iter_best: cost=2026144.56  viol=6140917.1138  obj=6142943258.41 | best_so_far: cost=2855022.67  viol=5889173.6210  obj=5892028643.71
[Run 16 | Iter 200] iter_best: cost=2302437.15  viol=6056978.0489  obj=6059280486.05 | best_so_far: cost=2855022.67  viol=5889173.6210  obj=5892028643.71
[Run 16 | Iter 201] iter_best: cost=2302436.82  viol=6089443.0092  obj=6091745446.00 | best_so_far: cost=2855022.67  viol=5889173.6210  obj=5892028643.71
[Run 16 | Iter 202] iter_best: cost=2118242.31  viol=6119316.4461  obj=6121434688.45 | best_so_far: cost=2855022.67  viol=5889173.6210  obj=5892028643.71
[Run 16 | Iter 203] iter_best: cost=2118241.98  viol=6115291.5590  obj=6117409800.95 | best_so_far: cost=2855022.67  viol=5889173.6210  obj=5892028643.71
[Run 16 | Iter 204] iter_best: cost=2302437.48  viol=6056326.5234  obj=6058628960.89 | best_so_far: cost=2855022.67  viol=5889173.6210  obj=5892028643.71
[Run 16 | FE 6144] best_local_obj=5892028643.71  best_local_cost=2855022.67  best_local_viol=5889173.6210
[Run 16 | Iter 205] iter_best: cost=2394534.24  viol=6031592.5917  obj=6033987125.96 | best_so_far: cost=2855022.67  viol=5889173.6210  obj=5892028643.71
[Run 16 | Iter 206] iter_best: cost=2302436.48  viol=6093974.2611  obj=6096276697.58 | best_so_far: cost=2855022.67  viol=5889173.6210  obj=5892028643.71
[Run 16 | Iter 207] iter_best: cost=2210338.39  viol=6090727.7756  obj=6092938113.99 | best_so_far: cost=2855022.67  viol=5889173.6210  obj=5892028643.71
[Run 16 | Iter 208] iter_best: cost=2394533.90  viol=6049665.7577  obj=6052060291.57 | best_so_far: cost=2855022.67  viol=5889173.6210  obj=5892028643.71
[Run 16 | Iter 209] iter_best: cost=2026144.22  viol=6143948.6807  obj=6145974824.92 | best_so_far: cost=2855022.67  viol=5889173.6210  obj=5892028643.71
[Run 16 | Iter 210] iter_best: cost=2302437.15  viol=6067872.8639  obj=6070175301.02 | best_so_far: cost=2855022.67  viol=5889173.6210  obj=5892028643.71
[Run 16 | Iter 211] iter_best: cost=2486631.99  viol=5988524.3787  obj=5991011010.69 | best_so_far: cost=2855022.67  viol=5889173.6210  obj=5892028643.71
[Run 16 | Iter 212] iter_best: cost=2118241.31  viol=6103444.3188  obj=6105562560.09 | best_so_far: cost=2855022.67  viol=5889173.6210  obj=5892028643.71
[Run 16 | Iter 213] iter_best: cost=2026144.56  viol=6147194.8957  obj=6149221040.26 | best_so_far: cost=2855022.67  viol=5889173.6210  obj=5892028643.71
[Run 16 | FE 6400] best_local_obj=5892028643.71  best_local_cost=2855022.67  best_local_viol=5889173.6210
[Run 16 | Iter 214] iter_best: cost=1841949.39  viol=6199028.8465  obj=6200870795.89 | best_so_far: cost=2855022.67  viol=5889173.6210  obj=5892028643.71
[Run 16 | Iter 215] iter_best: cost=2394534.57  viol=6053552.4350  obj=6055946969.56 | best_so_far: cost=2855022.67  viol=5889173.6210  obj=5892028643.71
[Run 16 | Iter 216] iter_best: cost=2026144.56  viol=6135922.3733  obj=6137948517.84 | best_so_far: cost=2855022.67  viol=5889173.6210  obj=5892028643.71
[Run 16 | Iter 217] iter_best: cost=2026144.56  viol=6145377.9479  obj=6147404092.44 | best_so_far: cost=2855022.67  viol=5889173.6210  obj=5892028643.71
[Run 16 | Iter 218] iter_best: cost=2118241.64  viol=6147487.2202  obj=6149605461.83 | best_so_far: cost=2855022.67  viol=5889173.6210  obj=5892028643.71
[Run 16 | Iter 219] iter_best: cost=2578729.07  viol=5980894.3187  obj=5983473047.76 | best_so_far: cost=2855022.67  viol=5889173.6210  obj=5892028643.71
[Run 16 | Iter 220] iter_best: cost=2210340.07  viol=6096579.2801  obj=6098789620.13 | best_so_far: cost=2855022.67  viol=5889173.6210  obj=5892028643.71
[Run 16 | Iter 221] iter_best: cost=2394534.90  viol=6080083.2282  obj=6082477763.06 | best_so_far: cost=2855022.67  viol=5889173.6210  obj=5892028643.71
[Run 16 | FE 6656] best_local_obj=5892028643.71  best_local_cost=2855022.67  best_local_viol=5889173.6210
[Run 16 | Iter 222] iter_best: cost=2302436.48  viol=6051161.3932  obj=6053463829.66 | best_so_far: cost=2855022.67  viol=5889173.6210  obj=5892028643.71
[Run 16 | Iter 223] iter_best: cost=2578729.74  viol=5992897.0548  obj=5995475784.56 | best_so_far: cost=2855022.67  viol=5889173.6210  obj=5892028643.71
[Run 16 | Iter 224] iter_best: cost=2026144.89  viol=6145032.3627  obj=6147058507.62 | best_so_far: cost=2855022.67  viol=5889173.6210  obj=5892028643.71
[Run 16 | Iter 225] iter_best: cost=2394534.57  viol=6036526.9325  obj=6038921467.07 | best_so_far: cost=2855022.67  viol=5889173.6210  obj=5892028643.71
[Run 16 | Iter 226] iter_best: cost=2302436.82  viol=6054427.2225  obj=6056729659.27 | best_so_far: cost=2855022.67  viol=5889173.6210  obj=5892028643.71
[Run 16 | Iter 227] iter_best: cost=2118241.31  viol=6132428.8859  obj=6134547127.19 | best_so_far: cost=2855022.67  viol=5889173.6210  obj=5892028643.71
[Run 16 | Iter 228] iter_best: cost=2302437.15  viol=6061313.3142  obj=6063615751.35 | best_so_far: cost=2855022.67  viol=5889173.6210  obj=5892028643.71
[Run 16 | Iter 229] iter_best: cost=2118241.64  viol=6114784.1071  obj=6116902348.76 | best_so_far: cost=2855022.67  viol=5889173.6210  obj=5892028643.71
[Run 16 | Iter 230] iter_best: cost=2486631.32  viol=6018275.3031  obj=6020761934.41 | best_so_far: cost=2855022.67  viol=5889173.6210  obj=5892028643.71
[Run 16 | FE 6912] best_local_obj=5892028643.71  best_local_cost=2855022.67  best_local_viol=5889173.6210
[Run 16 | Iter 231] iter_best: cost=2762924.25  viol=5966915.4077  obj=5969678331.97 | best_so_far: cost=2855022.67  viol=5889173.6210  obj=5892028643.71
[Run 16 | Iter 232] iter_best: cost=2762923.91  viol=5928648.1672  obj=5931411091.11 | best_so_far: cost=2855022.67  viol=5889173.6210  obj=5892028643.71
[Run 16 | Iter 233] iter_best: cost=2670826.83  viol=5975153.5452  obj=5977824372.01 | best_so_far: cost=2855022.67  viol=5889173.6210  obj=5892028643.71
[Run 16 | Iter 234] iter_best: cost=2486631.99  viol=5995648.7548  obj=5998135386.81 | best_so_far: cost=2855022.67  viol=5889173.6210  obj=5892028643.71
[Run 16 | Iter 235] iter_best: cost=2394533.90  viol=6032139.4782  obj=6034534012.13 | best_so_far: cost=2855022.67  viol=5889173.6210  obj=5892028643.71
[Run 16 | Iter 236] iter_best: cost=2302437.48  viol=6079237.4587  obj=6081539896.20 | best_so_far: cost=2855022.67  viol=5889173.6210  obj=5892028643.71
[Run 16 | Iter 237] iter_best: cost=2210339.40  viol=6126007.0968  obj=6128217436.19 | best_so_far: cost=2855022.67  viol=5889173.6210  obj=5892028643.71
[Run 16 | Iter 238] iter_best: cost=2026144.56  viol=6148084.9017  obj=6150111046.24 | best_so_far: cost=2855022.67  viol=5889173.6210  obj=5892028643.71
[Run 16 | FE 7168] best_local_obj=5892028643.71  best_local_cost=2855022.67  best_local_viol=5889173.6210
[Run 16 | Iter 239] iter_best: cost=2302436.48  viol=6066610.1346  obj=6068912571.09 | best_so_far: cost=2855022.67  viol=5889173.6210  obj=5892028643.71
[Run 16 | Iter 240] iter_best: cost=2210339.73  viol=6087248.8995  obj=6089459239.25 | best_so_far: cost=2855022.67  viol=5889173.6210  obj=5892028643.71
[Run 16 | Iter 241] iter_best: cost=2302436.82  viol=6070504.5687  obj=6072807005.55 | best_so_far: cost=2855022.67  viol=5889173.6210  obj=5892028643.71
[Run 16 | Iter 242] iter_best: cost=2394533.90  viol=6014630.5937  obj=6017025127.59 | best_so_far: cost=2855022.67  viol=5889173.6210  obj=5892028643.71
[Run 16 | Iter 243] iter_best: cost=2210340.07  viol=6087578.7331  obj=6089789073.12 | best_so_far: cost=2855022.67  viol=5889173.6210  obj=5892028643.71
[Run 16 | Iter 244] iter_best: cost=2210339.73  viol=6092651.3530  obj=6094861692.76 | best_so_far: cost=2855022.67  viol=5889173.6210  obj=5892028643.71
[Run 16 | Iter 245] iter_best: cost=2210340.07  viol=6084802.8953  obj=6087013235.36 | best_so_far: cost=2855022.67  viol=5889173.6210  obj=5892028643.71
[Run 16 | Iter 246] iter_best: cost=2670826.83  viol=5948704.1819  obj=5951375008.76 | best_so_far: cost=2855022.67  viol=5889173.6210  obj=5892028643.71
[Run 16 | Iter 247] iter_best: cost=2210339.40  viol=6080176.8326  obj=6082387171.97 | best_so_far: cost=2855022.67  viol=5889173.6210  obj=5892028643.71
[Run 16 | FE 7424] best_local_obj=5892028643.71  best_local_cost=2855022.67  best_local_viol=5889173.6210
[Run 16 | Iter 248] iter_best: cost=2302436.48  viol=6067705.6368  obj=6070008073.25 | best_so_far: cost=2855022.67  viol=5889173.6210  obj=5892028643.71
[Run 16 | Iter 249] iter_best: cost=2210339.73  viol=6113718.2194  obj=6115928559.12 | best_so_far: cost=2855022.67  viol=5889173.6210  obj=5892028643.71
[Run 16 | Iter 250] iter_best: cost=2210339.40  viol=6101089.1173  obj=6103299456.70 | best_so_far: cost=2855022.67  viol=5889173.6210  obj=5892028643.71
[Run 16 | Iter 251] iter_best: cost=2118241.31  viol=6125622.6699  obj=6127740911.25 | best_so_far: cost=2855022.67  viol=5889173.6210  obj=5892028643.71
[Run 16 | Iter 252] iter_best: cost=2394534.24  viol=6048490.9158  obj=6050885450.02 | best_so_far: cost=2855022.67  viol=5889173.6210  obj=5892028643.71
[Run 16 | Iter 253] iter_best: cost=1934047.14  viol=6175271.6881  obj=6177205735.23 | best_so_far: cost=2855022.67  viol=5889173.6210  obj=5892028643.71
[Run 16 | Iter 254] iter_best: cost=2302437.82  viol=6077384.5075  obj=6079686945.29 | best_so_far: cost=2855022.67  viol=5889173.6210  obj=5892028643.71
[Run 16 | Iter 255] iter_best: cost=2302437.15  viol=6062059.0669  obj=6064361504.05 | best_so_far: cost=2855022.67  viol=5889173.6210  obj=5892028643.71
[Run 16 | FE 7680] best_local_obj=5892028643.71  best_local_cost=2855022.67  best_local_viol=5889173.6210
[Run 16 | Iter 256] iter_best: cost=2210339.06  viol=6092075.2507  obj=6094285589.81 | best_so_far: cost=2855022.67  viol=5889173.6210  obj=5892028643.71
[Run 16 | Iter 257] iter_best: cost=2210338.39  viol=6127968.3739  obj=6130178712.33 | best_so_far: cost=2855022.67  viol=5889173.6210  obj=5892028643.71
[Run 16 | Iter 258] iter_best: cost=2670826.49  viol=5968489.1205  obj=5971159947.03 | best_so_far: cost=2855022.67  viol=5889173.6210  obj=5892028643.71
[Run 16 | Iter 259] iter_best: cost=2302437.15  viol=6057138.3172  obj=6059440754.38 | best_so_far: cost=2855022.67  viol=5889173.6210  obj=5892028643.71
[Run 16 | Iter 260] iter_best: cost=2302437.48  viol=6054619.1622  obj=6056921599.70 | best_so_far: cost=2855022.67  viol=5889173.6210  obj=5892028643.71
[Run 16 | Iter 261] iter_best: cost=2210339.40  viol=6086869.3453  obj=6089079684.70 | best_so_far: cost=2855022.67  viol=5889173.6210  obj=5892028643.71
[Run 16 | Iter 262] iter_best: cost=2394533.90  viol=6014145.6993  obj=6016540233.21 | best_so_far: cost=2855022.67  viol=5889173.6210  obj=5892028643.71
[Run 16 | Iter 263] iter_best: cost=2210339.40  viol=6136254.1369  obj=6138464476.35 | best_so_far: cost=2855022.67  viol=5889173.6210  obj=5892028643.71
[Run 16 | Iter 264] iter_best: cost=2394534.57  viol=6022960.4499  obj=6025354984.44 | best_so_far: cost=2855022.67  viol=5889173.6210  obj=5892028643.71
[Run 16 | FE 7936] best_local_obj=5892028643.71  best_local_cost=2855022.67  best_local_viol=5889173.6210
[Run 16 | Iter 265] iter_best: cost=2210339.40  viol=6080151.3754  obj=6082361714.77 | best_so_far: cost=2855022.67  viol=5889173.6210  obj=5892028643.71
[Run 16 | Iter 266] iter_best: cost=2302436.48  viol=6087508.2415  obj=6089810678.02 | best_so_far: cost=2855022.67  viol=5889173.6210  obj=5892028643.71
[Run 16 | Iter 267] iter_best: cost=2210338.73  viol=6104273.3635  obj=6106483702.24 | best_so_far: cost=2855022.67  viol=5889173.6210  obj=5892028643.71
[Run 16 | Iter 268] iter_best: cost=2947119.42  viol=5871010.1536  obj=5873957273.05 | best_so_far: cost=2947119.42  viol=5871010.1536  obj=5873957273.05
[Run 16 | Iter 269] iter_best: cost=2026143.89  viol=6154589.4882  obj=6156615632.12 | best_so_far: cost=2947119.42  viol=5871010.1536  obj=5873957273.05
[Run 16 | Iter 270] iter_best: cost=2118241.31  viol=6130901.4808  obj=6133019722.13 | best_so_far: cost=2947119.42  viol=5871010.1536  obj=5873957273.05
[Run 16 | Iter 271] iter_best: cost=2302436.82  viol=6113338.2562  obj=6115640693.02 | best_so_far: cost=2947119.42  viol=5871010.1536  obj=5873957273.05
[Run 16 | Iter 272] iter_best: cost=2394534.24  viol=6017584.8833  obj=6019979417.58 | best_so_far: cost=2947119.42  viol=5871010.1536  obj=5873957273.05
[Run 16 | Iter 273] iter_best: cost=2486631.99  viol=6001242.1416  obj=6003728773.55 | best_so_far: cost=2947119.42  viol=5871010.1536  obj=5873957273.05
[Run 16 | FE 8192] best_local_obj=5873957273.05  best_local_cost=2947119.42  best_local_viol=5871010.1536
[Run 16 | Iter 274] iter_best: cost=2210339.06  viol=6078238.8046  obj=6080449143.65 | best_so_far: cost=2947119.42  viol=5871010.1536  obj=5873957273.05
[Run 16 | Iter 275] iter_best: cost=2210340.40  viol=6098949.3443  obj=6101159684.68 | best_so_far: cost=2947119.42  viol=5871010.1536  obj=5873957273.05
[Run 16 | Iter 276] iter_best: cost=2118241.98  viol=6131612.7965  obj=6133731038.43 | best_so_far: cost=2947119.42  viol=5871010.1536  obj=5873957273.05
[Run 16 | Iter 277] iter_best: cost=2486632.66  viol=6038218.2507  obj=6040704883.36 | best_so_far: cost=2947119.42  viol=5871010.1536  obj=5873957273.05
[Run 16 | Iter 278] iter_best: cost=2210340.07  viol=6081272.5615  obj=6083482901.54 | best_so_far: cost=2947119.42  viol=5871010.1536  obj=5873957273.05
[Run 16 | Iter 279] iter_best: cost=2302437.48  viol=6063013.1022  obj=6065315539.67 | best_so_far: cost=2947119.42  viol=5871010.1536  obj=5873957273.05
[Run 16 | Iter 280] iter_best: cost=2118242.98  viol=6108151.9121  obj=6110270155.04 | best_so_far: cost=2947119.42  viol=5871010.1536  obj=5873957273.05
[Run 16 | Iter 281] iter_best: cost=2578729.74  viol=5993743.3520  obj=5996322081.75 | best_so_far: cost=2947119.42  viol=5871010.1536  obj=5873957273.05
[Run 16 | FE 8448] best_local_obj=5873957273.05  best_local_cost=2947119.42  best_local_viol=5871010.1536
[Run 16 | Iter 282] iter_best: cost=2394533.90  viol=6024594.6296  obj=6026989163.46 | best_so_far: cost=2947119.42  viol=5871010.1536  obj=5873957273.05
[Run 16 | Iter 283] iter_best: cost=2762924.58  viol=5924832.7205  obj=5927595645.04 | best_so_far: cost=2947119.42  viol=5871010.1536  obj=5873957273.05
[Run 16 | Iter 284] iter_best: cost=2302436.82  viol=6050149.9992  obj=6052452435.98 | best_so_far: cost=2947119.42  viol=5871010.1536  obj=5873957273.05
[Run 16 | Iter 285] iter_best: cost=2210339.40  viol=6081678.2335  obj=6083888572.89 | best_so_far: cost=2947119.42  viol=5871010.1536  obj=5873957273.05
[Run 16 | Iter 286] iter_best: cost=2486630.99  viol=6005906.0531  obj=6008392684.12 | best_so_far: cost=2947119.42  viol=5871010.1536  obj=5873957273.05
[Run 16 | Iter 287] iter_best: cost=2210339.06  viol=6073794.3316  obj=6076004670.66 | best_so_far: cost=2947119.42  viol=5871010.1536  obj=5873957273.05
[Run 16 | Iter 288] iter_best: cost=2026144.56  viol=6161411.5660  obj=6163437710.60 | best_so_far: cost=2947119.42  viol=5871010.1536  obj=5873957273.05
[Run 16 | Iter 289] iter_best: cost=2118241.98  viol=6104536.4810  obj=6106654723.01 | best_so_far: cost=2947119.42  viol=5871010.1536  obj=5873957273.05
[Run 16 | Iter 290] iter_best: cost=2302437.48  viol=6061002.7893  obj=6063305226.78 | best_so_far: cost=2947119.42  viol=5871010.1536  obj=5873957273.05
[Run 16 | FE 8704] best_local_obj=5873957273.05  best_local_cost=2947119.42  best_local_viol=5871010.1536
[Run 16 | Iter 291] iter_best: cost=2578728.74  viol=5996028.3142  obj=5998607042.96 | best_so_far: cost=2947119.42  viol=5871010.1536  obj=5873957273.05
[Run 16 | Iter 292] iter_best: cost=2394534.24  viol=6015473.3373  obj=6017867871.50 | best_so_far: cost=2947119.42  viol=5871010.1536  obj=5873957273.05
[Run 16 | Iter 293] iter_best: cost=2210339.73  viol=6075173.9214  obj=6077384261.17 | best_so_far: cost=2947119.42  viol=5871010.1536  obj=5873957273.05
[Run 16 | Iter 294] iter_best: cost=2210338.73  viol=6088099.0791  obj=6090309417.81 | best_so_far: cost=2947119.42  viol=5871010.1536  obj=5873957273.05
[Run 16 | Iter 295] iter_best: cost=2302436.48  viol=6060744.5795  obj=6063047015.94 | best_so_far: cost=2947119.42  viol=5871010.1536  obj=5873957273.05
[Run 16 | Iter 296] iter_best: cost=2486632.99  viol=5999962.9333  obj=6002449566.25 | best_so_far: cost=2947119.42  viol=5871010.1536  obj=5873957273.05
[Run 16 | Iter 297] iter_best: cost=2670827.16  viol=5948809.9687  obj=5951480795.84 | best_so_far: cost=2947119.42  viol=5871010.1536  obj=5873957273.05
[Run 16 | Iter 298] iter_best: cost=2394533.90  viol=6010547.5945  obj=6012942128.45 | best_so_far: cost=2947119.42  viol=5871010.1536  obj=5873957273.05
[Run 16 | FE 8960] best_local_obj=5873957273.05  best_local_cost=2947119.42  best_local_viol=5871010.1536
[Run 16 | Iter 299] iter_best: cost=2302436.82  viol=6078973.7967  obj=6081276233.51 | best_so_far: cost=2947119.42  viol=5871010.1536  obj=5873957273.05
[Run 16 | Iter 300] iter_best: cost=2302436.82  viol=6060323.3789  obj=6062625815.72 | best_so_far: cost=2947119.42  viol=5871010.1536  obj=5873957273.05
[Run 16 | Iter 301] iter_best: cost=1749851.63  viol=6240956.1811  obj=6242706032.78 | best_so_far: cost=2947119.42  viol=5871010.1536  obj=5873957273.05
[Run 16 | Iter 302] iter_best: cost=2118241.98  viol=6120410.9502  obj=6122529192.13 | best_so_far: cost=2947119.42  viol=5871010.1536  obj=5873957273.05
[Run 16 | Iter 303] iter_best: cost=2670825.82  viol=5950238.0652  obj=5952908891.01 | best_so_far: cost=2947119.42  viol=5871010.1536  obj=5873957273.05
[Run 16 | Iter 304] iter_best: cost=2118241.31  viol=6114196.0299  obj=6116314271.20 | best_so_far: cost=2947119.42  viol=5871010.1536  obj=5873957273.05
[Run 16 | Iter 305] iter_best: cost=2302437.15  viol=6078271.8846  obj=6080574321.71 | best_so_far: cost=2947119.42  viol=5871010.1536  obj=5873957273.05
[Run 16 | Iter 306] iter_best: cost=2394533.90  viol=6034896.1121  obj=6037290646.03 | best_so_far: cost=2947119.42  viol=5871010.1536  obj=5873957273.05
[Run 16 | Iter 307] iter_best: cost=2302436.48  viol=6041178.5240  obj=6043480960.44 | best_so_far: cost=2947119.42  viol=5871010.1536  obj=5873957273.05
[Run 16 | FE 9216] best_local_obj=5873957273.05  best_local_cost=2947119.42  best_local_viol=5871010.1536
[Run 16 | Iter 308] iter_best: cost=2578729.41  viol=6036732.4518  obj=6039311181.19 | best_so_far: cost=2947119.42  viol=5871010.1536  obj=5873957273.05
[Run 16 | Iter 309] iter_best: cost=2394534.57  viol=6037102.9313  obj=6039497465.88 | best_so_far: cost=2947119.42  viol=5871010.1536  obj=5873957273.05
[Run 16 | Iter 310] iter_best: cost=2486631.65  viol=6010047.8682  obj=6012534499.84 | best_so_far: cost=2947119.42  viol=5871010.1536  obj=5873957273.05
[Run 16 | Iter 311] iter_best: cost=2302437.48  viol=6067356.4495  obj=6069658886.94 | best_so_far: cost=2947119.42  viol=5871010.1536  obj=5873957273.05
[Run 16 | Iter 312] iter_best: cost=2026143.89  viol=6150207.8817  obj=6152234025.58 | best_so_far: cost=2947119.42  viol=5871010.1536  obj=5873957273.05
[Run 16 | Iter 313] iter_best: cost=2118241.31  viol=6158304.5697  obj=6160422811.03 | best_so_far: cost=2947119.42  viol=5871010.1536  obj=5873957273.05
[Run 16 | Iter 314] iter_best: cost=2762924.25  viol=5939594.2107  obj=5942357134.90 | best_so_far: cost=2947119.42  viol=5871010.1536  obj=5873957273.05
[Run 16 | Iter 315] iter_best: cost=2026143.89  viol=6147274.5244  obj=6149300668.31 | best_so_far: cost=2947119.42  viol=5871010.1536  obj=5873957273.05
[Run 16 | FE 9472] best_local_obj=5873957273.05  best_local_cost=2947119.42  best_local_viol=5871010.1536
[Run 16 | Iter 316] iter_best: cost=2486631.32  viol=6026466.7898  obj=6028953421.16 | best_so_far: cost=2947119.42  viol=5871010.1536  obj=5873957273.05
[Run 16 | Iter 317] iter_best: cost=2578730.41  viol=5988183.4345  obj=5990762164.92 | best_so_far: cost=2947119.42  viol=5871010.1536  obj=5873957273.05
[Run 16 | Iter 318] iter_best: cost=2486632.32  viol=6004293.5855  obj=6006780217.85 | best_so_far: cost=2947119.42  viol=5871010.1536  obj=5873957273.05
[Run 16 | Iter 319] iter_best: cost=1934046.14  viol=6180083.7604  obj=6182017806.56 | best_so_far: cost=2947119.42  viol=5871010.1536  obj=5873957273.05
[Run 16 | Iter 320] iter_best: cost=2394533.90  viol=6043160.4155  obj=6045554949.43 | best_so_far: cost=2947119.42  viol=5871010.1536  obj=5873957273.05
[Run 16 | Iter 321] iter_best: cost=2118242.31  viol=6118497.2460  obj=6120615488.33 | best_so_far: cost=2947119.42  viol=5871010.1536  obj=5873957273.05
[Run 16 | Iter 322] iter_best: cost=2394533.90  viol=6032812.1627  obj=6035206696.59 | best_so_far: cost=2947119.42  viol=5871010.1536  obj=5873957273.05
[Run 16 | Iter 323] iter_best: cost=2210340.07  viol=6080062.7158  obj=6082273055.85 | best_so_far: cost=2947119.42  viol=5871010.1536  obj=5873957273.05
[Run 16 | Iter 324] iter_best: cost=2210340.07  viol=6084449.3835  obj=6086659723.59 | best_so_far: cost=2947119.42  viol=5871010.1536  obj=5873957273.05
[Run 16 | FE 9728] best_local_obj=5873957273.05  best_local_cost=2947119.42  best_local_viol=5871010.1536
[Run 16 | Iter 325] iter_best: cost=2302436.48  viol=6087326.1375  obj=6089628573.97 | best_so_far: cost=2947119.42  viol=5871010.1536  obj=5873957273.05
[Run 16 | Iter 326] iter_best: cost=2394533.90  viol=6043181.7699  obj=6045576303.75 | best_so_far: cost=2947119.42  viol=5871010.1536  obj=5873957273.05
[Run 16 | Iter 327] iter_best: cost=2302436.82  viol=6068183.8916  obj=6070486328.44 | best_so_far: cost=2947119.42  viol=5871010.1536  obj=5873957273.05
[Run 16 | Iter 328] iter_best: cost=2210339.40  viol=6093825.8435  obj=6096036182.90 | best_so_far: cost=2947119.42  viol=5871010.1536  obj=5873957273.05
[Run 16 | Iter 329] iter_best: cost=2210339.40  viol=6076260.4976  obj=6078470837.04 | best_so_far: cost=2947119.42  viol=5871010.1536  obj=5873957273.05
[Run 16 | Iter 330] iter_best: cost=2486632.32  viol=6009751.7275  obj=6012238359.85 | best_so_far: cost=2947119.42  viol=5871010.1536  obj=5873957273.05
[Run 16 | Iter 331] iter_best: cost=2026144.22  viol=6142472.0678  obj=6144498211.99 | best_so_far: cost=2947119.42  viol=5871010.1536  obj=5873957273.05
[Run 16 | Iter 332] iter_best: cost=2670827.50  viol=5941003.0064  obj=5943673833.93 | best_so_far: cost=2947119.42  viol=5871010.1536  obj=5873957273.05
[Run 16 | FE 9984] best_local_obj=5873957273.05  best_local_cost=2947119.42  best_local_viol=5871010.1536
[Run 16 | Iter 333] iter_best: cost=2302436.48  viol=6067603.8958  obj=6069906332.28 | best_so_far: cost=2947119.42  viol=5871010.1536  obj=5873957273.05
[Run 16 | Iter 334] iter_best: cost=2210339.06  viol=6112125.4135  obj=6114335752.58 | best_so_far: cost=2947119.42  viol=5871010.1536  obj=5873957273.05
[Run 16 | Iter 335] iter_best: cost=2394534.24  viol=6027406.2233  obj=6029800757.54 | best_so_far: cost=2947119.42  viol=5871010.1536  obj=5873957273.05
[Run 16 | Iter 336] iter_best: cost=2578729.74  viol=5962012.2597  obj=5964590989.42 | best_so_far: cost=2947119.42  viol=5871010.1536  obj=5873957273.05
[Run 16 | Iter 337] iter_best: cost=2118241.64  viol=6125047.5864  obj=6127165828.08 | best_so_far: cost=2947119.42  viol=5871010.1536  obj=5873957273.05
[Run 16 | Iter 338] iter_best: cost=2578729.41  viol=6023772.5276  obj=6026351256.98 | best_so_far: cost=2947119.42  viol=5871010.1536  obj=5873957273.05
[Run 16 | Iter 339] iter_best: cost=2026144.22  viol=6157025.0087  obj=6159051152.94 | best_so_far: cost=2947119.42  viol=5871010.1536  obj=5873957273.05
[Run 16 | Iter 340] iter_best: cost=2210340.07  viol=6083593.9208  obj=6085804260.89 | best_so_far: cost=2947119.42  viol=5871010.1536  obj=5873957273.05
[Run 16 | Iter 341] iter_best: cost=2210339.40  viol=6106981.9100  obj=6109192249.44 | best_so_far: cost=2947119.42  viol=5871010.1536  obj=5873957273.05
[Run 16 | FE 10240] best_local_obj=5873957273.05  best_local_cost=2947119.42  best_local_viol=5871010.1536
[Run 16 | Iter 342] iter_best: cost=2118241.98  viol=6135734.3034  obj=6137852545.38 | best_so_far: cost=2947119.42  viol=5871010.1536  obj=5873957273.05
[Run 16 | Iter 343] iter_best: cost=2394533.90  viol=6026351.1794  obj=6028745713.29 | best_so_far: cost=2947119.42  viol=5871010.1536  obj=5873957273.05
[Run 16 | Iter 344] iter_best: cost=2302437.15  viol=6075973.7503  obj=6078276187.43 | best_so_far: cost=2947119.42  viol=5871010.1536  obj=5873957273.05
[Run 16 | Iter 345] iter_best: cost=2210339.73  viol=6125225.8153  obj=6127436155.03 | best_so_far: cost=2947119.42  viol=5871010.1536  obj=5873957273.05
[Run 16 | Iter 346] iter_best: cost=2486631.99  viol=6028516.7030  obj=6031003334.95 | best_so_far: cost=2947119.42  viol=5871010.1536  obj=5873957273.05
[Run 16 | Iter 347] iter_best: cost=2486631.32  viol=5997528.8951  obj=6000015526.41 | best_so_far: cost=2947119.42  viol=5871010.1536  obj=5873957273.05
[Run 16 | Iter 348] iter_best: cost=2118242.65  viol=6105310.9187  obj=6107429161.30 | best_so_far: cost=2947119.42  viol=5871010.1536  obj=5873957273.05
[Run 16 | Iter 349] iter_best: cost=2486631.65  viol=5991550.6191  obj=5994037250.74 | best_so_far: cost=2947119.42  viol=5871010.1536  obj=5873957273.05
[Run 16 | FE 10496] best_local_obj=5873957273.05  best_local_cost=2947119.42  best_local_viol=5871010.1536
[Run 16 | Iter 350] iter_best: cost=2394534.57  viol=6023023.6905  obj=6025418225.07 | best_so_far: cost=2947119.42  viol=5871010.1536  obj=5873957273.05
[Run 16 | Iter 351] iter_best: cost=2670826.49  viol=5928866.7628  obj=5931537589.30 | best_so_far: cost=2947119.42  viol=5871010.1536  obj=5873957273.05
[Run 16 | Iter 352] iter_best: cost=2210339.06  viol=6133083.9939  obj=6135294332.94 | best_so_far: cost=2947119.42  viol=5871010.1536  obj=5873957273.05
[Run 16 | Iter 353] iter_best: cost=2118241.98  viol=6121441.1035  obj=6123559345.49 | best_so_far: cost=2947119.42  viol=5871010.1536  obj=5873957273.05
[Run 16 | Iter 354] iter_best: cost=2578729.07  viol=6026672.8335  obj=6029251562.60 | best_so_far: cost=2947119.42  viol=5871010.1536  obj=5873957273.05
[Run 16 | Iter 355] iter_best: cost=2578728.74  viol=6017327.3891  obj=6019906117.84 | best_so_far: cost=2947119.42  viol=5871010.1536  obj=5873957273.05
[Run 16 | Iter 356] iter_best: cost=2302436.82  viol=6066133.3474  obj=6068435784.22 | best_so_far: cost=2947119.42  viol=5871010.1536  obj=5873957273.05
[Run 16 | Iter 357] iter_best: cost=2486631.65  viol=5984378.7847  obj=5986865416.36 | best_so_far: cost=2947119.42  viol=5871010.1536  obj=5873957273.05
[Run 16 | Iter 358] iter_best: cost=2210339.06  viol=6080986.6590  obj=6083196998.09 | best_so_far: cost=2947119.42  viol=5871010.1536  obj=5873957273.05
[Run 16 | FE 10752] best_local_obj=5873957273.05  best_local_cost=2947119.42  best_local_viol=5871010.1536
[Run 16 | Iter 359] iter_best: cost=2302436.82  viol=6057420.6027  obj=6059723039.47 | best_so_far: cost=2947119.42  viol=5871010.1536  obj=5873957273.05
[Run 16 | Iter 360] iter_best: cost=2026143.89  viol=6139090.1522  obj=6141116296.06 | best_so_far: cost=2947119.42  viol=5871010.1536  obj=5873957273.05
[Run 16 | Iter 361] iter_best: cost=2855022.33  viol=5888353.1787  obj=5891208201.03 | best_so_far: cost=2947119.42  viol=5871010.1536  obj=5873957273.05
[Run 16 | Iter 362] iter_best: cost=2394534.90  viol=6052270.4361  obj=6054664971.05 | best_so_far: cost=2947119.42  viol=5871010.1536  obj=5873957273.05
[Run 16 | Iter 363] iter_best: cost=2302436.48  viol=6082098.7201  obj=6084401156.59 | best_so_far: cost=2947119.42  viol=5871010.1536  obj=5873957273.05
[Run 16 | Iter 364] iter_best: cost=1934046.81  viol=6170240.4718  obj=6172174518.57 | best_so_far: cost=2947119.42  viol=5871010.1536  obj=5873957273.05
[Run 16 | Iter 365] iter_best: cost=2026144.22  viol=6145257.1286  obj=6147283272.78 | best_so_far: cost=2947119.42  viol=5871010.1536  obj=5873957273.05
[Run 16 | Iter 366] iter_best: cost=2210340.07  viol=6085813.2671  obj=6088023607.12 | best_so_far: cost=2947119.42  viol=5871010.1536  obj=5873957273.05
[Run 16 | FE 11008] best_local_obj=5873957273.05  best_local_cost=2947119.42  best_local_viol=5871010.1536
[Run 16 | Iter 367] iter_best: cost=2026144.22  viol=6158728.8925  obj=6160755036.74 | best_so_far: cost=2947119.42  viol=5871010.1536  obj=5873957273.05
[Run 16 | Iter 368] iter_best: cost=2210339.40  viol=6096138.0542  obj=6098348393.61 | best_so_far: cost=2947119.42  viol=5871010.1536  obj=5873957273.05
[Run 16 | Iter 369] iter_best: cost=2210339.40  viol=6092437.6433  obj=6094647982.75 | best_so_far: cost=2947119.42  viol=5871010.1536  obj=5873957273.05
[Run 16 | Iter 370] iter_best: cost=2118241.64  viol=6130155.0580  obj=6132273299.63 | best_so_far: cost=2947119.42  viol=5871010.1536  obj=5873957273.05
[Run 16 | Iter 371] iter_best: cost=2302436.82  viol=6049730.8098  obj=6052033246.58 | best_so_far: cost=2947119.42  viol=5871010.1536  obj=5873957273.05
[Run 16 | Iter 372] iter_best: cost=2762924.25  viol=5934282.7159  obj=5937045640.11 | best_so_far: cost=2947119.42  viol=5871010.1536  obj=5873957273.05
[Run 16 | Iter 373] iter_best: cost=2302436.48  viol=6064098.4458  obj=6066400882.29 | best_so_far: cost=2947119.42  viol=5871010.1536  obj=5873957273.05
[Run 16 | Iter 374] iter_best: cost=2118241.98  viol=6131125.0492  obj=6133243291.15 | best_so_far: cost=2947119.42  viol=5871010.1536  obj=5873957273.05
[Run 16 | Iter 375] iter_best: cost=2118241.31  viol=6104019.3220  obj=6106137563.36 | best_so_far: cost=2947119.42  viol=5871010.1536  obj=5873957273.05
[Run 16 | FE 11264] best_local_obj=5873957273.05  best_local_cost=2947119.42  best_local_viol=5871010.1536
[Run 16 | Iter 376] iter_best: cost=2210340.07  viol=6144882.3522  obj=6147092692.22 | best_so_far: cost=2947119.42  viol=5871010.1536  obj=5873957273.05
[Run 16 | Iter 377] iter_best: cost=2578729.74  viol=5994008.8981  obj=5996587627.84 | best_so_far: cost=2947119.42  viol=5871010.1536  obj=5873957273.05
[Run 16 | Iter 378] iter_best: cost=2302436.82  viol=6065059.3863  obj=6067361823.12 | best_so_far: cost=2947119.42  viol=5871010.1536  obj=5873957273.05
[Run 16 | Iter 379] iter_best: cost=2210339.06  viol=6089422.8275  obj=6091633166.60 | best_so_far: cost=2947119.42  viol=5871010.1536  obj=5873957273.05
[Run 16 | Iter 380] iter_best: cost=2394534.90  viol=6037328.5158  obj=6039723050.69 | best_so_far: cost=2947119.42  viol=5871010.1536  obj=5873957273.05
[Run 16 | Iter 381] iter_best: cost=2118241.98  viol=6121142.8642  obj=6123261106.22 | best_so_far: cost=2947119.42  viol=5871010.1536  obj=5873957273.05
[Run 16 | Iter 382] iter_best: cost=2302436.82  viol=6073555.3896  obj=6075857826.44 | best_so_far: cost=2947119.42  viol=5871010.1536  obj=5873957273.05
[Run 16 | Iter 383] iter_best: cost=1934046.47  viol=6188036.4709  obj=6189970517.37 | best_so_far: cost=2947119.42  viol=5871010.1536  obj=5873957273.05
[Run 16 | FE 11520] best_local_obj=5873957273.05  best_local_cost=2947119.42  best_local_viol=5871010.1536
[Run 16 | Iter 384] iter_best: cost=2578728.74  viol=5978806.3853  obj=5981385114.02 | best_so_far: cost=2947119.42  viol=5871010.1536  obj=5873957273.05
[Run 16 | Iter 385] iter_best: cost=2394533.90  viol=6038901.0471  obj=6041295581.01 | best_so_far: cost=2947119.42  viol=5871010.1536  obj=5873957273.05
[Run 16 | Iter 386] iter_best: cost=2302436.82  viol=6067471.4612  obj=6069773898.03 | best_so_far: cost=2947119.42  viol=5871010.1536  obj=5873957273.05
[Run 16 | Iter 387] iter_best: cost=1934046.81  viol=6181748.0030  obj=6183682049.81 | best_so_far: cost=2947119.42  viol=5871010.1536  obj=5873957273.05
[Run 16 | Iter 388] iter_best: cost=2302437.48  viol=6083991.5254  obj=6086293962.93 | best_so_far: cost=2947119.42  viol=5871010.1536  obj=5873957273.05
[Run 16 | Iter 389] iter_best: cost=2118242.31  viol=6107720.5894  obj=6109838831.67 | best_so_far: cost=2947119.42  viol=5871010.1536  obj=5873957273.05
[Run 16 | Iter 390] iter_best: cost=2210339.40  viol=6076523.8243  obj=6078734163.74 | best_so_far: cost=2947119.42  viol=5871010.1536  obj=5873957273.05
[Run 16 | Iter 391] iter_best: cost=2394534.57  viol=6025568.8415  obj=6027963376.09 | best_so_far: cost=2947119.42  viol=5871010.1536  obj=5873957273.05
[Run 16 | Iter 392] iter_best: cost=2302437.15  viol=6060833.7425  obj=6063136179.65 | best_so_far: cost=2947119.42  viol=5871010.1536  obj=5873957273.05
[Run 16 | FE 11776] best_local_obj=5873957273.05  best_local_cost=2947119.42  best_local_viol=5871010.1536
[Run 16 | Iter 393] iter_best: cost=2302436.82  viol=6069382.7894  obj=6071685226.19 | best_so_far: cost=2947119.42  viol=5871010.1536  obj=5873957273.05
[Run 16 | Iter 394] iter_best: cost=2578729.07  viol=5991351.9090  obj=5993930638.12 | best_so_far: cost=2947119.42  viol=5871010.1536  obj=5873957273.05
[Run 16 | Iter 395] iter_best: cost=2302436.48  viol=6054798.4078  obj=6057100844.31 | best_so_far: cost=2947119.42  viol=5871010.1536  obj=5873957273.05
[Run 16 | Iter 396] iter_best: cost=2210339.40  viol=6080331.3484  obj=6082541687.77 | best_so_far: cost=2947119.42  viol=5871010.1536  obj=5873957273.05
[Run 16 | Iter 397] iter_best: cost=2302437.48  viol=6061658.5790  obj=6063961016.44 | best_so_far: cost=2947119.42  viol=5871010.1536  obj=5873957273.05
[Run 16 | Iter 398] iter_best: cost=2118241.98  viol=6133783.4365  obj=6135901678.51 | best_so_far: cost=2947119.42  viol=5871010.1536  obj=5873957273.05
[Run 16 | Iter 399] iter_best: cost=2302437.15  viol=6066043.9539  obj=6068346391.07 | best_so_far: cost=2947119.42  viol=5871010.1536  obj=5873957273.05
[Run 16 | Iter 400] iter_best: cost=2210339.06  viol=6075854.5255  obj=6078064864.60 | best_so_far: cost=2947119.42  viol=5871010.1536  obj=5873957273.05
[Run 16 | Iter 401] iter_best: cost=2026144.22  viol=6170929.9284  obj=6172956072.59 | best_so_far: cost=2947119.42  viol=5871010.1536  obj=5873957273.05
[Run 16 | FE 12032] best_local_obj=5873957273.05  best_local_cost=2947119.42  best_local_viol=5871010.1536
[Run 16 | Iter 402] iter_best: cost=2118241.31  viol=6123025.5607  obj=6125143802.02 | best_so_far: cost=2947119.42  viol=5871010.1536  obj=5873957273.05
[Run 16 | Iter 403] iter_best: cost=2486632.32  viol=6006912.2193  obj=6009398851.67 | best_so_far: cost=2947119.42  viol=5871010.1536  obj=5873957273.05
[Run 16 | Iter 404] iter_best: cost=2302436.48  viol=6074838.3102  obj=6077140746.69 | best_so_far: cost=2947119.42  viol=5871010.1536  obj=5873957273.05
[Run 16 | Iter 405] iter_best: cost=2486631.99  viol=6017749.5142  obj=6020236146.15 | best_so_far: cost=2947119.42  viol=5871010.1536  obj=5873957273.05
[Run 16 | Iter 406] iter_best: cost=2210339.06  viol=6097764.4325  obj=6099974771.53 | best_so_far: cost=2947119.42  viol=5871010.1536  obj=5873957273.05
[Run 16 | Iter 407] iter_best: cost=2670826.49  viol=5965200.8064  obj=5967871632.86 | best_so_far: cost=2947119.42  viol=5871010.1536  obj=5873957273.05
[Run 16 | Iter 408] iter_best: cost=2118241.64  viol=6133491.9567  obj=6135610198.35 | best_so_far: cost=2947119.42  viol=5871010.1536  obj=5873957273.05
[Run 16 | Iter 409] iter_best: cost=2486631.99  viol=6004347.8592  obj=6006834491.21 | best_so_far: cost=2947119.42  viol=5871010.1536  obj=5873957273.05
[Run 16 | FE 12288] best_local_obj=5873957273.05  best_local_cost=2947119.42  best_local_viol=5871010.1536
[Run 16 | Iter 410] iter_best: cost=2762923.91  viol=5916446.7594  obj=5919209683.29 | best_so_far: cost=2947119.42  viol=5871010.1536  obj=5873957273.05
[Run 16 | Iter 411] iter_best: cost=2118241.98  viol=6102045.0397  obj=6104163281.66 | best_so_far: cost=2947119.42  viol=5871010.1536  obj=5873957273.05
[Run 16 | Iter 412] iter_best: cost=2578729.41  viol=5972502.2732  obj=5975081002.66 | best_so_far: cost=2947119.42  viol=5871010.1536  obj=5873957273.05
[Run 16 | Iter 413] iter_best: cost=2670827.16  viol=5945558.2597  obj=5948229086.84 | best_so_far: cost=2947119.42  viol=5871010.1536  obj=5873957273.05
[Run 16 | Iter 414] iter_best: cost=2670826.83  viol=6006195.2074  obj=6008866034.22 | best_so_far: cost=2947119.42  viol=5871010.1536  obj=5873957273.05
[Run 16 | Iter 415] iter_best: cost=2486631.99  viol=6016827.7066  obj=6019314338.60 | best_so_far: cost=2947119.42  viol=5871010.1536  obj=5873957273.05
[Run 16 | Iter 416] iter_best: cost=2762924.25  viol=5940771.6089  obj=5943534533.17 | best_so_far: cost=2947119.42  viol=5871010.1536  obj=5873957273.05
[Run 16 | Iter 417] iter_best: cost=2026144.56  viol=6157597.5367  obj=6159623681.23 | best_so_far: cost=2947119.42  viol=5871010.1536  obj=5873957273.05
[Run 16 | Iter 418] iter_best: cost=2026144.22  viol=6138376.4546  obj=6140402598.81 | best_so_far: cost=2947119.42  viol=5871010.1536  obj=5873957273.05
[Run 16 | FE 12544] best_local_obj=5873957273.05  best_local_cost=2947119.42  best_local_viol=5871010.1536
[Run 16 | Iter 419] iter_best: cost=2210338.73  viol=6096533.2953  obj=6098743634.06 | best_so_far: cost=2947119.42  viol=5871010.1536  obj=5873957273.05
[Run 16 | Iter 420] iter_best: cost=1934046.81  viol=6176597.0351  obj=6178531081.89 | best_so_far: cost=2947119.42  viol=5871010.1536  obj=5873957273.05
[Run 16 | Iter 421] iter_best: cost=2855022.00  viol=5880866.7168  obj=5883721738.78 | best_so_far: cost=2947119.42  viol=5871010.1536  obj=5873957273.05
[Run 16 | Iter 422] iter_best: cost=2210339.06  viol=6083180.9442  obj=6085391283.31 | best_so_far: cost=2947119.42  viol=5871010.1536  obj=5873957273.05
[Run 16 | Iter 423] iter_best: cost=2302437.15  viol=6078004.4505  obj=6080306887.64 | best_so_far: cost=2947119.42  viol=5871010.1536  obj=5873957273.05
[Run 16 | Iter 424] iter_best: cost=2486631.65  viol=6008275.5262  obj=6010762157.81 | best_so_far: cost=2947119.42  viol=5871010.1536  obj=5873957273.05
[Run 16 | Iter 425] iter_best: cost=2394533.57  viol=6056730.4670  obj=6059125000.61 | best_so_far: cost=2947119.42  viol=5871010.1536  obj=5873957273.05
[Run 16 | Iter 426] iter_best: cost=2210339.73  viol=6100318.9780  obj=6102529317.76 | best_so_far: cost=2947119.42  viol=5871010.1536  obj=5873957273.05
[Run 16 | FE 12800] best_local_obj=5873957273.05  best_local_cost=2947119.42  best_local_viol=5871010.1536
[Run 16 | Iter 427] iter_best: cost=2578729.07  viol=5974249.8202  obj=5976828549.32 | best_so_far: cost=2947119.42  viol=5871010.1536  obj=5873957273.05

[Stop] reached max_total_fe=12800.

[Run 16] best_global_cost=2947119.4192, best_global_viol=5871010.153634, best_global_obj=5873957273.0529
[Done] summary=/work/home/acn1eb8nfq/yuezhang46/GFcode/GF实验一：横向对比/aco_global_logs/run_16_seed_1016/runs_summary.csv
