[RunConfig] run_id=21 seed=1021
[OutputDir] /work/home/acn1eb8nfq/yuezhang46/GFcode/GF实验一：横向对比/de_global_logs/run_21_seed_1021
[Info] #nodes = 1810
[Load] Reading scenarios ...
  - spring: raw edges=3686, days=31
  - summer: raw edges=3686, days=30
  - autumn: raw edges=3686, days=31
  - winter: raw edges=3686, days=30
[Filter] EDGE_WEIGHT_MIN=1.0
  - active_nodes=1450  inactive_nodes(fixed NONE)=360
  - spring: removed=2281, kept=1405
  - summer: removed=2206, kept=1480
  - autumn: removed=2131, kept=1555
  - winter: removed=2189, kept=1497
  - spring: filtered edges (active subgraph)=1405
  - summer: filtered edges (active subgraph)=1480
  - autumn: filtered edges (active subgraph)=1555
  - winter: filtered edges (active subgraph)=1497
[DE] Evaluate initial population ...
[DE] Init snapshot: best_cost=52956041.10  best_viol=1859787.4201  best_obj=1912743461.15
[DE] Evolve under FE budget ...
[Run 21 | Gen 1] gen_best: cost=61613207.86  viol=1585212.0662  obj=1646825274.03 | best_so_far: cost=61613207.86  viol=1585212.0662  obj=1646825274.03 (improved)
[Run 21 | Gen 2] gen_best: cost=78835435.94  viol=1548370.6543  obj=1627206090.24 | best_so_far: cost=78835435.94  viol=1548370.6543  obj=1627206090.24 (improved)
[Run 21 | Gen 3] gen_best: cost=98083829.64  viol=1355421.3124  obj=1453505142.00 | best_so_far: cost=98083829.64  viol=1355421.3124  obj=1453505142.00 (improved)
[Run 21 | Gen 4] gen_best: cost=100294175.05  viol=1135523.0411  obj=1235817216.15 | best_so_far: cost=100294175.05  viol=1135523.0411  obj=1235817216.15 (improved)
[Run 21 | FE 256] best_local_obj=1213192182.54  best_local_cost=106925179.21  best_local_viol=1106267.0033
[Run 21 | Gen 5] gen_best: cost=108214554.10  viol=987011.8170  obj=1095226371.09 | best_so_far: cost=108214554.10  viol=987011.8170  obj=1095226371.09 (improved)
[Run 21 | Gen 6] gen_best: cost=116595429.95  viol=972263.2651  obj=1088858695.02 | best_so_far: cost=116595429.95  viol=972263.2651  obj=1088858695.02 (improved)
[Run 21 | Gen 7] gen_best: cost=126357776.43  viol=874897.9739  obj=1001255750.30 | best_so_far: cost=126357776.43  viol=874897.9739  obj=1001255750.30 (improved)
[Run 21 | Gen 8] gen_best: cost=126357776.43  viol=874897.9739  obj=1001255750.30 | best_so_far: cost=126357776.43  viol=874897.9739  obj=1001255750.30 
[Run 21 | Gen 9] gen_best: cost=121476598.51  viol=769108.4994  obj=890585097.89 | best_so_far: cost=121476598.51  viol=769108.4994  obj=890585097.89 (improved)
[Run 21 | FE 512] best_local_obj=890585097.89  best_local_cost=121476598.51  best_local_viol=769108.4994
[Run 21 | Gen 10] gen_best: cost=121476598.51  viol=769108.4994  obj=890585097.89 | best_so_far: cost=121476598.51  viol=769108.4994  obj=890585097.89 
[Run 21 | Gen 11] gen_best: cost=159789200.76  viol=628158.4368  obj=787947637.57 | best_so_far: cost=159789200.76  viol=628158.4368  obj=787947637.57 (improved)
[Run 21 | Gen 12] gen_best: cost=153710751.04  viol=608408.3652  obj=762119116.22 | best_so_far: cost=153710751.04  viol=608408.3652  obj=762119116.22 (improved)
[Run 21 | Gen 13] gen_best: cost=165130852.08  viol=575231.2404  obj=740362092.47 | best_so_far: cost=165130852.08  viol=575231.2404  obj=740362092.47 (improved)
[Run 21 | Gen 14] gen_best: cost=167525399.01  viol=511881.0228  obj=679406421.81 | best_so_far: cost=167525399.01  viol=511881.0228  obj=679406421.81 (improved)
[Run 21 | FE 768] best_local_obj=679406421.81  best_local_cost=167525399.01  best_local_viol=511881.0228
[Run 21 | Gen 15] gen_best: cost=167525399.01  viol=511881.0228  obj=679406421.81 | best_so_far: cost=167525399.01  viol=511881.0228  obj=679406421.81 
[Run 21 | Gen 16] gen_best: cost=167525399.01  viol=511881.0228  obj=679406421.81 | best_so_far: cost=167525399.01  viol=511881.0228  obj=679406421.81 
[Run 21 | Gen 17] gen_best: cost=167525399.01  viol=511881.0228  obj=679406421.81 | best_so_far: cost=167525399.01  viol=511881.0228  obj=679406421.81 
[Run 21 | Gen 18] gen_best: cost=159144500.44  viol=465869.4074  obj=625013907.86 | best_so_far: cost=159144500.44  viol=465869.4074  obj=625013907.86 (improved)
[Run 21 | Gen 19] gen_best: cost=159144500.44  viol=465869.4074  obj=625013907.86 | best_so_far: cost=159144500.44  viol=465869.4074  obj=625013907.86 
[Run 21 | FE 1024] best_local_obj=625013907.86  best_local_cost=159144500.44  best_local_viol=465869.4074
[Run 21 | Gen 20] gen_best: cost=159144500.44  viol=465869.4074  obj=625013907.86 | best_so_far: cost=159144500.44  viol=465869.4074  obj=625013907.86 
[Run 21 | Gen 21] gen_best: cost=172774954.25  viol=356360.6101  obj=529135564.32 | best_so_far: cost=172774954.25  viol=356360.6101  obj=529135564.32 (improved)
[Run 21 | Gen 22] gen_best: cost=172774954.25  viol=356360.6101  obj=529135564.32 | best_so_far: cost=172774954.25  viol=356360.6101  obj=529135564.32 
[Run 21 | Gen 23] gen_best: cost=172774954.25  viol=356360.6101  obj=529135564.32 | best_so_far: cost=172774954.25  viol=356360.6101  obj=529135564.32 
[Run 21 | Gen 24] gen_best: cost=172774954.25  viol=356360.6101  obj=529135564.32 | best_so_far: cost=172774954.25  viol=356360.6101  obj=529135564.32 
[Run 21 | FE 1280] best_local_obj=529135564.32  best_local_cost=172774954.25  best_local_viol=356360.6101
[Run 21 | Gen 25] gen_best: cost=172774954.25  viol=356360.6101  obj=529135564.32 | best_so_far: cost=172774954.25  viol=356360.6101  obj=529135564.32 
[Run 21 | Gen 26] gen_best: cost=172774954.25  viol=356360.6101  obj=529135564.32 | best_so_far: cost=172774954.25  viol=356360.6101  obj=529135564.32 
[Run 21 | Gen 27] gen_best: cost=172774954.25  viol=356360.6101  obj=529135564.32 | best_so_far: cost=172774954.25  viol=356360.6101  obj=529135564.32 
[Run 21 | Gen 28] gen_best: cost=181616316.52  viol=291449.3243  obj=473065640.82 | best_so_far: cost=181616316.52  viol=291449.3243  obj=473065640.82 (improved)
[Run 21 | Gen 29] gen_best: cost=181616316.52  viol=291449.3243  obj=473065640.82 | best_so_far: cost=181616316.52  viol=291449.3243  obj=473065640.82 
[Run 21 | FE 1536] best_local_obj=473065640.82  best_local_cost=181616316.52  best_local_viol=291449.3243
[Run 21 | Gen 30] gen_best: cost=181616316.52  viol=291449.3243  obj=473065640.82 | best_so_far: cost=181616316.52  viol=291449.3243  obj=473065640.82 
[Run 21 | Gen 31] gen_best: cost=181984712.54  viol=256141.0113  obj=438125723.82 | best_so_far: cost=181984712.54  viol=256141.0113  obj=438125723.82 (improved)
[Run 21 | Gen 32] gen_best: cost=181984712.54  viol=256141.0113  obj=438125723.82 | best_so_far: cost=181984712.54  viol=256141.0113  obj=438125723.82 
[Run 21 | Gen 33] gen_best: cost=181984712.54  viol=256141.0113  obj=438125723.82 | best_so_far: cost=181984712.54  viol=256141.0113  obj=438125723.82 
[Run 21 | Gen 34] gen_best: cost=181984712.54  viol=256141.0113  obj=438125723.82 | best_so_far: cost=181984712.54  viol=256141.0113  obj=438125723.82 
[Run 21 | FE 1792] best_local_obj=438125723.82  best_local_cost=181984712.54  best_local_viol=256141.0113
[Run 21 | Gen 35] gen_best: cost=181984712.54  viol=256141.0113  obj=438125723.82 | best_so_far: cost=181984712.54  viol=256141.0113  obj=438125723.82 
[Run 21 | Gen 36] gen_best: cost=181984712.54  viol=256141.0113  obj=438125723.82 | best_so_far: cost=181984712.54  viol=256141.0113  obj=438125723.82 
[Run 21 | Gen 37] gen_best: cost=181984712.54  viol=256141.0113  obj=438125723.82 | best_so_far: cost=181984712.54  viol=256141.0113  obj=438125723.82 
[Run 21 | Gen 38] gen_best: cost=181984712.54  viol=256141.0113  obj=438125723.82 | best_so_far: cost=181984712.54  viol=256141.0113  obj=438125723.82 
[Run 21 | Gen 39] gen_best: cost=181984712.54  viol=256141.0113  obj=438125723.82 | best_so_far: cost=181984712.54  viol=256141.0113  obj=438125723.82 
[Run 21 | FE 2048] best_local_obj=438125723.82  best_local_cost=181984712.54  best_local_viol=256141.0113
[Run 21 | Gen 40] gen_best: cost=181984712.54  viol=256141.0113  obj=438125723.82 | best_so_far: cost=181984712.54  viol=256141.0113  obj=438125723.82 
[Run 21 | Gen 41] gen_best: cost=181984712.54  viol=256141.0113  obj=438125723.82 | best_so_far: cost=181984712.54  viol=256141.0113  obj=438125723.82 
[Run 21 | Gen 42] gen_best: cost=181984712.54  viol=256141.0113  obj=438125723.82 | best_so_far: cost=181984712.54  viol=256141.0113  obj=438125723.82 
[Run 21 | Gen 43] gen_best: cost=181984712.54  viol=256141.0113  obj=438125723.82 | best_so_far: cost=181984712.54  viol=256141.0113  obj=438125723.82 
[Run 21 | Gen 44] gen_best: cost=181984712.54  viol=256141.0113  obj=438125723.82 | best_so_far: cost=181984712.54  viol=256141.0113  obj=438125723.82 
[Run 21 | Gen 45] gen_best: cost=181984712.54  viol=256141.0113  obj=438125723.82 | best_so_far: cost=181984712.54  viol=256141.0113  obj=438125723.82 
[Run 21 | FE 2304] best_local_obj=438125723.82  best_local_cost=181984712.54  best_local_viol=256141.0113
[Run 21 | Gen 46] gen_best: cost=181984712.54  viol=256141.0113  obj=438125723.82 | best_so_far: cost=181984712.54  viol=256141.0113  obj=438125723.82 
[Run 21 | Gen 47] gen_best: cost=181984712.54  viol=256141.0113  obj=438125723.82 | best_so_far: cost=181984712.54  viol=256141.0113  obj=438125723.82 
[Run 21 | Gen 48] gen_best: cost=181984712.54  viol=256141.0113  obj=438125723.82 | best_so_far: cost=181984712.54  viol=256141.0113  obj=438125723.82 
[Run 21 | Gen 49] gen_best: cost=181984712.54  viol=256141.0113  obj=438125723.82 | best_so_far: cost=181984712.54  viol=256141.0113  obj=438125723.82 
[Run 21 | Gen 50] gen_best: cost=181984712.54  viol=256141.0113  obj=438125723.82 | best_so_far: cost=181984712.54  viol=256141.0113  obj=438125723.82 
[Run 21 | FE 2560] best_local_obj=431324937.43  best_local_cost=176274656.51  best_local_viol=255050.2809
[Run 21 | Gen 51] gen_best: cost=176274656.51  viol=255050.2809  obj=431324937.43 | best_so_far: cost=176274656.51  viol=255050.2809  obj=431324937.43 (improved)
[Run 21 | Gen 52] gen_best: cost=176274656.51  viol=255050.2809  obj=431324937.43 | best_so_far: cost=176274656.51  viol=255050.2809  obj=431324937.43 
[Run 21 | Gen 53] gen_best: cost=176274656.51  viol=255050.2809  obj=431324937.43 | best_so_far: cost=176274656.51  viol=255050.2809  obj=431324937.43 
[Run 21 | Gen 54] gen_best: cost=176274656.51  viol=255050.2809  obj=431324937.43 | best_so_far: cost=176274656.51  viol=255050.2809  obj=431324937.43 
[Run 21 | Gen 55] gen_best: cost=189813001.53  viol=238087.6136  obj=427900615.16 | best_so_far: cost=189813001.53  viol=238087.6136  obj=427900615.16 (improved)
[Run 21 | FE 2816] best_local_obj=427900615.16  best_local_cost=189813001.53  best_local_viol=238087.6136
[Run 21 | Gen 56] gen_best: cost=189813001.53  viol=238087.6136  obj=427900615.16 | best_so_far: cost=189813001.53  viol=238087.6136  obj=427900615.16 
[Run 21 | Gen 57] gen_best: cost=185300225.65  viol=228241.5263  obj=413541752.00 | best_so_far: cost=185300225.65  viol=228241.5263  obj=413541752.00 (improved)
[Run 21 | Gen 58] gen_best: cost=185300225.65  viol=228241.5263  obj=413541752.00 | best_so_far: cost=185300225.65  viol=228241.5263  obj=413541752.00 
[Run 21 | Gen 59] gen_best: cost=185300225.65  viol=228241.5263  obj=413541752.00 | best_so_far: cost=185300225.65  viol=228241.5263  obj=413541752.00 
[Run 21 | Gen 60] gen_best: cost=185300225.65  viol=228241.5263  obj=413541752.00 | best_so_far: cost=185300225.65  viol=228241.5263  obj=413541752.00 
[Run 21 | FE 3072] best_local_obj=413541752.00  best_local_cost=185300225.65  best_local_viol=228241.5263
[Run 21 | Gen 61] gen_best: cost=185300225.65  viol=228241.5263  obj=413541752.00 | best_so_far: cost=185300225.65  viol=228241.5263  obj=413541752.00 
[Run 21 | Gen 62] gen_best: cost=183089878.23  viol=196682.4682  obj=379772346.47 | best_so_far: cost=183089878.23  viol=196682.4682  obj=379772346.47 (improved)
[Run 21 | Gen 63] gen_best: cost=183089878.23  viol=196682.4682  obj=379772346.47 | best_so_far: cost=183089878.23  viol=196682.4682  obj=379772346.47 
[Run 21 | Gen 64] gen_best: cost=183089878.23  viol=196682.4682  obj=379772346.47 | best_so_far: cost=183089878.23  viol=196682.4682  obj=379772346.47 
[Run 21 | Gen 65] gen_best: cost=183089878.23  viol=196682.4682  obj=379772346.47 | best_so_far: cost=183089878.23  viol=196682.4682  obj=379772346.47 
[Run 21 | FE 3328] best_local_obj=379772346.47  best_local_cost=183089878.23  best_local_viol=196682.4682
[Run 21 | Gen 66] gen_best: cost=183089878.23  viol=196682.4682  obj=379772346.47 | best_so_far: cost=183089878.23  viol=196682.4682  obj=379772346.47 
[Run 21 | Gen 67] gen_best: cost=183089878.23  viol=196682.4682  obj=379772346.47 | best_so_far: cost=183089878.23  viol=196682.4682  obj=379772346.47 
[Run 21 | Gen 68] gen_best: cost=184287149.02  viol=190037.5071  obj=374324656.16 | best_so_far: cost=184287149.02  viol=190037.5071  obj=374324656.16 (improved)
[Run 21 | Gen 69] gen_best: cost=184287149.02  viol=190037.5071  obj=374324656.16 | best_so_far: cost=184287149.02  viol=190037.5071  obj=374324656.16 
[Run 21 | Gen 70] gen_best: cost=184287149.02  viol=190037.5071  obj=374324656.16 | best_so_far: cost=184287149.02  viol=190037.5071  obj=374324656.16 
[Run 21 | FE 3584] best_local_obj=374324656.16  best_local_cost=184287149.02  best_local_viol=190037.5071
[Run 21 | Gen 71] gen_best: cost=184287149.02  viol=190037.5071  obj=374324656.16 | best_so_far: cost=184287149.02  viol=190037.5071  obj=374324656.16 
[Run 21 | Gen 72] gen_best: cost=184287149.02  viol=190037.5071  obj=374324656.16 | best_so_far: cost=184287149.02  viol=190037.5071  obj=374324656.16 
[Run 21 | Gen 73] gen_best: cost=184287149.02  viol=190037.5071  obj=374324656.16 | best_so_far: cost=184287149.02  viol=190037.5071  obj=374324656.16 
[Run 21 | Gen 74] gen_best: cost=184287149.02  viol=190037.5071  obj=374324656.16 | best_so_far: cost=184287149.02  viol=190037.5071  obj=374324656.16 
[Run 21 | Gen 75] gen_best: cost=184287149.02  viol=190037.5071  obj=374324656.16 | best_so_far: cost=184287149.02  viol=190037.5071  obj=374324656.16 
[Run 21 | FE 3840] best_local_obj=374324656.16  best_local_cost=184287149.02  best_local_viol=190037.5071
[Run 21 | Gen 76] gen_best: cost=184287149.02  viol=190037.5071  obj=374324656.16 | best_so_far: cost=184287149.02  viol=190037.5071  obj=374324656.16 
[Run 21 | Gen 77] gen_best: cost=184287149.02  viol=190037.5071  obj=374324656.16 | best_so_far: cost=184287149.02  viol=190037.5071  obj=374324656.16 
[Run 21 | Gen 78] gen_best: cost=184287149.02  viol=190037.5071  obj=374324656.16 | best_so_far: cost=184287149.02  viol=190037.5071  obj=374324656.16 
[Run 21 | Gen 79] gen_best: cost=184287149.02  viol=190037.5071  obj=374324656.16 | best_so_far: cost=184287149.02  viol=190037.5071  obj=374324656.16 
[Run 21 | Gen 80] gen_best: cost=184287149.02  viol=190037.5071  obj=374324656.16 | best_so_far: cost=184287149.02  viol=190037.5071  obj=374324656.16 
[Run 21 | FE 4096] best_local_obj=374324656.16  best_local_cost=184287149.02  best_local_viol=190037.5071
[Run 21 | Gen 81] gen_best: cost=184287149.02  viol=190037.5071  obj=374324656.16 | best_so_far: cost=184287149.02  viol=190037.5071  obj=374324656.16 
[Run 21 | Gen 82] gen_best: cost=184287149.02  viol=190037.5071  obj=374324656.16 | best_so_far: cost=184287149.02  viol=190037.5071  obj=374324656.16 
[Run 21 | Gen 83] gen_best: cost=186221202.85  viol=179546.1227  obj=365767325.51 | best_so_far: cost=186221202.85  viol=179546.1227  obj=365767325.51 (improved)
[Run 21 | Gen 84] gen_best: cost=189444613.52  viol=157599.5669  obj=347044180.42 | best_so_far: cost=189444613.52  viol=157599.5669  obj=347044180.42 (improved)
[Run 21 | Gen 85] gen_best: cost=189444613.52  viol=157599.5669  obj=347044180.42 | best_so_far: cost=189444613.52  viol=157599.5669  obj=347044180.42 
[Run 21 | Gen 86] gen_best: cost=188063149.90  viol=134966.9335  obj=323030083.39 | best_so_far: cost=188063149.90  viol=134966.9335  obj=323030083.39 (improved)
[Run 21 | FE 4352] best_local_obj=323030083.39  best_local_cost=188063149.90  best_local_viol=134966.9335
[Run 21 | Gen 87] gen_best: cost=188063149.90  viol=134966.9335  obj=323030083.39 | best_so_far: cost=188063149.90  viol=134966.9335  obj=323030083.39 
[Run 21 | Gen 88] gen_best: cost=188063149.90  viol=134966.9335  obj=323030083.39 | best_so_far: cost=188063149.90  viol=134966.9335  obj=323030083.39 
[Run 21 | Gen 89] gen_best: cost=188063149.90  viol=134966.9335  obj=323030083.39 | best_so_far: cost=188063149.90  viol=134966.9335  obj=323030083.39 
[Run 21 | Gen 90] gen_best: cost=188063149.90  viol=134966.9335  obj=323030083.39 | best_so_far: cost=188063149.90  viol=134966.9335  obj=323030083.39 
[Run 21 | Gen 91] gen_best: cost=188063149.90  viol=134966.9335  obj=323030083.39 | best_so_far: cost=188063149.90  viol=134966.9335  obj=323030083.39 
[Run 21 | FE 4608] best_local_obj=323030083.39  best_local_cost=188063149.90  best_local_viol=134966.9335
[Run 21 | Gen 92] gen_best: cost=188063149.90  viol=134966.9335  obj=323030083.39 | best_so_far: cost=188063149.90  viol=134966.9335  obj=323030083.39 
[Run 21 | Gen 93] gen_best: cost=188063149.90  viol=134966.9335  obj=323030083.39 | best_so_far: cost=188063149.90  viol=134966.9335  obj=323030083.39 
[Run 21 | Gen 94] gen_best: cost=188063149.90  viol=134966.9335  obj=323030083.39 | best_so_far: cost=188063149.90  viol=134966.9335  obj=323030083.39 
[Run 21 | Gen 95] gen_best: cost=188063149.90  viol=134966.9335  obj=323030083.39 | best_so_far: cost=188063149.90  viol=134966.9335  obj=323030083.39 
[Run 21 | Gen 96] gen_best: cost=188063149.90  viol=134966.9335  obj=323030083.39 | best_so_far: cost=188063149.90  viol=134966.9335  obj=323030083.39 
[Run 21 | FE 4864] best_local_obj=323030083.39  best_local_cost=188063149.90  best_local_viol=134966.9335
[Run 21 | Gen 97] gen_best: cost=188063149.90  viol=134966.9335  obj=323030083.39 | best_so_far: cost=188063149.90  viol=134966.9335  obj=323030083.39 
[Run 21 | Gen 98] gen_best: cost=188063149.90  viol=134966.9335  obj=323030083.39 | best_so_far: cost=188063149.90  viol=134966.9335  obj=323030083.39 
[Run 21 | Gen 99] gen_best: cost=191562855.17  viol=130085.6367  obj=321648491.89 | best_so_far: cost=191562855.17  viol=130085.6367  obj=321648491.89 (improved)
[Run 21 | Gen 100] gen_best: cost=191562855.17  viol=130085.6367  obj=321648491.89 | best_so_far: cost=191562855.17  viol=130085.6367  obj=321648491.89 
[Run 21 | Gen 101] gen_best: cost=191562855.17  viol=130085.6367  obj=321648491.89 | best_so_far: cost=191562855.17  viol=130085.6367  obj=321648491.89 
[Run 21 | FE 5120] best_local_obj=321648491.89  best_local_cost=191562855.17  best_local_viol=130085.6367
[Run 21 | Gen 102] gen_best: cost=191562855.17  viol=130085.6367  obj=321648491.89 | best_so_far: cost=191562855.17  viol=130085.6367  obj=321648491.89 
[Run 21 | Gen 103] gen_best: cost=191562855.17  viol=130085.6367  obj=321648491.89 | best_so_far: cost=191562855.17  viol=130085.6367  obj=321648491.89 
[Run 21 | Gen 104] gen_best: cost=191562855.17  viol=130085.6367  obj=321648491.89 | best_so_far: cost=191562855.17  viol=130085.6367  obj=321648491.89 
[Run 21 | Gen 105] gen_best: cost=191562855.17  viol=130085.6367  obj=321648491.89 | best_so_far: cost=191562855.17  viol=130085.6367  obj=321648491.89 
[Run 21 | Gen 106] gen_best: cost=191562855.17  viol=130085.6367  obj=321648491.89 | best_so_far: cost=191562855.17  viol=130085.6367  obj=321648491.89 
[Run 21 | FE 5376] best_local_obj=321648491.89  best_local_cost=191562855.17  best_local_viol=130085.6367
[Run 21 | Gen 107] gen_best: cost=191562855.17  viol=130085.6367  obj=321648491.89 | best_so_far: cost=191562855.17  viol=130085.6367  obj=321648491.89 
[Run 21 | Gen 108] gen_best: cost=191562855.17  viol=130085.6367  obj=321648491.89 | best_so_far: cost=191562855.17  viol=130085.6367  obj=321648491.89 
[Run 21 | Gen 109] gen_best: cost=191562855.17  viol=130085.6367  obj=321648491.89 | best_so_far: cost=191562855.17  viol=130085.6367  obj=321648491.89 
[Run 21 | Gen 110] gen_best: cost=191562855.17  viol=130085.6367  obj=321648491.89 | best_so_far: cost=191562855.17  viol=130085.6367  obj=321648491.89 
[Run 21 | Gen 111] gen_best: cost=191562855.17  viol=130085.6367  obj=321648491.89 | best_so_far: cost=191562855.17  viol=130085.6367  obj=321648491.89 
[Run 21 | FE 5632] best_local_obj=321648491.89  best_local_cost=191562855.17  best_local_viol=130085.6367
[Run 21 | Gen 112] gen_best: cost=191562855.17  viol=130085.6367  obj=321648491.89 | best_so_far: cost=191562855.17  viol=130085.6367  obj=321648491.89 
[Run 21 | Gen 113] gen_best: cost=191562855.17  viol=130085.6367  obj=321648491.89 | best_so_far: cost=191562855.17  viol=130085.6367  obj=321648491.89 
[Run 21 | Gen 114] gen_best: cost=189997196.37  viol=124435.2598  obj=314432456.21 | best_so_far: cost=189997196.37  viol=124435.2598  obj=314432456.21 (improved)
[Run 21 | Gen 115] gen_best: cost=189997196.37  viol=124435.2598  obj=314432456.21 | best_so_far: cost=189997196.37  viol=124435.2598  obj=314432456.21 
[Run 21 | Gen 116] gen_best: cost=184931830.96  viol=128975.2020  obj=313907032.93 | best_so_far: cost=184931830.96  viol=128975.2020  obj=313907032.93 (improved)
[Run 21 | FE 5888] best_local_obj=313907032.93  best_local_cost=184931830.96  best_local_viol=128975.2020
[Run 21 | Gen 117] gen_best: cost=184931830.96  viol=128975.2020  obj=313907032.93 | best_so_far: cost=184931830.96  viol=128975.2020  obj=313907032.93 
[Run 21 | Gen 118] gen_best: cost=184931830.96  viol=128975.2020  obj=313907032.93 | best_so_far: cost=184931830.96  viol=128975.2020  obj=313907032.93 
[Run 21 | Gen 119] gen_best: cost=184931830.96  viol=128975.2020  obj=313907032.93 | best_so_far: cost=184931830.96  viol=128975.2020  obj=313907032.93 
[Run 21 | Gen 120] gen_best: cost=191378660.66  viol=96585.7833  obj=287964444.01 | best_so_far: cost=191378660.66  viol=96585.7833  obj=287964444.01 (improved)
[Run 21 | Gen 121] gen_best: cost=191378660.66  viol=96585.7833  obj=287964444.01 | best_so_far: cost=191378660.66  viol=96585.7833  obj=287964444.01 
[Run 21 | FE 6144] best_local_obj=287964444.01  best_local_cost=191378660.66  best_local_viol=96585.7833
[Run 21 | Gen 122] gen_best: cost=191378660.66  viol=96585.7833  obj=287964444.01 | best_so_far: cost=191378660.66  viol=96585.7833  obj=287964444.01 
[Run 21 | Gen 123] gen_best: cost=191378660.66  viol=96585.7833  obj=287964444.01 | best_so_far: cost=191378660.66  viol=96585.7833  obj=287964444.01 
[Run 21 | Gen 124] gen_best: cost=191378660.66  viol=96585.7833  obj=287964444.01 | best_so_far: cost=191378660.66  viol=96585.7833  obj=287964444.01 
[Run 21 | Gen 125] gen_best: cost=187878955.06  viol=95671.9153  obj=283550870.40 | best_so_far: cost=187878955.06  viol=95671.9153  obj=283550870.40 (improved)
[Run 21 | Gen 126] gen_best: cost=187878955.06  viol=95671.9153  obj=283550870.40 | best_so_far: cost=187878955.06  viol=95671.9153  obj=283550870.40 
[Run 21 | FE 6400] best_local_obj=283550870.40  best_local_cost=187878955.06  best_local_viol=95671.9153
[Run 21 | Gen 127] gen_best: cost=187878955.06  viol=95671.9153  obj=283550870.40 | best_so_far: cost=187878955.06  viol=95671.9153  obj=283550870.40 
[Run 21 | Gen 128] gen_best: cost=187878955.06  viol=95671.9153  obj=283550870.40 | best_so_far: cost=187878955.06  viol=95671.9153  obj=283550870.40 
[Run 21 | Gen 129] gen_best: cost=187878955.06  viol=95671.9153  obj=283550870.40 | best_so_far: cost=187878955.06  viol=95671.9153  obj=283550870.40 
[Run 21 | Gen 130] gen_best: cost=187878955.06  viol=95671.9153  obj=283550870.40 | best_so_far: cost=187878955.06  viol=95671.9153  obj=283550870.40 
[Run 21 | Gen 131] gen_best: cost=187878955.06  viol=95671.9153  obj=283550870.40 | best_so_far: cost=187878955.06  viol=95671.9153  obj=283550870.40 
[Run 21 | Gen 132] gen_best: cost=187878955.06  viol=95671.9153  obj=283550870.40 | best_so_far: cost=187878955.06  viol=95671.9153  obj=283550870.40 
[Run 21 | FE 6656] best_local_obj=283550870.40  best_local_cost=187878955.06  best_local_viol=95671.9153
[Run 21 | Gen 133] gen_best: cost=187878955.06  viol=95671.9153  obj=283550870.40 | best_so_far: cost=187878955.06  viol=95671.9153  obj=283550870.40 
[Run 21 | Gen 134] gen_best: cost=187878955.06  viol=95671.9153  obj=283550870.40 | best_so_far: cost=187878955.06  viol=95671.9153  obj=283550870.40 
[Run 21 | Gen 135] gen_best: cost=187878955.06  viol=95671.9153  obj=283550870.40 | best_so_far: cost=187878955.06  viol=95671.9153  obj=283550870.40 
[Run 21 | Gen 136] gen_best: cost=187878955.06  viol=95671.9153  obj=283550870.40 | best_so_far: cost=187878955.06  viol=95671.9153  obj=283550870.40 
[Run 21 | Gen 137] gen_best: cost=187878955.06  viol=95671.9153  obj=283550870.40 | best_so_far: cost=187878955.06  viol=95671.9153  obj=283550870.40 
[Run 21 | FE 6912] best_local_obj=283550870.40  best_local_cost=187878955.06  best_local_viol=95671.9153
[Run 21 | Gen 138] gen_best: cost=187878955.06  viol=95671.9153  obj=283550870.40 | best_so_far: cost=187878955.06  viol=95671.9153  obj=283550870.40 
[Run 21 | Gen 139] gen_best: cost=187878955.06  viol=95671.9153  obj=283550870.40 | best_so_far: cost=187878955.06  viol=95671.9153  obj=283550870.40 
[Run 21 | Gen 140] gen_best: cost=187878955.06  viol=95671.9153  obj=283550870.40 | best_so_far: cost=187878955.06  viol=95671.9153  obj=283550870.40 
[Run 21 | Gen 141] gen_best: cost=187878955.06  viol=95671.9153  obj=283550870.40 | best_so_far: cost=187878955.06  viol=95671.9153  obj=283550870.40 
[Run 21 | Gen 142] gen_best: cost=187878955.06  viol=95671.9153  obj=283550870.40 | best_so_far: cost=187878955.06  viol=95671.9153  obj=283550870.40 
[Run 21 | FE 7168] best_local_obj=283550870.40  best_local_cost=187878955.06  best_local_viol=95671.9153
[Run 21 | Gen 143] gen_best: cost=187878955.06  viol=95671.9153  obj=283550870.40 | best_so_far: cost=187878955.06  viol=95671.9153  obj=283550870.40 
[Run 21 | Gen 144] gen_best: cost=193773198.24  viol=87961.2991  obj=281734497.39 | best_so_far: cost=193773198.24  viol=87961.2991  obj=281734497.39 (improved)
[Run 21 | Gen 145] gen_best: cost=190273492.97  viol=81684.3180  obj=271957810.96 | best_so_far: cost=190273492.97  viol=81684.3180  obj=271957810.96 (improved)
[Run 21 | Gen 146] gen_best: cost=190273492.97  viol=81684.3180  obj=271957810.96 | best_so_far: cost=190273492.97  viol=81684.3180  obj=271957810.96 
[Run 21 | Gen 147] gen_best: cost=190273492.97  viol=81684.3180  obj=271957810.96 | best_so_far: cost=190273492.97  viol=81684.3180  obj=271957810.96 
[Run 21 | FE 7424] best_local_obj=271957810.96  best_local_cost=190273492.97  best_local_viol=81684.3180
[Run 21 | Gen 148] gen_best: cost=190273492.97  viol=81684.3180  obj=271957810.96 | best_so_far: cost=190273492.97  viol=81684.3180  obj=271957810.96 
[Run 21 | Gen 149] gen_best: cost=190273492.97  viol=81684.3180  obj=271957810.96 | best_so_far: cost=190273492.97  viol=81684.3180  obj=271957810.96 
[Run 21 | Gen 150] gen_best: cost=190273492.97  viol=81684.3180  obj=271957810.96 | best_so_far: cost=190273492.97  viol=81684.3180  obj=271957810.96 
[Run 21 | Gen 151] gen_best: cost=190273492.97  viol=81684.3180  obj=271957810.96 | best_so_far: cost=190273492.97  viol=81684.3180  obj=271957810.96 
[Run 21 | Gen 152] gen_best: cost=190273492.97  viol=81684.3180  obj=271957810.96 | best_so_far: cost=190273492.97  viol=81684.3180  obj=271957810.96 
[Run 21 | FE 7680] best_local_obj=271957810.96  best_local_cost=190273492.97  best_local_viol=81684.3180
[Run 21 | Gen 153] gen_best: cost=190273492.97  viol=81684.3180  obj=271957810.96 | best_so_far: cost=190273492.97  viol=81684.3180  obj=271957810.96 
[Run 21 | Gen 154] gen_best: cost=190273492.97  viol=81684.3180  obj=271957810.96 | best_so_far: cost=190273492.97  viol=81684.3180  obj=271957810.96 
[Run 21 | Gen 155] gen_best: cost=190273492.97  viol=81684.3180  obj=271957810.96 | best_so_far: cost=190273492.97  viol=81684.3180  obj=271957810.96 
[Run 21 | Gen 156] gen_best: cost=190273492.97  viol=81684.3180  obj=271957810.96 | best_so_far: cost=190273492.97  viol=81684.3180  obj=271957810.96 
[Run 21 | Gen 157] gen_best: cost=190273492.97  viol=81684.3180  obj=271957810.96 | best_so_far: cost=190273492.97  viol=81684.3180  obj=271957810.96 
[Run 21 | FE 7936] best_local_obj=271957810.96  best_local_cost=190273492.97  best_local_viol=81684.3180
[Run 21 | Gen 158] gen_best: cost=190273492.97  viol=81684.3180  obj=271957810.96 | best_so_far: cost=190273492.97  viol=81684.3180  obj=271957810.96 
[Run 21 | Gen 159] gen_best: cost=190273492.97  viol=81684.3180  obj=271957810.96 | best_so_far: cost=190273492.97  viol=81684.3180  obj=271957810.96 
[Run 21 | Gen 160] gen_best: cost=190273492.97  viol=81684.3180  obj=271957810.96 | best_so_far: cost=190273492.97  viol=81684.3180  obj=271957810.96 
[Run 21 | Gen 161] gen_best: cost=190273492.97  viol=81684.3180  obj=271957810.96 | best_so_far: cost=190273492.97  viol=81684.3180  obj=271957810.96 
[Run 21 | Gen 162] gen_best: cost=190273492.97  viol=81684.3180  obj=271957810.96 | best_so_far: cost=190273492.97  viol=81684.3180  obj=271957810.96 
[Run 21 | FE 8192] best_local_obj=271957810.96  best_local_cost=190273492.97  best_local_viol=81684.3180
[Run 21 | Gen 163] gen_best: cost=190273492.97  viol=81684.3180  obj=271957810.96 | best_so_far: cost=190273492.97  viol=81684.3180  obj=271957810.96 
[Run 21 | Gen 164] gen_best: cost=190273492.97  viol=81684.3180  obj=271957810.96 | best_so_far: cost=190273492.97  viol=81684.3180  obj=271957810.96 
[Run 21 | Gen 165] gen_best: cost=190273492.97  viol=81684.3180  obj=271957810.96 | best_so_far: cost=190273492.97  viol=81684.3180  obj=271957810.96 
[Run 21 | Gen 166] gen_best: cost=190273492.97  viol=81684.3180  obj=271957810.96 | best_so_far: cost=190273492.97  viol=81684.3180  obj=271957810.96 
[Run 21 | Gen 167] gen_best: cost=190273492.97  viol=81684.3180  obj=271957810.96 | best_so_far: cost=190273492.97  viol=81684.3180  obj=271957810.96 
[Run 21 | FE 8448] best_local_obj=271957810.96  best_local_cost=190273492.97  best_local_viol=81684.3180
[Run 21 | Gen 168] gen_best: cost=190273492.97  viol=81684.3180  obj=271957810.96 | best_so_far: cost=190273492.97  viol=81684.3180  obj=271957810.96 
[Run 21 | Gen 169] gen_best: cost=190273492.97  viol=81684.3180  obj=271957810.96 | best_so_far: cost=190273492.97  viol=81684.3180  obj=271957810.96 
[Run 21 | Gen 170] gen_best: cost=190273492.97  viol=81684.3180  obj=271957810.96 | best_so_far: cost=190273492.97  viol=81684.3180  obj=271957810.96 
[Run 21 | Gen 171] gen_best: cost=190273492.97  viol=81684.3180  obj=271957810.96 | best_so_far: cost=190273492.97  viol=81684.3180  obj=271957810.96 
[Run 21 | Gen 172] gen_best: cost=190273492.97  viol=81684.3180  obj=271957810.96 | best_so_far: cost=190273492.97  viol=81684.3180  obj=271957810.96 
[Run 21 | Gen 173] gen_best: cost=190273492.97  viol=81684.3180  obj=271957810.96 | best_so_far: cost=190273492.97  viol=81684.3180  obj=271957810.96 
[Run 21 | FE 8704] best_local_obj=271957810.96  best_local_cost=190273492.97  best_local_viol=81684.3180
[Run 21 | Gen 174] gen_best: cost=188707832.16  viol=76113.6911  obj=264821523.31 | best_so_far: cost=188707832.16  viol=76113.6911  obj=264821523.31 (improved)
[Run 21 | Gen 175] gen_best: cost=188707832.16  viol=76113.6911  obj=264821523.31 | best_so_far: cost=188707832.16  viol=76113.6911  obj=264821523.31 
[Run 21 | Gen 176] gen_best: cost=188707832.16  viol=76113.6911  obj=264821523.31 | best_so_far: cost=188707832.16  viol=76113.6911  obj=264821523.31 
[Run 21 | Gen 177] gen_best: cost=188707832.16  viol=76113.6911  obj=264821523.31 | best_so_far: cost=188707832.16  viol=76113.6911  obj=264821523.31 
[Run 21 | Gen 178] gen_best: cost=188707832.16  viol=76113.6911  obj=264821523.31 | best_so_far: cost=188707832.16  viol=76113.6911  obj=264821523.31 
[Run 21 | FE 8960] best_local_obj=264821523.31  best_local_cost=188707832.16  best_local_viol=76113.6911
[Run 21 | Gen 179] gen_best: cost=188707832.16  viol=76113.6911  obj=264821523.31 | best_so_far: cost=188707832.16  viol=76113.6911  obj=264821523.31 
[Run 21 | Gen 180] gen_best: cost=188707832.16  viol=76113.6911  obj=264821523.31 | best_so_far: cost=188707832.16  viol=76113.6911  obj=264821523.31 
[Run 21 | Gen 181] gen_best: cost=188707832.16  viol=76113.6911  obj=264821523.31 | best_so_far: cost=188707832.16  viol=76113.6911  obj=264821523.31 
[Run 21 | Gen 182] gen_best: cost=188707832.16  viol=76113.6911  obj=264821523.31 | best_so_far: cost=188707832.16  viol=76113.6911  obj=264821523.31 
[Run 21 | Gen 183] gen_best: cost=189260413.67  viol=56586.1813  obj=245846595.02 | best_so_far: cost=189260413.67  viol=56586.1813  obj=245846595.02 (improved)
[Run 21 | FE 9216] best_local_obj=245846595.02  best_local_cost=189260413.67  best_local_viol=56586.1813
[Run 21 | Gen 184] gen_best: cost=189260413.67  viol=56586.1813  obj=245846595.02 | best_so_far: cost=189260413.67  viol=56586.1813  obj=245846595.02 
[Run 21 | Gen 185] gen_best: cost=189260413.67  viol=56586.1813  obj=245846595.02 | best_so_far: cost=189260413.67  viol=56586.1813  obj=245846595.02 
[Run 21 | Gen 186] gen_best: cost=189260413.67  viol=56586.1813  obj=245846595.02 | best_so_far: cost=189260413.67  viol=56586.1813  obj=245846595.02 
[Run 21 | Gen 187] gen_best: cost=189260413.67  viol=56586.1813  obj=245846595.02 | best_so_far: cost=189260413.67  viol=56586.1813  obj=245846595.02 
[Run 21 | Gen 188] gen_best: cost=189260413.67  viol=56586.1813  obj=245846595.02 | best_so_far: cost=189260413.67  viol=56586.1813  obj=245846595.02 
[Run 21 | FE 9472] best_local_obj=245846595.02  best_local_cost=189260413.67  best_local_viol=56586.1813
[Run 21 | Gen 189] gen_best: cost=189260413.67  viol=56586.1813  obj=245846595.02 | best_so_far: cost=189260413.67  viol=56586.1813  obj=245846595.02 
[Run 21 | Gen 190] gen_best: cost=189260413.67  viol=56586.1813  obj=245846595.02 | best_so_far: cost=189260413.67  viol=56586.1813  obj=245846595.02 
[Run 21 | Gen 191] gen_best: cost=189260413.67  viol=56586.1813  obj=245846595.02 | best_so_far: cost=189260413.67  viol=56586.1813  obj=245846595.02 
[Run 21 | Gen 192] gen_best: cost=189260413.67  viol=56586.1813  obj=245846595.02 | best_so_far: cost=189260413.67  viol=56586.1813  obj=245846595.02 
[Run 21 | Gen 193] gen_best: cost=189260413.67  viol=56586.1813  obj=245846595.02 | best_so_far: cost=189260413.67  viol=56586.1813  obj=245846595.02 
[Run 21 | FE 9728] best_local_obj=245846595.02  best_local_cost=189260413.67  best_local_viol=56586.1813
[Run 21 | Gen 194] gen_best: cost=189260413.67  viol=56586.1813  obj=245846595.02 | best_so_far: cost=189260413.67  viol=56586.1813  obj=245846595.02 
[Run 21 | Gen 195] gen_best: cost=189260413.67  viol=56586.1813  obj=245846595.02 | best_so_far: cost=189260413.67  viol=56586.1813  obj=245846595.02 
[Run 21 | Gen 196] gen_best: cost=189260413.67  viol=56586.1813  obj=245846595.02 | best_so_far: cost=189260413.67  viol=56586.1813  obj=245846595.02 
[Run 21 | Gen 197] gen_best: cost=189260413.67  viol=56586.1813  obj=245846595.02 | best_so_far: cost=189260413.67  viol=56586.1813  obj=245846595.02 
[Run 21 | Gen 198] gen_best: cost=189260413.67  viol=56586.1813  obj=245846595.02 | best_so_far: cost=189260413.67  viol=56586.1813  obj=245846595.02 
[Run 21 | FE 9984] best_local_obj=245846595.02  best_local_cost=189260413.67  best_local_viol=56586.1813
[Run 21 | Gen 199] gen_best: cost=189260413.67  viol=56586.1813  obj=245846595.02 | best_so_far: cost=189260413.67  viol=56586.1813  obj=245846595.02 
[Run 21 | Gen 200] gen_best: cost=189260413.67  viol=56586.1813  obj=245846595.02 | best_so_far: cost=189260413.67  viol=56586.1813  obj=245846595.02 
[Run 21 | Gen 201] gen_best: cost=189260413.67  viol=56586.1813  obj=245846595.02 | best_so_far: cost=189260413.67  viol=56586.1813  obj=245846595.02 
[Run 21 | Gen 202] gen_best: cost=189260413.67  viol=56586.1813  obj=245846595.02 | best_so_far: cost=189260413.67  viol=56586.1813  obj=245846595.02 
[Run 21 | Gen 203] gen_best: cost=187602661.46  viol=46237.3559  obj=233840017.39 | best_so_far: cost=187602661.46  viol=46237.3559  obj=233840017.39 (improved)
[Run 21 | FE 10240] best_local_obj=233840017.39  best_local_cost=187602661.46  best_local_viol=46237.3559
[Run 21 | Gen 204] gen_best: cost=187602661.46  viol=46237.3559  obj=233840017.39 | best_so_far: cost=187602661.46  viol=46237.3559  obj=233840017.39 
[Run 21 | Gen 205] gen_best: cost=187602661.46  viol=46237.3559  obj=233840017.39 | best_so_far: cost=187602661.46  viol=46237.3559  obj=233840017.39 
[Run 21 | Gen 206] gen_best: cost=187602661.46  viol=46237.3559  obj=233840017.39 | best_so_far: cost=187602661.46  viol=46237.3559  obj=233840017.39 
[Run 21 | Gen 207] gen_best: cost=187602661.46  viol=46237.3559  obj=233840017.39 | best_so_far: cost=187602661.46  viol=46237.3559  obj=233840017.39 
[Run 21 | Gen 208] gen_best: cost=187602661.46  viol=46237.3559  obj=233840017.39 | best_so_far: cost=187602661.46  viol=46237.3559  obj=233840017.39 
[Run 21 | FE 10496] best_local_obj=233840017.39  best_local_cost=187602661.46  best_local_viol=46237.3559
[Run 21 | Gen 209] gen_best: cost=187602661.46  viol=46237.3559  obj=233840017.39 | best_so_far: cost=187602661.46  viol=46237.3559  obj=233840017.39 
[Run 21 | Gen 210] gen_best: cost=187602661.46  viol=46237.3559  obj=233840017.39 | best_so_far: cost=187602661.46  viol=46237.3559  obj=233840017.39 
[Run 21 | Gen 211] gen_best: cost=187602661.46  viol=46237.3559  obj=233840017.39 | best_so_far: cost=187602661.46  viol=46237.3559  obj=233840017.39 
[Run 21 | Gen 212] gen_best: cost=187602661.46  viol=46237.3559  obj=233840017.39 | best_so_far: cost=187602661.46  viol=46237.3559  obj=233840017.39 
[Run 21 | Gen 213] gen_best: cost=187602661.46  viol=46237.3559  obj=233840017.39 | best_so_far: cost=187602661.46  viol=46237.3559  obj=233840017.39 
[Run 21 | Gen 214] gen_best: cost=187602661.46  viol=46237.3559  obj=233840017.39 | best_so_far: cost=187602661.46  viol=46237.3559  obj=233840017.39 
[Run 21 | FE 10752] best_local_obj=233840017.39  best_local_cost=187602661.46  best_local_viol=46237.3559
[Run 21 | Gen 215] gen_best: cost=187602661.46  viol=46237.3559  obj=233840017.39 | best_so_far: cost=187602661.46  viol=46237.3559  obj=233840017.39 
[Run 21 | Gen 216] gen_best: cost=187602661.46  viol=46237.3559  obj=233840017.39 | best_so_far: cost=187602661.46  viol=46237.3559  obj=233840017.39 
[Run 21 | Gen 217] gen_best: cost=187602661.46  viol=46237.3559  obj=233840017.39 | best_so_far: cost=187602661.46  viol=46237.3559  obj=233840017.39 
[Run 21 | Gen 218] gen_best: cost=187602661.46  viol=46237.3559  obj=233840017.39 | best_so_far: cost=187602661.46  viol=46237.3559  obj=233840017.39 
[Run 21 | Gen 219] gen_best: cost=187602661.46  viol=46237.3559  obj=233840017.39 | best_so_far: cost=187602661.46  viol=46237.3559  obj=233840017.39 
[Run 21 | FE 11008] best_local_obj=233840017.39  best_local_cost=187602661.46  best_local_viol=46237.3559
[Run 21 | Gen 220] gen_best: cost=187602661.46  viol=46237.3559  obj=233840017.39 | best_so_far: cost=187602661.46  viol=46237.3559  obj=233840017.39 
[Run 21 | Gen 221] gen_best: cost=187602661.46  viol=46237.3559  obj=233840017.39 | best_so_far: cost=187602661.46  viol=46237.3559  obj=233840017.39 
[Run 21 | Gen 222] gen_best: cost=187602661.46  viol=46237.3559  obj=233840017.39 | best_so_far: cost=187602661.46  viol=46237.3559  obj=233840017.39 
[Run 21 | Gen 223] gen_best: cost=187602661.46  viol=46237.3559  obj=233840017.39 | best_so_far: cost=187602661.46  viol=46237.3559  obj=233840017.39 
[Run 21 | Gen 224] gen_best: cost=187602661.46  viol=46237.3559  obj=233840017.39 | best_so_far: cost=187602661.46  viol=46237.3559  obj=233840017.39 
[Run 21 | FE 11264] best_local_obj=233840017.39  best_local_cost=187602661.46  best_local_viol=46237.3559
[Run 21 | Gen 225] gen_best: cost=190365588.38  viol=43029.5195  obj=233395107.86 | best_so_far: cost=190365588.38  viol=43029.5195  obj=233395107.86 (improved)
[Run 21 | Gen 226] gen_best: cost=190365588.38  viol=43029.5195  obj=233395107.86 | best_so_far: cost=190365588.38  viol=43029.5195  obj=233395107.86 
[Run 21 | Gen 227] gen_best: cost=190365588.38  viol=43029.5195  obj=233395107.86 | best_so_far: cost=190365588.38  viol=43029.5195  obj=233395107.86 
[Run 21 | Gen 228] gen_best: cost=190365588.38  viol=43029.5195  obj=233395107.86 | best_so_far: cost=190365588.38  viol=43029.5195  obj=233395107.86 
[Run 21 | Gen 229] gen_best: cost=190365588.38  viol=43029.5195  obj=233395107.86 | best_so_far: cost=190365588.38  viol=43029.5195  obj=233395107.86 
[Run 21 | FE 11520] best_local_obj=233395107.86  best_local_cost=190365588.38  best_local_viol=43029.5195
[Run 21 | Gen 230] gen_best: cost=190365588.38  viol=43029.5195  obj=233395107.86 | best_so_far: cost=190365588.38  viol=43029.5195  obj=233395107.86 
[Run 21 | Gen 231] gen_best: cost=190365588.38  viol=43029.5195  obj=233395107.86 | best_so_far: cost=190365588.38  viol=43029.5195  obj=233395107.86 
[Run 21 | Gen 232] gen_best: cost=190365588.38  viol=43029.5195  obj=233395107.86 | best_so_far: cost=190365588.38  viol=43029.5195  obj=233395107.86 
[Run 21 | Gen 233] gen_best: cost=190365588.38  viol=43029.5195  obj=233395107.86 | best_so_far: cost=190365588.38  viol=43029.5195  obj=233395107.86 
[Run 21 | Gen 234] gen_best: cost=190365588.38  viol=43029.5195  obj=233395107.86 | best_so_far: cost=190365588.38  viol=43029.5195  obj=233395107.86 
[Run 21 | FE 11776] best_local_obj=233395107.86  best_local_cost=190365588.38  best_local_viol=43029.5195
[Run 21 | Gen 235] gen_best: cost=190365588.38  viol=43029.5195  obj=233395107.86 | best_so_far: cost=190365588.38  viol=43029.5195  obj=233395107.86 
[Run 21 | Gen 236] gen_best: cost=190365588.38  viol=43029.5195  obj=233395107.86 | best_so_far: cost=190365588.38  viol=43029.5195  obj=233395107.86 
[Run 21 | Gen 237] gen_best: cost=190365588.38  viol=43029.5195  obj=233395107.86 | best_so_far: cost=190365588.38  viol=43029.5195  obj=233395107.86 
[Run 21 | Gen 238] gen_best: cost=186221195.16  viol=43069.3461  obj=229290541.28 | best_so_far: cost=186221195.16  viol=43069.3461  obj=229290541.28 (improved)
[Run 21 | Gen 239] gen_best: cost=186221195.16  viol=43069.3461  obj=229290541.28 | best_so_far: cost=186221195.16  viol=43069.3461  obj=229290541.28 
[Run 21 | FE 12032] best_local_obj=229290541.28  best_local_cost=186221195.16  best_local_viol=43069.3461
[Run 21 | Gen 240] gen_best: cost=186221195.16  viol=43069.3461  obj=229290541.28 | best_so_far: cost=186221195.16  viol=43069.3461  obj=229290541.28 
[Run 21 | Gen 241] gen_best: cost=186221195.16  viol=43069.3461  obj=229290541.28 | best_so_far: cost=186221195.16  viol=43069.3461  obj=229290541.28 
[Run 21 | Gen 242] gen_best: cost=186221195.16  viol=43069.3461  obj=229290541.28 | best_so_far: cost=186221195.16  viol=43069.3461  obj=229290541.28 
[Run 21 | Gen 243] gen_best: cost=192575925.44  viol=35379.2017  obj=227955127.19 | best_so_far: cost=192575925.44  viol=35379.2017  obj=227955127.19 (improved)
[Run 21 | Gen 244] gen_best: cost=192575925.44  viol=35379.2017  obj=227955127.19 | best_so_far: cost=192575925.44  viol=35379.2017  obj=227955127.19 
[Run 21 | FE 12288] best_local_obj=227955127.19  best_local_cost=192575925.44  best_local_viol=35379.2017
[Run 21 | Gen 245] gen_best: cost=192575925.44  viol=35379.2017  obj=227955127.19 | best_so_far: cost=192575925.44  viol=35379.2017  obj=227955127.19 
[Run 21 | Gen 246] gen_best: cost=192575925.44  viol=35379.2017  obj=227955127.19 | best_so_far: cost=192575925.44  viol=35379.2017  obj=227955127.19 
[Run 21 | Gen 247] gen_best: cost=192575925.44  viol=35379.2017  obj=227955127.19 | best_so_far: cost=192575925.44  viol=35379.2017  obj=227955127.19 
[Run 21 | Gen 248] gen_best: cost=192575925.44  viol=35379.2017  obj=227955127.19 | best_so_far: cost=192575925.44  viol=35379.2017  obj=227955127.19 
[Run 21 | Gen 249] gen_best: cost=192575925.44  viol=35379.2017  obj=227955127.19 | best_so_far: cost=192575925.44  viol=35379.2017  obj=227955127.19 
[Run 21 | FE 12544] best_local_obj=227955127.19  best_local_cost=192575925.44  best_local_viol=35379.2017
[Run 21 | Gen 250] gen_best: cost=192575925.44  viol=35379.2017  obj=227955127.19 | best_so_far: cost=192575925.44  viol=35379.2017  obj=227955127.19 
[Run 21 | Gen 251] gen_best: cost=192575925.44  viol=35379.2017  obj=227955127.19 | best_so_far: cost=192575925.44  viol=35379.2017  obj=227955127.19 
[Run 21 | Gen 252] gen_best: cost=192575925.44  viol=35379.2017  obj=227955127.19 | best_so_far: cost=192575925.44  viol=35379.2017  obj=227955127.19 
[Run 21 | Gen 253] gen_best: cost=192575925.44  viol=35379.2017  obj=227955127.19 | best_so_far: cost=192575925.44  viol=35379.2017  obj=227955127.19 
[Run 21 | Gen 254] gen_best: cost=192575925.44  viol=35379.2017  obj=227955127.19 | best_so_far: cost=192575925.44  viol=35379.2017  obj=227955127.19 
[Run 21 | FE 12800] best_local_obj=227955127.19  best_local_cost=192575925.44  best_local_viol=35379.2017
[Run 21 | Gen 255] gen_best: cost=192575925.44  viol=35379.2017  obj=227955127.19 | best_so_far: cost=192575925.44  viol=35379.2017  obj=227955127.19 

[Stop] reached max_total_fe=12800.

[Run 21] best_global_cost=192575925.4411, best_global_viol=35379.201745, best_global_obj=227955127.1857
[Done] summary=/work/home/acn1eb8nfq/yuezhang46/GFcode/GF实验一：横向对比/de_global_logs/run_21_seed_1021/runs_summary.csv
