[RunConfig] run_id=2 seed=1002
[OutputDir] /work/home/acn1eb8nfq/yuezhang46/GFcode/GF实验一：横向对比/gcpcc_results/run_02_seed_1002
[Data] nodes=1810
[1/7] Load scenarios
  spring: raw_edges=3686 days=31
  summer: raw_edges=3686 days=30
  autumn: raw_edges=3686 days=31
  winter: raw_edges=3686 days=30
[Filter] w_min=1.0
  active=1450 inactive=360(fixed NONE)
  spring: removed=2281 kept=1405
  summer: removed=2206 kept=1480
  autumn: removed=2131 kept=1555
  winter: removed=2189 kept=1497
  spring: filtered_edges=1405
  summer: filtered_edges=1480
  autumn: filtered_edges=1555
  winter: filtered_edges=1497
[2/7] Spatial cut + fragment repair
  spring: K=5 top_sizes=[395, 314, 288, 244, 209] fragments=125
  summer: K=5 top_sizes=[394, 311, 288, 236, 221] fragments=71
  autumn: K=5 top_sizes=[394, 312, 287, 236, 221] fragments=20
  winter: K=5 top_sizes=[394, 313, 286, 236, 221] fragments=53
[3/7] Consensus cut
[ConsensusMerge] med=221 thr=33 merged=4
  components=5 min/med/max=221/288/394
  singleton_components=0
[4/7] Dependency graph + coloring
  color_groups=2 sizes=[2, 3]
[5/7] Initialize plan
  init: cost=80677391.34 viol=1461842.8066 obj=1542520197.93
[6/7] Outer iterations

[Run 02 Gen 1] group=0 comps=2
[Run 02 Gen 1] fe+=256 fe=256 cost=96886565.53 viol=934030.1879 obj=1030916753.42

[Run 02 Gen 2] group=1 comps=3
[Run 02 Gen 2] fe+=256 fe=512 cost=122305498.68 viol=105837.2516 obj=228142750.27

[Run 02 Gen 3] group=0 comps=2
[Run 02 Gen 3] fe+=256 fe=768 cost=123963253.56 viol=89345.7768 obj=213309030.37

[Run 02 Gen 4] group=1 comps=3
[Run 02 Gen 4] fe+=256 fe=1024 cost=125160520.01 viol=57895.5837 obj=183056103.76

[Run 02 Gen 5] group=0 comps=2
[Run 02 Gen 5] fe+=256 fe=1280 cost=125252619.44 viol=53622.1600 obj=178874779.42

[Run 02 Gen 6] group=1 comps=3
[Run 02 Gen 6] fe+=256 fe=1536 cost=123226474.54 viol=39954.5248 obj=163180999.38

[Run 02 Gen 7] group=0 comps=2
[Run 02 Gen 7] fe+=256 fe=1792 cost=122305496.34 viol=38772.1888 obj=161077685.10

[Run 02 Gen 8] group=1 comps=3
[Run 02 Gen 8] fe+=256 fe=2048 cost=121752910.49 viol=38605.9075 obj=160358817.97

[Run 02 Gen 9] group=0 comps=2
[Run 02 Gen 9] fe+=256 fe=2304 cost=120463546.28 viol=39248.3516 obj=159711897.89

[Run 02 Gen 10] group=1 comps=3
[Run 02 Gen 10] fe+=256 fe=2560 cost=119082080.32 viol=38578.5445 obj=157660624.82

[Run 02 Gen 11] group=0 comps=2
[Run 02 Gen 11] fe+=256 fe=2816 cost=119726761.58 viol=37272.2027 obj=156998964.27

[Run 02 Gen 12] group=1 comps=3
[Run 02 Gen 12] fe+=256 fe=3072 cost=119726763.25 viol=36441.6020 obj=156168365.29

[Run 02 Gen 13] group=0 comps=2
[Run 02 Gen 13] fe+=256 fe=3328 cost=118253201.54 viol=37083.8712 obj=155337072.71

[Run 02 Gen 14] group=1 comps=3
[Run 02 Gen 14] fe+=256 fe=3584 cost=116871742.26 viol=37376.0207 obj=154247762.99

[Run 02 Gen 15] group=0 comps=2
[Run 02 Gen 15] fe+=256 fe=3840 cost=116871741.92 viol=36637.3319 obj=153509073.84

[Run 02 Gen 16] group=1 comps=3
[Run 02 Gen 16] fe+=256 fe=4096 cost=116595447.66 viol=33299.0173 obj=149894464.95

[Run 02 Gen 17] group=0 comps=2
[Run 02 Gen 17] fe+=256 fe=4352 cost=115213984.70 viol=34247.4938 obj=149461478.48

[Run 02 Gen 18] group=1 comps=3
[Run 02 Gen 18] fe+=256 fe=4608 cost=114293009.51 viol=32734.3009 obj=147027310.37

[Run 02 Gen 19] group=0 comps=2
[Run 02 Gen 19] fe+=256 fe=4864 cost=114661399.85 viol=31840.9518 obj=146502351.62

[Run 02 Gen 20] group=1 comps=3
[Run 02 Gen 20] fe+=256 fe=5120 cost=114477206.35 viol=31957.1808 obj=146434387.14

[Run 02 Gen 21] group=0 comps=2
[Run 02 Gen 21] fe+=256 fe=5376 cost=113832523.75 viol=31232.5011 obj=145065024.82

[Run 02 Gen 22] group=1 comps=3
[Run 02 Gen 22] fe+=256 fe=5632 cost=114293008.84 viol=25478.0512 obj=139771060.00

[Run 02 Gen 23] group=0 comps=2
[Run 02 Gen 23] fe+=256 fe=5888 cost=114016716.58 viol=24995.6325 obj=139012349.04

[Run 02 Gen 24] group=1 comps=3
[Run 02 Gen 24] fe+=256 fe=6144 cost=113372034.31 viol=25029.1135 obj=138401147.85

[Run 02 Gen 25] group=0 comps=2
[Run 02 Gen 25] fe+=256 fe=6400 cost=112727351.04 viol=25272.7408 obj=138000091.81

[Run 02 Gen 26] group=1 comps=3
[Run 02 Gen 26] fe+=256 fe=6656 cost=112635252.62 viol=24629.9318 obj=137265184.44

[Run 02 Gen 27] group=0 comps=2
[Run 02 Gen 27] fe+=256 fe=6912 cost=112543153.53 viol=24584.8037 obj=137127957.21

[Run 02 Gen 28] group=1 comps=3
[Run 02 Gen 28] fe+=256 fe=7168 cost=112543152.86 viol=24490.0281 obj=137033180.95

[Run 02 Gen 29] group=0 comps=2
[Run 02 Gen 29] fe+=256 fe=7424 cost=111898470.26 viol=24793.5080 obj=136691978.30

[Run 02 Gen 30] group=1 comps=3
[Run 02 Gen 30] fe+=256 fe=7680 cost=110885396.98 viol=24859.6762 obj=135745073.20

[Run 02 Gen 31] group=0 comps=2
[Run 02 Gen 31] fe+=256 fe=7936 cost=110793300.22 viol=24863.4351 obj=135656735.35

[Run 02 Gen 32] group=1 comps=3
[Run 02 Gen 32] fe+=256 fe=8192 cost=110977494.73 viol=24588.6261 obj=135566120.83

[Run 02 Gen 33] group=0 comps=2
[Run 02 Gen 33] fe+=256 fe=8448 cost=110977494.73 viol=24588.6261 obj=135566120.83

[Run 02 Gen 34] group=1 comps=3
[Run 02 Gen 34] fe+=256 fe=8704 cost=111253786.65 viol=23492.3689 obj=134746155.52

[Run 02 Gen 35] group=0 comps=2
[Run 02 Gen 35] fe+=256 fe=8960 cost=110701200.47 viol=23518.1958 obj=134219396.31

[Run 02 Gen 36] group=1 comps=3
[Run 02 Gen 36] fe+=256 fe=9216 cost=111161687.56 viol=22905.6355 obj=134067323.07

[Run 02 Gen 37] group=0 comps=2
[Run 02 Gen 37] fe+=256 fe=9472 cost=111161686.89 viol=22905.6355 obj=134067322.40

[Run 02 Gen 38] group=1 comps=3
[Run 02 Gen 38] fe+=256 fe=9728 cost=111345882.73 viol=22688.0080 obj=134033890.75

[Run 02 Gen 39] group=0 comps=2
[Run 02 Gen 39] fe+=256 fe=9984 cost=111345882.73 viol=22688.0080 obj=134033890.75

[Run 02 Gen 40] group=1 comps=3
[Run 02 Gen 40] fe+=256 fe=10240 cost=111069589.47 viol=21986.2210 obj=133055810.46

[Run 02 Gen 41] group=0 comps=2
[Run 02 Gen 41] fe+=256 fe=10496 cost=111069589.47 viol=21986.2210 obj=133055810.46

[Run 02 Gen 42] group=1 comps=3
[Run 02 Gen 42] fe+=256 fe=10752 cost=110148613.95 viol=21927.1319 obj=132075745.82

[Run 02 Gen 43] group=0 comps=2
[Run 02 Gen 43] fe+=256 fe=11008 cost=110148613.95 viol=21927.1319 obj=132075745.82

[Run 02 Gen 44] group=1 comps=3
[Run 02 Gen 44] fe+=256 fe=11264 cost=110056515.86 viol=21623.0989 obj=131679614.72

[Run 02 Gen 45] group=0 comps=2
[Run 02 Gen 45] fe+=256 fe=11520 cost=110056515.86 viol=21623.0989 obj=131679614.72

[Run 02 Gen 46] group=1 comps=3
[Run 02 Gen 46] fe+=256 fe=11776 cost=109596027.76 viol=21694.3057 obj=131290333.47

[Run 02 Gen 47] group=0 comps=2
[Run 02 Gen 47] fe+=256 fe=12032 cost=109596027.76 viol=21694.3057 obj=131290333.47

[Run 02 Gen 48] group=1 comps=3
[Run 02 Gen 48] fe+=256 fe=12288 cost=109227637.08 viol=21651.7797 obj=130879416.81

[Run 02 Gen 49] group=0 comps=2
[Run 02 Gen 49] fe+=256 fe=12544 cost=108306662.22 viol=22349.0676 obj=130655729.84

[Run 02 Gen 50] group=1 comps=3
[Run 02 Gen 50] fe+=256 fe=12800 cost=107938272.54 viol=22511.0720 obj=130449344.50
[Stop] reached max_outer_gen=50
[7/7] Write outputs
[Done] summary=/work/home/acn1eb8nfq/yuezhang46/GFcode/GF实验一：横向对比/gcpcc_results/run_02_seed_1002/runs_summary.csv
