[RunConfig] run_id=4 seed=1004
[OutputDir] /work/home/acn1eb8nfq/yuezhang46/GFcode/GF实验一：横向对比/gcpcc_results/run_04_seed_1004
[Data] nodes=1810
[1/7] Load scenarios
  spring: raw_edges=3686 days=31
  summer: raw_edges=3686 days=30
  autumn: raw_edges=3686 days=31
  winter: raw_edges=3686 days=30
[Filter] w_min=1.0
  active=1450 inactive=360(fixed NONE)
  spring: removed=2281 kept=1405
  summer: removed=2206 kept=1480
  autumn: removed=2131 kept=1555
  winter: removed=2189 kept=1497
  spring: filtered_edges=1405
  summer: filtered_edges=1480
  autumn: filtered_edges=1555
  winter: filtered_edges=1497
[2/7] Spatial cut + fragment repair
  spring: K=5 top_sizes=[395, 314, 288, 244, 209] fragments=125
  summer: K=5 top_sizes=[394, 311, 288, 236, 221] fragments=71
  autumn: K=5 top_sizes=[394, 312, 287, 236, 221] fragments=20
  winter: K=5 top_sizes=[394, 313, 286, 236, 221] fragments=53
[3/7] Consensus cut
[ConsensusMerge] med=221 thr=33 merged=4
  components=5 min/med/max=221/288/394
  singleton_components=0
[4/7] Dependency graph + coloring
  color_groups=2 sizes=[2, 3]
[5/7] Initialize plan
  init: cost=80585295.93 viol=1921548.1341 obj=2002133430.07
[6/7] Outer iterations

[Run 04 Gen 1] group=0 comps=2
[Run 04 Gen 1] fe+=256 fe=256 cost=97347055.97 viol=1324445.2666 obj=1421792322.60

[Run 04 Gen 2] group=1 comps=3
[Run 04 Gen 2] fe+=256 fe=512 cost=126818277.90 viol=152034.6026 obj=278852880.46

[Run 04 Gen 3] group=0 comps=2
[Run 04 Gen 3] fe+=256 fe=768 cost=127647156.01 viol=126932.6489 obj=254579804.95

[Run 04 Gen 4] group=1 comps=3
[Run 04 Gen 4] fe+=256 fe=1024 cost=127555057.92 viol=56961.8936 obj=184516951.50

[Run 04 Gen 5] group=0 comps=2
[Run 04 Gen 5] fe+=256 fe=1280 cost=125713102.85 viol=52092.8823 obj=177805985.15

[Run 04 Gen 6] group=1 comps=3
[Run 04 Gen 6] fe+=256 fe=1536 cost=123410664.03 viol=38891.7455 obj=162302409.57

[Run 04 Gen 7] group=0 comps=2
[Run 04 Gen 7] fe+=256 fe=1792 cost=122121297.49 viol=36806.0286 obj=158927326.10

[Run 04 Gen 8] group=1 comps=3
[Run 04 Gen 8] fe+=256 fe=2048 cost=122581788.60 viol=33384.1501 obj=155965938.70

[Run 04 Gen 9] group=0 comps=2
[Run 04 Gen 9] fe+=256 fe=2304 cost=121200325.30 viol=33678.2161 obj=154878541.39

[Run 04 Gen 10] group=1 comps=3
[Run 04 Gen 10] fe+=256 fe=2560 cost=116871735.91 viol=33745.7433 obj=150617479.21

[Run 04 Gen 11] group=0 comps=2
[Run 04 Gen 11] fe+=256 fe=2816 cost=115674467.79 viol=33791.7798 obj=149466247.61

[Run 04 Gen 12] group=1 comps=3
[Run 04 Gen 12] fe+=256 fe=3072 cost=115858660.95 viol=30949.6977 obj=146808358.67

[Run 04 Gen 13] group=0 comps=2
[Run 04 Gen 13] fe+=256 fe=3328 cost=114845588.67 viol=30677.5692 obj=145523157.92

[Run 04 Gen 14] group=1 comps=3
[Run 04 Gen 14] fe+=256 fe=3584 cost=114385099.24 viol=28250.4595 obj=142635558.76

[Run 04 Gen 15] group=0 comps=2
[Run 04 Gen 15] fe+=256 fe=3840 cost=115582367.36 viol=26492.6359 obj=142075003.29

[Run 04 Gen 16] group=1 comps=3
[Run 04 Gen 16] fe+=256 fe=4096 cost=113832515.06 viol=27500.6144 obj=141333129.43

[Run 04 Gen 17] group=0 comps=2
[Run 04 Gen 17] fe+=256 fe=4352 cost=113832515.06 viol=27500.6144 obj=141333129.43

[Run 04 Gen 18] group=1 comps=3
[Run 04 Gen 18] fe+=256 fe=4608 cost=114845590.01 viol=26165.7417 obj=141011331.75

[Run 04 Gen 19] group=0 comps=2
[Run 04 Gen 19] fe+=256 fe=4864 cost=114845590.01 viol=26165.7417 obj=141011331.75

[Run 04 Gen 20] group=1 comps=3
[Run 04 Gen 20] fe+=256 fe=5120 cost=113464127.05 viol=26303.3747 obj=139767501.71

[Run 04 Gen 21] group=0 comps=2
[Run 04 Gen 21] fe+=256 fe=5376 cost=112911542.87 viol=26191.6838 obj=139103226.66

[Run 04 Gen 22] group=1 comps=3
[Run 04 Gen 22] fe+=256 fe=5632 cost=112635249.28 viol=26147.9146 obj=138783163.89

[Run 04 Gen 23] group=0 comps=2
[Run 04 Gen 23] fe+=256 fe=5888 cost=112543151.19 viol=26119.2939 obj=138662445.08

[Run 04 Gen 24] group=1 comps=3
[Run 04 Gen 24] fe+=256 fe=6144 cost=112543151.19 viol=26119.2939 obj=138662445.08

[Run 04 Gen 25] group=0 comps=2
[Run 04 Gen 25] fe+=256 fe=6400 cost=112451051.43 viol=25602.6718 obj=138053723.19

[Run 04 Gen 26] group=1 comps=3
[Run 04 Gen 26] fe+=256 fe=6656 cost=113556221.80 viol=23775.9958 obj=137332217.62

[Run 04 Gen 27] group=0 comps=2
[Run 04 Gen 27] fe+=256 fe=6912 cost=112727344.02 viol=24095.4492 obj=136822793.21

[Run 04 Gen 28] group=1 comps=3
[Run 04 Gen 28] fe+=256 fe=7168 cost=112543150.85 viol=24198.3073 obj=136741458.11

[Run 04 Gen 29] group=0 comps=2
[Run 04 Gen 29] fe+=256 fe=7424 cost=112543150.85 viol=24198.3073 obj=136741458.11

[Run 04 Gen 30] group=1 comps=3
[Run 04 Gen 30] fe+=256 fe=7680 cost=112451053.44 viol=23938.7849 obj=136389838.31

[Run 04 Gen 31] group=0 comps=2
[Run 04 Gen 31] fe+=256 fe=7936 cost=111898469.59 viol=24024.2021 obj=135922671.69

[Run 04 Gen 32] group=1 comps=3
[Run 04 Gen 32] fe+=256 fe=8192 cost=111806371.17 viol=24090.8418 obj=135897212.95

[Run 04 Gen 33] group=0 comps=2
[Run 04 Gen 33] fe+=256 fe=8448 cost=112082664.43 viol=23729.3569 obj=135812021.29

[Run 04 Gen 34] group=1 comps=3
[Run 04 Gen 34] fe+=256 fe=8704 cost=111898469.59 viol=22695.6656 obj=134594135.20

[Run 04 Gen 35] group=0 comps=2
[Run 04 Gen 35] fe+=256 fe=8960 cost=111253786.32 viol=22726.5233 obj=133980309.58

[Run 04 Gen 36] group=1 comps=3
[Run 04 Gen 36] fe+=256 fe=9216 cost=111622176.33 viol=21628.8003 obj=133250976.63

[Run 04 Gen 37] group=0 comps=2
[Run 04 Gen 37] fe+=256 fe=9472 cost=111622176.33 viol=21628.8003 obj=133250976.63

[Run 04 Gen 38] group=1 comps=3
[Run 04 Gen 38] fe+=256 fe=9728 cost=111437982.16 viol=21667.8259 obj=133105808.07

[Run 04 Gen 39] group=0 comps=2
[Run 04 Gen 39] fe+=256 fe=9984 cost=111253787.32 viol=21789.6925 obj=133043479.81

[Run 04 Gen 40] group=1 comps=3
[Run 04 Gen 40] fe+=256 fe=10240 cost=110332811.79 viol=21549.3795 obj=131882191.28

[Run 04 Gen 41] group=0 comps=2
[Run 04 Gen 41] fe+=256 fe=10496 cost=110332811.79 viol=21549.3795 obj=131882191.28

[Run 04 Gen 42] group=1 comps=3
[Run 04 Gen 42] fe+=256 fe=10752 cost=110056519.20 viol=21486.4028 obj=131542921.97

[Run 04 Gen 43] group=0 comps=2
[Run 04 Gen 43] fe+=256 fe=11008 cost=110056519.20 viol=21486.4028 obj=131542921.97

[Run 04 Gen 44] group=1 comps=3
[Run 04 Gen 44] fe+=256 fe=11264 cost=109043447.25 viol=21439.1301 obj=130482577.40

[Run 04 Gen 45] group=0 comps=2
[Run 04 Gen 45] fe+=256 fe=11520 cost=109043447.25 viol=21439.1301 obj=130482577.40

[Run 04 Gen 46] group=1 comps=3
[Run 04 Gen 46] fe+=256 fe=11776 cost=109043447.25 viol=20950.8281 obj=129994275.31

[Run 04 Gen 47] group=0 comps=2
[Run 04 Gen 47] fe+=256 fe=12032 cost=108214569.15 viol=21424.0005 obj=129638569.67

[Run 04 Gen 48] group=1 comps=3
[Run 04 Gen 48] fe+=256 fe=12288 cost=107477787.12 viol=21154.1107 obj=128631897.82

[Run 04 Gen 49] group=0 comps=2
[Run 04 Gen 49] fe+=256 fe=12544 cost=107293592.28 viol=21312.3687 obj=128605960.99

[Run 04 Gen 50] group=1 comps=3
[Run 04 Gen 50] fe+=256 fe=12800 cost=107293592.28 viol=21312.3687 obj=128605960.99
[Stop] reached max_outer_gen=50
[7/7] Write outputs
[Done] summary=/work/home/acn1eb8nfq/yuezhang46/GFcode/GF实验一：横向对比/gcpcc_results/run_04_seed_1004/runs_summary.csv
