[RunConfig] run_id=18 seed=1018
[OutputDir] /work/home/acn1eb8nfq/yuezhang46/GFcode/GF实验一：横向对比/ga_global_logs/run_18_seed_1018
[Info] #nodes = 1810
[Load] Reading scenarios ...
  - spring: raw edges=3686, days=31
  - summer: raw edges=3686, days=30
  - autumn: raw edges=3686, days=31
  - winter: raw edges=3686, days=30
[Filter] EDGE_WEIGHT_MIN=1.0
  - active_nodes=1450  inactive_nodes(fixed NONE)=360
  - spring: removed=2281, kept=1405
  - summer: removed=2206, kept=1480
  - autumn: removed=2131, kept=1555
  - winter: removed=2189, kept=1497
  - spring: filtered edges (active subgraph)=1405
  - summer: filtered edges (active subgraph)=1480
  - autumn: filtered edges (active subgraph)=1555
  - winter: filtered edges (active subgraph)=1497
[GA] Initialize population ...
[GA] Init population generated.
[GA] Evolve under FE budget ...
[Run 18 | Gen 1] cur_best: cost=84545488.96  viol=1213382.8046  obj=1297928293.56 | best_so_far: cost=84545488.96  viol=1213382.8046  obj=1297928293.56
[Run 18 | Gen 2] cur_best: cost=88229395.76  viol=1158731.8948  obj=1246961290.60 | best_so_far: cost=88229395.76  viol=1158731.8948  obj=1246961290.60
[Run 18 | Gen 3] cur_best: cost=88229395.76  viol=1158731.8948  obj=1246961290.60 | best_so_far: cost=88229395.76  viol=1158731.8948  obj=1246961290.60
[Run 18 | Gen 4] cur_best: cost=88229395.76  viol=1158731.8948  obj=1246961290.60 | best_so_far: cost=88229395.76  viol=1158731.8948  obj=1246961290.60
[Run 18 | FE 256] best_local_obj=1246961290.60  best_local_cost=88229395.76  best_local_viol=1158731.8948
[Run 18 | Gen 5] cur_best: cost=88229395.76  viol=1158731.8948  obj=1246961290.60 | best_so_far: cost=88229395.76  viol=1158731.8948  obj=1246961290.60
[Run 18 | Gen 6] cur_best: cost=102136127.78  viol=1114003.1854  obj=1216139313.19 | best_so_far: cost=102136127.78  viol=1114003.1854  obj=1216139313.19
[Run 18 | Gen 7] cur_best: cost=102136127.78  viol=1114003.1854  obj=1216139313.19 | best_so_far: cost=102136127.78  viol=1114003.1854  obj=1216139313.19
[Run 18 | Gen 8] cur_best: cost=102136127.78  viol=1114003.1854  obj=1216139313.19 | best_so_far: cost=102136127.78  viol=1114003.1854  obj=1216139313.19
[Run 18 | FE 512] best_local_obj=1216139313.19  best_local_cost=102136127.78  best_local_viol=1114003.1854
[Run 18 | Gen 9] cur_best: cost=102136127.78  viol=1114003.1854  obj=1216139313.19 | best_so_far: cost=102136127.78  viol=1114003.1854  obj=1216139313.19
[Run 18 | Gen 10] cur_best: cost=105543741.98  viol=1068265.6941  obj=1173809436.10 | best_so_far: cost=105543741.98  viol=1068265.6941  obj=1173809436.10
[Run 18 | Gen 11] cur_best: cost=110056525.22  viol=1060334.2999  obj=1170390825.14 | best_so_far: cost=110056525.22  viol=1060334.2999  obj=1170390825.14
[Run 18 | Gen 12] cur_best: cost=110056525.22  viol=1060334.2999  obj=1170390825.14 | best_so_far: cost=110056525.22  viol=1060334.2999  obj=1170390825.14
[Run 18 | FE 768] best_local_obj=1170390825.14  best_local_cost=110056525.22  best_local_viol=1060334.2999
[Run 18 | Gen 13] cur_best: cost=110056525.22  viol=1060334.2999  obj=1170390825.14 | best_so_far: cost=110056525.22  viol=1060334.2999  obj=1170390825.14
[Run 18 | Gen 14] cur_best: cost=113187841.15  viol=857800.4163  obj=970988257.48 | best_so_far: cost=113187841.15  viol=857800.4163  obj=970988257.48
[Run 18 | Gen 15] cur_best: cost=113187841.15  viol=857800.4163  obj=970988257.48 | best_so_far: cost=113187841.15  viol=857800.4163  obj=970988257.48
[Run 18 | Gen 16] cur_best: cost=113187841.15  viol=857800.4163  obj=970988257.48 | best_so_far: cost=113187841.15  viol=857800.4163  obj=970988257.48
[Run 18 | Gen 17] cur_best: cost=113187841.15  viol=857800.4163  obj=970988257.48 | best_so_far: cost=113187841.15  viol=857800.4163  obj=970988257.48
[Run 18 | FE 1024] best_local_obj=970988257.48  best_local_cost=113187841.15  best_local_viol=857800.4163
[Run 18 | Gen 18] cur_best: cost=113187841.15  viol=857800.4163  obj=970988257.48 | best_so_far: cost=113187841.15  viol=857800.4163  obj=970988257.48
[Run 18 | Gen 19] cur_best: cost=113187841.15  viol=857800.4163  obj=970988257.48 | best_so_far: cost=113187841.15  viol=857800.4163  obj=970988257.48
[Run 18 | Gen 20] cur_best: cost=113187841.15  viol=857800.4163  obj=970988257.48 | best_so_far: cost=113187841.15  viol=857800.4163  obj=970988257.48
[Run 18 | Gen 21] cur_best: cost=113187841.15  viol=857800.4163  obj=970988257.48 | best_so_far: cost=113187841.15  viol=857800.4163  obj=970988257.48
[Run 18 | FE 1280] best_local_obj=970988257.48  best_local_cost=113187841.15  best_local_viol=857800.4163
[Run 18 | Gen 22] cur_best: cost=113187841.15  viol=857800.4163  obj=970988257.48 | best_so_far: cost=113187841.15  viol=857800.4163  obj=970988257.48
[Run 18 | Gen 23] cur_best: cost=113187841.15  viol=857800.4163  obj=970988257.48 | best_so_far: cost=113187841.15  viol=857800.4163  obj=970988257.48
[Run 18 | Gen 24] cur_best: cost=113187841.15  viol=857800.4163  obj=970988257.48 | best_so_far: cost=113187841.15  viol=857800.4163  obj=970988257.48
[Run 18 | Gen 25] cur_best: cost=113187841.15  viol=857800.4163  obj=970988257.48 | best_so_far: cost=113187841.15  viol=857800.4163  obj=970988257.48
[Run 18 | FE 1536] best_local_obj=970988257.48  best_local_cost=113187841.15  best_local_viol=857800.4163
[Run 18 | Gen 26] cur_best: cost=113187841.15  viol=857800.4163  obj=970988257.48 | best_so_far: cost=113187841.15  viol=857800.4163  obj=970988257.48
[Run 18 | Gen 27] cur_best: cost=113187841.15  viol=857800.4163  obj=970988257.48 | best_so_far: cost=113187841.15  viol=857800.4163  obj=970988257.48
[Run 18 | Gen 28] cur_best: cost=113187841.15  viol=857800.4163  obj=970988257.48 | best_so_far: cost=113187841.15  viol=857800.4163  obj=970988257.48
[Run 18 | Gen 29] cur_best: cost=113187841.15  viol=857800.4163  obj=970988257.48 | best_so_far: cost=113187841.15  viol=857800.4163  obj=970988257.48
[Run 18 | FE 1792] best_local_obj=952998661.19  best_local_cost=130410091.62  best_local_viol=822588.5696
[Run 18 | Gen 30] cur_best: cost=130410091.62  viol=822588.5696  obj=952998661.19 | best_so_far: cost=130410091.62  viol=822588.5696  obj=952998661.19
[Run 18 | Gen 31] cur_best: cost=130410091.62  viol=822588.5696  obj=952998661.19 | best_so_far: cost=130410091.62  viol=822588.5696  obj=952998661.19
[Run 18 | Gen 32] cur_best: cost=130410091.62  viol=822588.5696  obj=952998661.19 | best_so_far: cost=130410091.62  viol=822588.5696  obj=952998661.19
[Run 18 | Gen 33] cur_best: cost=130410091.62  viol=822588.5696  obj=952998661.19 | best_so_far: cost=130410091.62  viol=822588.5696  obj=952998661.19
[Run 18 | Gen 34] cur_best: cost=130410091.62  viol=822588.5696  obj=952998661.19 | best_so_far: cost=130410091.62  viol=822588.5696  obj=952998661.19
[Run 18 | FE 2048] best_local_obj=952998661.19  best_local_cost=130410091.62  best_local_viol=822588.5696
[Run 18 | Gen 35] cur_best: cost=130410091.62  viol=822588.5696  obj=952998661.19 | best_so_far: cost=130410091.62  viol=822588.5696  obj=952998661.19
[Run 18 | Gen 36] cur_best: cost=130410091.62  viol=822588.5696  obj=952998661.19 | best_so_far: cost=130410091.62  viol=822588.5696  obj=952998661.19
[Run 18 | Gen 37] cur_best: cost=130410091.62  viol=822588.5696  obj=952998661.19 | best_so_far: cost=130410091.62  viol=822588.5696  obj=952998661.19
[Run 18 | Gen 38] cur_best: cost=130410091.62  viol=822588.5696  obj=952998661.19 | best_so_far: cost=130410091.62  viol=822588.5696  obj=952998661.19
[Run 18 | FE 2304] best_local_obj=952998661.19  best_local_cost=130410091.62  best_local_viol=822588.5696
[Run 18 | Gen 39] cur_best: cost=130410091.62  viol=822588.5696  obj=952998661.19 | best_so_far: cost=130410091.62  viol=822588.5696  obj=952998661.19
[Run 18 | Gen 40] cur_best: cost=130410091.62  viol=822588.5696  obj=952998661.19 | best_so_far: cost=130410091.62  viol=822588.5696  obj=952998661.19
[Run 18 | Gen 41] cur_best: cost=130410091.62  viol=822588.5696  obj=952998661.19 | best_so_far: cost=130410091.62  viol=822588.5696  obj=952998661.19
[Run 18 | Gen 42] cur_best: cost=130410091.62  viol=822588.5696  obj=952998661.19 | best_so_far: cost=130410091.62  viol=822588.5696  obj=952998661.19
[Run 18 | FE 2560] best_local_obj=952998661.19  best_local_cost=130410091.62  best_local_viol=822588.5696
[Run 18 | Gen 43] cur_best: cost=130410091.62  viol=822588.5696  obj=952998661.19 | best_so_far: cost=130410091.62  viol=822588.5696  obj=952998661.19
[Run 18 | Gen 44] cur_best: cost=130410091.62  viol=822588.5696  obj=952998661.19 | best_so_far: cost=130410091.62  viol=822588.5696  obj=952998661.19
[Run 18 | Gen 45] cur_best: cost=130410091.62  viol=822588.5696  obj=952998661.19 | best_so_far: cost=130410091.62  viol=822588.5696  obj=952998661.19
[Run 18 | Gen 46] cur_best: cost=130410091.62  viol=822588.5696  obj=952998661.19 | best_so_far: cost=130410091.62  viol=822588.5696  obj=952998661.19
[Run 18 | FE 2816] best_local_obj=881838861.60  best_local_cost=133541410.89  best_local_viol=748297.4507
[Run 18 | Gen 47] cur_best: cost=133541410.89  viol=748297.4507  obj=881838861.60 | best_so_far: cost=133541410.89  viol=748297.4507  obj=881838861.60
[Run 18 | Gen 48] cur_best: cost=137962091.36  viol=716507.0279  obj=854469119.28 | best_so_far: cost=137962091.36  viol=716507.0279  obj=854469119.28
[Run 18 | Gen 49] cur_best: cost=137962091.36  viol=716507.0279  obj=854469119.28 | best_so_far: cost=137962091.36  viol=716507.0279  obj=854469119.28
[Run 18 | Gen 50] cur_best: cost=137962091.36  viol=716507.0279  obj=854469119.28 | best_so_far: cost=137962091.36  viol=716507.0279  obj=854469119.28
[Run 18 | Gen 51] cur_best: cost=137962091.36  viol=716507.0279  obj=854469119.28 | best_so_far: cost=137962091.36  viol=716507.0279  obj=854469119.28
[Run 18 | FE 3072] best_local_obj=854469119.28  best_local_cost=137962091.36  best_local_viol=716507.0279
[Run 18 | Gen 52] cur_best: cost=137962091.36  viol=716507.0279  obj=854469119.28 | best_so_far: cost=137962091.36  viol=716507.0279  obj=854469119.28
[Run 18 | Gen 53] cur_best: cost=137962091.36  viol=716507.0279  obj=854469119.28 | best_so_far: cost=137962091.36  viol=716507.0279  obj=854469119.28
[Run 18 | Gen 54] cur_best: cost=137962091.36  viol=716507.0279  obj=854469119.28 | best_so_far: cost=137962091.36  viol=716507.0279  obj=854469119.28
[Run 18 | Gen 55] cur_best: cost=137962091.36  viol=716507.0279  obj=854469119.28 | best_so_far: cost=137962091.36  viol=716507.0279  obj=854469119.28
[Run 18 | FE 3328] best_local_obj=854469119.28  best_local_cost=137962091.36  best_local_viol=716507.0279
[Run 18 | Gen 56] cur_best: cost=138514681.22  viol=703552.2432  obj=842066924.39 | best_so_far: cost=138514681.22  viol=703552.2432  obj=842066924.39
[Run 18 | Gen 57] cur_best: cost=138514681.22  viol=703552.2432  obj=842066924.39 | best_so_far: cost=138514681.22  viol=703552.2432  obj=842066924.39
[Run 18 | Gen 58] cur_best: cost=138514681.22  viol=703552.2432  obj=842066924.39 | best_so_far: cost=138514681.22  viol=703552.2432  obj=842066924.39
[Run 18 | Gen 59] cur_best: cost=138514681.22  viol=703552.2432  obj=842066924.39 | best_so_far: cost=138514681.22  viol=703552.2432  obj=842066924.39
[Run 18 | FE 3584] best_local_obj=842066924.39  best_local_cost=138514681.22  best_local_viol=703552.2432
[Run 18 | Gen 60] cur_best: cost=138514681.22  viol=703552.2432  obj=842066924.39 | best_so_far: cost=138514681.22  viol=703552.2432  obj=842066924.39
[Run 18 | Gen 61] cur_best: cost=138514681.22  viol=703552.2432  obj=842066924.39 | best_so_far: cost=138514681.22  viol=703552.2432  obj=842066924.39
[Run 18 | Gen 62] cur_best: cost=138514681.22  viol=703552.2432  obj=842066924.39 | best_so_far: cost=138514681.22  viol=703552.2432  obj=842066924.39
[Run 18 | Gen 63] cur_best: cost=138514681.22  viol=703552.2432  obj=842066924.39 | best_so_far: cost=138514681.22  viol=703552.2432  obj=842066924.39
[Run 18 | FE 3840] best_local_obj=842066924.39  best_local_cost=138514681.22  best_local_viol=703552.2432
[Run 18 | Gen 64] cur_best: cost=138514681.22  viol=703552.2432  obj=842066924.39 | best_so_far: cost=138514681.22  viol=703552.2432  obj=842066924.39
[Run 18 | Gen 65] cur_best: cost=138514681.22  viol=703552.2432  obj=842066924.39 | best_so_far: cost=138514681.22  viol=703552.2432  obj=842066924.39
[Run 18 | Gen 66] cur_best: cost=138514681.22  viol=703552.2432  obj=842066924.39 | best_so_far: cost=138514681.22  viol=703552.2432  obj=842066924.39
[Run 18 | Gen 67] cur_best: cost=138514681.22  viol=703552.2432  obj=842066924.39 | best_so_far: cost=138514681.22  viol=703552.2432  obj=842066924.39
[Run 18 | Gen 68] cur_best: cost=138514681.22  viol=703552.2432  obj=842066924.39 | best_so_far: cost=138514681.22  viol=703552.2432  obj=842066924.39
[Run 18 | FE 4096] best_local_obj=842066924.39  best_local_cost=138514681.22  best_local_viol=703552.2432
[Run 18 | Gen 69] cur_best: cost=138514681.22  viol=703552.2432  obj=842066924.39 | best_so_far: cost=138514681.22  viol=703552.2432  obj=842066924.39
[Run 18 | Gen 70] cur_best: cost=138514681.22  viol=703552.2432  obj=842066924.39 | best_so_far: cost=138514681.22  viol=703552.2432  obj=842066924.39
[Run 18 | Gen 71] cur_best: cost=138514681.22  viol=703552.2432  obj=842066924.39 | best_so_far: cost=138514681.22  viol=703552.2432  obj=842066924.39
[Run 18 | Gen 72] cur_best: cost=138514681.22  viol=703552.2432  obj=842066924.39 | best_so_far: cost=138514681.22  viol=703552.2432  obj=842066924.39
[Run 18 | FE 4352] best_local_obj=842066924.39  best_local_cost=138514681.22  best_local_viol=703552.2432
[Run 18 | Gen 73] cur_best: cost=138514681.22  viol=703552.2432  obj=842066924.39 | best_so_far: cost=138514681.22  viol=703552.2432  obj=842066924.39
[Run 18 | Gen 74] cur_best: cost=138514681.22  viol=703552.2432  obj=842066924.39 | best_so_far: cost=138514681.22  viol=703552.2432  obj=842066924.39
[Run 18 | Gen 75] cur_best: cost=138514681.22  viol=703552.2432  obj=842066924.39 | best_so_far: cost=138514681.22  viol=703552.2432  obj=842066924.39
[Run 18 | Gen 76] cur_best: cost=138514681.22  viol=703552.2432  obj=842066924.39 | best_so_far: cost=138514681.22  viol=703552.2432  obj=842066924.39
[Run 18 | FE 4608] best_local_obj=842066924.39  best_local_cost=138514681.22  best_local_viol=703552.2432
[Run 18 | Gen 77] cur_best: cost=138514681.22  viol=703552.2432  obj=842066924.39 | best_so_far: cost=138514681.22  viol=703552.2432  obj=842066924.39
[Run 18 | Gen 78] cur_best: cost=138514681.22  viol=703552.2432  obj=842066924.39 | best_so_far: cost=138514681.22  viol=703552.2432  obj=842066924.39
[Run 18 | Gen 79] cur_best: cost=138514681.22  viol=703552.2432  obj=842066924.39 | best_so_far: cost=138514681.22  viol=703552.2432  obj=842066924.39
[Run 18 | Gen 80] cur_best: cost=138514681.22  viol=703552.2432  obj=842066924.39 | best_so_far: cost=138514681.22  viol=703552.2432  obj=842066924.39
[Run 18 | Gen 81] cur_best: cost=138514681.22  viol=703552.2432  obj=842066924.39 | best_so_far: cost=138514681.22  viol=703552.2432  obj=842066924.39
[Run 18 | FE 4864] best_local_obj=842066924.39  best_local_cost=138514681.22  best_local_viol=703552.2432
[Run 18 | Gen 82] cur_best: cost=148277021.69  viol=686814.4178  obj=835091439.45 | best_so_far: cost=148277021.69  viol=686814.4178  obj=835091439.45
[Run 18 | Gen 83] cur_best: cost=148277021.69  viol=686814.4178  obj=835091439.45 | best_so_far: cost=148277021.69  viol=686814.4178  obj=835091439.45
[Run 18 | Gen 84] cur_best: cost=148277021.69  viol=686814.4178  obj=835091439.45 | best_so_far: cost=148277021.69  viol=686814.4178  obj=835091439.45
[Run 18 | Gen 85] cur_best: cost=148277021.69  viol=686814.4178  obj=835091439.45 | best_so_far: cost=148277021.69  viol=686814.4178  obj=835091439.45
[Run 18 | FE 5120] best_local_obj=835091439.45  best_local_cost=148277021.69  best_local_viol=686814.4178
[Run 18 | Gen 86] cur_best: cost=148277021.69  viol=686814.4178  obj=835091439.45 | best_so_far: cost=148277021.69  viol=686814.4178  obj=835091439.45
[Run 18 | Gen 87] cur_best: cost=148277021.69  viol=686814.4178  obj=835091439.45 | best_so_far: cost=148277021.69  viol=686814.4178  obj=835091439.45
[Run 18 | Gen 88] cur_best: cost=148277021.69  viol=686814.4178  obj=835091439.45 | best_so_far: cost=148277021.69  viol=686814.4178  obj=835091439.45
[Run 18 | Gen 89] cur_best: cost=148277021.69  viol=686814.4178  obj=835091439.45 | best_so_far: cost=148277021.69  viol=686814.4178  obj=835091439.45
[Run 18 | FE 5376] best_local_obj=835091439.45  best_local_cost=148277021.69  best_local_viol=686814.4178
[Run 18 | Gen 90] cur_best: cost=148277021.69  viol=686814.4178  obj=835091439.45 | best_so_far: cost=148277021.69  viol=686814.4178  obj=835091439.45
[Run 18 | Gen 91] cur_best: cost=148277021.69  viol=686814.4178  obj=835091439.45 | best_so_far: cost=148277021.69  viol=686814.4178  obj=835091439.45
[Run 18 | Gen 92] cur_best: cost=148277021.69  viol=686814.4178  obj=835091439.45 | best_so_far: cost=148277021.69  viol=686814.4178  obj=835091439.45
[Run 18 | Gen 93] cur_best: cost=148277021.69  viol=686814.4178  obj=835091439.45 | best_so_far: cost=148277021.69  viol=686814.4178  obj=835091439.45
[Run 18 | FE 5632] best_local_obj=835091439.45  best_local_cost=148277021.69  best_local_viol=686814.4178
[Run 18 | Gen 94] cur_best: cost=148277021.69  viol=686814.4178  obj=835091439.45 | best_so_far: cost=148277021.69  viol=686814.4178  obj=835091439.45
[Run 18 | Gen 95] cur_best: cost=148277021.69  viol=686814.4178  obj=835091439.45 | best_so_far: cost=148277021.69  viol=686814.4178  obj=835091439.45
[Run 18 | Gen 96] cur_best: cost=148277021.69  viol=686814.4178  obj=835091439.45 | best_so_far: cost=148277021.69  viol=686814.4178  obj=835091439.45
[Run 18 | Gen 97] cur_best: cost=148277021.69  viol=686814.4178  obj=835091439.45 | best_so_far: cost=148277021.69  viol=686814.4178  obj=835091439.45
[Run 18 | Gen 98] cur_best: cost=148277021.69  viol=686814.4178  obj=835091439.45 | best_so_far: cost=148277021.69  viol=686814.4178  obj=835091439.45
[Run 18 | FE 5888] best_local_obj=835091439.45  best_local_cost=148277021.69  best_local_viol=686814.4178
[Run 18 | Gen 99] cur_best: cost=148277021.69  viol=686814.4178  obj=835091439.45 | best_so_far: cost=148277021.69  viol=686814.4178  obj=835091439.45
[Run 18 | Gen 100] cur_best: cost=148277021.69  viol=686814.4178  obj=835091439.45 | best_so_far: cost=148277021.69  viol=686814.4178  obj=835091439.45
[Run 18 | Gen 101] cur_best: cost=148277021.69  viol=686814.4178  obj=835091439.45 | best_so_far: cost=148277021.69  viol=686814.4178  obj=835091439.45
[Run 18 | Gen 102] cur_best: cost=148277021.69  viol=686814.4178  obj=835091439.45 | best_so_far: cost=148277021.69  viol=686814.4178  obj=835091439.45
[Run 18 | FE 6144] best_local_obj=835091439.45  best_local_cost=148277021.69  best_local_viol=686814.4178
[Run 18 | Gen 103] cur_best: cost=148277021.69  viol=686814.4178  obj=835091439.45 | best_so_far: cost=148277021.69  viol=686814.4178  obj=835091439.45
[Run 18 | Gen 104] cur_best: cost=148277021.69  viol=686814.4178  obj=835091439.45 | best_so_far: cost=148277021.69  viol=686814.4178  obj=835091439.45
[Run 18 | Gen 105] cur_best: cost=148277021.69  viol=686814.4178  obj=835091439.45 | best_so_far: cost=148277021.69  viol=686814.4178  obj=835091439.45
[Run 18 | Gen 106] cur_best: cost=148277021.69  viol=686814.4178  obj=835091439.45 | best_so_far: cost=148277021.69  viol=686814.4178  obj=835091439.45
[Run 18 | FE 6400] best_local_obj=835091439.45  best_local_cost=148277021.69  best_local_viol=686814.4178
[Run 18 | Gen 107] cur_best: cost=148277021.69  viol=686814.4178  obj=835091439.45 | best_so_far: cost=148277021.69  viol=686814.4178  obj=835091439.45
[Run 18 | Gen 108] cur_best: cost=148277021.69  viol=686814.4178  obj=835091439.45 | best_so_far: cost=148277021.69  viol=686814.4178  obj=835091439.45
[Run 18 | Gen 109] cur_best: cost=148277021.69  viol=686814.4178  obj=835091439.45 | best_so_far: cost=148277021.69  viol=686814.4178  obj=835091439.45
[Run 18 | Gen 110] cur_best: cost=148277021.69  viol=686814.4178  obj=835091439.45 | best_so_far: cost=148277021.69  viol=686814.4178  obj=835091439.45
[Run 18 | FE 6656] best_local_obj=835091439.45  best_local_cost=148277021.69  best_local_viol=686814.4178
[Run 18 | Gen 111] cur_best: cost=148277021.69  viol=686814.4178  obj=835091439.45 | best_so_far: cost=148277021.69  viol=686814.4178  obj=835091439.45
[Run 18 | Gen 112] cur_best: cost=148277021.69  viol=686814.4178  obj=835091439.45 | best_so_far: cost=148277021.69  viol=686814.4178  obj=835091439.45
[Run 18 | Gen 113] cur_best: cost=148277021.69  viol=686814.4178  obj=835091439.45 | best_so_far: cost=148277021.69  viol=686814.4178  obj=835091439.45
[Run 18 | Gen 114] cur_best: cost=142935364.70  viol=652786.7605  obj=795722125.21 | best_so_far: cost=142935364.70  viol=652786.7605  obj=795722125.21
[Run 18 | Gen 115] cur_best: cost=142935364.70  viol=652786.7605  obj=795722125.21 | best_so_far: cost=142935364.70  viol=652786.7605  obj=795722125.21
[Run 18 | FE 6912] best_local_obj=795722125.21  best_local_cost=142935364.70  best_local_viol=652786.7605
[Run 18 | Gen 116] cur_best: cost=142935364.70  viol=652786.7605  obj=795722125.21 | best_so_far: cost=142935364.70  viol=652786.7605  obj=795722125.21
[Run 18 | Gen 117] cur_best: cost=142935364.70  viol=652786.7605  obj=795722125.21 | best_so_far: cost=142935364.70  viol=652786.7605  obj=795722125.21
[Run 18 | Gen 118] cur_best: cost=142935364.70  viol=652786.7605  obj=795722125.21 | best_so_far: cost=142935364.70  viol=652786.7605  obj=795722125.21
[Run 18 | Gen 119] cur_best: cost=142935364.70  viol=652786.7605  obj=795722125.21 | best_so_far: cost=142935364.70  viol=652786.7605  obj=795722125.21
[Run 18 | FE 7168] best_local_obj=795722125.21  best_local_cost=142935364.70  best_local_viol=652786.7605
[Run 18 | Gen 120] cur_best: cost=142935364.70  viol=652786.7605  obj=795722125.21 | best_so_far: cost=142935364.70  viol=652786.7605  obj=795722125.21
[Run 18 | Gen 121] cur_best: cost=142935364.70  viol=652786.7605  obj=795722125.21 | best_so_far: cost=142935364.70  viol=652786.7605  obj=795722125.21
[Run 18 | Gen 122] cur_best: cost=142935364.70  viol=652786.7605  obj=795722125.21 | best_so_far: cost=142935364.70  viol=652786.7605  obj=795722125.21
[Run 18 | Gen 123] cur_best: cost=142935364.70  viol=652786.7605  obj=795722125.21 | best_so_far: cost=142935364.70  viol=652786.7605  obj=795722125.21
[Run 18 | FE 7424] best_local_obj=795722125.21  best_local_cost=142935364.70  best_local_viol=652786.7605
[Run 18 | Gen 124] cur_best: cost=142935364.70  viol=652786.7605  obj=795722125.21 | best_so_far: cost=142935364.70  viol=652786.7605  obj=795722125.21
[Run 18 | Gen 125] cur_best: cost=142935364.70  viol=652786.7605  obj=795722125.21 | best_so_far: cost=142935364.70  viol=652786.7605  obj=795722125.21
[Run 18 | Gen 126] cur_best: cost=142935364.70  viol=652786.7605  obj=795722125.21 | best_so_far: cost=142935364.70  viol=652786.7605  obj=795722125.21
[Run 18 | Gen 127] cur_best: cost=142935364.70  viol=652786.7605  obj=795722125.21 | best_so_far: cost=142935364.70  viol=652786.7605  obj=795722125.21
[Run 18 | FE 7680] best_local_obj=795722125.21  best_local_cost=142935364.70  best_local_viol=652786.7605
[Run 18 | Gen 128] cur_best: cost=142935364.70  viol=652786.7605  obj=795722125.21 | best_so_far: cost=142935364.70  viol=652786.7605  obj=795722125.21
[Run 18 | Gen 129] cur_best: cost=142935364.70  viol=652786.7605  obj=795722125.21 | best_so_far: cost=142935364.70  viol=652786.7605  obj=795722125.21
[Run 18 | Gen 130] cur_best: cost=142935364.70  viol=652786.7605  obj=795722125.21 | best_so_far: cost=142935364.70  viol=652786.7605  obj=795722125.21
[Run 18 | Gen 131] cur_best: cost=142935364.70  viol=652786.7605  obj=795722125.21 | best_so_far: cost=142935364.70  viol=652786.7605  obj=795722125.21
[Run 18 | Gen 132] cur_best: cost=142935364.70  viol=652786.7605  obj=795722125.21 | best_so_far: cost=142935364.70  viol=652786.7605  obj=795722125.21
[Run 18 | FE 7936] best_local_obj=795722125.21  best_local_cost=142935364.70  best_local_viol=652786.7605
[Run 18 | Gen 133] cur_best: cost=142935364.70  viol=652786.7605  obj=795722125.21 | best_so_far: cost=142935364.70  viol=652786.7605  obj=795722125.21
[Run 18 | Gen 134] cur_best: cost=142935364.70  viol=652786.7605  obj=795722125.21 | best_so_far: cost=142935364.70  viol=652786.7605  obj=795722125.21
[Run 18 | Gen 135] cur_best: cost=142935364.70  viol=652786.7605  obj=795722125.21 | best_so_far: cost=142935364.70  viol=652786.7605  obj=795722125.21
[Run 18 | Gen 136] cur_best: cost=142935364.70  viol=652786.7605  obj=795722125.21 | best_so_far: cost=142935364.70  viol=652786.7605  obj=795722125.21
[Run 18 | FE 8192] best_local_obj=795722125.21  best_local_cost=142935364.70  best_local_viol=652786.7605
[Run 18 | Gen 137] cur_best: cost=142935364.70  viol=652786.7605  obj=795722125.21 | best_so_far: cost=142935364.70  viol=652786.7605  obj=795722125.21
[Run 18 | Gen 138] cur_best: cost=142935364.70  viol=652786.7605  obj=795722125.21 | best_so_far: cost=142935364.70  viol=652786.7605  obj=795722125.21
[Run 18 | Gen 139] cur_best: cost=142935364.70  viol=652786.7605  obj=795722125.21 | best_so_far: cost=142935364.70  viol=652786.7605  obj=795722125.21
[Run 18 | Gen 140] cur_best: cost=142935364.70  viol=652786.7605  obj=795722125.21 | best_so_far: cost=142935364.70  viol=652786.7605  obj=795722125.21
[Run 18 | FE 8448] best_local_obj=795722125.21  best_local_cost=142935364.70  best_local_viol=652786.7605
[Run 18 | Gen 141] cur_best: cost=142935364.70  viol=652786.7605  obj=795722125.21 | best_so_far: cost=142935364.70  viol=652786.7605  obj=795722125.21
[Run 18 | Gen 142] cur_best: cost=142935364.70  viol=652786.7605  obj=795722125.21 | best_so_far: cost=142935364.70  viol=652786.7605  obj=795722125.21
[Run 18 | Gen 143] cur_best: cost=142935364.70  viol=652786.7605  obj=795722125.21 | best_so_far: cost=142935364.70  viol=652786.7605  obj=795722125.21
[Run 18 | Gen 144] cur_best: cost=142935364.70  viol=652786.7605  obj=795722125.21 | best_so_far: cost=142935364.70  viol=652786.7605  obj=795722125.21
[Run 18 | Gen 145] cur_best: cost=142935364.70  viol=652786.7605  obj=795722125.21 | best_so_far: cost=142935364.70  viol=652786.7605  obj=795722125.21
[Run 18 | FE 8704] best_local_obj=795722125.21  best_local_cost=142935364.70  best_local_viol=652786.7605
[Run 18 | Gen 146] cur_best: cost=142935364.70  viol=652786.7605  obj=795722125.21 | best_so_far: cost=142935364.70  viol=652786.7605  obj=795722125.21
[Run 18 | Gen 147] cur_best: cost=142935364.70  viol=652786.7605  obj=795722125.21 | best_so_far: cost=142935364.70  viol=652786.7605  obj=795722125.21
[Run 18 | Gen 148] cur_best: cost=142935364.70  viol=652786.7605  obj=795722125.21 | best_so_far: cost=142935364.70  viol=652786.7605  obj=795722125.21
[Run 18 | Gen 149] cur_best: cost=142935364.70  viol=652786.7605  obj=795722125.21 | best_so_far: cost=142935364.70  viol=652786.7605  obj=795722125.21
[Run 18 | FE 8960] best_local_obj=795722125.21  best_local_cost=142935364.70  best_local_viol=652786.7605
[Run 18 | Gen 150] cur_best: cost=142935364.70  viol=652786.7605  obj=795722125.21 | best_so_far: cost=142935364.70  viol=652786.7605  obj=795722125.21
[Run 18 | Gen 151] cur_best: cost=142935364.70  viol=652786.7605  obj=795722125.21 | best_so_far: cost=142935364.70  viol=652786.7605  obj=795722125.21
[Run 18 | Gen 152] cur_best: cost=142935364.70  viol=652786.7605  obj=795722125.21 | best_so_far: cost=142935364.70  viol=652786.7605  obj=795722125.21
[Run 18 | Gen 153] cur_best: cost=142935364.70  viol=652786.7605  obj=795722125.21 | best_so_far: cost=142935364.70  viol=652786.7605  obj=795722125.21
[Run 18 | FE 9216] best_local_obj=795722125.21  best_local_cost=142935364.70  best_local_viol=652786.7605
[Run 18 | Gen 154] cur_best: cost=142935364.70  viol=652786.7605  obj=795722125.21 | best_so_far: cost=142935364.70  viol=652786.7605  obj=795722125.21
[Run 18 | Gen 155] cur_best: cost=142935364.70  viol=652786.7605  obj=795722125.21 | best_so_far: cost=142935364.70  viol=652786.7605  obj=795722125.21
[Run 18 | Gen 156] cur_best: cost=143303754.71  viol=620044.4405  obj=763348195.20 | best_so_far: cost=143303754.71  viol=620044.4405  obj=763348195.20
[Run 18 | Gen 157] cur_best: cost=143303754.71  viol=620044.4405  obj=763348195.20 | best_so_far: cost=143303754.71  viol=620044.4405  obj=763348195.20
[Run 18 | FE 9472] best_local_obj=763348195.20  best_local_cost=143303754.71  best_local_viol=620044.4405
[Run 18 | Gen 158] cur_best: cost=143303754.71  viol=620044.4405  obj=763348195.20 | best_so_far: cost=143303754.71  viol=620044.4405  obj=763348195.20
[Run 18 | Gen 159] cur_best: cost=143303754.71  viol=620044.4405  obj=763348195.20 | best_so_far: cost=143303754.71  viol=620044.4405  obj=763348195.20
[Run 18 | Gen 160] cur_best: cost=143303754.71  viol=620044.4405  obj=763348195.20 | best_so_far: cost=143303754.71  viol=620044.4405  obj=763348195.20
[Run 18 | Gen 161] cur_best: cost=143303754.71  viol=620044.4405  obj=763348195.20 | best_so_far: cost=143303754.71  viol=620044.4405  obj=763348195.20
[Run 18 | Gen 162] cur_best: cost=143303754.71  viol=620044.4405  obj=763348195.20 | best_so_far: cost=143303754.71  viol=620044.4405  obj=763348195.20
[Run 18 | FE 9728] best_local_obj=763348195.20  best_local_cost=143303754.71  best_local_viol=620044.4405
[Run 18 | Gen 163] cur_best: cost=143303754.71  viol=620044.4405  obj=763348195.20 | best_so_far: cost=143303754.71  viol=620044.4405  obj=763348195.20
[Run 18 | Gen 164] cur_best: cost=143303754.71  viol=620044.4405  obj=763348195.20 | best_so_far: cost=143303754.71  viol=620044.4405  obj=763348195.20
[Run 18 | Gen 165] cur_best: cost=143303754.71  viol=620044.4405  obj=763348195.20 | best_so_far: cost=143303754.71  viol=620044.4405  obj=763348195.20
[Run 18 | Gen 166] cur_best: cost=143303754.71  viol=620044.4405  obj=763348195.20 | best_so_far: cost=143303754.71  viol=620044.4405  obj=763348195.20
[Run 18 | FE 9984] best_local_obj=763348195.20  best_local_cost=143303754.71  best_local_viol=620044.4405
[Run 18 | Gen 167] cur_best: cost=143303754.71  viol=620044.4405  obj=763348195.20 | best_so_far: cost=143303754.71  viol=620044.4405  obj=763348195.20
[Run 18 | Gen 168] cur_best: cost=143303754.71  viol=620044.4405  obj=763348195.20 | best_so_far: cost=143303754.71  viol=620044.4405  obj=763348195.20
[Run 18 | Gen 169] cur_best: cost=143303754.71  viol=620044.4405  obj=763348195.20 | best_so_far: cost=143303754.71  viol=620044.4405  obj=763348195.20
[Run 18 | Gen 170] cur_best: cost=143303754.71  viol=620044.4405  obj=763348195.20 | best_so_far: cost=143303754.71  viol=620044.4405  obj=763348195.20
[Run 18 | FE 10240] best_local_obj=763348195.20  best_local_cost=143303754.71  best_local_viol=620044.4405
[Run 18 | Gen 171] cur_best: cost=143303754.71  viol=620044.4405  obj=763348195.20 | best_so_far: cost=143303754.71  viol=620044.4405  obj=763348195.20
[Run 18 | Gen 172] cur_best: cost=143303754.71  viol=620044.4405  obj=763348195.20 | best_so_far: cost=143303754.71  viol=620044.4405  obj=763348195.20
[Run 18 | Gen 173] cur_best: cost=143303754.71  viol=620044.4405  obj=763348195.20 | best_so_far: cost=143303754.71  viol=620044.4405  obj=763348195.20
[Run 18 | Gen 174] cur_best: cost=143303754.71  viol=620044.4405  obj=763348195.20 | best_so_far: cost=143303754.71  viol=620044.4405  obj=763348195.20
[Run 18 | FE 10496] best_local_obj=763348195.20  best_local_cost=143303754.71  best_local_viol=620044.4405
[Run 18 | Gen 175] cur_best: cost=143303754.71  viol=620044.4405  obj=763348195.20 | best_so_far: cost=143303754.71  viol=620044.4405  obj=763348195.20
[Run 18 | Gen 176] cur_best: cost=143303754.71  viol=620044.4405  obj=763348195.20 | best_so_far: cost=143303754.71  viol=620044.4405  obj=763348195.20
[Run 18 | Gen 177] cur_best: cost=143303754.71  viol=620044.4405  obj=763348195.20 | best_so_far: cost=143303754.71  viol=620044.4405  obj=763348195.20
[Run 18 | Gen 178] cur_best: cost=143303754.71  viol=620044.4405  obj=763348195.20 | best_so_far: cost=143303754.71  viol=620044.4405  obj=763348195.20
[Run 18 | Gen 179] cur_best: cost=143303754.71  viol=620044.4405  obj=763348195.20 | best_so_far: cost=143303754.71  viol=620044.4405  obj=763348195.20
[Run 18 | FE 10752] best_local_obj=763348195.20  best_local_cost=143303754.71  best_local_viol=620044.4405
[Run 18 | Gen 180] cur_best: cost=143303754.71  viol=620044.4405  obj=763348195.20 | best_so_far: cost=143303754.71  viol=620044.4405  obj=763348195.20
[Run 18 | Gen 181] cur_best: cost=143303754.71  viol=620044.4405  obj=763348195.20 | best_so_far: cost=143303754.71  viol=620044.4405  obj=763348195.20
[Run 18 | Gen 182] cur_best: cost=143303754.71  viol=620044.4405  obj=763348195.20 | best_so_far: cost=143303754.71  viol=620044.4405  obj=763348195.20
[Run 18 | Gen 183] cur_best: cost=143303754.71  viol=620044.4405  obj=763348195.20 | best_so_far: cost=143303754.71  viol=620044.4405  obj=763348195.20
[Run 18 | FE 11008] best_local_obj=763348195.20  best_local_cost=143303754.71  best_local_viol=620044.4405
[Run 18 | Gen 184] cur_best: cost=143303754.71  viol=620044.4405  obj=763348195.20 | best_so_far: cost=143303754.71  viol=620044.4405  obj=763348195.20
[Run 18 | Gen 185] cur_best: cost=143303754.71  viol=620044.4405  obj=763348195.20 | best_so_far: cost=143303754.71  viol=620044.4405  obj=763348195.20
[Run 18 | Gen 186] cur_best: cost=143303754.71  viol=620044.4405  obj=763348195.20 | best_so_far: cost=143303754.71  viol=620044.4405  obj=763348195.20
[Run 18 | Gen 187] cur_best: cost=143303754.71  viol=620044.4405  obj=763348195.20 | best_so_far: cost=143303754.71  viol=620044.4405  obj=763348195.20
[Run 18 | FE 11264] best_local_obj=763348195.20  best_local_cost=143303754.71  best_local_viol=620044.4405
[Run 18 | Gen 188] cur_best: cost=143303754.71  viol=620044.4405  obj=763348195.20 | best_so_far: cost=143303754.71  viol=620044.4405  obj=763348195.20
[Run 18 | Gen 189] cur_best: cost=143303754.71  viol=620044.4405  obj=763348195.20 | best_so_far: cost=143303754.71  viol=620044.4405  obj=763348195.20
[Run 18 | Gen 190] cur_best: cost=143303754.71  viol=620044.4405  obj=763348195.20 | best_so_far: cost=143303754.71  viol=620044.4405  obj=763348195.20
[Run 18 | Gen 191] cur_best: cost=143303754.71  viol=620044.4405  obj=763348195.20 | best_so_far: cost=143303754.71  viol=620044.4405  obj=763348195.20
[Run 18 | FE 11520] best_local_obj=763348195.20  best_local_cost=143303754.71  best_local_viol=620044.4405
[Run 18 | Gen 192] cur_best: cost=143303754.71  viol=620044.4405  obj=763348195.20 | best_so_far: cost=143303754.71  viol=620044.4405  obj=763348195.20
[Run 18 | Gen 193] cur_best: cost=143303754.71  viol=620044.4405  obj=763348195.20 | best_so_far: cost=143303754.71  viol=620044.4405  obj=763348195.20
[Run 18 | Gen 194] cur_best: cost=143303754.71  viol=620044.4405  obj=763348195.20 | best_so_far: cost=143303754.71  viol=620044.4405  obj=763348195.20
[Run 18 | Gen 195] cur_best: cost=143303754.71  viol=620044.4405  obj=763348195.20 | best_so_far: cost=143303754.71  viol=620044.4405  obj=763348195.20
[Run 18 | Gen 196] cur_best: cost=143303754.71  viol=620044.4405  obj=763348195.20 | best_so_far: cost=143303754.71  viol=620044.4405  obj=763348195.20
[Run 18 | FE 11776] best_local_obj=763348195.20  best_local_cost=143303754.71  best_local_viol=620044.4405
[Run 18 | Gen 197] cur_best: cost=143303754.71  viol=620044.4405  obj=763348195.20 | best_so_far: cost=143303754.71  viol=620044.4405  obj=763348195.20
[Run 18 | Gen 198] cur_best: cost=143303754.71  viol=620044.4405  obj=763348195.20 | best_so_far: cost=143303754.71  viol=620044.4405  obj=763348195.20
[Run 18 | Gen 199] cur_best: cost=143303754.71  viol=620044.4405  obj=763348195.20 | best_so_far: cost=143303754.71  viol=620044.4405  obj=763348195.20
[Run 18 | Gen 200] cur_best: cost=143303754.71  viol=620044.4405  obj=763348195.20 | best_so_far: cost=143303754.71  viol=620044.4405  obj=763348195.20
[Run 18 | FE 12032] best_local_obj=763348195.20  best_local_cost=143303754.71  best_local_viol=620044.4405
[Run 18 | Gen 201] cur_best: cost=143303754.71  viol=620044.4405  obj=763348195.20 | best_so_far: cost=143303754.71  viol=620044.4405  obj=763348195.20
[Run 18 | Gen 202] cur_best: cost=143303754.71  viol=620044.4405  obj=763348195.20 | best_so_far: cost=143303754.71  viol=620044.4405  obj=763348195.20
[Run 18 | Gen 203] cur_best: cost=143303754.71  viol=620044.4405  obj=763348195.20 | best_so_far: cost=143303754.71  viol=620044.4405  obj=763348195.20
[Run 18 | Gen 204] cur_best: cost=143303754.71  viol=620044.4405  obj=763348195.20 | best_so_far: cost=143303754.71  viol=620044.4405  obj=763348195.20
[Run 18 | FE 12288] best_local_obj=763348195.20  best_local_cost=143303754.71  best_local_viol=620044.4405
[Run 18 | Gen 205] cur_best: cost=146527169.39  viol=592866.4297  obj=739393599.14 | best_so_far: cost=146527169.39  viol=592866.4297  obj=739393599.14
[Run 18 | Gen 206] cur_best: cost=146527169.39  viol=592866.4297  obj=739393599.14 | best_so_far: cost=146527169.39  viol=592866.4297  obj=739393599.14
[Run 18 | Gen 207] cur_best: cost=146527169.39  viol=592866.4297  obj=739393599.14 | best_so_far: cost=146527169.39  viol=592866.4297  obj=739393599.14
[Run 18 | Gen 208] cur_best: cost=146527169.39  viol=592866.4297  obj=739393599.14 | best_so_far: cost=146527169.39  viol=592866.4297  obj=739393599.14
[Run 18 | Gen 209] cur_best: cost=146527169.39  viol=592866.4297  obj=739393599.14 | best_so_far: cost=146527169.39  viol=592866.4297  obj=739393599.14
[Run 18 | FE 12544] best_local_obj=739393599.14  best_local_cost=146527169.39  best_local_viol=592866.4297
[Run 18 | Gen 210] cur_best: cost=146527169.39  viol=592866.4297  obj=739393599.14 | best_so_far: cost=146527169.39  viol=592866.4297  obj=739393599.14
[Run 18 | Gen 211] cur_best: cost=146527169.39  viol=592866.4297  obj=739393599.14 | best_so_far: cost=146527169.39  viol=592866.4297  obj=739393599.14
[Run 18 | Gen 212] cur_best: cost=146527169.39  viol=592866.4297  obj=739393599.14 | best_so_far: cost=146527169.39  viol=592866.4297  obj=739393599.14
[Run 18 | Gen 213] cur_best: cost=146527169.39  viol=592866.4297  obj=739393599.14 | best_so_far: cost=146527169.39  viol=592866.4297  obj=739393599.14
[Run 18 | FE 12800] best_local_obj=739393599.14  best_local_cost=146527169.39  best_local_viol=592866.4297
[Run 18 | Gen 214] cur_best: cost=146527169.39  viol=592866.4297  obj=739393599.14 | best_so_far: cost=146527169.39  viol=592866.4297  obj=739393599.14

[Stop] reached max_total_fe=12800.

[Run 18] best_global_cost=146527169.3918, best_global_viol=592866.429745, best_global_obj=739393599.1365
[Done] summary=/work/home/acn1eb8nfq/yuezhang46/GFcode/GF实验一：横向对比/ga_global_logs/run_18_seed_1018/runs_summary.csv
