[RunConfig] run_id=15 seed=1015
[OutputDir] /work/home/acn1eb8nfq/yuezhang46/GFcode/GF实验一：横向对比/ga_global_logs/run_15_seed_1015
[Info] #nodes = 1810
[Load] Reading scenarios ...
  - spring: raw edges=3686, days=31
  - summer: raw edges=3686, days=30
  - autumn: raw edges=3686, days=31
  - winter: raw edges=3686, days=30
[Filter] EDGE_WEIGHT_MIN=1.0
  - active_nodes=1450  inactive_nodes(fixed NONE)=360
  - spring: removed=2281, kept=1405
  - summer: removed=2206, kept=1480
  - autumn: removed=2131, kept=1555
  - winter: removed=2189, kept=1497
  - spring: filtered edges (active subgraph)=1405
  - summer: filtered edges (active subgraph)=1480
  - autumn: filtered edges (active subgraph)=1555
  - winter: filtered edges (active subgraph)=1497
[GA] Initialize population ...
[GA] Init population generated.
[GA] Evolve under FE budget ...
[Run 15 | Gen 1] cur_best: cost=81137876.43  viol=1352019.6808  obj=1433157557.20 | best_so_far: cost=81137876.43  viol=1352019.6808  obj=1433157557.20
[Run 15 | Gen 2] cur_best: cost=85650657.99  viol=1230378.6257  obj=1316029283.74 | best_so_far: cost=85650657.99  viol=1230378.6257  obj=1316029283.74
[Run 15 | Gen 3] cur_best: cost=86479541.79  viol=1206675.1910  obj=1293154732.79 | best_so_far: cost=86479541.79  viol=1206675.1910  obj=1293154732.79
[Run 15 | Gen 4] cur_best: cost=86479541.79  viol=1206675.1910  obj=1293154732.79 | best_so_far: cost=86479541.79  viol=1206675.1910  obj=1293154732.79
[Run 15 | FE 256] best_local_obj=1293154732.79  best_local_cost=86479541.79  best_local_viol=1206675.1910
[Run 15 | Gen 5] cur_best: cost=86479541.79  viol=1206675.1910  obj=1293154732.79 | best_so_far: cost=86479541.79  viol=1206675.1910  obj=1293154732.79
[Run 15 | Gen 6] cur_best: cost=86479541.79  viol=1206675.1910  obj=1293154732.79 | best_so_far: cost=86479541.79  viol=1206675.1910  obj=1293154732.79
[Run 15 | Gen 7] cur_best: cost=98820616.68  viol=1067785.8668  obj=1166606483.47 | best_so_far: cost=98820616.68  viol=1067785.8668  obj=1166606483.47
[Run 15 | Gen 8] cur_best: cost=98820616.68  viol=1067785.8668  obj=1166606483.47 | best_so_far: cost=98820616.68  viol=1067785.8668  obj=1166606483.47
[Run 15 | FE 512] best_local_obj=1166606483.47  best_local_cost=98820616.68  best_local_viol=1067785.8668
[Run 15 | Gen 9] cur_best: cost=98820616.68  viol=1067785.8668  obj=1166606483.47 | best_so_far: cost=98820616.68  viol=1067785.8668  obj=1166606483.47
[Run 15 | Gen 10] cur_best: cost=98820616.68  viol=1067785.8668  obj=1166606483.47 | best_so_far: cost=98820616.68  viol=1067785.8668  obj=1166606483.47
[Run 15 | Gen 11] cur_best: cost=109596037.79  viol=1055711.6018  obj=1165307639.56 | best_so_far: cost=109596037.79  viol=1055711.6018  obj=1165307639.56
[Run 15 | Gen 12] cur_best: cost=104991155.13  viol=1011930.2611  obj=1116921416.24 | best_so_far: cost=104991155.13  viol=1011930.2611  obj=1116921416.24
[Run 15 | FE 768] best_local_obj=1116921416.24  best_local_cost=104991155.13  best_local_viol=1011930.2611
[Run 15 | Gen 13] cur_best: cost=111253788.66  viol=980151.9004  obj=1091405689.09 | best_so_far: cost=111253788.66  viol=980151.9004  obj=1091405689.09
[Run 15 | Gen 14] cur_best: cost=111253788.66  viol=980151.9004  obj=1091405689.09 | best_so_far: cost=111253788.66  viol=980151.9004  obj=1091405689.09
[Run 15 | Gen 15] cur_best: cost=119910963.78  viol=965659.1017  obj=1085570065.50 | best_so_far: cost=119910963.78  viol=965659.1017  obj=1085570065.50
[Run 15 | Gen 16] cur_best: cost=119910963.78  viol=965659.1017  obj=1085570065.50 | best_so_far: cost=119910963.78  viol=965659.1017  obj=1085570065.50
[Run 15 | Gen 17] cur_best: cost=120187255.36  viol=929703.6298  obj=1049890885.13 | best_so_far: cost=120187255.36  viol=929703.6298  obj=1049890885.13
[Run 15 | FE 1024] best_local_obj=1049890885.13  best_local_cost=120187255.36  best_local_viol=929703.6298
[Run 15 | Gen 18] cur_best: cost=120187255.36  viol=929703.6298  obj=1049890885.13 | best_so_far: cost=120187255.36  viol=929703.6298  obj=1049890885.13
[Run 15 | Gen 19] cur_best: cost=120187255.36  viol=929703.6298  obj=1049890885.13 | best_so_far: cost=120187255.36  viol=929703.6298  obj=1049890885.13
[Run 15 | Gen 20] cur_best: cost=118529500.15  viol=917358.1443  obj=1035887644.47 | best_so_far: cost=118529500.15  viol=917358.1443  obj=1035887644.47
[Run 15 | Gen 21] cur_best: cost=118529500.15  viol=917358.1443  obj=1035887644.47 | best_so_far: cost=118529500.15  viol=917358.1443  obj=1035887644.47
[Run 15 | FE 1280] best_local_obj=1035887644.47  best_local_cost=118529500.15  best_local_viol=917358.1443
[Run 15 | Gen 22] cur_best: cost=127370871.78  viol=879904.4514  obj=1007275323.20 | best_so_far: cost=127370871.78  viol=879904.4514  obj=1007275323.20
[Run 15 | Gen 23] cur_best: cost=127370871.78  viol=879904.4514  obj=1007275323.20 | best_so_far: cost=127370871.78  viol=879904.4514  obj=1007275323.20
[Run 15 | Gen 24] cur_best: cost=127370871.78  viol=879904.4514  obj=1007275323.20 | best_so_far: cost=127370871.78  viol=879904.4514  obj=1007275323.20
[Run 15 | Gen 25] cur_best: cost=127370871.78  viol=879904.4514  obj=1007275323.20 | best_so_far: cost=127370871.78  viol=879904.4514  obj=1007275323.20
[Run 15 | FE 1536] best_local_obj=1007275323.20  best_local_cost=127370871.78  best_local_viol=879904.4514
[Run 15 | Gen 26] cur_best: cost=127370871.78  viol=879904.4514  obj=1007275323.20 | best_so_far: cost=127370871.78  viol=879904.4514  obj=1007275323.20
[Run 15 | Gen 27] cur_best: cost=127370871.78  viol=879904.4514  obj=1007275323.20 | best_so_far: cost=127370871.78  viol=879904.4514  obj=1007275323.20
[Run 15 | Gen 28] cur_best: cost=127370871.78  viol=879904.4514  obj=1007275323.20 | best_so_far: cost=127370871.78  viol=879904.4514  obj=1007275323.20
[Run 15 | Gen 29] cur_best: cost=132436237.52  viol=864314.5215  obj=996750759.00 | best_so_far: cost=132436237.52  viol=864314.5215  obj=996750759.00
[Run 15 | FE 1792] best_local_obj=996750759.00  best_local_cost=132436237.52  best_local_viol=864314.5215
[Run 15 | Gen 30] cur_best: cost=132436237.52  viol=864314.5215  obj=996750759.00 | best_so_far: cost=132436237.52  viol=864314.5215  obj=996750759.00
[Run 15 | Gen 31] cur_best: cost=132436237.52  viol=864314.5215  obj=996750759.00 | best_so_far: cost=132436237.52  viol=864314.5215  obj=996750759.00
[Run 15 | Gen 32] cur_best: cost=132436237.52  viol=864314.5215  obj=996750759.00 | best_so_far: cost=132436237.52  viol=864314.5215  obj=996750759.00
[Run 15 | Gen 33] cur_best: cost=132436237.52  viol=864314.5215  obj=996750759.00 | best_so_far: cost=132436237.52  viol=864314.5215  obj=996750759.00
[Run 15 | Gen 34] cur_best: cost=132436237.52  viol=864314.5215  obj=996750759.00 | best_so_far: cost=132436237.52  viol=864314.5215  obj=996750759.00
[Run 15 | FE 2048] best_local_obj=996750759.00  best_local_cost=132436237.52  best_local_viol=864314.5215
[Run 15 | Gen 35] cur_best: cost=128383945.39  viol=860251.1977  obj=988635143.13 | best_so_far: cost=128383945.39  viol=860251.1977  obj=988635143.13
[Run 15 | Gen 36] cur_best: cost=133817700.14  viol=808841.1212  obj=942658821.33 | best_so_far: cost=133817700.14  viol=808841.1212  obj=942658821.33
[Run 15 | Gen 37] cur_best: cost=133817700.14  viol=808841.1212  obj=942658821.33 | best_so_far: cost=133817700.14  viol=808841.1212  obj=942658821.33
[Run 15 | Gen 38] cur_best: cost=133817700.14  viol=808841.1212  obj=942658821.33 | best_so_far: cost=133817700.14  viol=808841.1212  obj=942658821.33
[Run 15 | FE 2304] best_local_obj=942658821.33  best_local_cost=133817700.14  best_local_viol=808841.1212
[Run 15 | Gen 39] cur_best: cost=133817700.14  viol=808841.1212  obj=942658821.33 | best_so_far: cost=133817700.14  viol=808841.1212  obj=942658821.33
[Run 15 | Gen 40] cur_best: cost=133817700.14  viol=808841.1212  obj=942658821.33 | best_so_far: cost=133817700.14  viol=808841.1212  obj=942658821.33
[Run 15 | Gen 41] cur_best: cost=133817700.14  viol=808841.1212  obj=942658821.33 | best_so_far: cost=133817700.14  viol=808841.1212  obj=942658821.33
[Run 15 | Gen 42] cur_best: cost=133817700.14  viol=808841.1212  obj=942658821.33 | best_so_far: cost=133817700.14  viol=808841.1212  obj=942658821.33
[Run 15 | FE 2560] best_local_obj=942658821.33  best_local_cost=133817700.14  best_local_viol=808841.1212
[Run 15 | Gen 43] cur_best: cost=133817700.14  viol=808841.1212  obj=942658821.33 | best_so_far: cost=133817700.14  viol=808841.1212  obj=942658821.33
[Run 15 | Gen 44] cur_best: cost=133817700.14  viol=808841.1212  obj=942658821.33 | best_so_far: cost=133817700.14  viol=808841.1212  obj=942658821.33
[Run 15 | Gen 45] cur_best: cost=133817700.14  viol=808841.1212  obj=942658821.33 | best_so_far: cost=133817700.14  viol=808841.1212  obj=942658821.33
[Run 15 | Gen 46] cur_best: cost=133817700.14  viol=808841.1212  obj=942658821.33 | best_so_far: cost=133817700.14  viol=808841.1212  obj=942658821.33
[Run 15 | FE 2816] best_local_obj=942658821.33  best_local_cost=133817700.14  best_local_viol=808841.1212
[Run 15 | Gen 47] cur_best: cost=133817700.14  viol=808841.1212  obj=942658821.33 | best_so_far: cost=133817700.14  viol=808841.1212  obj=942658821.33
[Run 15 | Gen 48] cur_best: cost=133817700.14  viol=808841.1212  obj=942658821.33 | best_so_far: cost=133817700.14  viol=808841.1212  obj=942658821.33
[Run 15 | Gen 49] cur_best: cost=133817700.14  viol=808841.1212  obj=942658821.33 | best_so_far: cost=133817700.14  viol=808841.1212  obj=942658821.33
[Run 15 | Gen 50] cur_best: cost=133817700.14  viol=808841.1212  obj=942658821.33 | best_so_far: cost=133817700.14  viol=808841.1212  obj=942658821.33
[Run 15 | Gen 51] cur_best: cost=133817700.14  viol=808841.1212  obj=942658821.33 | best_so_far: cost=133817700.14  viol=808841.1212  obj=942658821.33
[Run 15 | FE 3072] best_local_obj=942658821.33  best_local_cost=133817700.14  best_local_viol=808841.1212
[Run 15 | Gen 52] cur_best: cost=133817700.14  viol=808841.1212  obj=942658821.33 | best_so_far: cost=133817700.14  viol=808841.1212  obj=942658821.33
[Run 15 | Gen 53] cur_best: cost=133817700.14  viol=808841.1212  obj=942658821.33 | best_so_far: cost=133817700.14  viol=808841.1212  obj=942658821.33
[Run 15 | Gen 54] cur_best: cost=133817700.14  viol=808841.1212  obj=942658821.33 | best_so_far: cost=133817700.14  viol=808841.1212  obj=942658821.33
[Run 15 | Gen 55] cur_best: cost=133817700.14  viol=808841.1212  obj=942658821.33 | best_so_far: cost=133817700.14  viol=808841.1212  obj=942658821.33
[Run 15 | FE 3328] best_local_obj=942658821.33  best_local_cost=133817700.14  best_local_viol=808841.1212
[Run 15 | Gen 56] cur_best: cost=133817700.14  viol=808841.1212  obj=942658821.33 | best_so_far: cost=133817700.14  viol=808841.1212  obj=942658821.33
[Run 15 | Gen 57] cur_best: cost=133817700.14  viol=808841.1212  obj=942658821.33 | best_so_far: cost=133817700.14  viol=808841.1212  obj=942658821.33
[Run 15 | Gen 58] cur_best: cost=133817700.14  viol=808841.1212  obj=942658821.33 | best_so_far: cost=133817700.14  viol=808841.1212  obj=942658821.33
[Run 15 | Gen 59] cur_best: cost=133817700.14  viol=808841.1212  obj=942658821.33 | best_so_far: cost=133817700.14  viol=808841.1212  obj=942658821.33
[Run 15 | FE 3584] best_local_obj=942658821.33  best_local_cost=133817700.14  best_local_viol=808841.1212
[Run 15 | Gen 60] cur_best: cost=133817700.14  viol=808841.1212  obj=942658821.33 | best_so_far: cost=133817700.14  viol=808841.1212  obj=942658821.33
[Run 15 | Gen 61] cur_best: cost=133817700.14  viol=808841.1212  obj=942658821.33 | best_so_far: cost=133817700.14  viol=808841.1212  obj=942658821.33
[Run 15 | Gen 62] cur_best: cost=133817700.14  viol=808841.1212  obj=942658821.33 | best_so_far: cost=133817700.14  viol=808841.1212  obj=942658821.33
[Run 15 | Gen 63] cur_best: cost=133817700.14  viol=808841.1212  obj=942658821.33 | best_so_far: cost=133817700.14  viol=808841.1212  obj=942658821.33
[Run 15 | FE 3840] best_local_obj=858751278.34  best_local_cost=140632918.85  best_local_viol=718118.3595
[Run 15 | Gen 64] cur_best: cost=140632918.85  viol=718118.3595  obj=858751278.34 | best_so_far: cost=140632918.85  viol=718118.3595  obj=858751278.34
[Run 15 | Gen 65] cur_best: cost=140632918.85  viol=718118.3595  obj=858751278.34 | best_so_far: cost=140632918.85  viol=718118.3595  obj=858751278.34
[Run 15 | Gen 66] cur_best: cost=140632918.85  viol=718118.3595  obj=858751278.34 | best_so_far: cost=140632918.85  viol=718118.3595  obj=858751278.34
[Run 15 | Gen 67] cur_best: cost=140632918.85  viol=718118.3595  obj=858751278.34 | best_so_far: cost=140632918.85  viol=718118.3595  obj=858751278.34
[Run 15 | Gen 68] cur_best: cost=140632918.85  viol=718118.3595  obj=858751278.34 | best_so_far: cost=140632918.85  viol=718118.3595  obj=858751278.34
[Run 15 | FE 4096] best_local_obj=858751278.34  best_local_cost=140632918.85  best_local_viol=718118.3595
[Run 15 | Gen 69] cur_best: cost=140632918.85  viol=718118.3595  obj=858751278.34 | best_so_far: cost=140632918.85  viol=718118.3595  obj=858751278.34
[Run 15 | Gen 70] cur_best: cost=140632918.85  viol=718118.3595  obj=858751278.34 | best_so_far: cost=140632918.85  viol=718118.3595  obj=858751278.34
[Run 15 | Gen 71] cur_best: cost=140632918.85  viol=718118.3595  obj=858751278.34 | best_so_far: cost=140632918.85  viol=718118.3595  obj=858751278.34
[Run 15 | Gen 72] cur_best: cost=140632918.85  viol=718118.3595  obj=858751278.34 | best_so_far: cost=140632918.85  viol=718118.3595  obj=858751278.34
[Run 15 | FE 4352] best_local_obj=858751278.34  best_local_cost=140632918.85  best_local_viol=718118.3595
[Run 15 | Gen 73] cur_best: cost=140632918.85  viol=718118.3595  obj=858751278.34 | best_so_far: cost=140632918.85  viol=718118.3595  obj=858751278.34
[Run 15 | Gen 74] cur_best: cost=140632918.85  viol=718118.3595  obj=858751278.34 | best_so_far: cost=140632918.85  viol=718118.3595  obj=858751278.34
[Run 15 | Gen 75] cur_best: cost=140632918.85  viol=718118.3595  obj=858751278.34 | best_so_far: cost=140632918.85  viol=718118.3595  obj=858751278.34
[Run 15 | Gen 76] cur_best: cost=140632918.85  viol=718118.3595  obj=858751278.34 | best_so_far: cost=140632918.85  viol=718118.3595  obj=858751278.34
[Run 15 | FE 4608] best_local_obj=858751278.34  best_local_cost=140632918.85  best_local_viol=718118.3595
[Run 15 | Gen 77] cur_best: cost=140632918.85  viol=718118.3595  obj=858751278.34 | best_so_far: cost=140632918.85  viol=718118.3595  obj=858751278.34
[Run 15 | Gen 78] cur_best: cost=140632918.85  viol=718118.3595  obj=858751278.34 | best_so_far: cost=140632918.85  viol=718118.3595  obj=858751278.34
[Run 15 | Gen 79] cur_best: cost=140632918.85  viol=718118.3595  obj=858751278.34 | best_so_far: cost=140632918.85  viol=718118.3595  obj=858751278.34
[Run 15 | Gen 80] cur_best: cost=140632918.85  viol=718118.3595  obj=858751278.34 | best_so_far: cost=140632918.85  viol=718118.3595  obj=858751278.34
[Run 15 | Gen 81] cur_best: cost=140632918.85  viol=718118.3595  obj=858751278.34 | best_so_far: cost=140632918.85  viol=718118.3595  obj=858751278.34
[Run 15 | FE 4864] best_local_obj=858751278.34  best_local_cost=140632918.85  best_local_viol=718118.3595
[Run 15 | Gen 82] cur_best: cost=140632918.85  viol=718118.3595  obj=858751278.34 | best_so_far: cost=140632918.85  viol=718118.3595  obj=858751278.34
[Run 15 | Gen 83] cur_best: cost=140632918.85  viol=718118.3595  obj=858751278.34 | best_so_far: cost=140632918.85  viol=718118.3595  obj=858751278.34
[Run 15 | Gen 84] cur_best: cost=140632918.85  viol=718118.3595  obj=858751278.34 | best_so_far: cost=140632918.85  viol=718118.3595  obj=858751278.34
[Run 15 | Gen 85] cur_best: cost=140632918.85  viol=718118.3595  obj=858751278.34 | best_so_far: cost=140632918.85  viol=718118.3595  obj=858751278.34
[Run 15 | FE 5120] best_local_obj=858751278.34  best_local_cost=140632918.85  best_local_viol=718118.3595
[Run 15 | Gen 86] cur_best: cost=139067260.05  viol=714158.5619  obj=853225821.94 | best_so_far: cost=139067260.05  viol=714158.5619  obj=853225821.94
[Run 15 | Gen 87] cur_best: cost=139067260.05  viol=714158.5619  obj=853225821.94 | best_so_far: cost=139067260.05  viol=714158.5619  obj=853225821.94
[Run 15 | Gen 88] cur_best: cost=139067260.05  viol=714158.5619  obj=853225821.94 | best_so_far: cost=139067260.05  viol=714158.5619  obj=853225821.94
[Run 15 | Gen 89] cur_best: cost=139067260.05  viol=714158.5619  obj=853225821.94 | best_so_far: cost=139067260.05  viol=714158.5619  obj=853225821.94
[Run 15 | FE 5376] best_local_obj=853225821.94  best_local_cost=139067260.05  best_local_viol=714158.5619
[Run 15 | Gen 90] cur_best: cost=139067260.05  viol=714158.5619  obj=853225821.94 | best_so_far: cost=139067260.05  viol=714158.5619  obj=853225821.94
[Run 15 | Gen 91] cur_best: cost=139067260.05  viol=714158.5619  obj=853225821.94 | best_so_far: cost=139067260.05  viol=714158.5619  obj=853225821.94
[Run 15 | Gen 92] cur_best: cost=139067260.05  viol=714158.5619  obj=853225821.94 | best_so_far: cost=139067260.05  viol=714158.5619  obj=853225821.94
[Run 15 | Gen 93] cur_best: cost=139067260.05  viol=714158.5619  obj=853225821.94 | best_so_far: cost=139067260.05  viol=714158.5619  obj=853225821.94
[Run 15 | FE 5632] best_local_obj=853225821.94  best_local_cost=139067260.05  best_local_viol=714158.5619
[Run 15 | Gen 94] cur_best: cost=139067260.05  viol=714158.5619  obj=853225821.94 | best_so_far: cost=139067260.05  viol=714158.5619  obj=853225821.94
[Run 15 | Gen 95] cur_best: cost=139067260.05  viol=714158.5619  obj=853225821.94 | best_so_far: cost=139067260.05  viol=714158.5619  obj=853225821.94
[Run 15 | Gen 96] cur_best: cost=139067260.05  viol=714158.5619  obj=853225821.94 | best_so_far: cost=139067260.05  viol=714158.5619  obj=853225821.94
[Run 15 | Gen 97] cur_best: cost=139067260.05  viol=714158.5619  obj=853225821.94 | best_so_far: cost=139067260.05  viol=714158.5619  obj=853225821.94
[Run 15 | Gen 98] cur_best: cost=139067260.05  viol=714158.5619  obj=853225821.94 | best_so_far: cost=139067260.05  viol=714158.5619  obj=853225821.94
[Run 15 | FE 5888] best_local_obj=853225821.94  best_local_cost=139067260.05  best_local_viol=714158.5619
[Run 15 | Gen 99] cur_best: cost=139067260.05  viol=714158.5619  obj=853225821.94 | best_so_far: cost=139067260.05  viol=714158.5619  obj=853225821.94
[Run 15 | Gen 100] cur_best: cost=139067260.05  viol=714158.5619  obj=853225821.94 | best_so_far: cost=139067260.05  viol=714158.5619  obj=853225821.94
[Run 15 | Gen 101] cur_best: cost=139067260.05  viol=714158.5619  obj=853225821.94 | best_so_far: cost=139067260.05  viol=714158.5619  obj=853225821.94
[Run 15 | Gen 102] cur_best: cost=139067260.05  viol=714158.5619  obj=853225821.94 | best_so_far: cost=139067260.05  viol=714158.5619  obj=853225821.94
[Run 15 | FE 6144] best_local_obj=853225821.94  best_local_cost=139067260.05  best_local_viol=714158.5619
[Run 15 | Gen 103] cur_best: cost=139067260.05  viol=714158.5619  obj=853225821.94 | best_so_far: cost=139067260.05  viol=714158.5619  obj=853225821.94
[Run 15 | Gen 104] cur_best: cost=139067260.05  viol=714158.5619  obj=853225821.94 | best_so_far: cost=139067260.05  viol=714158.5619  obj=853225821.94
[Run 15 | Gen 105] cur_best: cost=139067260.05  viol=714158.5619  obj=853225821.94 | best_so_far: cost=139067260.05  viol=714158.5619  obj=853225821.94
[Run 15 | Gen 106] cur_best: cost=139067260.05  viol=714158.5619  obj=853225821.94 | best_so_far: cost=139067260.05  viol=714158.5619  obj=853225821.94
[Run 15 | FE 6400] best_local_obj=853225821.94  best_local_cost=139067260.05  best_local_viol=714158.5619
[Run 15 | Gen 107] cur_best: cost=139067260.05  viol=714158.5619  obj=853225821.94 | best_so_far: cost=139067260.05  viol=714158.5619  obj=853225821.94
[Run 15 | Gen 108] cur_best: cost=139067260.05  viol=714158.5619  obj=853225821.94 | best_so_far: cost=139067260.05  viol=714158.5619  obj=853225821.94
[Run 15 | Gen 109] cur_best: cost=139067260.05  viol=714158.5619  obj=853225821.94 | best_so_far: cost=139067260.05  viol=714158.5619  obj=853225821.94
[Run 15 | Gen 110] cur_best: cost=139067260.05  viol=714158.5619  obj=853225821.94 | best_so_far: cost=139067260.05  viol=714158.5619  obj=853225821.94
[Run 15 | FE 6656] best_local_obj=853225821.94  best_local_cost=139067260.05  best_local_viol=714158.5619
[Run 15 | Gen 111] cur_best: cost=139067260.05  viol=714158.5619  obj=853225821.94 | best_so_far: cost=139067260.05  viol=714158.5619  obj=853225821.94
[Run 15 | Gen 112] cur_best: cost=139067260.05  viol=714158.5619  obj=853225821.94 | best_so_far: cost=139067260.05  viol=714158.5619  obj=853225821.94
[Run 15 | Gen 113] cur_best: cost=139067260.05  viol=714158.5619  obj=853225821.94 | best_so_far: cost=139067260.05  viol=714158.5619  obj=853225821.94
[Run 15 | Gen 114] cur_best: cost=139067260.05  viol=714158.5619  obj=853225821.94 | best_so_far: cost=139067260.05  viol=714158.5619  obj=853225821.94
[Run 15 | Gen 115] cur_best: cost=139067260.05  viol=714158.5619  obj=853225821.94 | best_so_far: cost=139067260.05  viol=714158.5619  obj=853225821.94
[Run 15 | FE 6912] best_local_obj=853225821.94  best_local_cost=139067260.05  best_local_viol=714158.5619
[Run 15 | Gen 116] cur_best: cost=139067260.05  viol=714158.5619  obj=853225821.94 | best_so_far: cost=139067260.05  viol=714158.5619  obj=853225821.94
[Run 15 | Gen 117] cur_best: cost=139067260.05  viol=714158.5619  obj=853225821.94 | best_so_far: cost=139067260.05  viol=714158.5619  obj=853225821.94
[Run 15 | Gen 118] cur_best: cost=139067260.05  viol=714158.5619  obj=853225821.94 | best_so_far: cost=139067260.05  viol=714158.5619  obj=853225821.94
[Run 15 | Gen 119] cur_best: cost=139067260.05  viol=714158.5619  obj=853225821.94 | best_so_far: cost=139067260.05  viol=714158.5619  obj=853225821.94
[Run 15 | FE 7168] best_local_obj=853225821.94  best_local_cost=139067260.05  best_local_viol=714158.5619
[Run 15 | Gen 120] cur_best: cost=139067260.05  viol=714158.5619  obj=853225821.94 | best_so_far: cost=139067260.05  viol=714158.5619  obj=853225821.94
[Run 15 | Gen 121] cur_best: cost=139067260.05  viol=714158.5619  obj=853225821.94 | best_so_far: cost=139067260.05  viol=714158.5619  obj=853225821.94
[Run 15 | Gen 122] cur_best: cost=139067260.05  viol=714158.5619  obj=853225821.94 | best_so_far: cost=139067260.05  viol=714158.5619  obj=853225821.94
[Run 15 | Gen 123] cur_best: cost=139067260.05  viol=714158.5619  obj=853225821.94 | best_so_far: cost=139067260.05  viol=714158.5619  obj=853225821.94
[Run 15 | FE 7424] best_local_obj=853225821.94  best_local_cost=139067260.05  best_local_viol=714158.5619
[Run 15 | Gen 124] cur_best: cost=139067260.05  viol=714158.5619  obj=853225821.94 | best_so_far: cost=139067260.05  viol=714158.5619  obj=853225821.94
[Run 15 | Gen 125] cur_best: cost=139067260.05  viol=714158.5619  obj=853225821.94 | best_so_far: cost=139067260.05  viol=714158.5619  obj=853225821.94
[Run 15 | Gen 126] cur_best: cost=139067260.05  viol=714158.5619  obj=853225821.94 | best_so_far: cost=139067260.05  viol=714158.5619  obj=853225821.94
[Run 15 | Gen 127] cur_best: cost=139067260.05  viol=714158.5619  obj=853225821.94 | best_so_far: cost=139067260.05  viol=714158.5619  obj=853225821.94
[Run 15 | FE 7680] best_local_obj=853225821.94  best_local_cost=139067260.05  best_local_viol=714158.5619
[Run 15 | Gen 128] cur_best: cost=139067260.05  viol=714158.5619  obj=853225821.94 | best_so_far: cost=139067260.05  viol=714158.5619  obj=853225821.94
[Run 15 | Gen 129] cur_best: cost=140172439.45  viol=642963.3739  obj=783135813.36 | best_so_far: cost=140172439.45  viol=642963.3739  obj=783135813.36
[Run 15 | Gen 130] cur_best: cost=140172439.45  viol=642963.3739  obj=783135813.36 | best_so_far: cost=140172439.45  viol=642963.3739  obj=783135813.36
[Run 15 | Gen 131] cur_best: cost=140172439.45  viol=642963.3739  obj=783135813.36 | best_so_far: cost=140172439.45  viol=642963.3739  obj=783135813.36
[Run 15 | Gen 132] cur_best: cost=140172439.45  viol=642963.3739  obj=783135813.36 | best_so_far: cost=140172439.45  viol=642963.3739  obj=783135813.36
[Run 15 | FE 7936] best_local_obj=783135813.36  best_local_cost=140172439.45  best_local_viol=642963.3739
[Run 15 | Gen 133] cur_best: cost=140172439.45  viol=642963.3739  obj=783135813.36 | best_so_far: cost=140172439.45  viol=642963.3739  obj=783135813.36
[Run 15 | Gen 134] cur_best: cost=140172439.45  viol=642963.3739  obj=783135813.36 | best_so_far: cost=140172439.45  viol=642963.3739  obj=783135813.36
[Run 15 | Gen 135] cur_best: cost=140172439.45  viol=642963.3739  obj=783135813.36 | best_so_far: cost=140172439.45  viol=642963.3739  obj=783135813.36
[Run 15 | Gen 136] cur_best: cost=140172439.45  viol=642963.3739  obj=783135813.36 | best_so_far: cost=140172439.45  viol=642963.3739  obj=783135813.36
[Run 15 | FE 8192] best_local_obj=783135813.36  best_local_cost=140172439.45  best_local_viol=642963.3739
[Run 15 | Gen 137] cur_best: cost=140172439.45  viol=642963.3739  obj=783135813.36 | best_so_far: cost=140172439.45  viol=642963.3739  obj=783135813.36
[Run 15 | Gen 138] cur_best: cost=140172439.45  viol=642963.3739  obj=783135813.36 | best_so_far: cost=140172439.45  viol=642963.3739  obj=783135813.36
[Run 15 | Gen 139] cur_best: cost=140172439.45  viol=642963.3739  obj=783135813.36 | best_so_far: cost=140172439.45  viol=642963.3739  obj=783135813.36
[Run 15 | Gen 140] cur_best: cost=140172439.45  viol=642963.3739  obj=783135813.36 | best_so_far: cost=140172439.45  viol=642963.3739  obj=783135813.36
[Run 15 | FE 8448] best_local_obj=783135813.36  best_local_cost=140172439.45  best_local_viol=642963.3739
[Run 15 | Gen 141] cur_best: cost=140172439.45  viol=642963.3739  obj=783135813.36 | best_so_far: cost=140172439.45  viol=642963.3739  obj=783135813.36
[Run 15 | Gen 142] cur_best: cost=140172439.45  viol=642963.3739  obj=783135813.36 | best_so_far: cost=140172439.45  viol=642963.3739  obj=783135813.36
[Run 15 | Gen 143] cur_best: cost=140172439.45  viol=642963.3739  obj=783135813.36 | best_so_far: cost=140172439.45  viol=642963.3739  obj=783135813.36
[Run 15 | Gen 144] cur_best: cost=140172439.45  viol=642963.3739  obj=783135813.36 | best_so_far: cost=140172439.45  viol=642963.3739  obj=783135813.36
[Run 15 | Gen 145] cur_best: cost=140172439.45  viol=642963.3739  obj=783135813.36 | best_so_far: cost=140172439.45  viol=642963.3739  obj=783135813.36
[Run 15 | FE 8704] best_local_obj=783135813.36  best_local_cost=140172439.45  best_local_viol=642963.3739
[Run 15 | Gen 146] cur_best: cost=140172439.45  viol=642963.3739  obj=783135813.36 | best_so_far: cost=140172439.45  viol=642963.3739  obj=783135813.36
[Run 15 | Gen 147] cur_best: cost=140172439.45  viol=642963.3739  obj=783135813.36 | best_so_far: cost=140172439.45  viol=642963.3739  obj=783135813.36
[Run 15 | Gen 148] cur_best: cost=140172439.45  viol=642963.3739  obj=783135813.36 | best_so_far: cost=140172439.45  viol=642963.3739  obj=783135813.36
[Run 15 | Gen 149] cur_best: cost=140172439.45  viol=642963.3739  obj=783135813.36 | best_so_far: cost=140172439.45  viol=642963.3739  obj=783135813.36
[Run 15 | FE 8960] best_local_obj=783135813.36  best_local_cost=140172439.45  best_local_viol=642963.3739
[Run 15 | Gen 150] cur_best: cost=140172439.45  viol=642963.3739  obj=783135813.36 | best_so_far: cost=140172439.45  viol=642963.3739  obj=783135813.36
[Run 15 | Gen 151] cur_best: cost=140172439.45  viol=642963.3739  obj=783135813.36 | best_so_far: cost=140172439.45  viol=642963.3739  obj=783135813.36
[Run 15 | Gen 152] cur_best: cost=140172439.45  viol=642963.3739  obj=783135813.36 | best_so_far: cost=140172439.45  viol=642963.3739  obj=783135813.36
[Run 15 | Gen 153] cur_best: cost=140172439.45  viol=642963.3739  obj=783135813.36 | best_so_far: cost=140172439.45  viol=642963.3739  obj=783135813.36
[Run 15 | FE 9216] best_local_obj=783135813.36  best_local_cost=140172439.45  best_local_viol=642963.3739
[Run 15 | Gen 154] cur_best: cost=140172439.45  viol=642963.3739  obj=783135813.36 | best_so_far: cost=140172439.45  viol=642963.3739  obj=783135813.36
[Run 15 | Gen 155] cur_best: cost=140172439.45  viol=642963.3739  obj=783135813.36 | best_so_far: cost=140172439.45  viol=642963.3739  obj=783135813.36
[Run 15 | Gen 156] cur_best: cost=140172439.45  viol=642963.3739  obj=783135813.36 | best_so_far: cost=140172439.45  viol=642963.3739  obj=783135813.36
[Run 15 | Gen 157] cur_best: cost=140172439.45  viol=642963.3739  obj=783135813.36 | best_so_far: cost=140172439.45  viol=642963.3739  obj=783135813.36
[Run 15 | FE 9472] best_local_obj=783135813.36  best_local_cost=140172439.45  best_local_viol=642963.3739
[Run 15 | Gen 158] cur_best: cost=140172439.45  viol=642963.3739  obj=783135813.36 | best_so_far: cost=140172439.45  viol=642963.3739  obj=783135813.36
[Run 15 | Gen 159] cur_best: cost=140172439.45  viol=642963.3739  obj=783135813.36 | best_so_far: cost=140172439.45  viol=642963.3739  obj=783135813.36
[Run 15 | Gen 160] cur_best: cost=140172439.45  viol=642963.3739  obj=783135813.36 | best_so_far: cost=140172439.45  viol=642963.3739  obj=783135813.36
[Run 15 | Gen 161] cur_best: cost=140725024.30  viol=640671.6628  obj=781396687.06 | best_so_far: cost=140725024.30  viol=640671.6628  obj=781396687.06
[Run 15 | Gen 162] cur_best: cost=140725024.30  viol=640671.6628  obj=781396687.06 | best_so_far: cost=140725024.30  viol=640671.6628  obj=781396687.06
[Run 15 | FE 9728] best_local_obj=781396687.06  best_local_cost=140725024.30  best_local_viol=640671.6628
[Run 15 | Gen 163] cur_best: cost=140725024.30  viol=640671.6628  obj=781396687.06 | best_so_far: cost=140725024.30  viol=640671.6628  obj=781396687.06
[Run 15 | Gen 164] cur_best: cost=140264536.53  viol=597002.6659  obj=737267202.41 | best_so_far: cost=140264536.53  viol=597002.6659  obj=737267202.41
[Run 15 | Gen 165] cur_best: cost=140264536.53  viol=597002.6659  obj=737267202.41 | best_so_far: cost=140264536.53  viol=597002.6659  obj=737267202.41
[Run 15 | Gen 166] cur_best: cost=140264536.53  viol=597002.6659  obj=737267202.41 | best_so_far: cost=140264536.53  viol=597002.6659  obj=737267202.41
[Run 15 | FE 9984] best_local_obj=737267202.41  best_local_cost=140264536.53  best_local_viol=597002.6659
[Run 15 | Gen 167] cur_best: cost=140264536.53  viol=597002.6659  obj=737267202.41 | best_so_far: cost=140264536.53  viol=597002.6659  obj=737267202.41
[Run 15 | Gen 168] cur_best: cost=140264536.53  viol=597002.6659  obj=737267202.41 | best_so_far: cost=140264536.53  viol=597002.6659  obj=737267202.41
[Run 15 | Gen 169] cur_best: cost=140264536.53  viol=597002.6659  obj=737267202.41 | best_so_far: cost=140264536.53  viol=597002.6659  obj=737267202.41
[Run 15 | Gen 170] cur_best: cost=140264536.53  viol=597002.6659  obj=737267202.41 | best_so_far: cost=140264536.53  viol=597002.6659  obj=737267202.41
[Run 15 | FE 10240] best_local_obj=737267202.41  best_local_cost=140264536.53  best_local_viol=597002.6659
[Run 15 | Gen 171] cur_best: cost=140264536.53  viol=597002.6659  obj=737267202.41 | best_so_far: cost=140264536.53  viol=597002.6659  obj=737267202.41
[Run 15 | Gen 172] cur_best: cost=140264536.53  viol=597002.6659  obj=737267202.41 | best_so_far: cost=140264536.53  viol=597002.6659  obj=737267202.41
[Run 15 | Gen 173] cur_best: cost=140264536.53  viol=597002.6659  obj=737267202.41 | best_so_far: cost=140264536.53  viol=597002.6659  obj=737267202.41
[Run 15 | Gen 174] cur_best: cost=140264536.53  viol=597002.6659  obj=737267202.41 | best_so_far: cost=140264536.53  viol=597002.6659  obj=737267202.41
[Run 15 | FE 10496] best_local_obj=737267202.41  best_local_cost=140264536.53  best_local_viol=597002.6659
[Run 15 | Gen 175] cur_best: cost=140264536.53  viol=597002.6659  obj=737267202.41 | best_so_far: cost=140264536.53  viol=597002.6659  obj=737267202.41
[Run 15 | Gen 176] cur_best: cost=140264536.53  viol=597002.6659  obj=737267202.41 | best_so_far: cost=140264536.53  viol=597002.6659  obj=737267202.41
[Run 15 | Gen 177] cur_best: cost=140264536.53  viol=597002.6659  obj=737267202.41 | best_so_far: cost=140264536.53  viol=597002.6659  obj=737267202.41
[Run 15 | Gen 178] cur_best: cost=140264536.53  viol=597002.6659  obj=737267202.41 | best_so_far: cost=140264536.53  viol=597002.6659  obj=737267202.41
[Run 15 | Gen 179] cur_best: cost=140264536.53  viol=597002.6659  obj=737267202.41 | best_so_far: cost=140264536.53  viol=597002.6659  obj=737267202.41
[Run 15 | FE 10752] best_local_obj=737267202.41  best_local_cost=140264536.53  best_local_viol=597002.6659
[Run 15 | Gen 180] cur_best: cost=140264536.53  viol=597002.6659  obj=737267202.41 | best_so_far: cost=140264536.53  viol=597002.6659  obj=737267202.41
[Run 15 | Gen 181] cur_best: cost=140264536.53  viol=597002.6659  obj=737267202.41 | best_so_far: cost=140264536.53  viol=597002.6659  obj=737267202.41
[Run 15 | Gen 182] cur_best: cost=140264536.53  viol=597002.6659  obj=737267202.41 | best_so_far: cost=140264536.53  viol=597002.6659  obj=737267202.41
[Run 15 | Gen 183] cur_best: cost=140264536.53  viol=597002.6659  obj=737267202.41 | best_so_far: cost=140264536.53  viol=597002.6659  obj=737267202.41
[Run 15 | FE 11008] best_local_obj=737267202.41  best_local_cost=140264536.53  best_local_viol=597002.6659
[Run 15 | Gen 184] cur_best: cost=140264536.53  viol=597002.6659  obj=737267202.41 | best_so_far: cost=140264536.53  viol=597002.6659  obj=737267202.41
[Run 15 | Gen 185] cur_best: cost=140264536.53  viol=597002.6659  obj=737267202.41 | best_so_far: cost=140264536.53  viol=597002.6659  obj=737267202.41
[Run 15 | Gen 186] cur_best: cost=140264536.53  viol=597002.6659  obj=737267202.41 | best_so_far: cost=140264536.53  viol=597002.6659  obj=737267202.41
[Run 15 | Gen 187] cur_best: cost=140264536.53  viol=597002.6659  obj=737267202.41 | best_so_far: cost=140264536.53  viol=597002.6659  obj=737267202.41
[Run 15 | FE 11264] best_local_obj=737267202.41  best_local_cost=140264536.53  best_local_viol=597002.6659
[Run 15 | Gen 188] cur_best: cost=140264536.53  viol=597002.6659  obj=737267202.41 | best_so_far: cost=140264536.53  viol=597002.6659  obj=737267202.41
[Run 15 | Gen 189] cur_best: cost=140264536.53  viol=597002.6659  obj=737267202.41 | best_so_far: cost=140264536.53  viol=597002.6659  obj=737267202.41
[Run 15 | Gen 190] cur_best: cost=140264536.53  viol=597002.6659  obj=737267202.41 | best_so_far: cost=140264536.53  viol=597002.6659  obj=737267202.41
[Run 15 | Gen 191] cur_best: cost=140264536.53  viol=597002.6659  obj=737267202.41 | best_so_far: cost=140264536.53  viol=597002.6659  obj=737267202.41
[Run 15 | FE 11520] best_local_obj=737267202.41  best_local_cost=140264536.53  best_local_viol=597002.6659
[Run 15 | Gen 192] cur_best: cost=140264536.53  viol=597002.6659  obj=737267202.41 | best_so_far: cost=140264536.53  viol=597002.6659  obj=737267202.41
[Run 15 | Gen 193] cur_best: cost=140264536.53  viol=597002.6659  obj=737267202.41 | best_so_far: cost=140264536.53  viol=597002.6659  obj=737267202.41
[Run 15 | Gen 194] cur_best: cost=140264536.53  viol=597002.6659  obj=737267202.41 | best_so_far: cost=140264536.53  viol=597002.6659  obj=737267202.41
[Run 15 | Gen 195] cur_best: cost=140264536.53  viol=597002.6659  obj=737267202.41 | best_so_far: cost=140264536.53  viol=597002.6659  obj=737267202.41
[Run 15 | Gen 196] cur_best: cost=140264536.53  viol=597002.6659  obj=737267202.41 | best_so_far: cost=140264536.53  viol=597002.6659  obj=737267202.41
[Run 15 | FE 11776] best_local_obj=737267202.41  best_local_cost=140264536.53  best_local_viol=597002.6659
[Run 15 | Gen 197] cur_best: cost=140264536.53  viol=597002.6659  obj=737267202.41 | best_so_far: cost=140264536.53  viol=597002.6659  obj=737267202.41
[Run 15 | Gen 198] cur_best: cost=140264536.53  viol=597002.6659  obj=737267202.41 | best_so_far: cost=140264536.53  viol=597002.6659  obj=737267202.41
[Run 15 | Gen 199] cur_best: cost=140264536.53  viol=597002.6659  obj=737267202.41 | best_so_far: cost=140264536.53  viol=597002.6659  obj=737267202.41
[Run 15 | Gen 200] cur_best: cost=140264536.53  viol=597002.6659  obj=737267202.41 | best_so_far: cost=140264536.53  viol=597002.6659  obj=737267202.41
[Run 15 | FE 12032] best_local_obj=737267202.41  best_local_cost=140264536.53  best_local_viol=597002.6659
[Run 15 | Gen 201] cur_best: cost=140264536.53  viol=597002.6659  obj=737267202.41 | best_so_far: cost=140264536.53  viol=597002.6659  obj=737267202.41
[Run 15 | Gen 202] cur_best: cost=140264536.53  viol=597002.6659  obj=737267202.41 | best_so_far: cost=140264536.53  viol=597002.6659  obj=737267202.41
[Run 15 | Gen 203] cur_best: cost=140264536.53  viol=597002.6659  obj=737267202.41 | best_so_far: cost=140264536.53  viol=597002.6659  obj=737267202.41
[Run 15 | Gen 204] cur_best: cost=140264536.53  viol=597002.6659  obj=737267202.41 | best_so_far: cost=140264536.53  viol=597002.6659  obj=737267202.41
[Run 15 | FE 12288] best_local_obj=737267202.41  best_local_cost=140264536.53  best_local_viol=597002.6659
[Run 15 | Gen 205] cur_best: cost=140264536.53  viol=597002.6659  obj=737267202.41 | best_so_far: cost=140264536.53  viol=597002.6659  obj=737267202.41
[Run 15 | Gen 206] cur_best: cost=140264536.53  viol=597002.6659  obj=737267202.41 | best_so_far: cost=140264536.53  viol=597002.6659  obj=737267202.41
[Run 15 | Gen 207] cur_best: cost=140264536.53  viol=597002.6659  obj=737267202.41 | best_so_far: cost=140264536.53  viol=597002.6659  obj=737267202.41
[Run 15 | Gen 208] cur_best: cost=140264536.53  viol=597002.6659  obj=737267202.41 | best_so_far: cost=140264536.53  viol=597002.6659  obj=737267202.41
[Run 15 | Gen 209] cur_best: cost=140264536.53  viol=597002.6659  obj=737267202.41 | best_so_far: cost=140264536.53  viol=597002.6659  obj=737267202.41
[Run 15 | FE 12544] best_local_obj=737267202.41  best_local_cost=140264536.53  best_local_viol=597002.6659
[Run 15 | Gen 210] cur_best: cost=140264536.53  viol=597002.6659  obj=737267202.41 | best_so_far: cost=140264536.53  viol=597002.6659  obj=737267202.41
[Run 15 | Gen 211] cur_best: cost=140264536.53  viol=597002.6659  obj=737267202.41 | best_so_far: cost=140264536.53  viol=597002.6659  obj=737267202.41
[Run 15 | Gen 212] cur_best: cost=140264536.53  viol=597002.6659  obj=737267202.41 | best_so_far: cost=140264536.53  viol=597002.6659  obj=737267202.41
[Run 15 | Gen 213] cur_best: cost=140264536.53  viol=597002.6659  obj=737267202.41 | best_so_far: cost=140264536.53  viol=597002.6659  obj=737267202.41
[Run 15 | FE 12800] best_local_obj=737267202.41  best_local_cost=140264536.53  best_local_viol=597002.6659
[Run 15 | Gen 214] cur_best: cost=140264536.53  viol=597002.6659  obj=737267202.41 | best_so_far: cost=140264536.53  viol=597002.6659  obj=737267202.41

[Stop] reached max_total_fe=12800.

[Run 15] best_global_cost=140264536.5315, best_global_viol=597002.665880, best_global_obj=737267202.4112
[Done] summary=/work/home/acn1eb8nfq/yuezhang46/GFcode/GF实验一：横向对比/ga_global_logs/run_15_seed_1015/runs_summary.csv
