[RunConfig] run_id=17 seed=1017
[OutputDir] /work/home/acn1eb8nfq/yuezhang46/GFcode/GF实验一：横向对比/ga_global_logs/run_17_seed_1017
[Info] #nodes = 1810
[Load] Reading scenarios ...
  - spring: raw edges=3686, days=31
  - summer: raw edges=3686, days=30
  - autumn: raw edges=3686, days=31
  - winter: raw edges=3686, days=30
[Filter] EDGE_WEIGHT_MIN=1.0
  - active_nodes=1450  inactive_nodes(fixed NONE)=360
  - spring: removed=2281, kept=1405
  - summer: removed=2206, kept=1480
  - autumn: removed=2131, kept=1555
  - winter: removed=2189, kept=1497
  - spring: filtered edges (active subgraph)=1405
  - summer: filtered edges (active subgraph)=1480
  - autumn: filtered edges (active subgraph)=1555
  - winter: filtered edges (active subgraph)=1497
[GA] Initialize population ...
[GA] Init population generated.
[GA] Evolve under FE budget ...
[Run 17 | Gen 1] cur_best: cost=82519345.41  viol=1316461.2774  obj=1398980622.78 | best_so_far: cost=82519345.41  viol=1316461.2774  obj=1398980622.78
[Run 17 | Gen 2] cur_best: cost=82519345.41  viol=1316461.2774  obj=1398980622.78 | best_so_far: cost=82519345.41  viol=1316461.2774  obj=1398980622.78
[Run 17 | Gen 3] cur_best: cost=87861002.07  viol=1255807.8050  obj=1343668807.06 | best_so_far: cost=87861002.07  viol=1255807.8050  obj=1343668807.06
[Run 17 | Gen 4] cur_best: cost=93294761.17  viol=1130770.2959  obj=1224065057.07 | best_so_far: cost=93294761.17  viol=1130770.2959  obj=1224065057.07
[Run 17 | FE 256] best_local_obj=1224065057.07  best_local_cost=93294761.17  best_local_viol=1130770.2959
[Run 17 | Gen 5] cur_best: cost=93294761.17  viol=1130770.2959  obj=1224065057.07 | best_so_far: cost=93294761.17  viol=1130770.2959  obj=1224065057.07
[Run 17 | Gen 6] cur_best: cost=93294761.17  viol=1130770.2959  obj=1224065057.07 | best_so_far: cost=93294761.17  viol=1130770.2959  obj=1224065057.07
[Run 17 | Gen 7] cur_best: cost=93294761.17  viol=1130770.2959  obj=1224065057.07 | best_so_far: cost=93294761.17  viol=1130770.2959  obj=1224065057.07
[Run 17 | Gen 8] cur_best: cost=93294761.17  viol=1130770.2959  obj=1224065057.07 | best_so_far: cost=93294761.17  viol=1130770.2959  obj=1224065057.07
[Run 17 | FE 512] best_local_obj=1152698803.02  best_local_cost=105451641.56  best_local_viol=1047247.1615
[Run 17 | Gen 9] cur_best: cost=105451641.56  viol=1047247.1615  obj=1152698803.02 | best_so_far: cost=105451641.56  viol=1047247.1615  obj=1152698803.02
[Run 17 | Gen 10] cur_best: cost=101123058.51  viol=1015938.3406  obj=1117061399.12 | best_so_far: cost=101123058.51  viol=1015938.3406  obj=1117061399.12
[Run 17 | Gen 11] cur_best: cost=112082668.10  viol=958052.9611  obj=1070135629.18 | best_so_far: cost=112082668.10  viol=958052.9611  obj=1070135629.18
[Run 17 | Gen 12] cur_best: cost=112082668.10  viol=958052.9611  obj=1070135629.18 | best_so_far: cost=112082668.10  viol=958052.9611  obj=1070135629.18
[Run 17 | FE 768] best_local_obj=1047751004.52  best_local_cost=114293010.84  best_local_viol=933457.9937
[Run 17 | Gen 13] cur_best: cost=114293010.84  viol=933457.9937  obj=1047751004.52 | best_so_far: cost=114293010.84  viol=933457.9937  obj=1047751004.52
[Run 17 | Gen 14] cur_best: cost=114293010.84  viol=933457.9937  obj=1047751004.52 | best_so_far: cost=114293010.84  viol=933457.9937  obj=1047751004.52
[Run 17 | Gen 15] cur_best: cost=114293010.84  viol=933457.9937  obj=1047751004.52 | best_so_far: cost=114293010.84  viol=933457.9937  obj=1047751004.52
[Run 17 | Gen 16] cur_best: cost=114293010.84  viol=933457.9937  obj=1047751004.52 | best_so_far: cost=114293010.84  viol=933457.9937  obj=1047751004.52
[Run 17 | Gen 17] cur_best: cost=121016132.14  viol=880888.3617  obj=1001904493.85 | best_so_far: cost=121016132.14  viol=880888.3617  obj=1001904493.85
[Run 17 | FE 1024] best_local_obj=1001904493.85  best_local_cost=121016132.14  best_local_viol=880888.3617
[Run 17 | Gen 18] cur_best: cost=121016132.14  viol=880888.3617  obj=1001904493.85 | best_so_far: cost=121016132.14  viol=880888.3617  obj=1001904493.85
[Run 17 | Gen 19] cur_best: cost=121016132.14  viol=880888.3617  obj=1001904493.85 | best_so_far: cost=121016132.14  viol=880888.3617  obj=1001904493.85
[Run 17 | Gen 20] cur_best: cost=121016132.14  viol=880888.3617  obj=1001904493.85 | best_so_far: cost=121016132.14  viol=880888.3617  obj=1001904493.85
[Run 17 | Gen 21] cur_best: cost=121016132.14  viol=880888.3617  obj=1001904493.85 | best_so_far: cost=121016132.14  viol=880888.3617  obj=1001904493.85
[Run 17 | FE 1280] best_local_obj=1001904493.85  best_local_cost=121016132.14  best_local_viol=880888.3617
[Run 17 | Gen 22] cur_best: cost=121016132.14  viol=880888.3617  obj=1001904493.85 | best_so_far: cost=121016132.14  viol=880888.3617  obj=1001904493.85
[Run 17 | Gen 23] cur_best: cost=121016132.14  viol=880888.3617  obj=1001904493.85 | best_so_far: cost=121016132.14  viol=880888.3617  obj=1001904493.85
[Run 17 | Gen 24] cur_best: cost=123318573.30  viol=830347.7258  obj=953666299.05 | best_so_far: cost=123318573.30  viol=830347.7258  obj=953666299.05
[Run 17 | Gen 25] cur_best: cost=123318573.30  viol=830347.7258  obj=953666299.05 | best_so_far: cost=123318573.30  viol=830347.7258  obj=953666299.05
[Run 17 | FE 1536] best_local_obj=953666299.05  best_local_cost=123318573.30  best_local_viol=830347.7258
[Run 17 | Gen 26] cur_best: cost=123318573.30  viol=830347.7258  obj=953666299.05 | best_so_far: cost=123318573.30  viol=830347.7258  obj=953666299.05
[Run 17 | Gen 27] cur_best: cost=123318573.30  viol=830347.7258  obj=953666299.05 | best_so_far: cost=123318573.30  viol=830347.7258  obj=953666299.05
[Run 17 | Gen 28] cur_best: cost=126910379.00  viol=747333.5524  obj=874243931.39 | best_so_far: cost=126910379.00  viol=747333.5524  obj=874243931.39
[Run 17 | Gen 29] cur_best: cost=126910379.00  viol=747333.5524  obj=874243931.39 | best_so_far: cost=126910379.00  viol=747333.5524  obj=874243931.39
[Run 17 | FE 1792] best_local_obj=874243931.39  best_local_cost=126910379.00  best_local_viol=747333.5524
[Run 17 | Gen 30] cur_best: cost=126910379.00  viol=747333.5524  obj=874243931.39 | best_so_far: cost=126910379.00  viol=747333.5524  obj=874243931.39
[Run 17 | Gen 31] cur_best: cost=126910379.00  viol=747333.5524  obj=874243931.39 | best_so_far: cost=126910379.00  viol=747333.5524  obj=874243931.39
[Run 17 | Gen 32] cur_best: cost=126910379.00  viol=747333.5524  obj=874243931.39 | best_so_far: cost=126910379.00  viol=747333.5524  obj=874243931.39
[Run 17 | Gen 33] cur_best: cost=126910379.00  viol=747333.5524  obj=874243931.39 | best_so_far: cost=126910379.00  viol=747333.5524  obj=874243931.39
[Run 17 | Gen 34] cur_best: cost=126910379.00  viol=747333.5524  obj=874243931.39 | best_so_far: cost=126910379.00  viol=747333.5524  obj=874243931.39
[Run 17 | FE 2048] best_local_obj=874243931.39  best_local_cost=126910379.00  best_local_viol=747333.5524
[Run 17 | Gen 35] cur_best: cost=126910379.00  viol=747333.5524  obj=874243931.39 | best_so_far: cost=126910379.00  viol=747333.5524  obj=874243931.39
[Run 17 | Gen 36] cur_best: cost=126910379.00  viol=747333.5524  obj=874243931.39 | best_so_far: cost=126910379.00  viol=747333.5524  obj=874243931.39
[Run 17 | Gen 37] cur_best: cost=126910379.00  viol=747333.5524  obj=874243931.39 | best_so_far: cost=126910379.00  viol=747333.5524  obj=874243931.39
[Run 17 | Gen 38] cur_best: cost=126910379.00  viol=747333.5524  obj=874243931.39 | best_so_far: cost=126910379.00  viol=747333.5524  obj=874243931.39
[Run 17 | FE 2304] best_local_obj=874243931.39  best_local_cost=126910379.00  best_local_viol=747333.5524
[Run 17 | Gen 39] cur_best: cost=126910379.00  viol=747333.5524  obj=874243931.39 | best_so_far: cost=126910379.00  viol=747333.5524  obj=874243931.39
[Run 17 | Gen 40] cur_best: cost=126910379.00  viol=747333.5524  obj=874243931.39 | best_so_far: cost=126910379.00  viol=747333.5524  obj=874243931.39
[Run 17 | Gen 41] cur_best: cost=126910379.00  viol=747333.5524  obj=874243931.39 | best_so_far: cost=126910379.00  viol=747333.5524  obj=874243931.39
[Run 17 | Gen 42] cur_best: cost=126910379.00  viol=747333.5524  obj=874243931.39 | best_so_far: cost=126910379.00  viol=747333.5524  obj=874243931.39
[Run 17 | FE 2560] best_local_obj=874243931.39  best_local_cost=126910379.00  best_local_viol=747333.5524
[Run 17 | Gen 43] cur_best: cost=126910379.00  viol=747333.5524  obj=874243931.39 | best_so_far: cost=126910379.00  viol=747333.5524  obj=874243931.39
[Run 17 | Gen 44] cur_best: cost=126910379.00  viol=747333.5524  obj=874243931.39 | best_so_far: cost=126910379.00  viol=747333.5524  obj=874243931.39
[Run 17 | Gen 45] cur_best: cost=126910379.00  viol=747333.5524  obj=874243931.39 | best_so_far: cost=126910379.00  viol=747333.5524  obj=874243931.39
[Run 17 | Gen 46] cur_best: cost=126910379.00  viol=747333.5524  obj=874243931.39 | best_so_far: cost=126910379.00  viol=747333.5524  obj=874243931.39
[Run 17 | FE 2816] best_local_obj=874243931.39  best_local_cost=126910379.00  best_local_viol=747333.5524
[Run 17 | Gen 47] cur_best: cost=126910379.00  viol=747333.5524  obj=874243931.39 | best_so_far: cost=126910379.00  viol=747333.5524  obj=874243931.39
[Run 17 | Gen 48] cur_best: cost=126910379.00  viol=747333.5524  obj=874243931.39 | best_so_far: cost=126910379.00  viol=747333.5524  obj=874243931.39
[Run 17 | Gen 49] cur_best: cost=126910379.00  viol=747333.5524  obj=874243931.39 | best_so_far: cost=126910379.00  viol=747333.5524  obj=874243931.39
[Run 17 | Gen 50] cur_best: cost=126910379.00  viol=747333.5524  obj=874243931.39 | best_so_far: cost=126910379.00  viol=747333.5524  obj=874243931.39
[Run 17 | Gen 51] cur_best: cost=126910379.00  viol=747333.5524  obj=874243931.39 | best_so_far: cost=126910379.00  viol=747333.5524  obj=874243931.39
[Run 17 | FE 3072] best_local_obj=874243931.39  best_local_cost=126910379.00  best_local_viol=747333.5524
[Run 17 | Gen 52] cur_best: cost=126910379.00  viol=747333.5524  obj=874243931.39 | best_so_far: cost=126910379.00  viol=747333.5524  obj=874243931.39
[Run 17 | Gen 53] cur_best: cost=126910379.00  viol=747333.5524  obj=874243931.39 | best_so_far: cost=126910379.00  viol=747333.5524  obj=874243931.39
[Run 17 | Gen 54] cur_best: cost=126910379.00  viol=747333.5524  obj=874243931.39 | best_so_far: cost=126910379.00  viol=747333.5524  obj=874243931.39
[Run 17 | Gen 55] cur_best: cost=126910379.00  viol=747333.5524  obj=874243931.39 | best_so_far: cost=126910379.00  viol=747333.5524  obj=874243931.39
[Run 17 | FE 3328] best_local_obj=874243931.39  best_local_cost=126910379.00  best_local_viol=747333.5524
[Run 17 | Gen 56] cur_best: cost=126910379.00  viol=747333.5524  obj=874243931.39 | best_so_far: cost=126910379.00  viol=747333.5524  obj=874243931.39
[Run 17 | Gen 57] cur_best: cost=126910379.00  viol=747333.5524  obj=874243931.39 | best_so_far: cost=126910379.00  viol=747333.5524  obj=874243931.39
[Run 17 | Gen 58] cur_best: cost=126910379.00  viol=747333.5524  obj=874243931.39 | best_so_far: cost=126910379.00  viol=747333.5524  obj=874243931.39
[Run 17 | Gen 59] cur_best: cost=133909797.90  viol=730456.5542  obj=864366352.13 | best_so_far: cost=133909797.90  viol=730456.5542  obj=864366352.13
[Run 17 | FE 3584] best_local_obj=864366352.13  best_local_cost=133909797.90  best_local_viol=730456.5542
[Run 17 | Gen 60] cur_best: cost=133909797.90  viol=730456.5542  obj=864366352.13 | best_so_far: cost=133909797.90  viol=730456.5542  obj=864366352.13
[Run 17 | Gen 61] cur_best: cost=133909797.90  viol=730456.5542  obj=864366352.13 | best_so_far: cost=133909797.90  viol=730456.5542  obj=864366352.13
[Run 17 | Gen 62] cur_best: cost=133909797.90  viol=730456.5542  obj=864366352.13 | best_so_far: cost=133909797.90  viol=730456.5542  obj=864366352.13
[Run 17 | Gen 63] cur_best: cost=133909797.90  viol=730456.5542  obj=864366352.13 | best_so_far: cost=133909797.90  viol=730456.5542  obj=864366352.13
[Run 17 | FE 3840] best_local_obj=864366352.13  best_local_cost=133909797.90  best_local_viol=730456.5542
[Run 17 | Gen 64] cur_best: cost=133909797.90  viol=730456.5542  obj=864366352.13 | best_so_far: cost=133909797.90  viol=730456.5542  obj=864366352.13
[Run 17 | Gen 65] cur_best: cost=133909797.90  viol=730456.5542  obj=864366352.13 | best_so_far: cost=133909797.90  viol=730456.5542  obj=864366352.13
[Run 17 | Gen 66] cur_best: cost=133909797.90  viol=730456.5542  obj=864366352.13 | best_so_far: cost=133909797.90  viol=730456.5542  obj=864366352.13
[Run 17 | Gen 67] cur_best: cost=133909797.90  viol=730456.5542  obj=864366352.13 | best_so_far: cost=133909797.90  viol=730456.5542  obj=864366352.13
[Run 17 | Gen 68] cur_best: cost=133909797.90  viol=730456.5542  obj=864366352.13 | best_so_far: cost=133909797.90  viol=730456.5542  obj=864366352.13
[Run 17 | FE 4096] best_local_obj=864366352.13  best_local_cost=133909797.90  best_local_viol=730456.5542
[Run 17 | Gen 69] cur_best: cost=133909797.90  viol=730456.5542  obj=864366352.13 | best_so_far: cost=133909797.90  viol=730456.5542  obj=864366352.13
[Run 17 | Gen 70] cur_best: cost=133909797.90  viol=730456.5542  obj=864366352.13 | best_so_far: cost=133909797.90  viol=730456.5542  obj=864366352.13
[Run 17 | Gen 71] cur_best: cost=133909797.90  viol=730456.5542  obj=864366352.13 | best_so_far: cost=133909797.90  viol=730456.5542  obj=864366352.13
[Run 17 | Gen 72] cur_best: cost=133909797.90  viol=730456.5542  obj=864366352.13 | best_so_far: cost=133909797.90  viol=730456.5542  obj=864366352.13
[Run 17 | FE 4352] best_local_obj=864366352.13  best_local_cost=133909797.90  best_local_viol=730456.5542
[Run 17 | Gen 73] cur_best: cost=133909797.90  viol=730456.5542  obj=864366352.13 | best_so_far: cost=133909797.90  viol=730456.5542  obj=864366352.13
[Run 17 | Gen 74] cur_best: cost=133909797.90  viol=730456.5542  obj=864366352.13 | best_so_far: cost=133909797.90  viol=730456.5542  obj=864366352.13
[Run 17 | Gen 75] cur_best: cost=133909797.90  viol=730456.5542  obj=864366352.13 | best_so_far: cost=133909797.90  viol=730456.5542  obj=864366352.13
[Run 17 | Gen 76] cur_best: cost=131975749.75  viol=718110.7951  obj=850086544.89 | best_so_far: cost=131975749.75  viol=718110.7951  obj=850086544.89
[Run 17 | FE 4608] best_local_obj=850086544.89  best_local_cost=131975749.75  best_local_viol=718110.7951
[Run 17 | Gen 77] cur_best: cost=131975749.75  viol=718110.7951  obj=850086544.89 | best_so_far: cost=131975749.75  viol=718110.7951  obj=850086544.89
[Run 17 | Gen 78] cur_best: cost=131975749.75  viol=718110.7951  obj=850086544.89 | best_so_far: cost=131975749.75  viol=718110.7951  obj=850086544.89
[Run 17 | Gen 79] cur_best: cost=131975749.75  viol=718110.7951  obj=850086544.89 | best_so_far: cost=131975749.75  viol=718110.7951  obj=850086544.89
[Run 17 | Gen 80] cur_best: cost=131975749.75  viol=718110.7951  obj=850086544.89 | best_so_far: cost=131975749.75  viol=718110.7951  obj=850086544.89
[Run 17 | Gen 81] cur_best: cost=131975749.75  viol=718110.7951  obj=850086544.89 | best_so_far: cost=131975749.75  viol=718110.7951  obj=850086544.89
[Run 17 | FE 4864] best_local_obj=850086544.89  best_local_cost=131975749.75  best_local_viol=718110.7951
[Run 17 | Gen 82] cur_best: cost=131975749.75  viol=718110.7951  obj=850086544.89 | best_so_far: cost=131975749.75  viol=718110.7951  obj=850086544.89
[Run 17 | Gen 83] cur_best: cost=131975749.75  viol=718110.7951  obj=850086544.89 | best_so_far: cost=131975749.75  viol=718110.7951  obj=850086544.89
[Run 17 | Gen 84] cur_best: cost=131975749.75  viol=718110.7951  obj=850086544.89 | best_so_far: cost=131975749.75  viol=718110.7951  obj=850086544.89
[Run 17 | Gen 85] cur_best: cost=131975749.75  viol=718110.7951  obj=850086544.89 | best_so_far: cost=131975749.75  viol=718110.7951  obj=850086544.89
[Run 17 | FE 5120] best_local_obj=850086544.89  best_local_cost=131975749.75  best_local_viol=718110.7951
[Run 17 | Gen 86] cur_best: cost=131975749.75  viol=718110.7951  obj=850086544.89 | best_so_far: cost=131975749.75  viol=718110.7951  obj=850086544.89
[Run 17 | Gen 87] cur_best: cost=131975749.75  viol=718110.7951  obj=850086544.89 | best_so_far: cost=131975749.75  viol=718110.7951  obj=850086544.89
[Run 17 | Gen 88] cur_best: cost=131975749.75  viol=718110.7951  obj=850086544.89 | best_so_far: cost=131975749.75  viol=718110.7951  obj=850086544.89
[Run 17 | Gen 89] cur_best: cost=131975749.75  viol=718110.7951  obj=850086544.89 | best_so_far: cost=131975749.75  viol=718110.7951  obj=850086544.89
[Run 17 | FE 5376] best_local_obj=850086544.89  best_local_cost=131975749.75  best_local_viol=718110.7951
[Run 17 | Gen 90] cur_best: cost=131975749.75  viol=718110.7951  obj=850086544.89 | best_so_far: cost=131975749.75  viol=718110.7951  obj=850086544.89
[Run 17 | Gen 91] cur_best: cost=131975749.75  viol=718110.7951  obj=850086544.89 | best_so_far: cost=131975749.75  viol=718110.7951  obj=850086544.89
[Run 17 | Gen 92] cur_best: cost=131975749.75  viol=718110.7951  obj=850086544.89 | best_so_far: cost=131975749.75  viol=718110.7951  obj=850086544.89
[Run 17 | Gen 93] cur_best: cost=131975749.75  viol=718110.7951  obj=850086544.89 | best_so_far: cost=131975749.75  viol=718110.7951  obj=850086544.89
[Run 17 | FE 5632] best_local_obj=850086544.89  best_local_cost=131975749.75  best_local_viol=718110.7951
[Run 17 | Gen 94] cur_best: cost=131975749.75  viol=718110.7951  obj=850086544.89 | best_so_far: cost=131975749.75  viol=718110.7951  obj=850086544.89
[Run 17 | Gen 95] cur_best: cost=131975749.75  viol=718110.7951  obj=850086544.89 | best_so_far: cost=131975749.75  viol=718110.7951  obj=850086544.89
[Run 17 | Gen 96] cur_best: cost=131975749.75  viol=718110.7951  obj=850086544.89 | best_so_far: cost=131975749.75  viol=718110.7951  obj=850086544.89
[Run 17 | Gen 97] cur_best: cost=131975749.75  viol=718110.7951  obj=850086544.89 | best_so_far: cost=131975749.75  viol=718110.7951  obj=850086544.89
[Run 17 | Gen 98] cur_best: cost=131975749.75  viol=718110.7951  obj=850086544.89 | best_so_far: cost=131975749.75  viol=718110.7951  obj=850086544.89
[Run 17 | FE 5888] best_local_obj=850086544.89  best_local_cost=131975749.75  best_local_viol=718110.7951
[Run 17 | Gen 99] cur_best: cost=131975749.75  viol=718110.7951  obj=850086544.89 | best_so_far: cost=131975749.75  viol=718110.7951  obj=850086544.89
[Run 17 | Gen 100] cur_best: cost=131975749.75  viol=718110.7951  obj=850086544.89 | best_so_far: cost=131975749.75  viol=718110.7951  obj=850086544.89
[Run 17 | Gen 101] cur_best: cost=131975749.75  viol=718110.7951  obj=850086544.89 | best_so_far: cost=131975749.75  viol=718110.7951  obj=850086544.89
[Run 17 | Gen 102] cur_best: cost=131975749.75  viol=718110.7951  obj=850086544.89 | best_so_far: cost=131975749.75  viol=718110.7951  obj=850086544.89
[Run 17 | FE 6144] best_local_obj=850086544.89  best_local_cost=131975749.75  best_local_viol=718110.7951
[Run 17 | Gen 103] cur_best: cost=131975749.75  viol=718110.7951  obj=850086544.89 | best_so_far: cost=131975749.75  viol=718110.7951  obj=850086544.89
[Run 17 | Gen 104] cur_best: cost=131975749.75  viol=718110.7951  obj=850086544.89 | best_so_far: cost=131975749.75  viol=718110.7951  obj=850086544.89
[Run 17 | Gen 105] cur_best: cost=131975749.75  viol=718110.7951  obj=850086544.89 | best_so_far: cost=131975749.75  viol=718110.7951  obj=850086544.89
[Run 17 | Gen 106] cur_best: cost=131975749.75  viol=718110.7951  obj=850086544.89 | best_so_far: cost=131975749.75  viol=718110.7951  obj=850086544.89
[Run 17 | FE 6400] best_local_obj=845331011.01  best_local_cost=139343554.32  best_local_viol=705987.4567
[Run 17 | Gen 107] cur_best: cost=139343554.32  viol=705987.4567  obj=845331011.01 | best_so_far: cost=139343554.32  viol=705987.4567  obj=845331011.01
[Run 17 | Gen 108] cur_best: cost=139343554.32  viol=705987.4567  obj=845331011.01 | best_so_far: cost=139343554.32  viol=705987.4567  obj=845331011.01
[Run 17 | Gen 109] cur_best: cost=139343554.32  viol=705987.4567  obj=845331011.01 | best_so_far: cost=139343554.32  viol=705987.4567  obj=845331011.01
[Run 17 | Gen 110] cur_best: cost=139343554.32  viol=705987.4567  obj=845331011.01 | best_so_far: cost=139343554.32  viol=705987.4567  obj=845331011.01
[Run 17 | FE 6656] best_local_obj=845331011.01  best_local_cost=139343554.32  best_local_viol=705987.4567
[Run 17 | Gen 111] cur_best: cost=139343554.32  viol=705987.4567  obj=845331011.01 | best_so_far: cost=139343554.32  viol=705987.4567  obj=845331011.01
[Run 17 | Gen 112] cur_best: cost=139343554.32  viol=705987.4567  obj=845331011.01 | best_so_far: cost=139343554.32  viol=705987.4567  obj=845331011.01
[Run 17 | Gen 113] cur_best: cost=139343554.32  viol=705987.4567  obj=845331011.01 | best_so_far: cost=139343554.32  viol=705987.4567  obj=845331011.01
[Run 17 | Gen 114] cur_best: cost=139343554.32  viol=705987.4567  obj=845331011.01 | best_so_far: cost=139343554.32  viol=705987.4567  obj=845331011.01
[Run 17 | Gen 115] cur_best: cost=139343554.32  viol=705987.4567  obj=845331011.01 | best_so_far: cost=139343554.32  viol=705987.4567  obj=845331011.01
[Run 17 | FE 6912] best_local_obj=845331011.01  best_local_cost=139343554.32  best_local_viol=705987.4567
[Run 17 | Gen 116] cur_best: cost=139343554.32  viol=705987.4567  obj=845331011.01 | best_so_far: cost=139343554.32  viol=705987.4567  obj=845331011.01
[Run 17 | Gen 117] cur_best: cost=139343554.32  viol=705987.4567  obj=845331011.01 | best_so_far: cost=139343554.32  viol=705987.4567  obj=845331011.01
[Run 17 | Gen 118] cur_best: cost=139343554.32  viol=705987.4567  obj=845331011.01 | best_so_far: cost=139343554.32  viol=705987.4567  obj=845331011.01
[Run 17 | Gen 119] cur_best: cost=139343554.32  viol=705987.4567  obj=845331011.01 | best_so_far: cost=139343554.32  viol=705987.4567  obj=845331011.01
[Run 17 | FE 7168] best_local_obj=845331011.01  best_local_cost=139343554.32  best_local_viol=705987.4567
[Run 17 | Gen 120] cur_best: cost=139343554.32  viol=705987.4567  obj=845331011.01 | best_so_far: cost=139343554.32  viol=705987.4567  obj=845331011.01
[Run 17 | Gen 121] cur_best: cost=139343554.32  viol=705987.4567  obj=845331011.01 | best_so_far: cost=139343554.32  viol=705987.4567  obj=845331011.01
[Run 17 | Gen 122] cur_best: cost=139343554.32  viol=705987.4567  obj=845331011.01 | best_so_far: cost=139343554.32  viol=705987.4567  obj=845331011.01
[Run 17 | Gen 123] cur_best: cost=139343554.32  viol=705987.4567  obj=845331011.01 | best_so_far: cost=139343554.32  viol=705987.4567  obj=845331011.01
[Run 17 | FE 7424] best_local_obj=845331011.01  best_local_cost=139343554.32  best_local_viol=705987.4567
[Run 17 | Gen 124] cur_best: cost=139343554.32  viol=705987.4567  obj=845331011.01 | best_so_far: cost=139343554.32  viol=705987.4567  obj=845331011.01
[Run 17 | Gen 125] cur_best: cost=139343554.32  viol=705987.4567  obj=845331011.01 | best_so_far: cost=139343554.32  viol=705987.4567  obj=845331011.01
[Run 17 | Gen 126] cur_best: cost=139343554.32  viol=705987.4567  obj=845331011.01 | best_so_far: cost=139343554.32  viol=705987.4567  obj=845331011.01
[Run 17 | Gen 127] cur_best: cost=139343554.32  viol=705987.4567  obj=845331011.01 | best_so_far: cost=139343554.32  viol=705987.4567  obj=845331011.01
[Run 17 | FE 7680] best_local_obj=845331011.01  best_local_cost=139343554.32  best_local_viol=705987.4567
[Run 17 | Gen 128] cur_best: cost=139343554.32  viol=705987.4567  obj=845331011.01 | best_so_far: cost=139343554.32  viol=705987.4567  obj=845331011.01
[Run 17 | Gen 129] cur_best: cost=139343554.32  viol=705987.4567  obj=845331011.01 | best_so_far: cost=139343554.32  viol=705987.4567  obj=845331011.01
[Run 17 | Gen 130] cur_best: cost=139343554.32  viol=705987.4567  obj=845331011.01 | best_so_far: cost=139343554.32  viol=705987.4567  obj=845331011.01
[Run 17 | Gen 131] cur_best: cost=139343554.32  viol=705987.4567  obj=845331011.01 | best_so_far: cost=139343554.32  viol=705987.4567  obj=845331011.01
[Run 17 | Gen 132] cur_best: cost=139343554.32  viol=705987.4567  obj=845331011.01 | best_so_far: cost=139343554.32  viol=705987.4567  obj=845331011.01
[Run 17 | FE 7936] best_local_obj=845331011.01  best_local_cost=139343554.32  best_local_viol=705987.4567
[Run 17 | Gen 133] cur_best: cost=139343554.32  viol=705987.4567  obj=845331011.01 | best_so_far: cost=139343554.32  viol=705987.4567  obj=845331011.01
[Run 17 | Gen 134] cur_best: cost=139343554.32  viol=705987.4567  obj=845331011.01 | best_so_far: cost=139343554.32  viol=705987.4567  obj=845331011.01
[Run 17 | Gen 135] cur_best: cost=139343554.32  viol=705987.4567  obj=845331011.01 | best_so_far: cost=139343554.32  viol=705987.4567  obj=845331011.01
[Run 17 | Gen 136] cur_best: cost=139343554.32  viol=705987.4567  obj=845331011.01 | best_so_far: cost=139343554.32  viol=705987.4567  obj=845331011.01
[Run 17 | FE 8192] best_local_obj=845331011.01  best_local_cost=139343554.32  best_local_viol=705987.4567
[Run 17 | Gen 137] cur_best: cost=139343554.32  viol=705987.4567  obj=845331011.01 | best_so_far: cost=139343554.32  viol=705987.4567  obj=845331011.01
[Run 17 | Gen 138] cur_best: cost=139343554.32  viol=705987.4567  obj=845331011.01 | best_so_far: cost=139343554.32  viol=705987.4567  obj=845331011.01
[Run 17 | Gen 139] cur_best: cost=139343554.32  viol=705987.4567  obj=845331011.01 | best_so_far: cost=139343554.32  viol=705987.4567  obj=845331011.01
[Run 17 | Gen 140] cur_best: cost=139343554.32  viol=705987.4567  obj=845331011.01 | best_so_far: cost=139343554.32  viol=705987.4567  obj=845331011.01
[Run 17 | FE 8448] best_local_obj=845331011.01  best_local_cost=139343554.32  best_local_viol=705987.4567
[Run 17 | Gen 141] cur_best: cost=136856921.99  viol=707647.9959  obj=844504917.90 | best_so_far: cost=136856921.99  viol=707647.9959  obj=844504917.90
[Run 17 | Gen 142] cur_best: cost=136856921.99  viol=707647.9959  obj=844504917.90 | best_so_far: cost=136856921.99  viol=707647.9959  obj=844504917.90
[Run 17 | Gen 143] cur_best: cost=136856921.99  viol=707647.9959  obj=844504917.90 | best_so_far: cost=136856921.99  viol=707647.9959  obj=844504917.90
[Run 17 | Gen 144] cur_best: cost=136856921.99  viol=707647.9959  obj=844504917.90 | best_so_far: cost=136856921.99  viol=707647.9959  obj=844504917.90
[Run 17 | Gen 145] cur_best: cost=136856921.99  viol=707647.9959  obj=844504917.90 | best_so_far: cost=136856921.99  viol=707647.9959  obj=844504917.90
[Run 17 | FE 8704] best_local_obj=844504917.90  best_local_cost=136856921.99  best_local_viol=707647.9959
[Run 17 | Gen 146] cur_best: cost=136856921.99  viol=707647.9959  obj=844504917.90 | best_so_far: cost=136856921.99  viol=707647.9959  obj=844504917.90
[Run 17 | Gen 147] cur_best: cost=136856921.99  viol=707647.9959  obj=844504917.90 | best_so_far: cost=136856921.99  viol=707647.9959  obj=844504917.90
[Run 17 | Gen 148] cur_best: cost=136856921.99  viol=707647.9959  obj=844504917.90 | best_so_far: cost=136856921.99  viol=707647.9959  obj=844504917.90
[Run 17 | Gen 149] cur_best: cost=136856921.99  viol=707647.9959  obj=844504917.90 | best_so_far: cost=136856921.99  viol=707647.9959  obj=844504917.90
[Run 17 | FE 8960] best_local_obj=844504917.90  best_local_cost=136856921.99  best_local_viol=707647.9959
[Run 17 | Gen 150] cur_best: cost=136856921.99  viol=707647.9959  obj=844504917.90 | best_so_far: cost=136856921.99  viol=707647.9959  obj=844504917.90
[Run 17 | Gen 151] cur_best: cost=136856921.99  viol=707647.9959  obj=844504917.90 | best_so_far: cost=136856921.99  viol=707647.9959  obj=844504917.90
[Run 17 | Gen 152] cur_best: cost=136856921.99  viol=707647.9959  obj=844504917.90 | best_so_far: cost=136856921.99  viol=707647.9959  obj=844504917.90
[Run 17 | Gen 153] cur_best: cost=136856921.99  viol=707647.9959  obj=844504917.90 | best_so_far: cost=136856921.99  viol=707647.9959  obj=844504917.90
[Run 17 | FE 9216] best_local_obj=844504917.90  best_local_cost=136856921.99  best_local_viol=707647.9959
[Run 17 | Gen 154] cur_best: cost=136856921.99  viol=707647.9959  obj=844504917.90 | best_so_far: cost=136856921.99  viol=707647.9959  obj=844504917.90
[Run 17 | Gen 155] cur_best: cost=136856921.99  viol=707647.9959  obj=844504917.90 | best_so_far: cost=136856921.99  viol=707647.9959  obj=844504917.90
[Run 17 | Gen 156] cur_best: cost=136856921.99  viol=707647.9959  obj=844504917.90 | best_so_far: cost=136856921.99  viol=707647.9959  obj=844504917.90
[Run 17 | Gen 157] cur_best: cost=136856921.99  viol=707647.9959  obj=844504917.90 | best_so_far: cost=136856921.99  viol=707647.9959  obj=844504917.90
[Run 17 | FE 9472] best_local_obj=844504917.90  best_local_cost=136856921.99  best_local_viol=707647.9959
[Run 17 | Gen 158] cur_best: cost=136856921.99  viol=707647.9959  obj=844504917.90 | best_so_far: cost=136856921.99  viol=707647.9959  obj=844504917.90
[Run 17 | Gen 159] cur_best: cost=136856921.99  viol=707647.9959  obj=844504917.90 | best_so_far: cost=136856921.99  viol=707647.9959  obj=844504917.90
[Run 17 | Gen 160] cur_best: cost=136856921.99  viol=707647.9959  obj=844504917.90 | best_so_far: cost=136856921.99  viol=707647.9959  obj=844504917.90
[Run 17 | Gen 161] cur_best: cost=136856921.99  viol=707647.9959  obj=844504917.90 | best_so_far: cost=136856921.99  viol=707647.9959  obj=844504917.90
[Run 17 | Gen 162] cur_best: cost=136856921.99  viol=707647.9959  obj=844504917.90 | best_so_far: cost=136856921.99  viol=707647.9959  obj=844504917.90
[Run 17 | FE 9728] best_local_obj=844504917.90  best_local_cost=136856921.99  best_local_viol=707647.9959
[Run 17 | Gen 163] cur_best: cost=136856921.99  viol=707647.9959  obj=844504917.90 | best_so_far: cost=136856921.99  viol=707647.9959  obj=844504917.90
[Run 17 | Gen 164] cur_best: cost=136856921.99  viol=707647.9959  obj=844504917.90 | best_so_far: cost=136856921.99  viol=707647.9959  obj=844504917.90
[Run 17 | Gen 165] cur_best: cost=136856921.99  viol=707647.9959  obj=844504917.90 | best_so_far: cost=136856921.99  viol=707647.9959  obj=844504917.90
[Run 17 | Gen 166] cur_best: cost=136856921.99  viol=707647.9959  obj=844504917.90 | best_so_far: cost=136856921.99  viol=707647.9959  obj=844504917.90
[Run 17 | FE 9984] best_local_obj=844504917.90  best_local_cost=136856921.99  best_local_viol=707647.9959
[Run 17 | Gen 167] cur_best: cost=136856921.99  viol=707647.9959  obj=844504917.90 | best_so_far: cost=136856921.99  viol=707647.9959  obj=844504917.90
[Run 17 | Gen 168] cur_best: cost=136856921.99  viol=707647.9959  obj=844504917.90 | best_so_far: cost=136856921.99  viol=707647.9959  obj=844504917.90
[Run 17 | Gen 169] cur_best: cost=136856921.99  viol=707647.9959  obj=844504917.90 | best_so_far: cost=136856921.99  viol=707647.9959  obj=844504917.90
[Run 17 | Gen 170] cur_best: cost=136856921.99  viol=707647.9959  obj=844504917.90 | best_so_far: cost=136856921.99  viol=707647.9959  obj=844504917.90
[Run 17 | FE 10240] best_local_obj=844504917.90  best_local_cost=136856921.99  best_local_viol=707647.9959
[Run 17 | Gen 171] cur_best: cost=136856921.99  viol=707647.9959  obj=844504917.90 | best_so_far: cost=136856921.99  viol=707647.9959  obj=844504917.90
[Run 17 | Gen 172] cur_best: cost=136856921.99  viol=707647.9959  obj=844504917.90 | best_so_far: cost=136856921.99  viol=707647.9959  obj=844504917.90
[Run 17 | Gen 173] cur_best: cost=136856921.99  viol=707647.9959  obj=844504917.90 | best_so_far: cost=136856921.99  viol=707647.9959  obj=844504917.90
[Run 17 | Gen 174] cur_best: cost=136856921.99  viol=707647.9959  obj=844504917.90 | best_so_far: cost=136856921.99  viol=707647.9959  obj=844504917.90
[Run 17 | FE 10496] best_local_obj=844504917.90  best_local_cost=136856921.99  best_local_viol=707647.9959
[Run 17 | Gen 175] cur_best: cost=136856921.99  viol=707647.9959  obj=844504917.90 | best_so_far: cost=136856921.99  viol=707647.9959  obj=844504917.90
[Run 17 | Gen 176] cur_best: cost=136856921.99  viol=707647.9959  obj=844504917.90 | best_so_far: cost=136856921.99  viol=707647.9959  obj=844504917.90
[Run 17 | Gen 177] cur_best: cost=136856921.99  viol=707647.9959  obj=844504917.90 | best_so_far: cost=136856921.99  viol=707647.9959  obj=844504917.90
[Run 17 | Gen 178] cur_best: cost=142290676.75  viol=658874.4578  obj=801165134.55 | best_so_far: cost=142290676.75  viol=658874.4578  obj=801165134.55
[Run 17 | Gen 179] cur_best: cost=142290676.75  viol=658874.4578  obj=801165134.55 | best_so_far: cost=142290676.75  viol=658874.4578  obj=801165134.55
[Run 17 | FE 10752] best_local_obj=801165134.55  best_local_cost=142290676.75  best_local_viol=658874.4578
[Run 17 | Gen 180] cur_best: cost=142290676.75  viol=658874.4578  obj=801165134.55 | best_so_far: cost=142290676.75  viol=658874.4578  obj=801165134.55
[Run 17 | Gen 181] cur_best: cost=142290676.75  viol=658874.4578  obj=801165134.55 | best_so_far: cost=142290676.75  viol=658874.4578  obj=801165134.55
[Run 17 | Gen 182] cur_best: cost=142290676.75  viol=658874.4578  obj=801165134.55 | best_so_far: cost=142290676.75  viol=658874.4578  obj=801165134.55
[Run 17 | Gen 183] cur_best: cost=142290676.75  viol=658874.4578  obj=801165134.55 | best_so_far: cost=142290676.75  viol=658874.4578  obj=801165134.55
[Run 17 | FE 11008] best_local_obj=801165134.55  best_local_cost=142290676.75  best_local_viol=658874.4578
[Run 17 | Gen 184] cur_best: cost=142290676.75  viol=658874.4578  obj=801165134.55 | best_so_far: cost=142290676.75  viol=658874.4578  obj=801165134.55
[Run 17 | Gen 185] cur_best: cost=142290676.75  viol=658874.4578  obj=801165134.55 | best_so_far: cost=142290676.75  viol=658874.4578  obj=801165134.55
[Run 17 | Gen 186] cur_best: cost=142290676.75  viol=658874.4578  obj=801165134.55 | best_so_far: cost=142290676.75  viol=658874.4578  obj=801165134.55
[Run 17 | Gen 187] cur_best: cost=142290676.75  viol=658874.4578  obj=801165134.55 | best_so_far: cost=142290676.75  viol=658874.4578  obj=801165134.55
[Run 17 | FE 11264] best_local_obj=801165134.55  best_local_cost=142290676.75  best_local_viol=658874.4578
[Run 17 | Gen 188] cur_best: cost=142290676.75  viol=658874.4578  obj=801165134.55 | best_so_far: cost=142290676.75  viol=658874.4578  obj=801165134.55
[Run 17 | Gen 189] cur_best: cost=142290676.75  viol=658874.4578  obj=801165134.55 | best_so_far: cost=142290676.75  viol=658874.4578  obj=801165134.55
[Run 17 | Gen 190] cur_best: cost=142290676.75  viol=658874.4578  obj=801165134.55 | best_so_far: cost=142290676.75  viol=658874.4578  obj=801165134.55
[Run 17 | Gen 191] cur_best: cost=142290676.75  viol=658874.4578  obj=801165134.55 | best_so_far: cost=142290676.75  viol=658874.4578  obj=801165134.55
[Run 17 | FE 11520] best_local_obj=801165134.55  best_local_cost=142290676.75  best_local_viol=658874.4578
[Run 17 | Gen 192] cur_best: cost=142290676.75  viol=658874.4578  obj=801165134.55 | best_so_far: cost=142290676.75  viol=658874.4578  obj=801165134.55
[Run 17 | Gen 193] cur_best: cost=142290676.75  viol=658874.4578  obj=801165134.55 | best_so_far: cost=142290676.75  viol=658874.4578  obj=801165134.55
[Run 17 | Gen 194] cur_best: cost=142290676.75  viol=658874.4578  obj=801165134.55 | best_so_far: cost=142290676.75  viol=658874.4578  obj=801165134.55
[Run 17 | Gen 195] cur_best: cost=142290676.75  viol=658874.4578  obj=801165134.55 | best_so_far: cost=142290676.75  viol=658874.4578  obj=801165134.55
[Run 17 | Gen 196] cur_best: cost=142290676.75  viol=658874.4578  obj=801165134.55 | best_so_far: cost=142290676.75  viol=658874.4578  obj=801165134.55
[Run 17 | FE 11776] best_local_obj=801165134.55  best_local_cost=142290676.75  best_local_viol=658874.4578
[Run 17 | Gen 197] cur_best: cost=142290676.75  viol=658874.4578  obj=801165134.55 | best_so_far: cost=142290676.75  viol=658874.4578  obj=801165134.55
[Run 17 | Gen 198] cur_best: cost=142290676.75  viol=658874.4578  obj=801165134.55 | best_so_far: cost=142290676.75  viol=658874.4578  obj=801165134.55
[Run 17 | Gen 199] cur_best: cost=142290676.75  viol=658874.4578  obj=801165134.55 | best_so_far: cost=142290676.75  viol=658874.4578  obj=801165134.55
[Run 17 | Gen 200] cur_best: cost=142290676.75  viol=658874.4578  obj=801165134.55 | best_so_far: cost=142290676.75  viol=658874.4578  obj=801165134.55
[Run 17 | FE 12032] best_local_obj=801165134.55  best_local_cost=142290676.75  best_local_viol=658874.4578
[Run 17 | Gen 201] cur_best: cost=142290676.75  viol=658874.4578  obj=801165134.55 | best_so_far: cost=142290676.75  viol=658874.4578  obj=801165134.55
[Run 17 | Gen 202] cur_best: cost=142290676.75  viol=658874.4578  obj=801165134.55 | best_so_far: cost=142290676.75  viol=658874.4578  obj=801165134.55
[Run 17 | Gen 203] cur_best: cost=142290676.75  viol=658874.4578  obj=801165134.55 | best_so_far: cost=142290676.75  viol=658874.4578  obj=801165134.55
[Run 17 | Gen 204] cur_best: cost=142290676.75  viol=658874.4578  obj=801165134.55 | best_so_far: cost=142290676.75  viol=658874.4578  obj=801165134.55
[Run 17 | FE 12288] best_local_obj=801165134.55  best_local_cost=142290676.75  best_local_viol=658874.4578
[Run 17 | Gen 205] cur_best: cost=142290676.75  viol=658874.4578  obj=801165134.55 | best_so_far: cost=142290676.75  viol=658874.4578  obj=801165134.55
[Run 17 | Gen 206] cur_best: cost=142290676.75  viol=658874.4578  obj=801165134.55 | best_so_far: cost=142290676.75  viol=658874.4578  obj=801165134.55
[Run 17 | Gen 207] cur_best: cost=142290676.75  viol=658874.4578  obj=801165134.55 | best_so_far: cost=142290676.75  viol=658874.4578  obj=801165134.55
[Run 17 | Gen 208] cur_best: cost=143119554.85  viol=649413.7430  obj=792533297.84 | best_so_far: cost=143119554.85  viol=649413.7430  obj=792533297.84
[Run 17 | Gen 209] cur_best: cost=143119554.85  viol=649413.7430  obj=792533297.84 | best_so_far: cost=143119554.85  viol=649413.7430  obj=792533297.84
[Run 17 | FE 12544] best_local_obj=792533297.84  best_local_cost=143119554.85  best_local_viol=649413.7430
[Run 17 | Gen 210] cur_best: cost=143119554.85  viol=649413.7430  obj=792533297.84 | best_so_far: cost=143119554.85  viol=649413.7430  obj=792533297.84
[Run 17 | Gen 211] cur_best: cost=143119554.85  viol=649413.7430  obj=792533297.84 | best_so_far: cost=143119554.85  viol=649413.7430  obj=792533297.84
[Run 17 | Gen 212] cur_best: cost=143119554.85  viol=649413.7430  obj=792533297.84 | best_so_far: cost=143119554.85  viol=649413.7430  obj=792533297.84
[Run 17 | Gen 213] cur_best: cost=143119554.85  viol=649413.7430  obj=792533297.84 | best_so_far: cost=143119554.85  viol=649413.7430  obj=792533297.84
[Run 17 | FE 12800] best_local_obj=792533297.84  best_local_cost=143119554.85  best_local_viol=649413.7430
[Run 17 | Gen 214] cur_best: cost=143119554.85  viol=649413.7430  obj=792533297.84 | best_so_far: cost=143119554.85  viol=649413.7430  obj=792533297.84

[Stop] reached max_total_fe=12800.

[Run 17] best_global_cost=143119554.8548, best_global_viol=649413.742988, best_global_obj=792533297.8433
[Done] summary=/work/home/acn1eb8nfq/yuezhang46/GFcode/GF实验一：横向对比/ga_global_logs/run_17_seed_1017/runs_summary.csv
