[RunConfig] run_id=16 seed=1016
[OutputDir] /work/home/acn1eb8nfq/yuezhang46/GFcode/GF实验一：横向对比/ga_global_logs/run_16_seed_1016
[Info] #nodes = 1810
[Load] Reading scenarios ...
  - spring: raw edges=3686, days=31
  - summer: raw edges=3686, days=30
  - autumn: raw edges=3686, days=31
  - winter: raw edges=3686, days=30
[Filter] EDGE_WEIGHT_MIN=1.0
  - active_nodes=1450  inactive_nodes(fixed NONE)=360
  - spring: removed=2281, kept=1405
  - summer: removed=2206, kept=1480
  - autumn: removed=2131, kept=1555
  - winter: removed=2189, kept=1497
  - spring: filtered edges (active subgraph)=1405
  - summer: filtered edges (active subgraph)=1480
  - autumn: filtered edges (active subgraph)=1555
  - winter: filtered edges (active subgraph)=1497
[GA] Initialize population ...
[GA] Init population generated.
[GA] Evolve under FE budget ...
[Run 16 | Gen 1] cur_best: cost=80401101.42  viol=1378045.2086  obj=1458446310.06 | best_so_far: cost=80401101.42  viol=1378045.2086  obj=1458446310.06
[Run 16 | Gen 2] cur_best: cost=80401101.42  viol=1378045.2086  obj=1458446310.06 | best_so_far: cost=80401101.42  viol=1378045.2086  obj=1458446310.06
[Run 16 | Gen 3] cur_best: cost=91544910.20  viol=1180087.3747  obj=1271632284.94 | best_so_far: cost=91544910.20  viol=1180087.3747  obj=1271632284.94
[Run 16 | Gen 4] cur_best: cost=91544910.20  viol=1180087.3747  obj=1271632284.94 | best_so_far: cost=91544910.20  viol=1180087.3747  obj=1271632284.94
[Run 16 | FE 256] best_local_obj=1271632284.94  best_local_cost=91544910.20  best_local_viol=1180087.3747
[Run 16 | Gen 5] cur_best: cost=91544910.20  viol=1180087.3747  obj=1271632284.94 | best_so_far: cost=91544910.20  viol=1180087.3747  obj=1271632284.94
[Run 16 | Gen 6] cur_best: cost=91544910.20  viol=1180087.3747  obj=1271632284.94 | best_so_far: cost=91544910.20  viol=1180087.3747  obj=1271632284.94
[Run 16 | Gen 7] cur_best: cost=103517593.41  viol=1049629.5771  obj=1153147170.51 | best_so_far: cost=103517593.41  viol=1049629.5771  obj=1153147170.51
[Run 16 | Gen 8] cur_best: cost=103517593.41  viol=1049629.5771  obj=1153147170.51 | best_so_far: cost=103517593.41  viol=1049629.5771  obj=1153147170.51
[Run 16 | FE 512] best_local_obj=1153147170.51  best_local_cost=103517593.41  best_local_viol=1049629.5771
[Run 16 | Gen 9] cur_best: cost=106464715.84  viol=933046.4208  obj=1039511136.67 | best_so_far: cost=106464715.84  viol=933046.4208  obj=1039511136.67
[Run 16 | Gen 10] cur_best: cost=106464715.84  viol=933046.4208  obj=1039511136.67 | best_so_far: cost=106464715.84  viol=933046.4208  obj=1039511136.67
[Run 16 | Gen 11] cur_best: cost=106464715.84  viol=933046.4208  obj=1039511136.67 | best_so_far: cost=106464715.84  viol=933046.4208  obj=1039511136.67
[Run 16 | Gen 12] cur_best: cost=106464715.84  viol=933046.4208  obj=1039511136.67 | best_so_far: cost=106464715.84  viol=933046.4208  obj=1039511136.67
[Run 16 | FE 768] best_local_obj=1039511136.67  best_local_cost=106464715.84  best_local_viol=933046.4208
[Run 16 | Gen 13] cur_best: cost=112174764.52  viol=912391.9717  obj=1024566736.21 | best_so_far: cost=112174764.52  viol=912391.9717  obj=1024566736.21
[Run 16 | Gen 14] cur_best: cost=112174764.52  viol=912391.9717  obj=1024566736.21 | best_so_far: cost=112174764.52  viol=912391.9717  obj=1024566736.21
[Run 16 | Gen 15] cur_best: cost=112174764.52  viol=912391.9717  obj=1024566736.21 | best_so_far: cost=112174764.52  viol=912391.9717  obj=1024566736.21
[Run 16 | Gen 16] cur_best: cost=112174764.52  viol=912391.9717  obj=1024566736.21 | best_so_far: cost=112174764.52  viol=912391.9717  obj=1024566736.21
[Run 16 | Gen 17] cur_best: cost=129489112.42  viol=811853.3156  obj=941342428.05 | best_so_far: cost=129489112.42  viol=811853.3156  obj=941342428.05
[Run 16 | FE 1024] best_local_obj=941342428.05  best_local_cost=129489112.42  best_local_viol=811853.3156
[Run 16 | Gen 18] cur_best: cost=129489112.42  viol=811853.3156  obj=941342428.05 | best_so_far: cost=129489112.42  viol=811853.3156  obj=941342428.05
[Run 16 | Gen 19] cur_best: cost=129489112.42  viol=811853.3156  obj=941342428.05 | best_so_far: cost=129489112.42  viol=811853.3156  obj=941342428.05
[Run 16 | Gen 20] cur_best: cost=129489112.42  viol=811853.3156  obj=941342428.05 | best_so_far: cost=129489112.42  viol=811853.3156  obj=941342428.05
[Run 16 | Gen 21] cur_best: cost=130594283.12  viol=694663.3627  obj=825257645.82 | best_so_far: cost=130594283.12  viol=694663.3627  obj=825257645.82
[Run 16 | FE 1280] best_local_obj=825257645.82  best_local_cost=130594283.12  best_local_viol=694663.3627
[Run 16 | Gen 22] cur_best: cost=130594283.12  viol=694663.3627  obj=825257645.82 | best_so_far: cost=130594283.12  viol=694663.3627  obj=825257645.82
[Run 16 | Gen 23] cur_best: cost=130594283.12  viol=694663.3627  obj=825257645.82 | best_so_far: cost=130594283.12  viol=694663.3627  obj=825257645.82
[Run 16 | Gen 24] cur_best: cost=130594283.12  viol=694663.3627  obj=825257645.82 | best_so_far: cost=130594283.12  viol=694663.3627  obj=825257645.82
[Run 16 | Gen 25] cur_best: cost=130594283.12  viol=694663.3627  obj=825257645.82 | best_so_far: cost=130594283.12  viol=694663.3627  obj=825257645.82
[Run 16 | FE 1536] best_local_obj=825257645.82  best_local_cost=130594283.12  best_local_viol=694663.3627
[Run 16 | Gen 26] cur_best: cost=130594283.12  viol=694663.3627  obj=825257645.82 | best_so_far: cost=130594283.12  viol=694663.3627  obj=825257645.82
[Run 16 | Gen 27] cur_best: cost=130594283.12  viol=694663.3627  obj=825257645.82 | best_so_far: cost=130594283.12  viol=694663.3627  obj=825257645.82
[Run 16 | Gen 28] cur_best: cost=130594283.12  viol=694663.3627  obj=825257645.82 | best_so_far: cost=130594283.12  viol=694663.3627  obj=825257645.82
[Run 16 | Gen 29] cur_best: cost=130594283.12  viol=694663.3627  obj=825257645.82 | best_so_far: cost=130594283.12  viol=694663.3627  obj=825257645.82
[Run 16 | FE 1792] best_local_obj=825257645.82  best_local_cost=130594283.12  best_local_viol=694663.3627
[Run 16 | Gen 30] cur_best: cost=130594283.12  viol=694663.3627  obj=825257645.82 | best_so_far: cost=130594283.12  viol=694663.3627  obj=825257645.82
[Run 16 | Gen 31] cur_best: cost=130594283.12  viol=694663.3627  obj=825257645.82 | best_so_far: cost=130594283.12  viol=694663.3627  obj=825257645.82
[Run 16 | Gen 32] cur_best: cost=130594283.12  viol=694663.3627  obj=825257645.82 | best_so_far: cost=130594283.12  viol=694663.3627  obj=825257645.82
[Run 16 | Gen 33] cur_best: cost=130594283.12  viol=694663.3627  obj=825257645.82 | best_so_far: cost=130594283.12  viol=694663.3627  obj=825257645.82
[Run 16 | Gen 34] cur_best: cost=130594283.12  viol=694663.3627  obj=825257645.82 | best_so_far: cost=130594283.12  viol=694663.3627  obj=825257645.82
[Run 16 | FE 2048] best_local_obj=825257645.82  best_local_cost=130594283.12  best_local_viol=694663.3627
[Run 16 | Gen 35] cur_best: cost=130594283.12  viol=694663.3627  obj=825257645.82 | best_so_far: cost=130594283.12  viol=694663.3627  obj=825257645.82
[Run 16 | Gen 36] cur_best: cost=130594283.12  viol=694663.3627  obj=825257645.82 | best_so_far: cost=130594283.12  viol=694663.3627  obj=825257645.82
[Run 16 | Gen 37] cur_best: cost=130594283.12  viol=694663.3627  obj=825257645.82 | best_so_far: cost=130594283.12  viol=694663.3627  obj=825257645.82
[Run 16 | Gen 38] cur_best: cost=130594283.12  viol=694663.3627  obj=825257645.82 | best_so_far: cost=130594283.12  viol=694663.3627  obj=825257645.82
[Run 16 | FE 2304] best_local_obj=825257645.82  best_local_cost=130594283.12  best_local_viol=694663.3627
[Run 16 | Gen 39] cur_best: cost=130594283.12  viol=694663.3627  obj=825257645.82 | best_so_far: cost=130594283.12  viol=694663.3627  obj=825257645.82
[Run 16 | Gen 40] cur_best: cost=137409502.83  viol=684681.8900  obj=822091392.82 | best_so_far: cost=137409502.83  viol=684681.8900  obj=822091392.82
[Run 16 | Gen 41] cur_best: cost=137409502.83  viol=684681.8900  obj=822091392.82 | best_so_far: cost=137409502.83  viol=684681.8900  obj=822091392.82
[Run 16 | Gen 42] cur_best: cost=137409502.83  viol=684681.8900  obj=822091392.82 | best_so_far: cost=137409502.83  viol=684681.8900  obj=822091392.82
[Run 16 | FE 2560] best_local_obj=822091392.82  best_local_cost=137409502.83  best_local_viol=684681.8900
[Run 16 | Gen 43] cur_best: cost=137409502.83  viol=684681.8900  obj=822091392.82 | best_so_far: cost=137409502.83  viol=684681.8900  obj=822091392.82
[Run 16 | Gen 44] cur_best: cost=137409502.83  viol=684681.8900  obj=822091392.82 | best_so_far: cost=137409502.83  viol=684681.8900  obj=822091392.82
[Run 16 | Gen 45] cur_best: cost=137409502.83  viol=684681.8900  obj=822091392.82 | best_so_far: cost=137409502.83  viol=684681.8900  obj=822091392.82
[Run 16 | Gen 46] cur_best: cost=137409502.83  viol=684681.8900  obj=822091392.82 | best_so_far: cost=137409502.83  viol=684681.8900  obj=822091392.82
[Run 16 | FE 2816] best_local_obj=822091392.82  best_local_cost=137409502.83  best_local_viol=684681.8900
[Run 16 | Gen 47] cur_best: cost=137409502.83  viol=684681.8900  obj=822091392.82 | best_so_far: cost=137409502.83  viol=684681.8900  obj=822091392.82
[Run 16 | Gen 48] cur_best: cost=137409502.83  viol=684681.8900  obj=822091392.82 | best_so_far: cost=137409502.83  viol=684681.8900  obj=822091392.82
[Run 16 | Gen 49] cur_best: cost=137409502.83  viol=684681.8900  obj=822091392.82 | best_so_far: cost=137409502.83  viol=684681.8900  obj=822091392.82
[Run 16 | Gen 50] cur_best: cost=137409502.83  viol=684681.8900  obj=822091392.82 | best_so_far: cost=137409502.83  viol=684681.8900  obj=822091392.82
[Run 16 | Gen 51] cur_best: cost=137409502.83  viol=684681.8900  obj=822091392.82 | best_so_far: cost=137409502.83  viol=684681.8900  obj=822091392.82
[Run 16 | FE 3072] best_local_obj=822091392.82  best_local_cost=137409502.83  best_local_viol=684681.8900
[Run 16 | Gen 52] cur_best: cost=137409502.83  viol=684681.8900  obj=822091392.82 | best_so_far: cost=137409502.83  viol=684681.8900  obj=822091392.82
[Run 16 | Gen 53] cur_best: cost=137409502.83  viol=684681.8900  obj=822091392.82 | best_so_far: cost=137409502.83  viol=684681.8900  obj=822091392.82
[Run 16 | Gen 54] cur_best: cost=137409502.83  viol=684681.8900  obj=822091392.82 | best_so_far: cost=137409502.83  viol=684681.8900  obj=822091392.82
[Run 16 | Gen 55] cur_best: cost=137409502.83  viol=684681.8900  obj=822091392.82 | best_so_far: cost=137409502.83  viol=684681.8900  obj=822091392.82
[Run 16 | FE 3328] best_local_obj=822091392.82  best_local_cost=137409502.83  best_local_viol=684681.8900
[Run 16 | Gen 56] cur_best: cost=137409502.83  viol=684681.8900  obj=822091392.82 | best_so_far: cost=137409502.83  viol=684681.8900  obj=822091392.82
[Run 16 | Gen 57] cur_best: cost=137409502.83  viol=684681.8900  obj=822091392.82 | best_so_far: cost=137409502.83  viol=684681.8900  obj=822091392.82
[Run 16 | Gen 58] cur_best: cost=137409502.83  viol=684681.8900  obj=822091392.82 | best_so_far: cost=137409502.83  viol=684681.8900  obj=822091392.82
[Run 16 | Gen 59] cur_best: cost=137409502.83  viol=684681.8900  obj=822091392.82 | best_so_far: cost=137409502.83  viol=684681.8900  obj=822091392.82
[Run 16 | FE 3584] best_local_obj=822091392.82  best_local_cost=137409502.83  best_local_viol=684681.8900
[Run 16 | Gen 60] cur_best: cost=137409502.83  viol=684681.8900  obj=822091392.82 | best_so_far: cost=137409502.83  viol=684681.8900  obj=822091392.82
[Run 16 | Gen 61] cur_best: cost=137409502.83  viol=684681.8900  obj=822091392.82 | best_so_far: cost=137409502.83  viol=684681.8900  obj=822091392.82
[Run 16 | Gen 62] cur_best: cost=137409502.83  viol=684681.8900  obj=822091392.82 | best_so_far: cost=137409502.83  viol=684681.8900  obj=822091392.82
[Run 16 | Gen 63] cur_best: cost=137409502.83  viol=684681.8900  obj=822091392.82 | best_so_far: cost=137409502.83  viol=684681.8900  obj=822091392.82
[Run 16 | FE 3840] best_local_obj=822091392.82  best_local_cost=137409502.83  best_local_viol=684681.8900
[Run 16 | Gen 64] cur_best: cost=137409502.83  viol=684681.8900  obj=822091392.82 | best_so_far: cost=137409502.83  viol=684681.8900  obj=822091392.82
[Run 16 | Gen 65] cur_best: cost=137409502.83  viol=684681.8900  obj=822091392.82 | best_so_far: cost=137409502.83  viol=684681.8900  obj=822091392.82
[Run 16 | Gen 66] cur_best: cost=137409502.83  viol=684681.8900  obj=822091392.82 | best_so_far: cost=137409502.83  viol=684681.8900  obj=822091392.82
[Run 16 | Gen 67] cur_best: cost=137409502.83  viol=684681.8900  obj=822091392.82 | best_so_far: cost=137409502.83  viol=684681.8900  obj=822091392.82
[Run 16 | Gen 68] cur_best: cost=137409502.83  viol=684681.8900  obj=822091392.82 | best_so_far: cost=137409502.83  viol=684681.8900  obj=822091392.82
[Run 16 | FE 4096] best_local_obj=822091392.82  best_local_cost=137409502.83  best_local_viol=684681.8900
[Run 16 | Gen 69] cur_best: cost=137409502.83  viol=684681.8900  obj=822091392.82 | best_so_far: cost=137409502.83  viol=684681.8900  obj=822091392.82
[Run 16 | Gen 70] cur_best: cost=137409502.83  viol=684681.8900  obj=822091392.82 | best_so_far: cost=137409502.83  viol=684681.8900  obj=822091392.82
[Run 16 | Gen 71] cur_best: cost=137409502.83  viol=684681.8900  obj=822091392.82 | best_so_far: cost=137409502.83  viol=684681.8900  obj=822091392.82
[Run 16 | Gen 72] cur_best: cost=137409502.83  viol=684681.8900  obj=822091392.82 | best_so_far: cost=137409502.83  viol=684681.8900  obj=822091392.82
[Run 16 | FE 4352] best_local_obj=822091392.82  best_local_cost=137409502.83  best_local_viol=684681.8900
[Run 16 | Gen 73] cur_best: cost=137409502.83  viol=684681.8900  obj=822091392.82 | best_so_far: cost=137409502.83  viol=684681.8900  obj=822091392.82
[Run 16 | Gen 74] cur_best: cost=137409502.83  viol=684681.8900  obj=822091392.82 | best_so_far: cost=137409502.83  viol=684681.8900  obj=822091392.82
[Run 16 | Gen 75] cur_best: cost=137409502.83  viol=684681.8900  obj=822091392.82 | best_so_far: cost=137409502.83  viol=684681.8900  obj=822091392.82
[Run 16 | Gen 76] cur_best: cost=137409502.83  viol=684681.8900  obj=822091392.82 | best_so_far: cost=137409502.83  viol=684681.8900  obj=822091392.82
[Run 16 | FE 4608] best_local_obj=822091392.82  best_local_cost=137409502.83  best_local_viol=684681.8900
[Run 16 | Gen 77] cur_best: cost=137409502.83  viol=684681.8900  obj=822091392.82 | best_so_far: cost=137409502.83  viol=684681.8900  obj=822091392.82
[Run 16 | Gen 78] cur_best: cost=137409502.83  viol=684681.8900  obj=822091392.82 | best_so_far: cost=137409502.83  viol=684681.8900  obj=822091392.82
[Run 16 | Gen 79] cur_best: cost=137409502.83  viol=684681.8900  obj=822091392.82 | best_so_far: cost=137409502.83  viol=684681.8900  obj=822091392.82
[Run 16 | Gen 80] cur_best: cost=137409502.83  viol=684681.8900  obj=822091392.82 | best_so_far: cost=137409502.83  viol=684681.8900  obj=822091392.82
[Run 16 | Gen 81] cur_best: cost=137409502.83  viol=684681.8900  obj=822091392.82 | best_so_far: cost=137409502.83  viol=684681.8900  obj=822091392.82
[Run 16 | FE 4864] best_local_obj=822091392.82  best_local_cost=137409502.83  best_local_viol=684681.8900
[Run 16 | Gen 82] cur_best: cost=137409502.83  viol=684681.8900  obj=822091392.82 | best_so_far: cost=137409502.83  viol=684681.8900  obj=822091392.82
[Run 16 | Gen 83] cur_best: cost=137409502.83  viol=684681.8900  obj=822091392.82 | best_so_far: cost=137409502.83  viol=684681.8900  obj=822091392.82
[Run 16 | Gen 84] cur_best: cost=137409502.83  viol=684681.8900  obj=822091392.82 | best_so_far: cost=137409502.83  viol=684681.8900  obj=822091392.82
[Run 16 | Gen 85] cur_best: cost=137409502.83  viol=684681.8900  obj=822091392.82 | best_so_far: cost=137409502.83  viol=684681.8900  obj=822091392.82
[Run 16 | FE 5120] best_local_obj=822091392.82  best_local_cost=137409502.83  best_local_viol=684681.8900
[Run 16 | Gen 86] cur_best: cost=137409502.83  viol=684681.8900  obj=822091392.82 | best_so_far: cost=137409502.83  viol=684681.8900  obj=822091392.82
[Run 16 | Gen 87] cur_best: cost=137409502.83  viol=684681.8900  obj=822091392.82 | best_so_far: cost=137409502.83  viol=684681.8900  obj=822091392.82
[Run 16 | Gen 88] cur_best: cost=137409502.83  viol=684681.8900  obj=822091392.82 | best_so_far: cost=137409502.83  viol=684681.8900  obj=822091392.82
[Run 16 | Gen 89] cur_best: cost=137409502.83  viol=684681.8900  obj=822091392.82 | best_so_far: cost=137409502.83  viol=684681.8900  obj=822091392.82
[Run 16 | FE 5376] best_local_obj=822091392.82  best_local_cost=137409502.83  best_local_viol=684681.8900
[Run 16 | Gen 90] cur_best: cost=137409502.83  viol=684681.8900  obj=822091392.82 | best_so_far: cost=137409502.83  viol=684681.8900  obj=822091392.82
[Run 16 | Gen 91] cur_best: cost=137409502.83  viol=684681.8900  obj=822091392.82 | best_so_far: cost=137409502.83  viol=684681.8900  obj=822091392.82
[Run 16 | Gen 92] cur_best: cost=137409502.83  viol=684681.8900  obj=822091392.82 | best_so_far: cost=137409502.83  viol=684681.8900  obj=822091392.82
[Run 16 | Gen 93] cur_best: cost=137409502.83  viol=684681.8900  obj=822091392.82 | best_so_far: cost=137409502.83  viol=684681.8900  obj=822091392.82
[Run 16 | FE 5632] best_local_obj=822091392.82  best_local_cost=137409502.83  best_local_viol=684681.8900
[Run 16 | Gen 94] cur_best: cost=137409502.83  viol=684681.8900  obj=822091392.82 | best_so_far: cost=137409502.83  viol=684681.8900  obj=822091392.82
[Run 16 | Gen 95] cur_best: cost=137409502.83  viol=684681.8900  obj=822091392.82 | best_so_far: cost=137409502.83  viol=684681.8900  obj=822091392.82
[Run 16 | Gen 96] cur_best: cost=137409502.83  viol=684681.8900  obj=822091392.82 | best_so_far: cost=137409502.83  viol=684681.8900  obj=822091392.82
[Run 16 | Gen 97] cur_best: cost=137409502.83  viol=684681.8900  obj=822091392.82 | best_so_far: cost=137409502.83  viol=684681.8900  obj=822091392.82
[Run 16 | Gen 98] cur_best: cost=137409502.83  viol=684681.8900  obj=822091392.82 | best_so_far: cost=137409502.83  viol=684681.8900  obj=822091392.82
[Run 16 | FE 5888] best_local_obj=822091392.82  best_local_cost=137409502.83  best_local_viol=684681.8900
[Run 16 | Gen 99] cur_best: cost=137409502.83  viol=684681.8900  obj=822091392.82 | best_so_far: cost=137409502.83  viol=684681.8900  obj=822091392.82
[Run 16 | Gen 100] cur_best: cost=137409502.83  viol=684681.8900  obj=822091392.82 | best_so_far: cost=137409502.83  viol=684681.8900  obj=822091392.82
[Run 16 | Gen 101] cur_best: cost=137409502.83  viol=684681.8900  obj=822091392.82 | best_so_far: cost=137409502.83  viol=684681.8900  obj=822091392.82
[Run 16 | Gen 102] cur_best: cost=137409502.83  viol=684681.8900  obj=822091392.82 | best_so_far: cost=137409502.83  viol=684681.8900  obj=822091392.82
[Run 16 | FE 6144] best_local_obj=822091392.82  best_local_cost=137409502.83  best_local_viol=684681.8900
[Run 16 | Gen 103] cur_best: cost=137409502.83  viol=684681.8900  obj=822091392.82 | best_so_far: cost=137409502.83  viol=684681.8900  obj=822091392.82
[Run 16 | Gen 104] cur_best: cost=137409502.83  viol=684681.8900  obj=822091392.82 | best_so_far: cost=137409502.83  viol=684681.8900  obj=822091392.82
[Run 16 | Gen 105] cur_best: cost=137409502.83  viol=684681.8900  obj=822091392.82 | best_so_far: cost=137409502.83  viol=684681.8900  obj=822091392.82
[Run 16 | Gen 106] cur_best: cost=137409502.83  viol=684681.8900  obj=822091392.82 | best_so_far: cost=137409502.83  viol=684681.8900  obj=822091392.82
[Run 16 | FE 6400] best_local_obj=822091392.82  best_local_cost=137409502.83  best_local_viol=684681.8900
[Run 16 | Gen 107] cur_best: cost=137409502.83  viol=684681.8900  obj=822091392.82 | best_so_far: cost=137409502.83  viol=684681.8900  obj=822091392.82
[Run 16 | Gen 108] cur_best: cost=137409502.83  viol=684681.8900  obj=822091392.82 | best_so_far: cost=137409502.83  viol=684681.8900  obj=822091392.82
[Run 16 | Gen 109] cur_best: cost=137409502.83  viol=684681.8900  obj=822091392.82 | best_so_far: cost=137409502.83  viol=684681.8900  obj=822091392.82
[Run 16 | Gen 110] cur_best: cost=137409502.83  viol=684681.8900  obj=822091392.82 | best_so_far: cost=137409502.83  viol=684681.8900  obj=822091392.82
[Run 16 | FE 6656] best_local_obj=758227397.68  best_local_cost=139343551.98  best_local_viol=618883.8457
[Run 16 | Gen 111] cur_best: cost=139343551.98  viol=618883.8457  obj=758227397.68 | best_so_far: cost=139343551.98  viol=618883.8457  obj=758227397.68
[Run 16 | Gen 112] cur_best: cost=139343551.98  viol=618883.8457  obj=758227397.68 | best_so_far: cost=139343551.98  viol=618883.8457  obj=758227397.68
[Run 16 | Gen 113] cur_best: cost=139343551.98  viol=618883.8457  obj=758227397.68 | best_so_far: cost=139343551.98  viol=618883.8457  obj=758227397.68
[Run 16 | Gen 114] cur_best: cost=139343551.98  viol=618883.8457  obj=758227397.68 | best_so_far: cost=139343551.98  viol=618883.8457  obj=758227397.68
[Run 16 | Gen 115] cur_best: cost=139343551.98  viol=618883.8457  obj=758227397.68 | best_so_far: cost=139343551.98  viol=618883.8457  obj=758227397.68
[Run 16 | FE 6912] best_local_obj=758227397.68  best_local_cost=139343551.98  best_local_viol=618883.8457
[Run 16 | Gen 116] cur_best: cost=139343551.98  viol=618883.8457  obj=758227397.68 | best_so_far: cost=139343551.98  viol=618883.8457  obj=758227397.68
[Run 16 | Gen 117] cur_best: cost=139343551.98  viol=618883.8457  obj=758227397.68 | best_so_far: cost=139343551.98  viol=618883.8457  obj=758227397.68
[Run 16 | Gen 118] cur_best: cost=139343551.98  viol=618883.8457  obj=758227397.68 | best_so_far: cost=139343551.98  viol=618883.8457  obj=758227397.68
[Run 16 | Gen 119] cur_best: cost=139343551.98  viol=618883.8457  obj=758227397.68 | best_so_far: cost=139343551.98  viol=618883.8457  obj=758227397.68
[Run 16 | FE 7168] best_local_obj=758227397.68  best_local_cost=139343551.98  best_local_viol=618883.8457
[Run 16 | Gen 120] cur_best: cost=139343551.98  viol=618883.8457  obj=758227397.68 | best_so_far: cost=139343551.98  viol=618883.8457  obj=758227397.68
[Run 16 | Gen 121] cur_best: cost=139343551.98  viol=618883.8457  obj=758227397.68 | best_so_far: cost=139343551.98  viol=618883.8457  obj=758227397.68
[Run 16 | Gen 122] cur_best: cost=139343551.98  viol=618883.8457  obj=758227397.68 | best_so_far: cost=139343551.98  viol=618883.8457  obj=758227397.68
[Run 16 | Gen 123] cur_best: cost=139343551.98  viol=618883.8457  obj=758227397.68 | best_so_far: cost=139343551.98  viol=618883.8457  obj=758227397.68
[Run 16 | FE 7424] best_local_obj=758227397.68  best_local_cost=139343551.98  best_local_viol=618883.8457
[Run 16 | Gen 124] cur_best: cost=139343551.98  viol=618883.8457  obj=758227397.68 | best_so_far: cost=139343551.98  viol=618883.8457  obj=758227397.68
[Run 16 | Gen 125] cur_best: cost=139343551.98  viol=618883.8457  obj=758227397.68 | best_so_far: cost=139343551.98  viol=618883.8457  obj=758227397.68
[Run 16 | Gen 126] cur_best: cost=139343551.98  viol=618883.8457  obj=758227397.68 | best_so_far: cost=139343551.98  viol=618883.8457  obj=758227397.68
[Run 16 | Gen 127] cur_best: cost=139343551.98  viol=618883.8457  obj=758227397.68 | best_so_far: cost=139343551.98  viol=618883.8457  obj=758227397.68
[Run 16 | FE 7680] best_local_obj=758227397.68  best_local_cost=139343551.98  best_local_viol=618883.8457
[Run 16 | Gen 128] cur_best: cost=139343551.98  viol=618883.8457  obj=758227397.68 | best_so_far: cost=139343551.98  viol=618883.8457  obj=758227397.68
[Run 16 | Gen 129] cur_best: cost=139343551.98  viol=618883.8457  obj=758227397.68 | best_so_far: cost=139343551.98  viol=618883.8457  obj=758227397.68
[Run 16 | Gen 130] cur_best: cost=139343551.98  viol=618883.8457  obj=758227397.68 | best_so_far: cost=139343551.98  viol=618883.8457  obj=758227397.68
[Run 16 | Gen 131] cur_best: cost=139343551.98  viol=618883.8457  obj=758227397.68 | best_so_far: cost=139343551.98  viol=618883.8457  obj=758227397.68
[Run 16 | Gen 132] cur_best: cost=139343551.98  viol=618883.8457  obj=758227397.68 | best_so_far: cost=139343551.98  viol=618883.8457  obj=758227397.68
[Run 16 | FE 7936] best_local_obj=758227397.68  best_local_cost=139343551.98  best_local_viol=618883.8457
[Run 16 | Gen 133] cur_best: cost=139343551.98  viol=618883.8457  obj=758227397.68 | best_so_far: cost=139343551.98  viol=618883.8457  obj=758227397.68
[Run 16 | Gen 134] cur_best: cost=139343551.98  viol=618883.8457  obj=758227397.68 | best_so_far: cost=139343551.98  viol=618883.8457  obj=758227397.68
[Run 16 | Gen 135] cur_best: cost=139343551.98  viol=618883.8457  obj=758227397.68 | best_so_far: cost=139343551.98  viol=618883.8457  obj=758227397.68
[Run 16 | Gen 136] cur_best: cost=139343551.98  viol=618883.8457  obj=758227397.68 | best_so_far: cost=139343551.98  viol=618883.8457  obj=758227397.68
[Run 16 | FE 8192] best_local_obj=758227397.68  best_local_cost=139343551.98  best_local_viol=618883.8457
[Run 16 | Gen 137] cur_best: cost=139343551.98  viol=618883.8457  obj=758227397.68 | best_so_far: cost=139343551.98  viol=618883.8457  obj=758227397.68
[Run 16 | Gen 138] cur_best: cost=139343551.98  viol=618883.8457  obj=758227397.68 | best_so_far: cost=139343551.98  viol=618883.8457  obj=758227397.68
[Run 16 | Gen 139] cur_best: cost=139343551.98  viol=618883.8457  obj=758227397.68 | best_so_far: cost=139343551.98  viol=618883.8457  obj=758227397.68
[Run 16 | Gen 140] cur_best: cost=139343551.98  viol=618883.8457  obj=758227397.68 | best_so_far: cost=139343551.98  viol=618883.8457  obj=758227397.68
[Run 16 | FE 8448] best_local_obj=758227397.68  best_local_cost=139343551.98  best_local_viol=618883.8457
[Run 16 | Gen 141] cur_best: cost=139343551.98  viol=618883.8457  obj=758227397.68 | best_so_far: cost=139343551.98  viol=618883.8457  obj=758227397.68
[Run 16 | Gen 142] cur_best: cost=139343551.98  viol=618883.8457  obj=758227397.68 | best_so_far: cost=139343551.98  viol=618883.8457  obj=758227397.68
[Run 16 | Gen 143] cur_best: cost=139343551.98  viol=618883.8457  obj=758227397.68 | best_so_far: cost=139343551.98  viol=618883.8457  obj=758227397.68
[Run 16 | Gen 144] cur_best: cost=139343551.98  viol=618883.8457  obj=758227397.68 | best_so_far: cost=139343551.98  viol=618883.8457  obj=758227397.68
[Run 16 | Gen 145] cur_best: cost=139343551.98  viol=618883.8457  obj=758227397.68 | best_so_far: cost=139343551.98  viol=618883.8457  obj=758227397.68
[Run 16 | FE 8704] best_local_obj=758227397.68  best_local_cost=139343551.98  best_local_viol=618883.8457
[Run 16 | Gen 146] cur_best: cost=139343551.98  viol=618883.8457  obj=758227397.68 | best_so_far: cost=139343551.98  viol=618883.8457  obj=758227397.68
[Run 16 | Gen 147] cur_best: cost=139343551.98  viol=618883.8457  obj=758227397.68 | best_so_far: cost=139343551.98  viol=618883.8457  obj=758227397.68
[Run 16 | Gen 148] cur_best: cost=139343551.98  viol=618883.8457  obj=758227397.68 | best_so_far: cost=139343551.98  viol=618883.8457  obj=758227397.68
[Run 16 | Gen 149] cur_best: cost=139343551.98  viol=618883.8457  obj=758227397.68 | best_so_far: cost=139343551.98  viol=618883.8457  obj=758227397.68
[Run 16 | FE 8960] best_local_obj=758227397.68  best_local_cost=139343551.98  best_local_viol=618883.8457
[Run 16 | Gen 150] cur_best: cost=139343551.98  viol=618883.8457  obj=758227397.68 | best_so_far: cost=139343551.98  viol=618883.8457  obj=758227397.68
[Run 16 | Gen 151] cur_best: cost=139343551.98  viol=618883.8457  obj=758227397.68 | best_so_far: cost=139343551.98  viol=618883.8457  obj=758227397.68
[Run 16 | Gen 152] cur_best: cost=139343551.98  viol=618883.8457  obj=758227397.68 | best_so_far: cost=139343551.98  viol=618883.8457  obj=758227397.68
[Run 16 | Gen 153] cur_best: cost=139343551.98  viol=618883.8457  obj=758227397.68 | best_so_far: cost=139343551.98  viol=618883.8457  obj=758227397.68
[Run 16 | FE 9216] best_local_obj=758227397.68  best_local_cost=139343551.98  best_local_viol=618883.8457
[Run 16 | Gen 154] cur_best: cost=139343551.98  viol=618883.8457  obj=758227397.68 | best_so_far: cost=139343551.98  viol=618883.8457  obj=758227397.68
[Run 16 | Gen 155] cur_best: cost=139343551.98  viol=618883.8457  obj=758227397.68 | best_so_far: cost=139343551.98  viol=618883.8457  obj=758227397.68
[Run 16 | Gen 156] cur_best: cost=139343551.98  viol=618883.8457  obj=758227397.68 | best_so_far: cost=139343551.98  viol=618883.8457  obj=758227397.68
[Run 16 | Gen 157] cur_best: cost=139343551.98  viol=618883.8457  obj=758227397.68 | best_so_far: cost=139343551.98  viol=618883.8457  obj=758227397.68
[Run 16 | FE 9472] best_local_obj=758227397.68  best_local_cost=139343551.98  best_local_viol=618883.8457
[Run 16 | Gen 158] cur_best: cost=139343551.98  viol=618883.8457  obj=758227397.68 | best_so_far: cost=139343551.98  viol=618883.8457  obj=758227397.68
[Run 16 | Gen 159] cur_best: cost=139343551.98  viol=618883.8457  obj=758227397.68 | best_so_far: cost=139343551.98  viol=618883.8457  obj=758227397.68
[Run 16 | Gen 160] cur_best: cost=139343551.98  viol=618883.8457  obj=758227397.68 | best_so_far: cost=139343551.98  viol=618883.8457  obj=758227397.68
[Run 16 | Gen 161] cur_best: cost=139343551.98  viol=618883.8457  obj=758227397.68 | best_so_far: cost=139343551.98  viol=618883.8457  obj=758227397.68
[Run 16 | Gen 162] cur_best: cost=139343551.98  viol=618883.8457  obj=758227397.68 | best_so_far: cost=139343551.98  viol=618883.8457  obj=758227397.68
[Run 16 | FE 9728] best_local_obj=758227397.68  best_local_cost=139343551.98  best_local_viol=618883.8457
[Run 16 | Gen 163] cur_best: cost=139343551.98  viol=618883.8457  obj=758227397.68 | best_so_far: cost=139343551.98  viol=618883.8457  obj=758227397.68
[Run 16 | Gen 164] cur_best: cost=139343551.98  viol=618883.8457  obj=758227397.68 | best_so_far: cost=139343551.98  viol=618883.8457  obj=758227397.68
[Run 16 | Gen 165] cur_best: cost=139343551.98  viol=618883.8457  obj=758227397.68 | best_so_far: cost=139343551.98  viol=618883.8457  obj=758227397.68
[Run 16 | Gen 166] cur_best: cost=139343551.98  viol=618883.8457  obj=758227397.68 | best_so_far: cost=139343551.98  viol=618883.8457  obj=758227397.68
[Run 16 | FE 9984] best_local_obj=758227397.68  best_local_cost=139343551.98  best_local_viol=618883.8457
[Run 16 | Gen 167] cur_best: cost=139343551.98  viol=618883.8457  obj=758227397.68 | best_so_far: cost=139343551.98  viol=618883.8457  obj=758227397.68
[Run 16 | Gen 168] cur_best: cost=139343551.98  viol=618883.8457  obj=758227397.68 | best_so_far: cost=139343551.98  viol=618883.8457  obj=758227397.68
[Run 16 | Gen 169] cur_best: cost=139343551.98  viol=618883.8457  obj=758227397.68 | best_so_far: cost=139343551.98  viol=618883.8457  obj=758227397.68
[Run 16 | Gen 170] cur_best: cost=139343551.98  viol=618883.8457  obj=758227397.68 | best_so_far: cost=139343551.98  viol=618883.8457  obj=758227397.68
[Run 16 | FE 10240] best_local_obj=758227397.68  best_local_cost=139343551.98  best_local_viol=618883.8457
[Run 16 | Gen 171] cur_best: cost=140080333.00  viol=605433.5381  obj=745513871.15 | best_so_far: cost=140080333.00  viol=605433.5381  obj=745513871.15
[Run 16 | Gen 172] cur_best: cost=140080333.00  viol=605433.5381  obj=745513871.15 | best_so_far: cost=140080333.00  viol=605433.5381  obj=745513871.15
[Run 16 | Gen 173] cur_best: cost=140080333.00  viol=605433.5381  obj=745513871.15 | best_so_far: cost=140080333.00  viol=605433.5381  obj=745513871.15
[Run 16 | Gen 174] cur_best: cost=140080333.00  viol=605433.5381  obj=745513871.15 | best_so_far: cost=140080333.00  viol=605433.5381  obj=745513871.15
[Run 16 | FE 10496] best_local_obj=745513871.15  best_local_cost=140080333.00  best_local_viol=605433.5381
[Run 16 | Gen 175] cur_best: cost=140080333.00  viol=605433.5381  obj=745513871.15 | best_so_far: cost=140080333.00  viol=605433.5381  obj=745513871.15
[Run 16 | Gen 176] cur_best: cost=140080333.00  viol=605433.5381  obj=745513871.15 | best_so_far: cost=140080333.00  viol=605433.5381  obj=745513871.15
[Run 16 | Gen 177] cur_best: cost=140080333.00  viol=605433.5381  obj=745513871.15 | best_so_far: cost=140080333.00  viol=605433.5381  obj=745513871.15
[Run 16 | Gen 178] cur_best: cost=140080333.00  viol=605433.5381  obj=745513871.15 | best_so_far: cost=140080333.00  viol=605433.5381  obj=745513871.15
[Run 16 | Gen 179] cur_best: cost=140080333.00  viol=605433.5381  obj=745513871.15 | best_so_far: cost=140080333.00  viol=605433.5381  obj=745513871.15
[Run 16 | FE 10752] best_local_obj=745513871.15  best_local_cost=140080333.00  best_local_viol=605433.5381
[Run 16 | Gen 180] cur_best: cost=140080333.00  viol=605433.5381  obj=745513871.15 | best_so_far: cost=140080333.00  viol=605433.5381  obj=745513871.15
[Run 16 | Gen 181] cur_best: cost=140080333.00  viol=605433.5381  obj=745513871.15 | best_so_far: cost=140080333.00  viol=605433.5381  obj=745513871.15
[Run 16 | Gen 182] cur_best: cost=140080333.00  viol=605433.5381  obj=745513871.15 | best_so_far: cost=140080333.00  viol=605433.5381  obj=745513871.15
[Run 16 | Gen 183] cur_best: cost=140080333.00  viol=605433.5381  obj=745513871.15 | best_so_far: cost=140080333.00  viol=605433.5381  obj=745513871.15
[Run 16 | FE 11008] best_local_obj=745513871.15  best_local_cost=140080333.00  best_local_viol=605433.5381
[Run 16 | Gen 184] cur_best: cost=140080333.00  viol=605433.5381  obj=745513871.15 | best_so_far: cost=140080333.00  viol=605433.5381  obj=745513871.15
[Run 16 | Gen 185] cur_best: cost=140080333.00  viol=605433.5381  obj=745513871.15 | best_so_far: cost=140080333.00  viol=605433.5381  obj=745513871.15
[Run 16 | Gen 186] cur_best: cost=140080333.00  viol=605433.5381  obj=745513871.15 | best_so_far: cost=140080333.00  viol=605433.5381  obj=745513871.15
[Run 16 | Gen 187] cur_best: cost=140080333.00  viol=605433.5381  obj=745513871.15 | best_so_far: cost=140080333.00  viol=605433.5381  obj=745513871.15
[Run 16 | FE 11264] best_local_obj=745513871.15  best_local_cost=140080333.00  best_local_viol=605433.5381
[Run 16 | Gen 188] cur_best: cost=140080333.00  viol=605433.5381  obj=745513871.15 | best_so_far: cost=140080333.00  viol=605433.5381  obj=745513871.15
[Run 16 | Gen 189] cur_best: cost=139619845.24  viol=558318.2207  obj=697938065.92 | best_so_far: cost=139619845.24  viol=558318.2207  obj=697938065.92
[Run 16 | Gen 190] cur_best: cost=139619845.24  viol=558318.2207  obj=697938065.92 | best_so_far: cost=139619845.24  viol=558318.2207  obj=697938065.92
[Run 16 | Gen 191] cur_best: cost=139619845.24  viol=558318.2207  obj=697938065.92 | best_so_far: cost=139619845.24  viol=558318.2207  obj=697938065.92
[Run 16 | FE 11520] best_local_obj=697938065.92  best_local_cost=139619845.24  best_local_viol=558318.2207
[Run 16 | Gen 192] cur_best: cost=139619845.24  viol=558318.2207  obj=697938065.92 | best_so_far: cost=139619845.24  viol=558318.2207  obj=697938065.92
[Run 16 | Gen 193] cur_best: cost=139619845.24  viol=558318.2207  obj=697938065.92 | best_so_far: cost=139619845.24  viol=558318.2207  obj=697938065.92
[Run 16 | Gen 194] cur_best: cost=139619845.24  viol=558318.2207  obj=697938065.92 | best_so_far: cost=139619845.24  viol=558318.2207  obj=697938065.92
[Run 16 | Gen 195] cur_best: cost=139619845.24  viol=558318.2207  obj=697938065.92 | best_so_far: cost=139619845.24  viol=558318.2207  obj=697938065.92
[Run 16 | Gen 196] cur_best: cost=139619845.24  viol=558318.2207  obj=697938065.92 | best_so_far: cost=139619845.24  viol=558318.2207  obj=697938065.92
[Run 16 | FE 11776] best_local_obj=697938065.92  best_local_cost=139619845.24  best_local_viol=558318.2207
[Run 16 | Gen 197] cur_best: cost=139619845.24  viol=558318.2207  obj=697938065.92 | best_so_far: cost=139619845.24  viol=558318.2207  obj=697938065.92
[Run 16 | Gen 198] cur_best: cost=139619845.24  viol=558318.2207  obj=697938065.92 | best_so_far: cost=139619845.24  viol=558318.2207  obj=697938065.92
[Run 16 | Gen 199] cur_best: cost=139619845.24  viol=558318.2207  obj=697938065.92 | best_so_far: cost=139619845.24  viol=558318.2207  obj=697938065.92
[Run 16 | Gen 200] cur_best: cost=139619845.24  viol=558318.2207  obj=697938065.92 | best_so_far: cost=139619845.24  viol=558318.2207  obj=697938065.92
[Run 16 | FE 12032] best_local_obj=697938065.92  best_local_cost=139619845.24  best_local_viol=558318.2207
[Run 16 | Gen 201] cur_best: cost=139619845.24  viol=558318.2207  obj=697938065.92 | best_so_far: cost=139619845.24  viol=558318.2207  obj=697938065.92
[Run 16 | Gen 202] cur_best: cost=139619845.24  viol=558318.2207  obj=697938065.92 | best_so_far: cost=139619845.24  viol=558318.2207  obj=697938065.92
[Run 16 | Gen 203] cur_best: cost=139619845.24  viol=558318.2207  obj=697938065.92 | best_so_far: cost=139619845.24  viol=558318.2207  obj=697938065.92
[Run 16 | Gen 204] cur_best: cost=139619845.24  viol=558318.2207  obj=697938065.92 | best_so_far: cost=139619845.24  viol=558318.2207  obj=697938065.92
[Run 16 | FE 12288] best_local_obj=697938065.92  best_local_cost=139619845.24  best_local_viol=558318.2207
[Run 16 | Gen 205] cur_best: cost=139619845.24  viol=558318.2207  obj=697938065.92 | best_so_far: cost=139619845.24  viol=558318.2207  obj=697938065.92
[Run 16 | Gen 206] cur_best: cost=139619845.24  viol=558318.2207  obj=697938065.92 | best_so_far: cost=139619845.24  viol=558318.2207  obj=697938065.92
[Run 16 | Gen 207] cur_best: cost=139619845.24  viol=558318.2207  obj=697938065.92 | best_so_far: cost=139619845.24  viol=558318.2207  obj=697938065.92
[Run 16 | Gen 208] cur_best: cost=139619845.24  viol=558318.2207  obj=697938065.92 | best_so_far: cost=139619845.24  viol=558318.2207  obj=697938065.92
[Run 16 | Gen 209] cur_best: cost=139619845.24  viol=558318.2207  obj=697938065.92 | best_so_far: cost=139619845.24  viol=558318.2207  obj=697938065.92
[Run 16 | FE 12544] best_local_obj=697938065.92  best_local_cost=139619845.24  best_local_viol=558318.2207
[Run 16 | Gen 210] cur_best: cost=139619845.24  viol=558318.2207  obj=697938065.92 | best_so_far: cost=139619845.24  viol=558318.2207  obj=697938065.92
[Run 16 | Gen 211] cur_best: cost=139619845.24  viol=558318.2207  obj=697938065.92 | best_so_far: cost=139619845.24  viol=558318.2207  obj=697938065.92
[Run 16 | Gen 212] cur_best: cost=139619845.24  viol=558318.2207  obj=697938065.92 | best_so_far: cost=139619845.24  viol=558318.2207  obj=697938065.92
[Run 16 | Gen 213] cur_best: cost=139619845.24  viol=558318.2207  obj=697938065.92 | best_so_far: cost=139619845.24  viol=558318.2207  obj=697938065.92
[Run 16 | FE 12800] best_local_obj=697938065.92  best_local_cost=139619845.24  best_local_viol=558318.2207
[Run 16 | Gen 214] cur_best: cost=139619845.24  viol=558318.2207  obj=697938065.92 | best_so_far: cost=139619845.24  viol=558318.2207  obj=697938065.92

[Stop] reached max_total_fe=12800.

[Run 16] best_global_cost=139619845.2384, best_global_viol=558318.220685, best_global_obj=697938065.9233
[Done] summary=/work/home/acn1eb8nfq/yuezhang46/GFcode/GF实验一：横向对比/ga_global_logs/run_16_seed_1016/runs_summary.csv
