[RunConfig] run_id=23 seed=1023
[OutputDir] /work/home/acn1eb8nfq/yuezhang46/GFcode/GF实验一：横向对比/ga_global_logs/run_23_seed_1023
[Info] #nodes = 1810
[Load] Reading scenarios ...
  - spring: raw edges=3686, days=31
  - summer: raw edges=3686, days=30
  - autumn: raw edges=3686, days=31
  - winter: raw edges=3686, days=30
[Filter] EDGE_WEIGHT_MIN=1.0
  - active_nodes=1450  inactive_nodes(fixed NONE)=360
  - spring: removed=2281, kept=1405
  - summer: removed=2206, kept=1480
  - autumn: removed=2131, kept=1555
  - winter: removed=2189, kept=1497
  - spring: filtered edges (active subgraph)=1405
  - summer: filtered edges (active subgraph)=1480
  - autumn: filtered edges (active subgraph)=1555
  - winter: filtered edges (active subgraph)=1497
[GA] Initialize population ...
[GA] Init population generated.
[GA] Evolve under FE budget ...
[Run 23 | Gen 1] cur_best: cost=82703541.92  viol=1364879.9472  obj=1447583489.12 | best_so_far: cost=82703541.92  viol=1364879.9472  obj=1447583489.12
[Run 23 | Gen 2] cur_best: cost=87492614.73  viol=1321555.4995  obj=1409048114.22 | best_so_far: cost=87492614.73  viol=1321555.4995  obj=1409048114.22
[Run 23 | Gen 3] cur_best: cost=88505689.69  viol=1180967.7713  obj=1269473461.02 | best_so_far: cost=88505689.69  viol=1180967.7713  obj=1269473461.02
[Run 23 | Gen 4] cur_best: cost=88505689.69  viol=1180967.7713  obj=1269473461.02 | best_so_far: cost=88505689.69  viol=1180967.7713  obj=1269473461.02
[Run 23 | FE 256] best_local_obj=1269473461.02  best_local_cost=88505689.69  best_local_viol=1180967.7713
[Run 23 | Gen 5] cur_best: cost=88505689.69  viol=1180967.7713  obj=1269473461.02 | best_so_far: cost=88505689.69  viol=1180967.7713  obj=1269473461.02
[Run 23 | Gen 6] cur_best: cost=88505689.69  viol=1180967.7713  obj=1269473461.02 | best_so_far: cost=88505689.69  viol=1180967.7713  obj=1269473461.02
[Run 23 | Gen 7] cur_best: cost=97715450.66  viol=1053569.7033  obj=1151285154.00 | best_so_far: cost=97715450.66  viol=1053569.7033  obj=1151285154.00
[Run 23 | Gen 8] cur_best: cost=97715450.66  viol=1053569.7033  obj=1151285154.00 | best_so_far: cost=97715450.66  viol=1053569.7033  obj=1151285154.00
[Run 23 | FE 512] best_local_obj=1151285154.00  best_local_cost=97715450.66  best_local_viol=1053569.7033
[Run 23 | Gen 9] cur_best: cost=97715450.66  viol=1053569.7033  obj=1151285154.00 | best_so_far: cost=97715450.66  viol=1053569.7033  obj=1151285154.00
[Run 23 | Gen 10] cur_best: cost=96610276.61  viol=1008000.3339  obj=1104610610.49 | best_so_far: cost=96610276.61  viol=1008000.3339  obj=1104610610.49
[Run 23 | Gen 11] cur_best: cost=96610276.61  viol=1008000.3339  obj=1104610610.49 | best_so_far: cost=96610276.61  viol=1008000.3339  obj=1104610610.49
[Run 23 | Gen 12] cur_best: cost=96610276.61  viol=1008000.3339  obj=1104610610.49 | best_so_far: cost=96610276.61  viol=1008000.3339  obj=1104610610.49
[Run 23 | FE 768] best_local_obj=1083434504.89  best_local_cost=118069015.39  best_local_viol=965365.4895
[Run 23 | Gen 13] cur_best: cost=118069015.39  viol=965365.4895  obj=1083434504.89 | best_so_far: cost=118069015.39  viol=965365.4895  obj=1083434504.89
[Run 23 | Gen 14] cur_best: cost=118069015.39  viol=965365.4895  obj=1083434504.89 | best_so_far: cost=118069015.39  viol=965365.4895  obj=1083434504.89
[Run 23 | Gen 15] cur_best: cost=115490281.97  viol=952248.4412  obj=1067738723.13 | best_so_far: cost=115490281.97  viol=952248.4412  obj=1067738723.13
[Run 23 | Gen 16] cur_best: cost=110517009.30  viol=935887.0984  obj=1046404107.70 | best_so_far: cost=110517009.30  viol=935887.0984  obj=1046404107.70
[Run 23 | Gen 17] cur_best: cost=110517009.30  viol=935887.0984  obj=1046404107.70 | best_so_far: cost=110517009.30  viol=935887.0984  obj=1046404107.70
[Run 23 | FE 1024] best_local_obj=1046404107.70  best_local_cost=110517009.30  best_local_viol=935887.0984
[Run 23 | Gen 18] cur_best: cost=121845018.94  viol=916741.6706  obj=1038586689.49 | best_so_far: cost=121845018.94  viol=916741.6706  obj=1038586689.49
[Run 23 | Gen 19] cur_best: cost=121845018.94  viol=916741.6706  obj=1038586689.49 | best_so_far: cost=121845018.94  viol=916741.6706  obj=1038586689.49
[Run 23 | Gen 20] cur_best: cost=121845018.94  viol=916741.6706  obj=1038586689.49 | best_so_far: cost=121845018.94  viol=916741.6706  obj=1038586689.49
[Run 23 | Gen 21] cur_best: cost=125897307.05  viol=861407.3624  obj=987304669.47 | best_so_far: cost=125897307.05  viol=861407.3624  obj=987304669.47
[Run 23 | FE 1280] best_local_obj=987304669.47  best_local_cost=125897307.05  best_local_viol=861407.3624
[Run 23 | Gen 22] cur_best: cost=125897307.05  viol=861407.3624  obj=987304669.47 | best_so_far: cost=125897307.05  viol=861407.3624  obj=987304669.47
[Run 23 | Gen 23] cur_best: cost=126173600.98  viol=807292.2002  obj=933465801.15 | best_so_far: cost=126173600.98  viol=807292.2002  obj=933465801.15
[Run 23 | Gen 24] cur_best: cost=126173600.98  viol=807292.2002  obj=933465801.15 | best_so_far: cost=126173600.98  viol=807292.2002  obj=933465801.15
[Run 23 | Gen 25] cur_best: cost=126173600.98  viol=807292.2002  obj=933465801.15 | best_so_far: cost=126173600.98  viol=807292.2002  obj=933465801.15
[Run 23 | FE 1536] best_local_obj=933465801.15  best_local_cost=126173600.98  best_local_viol=807292.2002
[Run 23 | Gen 26] cur_best: cost=126173600.98  viol=807292.2002  obj=933465801.15 | best_so_far: cost=126173600.98  viol=807292.2002  obj=933465801.15
[Run 23 | Gen 27] cur_best: cost=126173600.98  viol=807292.2002  obj=933465801.15 | best_so_far: cost=126173600.98  viol=807292.2002  obj=933465801.15
[Run 23 | Gen 28] cur_best: cost=126173600.98  viol=807292.2002  obj=933465801.15 | best_so_far: cost=126173600.98  viol=807292.2002  obj=933465801.15
[Run 23 | Gen 29] cur_best: cost=126173600.98  viol=807292.2002  obj=933465801.15 | best_so_far: cost=126173600.98  viol=807292.2002  obj=933465801.15
[Run 23 | FE 1792] best_local_obj=933465801.15  best_local_cost=126173600.98  best_local_viol=807292.2002
[Run 23 | Gen 30] cur_best: cost=126173600.98  viol=807292.2002  obj=933465801.15 | best_so_far: cost=126173600.98  viol=807292.2002  obj=933465801.15
[Run 23 | Gen 31] cur_best: cost=126173600.98  viol=807292.2002  obj=933465801.15 | best_so_far: cost=126173600.98  viol=807292.2002  obj=933465801.15
[Run 23 | Gen 32] cur_best: cost=126173600.98  viol=807292.2002  obj=933465801.15 | best_so_far: cost=126173600.98  viol=807292.2002  obj=933465801.15
[Run 23 | Gen 33] cur_best: cost=126173600.98  viol=807292.2002  obj=933465801.15 | best_so_far: cost=126173600.98  viol=807292.2002  obj=933465801.15
[Run 23 | Gen 34] cur_best: cost=126173600.98  viol=807292.2002  obj=933465801.15 | best_so_far: cost=126173600.98  viol=807292.2002  obj=933465801.15
[Run 23 | FE 2048] best_local_obj=933465801.15  best_local_cost=126173600.98  best_local_viol=807292.2002
[Run 23 | Gen 35] cur_best: cost=126173600.98  viol=807292.2002  obj=933465801.15 | best_so_far: cost=126173600.98  viol=807292.2002  obj=933465801.15
[Run 23 | Gen 36] cur_best: cost=126173600.98  viol=807292.2002  obj=933465801.15 | best_so_far: cost=126173600.98  viol=807292.2002  obj=933465801.15
[Run 23 | Gen 37] cur_best: cost=137133214.59  viol=751125.9481  obj=888259162.73 | best_so_far: cost=137133214.59  viol=751125.9481  obj=888259162.73
[Run 23 | Gen 38] cur_best: cost=137133214.59  viol=751125.9481  obj=888259162.73 | best_so_far: cost=137133214.59  viol=751125.9481  obj=888259162.73
[Run 23 | FE 2304] best_local_obj=888259162.73  best_local_cost=137133214.59  best_local_viol=751125.9481
[Run 23 | Gen 39] cur_best: cost=135014969.27  viol=658090.8514  obj=793105820.64 | best_so_far: cost=135014969.27  viol=658090.8514  obj=793105820.64
[Run 23 | Gen 40] cur_best: cost=135014969.27  viol=658090.8514  obj=793105820.64 | best_so_far: cost=135014969.27  viol=658090.8514  obj=793105820.64
[Run 23 | Gen 41] cur_best: cost=135014969.27  viol=658090.8514  obj=793105820.64 | best_so_far: cost=135014969.27  viol=658090.8514  obj=793105820.64
[Run 23 | Gen 42] cur_best: cost=135014969.27  viol=658090.8514  obj=793105820.64 | best_so_far: cost=135014969.27  viol=658090.8514  obj=793105820.64
[Run 23 | FE 2560] best_local_obj=793105820.64  best_local_cost=135014969.27  best_local_viol=658090.8514
[Run 23 | Gen 43] cur_best: cost=135014969.27  viol=658090.8514  obj=793105820.64 | best_so_far: cost=135014969.27  viol=658090.8514  obj=793105820.64
[Run 23 | Gen 44] cur_best: cost=135014969.27  viol=658090.8514  obj=793105820.64 | best_so_far: cost=135014969.27  viol=658090.8514  obj=793105820.64
[Run 23 | Gen 45] cur_best: cost=135014969.27  viol=658090.8514  obj=793105820.64 | best_so_far: cost=135014969.27  viol=658090.8514  obj=793105820.64
[Run 23 | Gen 46] cur_best: cost=135014969.27  viol=658090.8514  obj=793105820.64 | best_so_far: cost=135014969.27  viol=658090.8514  obj=793105820.64
[Run 23 | FE 2816] best_local_obj=793105820.64  best_local_cost=135014969.27  best_local_viol=658090.8514
[Run 23 | Gen 47] cur_best: cost=135014969.27  viol=658090.8514  obj=793105820.64 | best_so_far: cost=135014969.27  viol=658090.8514  obj=793105820.64
[Run 23 | Gen 48] cur_best: cost=135014969.27  viol=658090.8514  obj=793105820.64 | best_so_far: cost=135014969.27  viol=658090.8514  obj=793105820.64
[Run 23 | Gen 49] cur_best: cost=135014969.27  viol=658090.8514  obj=793105820.64 | best_so_far: cost=135014969.27  viol=658090.8514  obj=793105820.64
[Run 23 | Gen 50] cur_best: cost=135014969.27  viol=658090.8514  obj=793105820.64 | best_so_far: cost=135014969.27  viol=658090.8514  obj=793105820.64
[Run 23 | Gen 51] cur_best: cost=135014969.27  viol=658090.8514  obj=793105820.64 | best_so_far: cost=135014969.27  viol=658090.8514  obj=793105820.64
[Run 23 | FE 3072] best_local_obj=793105820.64  best_local_cost=135014969.27  best_local_viol=658090.8514
[Run 23 | Gen 52] cur_best: cost=135014969.27  viol=658090.8514  obj=793105820.64 | best_so_far: cost=135014969.27  viol=658090.8514  obj=793105820.64
[Run 23 | Gen 53] cur_best: cost=135014969.27  viol=658090.8514  obj=793105820.64 | best_so_far: cost=135014969.27  viol=658090.8514  obj=793105820.64
[Run 23 | Gen 54] cur_best: cost=135014969.27  viol=658090.8514  obj=793105820.64 | best_so_far: cost=135014969.27  viol=658090.8514  obj=793105820.64
[Run 23 | Gen 55] cur_best: cost=135014969.27  viol=658090.8514  obj=793105820.64 | best_so_far: cost=135014969.27  viol=658090.8514  obj=793105820.64
[Run 23 | FE 3328] best_local_obj=793105820.64  best_local_cost=135014969.27  best_local_viol=658090.8514
[Run 23 | Gen 56] cur_best: cost=135014969.27  viol=658090.8514  obj=793105820.64 | best_so_far: cost=135014969.27  viol=658090.8514  obj=793105820.64
[Run 23 | Gen 57] cur_best: cost=135014969.27  viol=658090.8514  obj=793105820.64 | best_so_far: cost=135014969.27  viol=658090.8514  obj=793105820.64
[Run 23 | Gen 58] cur_best: cost=135014969.27  viol=658090.8514  obj=793105820.64 | best_so_far: cost=135014969.27  viol=658090.8514  obj=793105820.64
[Run 23 | Gen 59] cur_best: cost=135014969.27  viol=658090.8514  obj=793105820.64 | best_so_far: cost=135014969.27  viol=658090.8514  obj=793105820.64
[Run 23 | FE 3584] best_local_obj=793105820.64  best_local_cost=135014969.27  best_local_viol=658090.8514
[Run 23 | Gen 60] cur_best: cost=135014969.27  viol=658090.8514  obj=793105820.64 | best_so_far: cost=135014969.27  viol=658090.8514  obj=793105820.64
[Run 23 | Gen 61] cur_best: cost=135014969.27  viol=658090.8514  obj=793105820.64 | best_so_far: cost=135014969.27  viol=658090.8514  obj=793105820.64
[Run 23 | Gen 62] cur_best: cost=135014969.27  viol=658090.8514  obj=793105820.64 | best_so_far: cost=135014969.27  viol=658090.8514  obj=793105820.64
[Run 23 | Gen 63] cur_best: cost=135014969.27  viol=658090.8514  obj=793105820.64 | best_so_far: cost=135014969.27  viol=658090.8514  obj=793105820.64
[Run 23 | FE 3840] best_local_obj=793105820.64  best_local_cost=135014969.27  best_local_viol=658090.8514
[Run 23 | Gen 64] cur_best: cost=135014969.27  viol=658090.8514  obj=793105820.64 | best_so_far: cost=135014969.27  viol=658090.8514  obj=793105820.64
[Run 23 | Gen 65] cur_best: cost=135014969.27  viol=658090.8514  obj=793105820.64 | best_so_far: cost=135014969.27  viol=658090.8514  obj=793105820.64
[Run 23 | Gen 66] cur_best: cost=135014969.27  viol=658090.8514  obj=793105820.64 | best_so_far: cost=135014969.27  viol=658090.8514  obj=793105820.64
[Run 23 | Gen 67] cur_best: cost=138975163.30  viol=653594.6444  obj=792569807.66 | best_so_far: cost=138975163.30  viol=653594.6444  obj=792569807.66
[Run 23 | Gen 68] cur_best: cost=138975163.30  viol=653594.6444  obj=792569807.66 | best_so_far: cost=138975163.30  viol=653594.6444  obj=792569807.66
[Run 23 | FE 4096] best_local_obj=792569807.66  best_local_cost=138975163.30  best_local_viol=653594.6444
[Run 23 | Gen 69] cur_best: cost=138975163.30  viol=653594.6444  obj=792569807.66 | best_so_far: cost=138975163.30  viol=653594.6444  obj=792569807.66
[Run 23 | Gen 70] cur_best: cost=138975163.30  viol=653594.6444  obj=792569807.66 | best_so_far: cost=138975163.30  viol=653594.6444  obj=792569807.66
[Run 23 | Gen 71] cur_best: cost=138975163.30  viol=653594.6444  obj=792569807.66 | best_so_far: cost=138975163.30  viol=653594.6444  obj=792569807.66
[Run 23 | Gen 72] cur_best: cost=138975163.30  viol=653594.6444  obj=792569807.66 | best_so_far: cost=138975163.30  viol=653594.6444  obj=792569807.66
[Run 23 | FE 4352] best_local_obj=792569807.66  best_local_cost=138975163.30  best_local_viol=653594.6444
[Run 23 | Gen 73] cur_best: cost=138975163.30  viol=653594.6444  obj=792569807.66 | best_so_far: cost=138975163.30  viol=653594.6444  obj=792569807.66
[Run 23 | Gen 74] cur_best: cost=138975163.30  viol=653594.6444  obj=792569807.66 | best_so_far: cost=138975163.30  viol=653594.6444  obj=792569807.66
[Run 23 | Gen 75] cur_best: cost=138975163.30  viol=653594.6444  obj=792569807.66 | best_so_far: cost=138975163.30  viol=653594.6444  obj=792569807.66
[Run 23 | Gen 76] cur_best: cost=138975163.30  viol=653594.6444  obj=792569807.66 | best_so_far: cost=138975163.30  viol=653594.6444  obj=792569807.66
[Run 23 | FE 4608] best_local_obj=792569807.66  best_local_cost=138975163.30  best_local_viol=653594.6444
[Run 23 | Gen 77] cur_best: cost=138975163.30  viol=653594.6444  obj=792569807.66 | best_so_far: cost=138975163.30  viol=653594.6444  obj=792569807.66
[Run 23 | Gen 78] cur_best: cost=138975163.30  viol=653594.6444  obj=792569807.66 | best_so_far: cost=138975163.30  viol=653594.6444  obj=792569807.66
[Run 23 | Gen 79] cur_best: cost=138975163.30  viol=653594.6444  obj=792569807.66 | best_so_far: cost=138975163.30  viol=653594.6444  obj=792569807.66
[Run 23 | Gen 80] cur_best: cost=138975163.30  viol=653594.6444  obj=792569807.66 | best_so_far: cost=138975163.30  viol=653594.6444  obj=792569807.66
[Run 23 | Gen 81] cur_best: cost=138975163.30  viol=653594.6444  obj=792569807.66 | best_so_far: cost=138975163.30  viol=653594.6444  obj=792569807.66
[Run 23 | FE 4864] best_local_obj=792569807.66  best_local_cost=138975163.30  best_local_viol=653594.6444
[Run 23 | Gen 82] cur_best: cost=138975163.30  viol=653594.6444  obj=792569807.66 | best_so_far: cost=138975163.30  viol=653594.6444  obj=792569807.66
[Run 23 | Gen 83] cur_best: cost=138975163.30  viol=653594.6444  obj=792569807.66 | best_so_far: cost=138975163.30  viol=653594.6444  obj=792569807.66
[Run 23 | Gen 84] cur_best: cost=138975163.30  viol=653594.6444  obj=792569807.66 | best_so_far: cost=138975163.30  viol=653594.6444  obj=792569807.66
[Run 23 | Gen 85] cur_best: cost=138975163.30  viol=653594.6444  obj=792569807.66 | best_so_far: cost=138975163.30  viol=653594.6444  obj=792569807.66
[Run 23 | FE 5120] best_local_obj=792569807.66  best_local_cost=138975163.30  best_local_viol=653594.6444
[Run 23 | Gen 86] cur_best: cost=138975163.30  viol=653594.6444  obj=792569807.66 | best_so_far: cost=138975163.30  viol=653594.6444  obj=792569807.66
[Run 23 | Gen 87] cur_best: cost=138975163.30  viol=653594.6444  obj=792569807.66 | best_so_far: cost=138975163.30  viol=653594.6444  obj=792569807.66
[Run 23 | Gen 88] cur_best: cost=138975163.30  viol=653594.6444  obj=792569807.66 | best_so_far: cost=138975163.30  viol=653594.6444  obj=792569807.66
[Run 23 | Gen 89] cur_best: cost=138975163.30  viol=653594.6444  obj=792569807.66 | best_so_far: cost=138975163.30  viol=653594.6444  obj=792569807.66
[Run 23 | FE 5376] best_local_obj=792569807.66  best_local_cost=138975163.30  best_local_viol=653594.6444
[Run 23 | Gen 90] cur_best: cost=138975163.30  viol=653594.6444  obj=792569807.66 | best_so_far: cost=138975163.30  viol=653594.6444  obj=792569807.66
[Run 23 | Gen 91] cur_best: cost=131791555.58  viol=655938.8734  obj=787730428.97 | best_so_far: cost=131791555.58  viol=655938.8734  obj=787730428.97
[Run 23 | Gen 92] cur_best: cost=131791555.58  viol=655938.8734  obj=787730428.97 | best_so_far: cost=131791555.58  viol=655938.8734  obj=787730428.97
[Run 23 | Gen 93] cur_best: cost=131791555.58  viol=655938.8734  obj=787730428.97 | best_so_far: cost=131791555.58  viol=655938.8734  obj=787730428.97
[Run 23 | FE 5632] best_local_obj=787730428.97  best_local_cost=131791555.58  best_local_viol=655938.8734
[Run 23 | Gen 94] cur_best: cost=131791555.58  viol=655938.8734  obj=787730428.97 | best_so_far: cost=131791555.58  viol=655938.8734  obj=787730428.97
[Run 23 | Gen 95] cur_best: cost=131791555.58  viol=655938.8734  obj=787730428.97 | best_so_far: cost=131791555.58  viol=655938.8734  obj=787730428.97
[Run 23 | Gen 96] cur_best: cost=131791555.58  viol=655938.8734  obj=787730428.97 | best_so_far: cost=131791555.58  viol=655938.8734  obj=787730428.97
[Run 23 | Gen 97] cur_best: cost=131791555.58  viol=655938.8734  obj=787730428.97 | best_so_far: cost=131791555.58  viol=655938.8734  obj=787730428.97
[Run 23 | Gen 98] cur_best: cost=131791555.58  viol=655938.8734  obj=787730428.97 | best_so_far: cost=131791555.58  viol=655938.8734  obj=787730428.97
[Run 23 | FE 5888] best_local_obj=787730428.97  best_local_cost=131791555.58  best_local_viol=655938.8734
[Run 23 | Gen 99] cur_best: cost=131791555.58  viol=655938.8734  obj=787730428.97 | best_so_far: cost=131791555.58  viol=655938.8734  obj=787730428.97
[Run 23 | Gen 100] cur_best: cost=131791555.58  viol=655938.8734  obj=787730428.97 | best_so_far: cost=131791555.58  viol=655938.8734  obj=787730428.97
[Run 23 | Gen 101] cur_best: cost=131791555.58  viol=655938.8734  obj=787730428.97 | best_so_far: cost=131791555.58  viol=655938.8734  obj=787730428.97
[Run 23 | Gen 102] cur_best: cost=131791555.58  viol=655938.8734  obj=787730428.97 | best_so_far: cost=131791555.58  viol=655938.8734  obj=787730428.97
[Run 23 | FE 6144] best_local_obj=787730428.97  best_local_cost=131791555.58  best_local_viol=655938.8734
[Run 23 | Gen 103] cur_best: cost=131791555.58  viol=655938.8734  obj=787730428.97 | best_so_far: cost=131791555.58  viol=655938.8734  obj=787730428.97
[Run 23 | Gen 104] cur_best: cost=131791555.58  viol=655938.8734  obj=787730428.97 | best_so_far: cost=131791555.58  viol=655938.8734  obj=787730428.97
[Run 23 | Gen 105] cur_best: cost=131791555.58  viol=655938.8734  obj=787730428.97 | best_so_far: cost=131791555.58  viol=655938.8734  obj=787730428.97
[Run 23 | Gen 106] cur_best: cost=131791555.58  viol=655938.8734  obj=787730428.97 | best_so_far: cost=131791555.58  viol=655938.8734  obj=787730428.97
[Run 23 | FE 6400] best_local_obj=787730428.97  best_local_cost=131791555.58  best_local_viol=655938.8734
[Run 23 | Gen 107] cur_best: cost=131791555.58  viol=655938.8734  obj=787730428.97 | best_so_far: cost=131791555.58  viol=655938.8734  obj=787730428.97
[Run 23 | Gen 108] cur_best: cost=137777895.52  viol=640198.9845  obj=777976880.03 | best_so_far: cost=137777895.52  viol=640198.9845  obj=777976880.03
[Run 23 | Gen 109] cur_best: cost=137777895.52  viol=640198.9845  obj=777976880.03 | best_so_far: cost=137777895.52  viol=640198.9845  obj=777976880.03
[Run 23 | Gen 110] cur_best: cost=137777895.52  viol=640198.9845  obj=777976880.03 | best_so_far: cost=137777895.52  viol=640198.9845  obj=777976880.03
[Run 23 | FE 6656] best_local_obj=777976880.03  best_local_cost=137777895.52  best_local_viol=640198.9845
[Run 23 | Gen 111] cur_best: cost=137777895.52  viol=640198.9845  obj=777976880.03 | best_so_far: cost=137777895.52  viol=640198.9845  obj=777976880.03
[Run 23 | Gen 112] cur_best: cost=137777895.52  viol=640198.9845  obj=777976880.03 | best_so_far: cost=137777895.52  viol=640198.9845  obj=777976880.03
[Run 23 | Gen 113] cur_best: cost=137777895.52  viol=640198.9845  obj=777976880.03 | best_so_far: cost=137777895.52  viol=640198.9845  obj=777976880.03
[Run 23 | Gen 114] cur_best: cost=137777895.52  viol=640198.9845  obj=777976880.03 | best_so_far: cost=137777895.52  viol=640198.9845  obj=777976880.03
[Run 23 | Gen 115] cur_best: cost=137777895.52  viol=640198.9845  obj=777976880.03 | best_so_far: cost=137777895.52  viol=640198.9845  obj=777976880.03
[Run 23 | FE 6912] best_local_obj=777976880.03  best_local_cost=137777895.52  best_local_viol=640198.9845
[Run 23 | Gen 116] cur_best: cost=137777895.52  viol=640198.9845  obj=777976880.03 | best_so_far: cost=137777895.52  viol=640198.9845  obj=777976880.03
[Run 23 | Gen 117] cur_best: cost=137777895.52  viol=640198.9845  obj=777976880.03 | best_so_far: cost=137777895.52  viol=640198.9845  obj=777976880.03
[Run 23 | Gen 118] cur_best: cost=137409506.18  viol=635629.5557  obj=773039061.91 | best_so_far: cost=137409506.18  viol=635629.5557  obj=773039061.91
[Run 23 | Gen 119] cur_best: cost=137409506.18  viol=635629.5557  obj=773039061.91 | best_so_far: cost=137409506.18  viol=635629.5557  obj=773039061.91
[Run 23 | FE 7168] best_local_obj=773039061.91  best_local_cost=137409506.18  best_local_viol=635629.5557
[Run 23 | Gen 120] cur_best: cost=137409506.18  viol=635629.5557  obj=773039061.91 | best_so_far: cost=137409506.18  viol=635629.5557  obj=773039061.91
[Run 23 | Gen 121] cur_best: cost=137409506.18  viol=635629.5557  obj=773039061.91 | best_so_far: cost=137409506.18  viol=635629.5557  obj=773039061.91
[Run 23 | Gen 122] cur_best: cost=137409506.18  viol=635629.5557  obj=773039061.91 | best_so_far: cost=137409506.18  viol=635629.5557  obj=773039061.91
[Run 23 | Gen 123] cur_best: cost=137409506.18  viol=635629.5557  obj=773039061.91 | best_so_far: cost=137409506.18  viol=635629.5557  obj=773039061.91
[Run 23 | FE 7424] best_local_obj=773039061.91  best_local_cost=137409506.18  best_local_viol=635629.5557
[Run 23 | Gen 124] cur_best: cost=137409506.18  viol=635629.5557  obj=773039061.91 | best_so_far: cost=137409506.18  viol=635629.5557  obj=773039061.91
[Run 23 | Gen 125] cur_best: cost=137409506.18  viol=635629.5557  obj=773039061.91 | best_so_far: cost=137409506.18  viol=635629.5557  obj=773039061.91
[Run 23 | Gen 126] cur_best: cost=137409506.18  viol=635629.5557  obj=773039061.91 | best_so_far: cost=137409506.18  viol=635629.5557  obj=773039061.91
[Run 23 | Gen 127] cur_best: cost=137409506.18  viol=635629.5557  obj=773039061.91 | best_so_far: cost=137409506.18  viol=635629.5557  obj=773039061.91
[Run 23 | FE 7680] best_local_obj=773039061.91  best_local_cost=137409506.18  best_local_viol=635629.5557
[Run 23 | Gen 128] cur_best: cost=137409506.18  viol=635629.5557  obj=773039061.91 | best_so_far: cost=137409506.18  viol=635629.5557  obj=773039061.91
[Run 23 | Gen 129] cur_best: cost=137409506.18  viol=635629.5557  obj=773039061.91 | best_so_far: cost=137409506.18  viol=635629.5557  obj=773039061.91
[Run 23 | Gen 130] cur_best: cost=137409506.18  viol=635629.5557  obj=773039061.91 | best_so_far: cost=137409506.18  viol=635629.5557  obj=773039061.91
[Run 23 | Gen 131] cur_best: cost=137409506.18  viol=635629.5557  obj=773039061.91 | best_so_far: cost=137409506.18  viol=635629.5557  obj=773039061.91
[Run 23 | Gen 132] cur_best: cost=137409506.18  viol=635629.5557  obj=773039061.91 | best_so_far: cost=137409506.18  viol=635629.5557  obj=773039061.91
[Run 23 | FE 7936] best_local_obj=772127422.21  best_local_cost=138698871.72  best_local_viol=633428.5505
[Run 23 | Gen 133] cur_best: cost=144961505.58  viol=586231.3090  obj=731192814.55 | best_so_far: cost=144961505.58  viol=586231.3090  obj=731192814.55
[Run 23 | Gen 134] cur_best: cost=144961505.58  viol=586231.3090  obj=731192814.55 | best_so_far: cost=144961505.58  viol=586231.3090  obj=731192814.55
[Run 23 | Gen 135] cur_best: cost=144961505.58  viol=586231.3090  obj=731192814.55 | best_so_far: cost=144961505.58  viol=586231.3090  obj=731192814.55
[Run 23 | Gen 136] cur_best: cost=144961505.58  viol=586231.3090  obj=731192814.55 | best_so_far: cost=144961505.58  viol=586231.3090  obj=731192814.55
[Run 23 | FE 8192] best_local_obj=708539073.51  best_local_cost=141830190.99  best_local_viol=566708.8825
[Run 23 | Gen 137] cur_best: cost=141830190.99  viol=566708.8825  obj=708539073.51 | best_so_far: cost=141830190.99  viol=566708.8825  obj=708539073.51
[Run 23 | Gen 138] cur_best: cost=141830190.99  viol=566708.8825  obj=708539073.51 | best_so_far: cost=141830190.99  viol=566708.8825  obj=708539073.51
[Run 23 | Gen 139] cur_best: cost=141830190.99  viol=566708.8825  obj=708539073.51 | best_so_far: cost=141830190.99  viol=566708.8825  obj=708539073.51
[Run 23 | Gen 140] cur_best: cost=141830190.99  viol=566708.8825  obj=708539073.51 | best_so_far: cost=141830190.99  viol=566708.8825  obj=708539073.51
[Run 23 | FE 8448] best_local_obj=708539073.51  best_local_cost=141830190.99  best_local_viol=566708.8825
[Run 23 | Gen 141] cur_best: cost=141830190.99  viol=566708.8825  obj=708539073.51 | best_so_far: cost=141830190.99  viol=566708.8825  obj=708539073.51
[Run 23 | Gen 142] cur_best: cost=141830190.99  viol=566708.8825  obj=708539073.51 | best_so_far: cost=141830190.99  viol=566708.8825  obj=708539073.51
[Run 23 | Gen 143] cur_best: cost=141830190.99  viol=566708.8825  obj=708539073.51 | best_so_far: cost=141830190.99  viol=566708.8825  obj=708539073.51
[Run 23 | Gen 144] cur_best: cost=141830190.99  viol=566708.8825  obj=708539073.51 | best_so_far: cost=141830190.99  viol=566708.8825  obj=708539073.51
[Run 23 | Gen 145] cur_best: cost=141830190.99  viol=566708.8825  obj=708539073.51 | best_so_far: cost=141830190.99  viol=566708.8825  obj=708539073.51
[Run 23 | FE 8704] best_local_obj=708539073.51  best_local_cost=141830190.99  best_local_viol=566708.8825
[Run 23 | Gen 146] cur_best: cost=141830190.99  viol=566708.8825  obj=708539073.51 | best_so_far: cost=141830190.99  viol=566708.8825  obj=708539073.51
[Run 23 | Gen 147] cur_best: cost=141830190.99  viol=566708.8825  obj=708539073.51 | best_so_far: cost=141830190.99  viol=566708.8825  obj=708539073.51
[Run 23 | Gen 148] cur_best: cost=141830190.99  viol=566708.8825  obj=708539073.51 | best_so_far: cost=141830190.99  viol=566708.8825  obj=708539073.51
[Run 23 | Gen 149] cur_best: cost=141830190.99  viol=566708.8825  obj=708539073.51 | best_so_far: cost=141830190.99  viol=566708.8825  obj=708539073.51
[Run 23 | FE 8960] best_local_obj=708539073.51  best_local_cost=141830190.99  best_local_viol=566708.8825
[Run 23 | Gen 150] cur_best: cost=141830190.99  viol=566708.8825  obj=708539073.51 | best_so_far: cost=141830190.99  viol=566708.8825  obj=708539073.51
[Run 23 | Gen 151] cur_best: cost=141830190.99  viol=566708.8825  obj=708539073.51 | best_so_far: cost=141830190.99  viol=566708.8825  obj=708539073.51
[Run 23 | Gen 152] cur_best: cost=141830190.99  viol=566708.8825  obj=708539073.51 | best_so_far: cost=141830190.99  viol=566708.8825  obj=708539073.51
[Run 23 | Gen 153] cur_best: cost=141830190.99  viol=566708.8825  obj=708539073.51 | best_so_far: cost=141830190.99  viol=566708.8825  obj=708539073.51
[Run 23 | FE 9216] best_local_obj=708539073.51  best_local_cost=141830190.99  best_local_viol=566708.8825
[Run 23 | Gen 154] cur_best: cost=141830190.99  viol=566708.8825  obj=708539073.51 | best_so_far: cost=141830190.99  viol=566708.8825  obj=708539073.51
[Run 23 | Gen 155] cur_best: cost=141830190.99  viol=566708.8825  obj=708539073.51 | best_so_far: cost=141830190.99  viol=566708.8825  obj=708539073.51
[Run 23 | Gen 156] cur_best: cost=141830190.99  viol=566708.8825  obj=708539073.51 | best_so_far: cost=141830190.99  viol=566708.8825  obj=708539073.51
[Run 23 | Gen 157] cur_best: cost=141830190.99  viol=566708.8825  obj=708539073.51 | best_so_far: cost=141830190.99  viol=566708.8825  obj=708539073.51
[Run 23 | FE 9472] best_local_obj=708539073.51  best_local_cost=141830190.99  best_local_viol=566708.8825
[Run 23 | Gen 158] cur_best: cost=141830190.99  viol=566708.8825  obj=708539073.51 | best_so_far: cost=141830190.99  viol=566708.8825  obj=708539073.51
[Run 23 | Gen 159] cur_best: cost=141830190.99  viol=566708.8825  obj=708539073.51 | best_so_far: cost=141830190.99  viol=566708.8825  obj=708539073.51
[Run 23 | Gen 160] cur_best: cost=141830190.99  viol=566708.8825  obj=708539073.51 | best_so_far: cost=141830190.99  viol=566708.8825  obj=708539073.51
[Run 23 | Gen 161] cur_best: cost=141830190.99  viol=566708.8825  obj=708539073.51 | best_so_far: cost=141830190.99  viol=566708.8825  obj=708539073.51
[Run 23 | Gen 162] cur_best: cost=141830190.99  viol=566708.8825  obj=708539073.51 | best_so_far: cost=141830190.99  viol=566708.8825  obj=708539073.51
[Run 23 | FE 9728] best_local_obj=708539073.51  best_local_cost=141830190.99  best_local_viol=566708.8825
[Run 23 | Gen 163] cur_best: cost=141830190.99  viol=566708.8825  obj=708539073.51 | best_so_far: cost=141830190.99  viol=566708.8825  obj=708539073.51
[Run 23 | Gen 164] cur_best: cost=141830190.99  viol=566708.8825  obj=708539073.51 | best_so_far: cost=141830190.99  viol=566708.8825  obj=708539073.51
[Run 23 | Gen 165] cur_best: cost=141830190.99  viol=566708.8825  obj=708539073.51 | best_so_far: cost=141830190.99  viol=566708.8825  obj=708539073.51
[Run 23 | Gen 166] cur_best: cost=141830190.99  viol=566708.8825  obj=708539073.51 | best_so_far: cost=141830190.99  viol=566708.8825  obj=708539073.51
[Run 23 | FE 9984] best_local_obj=708539073.51  best_local_cost=141830190.99  best_local_viol=566708.8825
[Run 23 | Gen 167] cur_best: cost=141830190.99  viol=566708.8825  obj=708539073.51 | best_so_far: cost=141830190.99  viol=566708.8825  obj=708539073.51
[Run 23 | Gen 168] cur_best: cost=141830190.99  viol=566708.8825  obj=708539073.51 | best_so_far: cost=141830190.99  viol=566708.8825  obj=708539073.51
[Run 23 | Gen 169] cur_best: cost=141830190.99  viol=566708.8825  obj=708539073.51 | best_so_far: cost=141830190.99  viol=566708.8825  obj=708539073.51
[Run 23 | Gen 170] cur_best: cost=141830190.99  viol=566708.8825  obj=708539073.51 | best_so_far: cost=141830190.99  viol=566708.8825  obj=708539073.51
[Run 23 | FE 10240] best_local_obj=708539073.51  best_local_cost=141830190.99  best_local_viol=566708.8825
[Run 23 | Gen 171] cur_best: cost=141830190.99  viol=566708.8825  obj=708539073.51 | best_so_far: cost=141830190.99  viol=566708.8825  obj=708539073.51
[Run 23 | Gen 172] cur_best: cost=141830190.99  viol=566708.8825  obj=708539073.51 | best_so_far: cost=141830190.99  viol=566708.8825  obj=708539073.51
[Run 23 | Gen 173] cur_best: cost=141830190.99  viol=566708.8825  obj=708539073.51 | best_so_far: cost=141830190.99  viol=566708.8825  obj=708539073.51
[Run 23 | Gen 174] cur_best: cost=141830190.99  viol=566708.8825  obj=708539073.51 | best_so_far: cost=141830190.99  viol=566708.8825  obj=708539073.51
[Run 23 | FE 10496] best_local_obj=708539073.51  best_local_cost=141830190.99  best_local_viol=566708.8825
[Run 23 | Gen 175] cur_best: cost=141830190.99  viol=566708.8825  obj=708539073.51 | best_so_far: cost=141830190.99  viol=566708.8825  obj=708539073.51
[Run 23 | Gen 176] cur_best: cost=141830190.99  viol=566708.8825  obj=708539073.51 | best_so_far: cost=141830190.99  viol=566708.8825  obj=708539073.51
[Run 23 | Gen 177] cur_best: cost=141830190.99  viol=566708.8825  obj=708539073.51 | best_so_far: cost=141830190.99  viol=566708.8825  obj=708539073.51
[Run 23 | Gen 178] cur_best: cost=141830190.99  viol=566708.8825  obj=708539073.51 | best_so_far: cost=141830190.99  viol=566708.8825  obj=708539073.51
[Run 23 | Gen 179] cur_best: cost=141830190.99  viol=566708.8825  obj=708539073.51 | best_so_far: cost=141830190.99  viol=566708.8825  obj=708539073.51
[Run 23 | FE 10752] best_local_obj=708539073.51  best_local_cost=141830190.99  best_local_viol=566708.8825
[Run 23 | Gen 180] cur_best: cost=141830190.99  viol=566708.8825  obj=708539073.51 | best_so_far: cost=141830190.99  viol=566708.8825  obj=708539073.51
[Run 23 | Gen 181] cur_best: cost=141830190.99  viol=566708.8825  obj=708539073.51 | best_so_far: cost=141830190.99  viol=566708.8825  obj=708539073.51
[Run 23 | Gen 182] cur_best: cost=141830190.99  viol=566708.8825  obj=708539073.51 | best_so_far: cost=141830190.99  viol=566708.8825  obj=708539073.51
[Run 23 | Gen 183] cur_best: cost=141830190.99  viol=566708.8825  obj=708539073.51 | best_so_far: cost=141830190.99  viol=566708.8825  obj=708539073.51
[Run 23 | FE 11008] best_local_obj=708539073.51  best_local_cost=141830190.99  best_local_viol=566708.8825
[Run 23 | Gen 184] cur_best: cost=141830190.99  viol=566708.8825  obj=708539073.51 | best_so_far: cost=141830190.99  viol=566708.8825  obj=708539073.51
[Run 23 | Gen 185] cur_best: cost=141830190.99  viol=566708.8825  obj=708539073.51 | best_so_far: cost=141830190.99  viol=566708.8825  obj=708539073.51
[Run 23 | Gen 186] cur_best: cost=141830190.99  viol=566708.8825  obj=708539073.51 | best_so_far: cost=141830190.99  viol=566708.8825  obj=708539073.51
[Run 23 | Gen 187] cur_best: cost=141830190.99  viol=566708.8825  obj=708539073.51 | best_so_far: cost=141830190.99  viol=566708.8825  obj=708539073.51
[Run 23 | FE 11264] best_local_obj=708539073.51  best_local_cost=141830190.99  best_local_viol=566708.8825
[Run 23 | Gen 188] cur_best: cost=141830190.99  viol=566708.8825  obj=708539073.51 | best_so_far: cost=141830190.99  viol=566708.8825  obj=708539073.51
[Run 23 | Gen 189] cur_best: cost=141830190.99  viol=566708.8825  obj=708539073.51 | best_so_far: cost=141830190.99  viol=566708.8825  obj=708539073.51
[Run 23 | Gen 190] cur_best: cost=141830190.99  viol=566708.8825  obj=708539073.51 | best_so_far: cost=141830190.99  viol=566708.8825  obj=708539073.51
[Run 23 | Gen 191] cur_best: cost=141830190.99  viol=566708.8825  obj=708539073.51 | best_so_far: cost=141830190.99  viol=566708.8825  obj=708539073.51
[Run 23 | FE 11520] best_local_obj=708539073.51  best_local_cost=141830190.99  best_local_viol=566708.8825
[Run 23 | Gen 192] cur_best: cost=141830190.99  viol=566708.8825  obj=708539073.51 | best_so_far: cost=141830190.99  viol=566708.8825  obj=708539073.51
[Run 23 | Gen 193] cur_best: cost=141830190.99  viol=566708.8825  obj=708539073.51 | best_so_far: cost=141830190.99  viol=566708.8825  obj=708539073.51
[Run 23 | Gen 194] cur_best: cost=141830190.99  viol=566708.8825  obj=708539073.51 | best_so_far: cost=141830190.99  viol=566708.8825  obj=708539073.51
[Run 23 | Gen 195] cur_best: cost=141830190.99  viol=566708.8825  obj=708539073.51 | best_so_far: cost=141830190.99  viol=566708.8825  obj=708539073.51
[Run 23 | Gen 196] cur_best: cost=141830190.99  viol=566708.8825  obj=708539073.51 | best_so_far: cost=141830190.99  viol=566708.8825  obj=708539073.51
[Run 23 | FE 11776] best_local_obj=708539073.51  best_local_cost=141830190.99  best_local_viol=566708.8825
[Run 23 | Gen 197] cur_best: cost=141830190.99  viol=566708.8825  obj=708539073.51 | best_so_far: cost=141830190.99  viol=566708.8825  obj=708539073.51
[Run 23 | Gen 198] cur_best: cost=141830190.99  viol=566708.8825  obj=708539073.51 | best_so_far: cost=141830190.99  viol=566708.8825  obj=708539073.51
[Run 23 | Gen 199] cur_best: cost=141830190.99  viol=566708.8825  obj=708539073.51 | best_so_far: cost=141830190.99  viol=566708.8825  obj=708539073.51
[Run 23 | Gen 200] cur_best: cost=141830190.99  viol=566708.8825  obj=708539073.51 | best_so_far: cost=141830190.99  viol=566708.8825  obj=708539073.51
[Run 23 | FE 12032] best_local_obj=708539073.51  best_local_cost=141830190.99  best_local_viol=566708.8825
[Run 23 | Gen 201] cur_best: cost=141830190.99  viol=566708.8825  obj=708539073.51 | best_so_far: cost=141830190.99  viol=566708.8825  obj=708539073.51
[Run 23 | Gen 202] cur_best: cost=141830190.99  viol=566708.8825  obj=708539073.51 | best_so_far: cost=141830190.99  viol=566708.8825  obj=708539073.51
[Run 23 | Gen 203] cur_best: cost=141830190.99  viol=566708.8825  obj=708539073.51 | best_so_far: cost=141830190.99  viol=566708.8825  obj=708539073.51
[Run 23 | Gen 204] cur_best: cost=141830190.99  viol=566708.8825  obj=708539073.51 | best_so_far: cost=141830190.99  viol=566708.8825  obj=708539073.51
[Run 23 | FE 12288] best_local_obj=708539073.51  best_local_cost=141830190.99  best_local_viol=566708.8825
[Run 23 | Gen 205] cur_best: cost=141830190.99  viol=566708.8825  obj=708539073.51 | best_so_far: cost=141830190.99  viol=566708.8825  obj=708539073.51
[Run 23 | Gen 206] cur_best: cost=141830190.99  viol=566708.8825  obj=708539073.51 | best_so_far: cost=141830190.99  viol=566708.8825  obj=708539073.51
[Run 23 | Gen 207] cur_best: cost=141830190.99  viol=566708.8825  obj=708539073.51 | best_so_far: cost=141830190.99  viol=566708.8825  obj=708539073.51
[Run 23 | Gen 208] cur_best: cost=141830190.99  viol=566708.8825  obj=708539073.51 | best_so_far: cost=141830190.99  viol=566708.8825  obj=708539073.51
[Run 23 | Gen 209] cur_best: cost=141830190.99  viol=566708.8825  obj=708539073.51 | best_so_far: cost=141830190.99  viol=566708.8825  obj=708539073.51
[Run 23 | FE 12544] best_local_obj=708539073.51  best_local_cost=141830190.99  best_local_viol=566708.8825
[Run 23 | Gen 210] cur_best: cost=141830190.99  viol=566708.8825  obj=708539073.51 | best_so_far: cost=141830190.99  viol=566708.8825  obj=708539073.51
[Run 23 | Gen 211] cur_best: cost=141830190.99  viol=566708.8825  obj=708539073.51 | best_so_far: cost=141830190.99  viol=566708.8825  obj=708539073.51
[Run 23 | Gen 212] cur_best: cost=141830190.99  viol=566708.8825  obj=708539073.51 | best_so_far: cost=141830190.99  viol=566708.8825  obj=708539073.51
[Run 23 | Gen 213] cur_best: cost=141830190.99  viol=566708.8825  obj=708539073.51 | best_so_far: cost=141830190.99  viol=566708.8825  obj=708539073.51
[Run 23 | FE 12800] best_local_obj=708539073.51  best_local_cost=141830190.99  best_local_viol=566708.8825
[Run 23 | Gen 214] cur_best: cost=141830190.99  viol=566708.8825  obj=708539073.51 | best_so_far: cost=141830190.99  viol=566708.8825  obj=708539073.51

[Stop] reached max_total_fe=12800.

[Run 23] best_global_cost=141830190.9863, best_global_viol=566708.882520, best_global_obj=708539073.5065
[Done] summary=/work/home/acn1eb8nfq/yuezhang46/GFcode/GF实验一：横向对比/ga_global_logs/run_23_seed_1023/runs_summary.csv
