[RunConfig] run_id=20 seed=1020
[OutputDir] /work/home/acn1eb8nfq/yuezhang46/GFcode/GF实验一：横向对比/ga_global_logs/run_20_seed_1020
[Info] #nodes = 1810
[Load] Reading scenarios ...
  - spring: raw edges=3686, days=31
  - summer: raw edges=3686, days=30
  - autumn: raw edges=3686, days=31
  - winter: raw edges=3686, days=30
[Filter] EDGE_WEIGHT_MIN=1.0
  - active_nodes=1450  inactive_nodes(fixed NONE)=360
  - spring: removed=2281, kept=1405
  - summer: removed=2206, kept=1480
  - autumn: removed=2131, kept=1555
  - winter: removed=2189, kept=1497
  - spring: filtered edges (active subgraph)=1405
  - summer: filtered edges (active subgraph)=1480
  - autumn: filtered edges (active subgraph)=1555
  - winter: filtered edges (active subgraph)=1497
[GA] Initialize population ...
[GA] Init population generated.
[GA] Evolve under FE budget ...
[Run 20 | Gen 1] cur_best: cost=80953686.27  viol=1418248.3556  obj=1499202041.87 | best_so_far: cost=80953686.27  viol=1418248.3556  obj=1499202041.87
[Run 20 | Gen 2] cur_best: cost=82611444.16  viol=1314556.3685  obj=1397167812.64 | best_so_far: cost=82611444.16  viol=1314556.3685  obj=1397167812.64
[Run 20 | Gen 3] cur_best: cost=82611444.16  viol=1314556.3685  obj=1397167812.64 | best_so_far: cost=82611444.16  viol=1314556.3685  obj=1397167812.64
[Run 20 | Gen 4] cur_best: cost=95505105.58  viol=1229576.7957  obj=1325081901.24 | best_so_far: cost=95505105.58  viol=1229576.7957  obj=1325081901.24
[Run 20 | FE 256] best_local_obj=1325081901.24  best_local_cost=95505105.58  best_local_viol=1229576.7957
[Run 20 | Gen 5] cur_best: cost=95413008.83  viol=1161614.5969  obj=1257027605.73 | best_so_far: cost=95413008.83  viol=1161614.5969  obj=1257027605.73
[Run 20 | Gen 6] cur_best: cost=98268036.51  viol=1091642.7697  obj=1189910806.20 | best_so_far: cost=98268036.51  viol=1091642.7697  obj=1189910806.20
[Run 20 | Gen 7] cur_best: cost=98268036.51  viol=1091642.7697  obj=1189910806.20 | best_so_far: cost=98268036.51  viol=1091642.7697  obj=1189910806.20
[Run 20 | Gen 8] cur_best: cost=105543740.31  viol=1002495.8684  obj=1108039608.73 | best_so_far: cost=105543740.31  viol=1002495.8684  obj=1108039608.73
[Run 20 | FE 512] best_local_obj=1085615053.01  best_local_cost=112358965.04  best_local_viol=973256.0880
[Run 20 | Gen 9] cur_best: cost=112358965.04  viol=973256.0880  obj=1085615053.01 | best_so_far: cost=112358965.04  viol=973256.0880  obj=1085615053.01
[Run 20 | Gen 10] cur_best: cost=112358965.04  viol=973256.0880  obj=1085615053.01 | best_so_far: cost=112358965.04  viol=973256.0880  obj=1085615053.01
[Run 20 | Gen 11] cur_best: cost=112358965.04  viol=973256.0880  obj=1085615053.01 | best_so_far: cost=112358965.04  viol=973256.0880  obj=1085615053.01
[Run 20 | Gen 12] cur_best: cost=111898477.28  viol=848096.8104  obj=959995287.63 | best_so_far: cost=111898477.28  viol=848096.8104  obj=959995287.63
[Run 20 | FE 768] best_local_obj=959995287.63  best_local_cost=111898477.28  best_local_viol=848096.8104
[Run 20 | Gen 13] cur_best: cost=111898477.28  viol=848096.8104  obj=959995287.63 | best_so_far: cost=111898477.28  viol=848096.8104  obj=959995287.63
[Run 20 | Gen 14] cur_best: cost=111898477.28  viol=848096.8104  obj=959995287.63 | best_so_far: cost=111898477.28  viol=848096.8104  obj=959995287.63
[Run 20 | Gen 15] cur_best: cost=111898477.28  viol=848096.8104  obj=959995287.63 | best_so_far: cost=111898477.28  viol=848096.8104  obj=959995287.63
[Run 20 | Gen 16] cur_best: cost=122029210.77  viol=782552.7021  obj=904581912.83 | best_so_far: cost=122029210.77  viol=782552.7021  obj=904581912.83
[Run 20 | Gen 17] cur_best: cost=122029210.77  viol=782552.7021  obj=904581912.83 | best_so_far: cost=122029210.77  viol=782552.7021  obj=904581912.83
[Run 20 | FE 1024] best_local_obj=904581912.83  best_local_cost=122029210.77  best_local_viol=782552.7021
[Run 20 | Gen 18] cur_best: cost=122029210.77  viol=782552.7021  obj=904581912.83 | best_so_far: cost=122029210.77  viol=782552.7021  obj=904581912.83
[Run 20 | Gen 19] cur_best: cost=122029210.77  viol=782552.7021  obj=904581912.83 | best_so_far: cost=122029210.77  viol=782552.7021  obj=904581912.83
[Run 20 | Gen 20] cur_best: cost=122029210.77  viol=782552.7021  obj=904581912.83 | best_so_far: cost=122029210.77  viol=782552.7021  obj=904581912.83
[Run 20 | Gen 21] cur_best: cost=122029210.77  viol=782552.7021  obj=904581912.83 | best_so_far: cost=122029210.77  viol=782552.7021  obj=904581912.83
[Run 20 | FE 1280] best_local_obj=904581912.83  best_local_cost=122029210.77  best_local_viol=782552.7021
[Run 20 | Gen 22] cur_best: cost=122029210.77  viol=782552.7021  obj=904581912.83 | best_so_far: cost=122029210.77  viol=782552.7021  obj=904581912.83
[Run 20 | Gen 23] cur_best: cost=122029210.77  viol=782552.7021  obj=904581912.83 | best_so_far: cost=122029210.77  viol=782552.7021  obj=904581912.83
[Run 20 | Gen 24] cur_best: cost=122029210.77  viol=782552.7021  obj=904581912.83 | best_so_far: cost=122029210.77  viol=782552.7021  obj=904581912.83
[Run 20 | Gen 25] cur_best: cost=122029210.77  viol=782552.7021  obj=904581912.83 | best_so_far: cost=122029210.77  viol=782552.7021  obj=904581912.83
[Run 20 | FE 1536] best_local_obj=904581912.83  best_local_cost=122029210.77  best_local_viol=782552.7021
[Run 20 | Gen 26] cur_best: cost=122029210.77  viol=782552.7021  obj=904581912.83 | best_so_far: cost=122029210.77  viol=782552.7021  obj=904581912.83
[Run 20 | Gen 27] cur_best: cost=122029210.77  viol=782552.7021  obj=904581912.83 | best_so_far: cost=122029210.77  viol=782552.7021  obj=904581912.83
[Run 20 | Gen 28] cur_best: cost=122029210.77  viol=782552.7021  obj=904581912.83 | best_so_far: cost=122029210.77  viol=782552.7021  obj=904581912.83
[Run 20 | Gen 29] cur_best: cost=122029210.77  viol=782552.7021  obj=904581912.83 | best_so_far: cost=122029210.77  viol=782552.7021  obj=904581912.83
[Run 20 | FE 1792] best_local_obj=904581912.83  best_local_cost=122029210.77  best_local_viol=782552.7021
[Run 20 | Gen 30] cur_best: cost=122029210.77  viol=782552.7021  obj=904581912.83 | best_so_far: cost=122029210.77  viol=782552.7021  obj=904581912.83
[Run 20 | Gen 31] cur_best: cost=124700040.27  viol=768976.9957  obj=893677035.92 | best_so_far: cost=124700040.27  viol=768976.9957  obj=893677035.92
[Run 20 | Gen 32] cur_best: cost=124700040.27  viol=768976.9957  obj=893677035.92 | best_so_far: cost=124700040.27  viol=768976.9957  obj=893677035.92
[Run 20 | Gen 33] cur_best: cost=124700040.27  viol=768976.9957  obj=893677035.92 | best_so_far: cost=124700040.27  viol=768976.9957  obj=893677035.92
[Run 20 | Gen 34] cur_best: cost=124700040.27  viol=768976.9957  obj=893677035.92 | best_so_far: cost=124700040.27  viol=768976.9957  obj=893677035.92
[Run 20 | FE 2048] best_local_obj=893677035.92  best_local_cost=124700040.27  best_local_viol=768976.9957
[Run 20 | Gen 35] cur_best: cost=124700040.27  viol=768976.9957  obj=893677035.92 | best_so_far: cost=124700040.27  viol=768976.9957  obj=893677035.92
[Run 20 | Gen 36] cur_best: cost=124700040.27  viol=768976.9957  obj=893677035.92 | best_so_far: cost=124700040.27  viol=768976.9957  obj=893677035.92
[Run 20 | Gen 37] cur_best: cost=129028624.99  viol=710417.1752  obj=839445800.16 | best_so_far: cost=129028624.99  viol=710417.1752  obj=839445800.16
[Run 20 | Gen 38] cur_best: cost=129028624.99  viol=710417.1752  obj=839445800.16 | best_so_far: cost=129028624.99  viol=710417.1752  obj=839445800.16
[Run 20 | FE 2304] best_local_obj=839445800.16  best_local_cost=129028624.99  best_local_viol=710417.1752
[Run 20 | Gen 39] cur_best: cost=129028624.99  viol=710417.1752  obj=839445800.16 | best_so_far: cost=129028624.99  viol=710417.1752  obj=839445800.16
[Run 20 | Gen 40] cur_best: cost=129028624.99  viol=710417.1752  obj=839445800.16 | best_so_far: cost=129028624.99  viol=710417.1752  obj=839445800.16
[Run 20 | Gen 41] cur_best: cost=129028624.99  viol=710417.1752  obj=839445800.16 | best_so_far: cost=129028624.99  viol=710417.1752  obj=839445800.16
[Run 20 | Gen 42] cur_best: cost=129028624.99  viol=710417.1752  obj=839445800.16 | best_so_far: cost=129028624.99  viol=710417.1752  obj=839445800.16
[Run 20 | FE 2560] best_local_obj=839445800.16  best_local_cost=129028624.99  best_local_viol=710417.1752
[Run 20 | Gen 43] cur_best: cost=129028624.99  viol=710417.1752  obj=839445800.16 | best_so_far: cost=129028624.99  viol=710417.1752  obj=839445800.16
[Run 20 | Gen 44] cur_best: cost=129028624.99  viol=710417.1752  obj=839445800.16 | best_so_far: cost=129028624.99  viol=710417.1752  obj=839445800.16
[Run 20 | Gen 45] cur_best: cost=129028624.99  viol=710417.1752  obj=839445800.16 | best_so_far: cost=129028624.99  viol=710417.1752  obj=839445800.16
[Run 20 | Gen 46] cur_best: cost=129028624.99  viol=710417.1752  obj=839445800.16 | best_so_far: cost=129028624.99  viol=710417.1752  obj=839445800.16
[Run 20 | FE 2816] best_local_obj=839445800.16  best_local_cost=129028624.99  best_local_viol=710417.1752
[Run 20 | Gen 47] cur_best: cost=129028624.99  viol=710417.1752  obj=839445800.16 | best_so_far: cost=129028624.99  viol=710417.1752  obj=839445800.16
[Run 20 | Gen 48] cur_best: cost=129028624.99  viol=710417.1752  obj=839445800.16 | best_so_far: cost=129028624.99  viol=710417.1752  obj=839445800.16
[Run 20 | Gen 49] cur_best: cost=129028624.99  viol=710417.1752  obj=839445800.16 | best_so_far: cost=129028624.99  viol=710417.1752  obj=839445800.16
[Run 20 | Gen 50] cur_best: cost=129028624.99  viol=710417.1752  obj=839445800.16 | best_so_far: cost=129028624.99  viol=710417.1752  obj=839445800.16
[Run 20 | Gen 51] cur_best: cost=129028624.99  viol=710417.1752  obj=839445800.16 | best_so_far: cost=129028624.99  viol=710417.1752  obj=839445800.16
[Run 20 | FE 3072] best_local_obj=839445800.16  best_local_cost=129028624.99  best_local_viol=710417.1752
[Run 20 | Gen 52] cur_best: cost=129028624.99  viol=710417.1752  obj=839445800.16 | best_so_far: cost=129028624.99  viol=710417.1752  obj=839445800.16
[Run 20 | Gen 53] cur_best: cost=129028624.99  viol=710417.1752  obj=839445800.16 | best_so_far: cost=129028624.99  viol=710417.1752  obj=839445800.16
[Run 20 | Gen 54] cur_best: cost=129028624.99  viol=710417.1752  obj=839445800.16 | best_so_far: cost=129028624.99  viol=710417.1752  obj=839445800.16
[Run 20 | Gen 55] cur_best: cost=129028624.99  viol=710417.1752  obj=839445800.16 | best_so_far: cost=129028624.99  viol=710417.1752  obj=839445800.16
[Run 20 | FE 3328] best_local_obj=839445800.16  best_local_cost=129028624.99  best_local_viol=710417.1752
[Run 20 | Gen 56] cur_best: cost=129028624.99  viol=710417.1752  obj=839445800.16 | best_so_far: cost=129028624.99  viol=710417.1752  obj=839445800.16
[Run 20 | Gen 57] cur_best: cost=129028624.99  viol=710417.1752  obj=839445800.16 | best_so_far: cost=129028624.99  viol=710417.1752  obj=839445800.16
[Run 20 | Gen 58] cur_best: cost=129028624.99  viol=710417.1752  obj=839445800.16 | best_so_far: cost=129028624.99  viol=710417.1752  obj=839445800.16
[Run 20 | Gen 59] cur_best: cost=129028624.99  viol=710417.1752  obj=839445800.16 | best_so_far: cost=129028624.99  viol=710417.1752  obj=839445800.16
[Run 20 | FE 3584] best_local_obj=839445800.16  best_local_cost=129028624.99  best_local_viol=710417.1752
[Run 20 | Gen 60] cur_best: cost=129028624.99  viol=710417.1752  obj=839445800.16 | best_so_far: cost=129028624.99  viol=710417.1752  obj=839445800.16
[Run 20 | Gen 61] cur_best: cost=129028624.99  viol=710417.1752  obj=839445800.16 | best_so_far: cost=129028624.99  viol=710417.1752  obj=839445800.16
[Run 20 | Gen 62] cur_best: cost=129028624.99  viol=710417.1752  obj=839445800.16 | best_so_far: cost=129028624.99  viol=710417.1752  obj=839445800.16
[Run 20 | Gen 63] cur_best: cost=129028624.99  viol=710417.1752  obj=839445800.16 | best_so_far: cost=129028624.99  viol=710417.1752  obj=839445800.16
[Run 20 | FE 3840] best_local_obj=839445800.16  best_local_cost=129028624.99  best_local_viol=710417.1752
[Run 20 | Gen 64] cur_best: cost=129028624.99  viol=710417.1752  obj=839445800.16 | best_so_far: cost=129028624.99  viol=710417.1752  obj=839445800.16
[Run 20 | Gen 65] cur_best: cost=129028624.99  viol=710417.1752  obj=839445800.16 | best_so_far: cost=129028624.99  viol=710417.1752  obj=839445800.16
[Run 20 | Gen 66] cur_best: cost=129028624.99  viol=710417.1752  obj=839445800.16 | best_so_far: cost=129028624.99  viol=710417.1752  obj=839445800.16
[Run 20 | Gen 67] cur_best: cost=129028624.99  viol=710417.1752  obj=839445800.16 | best_so_far: cost=129028624.99  viol=710417.1752  obj=839445800.16
[Run 20 | Gen 68] cur_best: cost=129028624.99  viol=710417.1752  obj=839445800.16 | best_so_far: cost=129028624.99  viol=710417.1752  obj=839445800.16
[Run 20 | FE 4096] best_local_obj=839445800.16  best_local_cost=129028624.99  best_local_viol=710417.1752
[Run 20 | Gen 69] cur_best: cost=129028624.99  viol=710417.1752  obj=839445800.16 | best_so_far: cost=129028624.99  viol=710417.1752  obj=839445800.16
[Run 20 | Gen 70] cur_best: cost=129028624.99  viol=710417.1752  obj=839445800.16 | best_so_far: cost=129028624.99  viol=710417.1752  obj=839445800.16
[Run 20 | Gen 71] cur_best: cost=129028624.99  viol=710417.1752  obj=839445800.16 | best_so_far: cost=129028624.99  viol=710417.1752  obj=839445800.16
[Run 20 | Gen 72] cur_best: cost=129028624.99  viol=710417.1752  obj=839445800.16 | best_so_far: cost=129028624.99  viol=710417.1752  obj=839445800.16
[Run 20 | FE 4352] best_local_obj=839445800.16  best_local_cost=129028624.99  best_local_viol=710417.1752
[Run 20 | Gen 73] cur_best: cost=129028624.99  viol=710417.1752  obj=839445800.16 | best_so_far: cost=129028624.99  viol=710417.1752  obj=839445800.16
[Run 20 | Gen 74] cur_best: cost=129028624.99  viol=710417.1752  obj=839445800.16 | best_so_far: cost=129028624.99  viol=710417.1752  obj=839445800.16
[Run 20 | Gen 75] cur_best: cost=129028624.99  viol=710417.1752  obj=839445800.16 | best_so_far: cost=129028624.99  viol=710417.1752  obj=839445800.16
[Run 20 | Gen 76] cur_best: cost=129028624.99  viol=710417.1752  obj=839445800.16 | best_so_far: cost=129028624.99  viol=710417.1752  obj=839445800.16
[Run 20 | FE 4608] best_local_obj=839445800.16  best_local_cost=129028624.99  best_local_viol=710417.1752
[Run 20 | Gen 77] cur_best: cost=129028624.99  viol=710417.1752  obj=839445800.16 | best_so_far: cost=129028624.99  viol=710417.1752  obj=839445800.16
[Run 20 | Gen 78] cur_best: cost=129028624.99  viol=710417.1752  obj=839445800.16 | best_so_far: cost=129028624.99  viol=710417.1752  obj=839445800.16
[Run 20 | Gen 79] cur_best: cost=129028624.99  viol=710417.1752  obj=839445800.16 | best_so_far: cost=129028624.99  viol=710417.1752  obj=839445800.16
[Run 20 | Gen 80] cur_best: cost=129028624.99  viol=710417.1752  obj=839445800.16 | best_so_far: cost=129028624.99  viol=710417.1752  obj=839445800.16
[Run 20 | Gen 81] cur_best: cost=129028624.99  viol=710417.1752  obj=839445800.16 | best_so_far: cost=129028624.99  viol=710417.1752  obj=839445800.16
[Run 20 | FE 4864] best_local_obj=839445800.16  best_local_cost=129028624.99  best_local_viol=710417.1752
[Run 20 | Gen 82] cur_best: cost=129028624.99  viol=710417.1752  obj=839445800.16 | best_so_far: cost=129028624.99  viol=710417.1752  obj=839445800.16
[Run 20 | Gen 83] cur_best: cost=129028624.99  viol=710417.1752  obj=839445800.16 | best_so_far: cost=129028624.99  viol=710417.1752  obj=839445800.16
[Run 20 | Gen 84] cur_best: cost=129028624.99  viol=710417.1752  obj=839445800.16 | best_so_far: cost=129028624.99  viol=710417.1752  obj=839445800.16
[Run 20 | Gen 85] cur_best: cost=129028624.99  viol=710417.1752  obj=839445800.16 | best_so_far: cost=129028624.99  viol=710417.1752  obj=839445800.16
[Run 20 | FE 5120] best_local_obj=839445800.16  best_local_cost=129028624.99  best_local_viol=710417.1752
[Run 20 | Gen 86] cur_best: cost=129028624.99  viol=710417.1752  obj=839445800.16 | best_so_far: cost=129028624.99  viol=710417.1752  obj=839445800.16
[Run 20 | Gen 87] cur_best: cost=129028624.99  viol=710417.1752  obj=839445800.16 | best_so_far: cost=129028624.99  viol=710417.1752  obj=839445800.16
[Run 20 | Gen 88] cur_best: cost=129028624.99  viol=710417.1752  obj=839445800.16 | best_so_far: cost=129028624.99  viol=710417.1752  obj=839445800.16
[Run 20 | Gen 89] cur_best: cost=129028624.99  viol=710417.1752  obj=839445800.16 | best_so_far: cost=129028624.99  viol=710417.1752  obj=839445800.16
[Run 20 | FE 5376] best_local_obj=839445800.16  best_local_cost=129028624.99  best_local_viol=710417.1752
[Run 20 | Gen 90] cur_best: cost=129028624.99  viol=710417.1752  obj=839445800.16 | best_so_far: cost=129028624.99  viol=710417.1752  obj=839445800.16
[Run 20 | Gen 91] cur_best: cost=129028624.99  viol=710417.1752  obj=839445800.16 | best_so_far: cost=129028624.99  viol=710417.1752  obj=839445800.16
[Run 20 | Gen 92] cur_best: cost=129028624.99  viol=710417.1752  obj=839445800.16 | best_so_far: cost=129028624.99  viol=710417.1752  obj=839445800.16
[Run 20 | Gen 93] cur_best: cost=129028624.99  viol=710417.1752  obj=839445800.16 | best_so_far: cost=129028624.99  viol=710417.1752  obj=839445800.16
[Run 20 | FE 5632] best_local_obj=839445800.16  best_local_cost=129028624.99  best_local_viol=710417.1752
[Run 20 | Gen 94] cur_best: cost=129028624.99  viol=710417.1752  obj=839445800.16 | best_so_far: cost=129028624.99  viol=710417.1752  obj=839445800.16
[Run 20 | Gen 95] cur_best: cost=129028624.99  viol=710417.1752  obj=839445800.16 | best_so_far: cost=129028624.99  viol=710417.1752  obj=839445800.16
[Run 20 | Gen 96] cur_best: cost=129028624.99  viol=710417.1752  obj=839445800.16 | best_so_far: cost=129028624.99  viol=710417.1752  obj=839445800.16
[Run 20 | Gen 97] cur_best: cost=129028624.99  viol=710417.1752  obj=839445800.16 | best_so_far: cost=129028624.99  viol=710417.1752  obj=839445800.16
[Run 20 | Gen 98] cur_best: cost=129028624.99  viol=710417.1752  obj=839445800.16 | best_so_far: cost=129028624.99  viol=710417.1752  obj=839445800.16
[Run 20 | FE 5888] best_local_obj=839445800.16  best_local_cost=129028624.99  best_local_viol=710417.1752
[Run 20 | Gen 99] cur_best: cost=129028624.99  viol=710417.1752  obj=839445800.16 | best_so_far: cost=129028624.99  viol=710417.1752  obj=839445800.16
[Run 20 | Gen 100] cur_best: cost=129028624.99  viol=710417.1752  obj=839445800.16 | best_so_far: cost=129028624.99  viol=710417.1752  obj=839445800.16
[Run 20 | Gen 101] cur_best: cost=129028624.99  viol=710417.1752  obj=839445800.16 | best_so_far: cost=129028624.99  viol=710417.1752  obj=839445800.16
[Run 20 | Gen 102] cur_best: cost=129028624.99  viol=710417.1752  obj=839445800.16 | best_so_far: cost=129028624.99  viol=710417.1752  obj=839445800.16
[Run 20 | FE 6144] best_local_obj=839445800.16  best_local_cost=129028624.99  best_local_viol=710417.1752
[Run 20 | Gen 103] cur_best: cost=129028624.99  viol=710417.1752  obj=839445800.16 | best_so_far: cost=129028624.99  viol=710417.1752  obj=839445800.16
[Run 20 | Gen 104] cur_best: cost=129028624.99  viol=710417.1752  obj=839445800.16 | best_so_far: cost=129028624.99  viol=710417.1752  obj=839445800.16
[Run 20 | Gen 105] cur_best: cost=129028624.99  viol=710417.1752  obj=839445800.16 | best_so_far: cost=129028624.99  viol=710417.1752  obj=839445800.16
[Run 20 | Gen 106] cur_best: cost=129028624.99  viol=710417.1752  obj=839445800.16 | best_so_far: cost=129028624.99  viol=710417.1752  obj=839445800.16
[Run 20 | FE 6400] best_local_obj=839445800.16  best_local_cost=129028624.99  best_local_viol=710417.1752
[Run 20 | Gen 107] cur_best: cost=129028624.99  viol=710417.1752  obj=839445800.16 | best_so_far: cost=129028624.99  viol=710417.1752  obj=839445800.16
[Run 20 | Gen 108] cur_best: cost=129028624.99  viol=710417.1752  obj=839445800.16 | best_so_far: cost=129028624.99  viol=710417.1752  obj=839445800.16
[Run 20 | Gen 109] cur_best: cost=129028624.99  viol=710417.1752  obj=839445800.16 | best_so_far: cost=129028624.99  viol=710417.1752  obj=839445800.16
[Run 20 | Gen 110] cur_best: cost=129028624.99  viol=710417.1752  obj=839445800.16 | best_so_far: cost=129028624.99  viol=710417.1752  obj=839445800.16
[Run 20 | FE 6656] best_local_obj=839445800.16  best_local_cost=129028624.99  best_local_viol=710417.1752
[Run 20 | Gen 111] cur_best: cost=129028624.99  viol=710417.1752  obj=839445800.16 | best_so_far: cost=129028624.99  viol=710417.1752  obj=839445800.16
[Run 20 | Gen 112] cur_best: cost=129028624.99  viol=710417.1752  obj=839445800.16 | best_so_far: cost=129028624.99  viol=710417.1752  obj=839445800.16
[Run 20 | Gen 113] cur_best: cost=129028624.99  viol=710417.1752  obj=839445800.16 | best_so_far: cost=129028624.99  viol=710417.1752  obj=839445800.16
[Run 20 | Gen 114] cur_best: cost=129028624.99  viol=710417.1752  obj=839445800.16 | best_so_far: cost=129028624.99  viol=710417.1752  obj=839445800.16
[Run 20 | Gen 115] cur_best: cost=129028624.99  viol=710417.1752  obj=839445800.16 | best_so_far: cost=129028624.99  viol=710417.1752  obj=839445800.16
[Run 20 | FE 6912] best_local_obj=839445800.16  best_local_cost=129028624.99  best_local_viol=710417.1752
[Run 20 | Gen 116] cur_best: cost=129028624.99  viol=710417.1752  obj=839445800.16 | best_so_far: cost=129028624.99  viol=710417.1752  obj=839445800.16
[Run 20 | Gen 117] cur_best: cost=129028624.99  viol=710417.1752  obj=839445800.16 | best_so_far: cost=129028624.99  viol=710417.1752  obj=839445800.16
[Run 20 | Gen 118] cur_best: cost=129028624.99  viol=710417.1752  obj=839445800.16 | best_so_far: cost=129028624.99  viol=710417.1752  obj=839445800.16
[Run 20 | Gen 119] cur_best: cost=129028624.99  viol=710417.1752  obj=839445800.16 | best_so_far: cost=129028624.99  viol=710417.1752  obj=839445800.16
[Run 20 | FE 7168] best_local_obj=839445800.16  best_local_cost=129028624.99  best_local_viol=710417.1752
[Run 20 | Gen 120] cur_best: cost=129028624.99  viol=710417.1752  obj=839445800.16 | best_so_far: cost=129028624.99  viol=710417.1752  obj=839445800.16
[Run 20 | Gen 121] cur_best: cost=129028624.99  viol=710417.1752  obj=839445800.16 | best_so_far: cost=129028624.99  viol=710417.1752  obj=839445800.16
[Run 20 | Gen 122] cur_best: cost=129028624.99  viol=710417.1752  obj=839445800.16 | best_so_far: cost=129028624.99  viol=710417.1752  obj=839445800.16
[Run 20 | Gen 123] cur_best: cost=129028624.99  viol=710417.1752  obj=839445800.16 | best_so_far: cost=129028624.99  viol=710417.1752  obj=839445800.16
[Run 20 | FE 7424] best_local_obj=839445800.16  best_local_cost=129028624.99  best_local_viol=710417.1752
[Run 20 | Gen 124] cur_best: cost=129028624.99  viol=710417.1752  obj=839445800.16 | best_so_far: cost=129028624.99  viol=710417.1752  obj=839445800.16
[Run 20 | Gen 125] cur_best: cost=129028624.99  viol=710417.1752  obj=839445800.16 | best_so_far: cost=129028624.99  viol=710417.1752  obj=839445800.16
[Run 20 | Gen 126] cur_best: cost=129028624.99  viol=710417.1752  obj=839445800.16 | best_so_far: cost=129028624.99  viol=710417.1752  obj=839445800.16
[Run 20 | Gen 127] cur_best: cost=129028624.99  viol=710417.1752  obj=839445800.16 | best_so_far: cost=129028624.99  viol=710417.1752  obj=839445800.16
[Run 20 | FE 7680] best_local_obj=839445800.16  best_local_cost=129028624.99  best_local_viol=710417.1752
[Run 20 | Gen 128] cur_best: cost=129028624.99  viol=710417.1752  obj=839445800.16 | best_so_far: cost=129028624.99  viol=710417.1752  obj=839445800.16
[Run 20 | Gen 129] cur_best: cost=129028624.99  viol=710417.1752  obj=839445800.16 | best_so_far: cost=129028624.99  viol=710417.1752  obj=839445800.16
[Run 20 | Gen 130] cur_best: cost=129028624.99  viol=710417.1752  obj=839445800.16 | best_so_far: cost=129028624.99  viol=710417.1752  obj=839445800.16
[Run 20 | Gen 131] cur_best: cost=129028624.99  viol=710417.1752  obj=839445800.16 | best_so_far: cost=129028624.99  viol=710417.1752  obj=839445800.16
[Run 20 | Gen 132] cur_best: cost=129028624.99  viol=710417.1752  obj=839445800.16 | best_so_far: cost=129028624.99  viol=710417.1752  obj=839445800.16
[Run 20 | FE 7936] best_local_obj=839445800.16  best_local_cost=129028624.99  best_local_viol=710417.1752
[Run 20 | Gen 133] cur_best: cost=129028624.99  viol=710417.1752  obj=839445800.16 | best_so_far: cost=129028624.99  viol=710417.1752  obj=839445800.16
[Run 20 | Gen 134] cur_best: cost=129028624.99  viol=710417.1752  obj=839445800.16 | best_so_far: cost=129028624.99  viol=710417.1752  obj=839445800.16
[Run 20 | Gen 135] cur_best: cost=129028624.99  viol=710417.1752  obj=839445800.16 | best_so_far: cost=129028624.99  viol=710417.1752  obj=839445800.16
[Run 20 | Gen 136] cur_best: cost=129028624.99  viol=710417.1752  obj=839445800.16 | best_so_far: cost=129028624.99  viol=710417.1752  obj=839445800.16
[Run 20 | FE 8192] best_local_obj=822008253.93  best_local_cost=134738676.34  best_local_viol=687269.5776
[Run 20 | Gen 137] cur_best: cost=134738676.34  viol=687269.5776  obj=822008253.93 | best_so_far: cost=134738676.34  viol=687269.5776  obj=822008253.93
[Run 20 | Gen 138] cur_best: cost=134738676.34  viol=687269.5776  obj=822008253.93 | best_so_far: cost=134738676.34  viol=687269.5776  obj=822008253.93
[Run 20 | Gen 139] cur_best: cost=134738676.34  viol=687269.5776  obj=822008253.93 | best_so_far: cost=134738676.34  viol=687269.5776  obj=822008253.93
[Run 20 | Gen 140] cur_best: cost=134738676.34  viol=687269.5776  obj=822008253.93 | best_so_far: cost=134738676.34  viol=687269.5776  obj=822008253.93
[Run 20 | FE 8448] best_local_obj=822008253.93  best_local_cost=134738676.34  best_local_viol=687269.5776
[Run 20 | Gen 141] cur_best: cost=134738676.34  viol=687269.5776  obj=822008253.93 | best_so_far: cost=134738676.34  viol=687269.5776  obj=822008253.93
[Run 20 | Gen 142] cur_best: cost=134738676.34  viol=687269.5776  obj=822008253.93 | best_so_far: cost=134738676.34  viol=687269.5776  obj=822008253.93
[Run 20 | Gen 143] cur_best: cost=134738676.34  viol=687269.5776  obj=822008253.93 | best_so_far: cost=134738676.34  viol=687269.5776  obj=822008253.93
[Run 20 | Gen 144] cur_best: cost=134738676.34  viol=687269.5776  obj=822008253.93 | best_so_far: cost=134738676.34  viol=687269.5776  obj=822008253.93
[Run 20 | Gen 145] cur_best: cost=134738676.34  viol=687269.5776  obj=822008253.93 | best_so_far: cost=134738676.34  viol=687269.5776  obj=822008253.93
[Run 20 | FE 8704] best_local_obj=822008253.93  best_local_cost=134738676.34  best_local_viol=687269.5776
[Run 20 | Gen 146] cur_best: cost=134738676.34  viol=687269.5776  obj=822008253.93 | best_so_far: cost=134738676.34  viol=687269.5776  obj=822008253.93
[Run 20 | Gen 147] cur_best: cost=134738676.34  viol=687269.5776  obj=822008253.93 | best_so_far: cost=134738676.34  viol=687269.5776  obj=822008253.93
[Run 20 | Gen 148] cur_best: cost=134738676.34  viol=687269.5776  obj=822008253.93 | best_so_far: cost=134738676.34  viol=687269.5776  obj=822008253.93
[Run 20 | Gen 149] cur_best: cost=134738676.34  viol=687269.5776  obj=822008253.93 | best_so_far: cost=134738676.34  viol=687269.5776  obj=822008253.93
[Run 20 | FE 8960] best_local_obj=822008253.93  best_local_cost=134738676.34  best_local_viol=687269.5776
[Run 20 | Gen 150] cur_best: cost=134738676.34  viol=687269.5776  obj=822008253.93 | best_so_far: cost=134738676.34  viol=687269.5776  obj=822008253.93
[Run 20 | Gen 151] cur_best: cost=134738676.34  viol=687269.5776  obj=822008253.93 | best_so_far: cost=134738676.34  viol=687269.5776  obj=822008253.93
[Run 20 | Gen 152] cur_best: cost=134738676.34  viol=687269.5776  obj=822008253.93 | best_so_far: cost=134738676.34  viol=687269.5776  obj=822008253.93
[Run 20 | Gen 153] cur_best: cost=134738676.34  viol=687269.5776  obj=822008253.93 | best_so_far: cost=134738676.34  viol=687269.5776  obj=822008253.93
[Run 20 | FE 9216] best_local_obj=822008253.93  best_local_cost=134738676.34  best_local_viol=687269.5776
[Run 20 | Gen 154] cur_best: cost=134738676.34  viol=687269.5776  obj=822008253.93 | best_so_far: cost=134738676.34  viol=687269.5776  obj=822008253.93
[Run 20 | Gen 155] cur_best: cost=134738676.34  viol=687269.5776  obj=822008253.93 | best_so_far: cost=134738676.34  viol=687269.5776  obj=822008253.93
[Run 20 | Gen 156] cur_best: cost=134738676.34  viol=687269.5776  obj=822008253.93 | best_so_far: cost=134738676.34  viol=687269.5776  obj=822008253.93
[Run 20 | Gen 157] cur_best: cost=134738676.34  viol=687269.5776  obj=822008253.93 | best_so_far: cost=134738676.34  viol=687269.5776  obj=822008253.93
[Run 20 | FE 9472] best_local_obj=822008253.93  best_local_cost=134738676.34  best_local_viol=687269.5776
[Run 20 | Gen 158] cur_best: cost=134738676.34  viol=687269.5776  obj=822008253.93 | best_so_far: cost=134738676.34  viol=687269.5776  obj=822008253.93
[Run 20 | Gen 159] cur_best: cost=134738676.34  viol=687269.5776  obj=822008253.93 | best_so_far: cost=134738676.34  viol=687269.5776  obj=822008253.93
[Run 20 | Gen 160] cur_best: cost=134738676.34  viol=687269.5776  obj=822008253.93 | best_so_far: cost=134738676.34  viol=687269.5776  obj=822008253.93
[Run 20 | Gen 161] cur_best: cost=134738676.34  viol=687269.5776  obj=822008253.93 | best_so_far: cost=134738676.34  viol=687269.5776  obj=822008253.93
[Run 20 | Gen 162] cur_best: cost=134738676.34  viol=687269.5776  obj=822008253.93 | best_so_far: cost=134738676.34  viol=687269.5776  obj=822008253.93
[Run 20 | FE 9728] best_local_obj=822008253.93  best_local_cost=134738676.34  best_local_viol=687269.5776
[Run 20 | Gen 163] cur_best: cost=134738676.34  viol=687269.5776  obj=822008253.93 | best_so_far: cost=134738676.34  viol=687269.5776  obj=822008253.93
[Run 20 | Gen 164] cur_best: cost=134738676.34  viol=687269.5776  obj=822008253.93 | best_so_far: cost=134738676.34  viol=687269.5776  obj=822008253.93
[Run 20 | Gen 165] cur_best: cost=134738676.34  viol=687269.5776  obj=822008253.93 | best_so_far: cost=134738676.34  viol=687269.5776  obj=822008253.93
[Run 20 | Gen 166] cur_best: cost=134738676.34  viol=687269.5776  obj=822008253.93 | best_so_far: cost=134738676.34  viol=687269.5776  obj=822008253.93
[Run 20 | FE 9984] best_local_obj=822008253.93  best_local_cost=134738676.34  best_local_viol=687269.5776
[Run 20 | Gen 167] cur_best: cost=134738676.34  viol=687269.5776  obj=822008253.93 | best_so_far: cost=134738676.34  viol=687269.5776  obj=822008253.93
[Run 20 | Gen 168] cur_best: cost=134738676.34  viol=687269.5776  obj=822008253.93 | best_so_far: cost=134738676.34  viol=687269.5776  obj=822008253.93
[Run 20 | Gen 169] cur_best: cost=134738676.34  viol=687269.5776  obj=822008253.93 | best_so_far: cost=134738676.34  viol=687269.5776  obj=822008253.93
[Run 20 | Gen 170] cur_best: cost=134738676.34  viol=687269.5776  obj=822008253.93 | best_so_far: cost=134738676.34  viol=687269.5776  obj=822008253.93
[Run 20 | FE 10240] best_local_obj=822008253.93  best_local_cost=134738676.34  best_local_viol=687269.5776
[Run 20 | Gen 171] cur_best: cost=134738676.34  viol=687269.5776  obj=822008253.93 | best_so_far: cost=134738676.34  viol=687269.5776  obj=822008253.93
[Run 20 | Gen 172] cur_best: cost=134738676.34  viol=687269.5776  obj=822008253.93 | best_so_far: cost=134738676.34  viol=687269.5776  obj=822008253.93
[Run 20 | Gen 173] cur_best: cost=134738676.34  viol=687269.5776  obj=822008253.93 | best_so_far: cost=134738676.34  viol=687269.5776  obj=822008253.93
[Run 20 | Gen 174] cur_best: cost=134738676.34  viol=687269.5776  obj=822008253.93 | best_so_far: cost=134738676.34  viol=687269.5776  obj=822008253.93
[Run 20 | FE 10496] best_local_obj=822008253.93  best_local_cost=134738676.34  best_local_viol=687269.5776
[Run 20 | Gen 175] cur_best: cost=134738676.34  viol=687269.5776  obj=822008253.93 | best_so_far: cost=134738676.34  viol=687269.5776  obj=822008253.93
[Run 20 | Gen 176] cur_best: cost=134738676.34  viol=687269.5776  obj=822008253.93 | best_so_far: cost=134738676.34  viol=687269.5776  obj=822008253.93
[Run 20 | Gen 177] cur_best: cost=134738676.34  viol=687269.5776  obj=822008253.93 | best_so_far: cost=134738676.34  viol=687269.5776  obj=822008253.93
[Run 20 | Gen 178] cur_best: cost=134738676.34  viol=687269.5776  obj=822008253.93 | best_so_far: cost=134738676.34  viol=687269.5776  obj=822008253.93
[Run 20 | Gen 179] cur_best: cost=134738676.34  viol=687269.5776  obj=822008253.93 | best_so_far: cost=134738676.34  viol=687269.5776  obj=822008253.93
[Run 20 | FE 10752] best_local_obj=822008253.93  best_local_cost=134738676.34  best_local_viol=687269.5776
[Run 20 | Gen 180] cur_best: cost=134738676.34  viol=687269.5776  obj=822008253.93 | best_so_far: cost=134738676.34  viol=687269.5776  obj=822008253.93
[Run 20 | Gen 181] cur_best: cost=134738676.34  viol=687269.5776  obj=822008253.93 | best_so_far: cost=134738676.34  viol=687269.5776  obj=822008253.93
[Run 20 | Gen 182] cur_best: cost=134738676.34  viol=687269.5776  obj=822008253.93 | best_so_far: cost=134738676.34  viol=687269.5776  obj=822008253.93
[Run 20 | Gen 183] cur_best: cost=134738676.34  viol=687269.5776  obj=822008253.93 | best_so_far: cost=134738676.34  viol=687269.5776  obj=822008253.93
[Run 20 | FE 11008] best_local_obj=822008253.93  best_local_cost=134738676.34  best_local_viol=687269.5776
[Run 20 | Gen 184] cur_best: cost=134738676.34  viol=687269.5776  obj=822008253.93 | best_so_far: cost=134738676.34  viol=687269.5776  obj=822008253.93
[Run 20 | Gen 185] cur_best: cost=134738676.34  viol=687269.5776  obj=822008253.93 | best_so_far: cost=134738676.34  viol=687269.5776  obj=822008253.93
[Run 20 | Gen 186] cur_best: cost=134738676.34  viol=687269.5776  obj=822008253.93 | best_so_far: cost=134738676.34  viol=687269.5776  obj=822008253.93
[Run 20 | Gen 187] cur_best: cost=134738676.34  viol=687269.5776  obj=822008253.93 | best_so_far: cost=134738676.34  viol=687269.5776  obj=822008253.93
[Run 20 | FE 11264] best_local_obj=822008253.93  best_local_cost=134738676.34  best_local_viol=687269.5776
[Run 20 | Gen 188] cur_best: cost=134738676.34  viol=687269.5776  obj=822008253.93 | best_so_far: cost=134738676.34  viol=687269.5776  obj=822008253.93
[Run 20 | Gen 189] cur_best: cost=134738676.34  viol=687269.5776  obj=822008253.93 | best_so_far: cost=134738676.34  viol=687269.5776  obj=822008253.93
[Run 20 | Gen 190] cur_best: cost=134738676.34  viol=687269.5776  obj=822008253.93 | best_so_far: cost=134738676.34  viol=687269.5776  obj=822008253.93
[Run 20 | Gen 191] cur_best: cost=134738676.34  viol=687269.5776  obj=822008253.93 | best_so_far: cost=134738676.34  viol=687269.5776  obj=822008253.93
[Run 20 | FE 11520] best_local_obj=822008253.93  best_local_cost=134738676.34  best_local_viol=687269.5776
[Run 20 | Gen 192] cur_best: cost=134738676.34  viol=687269.5776  obj=822008253.93 | best_so_far: cost=134738676.34  viol=687269.5776  obj=822008253.93
[Run 20 | Gen 193] cur_best: cost=134738676.34  viol=687269.5776  obj=822008253.93 | best_so_far: cost=134738676.34  viol=687269.5776  obj=822008253.93
[Run 20 | Gen 194] cur_best: cost=134738676.34  viol=687269.5776  obj=822008253.93 | best_so_far: cost=134738676.34  viol=687269.5776  obj=822008253.93
[Run 20 | Gen 195] cur_best: cost=134738676.34  viol=687269.5776  obj=822008253.93 | best_so_far: cost=134738676.34  viol=687269.5776  obj=822008253.93
[Run 20 | Gen 196] cur_best: cost=134738676.34  viol=687269.5776  obj=822008253.93 | best_so_far: cost=134738676.34  viol=687269.5776  obj=822008253.93
[Run 20 | FE 11776] best_local_obj=822008253.93  best_local_cost=134738676.34  best_local_viol=687269.5776
[Run 20 | Gen 197] cur_best: cost=134738676.34  viol=687269.5776  obj=822008253.93 | best_so_far: cost=134738676.34  viol=687269.5776  obj=822008253.93
[Run 20 | Gen 198] cur_best: cost=134738676.34  viol=687269.5776  obj=822008253.93 | best_so_far: cost=134738676.34  viol=687269.5776  obj=822008253.93
[Run 20 | Gen 199] cur_best: cost=134738676.34  viol=687269.5776  obj=822008253.93 | best_so_far: cost=134738676.34  viol=687269.5776  obj=822008253.93
[Run 20 | Gen 200] cur_best: cost=134738676.34  viol=687269.5776  obj=822008253.93 | best_so_far: cost=134738676.34  viol=687269.5776  obj=822008253.93
[Run 20 | FE 12032] best_local_obj=822008253.93  best_local_cost=134738676.34  best_local_viol=687269.5776
[Run 20 | Gen 201] cur_best: cost=134738676.34  viol=687269.5776  obj=822008253.93 | best_so_far: cost=134738676.34  viol=687269.5776  obj=822008253.93
[Run 20 | Gen 202] cur_best: cost=134738676.34  viol=687269.5776  obj=822008253.93 | best_so_far: cost=134738676.34  viol=687269.5776  obj=822008253.93
[Run 20 | Gen 203] cur_best: cost=134738676.34  viol=687269.5776  obj=822008253.93 | best_so_far: cost=134738676.34  viol=687269.5776  obj=822008253.93
[Run 20 | Gen 204] cur_best: cost=134738676.34  viol=687269.5776  obj=822008253.93 | best_so_far: cost=134738676.34  viol=687269.5776  obj=822008253.93
[Run 20 | FE 12288] best_local_obj=822008253.93  best_local_cost=134738676.34  best_local_viol=687269.5776
[Run 20 | Gen 205] cur_best: cost=134738676.34  viol=687269.5776  obj=822008253.93 | best_so_far: cost=134738676.34  viol=687269.5776  obj=822008253.93
[Run 20 | Gen 206] cur_best: cost=134738676.34  viol=687269.5776  obj=822008253.93 | best_so_far: cost=134738676.34  viol=687269.5776  obj=822008253.93
[Run 20 | Gen 207] cur_best: cost=134738676.34  viol=687269.5776  obj=822008253.93 | best_so_far: cost=134738676.34  viol=687269.5776  obj=822008253.93
[Run 20 | Gen 208] cur_best: cost=134738676.34  viol=687269.5776  obj=822008253.93 | best_so_far: cost=134738676.34  viol=687269.5776  obj=822008253.93
[Run 20 | Gen 209] cur_best: cost=134738676.34  viol=687269.5776  obj=822008253.93 | best_so_far: cost=134738676.34  viol=687269.5776  obj=822008253.93
[Run 20 | FE 12544] best_local_obj=822008253.93  best_local_cost=134738676.34  best_local_viol=687269.5776
[Run 20 | Gen 210] cur_best: cost=134738676.34  viol=687269.5776  obj=822008253.93 | best_so_far: cost=134738676.34  viol=687269.5776  obj=822008253.93
[Run 20 | Gen 211] cur_best: cost=134738676.34  viol=687269.5776  obj=822008253.93 | best_so_far: cost=134738676.34  viol=687269.5776  obj=822008253.93
[Run 20 | Gen 212] cur_best: cost=134738676.34  viol=687269.5776  obj=822008253.93 | best_so_far: cost=134738676.34  viol=687269.5776  obj=822008253.93
[Run 20 | Gen 213] cur_best: cost=134738676.34  viol=687269.5776  obj=822008253.93 | best_so_far: cost=134738676.34  viol=687269.5776  obj=822008253.93
[Run 20 | FE 12800] best_local_obj=822008253.93  best_local_cost=134738676.34  best_local_viol=687269.5776
[Run 20 | Gen 214] cur_best: cost=134738676.34  viol=687269.5776  obj=822008253.93 | best_so_far: cost=134738676.34  viol=687269.5776  obj=822008253.93

[Stop] reached max_total_fe=12800.

[Run 20] best_global_cost=134738676.3397, best_global_viol=687269.577587, best_global_obj=822008253.9266
[Done] summary=/work/home/acn1eb8nfq/yuezhang46/GFcode/GF实验一：横向对比/ga_global_logs/run_20_seed_1020/runs_summary.csv
