[RunConfig] run_id=1 seed=1001
[OutputDir] /work/home/acn1eb8nfq/yuezhang46/GFcode/GF实验一：横向对比/pso_global_logs/run_01_seed_1001
[Info] #nodes = 1810
[Load] Reading scenarios ...
  - spring: raw edges=3686, days=31
  - summer: raw edges=3686, days=30
  - autumn: raw edges=3686, days=31
  - winter: raw edges=3686, days=30
[Filter] EDGE_WEIGHT_MIN=1.0
  - active_nodes=1450  inactive_nodes(fixed NONE)=360
  - spring: removed=2281, kept=1405
  - summer: removed=2206, kept=1480
  - autumn: removed=2131, kept=1555
  - winter: removed=2189, kept=1497
  - spring: filtered edges (active subgraph)=1405
  - summer: filtered edges (active subgraph)=1480
  - autumn: filtered edges (active subgraph)=1555
  - winter: filtered edges (active subgraph)=1497
[PSO] Evaluate initial swarm ...
[PSO] Init snapshot: best_cost=50469411.78  best_viol=2052568.0577  best_obj=2103037469.53
[PSO] Iterate ...
[Run 01 | Iter 1] iter_best: cost=60600122.88  viol=1629049.1172  obj=1689649240.10 | gbest: cost=60600122.88  viol=1629049.1172  obj=1689649240.10
[Run 01 | Iter 2] iter_best: cost=74138471.24  viol=1471123.3400  obj=1545261811.23 | gbest: cost=74138471.24  viol=1471123.3400  obj=1545261811.23
[Run 01 | Iter 3] iter_best: cost=82795653.71  viol=1423609.2977  obj=1506404951.43 | gbest: cost=82795653.71  viol=1423609.2977  obj=1506404951.43
[Run 01 | Iter 4] iter_best: cost=94399944.90  viol=1327085.5051  obj=1421485449.97 | gbest: cost=94399944.90  viol=1327085.5051  obj=1421485449.97
[Run 01 | Iter 5] iter_best: cost=103057122.70  viol=1255056.8932  obj=1358114015.88 | gbest: cost=103057122.70  viol=1255056.8932  obj=1358114015.88
[Run 01 | FE 256] best_local_obj=1358114015.88  best_local_cost=103057122.70  best_local_viol=1255056.8932
[Run 01 | Iter 6] iter_best: cost=108951369.22  viol=1259867.6192  obj=1368818988.38 | gbest: cost=103057122.70  viol=1255056.8932  obj=1358114015.88
[Run 01 | Iter 7] iter_best: cost=102044051.42  viol=1231642.5628  obj=1333686614.22 | gbest: cost=102044051.42  viol=1231642.5628  obj=1333686614.22
[Run 01 | Iter 8] iter_best: cost=106004247.46  viol=1208105.1054  obj=1314109352.90 | gbest: cost=106004247.46  viol=1208105.1054  obj=1314109352.90
[Run 01 | Iter 9] iter_best: cost=95136729.94  viol=1158818.1640  obj=1253954893.94 | gbest: cost=95136729.94  viol=1158818.1640  obj=1253954893.94
[Run 01 | Iter 10] iter_best: cost=99465317.67  viol=1136724.3178  obj=1236189635.48 | gbest: cost=99465317.67  viol=1136724.3178  obj=1236189635.48
[Run 01 | Iter 11] iter_best: cost=106648928.39  viol=1076033.6175  obj=1182682545.86 | gbest: cost=106648928.39  viol=1076033.6175  obj=1182682545.86
[Run 01 | FE 512] best_local_obj=1137742946.88  best_local_cost=103057123.36  best_local_viol=1034685.8235
[Run 01 | Iter 12] iter_best: cost=103057123.36  viol=1034685.8235  obj=1137742946.88 | gbest: cost=103057123.36  viol=1034685.8235  obj=1137742946.88
[Run 01 | Iter 13] iter_best: cost=108398783.04  viol=942777.5854  obj=1051176368.44 | gbest: cost=108398783.04  viol=942777.5854  obj=1051176368.44
[Run 01 | Iter 14] iter_best: cost=105635857.45  viol=934934.0445  obj=1040569901.99 | gbest: cost=105635857.45  viol=934934.0445  obj=1040569901.99
[Run 01 | Iter 15] iter_best: cost=109503957.41  viol=931530.2300  obj=1041034187.44 | gbest: cost=105635857.45  viol=934934.0445  obj=1040569901.99
[Run 01 | Iter 16] iter_best: cost=107846198.52  viol=954061.0387  obj=1061907237.25 | gbest: cost=105635857.45  viol=934934.0445  obj=1040569901.99
[Run 01 | Iter 17] iter_best: cost=107662000.67  viol=913804.0324  obj=1021466033.05 | gbest: cost=107662000.67  viol=913804.0324  obj=1021466033.05
[Run 01 | Iter 18] iter_best: cost=109135563.39  viol=914685.7698  obj=1023821333.16 | gbest: cost=107662000.67  viol=913804.0324  obj=1021466033.05
[Run 01 | FE 768] best_local_obj=1021466033.05  best_local_cost=107662000.67  best_local_viol=913804.0324
[Run 01 | Iter 19] iter_best: cost=107385707.08  viol=922518.9914  obj=1029904698.52 | gbest: cost=107662000.67  viol=913804.0324  obj=1021466033.05
[Run 01 | Iter 20] iter_best: cost=108398781.70  viol=922655.9564  obj=1031054738.06 | gbest: cost=107662000.67  viol=913804.0324  obj=1021466033.05
[Run 01 | Iter 21] iter_best: cost=109043464.30  viol=908638.5535  obj=1017682017.79 | gbest: cost=109043464.30  viol=908638.5535  obj=1017682017.79
[Run 01 | Iter 22] iter_best: cost=108490884.80  viol=927589.4765  obj=1036080361.30 | gbest: cost=109043464.30  viol=908638.5535  obj=1017682017.79
[Run 01 | Iter 23] iter_best: cost=108582978.21  viol=910980.5964  obj=1019563574.56 | gbest: cost=109043464.30  viol=908638.5535  obj=1017682017.79
[Run 01 | Iter 24] iter_best: cost=109411858.32  viol=905467.4001  obj=1014879258.45 | gbest: cost=109411858.32  viol=905467.4001  obj=1014879258.45
[Run 01 | FE 1024] best_local_obj=1002104565.59  best_local_cost=109503957.08  best_local_viol=892600.6085
[Run 01 | Iter 25] iter_best: cost=109503957.08  viol=892600.6085  obj=1002104565.59 | gbest: cost=109503957.08  viol=892600.6085  obj=1002104565.59
[Run 01 | Iter 26] iter_best: cost=107938295.61  viol=878052.6894  obj=985990985.05 | gbest: cost=107938295.61  viol=878052.6894  obj=985990985.05
[Run 01 | Iter 27] iter_best: cost=107385709.08  viol=912013.8236  obj=1019399532.73 | gbest: cost=107938295.61  viol=878052.6894  obj=985990985.05
[Run 01 | Iter 28] iter_best: cost=109688148.24  viol=892614.3833  obj=1002302531.51 | gbest: cost=107938295.61  viol=878052.6894  obj=985990985.05
[Run 01 | Iter 29] iter_best: cost=109319761.91  viol=866983.7506  obj=976303512.50 | gbest: cost=109319761.91  viol=866983.7506  obj=976303512.50
[Run 01 | Iter 30] iter_best: cost=109043466.64  viol=853995.8511  obj=963039317.74 | gbest: cost=109043466.64  viol=853995.8511  obj=963039317.74
[Run 01 | FE 1280] best_local_obj=963039317.74  best_local_cost=109043466.64  best_local_viol=853995.8511
[Run 01 | Iter 31] iter_best: cost=108675076.96  viol=877957.3285  obj=986632405.47 | gbest: cost=109043466.64  viol=853995.8511  obj=963039317.74
[Run 01 | Iter 32] iter_best: cost=107754099.43  viol=869100.3751  obj=976854474.56 | gbest: cost=109043466.64  viol=853995.8511  obj=963039317.74
[Run 01 | Iter 33] iter_best: cost=108859272.81  viol=864593.5323  obj=973452805.09 | gbest: cost=109043466.64  viol=853995.8511  obj=963039317.74
[Run 01 | Iter 34] iter_best: cost=108582976.87  viol=886441.6713  obj=995024648.16 | gbest: cost=109043466.64  viol=853995.8511  obj=963039317.74
[Run 01 | Iter 35] iter_best: cost=109964444.18  viol=855863.9888  obj=965828432.98 | gbest: cost=109043466.64  viol=853995.8511  obj=963039317.74
[Run 01 | Iter 36] iter_best: cost=108490881.46  viol=855437.8561  obj=963928737.55 | gbest: cost=109043466.64  viol=853995.8511  obj=963039317.74
[Run 01 | Iter 37] iter_best: cost=109043466.64  viol=850967.8790  obj=960011345.66 | gbest: cost=109043466.64  viol=850967.8790  obj=960011345.66
[Run 01 | FE 1536] best_local_obj=960011345.66  best_local_cost=109043466.64  best_local_viol=850967.8790
[Run 01 | Iter 38] iter_best: cost=108767174.05  viol=860139.5520  obj=968906726.07 | gbest: cost=109043466.64  viol=850967.8790  obj=960011345.66
[Run 01 | Iter 39] iter_best: cost=109411856.32  viol=850405.3438  obj=959817200.14 | gbest: cost=109411856.32  viol=850405.3438  obj=959817200.14
[Run 01 | Iter 40] iter_best: cost=110793320.61  viol=849228.9465  obj=960022267.14 | gbest: cost=109411856.32  viol=850405.3438  obj=959817200.14
[Run 01 | Iter 41] iter_best: cost=109319758.56  viol=858520.0910  obj=967839849.59 | gbest: cost=109411856.32  viol=850405.3438  obj=959817200.14
[Run 01 | Iter 42] iter_best: cost=109227661.48  viol=852568.6337  obj=961796295.16 | gbest: cost=109411856.32  viol=850405.3438  obj=959817200.14
[Run 01 | Iter 43] iter_best: cost=109135564.39  viol=859855.1688  obj=968990733.15 | gbest: cost=109411856.32  viol=850405.3438  obj=959817200.14
[Run 01 | FE 1792] best_local_obj=959817200.14  best_local_cost=109411856.32  best_local_viol=850405.3438
[Run 01 | Iter 44] iter_best: cost=109411856.99  viol=855167.7697  obj=964579626.70 | gbest: cost=109411856.32  viol=850405.3438  obj=959817200.14
[Run 01 | Iter 45] iter_best: cost=108767173.05  viol=850694.9338  obj=959462106.83 | gbest: cost=108767173.05  viol=850694.9338  obj=959462106.83
[Run 01 | Iter 46] iter_best: cost=108306686.28  viol=850269.0143  obj=958575700.60 | gbest: cost=108306686.28  viol=850269.0143  obj=958575700.60
[Run 01 | Iter 47] iter_best: cost=108030393.69  viol=835214.3473  obj=943244741.01 | gbest: cost=108030393.69  viol=835214.3473  obj=943244741.01
[Run 01 | Iter 48] iter_best: cost=108398784.71  viol=819617.3946  obj=928016179.28 | gbest: cost=108398784.71  viol=819617.3946  obj=928016179.28
[Run 01 | Iter 49] iter_best: cost=108675078.30  viol=829090.7318  obj=937765810.06 | gbest: cost=108398784.71  viol=819617.3946  obj=928016179.28
[Run 01 | Iter 50] iter_best: cost=108030394.03  viol=825243.6528  obj=933274046.84 | gbest: cost=108398784.71  viol=819617.3946  obj=928016179.28
[Run 01 | FE 2048] best_local_obj=927683885.53  best_local_cost=108490882.13  best_local_viol=819193.0034
[Run 01 | Iter 51] iter_best: cost=108490882.13  viol=819193.0034  obj=927683885.53 | gbest: cost=108490882.13  viol=819193.0034  obj=927683885.53
[Run 01 | Iter 52] iter_best: cost=108306688.29  viol=816815.6381  obj=925122326.39 | gbest: cost=108306688.29  viol=816815.6381  obj=925122326.39
[Run 01 | Iter 53] iter_best: cost=107846197.85  viol=818490.6279  obj=926336825.75 | gbest: cost=108306688.29  viol=816815.6381  obj=925122326.39
[Run 01 | Iter 54] iter_best: cost=108490883.80  viol=817699.0329  obj=926189916.70 | gbest: cost=108306688.29  viol=816815.6381  obj=925122326.39
[Run 01 | Iter 55] iter_best: cost=107662004.02  viol=820445.0320  obj=928107036.02 | gbest: cost=108306688.29  viol=816815.6381  obj=925122326.39
[Run 01 | Iter 56] iter_best: cost=108675078.30  viol=807570.6799  obj=916245758.17 | gbest: cost=108675078.30  viol=807570.6799  obj=916245758.17
[Run 01 | FE 2304] best_local_obj=916245758.17  best_local_cost=108675078.30  best_local_viol=807570.6799
[Run 01 | Iter 57] iter_best: cost=109503956.75  viol=809826.0876  obj=919330044.31 | gbest: cost=108675078.30  viol=807570.6799  obj=916245758.17
[Run 01 | Iter 58] iter_best: cost=108030395.70  viol=819470.3409  obj=927500736.65 | gbest: cost=108675078.30  viol=807570.6799  obj=916245758.17
[Run 01 | Iter 59] iter_best: cost=108398784.04  viol=806888.1068  obj=915286890.88 | gbest: cost=108398784.04  viol=806888.1068  obj=915286890.88
[Run 01 | Iter 60] iter_best: cost=107938296.94  viol=804883.5314  obj=912821828.34 | gbest: cost=107938296.94  viol=804883.5314  obj=912821828.34
[Run 01 | Iter 61] iter_best: cost=107662004.35  viol=809890.2350  obj=917552239.39 | gbest: cost=107938296.94  viol=804883.5314  obj=912821828.34
[Run 01 | Iter 62] iter_best: cost=108582979.88  viol=802355.8094  obj=910938789.31 | gbest: cost=108582979.88  viol=802355.8094  obj=910938789.31
[Run 01 | FE 2560] best_local_obj=910938789.31  best_local_cost=108582979.88  best_local_viol=802355.8094
[Run 01 | Iter 63] iter_best: cost=108582978.54  viol=804800.9846  obj=913383963.10 | gbest: cost=108582979.88  viol=802355.8094  obj=910938789.31
[Run 01 | Iter 64] iter_best: cost=108859273.81  viol=808919.7585  obj=917779032.36 | gbest: cost=108582979.88  viol=802355.8094  obj=910938789.31
[Run 01 | Iter 65] iter_best: cost=108582980.88  viol=805852.3884  obj=914435369.25 | gbest: cost=108582979.88  viol=802355.8094  obj=910938789.31
[Run 01 | Iter 66] iter_best: cost=109503954.07  viol=797610.5317  obj=907114485.77 | gbest: cost=109503954.07  viol=797610.5317  obj=907114485.77
[Run 01 | Iter 67] iter_best: cost=109135565.40  viol=796974.9447  obj=906110510.15 | gbest: cost=109135565.40  viol=796974.9447  obj=906110510.15
[Run 01 | Iter 68] iter_best: cost=109688151.58  viol=793146.8003  obj=902834951.85 | gbest: cost=109688151.58  viol=793146.8003  obj=902834951.85
[Run 01 | Iter 69] iter_best: cost=108398785.38  viol=806075.0005  obj=914473785.85 | gbest: cost=109688151.58  viol=793146.8003  obj=902834951.85
[Run 01 | FE 2816] best_local_obj=897696148.35  best_local_cost=109503955.41  best_local_viol=788192.1929
[Run 01 | Iter 70] iter_best: cost=108582978.21  viol=783644.4909  obj=892227469.07 | gbest: cost=108582978.21  viol=783644.4909  obj=892227469.07
[Run 01 | Iter 71] iter_best: cost=109135563.39  viol=782399.4391  obj=891535002.49 | gbest: cost=109135563.39  viol=782399.4391  obj=891535002.49
[Run 01 | Iter 72] iter_best: cost=108951368.89  viol=784797.6499  obj=893749018.79 | gbest: cost=109135563.39  viol=782399.4391  obj=891535002.49
[Run 01 | Iter 73] iter_best: cost=108859272.47  viol=777208.8370  obj=886068109.49 | gbest: cost=108859272.47  viol=777208.8370  obj=886068109.49
[Run 01 | Iter 74] iter_best: cost=109227662.15  viol=775875.0935  obj=885102755.61 | gbest: cost=109227662.15  viol=775875.0935  obj=885102755.61
[Run 01 | Iter 75] iter_best: cost=108675077.30  viol=779761.6142  obj=888436691.47 | gbest: cost=109227662.15  viol=775875.0935  obj=885102755.61
[Run 01 | FE 3072] best_local_obj=883343655.70  best_local_cost=108582978.88  best_local_viol=774760.6768
[Run 01 | Iter 76] iter_best: cost=108582978.88  viol=774760.6768  obj=883343655.70 | gbest: cost=108582978.88  viol=774760.6768  obj=883343655.70
[Run 01 | Iter 77] iter_best: cost=109503954.41  viol=768294.4109  obj=877798365.32 | gbest: cost=109503954.41  viol=768294.4109  obj=877798365.32
[Run 01 | Iter 78] iter_best: cost=108767174.38  viol=777113.7933  obj=885880967.63 | gbest: cost=109503954.41  viol=768294.4109  obj=877798365.32
[Run 01 | Iter 79] iter_best: cost=109227661.81  viol=777070.0479  obj=886297709.74 | gbest: cost=109503954.41  viol=768294.4109  obj=877798365.32
[Run 01 | Iter 80] iter_best: cost=109135565.06  viol=762474.4115  obj=871609976.59 | gbest: cost=109135565.06  viol=762474.4115  obj=871609976.59
[Run 01 | Iter 81] iter_best: cost=109503954.41  viol=766681.8116  obj=876185765.98 | gbest: cost=109135565.06  viol=762474.4115  obj=871609976.59
[Run 01 | Iter 82] iter_best: cost=109411856.99  viol=764292.4764  obj=873704333.38 | gbest: cost=109135565.06  viol=762474.4115  obj=871609976.59
[Run 01 | FE 3328] best_local_obj=871609976.59  best_local_cost=109135565.06  best_local_viol=762474.4115
[Run 01 | Iter 83] iter_best: cost=109596051.82  viol=762201.4622  obj=871797514.02 | gbest: cost=109135565.06  viol=762474.4115  obj=871609976.59
[Run 01 | Iter 84] iter_best: cost=110056539.92  viol=755884.2313  obj=865940771.17 | gbest: cost=110056539.92  viol=755884.2313  obj=865940771.17
[Run 01 | Iter 85] iter_best: cost=110793321.62  viol=752611.9460  obj=863405267.66 | gbest: cost=110793321.62  viol=752611.9460  obj=863405267.66
[Run 01 | Iter 86] iter_best: cost=110240735.10  viol=752464.8120  obj=862705547.10 | gbest: cost=110240735.10  viol=752464.8120  obj=862705547.10
[Run 01 | Iter 87] iter_best: cost=110056539.92  viol=750705.9098  obj=860762449.77 | gbest: cost=110056539.92  viol=750705.9098  obj=860762449.77
[Run 01 | Iter 88] iter_best: cost=110793321.28  viol=746453.2841  obj=857246605.34 | gbest: cost=110793321.28  viol=746453.2841  obj=857246605.34
[Run 01 | FE 3584] best_local_obj=857246605.34  best_local_cost=110793321.28  best_local_viol=746453.2841
[Run 01 | Iter 89] iter_best: cost=109227661.81  viol=748199.7171  obj=857427378.94 | gbest: cost=110793321.28  viol=746453.2841  obj=857246605.34
[Run 01 | Iter 90] iter_best: cost=109964443.51  viol=752570.6830  obj=862535126.47 | gbest: cost=110793321.28  viol=746453.2841  obj=857246605.34
[Run 01 | Iter 91] iter_best: cost=110332833.18  viol=746185.5237  obj=856518356.89 | gbest: cost=110332833.18  viol=746185.5237  obj=856518356.89
[Run 01 | Iter 92] iter_best: cost=109780248.00  viol=746507.1873  obj=856287435.27 | gbest: cost=109780248.00  viol=746507.1873  obj=856287435.27
[Run 01 | Iter 93] iter_best: cost=109503954.07  viol=745724.6497  obj=855228603.78 | gbest: cost=109503954.07  viol=745724.6497  obj=855228603.78
[Run 01 | Iter 94] iter_best: cost=109964441.84  viol=741833.2839  obj=851797725.74 | gbest: cost=109964441.84  viol=741833.2839  obj=851797725.74
[Run 01 | FE 3840] best_local_obj=851797725.74  best_local_cost=109964441.84  best_local_viol=741833.2839
[Run 01 | Iter 95] iter_best: cost=110056538.92  viol=743380.6772  obj=853437216.14 | gbest: cost=109964441.84  viol=741833.2839  obj=851797725.74
[Run 01 | Iter 96] iter_best: cost=110240733.76  viol=745479.1584  obj=855719892.16 | gbest: cost=109964441.84  viol=741833.2839  obj=851797725.74
[Run 01 | Iter 97] iter_best: cost=109319756.89  viol=744290.7956  obj=853610552.54 | gbest: cost=109964441.84  viol=741833.2839  obj=851797725.74
[Run 01 | Iter 98] iter_best: cost=109227660.81  viol=747163.6595  obj=856391320.34 | gbest: cost=109964441.84  viol=741833.2839  obj=851797725.74
[Run 01 | Iter 99] iter_best: cost=110332831.85  viol=741036.1987  obj=851369030.59 | gbest: cost=110332831.85  viol=741036.1987  obj=851369030.59
[Run 01 | Iter 100] iter_best: cost=110056539.25  viol=739153.2851  obj=849209824.36 | gbest: cost=110056539.25  viol=739153.2851  obj=849209824.36
[Run 01 | Iter 101] iter_best: cost=109964441.17  viol=732617.5130  obj=842581954.12 | gbest: cost=109964441.17  viol=732617.5130  obj=842581954.12
[Run 01 | FE 4096] best_local_obj=839458065.32  best_local_cost=110240735.10  best_local_viol=729217.3302
[Run 01 | Iter 102] iter_best: cost=110240735.10  viol=729217.3302  obj=839458065.32 | gbest: cost=110240735.10  viol=729217.3302  obj=839458065.32
[Run 01 | Iter 103] iter_best: cost=109319759.57  viol=735316.5983  obj=844636357.89 | gbest: cost=110240735.10  viol=729217.3302  obj=839458065.32
[Run 01 | Iter 104] iter_best: cost=110332833.85  viol=730044.2321  obj=840377065.97 | gbest: cost=110240735.10  viol=729217.3302  obj=839458065.32
[Run 01 | Iter 105] iter_best: cost=109319757.90  viol=740381.6747  obj=849701432.59 | gbest: cost=110240735.10  viol=729217.3302  obj=839458065.32
[Run 01 | Iter 106] iter_best: cost=109688149.24  viol=731664.7288  obj=841352878.03 | gbest: cost=110240735.10  viol=729217.3302  obj=839458065.32
[Run 01 | Iter 107] iter_best: cost=110240734.76  viol=728547.5325  obj=838788267.31 | gbest: cost=110240734.76  viol=728547.5325  obj=838788267.31
[Run 01 | FE 4352] best_local_obj=838574466.72  best_local_cost=110148636.01  best_local_viol=728425.8307
[Run 01 | Iter 108] iter_best: cost=110148636.01  viol=728425.8307  obj=838574466.72 | gbest: cost=110148636.01  viol=728425.8307  obj=838574466.72
[Run 01 | Iter 109] iter_best: cost=108859271.47  viol=733447.6562  obj=842306927.70 | gbest: cost=110148636.01  viol=728425.8307  obj=838574466.72
[Run 01 | Iter 110] iter_best: cost=109964440.16  viol=727764.1929  obj=837728633.08 | gbest: cost=109964440.16  viol=727764.1929  obj=837728633.08
[Run 01 | Iter 111] iter_best: cost=109964440.83  viol=727825.9764  obj=837790417.25 | gbest: cost=109964440.16  viol=727764.1929  obj=837728633.08
[Run 01 | Iter 112] iter_best: cost=109688147.91  viol=730715.2869  obj=840403434.81 | gbest: cost=109964440.16  viol=727764.1929  obj=837728633.08
[Run 01 | Iter 113] iter_best: cost=110332832.18  viol=727556.8489  obj=837889681.06 | gbest: cost=109964440.16  viol=727764.1929  obj=837728633.08
[Run 01 | Iter 114] iter_best: cost=110977513.78  viol=727550.6773  obj=838528191.07 | gbest: cost=109964440.16  viol=727764.1929  obj=837728633.08
[Run 01 | FE 4608] best_local_obj=837728633.08  best_local_cost=109964440.16  best_local_viol=727764.1929
[Run 01 | Iter 115] iter_best: cost=110056537.92  viol=727662.7828  obj=837719320.67 | gbest: cost=110056537.92  viol=727662.7828  obj=837719320.67
[Run 01 | Iter 116] iter_best: cost=109964442.17  viol=726752.2207  obj=836716662.89 | gbest: cost=109964442.17  viol=726752.2207  obj=836716662.89
[Run 01 | Iter 117] iter_best: cost=110609124.44  viol=726803.0666  obj=837412191.03 | gbest: cost=109964442.17  viol=726752.2207  obj=836716662.89
[Run 01 | Iter 118] iter_best: cost=109780246.66  viol=726690.7390  obj=836470985.67 | gbest: cost=109780246.66  viol=726690.7390  obj=836470985.67
[Run 01 | Iter 119] iter_best: cost=110240735.43  viol=723345.7458  obj=833586481.22 | gbest: cost=110240735.43  viol=723345.7458  obj=833586481.22
[Run 01 | Iter 120] iter_best: cost=110517027.35  viol=722382.6628  obj=832899690.14 | gbest: cost=110517027.35  viol=722382.6628  obj=832899690.14
[Run 01 | FE 4864] best_local_obj=832899690.14  best_local_cost=110517027.35  best_local_viol=722382.6628
[Run 01 | Iter 121] iter_best: cost=110517028.02  viol=725968.7866  obj=836485814.64 | gbest: cost=110517027.35  viol=722382.6628  obj=832899690.14
[Run 01 | Iter 122] iter_best: cost=111069612.20  viol=723098.7768  obj=834168389.01 | gbest: cost=110517027.35  viol=722382.6628  obj=832899690.14
[Run 01 | Iter 123] iter_best: cost=110885415.69  viol=720967.8602  obj=831853275.94 | gbest: cost=110885415.69  viol=720967.8602  obj=831853275.94
[Run 01 | Iter 124] iter_best: cost=111161710.96  viol=731729.4028  obj=842891113.73 | gbest: cost=110885415.69  viol=720967.8602  obj=831853275.94
[Run 01 | Iter 125] iter_best: cost=109227661.48  viol=725418.9390  obj=834646600.46 | gbest: cost=110885415.69  viol=720967.8602  obj=831853275.94
[Run 01 | Iter 126] iter_best: cost=110517027.35  viol=719608.0435  obj=830125070.82 | gbest: cost=110517027.35  viol=719608.0435  obj=830125070.82
[Run 01 | FE 5120] best_local_obj=830125070.82  best_local_cost=110517027.35  best_local_viol=719608.0435
[Run 01 | Iter 127] iter_best: cost=110332833.18  viol=723071.9397  obj=833404772.90 | gbest: cost=110517027.35  viol=719608.0435  obj=830125070.82
[Run 01 | Iter 128] iter_best: cost=110977515.12  viol=725110.5907  obj=836088105.82 | gbest: cost=110517027.35  viol=719608.0435  obj=830125070.82
[Run 01 | Iter 129] iter_best: cost=110609124.44  viol=719723.8733  obj=830332997.75 | gbest: cost=110517027.35  viol=719608.0435  obj=830125070.82
[Run 01 | Iter 130] iter_best: cost=110517026.68  viol=711530.5913  obj=822047618.01 | gbest: cost=110517026.68  viol=711530.5913  obj=822047618.01
[Run 01 | Iter 131] iter_best: cost=110240734.76  viol=713928.5061  obj=824169240.88 | gbest: cost=110517026.68  viol=711530.5913  obj=822047618.01
[Run 01 | Iter 132] iter_best: cost=109872344.75  viol=713650.8964  obj=823523241.14 | gbest: cost=110517026.68  viol=711530.5913  obj=822047618.01
[Run 01 | Iter 133] iter_best: cost=110056539.59  viol=711952.3751  obj=822008914.72 | gbest: cost=110056539.59  viol=711952.3751  obj=822008914.72
[Run 01 | FE 5376] best_local_obj=822008914.72  best_local_cost=110056539.59  best_local_viol=711952.3751
[Run 01 | Iter 134] iter_best: cost=109503953.74  viol=713036.8728  obj=822540826.57 | gbest: cost=110056539.59  viol=711952.3751  obj=822008914.72
[Run 01 | Iter 135] iter_best: cost=110609124.10  viol=710248.0331  obj=820857157.20 | gbest: cost=110609124.10  viol=710248.0331  obj=820857157.20
[Run 01 | Iter 136] iter_best: cost=110517027.02  viol=713636.4261  obj=824153453.16 | gbest: cost=110609124.10  viol=710248.0331  obj=820857157.20
[Run 01 | Iter 137] iter_best: cost=110424929.60  viol=711128.9666  obj=821553896.19 | gbest: cost=110609124.10  viol=710248.0331  obj=820857157.20
[Run 01 | Iter 138] iter_best: cost=109688148.24  viol=712353.6052  obj=822041753.46 | gbest: cost=110609124.10  viol=710248.0331  obj=820857157.20
[Run 01 | Iter 139] iter_best: cost=110332831.51  viol=713033.8162  obj=823366647.70 | gbest: cost=110609124.10  viol=710248.0331  obj=820857157.20
[Run 01 | FE 5632] best_local_obj=820241671.81  best_local_cost=110424929.27  best_local_viol=709816.7425
[Run 01 | Iter 140] iter_best: cost=110424929.27  viol=709816.7425  obj=820241671.81 | gbest: cost=110424929.27  viol=709816.7425  obj=820241671.81
[Run 01 | Iter 141] iter_best: cost=110609125.44  viol=710960.4022  obj=821569527.63 | gbest: cost=110424929.27  viol=709816.7425  obj=820241671.81
[Run 01 | Iter 142] iter_best: cost=109872344.75  viol=710810.5496  obj=820682894.38 | gbest: cost=110424929.27  viol=709816.7425  obj=820241671.81
[Run 01 | Iter 143] iter_best: cost=110332832.18  viol=710097.2488  obj=820430081.02 | gbest: cost=110424929.27  viol=709816.7425  obj=820241671.81
[Run 01 | Iter 144] iter_best: cost=110240734.76  viol=709968.5128  obj=820209247.51 | gbest: cost=110240734.76  viol=709968.5128  obj=820209247.51
[Run 01 | Iter 145] iter_best: cost=110056540.26  viol=709287.3216  obj=819343861.90 | gbest: cost=110056540.26  viol=709287.3216  obj=819343861.90
[Run 01 | Iter 146] iter_best: cost=110701222.19  viol=707847.4230  obj=818548645.23 | gbest: cost=110701222.19  viol=707847.4230  obj=818548645.23
[Run 01 | FE 5888] best_local_obj=812609310.19  best_local_cost=111345905.80  best_local_viol=701263.4044
[Run 01 | Iter 147] iter_best: cost=111345905.80  viol=701263.4044  obj=812609310.19 | gbest: cost=111345905.80  viol=701263.4044  obj=812609310.19
[Run 01 | Iter 148] iter_best: cost=111069612.20  viol=700654.2712  obj=811723883.43 | gbest: cost=111069612.20  viol=700654.2712  obj=811723883.43
[Run 01 | Iter 149] iter_best: cost=110148637.01  viol=701029.0833  obj=811177720.27 | gbest: cost=110148637.01  viol=701029.0833  obj=811177720.27
[Run 01 | Iter 150] iter_best: cost=109964442.84  viol=701469.2532  obj=811433696.00 | gbest: cost=110148637.01  viol=701029.0833  obj=811177720.27
[Run 01 | Iter 151] iter_best: cost=109964441.17  viol=701153.8690  obj=811118310.14 | gbest: cost=109964441.17  viol=701153.8690  obj=811118310.14
[Run 01 | Iter 152] iter_best: cost=110240734.09  viol=701080.2487  obj=811320982.83 | gbest: cost=109964441.17  viol=701153.8690  obj=811118310.14
[Run 01 | FE 6144] best_local_obj=811118310.14  best_local_cost=109964441.17  best_local_viol=701153.8690
[Run 01 | Iter 153] iter_best: cost=110424928.93  viol=700029.7535  obj=810454682.39 | gbest: cost=110424928.93  viol=700029.7535  obj=810454682.39
[Run 01 | Iter 154] iter_best: cost=110977515.12  viol=703609.8638  obj=814587378.89 | gbest: cost=110424928.93  viol=700029.7535  obj=810454682.39
[Run 01 | Iter 155] iter_best: cost=110240734.76  viol=700035.7194  obj=810276454.13 | gbest: cost=110240734.76  viol=700035.7194  obj=810276454.13
[Run 01 | Iter 156] iter_best: cost=110424930.94  viol=702732.9219  obj=813157852.81 | gbest: cost=110240734.76  viol=700035.7194  obj=810276454.13
[Run 01 | Iter 157] iter_best: cost=110056539.59  viol=702911.0013  obj=812967540.90 | gbest: cost=110240734.76  viol=700035.7194  obj=810276454.13
[Run 01 | Iter 158] iter_best: cost=110240735.76  viol=700483.5066  obj=810724242.34 | gbest: cost=110240734.76  viol=700035.7194  obj=810276454.13
[Run 01 | FE 6400] best_local_obj=810093667.71  best_local_cost=109688148.58  best_local_viol=700405.5191
[Run 01 | Iter 159] iter_best: cost=109688148.58  viol=700405.5191  obj=810093667.71 | gbest: cost=109688148.58  viol=700405.5191  obj=810093667.71
[Run 01 | Iter 160] iter_best: cost=110240734.76  viol=705245.0173  obj=815485752.05 | gbest: cost=109688148.58  viol=700405.5191  obj=810093667.71
[Run 01 | Iter 161] iter_best: cost=109596051.49  viol=700460.4631  obj=810056514.61 | gbest: cost=109596051.49  viol=700460.4631  obj=810056514.61
[Run 01 | Iter 162] iter_best: cost=110148636.34  viol=699434.8659  obj=809583502.23 | gbest: cost=110148636.34  viol=699434.8659  obj=809583502.23
[Run 01 | Iter 163] iter_best: cost=110056538.92  viol=699571.7004  obj=809628239.31 | gbest: cost=110148636.34  viol=699434.8659  obj=809583502.23
[Run 01 | Iter 164] iter_best: cost=110609125.44  viol=697034.5617  obj=807643687.16 | gbest: cost=110609125.44  viol=697034.5617  obj=807643687.16
[Run 01 | Iter 165] iter_best: cost=110056539.59  viol=699979.2411  obj=810035780.73 | gbest: cost=110609125.44  viol=697034.5617  obj=807643687.16
[Run 01 | FE 6656] best_local_obj=807643687.16  best_local_cost=110609125.44  best_local_viol=697034.5617
[Run 01 | Iter 166] iter_best: cost=110609125.78  viol=693984.5331  obj=804593658.87 | gbest: cost=110609125.78  viol=693984.5331  obj=804593658.87
[Run 01 | Iter 167] iter_best: cost=111253808.38  viol=695855.9823  obj=807109790.73 | gbest: cost=110609125.78  viol=693984.5331  obj=804593658.87
[Run 01 | Iter 168] iter_best: cost=111345905.13  viol=694307.5930  obj=805653498.11 | gbest: cost=110609125.78  viol=693984.5331  obj=804593658.87
[Run 01 | Iter 169] iter_best: cost=110424928.93  viol=692575.9701  obj=803000899.04 | gbest: cost=110424928.93  viol=692575.9701  obj=803000899.04
[Run 01 | Iter 170] iter_best: cost=109688149.91  viol=694550.5848  obj=804238734.68 | gbest: cost=110424928.93  viol=692575.9701  obj=803000899.04
[Run 01 | Iter 171] iter_best: cost=110517027.69  viol=698471.0005  obj=808988028.24 | gbest: cost=110424928.93  viol=692575.9701  obj=803000899.04
[Run 01 | FE 6912] best_local_obj=803000899.04  best_local_cost=110424928.93  best_local_viol=692575.9701
[Run 01 | Iter 172] iter_best: cost=111069612.54  viol=693220.2816  obj=804289894.09 | gbest: cost=110424928.93  viol=692575.9701  obj=803000899.04
[Run 01 | Iter 173] iter_best: cost=110793322.62  viol=690755.7263  obj=801549048.91 | gbest: cost=110793322.62  viol=690755.7263  obj=801549048.91
[Run 01 | Iter 174] iter_best: cost=110332834.85  viol=694009.8941  obj=804342728.98 | gbest: cost=110793322.62  viol=690755.7263  obj=801549048.91
[Run 01 | Iter 175] iter_best: cost=110701223.86  viol=690826.9151  obj=801528139.00 | gbest: cost=110701223.86  viol=690826.9151  obj=801528139.00
[Run 01 | Iter 176] iter_best: cost=111622201.40  viol=689998.5354  obj=801620736.76 | gbest: cost=110701223.86  viol=690826.9151  obj=801528139.00
[Run 01 | Iter 177] iter_best: cost=110609125.78  viol=691196.3668  obj=801805492.62 | gbest: cost=110701223.86  viol=690826.9151  obj=801528139.00
[Run 01 | Iter 178] iter_best: cost=110701225.53  viol=687233.9749  obj=797935200.46 | gbest: cost=110701225.53  viol=687233.9749  obj=797935200.46
[Run 01 | FE 7168] best_local_obj=797935200.46  best_local_cost=110701225.53  best_local_viol=687233.9749
[Run 01 | Iter 179] iter_best: cost=110517031.36  viol=691908.4615  obj=802425492.90 | gbest: cost=110701225.53  viol=687233.9749  obj=797935200.46
[Run 01 | Iter 180] iter_best: cost=111069616.88  viol=683586.4498  obj=794656066.69 | gbest: cost=111069616.88  viol=683586.4498  obj=794656066.69
[Run 01 | Iter 181] iter_best: cost=111069615.55  viol=687276.5446  obj=798346160.10 | gbest: cost=111069616.88  viol=683586.4498  obj=794656066.69
[Run 01 | Iter 182] iter_best: cost=110977517.46  viol=688602.3819  obj=799579899.32 | gbest: cost=111069616.88  viol=683586.4498  obj=794656066.69
[Run 01 | Iter 183] iter_best: cost=110793323.29  viol=683860.1531  obj=794653476.34 | gbest: cost=110793323.29  viol=683860.1531  obj=794653476.34
[Run 01 | Iter 184] iter_best: cost=111161711.63  viol=684470.7941  obj=795632505.69 | gbest: cost=110793323.29  viol=683860.1531  obj=794653476.34
[Run 01 | FE 7424] best_local_obj=791343210.13  best_local_cost=110885421.38  best_local_viol=680457.7888
[Run 01 | Iter 185] iter_best: cost=111161711.63  viol=675716.0013  obj=786877712.97 | gbest: cost=111161711.63  viol=675716.0013  obj=786877712.97
[Run 01 | Iter 186] iter_best: cost=111253809.05  viol=675682.2870  obj=786936096.02 | gbest: cost=111161711.63  viol=675716.0013  obj=786877712.97
[Run 01 | Iter 187] iter_best: cost=111438004.55  viol=680016.9210  obj=791454925.51 | gbest: cost=111161711.63  viol=675716.0013  obj=786877712.97
[Run 01 | Iter 188] iter_best: cost=111161713.30  viol=679731.8832  obj=790893596.52 | gbest: cost=111161711.63  viol=675716.0013  obj=786877712.97
[Run 01 | Iter 189] iter_best: cost=110885422.04  viol=676142.5087  obj=787027930.75 | gbest: cost=111161711.63  viol=675716.0013  obj=786877712.97
[Run 01 | Iter 190] iter_best: cost=110793321.95  viol=675499.5156  obj=786292837.59 | gbest: cost=110793321.95  viol=675499.5156  obj=786292837.59
[Run 01 | FE 7680] best_local_obj=786292837.59  best_local_cost=110793321.95  best_local_viol=675499.5156
[Run 01 | Iter 191] iter_best: cost=111161712.30  viol=675680.2783  obj=786841990.61 | gbest: cost=110793321.95  viol=675499.5156  obj=786292837.59
[Run 01 | Iter 192] iter_best: cost=110701224.20  viol=676740.4614  obj=787441685.57 | gbest: cost=110793321.95  viol=675499.5156  obj=786292837.59
[Run 01 | Iter 193] iter_best: cost=111069614.21  viol=675569.4586  obj=786639072.84 | gbest: cost=110793321.95  viol=675499.5156  obj=786292837.59
[Run 01 | Iter 194] iter_best: cost=110609126.78  viol=675142.1207  obj=785751247.49 | gbest: cost=110609126.78  viol=675142.1207  obj=785751247.49
[Run 01 | Iter 195] iter_best: cost=110885418.70  viol=675182.3701  obj=786067788.85 | gbest: cost=110609126.78  viol=675142.1207  obj=785751247.49
[Run 01 | Iter 196] iter_best: cost=110609125.78  viol=675167.9122  obj=785777037.99 | gbest: cost=110609126.78  viol=675142.1207  obj=785751247.49
[Run 01 | Iter 197] iter_best: cost=110701223.19  viol=675494.2306  obj=786195453.77 | gbest: cost=110609126.78  viol=675142.1207  obj=785751247.49
[Run 01 | FE 7936] best_local_obj=785751247.49  best_local_cost=110609126.78  best_local_viol=675142.1207
[Run 01 | Iter 198] iter_best: cost=110885419.04  viol=674958.5826  obj=785844001.61 | gbest: cost=110609126.78  viol=675142.1207  obj=785751247.49
[Run 01 | Iter 199] iter_best: cost=110609126.78  viol=675194.6776  obj=785803804.34 | gbest: cost=110609126.78  viol=675142.1207  obj=785751247.49
[Run 01 | Iter 200] iter_best: cost=110424930.94  viol=675142.1207  obj=785567051.65 | gbest: cost=110424930.94  viol=675142.1207  obj=785567051.65
[Run 01 | Iter 201] iter_best: cost=111622198.39  viol=673497.2811  obj=785119479.46 | gbest: cost=111622198.39  viol=673497.2811  obj=785119479.46
[Run 01 | Iter 202] iter_best: cost=111345906.13  viol=674303.0477  obj=785648953.79 | gbest: cost=111622198.39  viol=673497.2811  obj=785119479.46
[Run 01 | Iter 203] iter_best: cost=111438003.22  viol=673079.6348  obj=784517638.00 | gbest: cost=111438003.22  viol=673079.6348  obj=784517638.00
[Run 01 | FE 8192] best_local_obj=784517638.00  best_local_cost=111438003.22  best_local_viol=673079.6348
[Run 01 | Iter 204] iter_best: cost=111438004.22  viol=673138.0310  obj=784576035.22 | gbest: cost=111438003.22  viol=673079.6348  obj=784517638.00
[Run 01 | Iter 205] iter_best: cost=111438004.22  viol=673527.5587  obj=784965562.90 | gbest: cost=111438003.22  viol=673079.6348  obj=784517638.00
[Run 01 | Iter 206] iter_best: cost=111438004.55  viol=673085.2827  obj=784523287.21 | gbest: cost=111438003.22  viol=673079.6348  obj=784517638.00
[Run 01 | Iter 207] iter_best: cost=111438002.55  viol=673087.5673  obj=784525569.85 | gbest: cost=111438003.22  viol=673079.6348  obj=784517638.00
[Run 01 | Iter 208] iter_best: cost=111345906.80  viol=673013.8572  obj=784359763.95 | gbest: cost=111345906.80  viol=673013.8572  obj=784359763.95
[Run 01 | Iter 209] iter_best: cost=110793320.61  viol=673145.7716  obj=783939092.24 | gbest: cost=110793320.61  viol=673145.7716  obj=783939092.24
[Run 01 | Iter 210] iter_best: cost=111069614.21  viol=673145.7716  obj=784215385.84 | gbest: cost=110793320.61  viol=673145.7716  obj=783939092.24
[Run 01 | FE 8448] best_local_obj=783939092.24  best_local_cost=110793320.61  best_local_viol=673145.7716
[Run 01 | Iter 211] iter_best: cost=111253809.38  viol=673307.8994  obj=784561708.74 | gbest: cost=110793320.61  viol=673145.7716  obj=783939092.24
[Run 01 | Iter 212] iter_best: cost=110885418.37  viol=673148.2809  obj=784033699.30 | gbest: cost=110793320.61  viol=673145.7716  obj=783939092.24
[Run 01 | Iter 213] iter_best: cost=111530101.97  viol=672119.5243  obj=783649626.27 | gbest: cost=111530101.97  viol=672119.5243  obj=783649626.27
[Run 01 | Iter 214] iter_best: cost=111622198.72  viol=671544.3369  obj=783166535.67 | gbest: cost=111622198.72  viol=671544.3369  obj=783166535.67
[Run 01 | Iter 215] iter_best: cost=111438002.21  viol=671470.2722  obj=782908274.45 | gbest: cost=111438002.21  viol=671470.2722  obj=782908274.45
[Run 01 | Iter 216] iter_best: cost=111161710.62  viol=671417.3364  obj=782579047.05 | gbest: cost=111161710.62  viol=671417.3364  obj=782579047.05
[Run 01 | FE 8704] best_local_obj=782579047.05  best_local_cost=111161710.62  best_local_viol=671417.3364
[Run 01 | Iter 217] iter_best: cost=111806392.89  viol=670841.8764  obj=782648269.29 | gbest: cost=111161710.62  viol=671417.3364  obj=782579047.05
[Run 01 | Iter 218] iter_best: cost=111622198.72  viol=671531.8989  obj=783154097.66 | gbest: cost=111161710.62  viol=671417.3364  obj=782579047.05
[Run 01 | Iter 219] iter_best: cost=111345906.47  viol=671698.0391  obj=783043945.62 | gbest: cost=111161710.62  viol=671417.3364  obj=782579047.05
[Run 01 | Iter 220] iter_best: cost=110977515.79  viol=671477.8261  obj=782455341.89 | gbest: cost=110977515.79  viol=671477.8261  obj=782455341.89
[Run 01 | Iter 221] iter_best: cost=110885417.70  viol=671910.6964  obj=782796114.13 | gbest: cost=110977515.79  viol=671477.8261  obj=782455341.89
[Run 01 | Iter 222] iter_best: cost=111898490.31  viol=668370.3379  obj=780268828.24 | gbest: cost=111898490.31  viol=668370.3379  obj=780268828.24
[Run 01 | FE 8960] best_local_obj=774924274.57  best_local_cost=112266880.66  best_local_viol=662657.3939
[Run 01 | Iter 223] iter_best: cost=112266880.66  viol=662657.3939  obj=774924274.57 | gbest: cost=112266880.66  viol=662657.3939  obj=774924274.57
[Run 01 | Iter 224] iter_best: cost=111714297.48  viol=669803.5417  obj=781517839.23 | gbest: cost=112266880.66  viol=662657.3939  obj=774924274.57
[Run 01 | Iter 225] iter_best: cost=112635271.34  viol=663893.8761  obj=776529147.42 | gbest: cost=112266880.66  viol=662657.3939  obj=774924274.57
[Run 01 | Iter 226] iter_best: cost=112082687.16  viol=663269.9789  obj=775352666.02 | gbest: cost=112266880.66  viol=662657.3939  obj=774924274.57
[Run 01 | Iter 227] iter_best: cost=112543174.25  viol=662835.8687  obj=775379042.93 | gbest: cost=112266880.66  viol=662657.3939  obj=774924274.57
[Run 01 | Iter 228] iter_best: cost=111438003.88  viol=664529.0696  obj=775967073.51 | gbest: cost=112266880.66  viol=662657.3939  obj=774924274.57
[Run 01 | Iter 229] iter_best: cost=111990588.07  viol=661867.2548  obj=773857842.88 | gbest: cost=111990588.07  viol=661867.2548  obj=773857842.88
[Run 01 | FE 9216] best_local_obj=773857842.88  best_local_cost=111990588.07  best_local_viol=661867.2548
[Run 01 | Iter 230] iter_best: cost=111990588.40  viol=663031.5082  obj=775022096.61 | gbest: cost=111990588.07  viol=661867.2548  obj=773857842.88
[Run 01 | Iter 231] iter_best: cost=112819464.84  viol=656727.8944  obj=769547359.23 | gbest: cost=112819464.84  viol=656727.8944  obj=769547359.23
[Run 01 | Iter 232] iter_best: cost=111714293.80  viol=657174.3079  obj=768888601.75 | gbest: cost=111714293.80  viol=657174.3079  obj=768888601.75
[Run 01 | Iter 233] iter_best: cost=111990587.73  viol=657048.7748  obj=769039362.49 | gbest: cost=111714293.80  viol=657174.3079  obj=768888601.75
[Run 01 | Iter 234] iter_best: cost=111622197.05  viol=658071.3757  obj=769693572.72 | gbest: cost=111714293.80  viol=657174.3079  obj=768888601.75
[Run 01 | Iter 235] iter_best: cost=112266879.99  viol=652093.3466  obj=764360226.61 | gbest: cost=112266879.99  viol=652093.3466  obj=764360226.61
[Run 01 | FE 9472] best_local_obj=764360226.61  best_local_cost=112266879.99  best_local_viol=652093.3466
[Run 01 | Iter 236] iter_best: cost=111622195.38  viol=653386.0758  obj=765008271.18 | gbest: cost=112266879.99  viol=652093.3466  obj=764360226.61
[Run 01 | Iter 237] iter_best: cost=111530099.30  viol=657978.1920  obj=769508291.34 | gbest: cost=112266879.99  viol=652093.3466  obj=764360226.61
[Run 01 | Iter 238] iter_best: cost=111345904.79  viol=653888.3098  obj=765234214.60 | gbest: cost=112266879.99  viol=652093.3466  obj=764360226.61
[Run 01 | Iter 239] iter_best: cost=111622197.39  viol=660272.4487  obj=771894646.05 | gbest: cost=112266879.99  viol=652093.3466  obj=764360226.61
[Run 01 | Iter 240] iter_best: cost=111990587.73  viol=655076.1573  obj=767066745.00 | gbest: cost=112266879.99  viol=652093.3466  obj=764360226.61
[Run 01 | Iter 241] iter_best: cost=112082686.49  viol=657000.9252  obj=769083611.68 | gbest: cost=112266879.99  viol=652093.3466  obj=764360226.61
[Run 01 | Iter 242] iter_best: cost=110793318.94  viol=662875.4206  obj=773668739.49 | gbest: cost=112266879.99  viol=652093.3466  obj=764360226.61
[Run 01 | FE 9728] best_local_obj=764360226.61  best_local_cost=112266879.99  best_local_viol=652093.3466
[Run 01 | Iter 243] iter_best: cost=112358977.74  viol=657596.5454  obj=769955523.12 | gbest: cost=112266879.99  viol=652093.3466  obj=764360226.61
[Run 01 | Iter 244] iter_best: cost=111714295.14  viol=659617.7228  obj=771332017.98 | gbest: cost=112266879.99  viol=652093.3466  obj=764360226.61
[Run 01 | Iter 245] iter_best: cost=111990588.07  viol=658333.5467  obj=770324134.81 | gbest: cost=112266879.99  viol=652093.3466  obj=764360226.61
[Run 01 | Iter 246] iter_best: cost=112358979.08  viol=655420.1767  obj=767779155.78 | gbest: cost=112266879.99  viol=652093.3466  obj=764360226.61
[Run 01 | Iter 247] iter_best: cost=111345904.13  viol=657585.0780  obj=768930982.12 | gbest: cost=112266879.99  viol=652093.3466  obj=764360226.61
[Run 01 | Iter 248] iter_best: cost=111990586.39  viol=651395.2597  obj=763385846.10 | gbest: cost=111990586.39  viol=651395.2597  obj=763385846.10
[Run 01 | FE 9984] best_local_obj=763385846.10  best_local_cost=111990586.39  best_local_viol=651395.2597
[Run 01 | Iter 249] iter_best: cost=112082685.15  viol=651206.8967  obj=763289581.86 | gbest: cost=112082685.15  viol=651206.8967  obj=763289581.86
[Run 01 | Iter 250] iter_best: cost=112266878.65  viol=652822.9562  obj=765089834.85 | gbest: cost=112082685.15  viol=651206.8967  obj=763289581.86
[Run 01 | Iter 251] iter_best: cost=111990588.40  viol=646866.8137  obj=758857402.12 | gbest: cost=111990588.40  viol=646866.8137  obj=758857402.12
[Run 01 | Iter 252] iter_best: cost=111622198.72  viol=649849.5555  obj=761471754.19 | gbest: cost=111990588.40  viol=646866.8137  obj=758857402.12
[Run 01 | Iter 253] iter_best: cost=112082686.49  viol=650237.8646  obj=762320551.10 | gbest: cost=111990588.40  viol=646866.8137  obj=758857402.12
[Run 01 | Iter 254] iter_best: cost=112266880.99  viol=648323.7444  obj=760590625.34 | gbest: cost=111990588.40  viol=646866.8137  obj=758857402.12
[Run 01 | FE 10240] best_local_obj=758823760.59  best_local_cost=112082684.48  best_local_viol=646741.0761
[Run 01 | Iter 255] iter_best: cost=112082684.48  viol=646741.0761  obj=758823760.59 | gbest: cost=112082684.48  viol=646741.0761  obj=758823760.59
[Run 01 | Iter 256] iter_best: cost=112082684.48  viol=646778.6836  obj=758861368.11 | gbest: cost=112082684.48  viol=646741.0761  obj=758823760.59
[Run 01 | Iter 257] iter_best: cost=111990587.40  viol=646752.4553  obj=758743042.71 | gbest: cost=111990587.40  viol=646752.4553  obj=758743042.71
[Run 01 | Iter 258] iter_best: cost=111806391.56  viol=646841.8110  obj=758648202.58 | gbest: cost=111806391.56  viol=646841.8110  obj=758648202.58
[Run 01 | Iter 259] iter_best: cost=112266878.32  viol=646405.2435  obj=758672121.78 | gbest: cost=111806391.56  viol=646841.8110  obj=758648202.58
[Run 01 | Iter 260] iter_best: cost=111990587.06  viol=646845.1858  obj=758835772.84 | gbest: cost=111806391.56  viol=646841.8110  obj=758648202.58
[Run 01 | Iter 261] iter_best: cost=112082683.81  viol=646676.0866  obj=758758770.38 | gbest: cost=111806391.56  viol=646841.8110  obj=758648202.58
[Run 01 | FE 10496] best_local_obj=758539697.26  best_local_cost=111806391.22  best_local_viol=646733.3060
[Run 01 | Iter 262] iter_best: cost=112266879.32  viol=645078.7456  obj=757345624.97 | gbest: cost=112266879.32  viol=645078.7456  obj=757345624.97
[Run 01 | Iter 263] iter_best: cost=111806393.56  viol=645443.5954  obj=757249988.94 | gbest: cost=111806393.56  viol=645443.5954  obj=757249988.94
[Run 01 | Iter 264] iter_best: cost=111345906.13  viol=644454.2045  obj=755800110.64 | gbest: cost=111345906.13  viol=644454.2045  obj=755800110.64
[Run 01 | Iter 265] iter_best: cost=111714293.47  viol=645617.0150  obj=757331308.50 | gbest: cost=111345906.13  viol=644454.2045  obj=755800110.64
[Run 01 | Iter 266] iter_best: cost=111530100.30  viol=645104.4182  obj=756634518.46 | gbest: cost=111345906.13  viol=644454.2045  obj=755800110.64
[Run 01 | Iter 267] iter_best: cost=111990587.06  viol=643886.2096  obj=755876796.63 | gbest: cost=111345906.13  viol=644454.2045  obj=755800110.64
[Run 01 | FE 10752] best_local_obj=755800110.64  best_local_cost=111345906.13  best_local_viol=644454.2045
[Run 01 | Iter 268] iter_best: cost=111898490.98  viol=644309.7141  obj=756208205.09 | gbest: cost=111345906.13  viol=644454.2045  obj=755800110.64
[Run 01 | Iter 269] iter_best: cost=111530101.30  viol=644665.2953  obj=756195396.63 | gbest: cost=111345906.13  viol=644454.2045  obj=755800110.64
[Run 01 | Iter 270] iter_best: cost=111438002.55  viol=643366.9245  obj=754804927.01 | gbest: cost=111438002.55  viol=643366.9245  obj=754804927.01
[Run 01 | Iter 271] iter_best: cost=111990589.07  viol=643765.7905  obj=755756379.62 | gbest: cost=111438002.55  viol=643366.9245  obj=754804927.01
[Run 01 | Iter 272] iter_best: cost=111622198.72  viol=643366.9249  obj=754989123.58 | gbest: cost=111438002.55  viol=643366.9245  obj=754804927.01
[Run 01 | Iter 273] iter_best: cost=111714296.14  viol=644027.3769  obj=755741673.02 | gbest: cost=111438002.55  viol=643366.9245  obj=754804927.01
[Run 01 | Iter 274] iter_best: cost=111069612.54  viol=643366.9245  obj=754436537.00 | gbest: cost=111069612.54  viol=643366.9245  obj=754436537.00
[Run 01 | FE 11008] best_local_obj=754436537.00  best_local_cost=111069612.54  best_local_viol=643366.9245
[Run 01 | Iter 275] iter_best: cost=111345905.46  viol=643366.9245  obj=754712829.92 | gbest: cost=111069612.54  viol=643366.9245  obj=754436537.00
[Run 01 | Iter 276] iter_best: cost=111530100.64  viol=643208.0284  obj=754738129.04 | gbest: cost=111069612.54  viol=643366.9245  obj=754436537.00
[Run 01 | Iter 277] iter_best: cost=111345906.47  viol=643269.0903  obj=754614996.75 | gbest: cost=111069612.54  viol=643366.9245  obj=754436537.00
[Run 01 | Iter 278] iter_best: cost=111345905.13  viol=643308.5279  obj=754654433.07 | gbest: cost=111069612.54  viol=643366.9245  obj=754436537.00
[Run 01 | Iter 279] iter_best: cost=111438003.22  viol=643356.5448  obj=754794548.00 | gbest: cost=111069612.54  viol=643366.9245  obj=754436537.00
[Run 01 | Iter 280] iter_best: cost=111161709.62  viol=643208.0284  obj=754369738.03 | gbest: cost=111161709.62  viol=643208.0284  obj=754369738.03
[Run 01 | FE 11264] best_local_obj=754369738.03  best_local_cost=111161709.62  best_local_viol=643208.0284
[Run 01 | Iter 281] iter_best: cost=111530100.97  viol=643266.4250  obj=754796525.99 | gbest: cost=111161709.62  viol=643208.0284  obj=754369738.03
[Run 01 | Iter 282] iter_best: cost=111345905.80  viol=643366.9245  obj=754712830.26 | gbest: cost=111161709.62  viol=643208.0284  obj=754369738.03
[Run 01 | Iter 283] iter_best: cost=111345904.79  viol=643320.4824  obj=754666387.21 | gbest: cost=111161709.62  viol=643208.0284  obj=754369738.03
[Run 01 | Iter 284] iter_best: cost=111345905.46  viol=643308.5278  obj=754654433.31 | gbest: cost=111161709.62  viol=643208.0284  obj=754369738.03
[Run 01 | Iter 285] iter_best: cost=111622198.72  viol=639756.7348  obj=751378933.53 | gbest: cost=111622198.72  viol=639756.7348  obj=751378933.53
[Run 01 | Iter 286] iter_best: cost=111898491.32  viol=639829.9482  obj=751728439.47 | gbest: cost=111622198.72  viol=639756.7348  obj=751378933.53
[Run 01 | FE 11520] best_local_obj=751031808.68  best_local_cost=111622197.39  best_local_viol=639409.6113
[Run 01 | Iter 287] iter_best: cost=111622197.39  viol=639409.6113  obj=751031808.68 | gbest: cost=111622197.39  viol=639409.6113  obj=751031808.68
[Run 01 | Iter 288] iter_best: cost=111714295.14  viol=639271.5399  obj=750985835.03 | gbest: cost=111714295.14  viol=639271.5399  obj=750985835.03
[Run 01 | Iter 289] iter_best: cost=111714295.14  viol=639234.4410  obj=750948736.10 | gbest: cost=111714295.14  viol=639234.4410  obj=750948736.10
[Run 01 | Iter 290] iter_best: cost=111990587.40  viol=639125.9357  obj=751116523.07 | gbest: cost=111714295.14  viol=639234.4410  obj=750948736.10
[Run 01 | Iter 291] iter_best: cost=111990587.73  viol=639206.4789  obj=751197066.65 | gbest: cost=111714295.14  viol=639234.4410  obj=750948736.10
[Run 01 | Iter 292] iter_best: cost=111622197.72  viol=639248.4194  obj=750870617.08 | gbest: cost=111622197.72  viol=639248.4194  obj=750870617.08
[Run 01 | Iter 293] iter_best: cost=111990587.06  viol=639112.3375  obj=751102924.59 | gbest: cost=111622197.72  viol=639248.4194  obj=750870617.08
[Run 01 | FE 11776] best_local_obj=750870617.08  best_local_cost=111622197.72  best_local_viol=639248.4194
[Run 01 | Iter 294] iter_best: cost=112358978.41  viol=639524.1613  obj=751883139.66 | gbest: cost=111622197.72  viol=639248.4194  obj=750870617.08
[Run 01 | Iter 295] iter_best: cost=112082685.15  viol=639799.9735  obj=751882658.67 | gbest: cost=111622197.72  viol=639248.4194  obj=750870617.08
[Run 01 | Iter 296] iter_best: cost=111898489.31  viol=639591.1990  obj=751489688.27 | gbest: cost=111622197.72  viol=639248.4194  obj=750870617.08
[Run 01 | Iter 297] iter_best: cost=111898489.98  viol=639220.8425  obj=751119332.50 | gbest: cost=111622197.72  viol=639248.4194  obj=750870617.08
[Run 01 | Iter 298] iter_best: cost=112174782.90  viol=639608.6618  obj=751783444.71 | gbest: cost=111622197.72  viol=639248.4194  obj=750870617.08
[Run 01 | Iter 299] iter_best: cost=111806392.22  viol=639274.0122  obj=751080404.43 | gbest: cost=111622197.72  viol=639248.4194  obj=750870617.08
[Run 01 | FE 12032] best_local_obj=750374992.08  best_local_cost=111253805.70  best_local_viol=639121.1864
[Run 01 | Iter 300] iter_best: cost=111253805.70  viol=639121.1864  obj=750374992.08 | gbest: cost=111253805.70  viol=639121.1864  obj=750374992.08
[Run 01 | Iter 301] iter_best: cost=112174782.24  viol=639127.0331  obj=751301815.35 | gbest: cost=111253805.70  viol=639121.1864  obj=750374992.08
[Run 01 | Iter 302] iter_best: cost=111530098.96  viol=638517.6401  obj=750047739.05 | gbest: cost=111530098.96  viol=638517.6401  obj=750047739.05
[Run 01 | Iter 303] iter_best: cost=111438000.88  viol=638500.8686  obj=749938869.51 | gbest: cost=111438000.88  viol=638500.8686  obj=749938869.51
[Run 01 | Iter 304] iter_best: cost=111161708.28  viol=638609.3736  obj=749771081.90 | gbest: cost=111161708.28  viol=638609.3736  obj=749771081.90
[Run 01 | Iter 305] iter_best: cost=111253806.04  viol=638609.3736  obj=749863179.66 | gbest: cost=111161708.28  viol=638609.3736  obj=749771081.90
[Run 01 | Iter 306] iter_best: cost=111161708.28  viol=638609.3736  obj=749771081.90 | gbest: cost=111161708.28  viol=638609.3736  obj=749771081.90
[Run 01 | FE 12288] best_local_obj=749771081.90  best_local_cost=111161708.28  best_local_viol=638609.3736
[Run 01 | Iter 307] iter_best: cost=111253805.70  viol=638609.3736  obj=749863179.32 | gbest: cost=111161708.28  viol=638609.3736  obj=749771081.90
[Run 01 | Iter 308] iter_best: cost=111253806.04  viol=638501.8945  obj=749755700.57 | gbest: cost=111253806.04  viol=638501.8945  obj=749755700.57
[Run 01 | Iter 309] iter_best: cost=111161708.62  viol=638501.8945  obj=749663603.15 | gbest: cost=111161708.62  viol=638501.8945  obj=749663603.15
[Run 01 | Iter 310] iter_best: cost=111161708.95  viol=638501.8945  obj=749663603.49 | gbest: cost=111161708.62  viol=638501.8945  obj=749663603.15
[Run 01 | Iter 311] iter_best: cost=111161708.62  viol=638501.8945  obj=749663603.15 | gbest: cost=111161708.62  viol=638501.8945  obj=749663603.15
[Run 01 | Iter 312] iter_best: cost=111069610.53  viol=638501.8945  obj=749571505.07 | gbest: cost=111069610.53  viol=638501.8945  obj=749571505.07
[Run 01 | FE 12544] best_local_obj=749571505.07  best_local_cost=111069610.53  best_local_viol=638501.8945
[Run 01 | Iter 313] iter_best: cost=110885415.02  viol=638574.4285  obj=749459843.54 | gbest: cost=110885415.02  viol=638574.4285  obj=749459843.54
[Run 01 | Iter 314] iter_best: cost=110793317.94  viol=638558.2013  obj=749351519.27 | gbest: cost=110793317.94  viol=638558.2013  obj=749351519.27
[Run 01 | Iter 315] iter_best: cost=110701220.52  viol=638590.0677  obj=749291288.26 | gbest: cost=110701220.52  viol=638590.0677  obj=749291288.26
[Run 01 | Iter 316] iter_best: cost=110701220.19  viol=638574.8251  obj=749276045.28 | gbest: cost=110701220.19  viol=638574.8251  obj=749276045.28
[Run 01 | Iter 317] iter_best: cost=110793317.27  viol=638387.4998  obj=749180817.10 | gbest: cost=110793317.27  viol=638387.4998  obj=749180817.10
[Run 01 | Iter 318] iter_best: cost=110793316.60  viol=638389.4513  obj=749182767.85 | gbest: cost=110793317.27  viol=638387.4998  obj=749180817.10
[Run 01 | FE 12800] best_local_obj=748880495.20  best_local_cost=111253806.04  best_local_viol=637626.6892
[Run 01 | Iter 319] iter_best: cost=111253806.04  viol=637626.6892  obj=748880495.20 | gbest: cost=111253806.04  viol=637626.6892  obj=748880495.20

[Stop] reached max_total_fe=12800.

[Run 01] best_global_cost=111253806.0384, best_global_viol=637626.689159, best_global_obj=748880495.1978
[Done] summary=/work/home/acn1eb8nfq/yuezhang46/GFcode/GF实验一：横向对比/pso_global_logs/run_01_seed_1001/runs_summary.csv
