[RunConfig] run_id=7 seed=1007
[OutputDir] /work/home/acn1eb8nfq/yuezhang46/UScode/US实验三：顺序模块/gcpcc_logs_US_CB/run_07_seed_1007
[Data] nodes=4301
[1/7] Load scenarios
  2020: raw_edges=5296 days=366
  2025: raw_edges=5296 days=365
  2030: raw_edges=5296 days=365
  2035: raw_edges=5296 days=365
  2040: raw_edges=5296 days=366
[Filter] w_min=1.0
  active=2914 inactive=1387(fixed NONE)
  2020: removed=2048 kept=3248
  2025: removed=2048 kept=3248
  2030: removed=2048 kept=3248
  2035: removed=2048 kept=3248
  2040: removed=2048 kept=3248
  2020: filtered_edges=3248
  2025: filtered_edges=3248
  2030: filtered_edges=3248
  2035: filtered_edges=3248
  2040: filtered_edges=3248
[2/7] Spatial cut + fragment repair
  2020: K=7 top_sizes=[809, 550, 485, 424, 247, 229, 170] fragments=59
  2025: K=7 top_sizes=[810, 549, 487, 422, 247, 229, 170] fragments=59
  2030: K=7 top_sizes=[810, 549, 487, 422, 247, 229, 170] fragments=59
  2035: K=7 top_sizes=[833, 554, 488, 393, 247, 229, 170] fragments=70
  2040: K=7 top_sizes=[834, 554, 489, 392, 293, 226, 126] fragments=63
[3/7] Consensus cut (min_agree=5, cfg_min=None, cfg_ratio=0.9)
[ConsensusMerge] med=2 thr=30 merged=20
  components=8 min/med/max=48/317/835
  singleton_components=0
[4/7] Dependency graph + coloring
  color_groups=3 sizes=[3, 3, 2]
  serial_components=8
[5/7] Initialize plan
  init: cost=1722464205.48 viol=3177064786.6473 obj=3178787250852.79
[6/7] Outer iterations

[Run 07 Gen 1] rr[1/8] comp=1/8 size=835
[Run 07 Gen 1] fe+=256 fe=256 cost=2194977876.71 viol=2838246333.2919 obj=2840441311168.66 cand_obj=2840441311168.66 raw_improve=338345939684.127930 accepted=1 eta=219924860794.683167

[Run 07 Gen 2] rr[2/8] comp=2/8 size=556
[Run 07 Gen 2] fe+=256 fe=512 cost=2478391041.10 viol=2612307913.6735 obj=2614786304714.59 cand_obj=2614786304714.59 raw_improve=225655006454.068359 accepted=1 eta=146675754195.144440

[Run 07 Gen 3] rr[3/8] comp=3/8 size=488
[Run 07 Gen 3] fe+=256 fe=768 cost=2731500150.68 viol=2403476614.3802 obj=2406208114530.87 cand_obj=2406208114530.87 raw_improve=208578190183.720703 accepted=1 eta=135575823619.418457

[Run 07 Gen 4] rr[4/8] comp=4/8 size=389
[Run 07 Gen 4] fe+=256 fe=1024 cost=3046592671.23 viol=2209838709.4986 obj=2212885302169.88 cand_obj=2212885302169.88 raw_improve=193322812360.993164 accepted=1 eta=125659828034.645554

[Run 07 Gen 5] rr[5/8] comp=5/8 size=246
[Run 07 Gen 5] fe+=256 fe=1280 cost=3282449479.45 viol=2136959448.0346 obj=2140241897514.03 cand_obj=2140241897514.03 raw_improve=72643404655.850098 accepted=1 eta=47218213026.302567

[Run 07 Gen 6] rr[6/8] comp=6/8 size=226
[Run 07 Gen 6] fe+=256 fe=1536 cost=3433069753.42 viol=2014227843.7253 obj=2017660913478.74 cand_obj=2017660913478.74 raw_improve=122580984035.287109 accepted=1 eta=79677639622.936630

[Run 07 Gen 7] rr[7/8] comp=7/8 size=126
[Run 07 Gen 7] fe+=256 fe=1792 cost=3525932301.37 viol=1956235743.0034 obj=1959761675304.77 cand_obj=1959761675304.77 raw_improve=57899238173.964844 accepted=1 eta=37634504813.077148

[Run 07 Gen 8] rr[8/8] comp=8/8 size=48
[Run 07 Gen 8] fe+=256 fe=2048 cost=3599967246.58 viol=1899260496.9413 obj=1902860464187.83 cand_obj=1902860464187.83 raw_improve=56901211116.944336 accepted=1 eta=36985787226.013817
[Run 07 Gen 9] reward_pool=4/8 threshold=109962430397.341583 eta_max=219924860794.683167

[Run 07 Gen 9] reward[1/4] comp=1/8 size=835
[Run 07 Gen 9] fe+=256 fe=2304 cost=3727034397.26 viol=1822963105.8922 obj=1826690140289.49 cand_obj=1826690140289.49 raw_improve=76170323898.336426 accepted=1 eta=126484411812.057770

[Run 07 Gen 10] reward[2/4] comp=2/8 size=556
[Run 07 Gen 10] fe+=256 fe=2560 cost=3842299849.32 viol=1766597345.4634 obj=1770439645312.67 cand_obj=1770439645312.67 raw_improve=56250494976.824951 accepted=1 eta=87899335703.236771

[Run 07 Gen 11] reward[3/4] comp=3/8 size=488
[Run 07 Gen 11] fe+=256 fe=2816 cost=3930986821.92 viol=1697908525.9597 obj=1701839512781.61 cand_obj=1701839512781.61 raw_improve=68600132531.058105 accepted=1 eta=92041624411.984222

[Run 07 Gen 12] reward[4/4] comp=4/8 size=389
[Run 07 Gen 12] fe+=256 fe=3072 cost=4018998712.33 viol=1657262331.7327 obj=1661281330444.99 cand_obj=1661281330444.99 raw_improve=40558182336.616699 accepted=1 eta=70343758330.926788

[Run 07 Gen 13] rr[1/8] comp=1/8 size=835
[Run 07 Gen 13] fe+=256 fe=3328 cost=4062679547.95 viol=1609893302.0605 obj=1613955981608.49 cand_obj=1613955981608.49 raw_improve=47325348836.504883 accepted=1 eta=75031020877.948395

[Run 07 Gen 14] rr[2/8] comp=2/8 size=556
[Run 07 Gen 14] fe+=256 fe=3584 cost=4103635082.19 viol=1584571864.9822 obj=1588675500064.40 cand_obj=1588675500064.40 raw_improve=25280481544.086426 accepted=1 eta=47197080499.789047

[Run 07 Gen 15] rr[3/8] comp=3/8 size=488
[Run 07 Gen 15] fe+=256 fe=3840 cost=4152666575.34 viol=1545621869.2174 obj=1549774535792.78 cand_obj=1549774535792.78 raw_improve=38900964271.619385 accepted=1 eta=57500195320.747078

[Run 07 Gen 16] rr[4/8] comp=4/8 size=389
[Run 07 Gen 16] fe+=256 fe=4096 cost=4165193246.58 viol=1536759164.1381 obj=1540924357384.72 cand_obj=1540924357384.72 raw_improve=8850178408.065430 accepted=1 eta=30372931381.066906

[Run 07 Gen 17] rr[5/8] comp=5/8 size=246
[Run 07 Gen 17] fe+=256 fe=4352 cost=4201648178.08 viol=1534664002.8914 obj=1538865651069.50 cand_obj=1538865651069.50 raw_improve=2058706315.215088 accepted=1 eta=17864533664.095703

[Run 07 Gen 18] rr[6/8] comp=6/8 size=226
[Run 07 Gen 18] fe+=256 fe=4608 cost=4247904369.86 viol=1499628602.0509 obj=1503876506420.75 cand_obj=1503876506420.75 raw_improve=34989144648.748779 accepted=1 eta=50630117889.714523

[Run 07 Gen 19] rr[7/8] comp=7/8 size=126
[Run 07 Gen 19] fe+=256 fe=4864 cost=4281008863.01 viol=1489408013.1322 obj=1493689021995.21 cand_obj=1493689021995.21 raw_improve=10187484425.539307 accepted=1 eta=19793941561.177551

[Run 07 Gen 20] rr[8/8] comp=8/8 size=48
[Run 07 Gen 20] fe+=256 fe=5120 cost=4283134164.38 viol=1488271024.1770 obj=1492554158341.38 cand_obj=1492554158341.38 raw_improve=1134863653.830078 accepted=1 eta=13682686904.094387
[Run 07 Gen 21] reward_pool=4/8 threshold=37515510438.974197 eta_max=75031020877.948395

[Run 07 Gen 21] reward[1/4] comp=1/8 size=835
[Run 07 Gen 21] fe+=256 fe=5376 cost=4302211767.12 viol=1479909407.8285 obj=1484211619595.63 cand_obj=1484211619595.63 raw_improve=8342538745.755615 accepted=1 eta=31683507492.023087

[Run 07 Gen 22] reward[2/4] comp=2/8 size=556
[Run 07 Gen 22] fe+=256 fe=5632 cost=4326665109.59 viol=1465808684.3034 obj=1470135349413.03 cand_obj=1470135349413.03 raw_improve=14076270182.593994 accepted=1 eta=25668553793.612259

[Run 07 Gen 23] reward[3/4] comp=3/8 size=488
[Run 07 Gen 23] fe+=256 fe=5888 cost=4346367794.52 viol=1460308055.2375 obj=1464654423032.05 cand_obj=1464654423032.05 raw_improve=5480926380.989014 accepted=1 eta=23687670509.904335

[Run 07 Gen 24] reward[4/4] comp=6/8 size=226
[Run 07 Gen 24] fe+=256 fe=6144 cost=4357294301.37 viol=1452290379.2942 obj=1456647673595.58 cand_obj=1456647673595.58 raw_improve=8006749436.460693 accepted=1 eta=22924928395.099533

[Run 07 Gen 25] rr[1/8] comp=1/8 size=835
[Run 07 Gen 25] fe+=256 fe=6400 cost=4370596109.59 viol=1451929024.0213 obj=1456299620130.87 cand_obj=1456299620130.87 raw_improve=348053464.709961 accepted=1 eta=11315462374.269554

[Run 07 Gen 26] rr[2/8] comp=2/8 size=556
[Run 07 Gen 26] fe+=256 fe=6656 cost=4424453397.26 viol=1430607214.0773 obj=1435031667474.58 cand_obj=1435031667474.58 raw_improve=21267952656.298584 accepted=1 eta=22808163054.358368

[Run 07 Gen 27] rr[3/8] comp=3/8 size=488
[Run 07 Gen 27] fe+=256 fe=6912 cost=4429979136.99 viol=1426375686.9347 obj=1430805666071.67 cand_obj=1430805666071.67 raw_improve=4226001402.904053 accepted=1 eta=11037585590.354151

[Run 07 Gen 28] rr[4/8] comp=4/8 size=389
[Run 07 Gen 28] fe+=256 fe=7168 cost=4429979136.99 viol=1426375686.9347 obj=1430805666071.67 cand_obj=1430805666071.67 raw_improve=0.000000 accepted=0 eta=10630525983.373417

[Run 07 Gen 29] rr[5/8] comp=5/8 size=246
[Run 07 Gen 29] fe+=256 fe=7424 cost=4409676452.05 viol=1425837505.2486 obj=1430247181700.64 cand_obj=1430247181700.64 raw_improve=558484371.031494 accepted=1 eta=6615601623.603967

[Run 07 Gen 30] rr[6/8] comp=6/8 size=226
[Run 07 Gen 30] fe+=256 fe=7680 cost=4401400328.77 viol=1417263701.2637 obj=1421665101592.47 cand_obj=1421665101592.47 raw_improve=8582080108.167725 accepted=1 eta=13602077008.593857

[Run 07 Gen 31] rr[7/8] comp=7/8 size=126
[Run 07 Gen 31] fe+=256 fe=7936 cost=4421853068.49 viol=1414942449.1732 obj=1419364302241.69 cand_obj=1419364302241.69 raw_improve=2300799350.783936 accepted=1 eta=8423399124.421701

[Run 07 Gen 32] rr[8/8] comp=8/8 size=48
[Run 07 Gen 32] fe+=256 fe=8192 cost=4417202465.75 viol=1414837904.4181 obj=1419255106883.86 cand_obj=1419255106883.86 raw_improve=109195357.829590 accepted=1 eta=4859917399.022268
[Run 07 Gen 33] reward_pool=2/8 threshold=11404081527.179184 eta_max=22808163054.358368

[Run 07 Gen 33] reward[1/2] comp=2/8 size=556
[Run 07 Gen 33] fe+=256 fe=8448 cost=4405025849.32 viol=1410147208.1337 obj=1414552233983.02 cand_obj=1414552233983.02 raw_improve=4702872900.835205 accepted=1 eta=11039724454.568312

[Run 07 Gen 34] reward[2/2] comp=6/8 size=226
[Run 07 Gen 34] fe+=256 fe=8704 cost=4429404164.38 viol=1403109987.1439 obj=1407539391308.25 cand_obj=1407539391308.25 raw_improve=7012842674.771729 accepted=1 eta=9319074691.609474

[Run 07 Gen 35] rr[1/8] comp=1/8 size=835
[Run 07 Gen 35] fe+=256 fe=8960 cost=4443981164.38 viol=1385218706.5950 obj=1389662687759.38 cand_obj=1389662687759.38 raw_improve=17876703548.874512 accepted=1 eta=15580269137.762775

[Run 07 Gen 36] rr[2/8] comp=2/8 size=556
[Run 07 Gen 36] fe+=256 fe=9216 cost=4474760301.37 viol=1372748605.5236 obj=1377223365824.92 cand_obj=1377223365824.92 raw_improve=12439321934.453857 accepted=1 eta=11949462816.493916

[Run 07 Gen 37] rr[3/8] comp=3/8 size=488
[Run 07 Gen 37] fe+=256 fe=9472 cost=4491837684.93 viol=1364662096.1259 obj=1369153933810.81 cand_obj=1369153933810.81 raw_improve=8069432014.118408 accepted=1 eta=9108285765.800919

[Run 07 Gen 38] rr[4/8] comp=4/8 size=389
[Run 07 Gen 38] fe+=256 fe=9728 cost=4498063479.45 viol=1360442506.2001 obj=1364940569679.53 cand_obj=1364940569679.53 raw_improve=4213364131.279541 accepted=1 eta=6459370779.512398

[Run 07 Gen 39] rr[5/8] comp=5/8 size=246
[Run 07 Gen 39] fe+=256 fe=9984 cost=4506739712.33 viol=1360229893.5790 obj=1364736633291.30 cand_obj=1364736633291.30 raw_improve=203936388.223145 accepted=1 eta=2448019220.606432

[Run 07 Gen 40] rr[6/8] comp=6/8 size=226
[Run 07 Gen 40] fe+=256 fe=10240 cost=4513440589.04 viol=1352669510.2026 obj=1357182950791.60 cand_obj=1357182950791.60 raw_improve=7553682499.697998 accepted=1 eta=8171569766.867014

[Run 07 Gen 41] rr[7/8] comp=7/8 size=126
[Run 07 Gen 41] fe+=256 fe=10496 cost=4517316109.59 viol=1351053318.0068 obj=1355570634116.34 cand_obj=1355570634116.34 raw_improve=1612316675.262207 accepted=1 eta=3996195532.468030

[Run 07 Gen 42] rr[8/8] comp=8/8 size=48
[Run 07 Gen 42] fe+=256 fe=10752 cost=4513940643.84 viol=1351053318.0068 obj=1355567258650.59 cand_obj=1355567258650.59 raw_improve=3375465.753418 accepted=1 eta=1703165142.397516
[Run 07 Gen 43] reward_pool=4/8 threshold=7790134568.881388 eta_max=15580269137.762775

[Run 07 Gen 43] reward[1/4] comp=1/8 size=835
[Run 07 Gen 43] fe+=256 fe=11008 cost=4517991136.99 viol=1349432612.0597 obj=1353950603196.69 cand_obj=1353950603196.69 raw_improve=1616655453.904053 accepted=1 eta=6503920243.254606

[Run 07 Gen 44] reward[2/4] comp=2/8 size=556
[Run 07 Gen 44] fe+=256 fe=11264 cost=4517991136.99 viol=1349432612.0597 obj=1353950603196.69 cand_obj=1353950603196.69 raw_improve=0.000000 accepted=0 eta=4182311985.772870

[Run 07 Gen 45] reward[3/4] comp=3/8 size=488
[Run 07 Gen 45] fe+=256 fe=11520 cost=4508539876.71 viol=1348200013.1481 obj=1352708553024.81 cand_obj=1352708553024.81 raw_improve=1242050171.873779 accepted=1 eta=3995232629.748278

[Run 07 Gen 46] reward[4/4] comp=6/8 size=226
[Run 07 Gen 46] fe+=256 fe=11776 cost=4511440260.27 viol=1347776081.7290 obj=1352287521989.23 cand_obj=1352287521989.23 raw_improve=421031035.580322 accepted=1 eta=3133719591.530664

[Run 07 Gen 47] rr[1/8] comp=1/8 size=835
[Run 07 Gen 47] fe+=256 fe=12032 cost=4528092506.85 viol=1339347297.1365 obj=1343875389643.31 cand_obj=1343875389643.31 raw_improve=8412132345.924805 accepted=1 eta=7744258109.990234

[Run 07 Gen 48] rr[2/8] comp=2/8 size=556
[Run 07 Gen 48] fe+=256 fe=12288 cost=4528092506.85 viol=1339347297.1365 obj=1343875389643.31 cand_obj=1343875389643.31 raw_improve=0.000000 accepted=0 eta=1463809195.020504

[Run 07 Gen 49] rr[3/8] comp=3/8 size=488
[Run 07 Gen 49] fe+=256 fe=12544 cost=4545344808.22 viol=1333811107.6695 obj=1338356452477.75 cand_obj=1338356452477.75 raw_improve=5518937165.559570 accepted=1 eta=4985640578.025618

[Run 07 Gen 50] rr[4/8] comp=4/8 size=389
[Run 07 Gen 50] fe+=256 fe=12800 cost=4545344808.22 viol=1333811107.6695 obj=1338356452477.75 cand_obj=1338356452477.75 raw_improve=0.000000 accepted=0 eta=2260779772.829339
[Stop] reached max_outer_gen=50
[7/7] Write outputs
[Done] summary=/work/home/acn1eb8nfq/yuezhang46/UScode/US实验三：顺序模块/gcpcc_logs_US_CB/run_07_seed_1007/runs_summary.csv
