[RunConfig] run_id=18 seed=1018
[OutputDir] /work/home/acn1eb8nfq/yuezhang46/UScode/US实验三：顺序模块/gcpcc_logs_US_CB/run_18_seed_1018
[Data] nodes=4301
[1/7] Load scenarios
  2020: raw_edges=5296 days=366
  2025: raw_edges=5296 days=365
  2030: raw_edges=5296 days=365
  2035: raw_edges=5296 days=365
  2040: raw_edges=5296 days=366
[Filter] w_min=1.0
  active=2914 inactive=1387(fixed NONE)
  2020: removed=2048 kept=3248
  2025: removed=2048 kept=3248
  2030: removed=2048 kept=3248
  2035: removed=2048 kept=3248
  2040: removed=2048 kept=3248
  2020: filtered_edges=3248
  2025: filtered_edges=3248
  2030: filtered_edges=3248
  2035: filtered_edges=3248
  2040: filtered_edges=3248
[2/7] Spatial cut + fragment repair
  2020: K=7 top_sizes=[809, 550, 485, 424, 247, 229, 170] fragments=59
  2025: K=7 top_sizes=[810, 549, 487, 422, 247, 229, 170] fragments=59
  2030: K=7 top_sizes=[810, 549, 487, 422, 247, 229, 170] fragments=59
  2035: K=7 top_sizes=[833, 554, 488, 393, 247, 229, 170] fragments=70
  2040: K=7 top_sizes=[834, 554, 489, 392, 293, 226, 126] fragments=63
[3/7] Consensus cut (min_agree=5, cfg_min=None, cfg_ratio=0.9)
[ConsensusMerge] med=2 thr=30 merged=20
  components=8 min/med/max=48/317/835
  singleton_components=0
[4/7] Dependency graph + coloring
  color_groups=3 sizes=[3, 3, 2]
  serial_components=8
[5/7] Initialize plan
  init: cost=1860008301.37 viol=3099276900.3677 obj=3101136908669.04
[6/7] Outer iterations

[Run 18 Gen 1] rr[1/8] comp=1/8 size=835
[Run 18 Gen 1] fe+=256 fe=256 cost=2259161890.41 viol=2820668722.9838 obj=2822927884874.25 cand_obj=2822927884874.25 raw_improve=278209023794.786621 accepted=1 eta=180835865466.611298

[Run 18 Gen 2] rr[2/8] comp=2/8 size=556
[Run 18 Gen 2] fe+=256 fe=512 cost=2582580369.86 viol=2582729138.1833 obj=2585311718553.15 cand_obj=2585311718553.15 raw_improve=237616166321.102051 accepted=1 eta=154450508108.716339

[Run 18 Gen 3] rr[3/8] comp=3/8 size=488
[Run 18 Gen 3] fe+=256 fe=768 cost=2857917410.96 viol=2369417958.9447 obj=2372275876355.63 cand_obj=2372275876355.63 raw_improve=213035842197.520508 accepted=1 eta=138473297428.388336

[Run 18 Gen 4] rr[4/8] comp=4/8 size=389
[Run 18 Gen 4] fe+=256 fe=1024 cost=3138605219.18 viol=2186568395.9978 obj=2189707001216.99 cand_obj=2189707001216.99 raw_improve=182568875138.631592 accepted=1 eta=118669768840.110535

[Run 18 Gen 5] rr[5/8] comp=5/8 size=246
[Run 18 Gen 5] fe+=256 fe=1280 cost=3362685520.55 viol=2108526740.2705 obj=2111889425791.04 cand_obj=2111889425791.04 raw_improve=77817575425.951660 accepted=1 eta=50581424026.868584

[Run 18 Gen 6] rr[6/8] comp=6/8 size=226
[Run 18 Gen 6] fe+=256 fe=1536 cost=3531733287.67 viol=1971024487.3819 obj=1974556220669.61 cand_obj=1974556220669.61 raw_improve=137333205121.429688 accepted=1 eta=89266583328.929306

[Run 18 Gen 7] rr[7/8] comp=7/8 size=126
[Run 18 Gen 7] fe+=256 fe=1792 cost=3594216643.84 viol=1926689243.5509 obj=1930283460194.70 cand_obj=1930283460194.70 raw_improve=44272760474.915771 accepted=1 eta=28777294308.695251

[Run 18 Gen 8] rr[8/8] comp=8/8 size=48
[Run 18 Gen 8] fe+=256 fe=2048 cost=3657750164.38 viol=1876187027.0333 obj=1879844777197.70 cand_obj=1879844777197.70 raw_improve=50438682996.992676 accepted=1 eta=32785143948.045238
[Run 18 Gen 9] reward_pool=4/8 threshold=90417932733.305649 eta_max=180835865466.611298

[Run 18 Gen 9] reward[1/4] comp=1/8 size=835
[Run 18 Gen 9] fe+=256 fe=2304 cost=3776391136.99 viol=1784637487.8587 obj=1788413878995.65 cand_obj=1788413878995.65 raw_improve=91430898202.057373 accepted=1 eta=122722636744.651245

[Run 18 Gen 10] reward[2/4] comp=2/8 size=556
[Run 18 Gen 10] fe+=256 fe=2560 cost=3875429534.25 viol=1720869076.0612 obj=1724744505595.46 cand_obj=1724744505595.46 raw_improve=63669373400.186035 accepted=1 eta=95442770548.171631

[Run 18 Gen 11] reward[3/4] comp=3/8 size=488
[Run 18 Gen 11] fe+=256 fe=2816 cost=3961166068.49 viol=1657891245.8701 obj=1661852411938.58 cand_obj=1661852411938.58 raw_improve=62892093656.883301 accepted=1 eta=89345514976.910065

[Run 18 Gen 12] reward[4/4] comp=4/8 size=389
[Run 18 Gen 12] fe+=256 fe=3072 cost=4005647123.29 viol=1625844112.4271 obj=1629849759550.34 cand_obj=1629849759550.34 raw_improve=32002652388.238770 accepted=1 eta=62336143146.393883

[Run 18 Gen 13] rr[1/8] comp=1/8 size=835
[Run 18 Gen 13] fe+=256 fe=3328 cost=4068680534.25 viol=1601274956.8928 obj=1605343637427.10 cand_obj=1605343637427.10 raw_improve=24506122123.243408 accepted=1 eta=58881902240.736145

[Run 18 Gen 14] rr[2/8] comp=2/8 size=556
[Run 18 Gen 14] fe+=256 fe=3584 cost=4130138753.42 viol=1565806593.2763 obj=1569936732029.68 cand_obj=1569936732029.68 raw_improve=35406905397.411377 accepted=1 eta=56419458200.177460

[Run 18 Gen 15] rr[3/8] comp=3/8 size=488
[Run 18 Gen 15] fe+=256 fe=3840 cost=4171069369.86 viol=1543932227.7381 obj=1548103297107.97 cand_obj=1548103297107.97 raw_improve=21833434921.710693 accepted=1 eta=45462662941.030472

[Run 18 Gen 16] rr[4/8] comp=4/8 size=389
[Run 18 Gen 16] fe+=256 fe=4096 cost=4201073424.66 viol=1533606351.5682 obj=1537807424992.87 cand_obj=1537807424992.87 raw_improve=10295872115.104004 accepted=1 eta=28509966976.055462

[Run 18 Gen 17] rr[5/8] comp=5/8 size=246
[Run 18 Gen 17] fe+=256 fe=4352 cost=4282684438.36 viol=1529289095.3364 obj=1533571779774.74 cand_obj=1533571779774.74 raw_improve=4235645218.131104 accepted=1 eta=20456667801.189220

[Run 18 Gen 18] rr[6/8] comp=6/8 size=226
[Run 18 Gen 18] fe+=256 fe=4608 cost=4325590246.58 viol=1505128858.1295 obj=1509454448376.10 cand_obj=1509454448376.10 raw_improve=24117331398.641846 accepted=1 eta=46919569574.242455

[Run 18 Gen 19] rr[7/8] comp=7/8 size=126
[Run 18 Gen 19] fe+=256 fe=4864 cost=4341517410.96 viol=1496348304.3033 obj=1500689821714.28 cand_obj=1500689821714.28 raw_improve=8764626661.815674 accepted=1 eta=15769060338.223526

[Run 18 Gen 20] rr[8/8] comp=8/8 size=48
[Run 18 Gen 20] fe+=256 fe=5120 cost=4354819219.18 viol=1494796115.3329 obj=1499150934552.11 cand_obj=1499150934552.11 raw_improve=1538887162.170898 accepted=1 eta=12475077037.226915
[Run 18 Gen 21] reward_pool=4/8 threshold=29440951120.368073 eta_max=58881902240.736145

[Run 18 Gen 21] reward[1/4] comp=1/8 size=835
[Run 18 Gen 21] fe+=256 fe=5376 cost=4351518726.03 viol=1482282100.1283 obj=1486633618854.32 cand_obj=1486633618854.32 raw_improve=12517315697.788818 accepted=1 eta=28744920987.820381

[Run 18 Gen 22] reward[2/4] comp=2/8 size=556
[Run 18 Gen 22] fe+=256 fe=5632 cost=4364520479.45 viol=1466896042.1300 obj=1471260562609.46 cand_obj=1471260562609.46 raw_improve=15373056244.865234 accepted=1 eta=29739296929.224514

[Run 18 Gen 23] reward[3/4] comp=3/8 size=488
[Run 18 Gen 23] fe+=256 fe=5888 cost=4368596000.00 viol=1459720597.4467 obj=1464089193446.66 cand_obj=1464089193446.66 raw_improve=7171369162.791748 accepted=1 eta=20573321985.175301

[Run 18 Gen 24] reward[4/4] comp=6/8 size=226
[Run 18 Gen 24] fe+=256 fe=6144 cost=4370146164.38 viol=1451033786.2004 obj=1455403932364.81 cand_obj=1455403932364.81 raw_improve=8685261081.855225 accepted=1 eta=22067269054.190754

[Run 18 Gen 25] rr[1/8] comp=1/8 size=835
[Run 18 Gen 25] fe+=256 fe=6400 cost=4384148027.40 viol=1441405815.4520 obj=1445789963479.39 cand_obj=1445789963479.39 raw_improve=9613968885.419189 accepted=1 eta=16309802121.259605

[Run 18 Gen 26] rr[2/8] comp=2/8 size=556
[Run 18 Gen 26] fe+=256 fe=6656 cost=4384148027.40 viol=1441405815.4520 obj=1445789963479.39 cand_obj=1445789963479.39 raw_improve=0.000000 accepted=0 eta=10408753925.228579

[Run 18 Gen 27] rr[3/8] comp=3/8 size=488
[Run 18 Gen 27] fe+=256 fe=6912 cost=4430304273.97 viol=1419352186.7138 obj=1423782490987.73 cand_obj=1423782490987.73 raw_improve=22007472491.656982 accepted=1 eta=21505519814.388393

[Run 18 Gen 28] rr[4/8] comp=4/8 size=389
[Run 18 Gen 28] fe+=256 fe=7168 cost=4455557671.23 viol=1413731992.3563 obj=1418187550027.49 cand_obj=1418187550027.49 raw_improve=5594940960.239746 accepted=1 eta=13615200065.775246

[Run 18 Gen 29] rr[5/8] comp=5/8 size=246
[Run 18 Gen 29] fe+=256 fe=7424 cost=4456357835.62 viol=1412699253.6738 obj=1417155611509.40 cand_obj=1417155611509.40 raw_improve=1031938518.096191 accepted=1 eta=7830593767.178751

[Run 18 Gen 30] rr[6/8] comp=6/8 size=226
[Run 18 Gen 30] fe+=256 fe=7680 cost=4478360739.73 viol=1409187163.3246 obj=1413665524064.37 cand_obj=1413665524064.37 raw_improve=3490087445.030273 accepted=1 eta=9992101008.236441

[Run 18 Gen 31] rr[7/8] comp=7/8 size=126
[Run 18 Gen 31] fe+=256 fe=7936 cost=4482161232.88 viol=1407687734.8251 obj=1412169896058.02 cand_obj=1412169896058.02 raw_improve=1495628006.349609 accepted=1 eta=6491329322.505480

[Run 18 Gen 32] rr[8/8] comp=8/8 size=48
[Run 18 Gen 32] fe+=256 fe=8192 cost=4473435054.79 viol=1407645368.5931 obj=1412118803647.90 cand_obj=1412118803647.90 raw_improve=51092410.112305 accepted=1 eta=4399487029.602418
[Run 18 Gen 33] reward_pool=3/8 threshold=10752759907.194197 eta_max=21505519814.388393

[Run 18 Gen 33] reward[1/3] comp=1/8 size=835
[Run 18 Gen 33] fe+=256 fe=8448 cost=4469034506.85 viol=1399903381.1079 obj=1404372415614.77 cand_obj=1404372415614.77 raw_improve=7746388033.136719 accepted=1 eta=10743582963.979729

[Run 18 Gen 34] reward[2/3] comp=3/8 size=488
[Run 18 Gen 34] fe+=256 fe=8704 cost=4463883849.32 viol=1380975399.4463 obj=1385439283295.57 cand_obj=1385439283295.57 raw_improve=18933132319.194580 accepted=1 eta=19833467942.512413

[Run 18 Gen 35] reward[3/3] comp=4/8 size=389
[Run 18 Gen 35] fe+=256 fe=8960 cost=4469409589.04 viol=1377313568.2639 obj=1381782977852.96 cand_obj=1381782977852.96 raw_improve=3656305442.614502 accepted=1 eta=7141918560.720762

[Run 18 Gen 36] rr[1/8] comp=1/8 size=835
[Run 18 Gen 36] fe+=256 fe=9216 cost=4469409589.04 viol=1377313568.2639 obj=1381782977852.96 cand_obj=1381782977852.96 raw_improve=0.000000 accepted=0 eta=3760254037.392905

[Run 18 Gen 37] rr[2/8] comp=2/8 size=556
[Run 18 Gen 37] fe+=256 fe=9472 cost=4469409589.04 viol=1377313568.2639 obj=1381782977852.96 cand_obj=1381782977852.96 raw_improve=0.000000 accepted=0 eta=3643063873.830002

[Run 18 Gen 38] rr[3/8] comp=3/8 size=488
[Run 18 Gen 38] fe+=256 fe=9728 cost=4470084671.23 viol=1374892240.6295 obj=1379362325300.74 cand_obj=1379362325300.74 raw_improve=2420652552.218018 accepted=1 eta=8515137938.821055

[Run 18 Gen 39] rr[4/8] comp=4/8 size=389
[Run 18 Gen 39] fe+=256 fe=9984 cost=4480761123.29 viol=1374328172.8124 obj=1378808933935.71 cand_obj=1378808933935.71 raw_improve=553391365.034912 accepted=1 eta=2859375883.524959

[Run 18 Gen 40] rr[5/8] comp=5/8 size=246
[Run 18 Gen 40] fe+=256 fe=10240 cost=4483836534.25 viol=1374277510.3005 obj=1378761346834.77 cand_obj=1378761346834.77 raw_improve=47587100.940918 accepted=1 eta=2771639434.124159

[Run 18 Gen 41] rr[6/8] comp=6/8 size=226
[Run 18 Gen 41] fe+=256 fe=10496 cost=4487337027.40 viol=1370164636.7294 obj=1374651973756.85 cand_obj=1374651973756.85 raw_improve=4109373077.919434 accepted=1 eta=6168327853.530386

[Run 18 Gen 42] rr[7/8] comp=7/8 size=126
[Run 18 Gen 42] fe+=256 fe=10752 cost=4503964246.58 viol=1368238172.3087 obj=1372742136555.24 cand_obj=1372742136555.24 raw_improve=1909837201.601562 accepted=1 eta=3513359443.917933

[Run 18 Gen 43] rr[8/8] comp=8/8 size=48
[Run 18 Gen 43] fe+=256 fe=11008 cost=4501638945.21 viol=1368233022.6376 obj=1372734661582.80 cand_obj=1372734661582.80 raw_improve=7474972.439941 accepted=1 eta=1544679192.446808
[Run 18 Gen 44] reward_pool=2/8 threshold=4257568969.410528 eta_max=8515137938.821055

[Run 18 Gen 44] reward[1/2] comp=3/8 size=488
[Run 18 Gen 44] fe+=256 fe=11264 cost=4497488342.47 viol=1364260627.0342 obj=1368758115376.65 cand_obj=1368758115376.65 raw_improve=3976546206.150391 accepted=1 eta=5565053312.585123

[Run 18 Gen 45] reward[2/2] comp=6/8 size=226
[Run 18 Gen 45] fe+=256 fe=11520 cost=4497488342.47 viol=1364260627.0342 obj=1368758115376.65 cand_obj=1368758115376.65 raw_improve=0.000000 accepted=0 eta=2158914748.735635

[Run 18 Gen 46] rr[1/8] comp=1/8 size=835
[Run 18 Gen 46] fe+=256 fe=11776 cost=4478460684.93 viol=1356004480.9395 obj=1360482941624.43 cand_obj=1360482941624.43 raw_improve=8275173752.224609 accepted=1 eta=6694951852.033513

[Run 18 Gen 47] rr[2/8] comp=2/8 size=556
[Run 18 Gen 47] fe+=256 fe=12032 cost=4478460684.93 viol=1356004480.9395 obj=1360482941624.43 cand_obj=1360482941624.43 raw_improve=0.000000 accepted=0 eta=1275072355.840501

[Run 18 Gen 48] rr[3/8] comp=3/8 size=488
[Run 18 Gen 48] fe+=256 fe=12288 cost=4477435547.95 viol=1350591106.0835 obj=1355068541631.43 cand_obj=1355068541631.43 raw_improve=5414399992.996338 accepted=1 eta=5467128654.852413

[Run 18 Gen 49] rr[4/8] comp=4/8 size=389
[Run 18 Gen 49] fe+=256 fe=12544 cost=4490262273.97 viol=1348108834.4555 obj=1352599096729.46 cand_obj=1352599096729.46 raw_improve=2469444901.972656 accepted=1 eta=2605920745.515962

[Run 18 Gen 50] rr[5/8] comp=5/8 size=246
[Run 18 Gen 50] fe+=256 fe=12800 cost=4494062821.92 viol=1348058200.6267 obj=1352552263448.62 cand_obj=1352552263448.62 raw_improve=46833280.844971 accepted=1 eta=1000515434.492687
[Stop] reached max_outer_gen=50
[7/7] Write outputs
[Done] summary=/work/home/acn1eb8nfq/yuezhang46/UScode/US实验三：顺序模块/gcpcc_logs_US_CB/run_18_seed_1018/runs_summary.csv
