[RunConfig] run_id=6 seed=1006
[OutputDir] /work/home/acn1eb8nfq/yuezhang46/UScode/US实验三：顺序模块/gcpcc_logs_US_CB/run_06_seed_1006
[Data] nodes=4301
[1/7] Load scenarios
  2020: raw_edges=5296 days=366
  2025: raw_edges=5296 days=365
  2030: raw_edges=5296 days=365
  2035: raw_edges=5296 days=365
  2040: raw_edges=5296 days=366
[Filter] w_min=1.0
  active=2914 inactive=1387(fixed NONE)
  2020: removed=2048 kept=3248
  2025: removed=2048 kept=3248
  2030: removed=2048 kept=3248
  2035: removed=2048 kept=3248
  2040: removed=2048 kept=3248
  2020: filtered_edges=3248
  2025: filtered_edges=3248
  2030: filtered_edges=3248
  2035: filtered_edges=3248
  2040: filtered_edges=3248
[2/7] Spatial cut + fragment repair
  2020: K=7 top_sizes=[809, 550, 485, 424, 247, 229, 170] fragments=59
  2025: K=7 top_sizes=[810, 549, 487, 422, 247, 229, 170] fragments=59
  2030: K=7 top_sizes=[810, 549, 487, 422, 247, 229, 170] fragments=59
  2035: K=7 top_sizes=[833, 554, 488, 393, 247, 229, 170] fragments=70
  2040: K=7 top_sizes=[834, 554, 489, 392, 293, 226, 126] fragments=63
[3/7] Consensus cut (min_agree=5, cfg_min=None, cfg_ratio=0.9)
[ConsensusMerge] med=2 thr=30 merged=20
  components=8 min/med/max=48/317/835
  singleton_components=0
[4/7] Dependency graph + coloring
  color_groups=3 sizes=[3, 3, 2]
  serial_components=8
[5/7] Initialize plan
  init: cost=1824478232.88 viol=3106184756.1409 obj=3108009234373.79
[6/7] Outer iterations

[Run 06 Gen 1] rr[1/8] comp=1/8 size=835
[Run 06 Gen 1] fe+=256 fe=256 cost=2265687520.55 viol=2789809690.8050 obj=2792075378325.56 cand_obj=2792075378325.56 raw_improve=315933856048.226562 accepted=1 eta=205357006431.347260

[Run 06 Gen 2] rr[2/8] comp=2/8 size=556
[Run 06 Gen 2] fe+=256 fe=512 cost=2562352493.15 viol=2566849033.3497 obj=2569411385842.89 cand_obj=2569411385842.89 raw_improve=222663992482.675781 accepted=1 eta=144731595113.739258

[Run 06 Gen 3] rr[3/8] comp=3/8 size=488
[Run 06 Gen 3] fe+=256 fe=768 cost=2805010178.08 viol=2377692439.9989 obj=2380497450176.99 cand_obj=2380497450176.99 raw_improve=188913935665.902344 accepted=1 eta=122794058182.836533

[Run 06 Gen 4] rr[4/8] comp=4/8 size=389
[Run 06 Gen 4] fe+=256 fe=1024 cost=3124278219.18 viol=2189877157.5406 obj=2193001435759.73 cand_obj=2193001435759.73 raw_improve=187496014417.252197 accepted=1 eta=121872409371.213928

[Run 06 Gen 5] rr[5/8] comp=5/8 size=246
[Run 06 Gen 5] fe+=256 fe=1280 cost=3356709616.44 viol=2120001347.8921 obj=2123358057508.53 cand_obj=2123358057508.53 raw_improve=69643378251.203857 accepted=1 eta=45268195863.282509

[Run 06 Gen 6] rr[6/8] comp=6/8 size=226
[Run 06 Gen 6] fe+=256 fe=1536 cost=3526782520.55 viol=1994181573.7287 obj=1997708356249.26 cand_obj=1997708356249.26 raw_improve=125649701259.270508 accepted=1 eta=81672305818.525833

[Run 06 Gen 7] rr[7/8] comp=7/8 size=126
[Run 06 Gen 7] fe+=256 fe=1792 cost=3607718397.26 viol=1946512606.1817 obj=1950120324578.96 cand_obj=1950120324578.96 raw_improve=47588031670.297852 accepted=1 eta=30932220585.693604

[Run 06 Gen 8] rr[8/8] comp=8/8 size=48
[Run 06 Gen 8] fe+=256 fe=2048 cost=3659600383.56 viol=1894959175.3866 obj=1898618775770.16 cand_obj=1898618775770.16 raw_improve=51501548808.798828 accepted=1 eta=33476006725.719238
[Run 06 Gen 9] reward_pool=4/8 threshold=102678503215.673630 eta_max=205357006431.347260

[Run 06 Gen 9] reward[1/4] comp=1/8 size=835
[Run 06 Gen 9] fe+=256 fe=2304 cost=3773690698.63 viol=1812071927.1456 obj=1815845617844.18 cand_obj=1815845617844.18 raw_improve=82773157925.980469 accepted=1 eta=125677504902.858856

[Run 06 Gen 10] reward[2/4] comp=2/8 size=556
[Run 06 Gen 10] fe+=256 fe=2560 cost=3892131616.44 viol=1732453273.3218 obj=1736345404938.20 cand_obj=1736345404938.20 raw_improve=79500212905.981934 accepted=1 eta=102331196678.696991

[Run 06 Gen 11] reward[3/4] comp=3/8 size=488
[Run 06 Gen 11] fe+=256 fe=2816 cost=3964941369.86 viol=1687557093.0906 obj=1691522034460.47 cand_obj=1691522034460.47 raw_improve=44823370477.725830 accepted=1 eta=72113111174.514572

[Run 06 Gen 12] reward[4/4] comp=4/8 size=389
[Run 06 Gen 12] fe+=256 fe=3072 cost=4047552602.74 viol=1649969112.9738 obj=1654016665576.58 cand_obj=1654016665576.58 raw_improve=37505368883.894531 accepted=1 eta=67033833054.456314

[Run 06 Gen 13] rr[1/8] comp=1/8 size=835
[Run 06 Gen 13] fe+=256 fe=3328 cost=4085932890.41 viol=1618302387.1250 obj=1622388320015.37 cand_obj=1622388320015.37 raw_improve=31628345561.208496 accepted=1 eta=64545551330.786118

[Run 06 Gen 14] rr[2/8] comp=2/8 size=556
[Run 06 Gen 14] fe+=256 fe=3584 cost=4121212630.14 viol=1591827120.3112 obj=1595948332941.36 cand_obj=1595948332941.36 raw_improve=26439987074.014160 accepted=1 eta=53001910435.653152

[Run 06 Gen 15] rr[3/8] comp=3/8 size=488
[Run 06 Gen 15] fe+=256 fe=3840 cost=4145015863.01 viol=1568113543.3321 obj=1572258559195.13 cand_obj=1572258559195.13 raw_improve=23689773746.223145 accepted=1 eta=40637941846.125137

[Run 06 Gen 16] rr[4/8] comp=4/8 size=389
[Run 06 Gen 16] fe+=256 fe=4096 cost=4147541164.38 viol=1557514073.0365 obj=1561661614200.92 cand_obj=1561661614200.92 raw_improve=10596944994.210449 accepted=1 eta=30349855815.296501

[Run 06 Gen 17] rr[5/8] comp=5/8 size=246
[Run 06 Gen 17] fe+=256 fe=4352 cost=4148691383.56 viol=1555581136.4806 obj=1559729827864.20 cand_obj=1559729827864.20 raw_improve=1931786336.721924 accepted=1 eta=17099529671.018127

[Run 06 Gen 18] rr[6/8] comp=6/8 size=226
[Run 06 Gen 18] fe+=256 fe=4608 cost=4198973205.48 viol=1525727091.5570 obj=1529926064762.46 cand_obj=1529926064762.46 raw_improve=29803763101.743408 accepted=1 eta=47957753052.617256

[Run 06 Gen 19] rr[7/8] comp=7/8 size=126
[Run 06 Gen 19] fe+=256 fe=4864 cost=4238378520.55 viol=1518711804.2450 obj=1522950182765.53 cand_obj=1522950182765.53 raw_improve=6975881996.931152 accepted=1 eta=15360600502.998009

[Run 06 Gen 20] rr[8/8] comp=8/8 size=48
[Run 06 Gen 20] fe+=256 fe=5120 cost=4250955246.58 viol=1516712892.2593 obj=1520963847505.89 cand_obj=1520963847505.89 raw_improve=1986335259.642578 accepted=1 eta=13007720272.769407
[Run 06 Gen 21] reward_pool=4/8 threshold=32272775665.393059 eta_max=64545551330.786118

[Run 06 Gen 21] reward[1/4] comp=1/8 size=835
[Run 06 Gen 21] fe+=256 fe=5376 cost=4256505958.90 viol=1504481586.8305 obj=1508738092789.44 cand_obj=1508738092789.44 raw_improve=12225754716.446045 accepted=1 eta=30537683531.465069

[Run 06 Gen 22] reward[2/4] comp=2/8 size=556
[Run 06 Gen 22] fe+=256 fe=5632 cost=4274133397.26 viol=1487427034.9887 obj=1491701168386.00 cand_obj=1491701168386.00 raw_improve=17036924403.443848 accepted=1 eta=29624669514.717102

[Run 06 Gen 23] reward[3/4] comp=3/8 size=488
[Run 06 Gen 23] fe+=256 fe=5888 cost=4321714890.41 viol=1458745045.9271 obj=1463066760817.48 cand_obj=1463066760817.48 raw_improve=28634407568.519287 accepted=1 eta=32835644565.681335

[Run 06 Gen 24] reward[4/4] comp=6/8 size=226
[Run 06 Gen 24] fe+=256 fe=6144 cost=4348718506.85 viol=1444155656.7879 obj=1448504375294.78 cand_obj=1448504375294.78 raw_improve=14562385522.690918 accepted=1 eta=26250764158.165138

[Run 06 Gen 25] rr[1/8] comp=1/8 size=835
[Run 06 Gen 25] fe+=256 fe=6400 cost=4412852191.78 viol=1428208005.0360 obj=1432620857227.80 cand_obj=1432620857227.80 raw_improve=15883518066.983154 accepted=1 eta=21012475979.551826

[Run 06 Gen 26] rr[2/8] comp=2/8 size=556
[Run 06 Gen 26] fe+=256 fe=6656 cost=4427304164.38 viol=1415923866.6068 obj=1420351170771.14 cand_obj=1420351170771.14 raw_improve=12269686456.657227 accepted=1 eta=18343930526.978184

[Run 06 Gen 27] rr[3/8] comp=3/8 size=488
[Run 06 Gen 27] fe+=256 fe=6912 cost=4426654054.79 viol=1400868655.0142 obj=1405295309068.97 cand_obj=1405295309068.97 raw_improve=15055861702.179199 accepted=1 eta=21278785704.404945

[Run 06 Gen 28] rr[4/8] comp=4/8 size=389
[Run 06 Gen 28] fe+=256 fe=7168 cost=4451282369.86 viol=1394972812.7596 obj=1399424095129.44 cand_obj=1399424095129.44 raw_improve=5871213939.520996 accepted=1 eta=14438738596.042423

[Run 06 Gen 29] rr[5/8] comp=5/8 size=246
[Run 06 Gen 29] fe+=256 fe=7424 cost=4481136315.07 viol=1394573425.5455 obj=1399054561860.52 cand_obj=1399054561860.52 raw_improve=369533268.924561 accepted=1 eta=6225032009.657309

[Run 06 Gen 30] rr[6/8] comp=6/8 size=226
[Run 06 Gen 30] fe+=256 fe=7680 cost=4480736260.27 viol=1392146765.2028 obj=1396627501463.09 cand_obj=1396627501463.09 raw_improve=2427060397.433350 accepted=1 eta=10765356713.689474

[Run 06 Gen 31] rr[7/8] comp=7/8 size=126
[Run 06 Gen 31] fe+=256 fe=7936 cost=4486062000.00 viol=1390797396.9198 obj=1395283458919.82 cand_obj=1395283458919.82 raw_improve=1344042543.263916 accepted=1 eta=6249837829.170849

[Run 06 Gen 32] rr[8/8] comp=8/8 size=48
[Run 06 Gen 32] fe+=256 fe=8192 cost=4497013479.45 viol=1390018013.8145 obj=1394515027293.99 cand_obj=1394515027293.99 raw_improve=768431625.827881 accepted=1 eta=5052182652.257415
[Run 06 Gen 33] reward_pool=5/8 threshold=10639392852.202473 eta_max=21278785704.404945

[Run 06 Gen 33] reward[1/5] comp=1/8 size=835
[Run 06 Gen 33] fe+=256 fe=8448 cost=4506889821.92 viol=1389195516.3372 obj=1393702406159.07 cand_obj=1393702406159.07 raw_improve=812621134.924072 accepted=1 eta=7882570330.543786

[Run 06 Gen 34] reward[2/5] comp=2/8 size=556
[Run 06 Gen 34] fe+=256 fe=8704 cost=4521566767.12 viol=1388673829.7413 obj=1393195396508.38 cand_obj=1393195396508.38 raw_improve=507009650.694336 accepted=1 eta=6749931957.393682

[Run 06 Gen 35] reward[3/5] comp=3/8 size=488
[Run 06 Gen 35] fe+=256 fe=8960 cost=4521841794.52 viol=1385273521.8743 obj=1389795363668.86 cand_obj=1389795363668.86 raw_improve=3400032839.513184 accepted=1 eta=9657596342.225300

[Run 06 Gen 36] reward[4/5] comp=4/8 size=389
[Run 06 Gen 36] fe+=256 fe=9216 cost=4532143219.18 viol=1382750790.7588 obj=1387282933978.01 cand_obj=1387282933978.01 raw_improve=2512429690.852295 accepted=1 eta=6686637807.668840

[Run 06 Gen 37] reward[5/5] comp=6/8 size=226
[Run 06 Gen 37] fe+=256 fe=9472 cost=4537969013.70 viol=1373628874.8000 obj=1378166843813.69 cand_obj=1378166843813.69 raw_improve=9116090164.319092 accepted=1 eta=9693333456.598726

[Run 06 Gen 38] rr[1/8] comp=1/8 size=835
[Run 06 Gen 38] fe+=256 fe=9728 cost=4537493931.51 viol=1367821407.6604 obj=1372358901591.92 cand_obj=1372358901591.92 raw_improve=5807942221.774170 accepted=1 eta=6534062059.843535

[Run 06 Gen 39] rr[2/8] comp=2/8 size=556
[Run 06 Gen 39] fe+=256 fe=9984 cost=4534943602.74 viol=1355355005.6929 obj=1359889949295.63 cand_obj=1359889949295.63 raw_improve=12468952296.291260 accepted=1 eta=10467295177.677109

[Run 06 Gen 40] rr[3/8] comp=3/8 size=488
[Run 06 Gen 40] fe+=256 fe=10240 cost=4538194041.10 viol=1350326923.0648 obj=1354865117105.94 cand_obj=1354865117105.94 raw_improve=5024832189.683838 accepted=1 eta=6646299643.073349

[Run 06 Gen 41] rr[4/8] comp=4/8 size=389
[Run 06 Gen 41] fe+=256 fe=10496 cost=4538194041.10 viol=1350326923.0648 obj=1354865117105.94 cand_obj=1354865117105.94 raw_improve=0.000000 accepted=0 eta=2340323232.684094

[Run 06 Gen 42] rr[5/8] comp=5/8 size=246
[Run 06 Gen 42] fe+=256 fe=10752 cost=4561872246.58 viol=1349875514.5131 obj=1354437386759.66 cand_obj=1354437386759.66 raw_improve=427730346.280518 accepted=1 eta=2456785928.462394

[Run 06 Gen 43] rr[6/8] comp=6/8 size=226
[Run 06 Gen 43] fe+=256 fe=11008 cost=4559621917.81 viol=1347157453.9517 obj=1351717075869.46 cand_obj=1351717075869.46 raw_improve=2720310890.197021 accepted=1 eta=5160868788.437618

[Run 06 Gen 44] rr[7/8] comp=7/8 size=126
[Run 06 Gen 44] fe+=256 fe=11264 cost=4566122794.52 viol=1346482313.8458 obj=1351048436640.36 cand_obj=1351048436640.36 raw_improve=668639229.107910 accepted=1 eta=2622058739.129939

[Run 06 Gen 45] rr[8/8] comp=8/8 size=48
[Run 06 Gen 45] fe+=256 fe=11520 cost=4562422301.37 viol=1346443589.4807 obj=1351006011782.06 cand_obj=1351006011782.06 raw_improve=42424858.300781 accepted=1 eta=1795840086.185603
[Run 06 Gen 46] reward_pool=3/8 threshold=5233647588.838554 eta_max=10467295177.677109

[Run 06 Gen 46] reward[1/3] comp=1/8 size=835
[Run 06 Gen 46] fe+=256 fe=11776 cost=4580724767.12 viol=1341690610.8515 obj=1346271335618.63 cand_obj=1346271335618.63 raw_improve=4734676163.426514 accepted=1 eta=5364461227.172471

[Run 06 Gen 47] reward[2/3] comp=2/8 size=556
[Run 06 Gen 47] fe+=256 fe=12032 cost=4598427123.29 viol=1334994871.3301 obj=1339593298453.39 cand_obj=1339593298453.39 raw_improve=6678037165.235840 accepted=1 eta=8004277469.590284

[Run 06 Gen 48] reward[3/3] comp=3/8 size=488
[Run 06 Gen 48] fe+=256 fe=12288 cost=4604152863.01 viol=1328696411.9181 obj=1333300564781.08 cand_obj=1333300564781.08 raw_improve=6292733672.314209 accepted=1 eta=6416481762.079908

[Run 06 Gen 49] rr[1/8] comp=1/8 size=835
[Run 06 Gen 49] fe+=256 fe=12544 cost=4622505383.56 viol=1317153905.8515 obj=1321776411235.07 cand_obj=1321776411235.07 raw_improve=11524153546.011719 accepted=1 eta=9368261234.417982

[Run 06 Gen 50] rr[2/8] comp=2/8 size=556
[Run 06 Gen 50] fe+=256 fe=12800 cost=4622505383.56 viol=1317153905.8515 obj=1321776411235.07 cand_obj=1321776411235.07 raw_improve=0.000000 accepted=0 eta=2801497114.356599
[Stop] reached max_outer_gen=50
[7/7] Write outputs
[Done] summary=/work/home/acn1eb8nfq/yuezhang46/UScode/US实验三：顺序模块/gcpcc_logs_US_CB/run_06_seed_1006/runs_summary.csv
