[RunConfig] run_id=12 seed=1012
[OutputDir] /work/home/acn1eb8nfq/yuezhang46/UScode/US实验三：顺序模块/gcpcc_logs_US_CB/run_12_seed_1012
[Data] nodes=4301
[1/7] Load scenarios
  2020: raw_edges=5296 days=366
  2025: raw_edges=5296 days=365
  2030: raw_edges=5296 days=365
  2035: raw_edges=5296 days=365
  2040: raw_edges=5296 days=366
[Filter] w_min=1.0
  active=2914 inactive=1387(fixed NONE)
  2020: removed=2048 kept=3248
  2025: removed=2048 kept=3248
  2030: removed=2048 kept=3248
  2035: removed=2048 kept=3248
  2040: removed=2048 kept=3248
  2020: filtered_edges=3248
  2025: filtered_edges=3248
  2030: filtered_edges=3248
  2035: filtered_edges=3248
  2040: filtered_edges=3248
[2/7] Spatial cut + fragment repair
  2020: K=7 top_sizes=[809, 550, 485, 424, 247, 229, 170] fragments=59
  2025: K=7 top_sizes=[810, 549, 487, 422, 247, 229, 170] fragments=59
  2030: K=7 top_sizes=[810, 549, 487, 422, 247, 229, 170] fragments=59
  2035: K=7 top_sizes=[833, 554, 488, 393, 247, 229, 170] fragments=70
  2040: K=7 top_sizes=[834, 554, 489, 392, 293, 226, 126] fragments=63
[3/7] Consensus cut (min_agree=5, cfg_min=None, cfg_ratio=0.9)
[ConsensusMerge] med=2 thr=30 merged=20
  components=8 min/med/max=48/317/835
  singleton_components=0
[4/7] Dependency graph + coloring
  color_groups=3 sizes=[3, 3, 2]
  serial_components=8
[5/7] Initialize plan
  init: cost=1786073082.19 viol=3124970998.5347 obj=3126757071616.93
[6/7] Outer iterations

[Run 12 Gen 1] rr[1/8] comp=1/8 size=835
[Run 12 Gen 1] fe+=256 fe=256 cost=2259936972.60 viol=2789298251.8090 obj=2791558188781.56 cand_obj=2791558188781.56 raw_improve=335198882835.365723 accepted=1 eta=217879273842.987732

[Run 12 Gen 2] rr[2/8] comp=2/8 size=556
[Run 12 Gen 2] fe+=256 fe=512 cost=2646088917.81 viol=2515884929.6947 obj=2518531018612.52 cand_obj=2518531018612.52 raw_improve=273027170169.036133 accepted=1 eta=177467660609.873505

[Run 12 Gen 3] rr[3/8] comp=3/8 size=488
[Run 12 Gen 3] fe+=256 fe=768 cost=2934602630.14 viol=2273811484.5199 obj=2276746087149.99 cand_obj=2276746087149.99 raw_improve=241784931462.530762 accepted=1 eta=157160205450.644989

[Run 12 Gen 4] rr[4/8] comp=4/8 size=389
[Run 12 Gen 4] fe+=256 fe=1024 cost=3251345260.27 viol=2088219550.9246 obj=2091470896184.88 cand_obj=2091470896184.88 raw_improve=185275190965.116699 accepted=1 eta=120428874127.325851

[Run 12 Gen 5] rr[5/8] comp=5/8 size=246
[Run 12 Gen 5] fe+=256 fe=1280 cost=3469599821.92 viol=2023212353.3679 obj=2026681953189.79 cand_obj=2026681953189.79 raw_improve=64788942995.087891 accepted=1 eta=42112812946.807129

[Run 12 Gen 6] rr[6/8] comp=6/8 size=226
[Run 12 Gen 6] fe+=256 fe=1536 cost=3647898794.52 viol=1885151941.9989 obj=1888799840793.40 cand_obj=1888799840793.40 raw_improve=137882112396.386963 accepted=1 eta=89623373057.651535

[Run 12 Gen 7] rr[7/8] comp=7/8 size=126
[Run 12 Gen 7] fe+=256 fe=1792 cost=3735210575.34 viol=1829249693.1164 obj=1832984903691.72 cand_obj=1832984903691.72 raw_improve=55814937101.678467 accepted=1 eta=36279709116.091003

[Run 12 Gen 8] rr[8/8] comp=8/8 size=48
[Run 12 Gen 8] fe+=256 fe=2048 cost=3787267534.25 viol=1783051716.3448 obj=1786838983879.09 cand_obj=1786838983879.09 raw_improve=46145919812.635742 accepted=1 eta=29994847878.213234
[Run 12 Gen 9] reward_pool=4/8 threshold=108939636921.493866 eta_max=217879273842.987732

[Run 12 Gen 9] reward[1/4] comp=1/8 size=835
[Run 12 Gen 9] fe+=256 fe=2304 cost=3931486931.51 viol=1686137909.1491 obj=1690069396080.63 cand_obj=1690069396080.63 raw_improve=96769587798.452393 accepted=1 eta=139157977914.039764

[Run 12 Gen 10] reward[2/4] comp=2/8 size=556
[Run 12 Gen 10] fe+=256 fe=2560 cost=4013222972.60 viol=1633031468.3129 obj=1637044691285.54 cand_obj=1637044691285.54 raw_improve=53024704795.091064 accepted=1 eta=96579739330.264923

[Run 12 Gen 11] reward[3/4] comp=3/8 size=488
[Run 12 Gen 11] fe+=256 fe=2816 cost=4034875876.71 viol=1615203370.8012 obj=1619238246677.88 cand_obj=1619238246677.88 raw_improve=17806444607.662598 accepted=1 eta=66580260902.706436

[Run 12 Gen 12] reward[4/4] comp=4/8 size=389
[Run 12 Gen 12] fe+=256 fe=3072 cost=4111086232.88 viol=1582915453.2345 obj=1587026539467.40 cand_obj=1587026539467.40 raw_improve=32211707210.485107 accepted=1 eta=63087715631.379364

[Run 12 Gen 13] rr[1/8] comp=1/8 size=835
[Run 12 Gen 13] fe+=256 fe=3328 cost=4135814547.95 viol=1575330204.1617 obj=1579466018709.69 cand_obj=1579466018709.69 raw_improve=7560520757.701172 accepted=1 eta=53619630762.419678

[Run 12 Gen 14] rr[2/8] comp=2/8 size=556
[Run 12 Gen 14] fe+=256 fe=3584 cost=4169919095.89 viol=1556181650.2128 obj=1560351569308.71 cand_obj=1560351569308.71 raw_improve=19114449400.982178 accepted=1 eta=46227300876.231140

[Run 12 Gen 15] rr[3/8] comp=3/8 size=488
[Run 12 Gen 15] fe+=256 fe=3840 cost=4211849712.33 viol=1520555560.6976 obj=1524767410409.94 cand_obj=1524767410409.94 raw_improve=35584158898.771240 accepted=1 eta=46432794600.148560

[Run 12 Gen 16] rr[4/8] comp=4/8 size=389
[Run 12 Gen 16] fe+=256 fe=4096 cost=4209274410.96 viol=1515668342.5753 obj=1519877616986.28 cand_obj=1519877616986.28 raw_improve=4889793423.660645 accepted=1 eta=25259066196.362194

[Run 12 Gen 17] rr[5/8] comp=5/8 size=246
[Run 12 Gen 17] fe+=256 fe=4352 cost=4237553219.18 viol=1514106177.2270 obj=1518343730446.13 cand_obj=1518343730446.13 raw_improve=1533886540.151367 accepted=1 eta=15736510782.480883

[Run 12 Gen 18] rr[6/8] comp=6/8 size=226
[Run 12 Gen 18] fe+=256 fe=4608 cost=4280584054.79 viol=1478191716.2641 obj=1482472300318.87 cand_obj=1482472300318.87 raw_improve=35871430127.263672 accepted=1 eta=54684610152.899422

[Run 12 Gen 19] rr[7/8] comp=7/8 size=126
[Run 12 Gen 19] fe+=256 fe=4864 cost=4304862315.07 viol=1470287193.6217 obj=1474592055936.76 cand_obj=1474592055936.76 raw_improve=7880244382.103516 accepted=1 eta=17820057038.999138

[Run 12 Gen 20] rr[8/8] comp=8/8 size=48
[Run 12 Gen 20] fe+=256 fe=5120 cost=4313138438.36 viol=1467579669.3552 obj=1471892807793.56 cand_obj=1471892807793.56 raw_improve=2699248143.204590 accepted=1 eta=12252708050.457615
[Run 12 Gen 21] reward_pool=4/8 threshold=27342305076.449711 eta_max=54684610152.899422

[Run 12 Gen 21] reward[1/4] comp=1/8 size=835
[Run 12 Gen 21] fe+=256 fe=5376 cost=4342892383.56 viol=1434680993.3055 obj=1439023885689.10 cand_obj=1439023885689.10 raw_improve=32868922104.461670 accepted=1 eta=40131670134.746971

[Run 12 Gen 22] reward[2/4] comp=2/8 size=556
[Run 12 Gen 22] fe+=256 fe=5632 cost=4333091068.49 viol=1428620080.9395 obj=1432953172007.96 cand_obj=1432953172007.96 raw_improve=6070713681.138672 accepted=1 eta=20125519199.421036

[Run 12 Gen 23] reward[3/4] comp=3/8 size=488
[Run 12 Gen 23] fe+=256 fe=5888 cost=4339992000.00 viol=1426520353.9024 obj=1430860345902.36 cand_obj=1430860345902.36 raw_improve=2092826105.593262 accepted=1 eta=17611815078.687614

[Run 12 Gen 24] reward[4/4] comp=6/8 size=226
[Run 12 Gen 24] fe+=256 fe=6144 cost=4348968178.08 viol=1426289981.8622 obj=1430638950040.25 cand_obj=1430638950040.25 raw_improve=221395862.117920 accepted=1 eta=19283520863.891445

[Run 12 Gen 25] rr[1/8] comp=1/8 size=835
[Run 12 Gen 25] fe+=256 fe=6400 cost=4333491068.49 viol=1417659819.2809 obj=1421993310349.40 cand_obj=1421993310349.40 raw_improve=8645639690.849609 accepted=1 eta=19665750346.213684

[Run 12 Gen 26] rr[2/8] comp=2/8 size=556
[Run 12 Gen 26] fe+=256 fe=6656 cost=4373196438.36 viol=1403948558.4409 obj=1408321754879.21 cand_obj=1408321754879.21 raw_improve=13671555470.187012 accepted=1 eta=15930442775.418919

[Run 12 Gen 27] rr[3/8] comp=3/8 size=488
[Run 12 Gen 27] fe+=256 fe=6912 cost=4386973383.56 viol=1388466891.2585 obj=1392853864642.06 cand_obj=1392853864642.06 raw_improve=15467890237.144531 accepted=1 eta=16218263931.684610

[Run 12 Gen 28] rr[4/8] comp=4/8 size=389
[Run 12 Gen 28] fe+=256 fe=7168 cost=4386973383.56 viol=1388466891.2585 obj=1392853864642.06 cand_obj=1392853864642.06 raw_improve=0.000000 accepted=0 eta=8840673168.726767

[Run 12 Gen 29] rr[5/8] comp=5/8 size=246
[Run 12 Gen 29] fe+=256 fe=7424 cost=4417352520.55 viol=1387680962.1136 obj=1392098314634.10 cand_obj=1392098314634.10 raw_improve=755550007.959717 accepted=1 eta=5998886279.042125

[Run 12 Gen 30] rr[6/8] comp=6/8 size=226
[Run 12 Gen 30] fe+=256 fe=7680 cost=4416627438.36 viol=1385972868.2471 obj=1390389495685.43 cand_obj=1390389495685.43 raw_improve=1708818948.671631 accepted=1 eta=7859964618.998566

[Run 12 Gen 31] rr[7/8] comp=7/8 size=126
[Run 12 Gen 31] fe+=256 fe=7936 cost=4420277931.51 viol=1384086982.9986 obj=1388507260930.06 cand_obj=1388507260930.06 raw_improve=1882234755.369141 accepted=1 eta=7460472554.639640

[Run 12 Gen 32] rr[8/8] comp=8/8 size=48
[Run 12 Gen 32] fe+=256 fe=8192 cost=4419602849.32 viol=1383934922.3941 obj=1388354525243.45 cand_obj=1388354525243.45 raw_improve=152735686.611816 accepted=1 eta=4387726013.957846
[Run 12 Gen 33] reward_pool=3/8 threshold=9832875173.106842 eta_max=19665750346.213684

[Run 12 Gen 33] reward[1/3] comp=1/8 size=835
[Run 12 Gen 33] fe+=256 fe=8448 cost=4437930397.26 viol=1383899081.1311 obj=1388337011528.39 cand_obj=1388337011528.39 raw_improve=17513715.064697 accepted=1 eta=6894396535.966843

[Run 12 Gen 34] reward[2/3] comp=2/8 size=556
[Run 12 Gen 34] fe+=256 fe=8704 cost=4442356027.40 viol=1383362104.3569 obj=1387804460384.32 cand_obj=1387804460384.32 raw_improve=532551144.062744 accepted=1 eta=5921813215.037404

[Run 12 Gen 35] reward[3/3] comp=3/8 size=488
[Run 12 Gen 35] fe+=256 fe=8960 cost=4495588232.88 viol=1361463938.1690 obj=1365959526401.84 cand_obj=1365959526401.84 raw_improve=21844933982.480469 accepted=1 eta=19875599464.701920

[Run 12 Gen 36] rr[1/8] comp=1/8 size=835
[Run 12 Gen 36] fe+=256 fe=9216 cost=4495588232.88 viol=1361463938.1690 obj=1365959526401.84 cand_obj=1365959526401.84 raw_improve=0.000000 accepted=0 eta=2413038787.588395

[Run 12 Gen 37] rr[2/8] comp=2/8 size=556
[Run 12 Gen 37] fe+=256 fe=9472 cost=4485211835.62 viol=1356732216.1863 obj=1361217428021.94 cand_obj=1361217428021.94 raw_improve=4742098379.900635 accepted=1 eta=5154998572.198504

[Run 12 Gen 38] rr[3/8] comp=3/8 size=488
[Run 12 Gen 38] fe+=256 fe=9728 cost=4496438397.26 viol=1347232336.4296 obj=1351728774826.90 cand_obj=1351728774826.90 raw_improve=9488653195.046143 accepted=1 eta=13124084389.425665

[Run 12 Gen 39] rr[4/8] comp=4/8 size=389
[Run 12 Gen 39] fe+=256 fe=9984 cost=4515941027.40 viol=1343584251.4064 obj=1348100192433.75 cand_obj=1348100192433.75 raw_improve=3628582393.143066 accepted=1 eta=5452814164.597361

[Run 12 Gen 40] rr[5/8] comp=5/8 size=246
[Run 12 Gen 40] fe+=256 fe=10240 cost=4530392945.21 viol=1343449087.9571 obj=1347979480902.28 cand_obj=1347979480902.28 raw_improve=120711531.477783 accepted=1 eta=2178072693.125302

[Run 12 Gen 41] rr[6/8] comp=6/8 size=226
[Run 12 Gen 41] fe+=256 fe=10496 cost=4545219945.21 viol=1339561894.1371 obj=1344107114082.33 cand_obj=1344107114082.33 raw_improve=3872366819.950195 accepted=1 eta=5268026049.617125

[Run 12 Gen 42] rr[7/8] comp=7/8 size=126
[Run 12 Gen 42] fe+=256 fe=10752 cost=4549870602.74 viol=1338986674.7313 obj=1343536545334.06 cand_obj=1343536545334.06 raw_improve=570568748.265625 accepted=1 eta=2982035080.496530

[Run 12 Gen 43] rr[8/8] comp=8/8 size=48
[Run 12 Gen 43] fe+=256 fe=11008 cost=4549870602.74 viol=1338986674.7313 obj=1343536545334.06 cand_obj=1343536545334.06 raw_improve=0.000000 accepted=0 eta=1535704104.885246
[Run 12 Gen 44] reward_pool=1/8 threshold=6562042194.712832 eta_max=13124084389.425665

[Run 12 Gen 44] reward[1/1] comp=3/8 size=488
[Run 12 Gen 44] fe+=256 fe=11264 cost=4549970602.74 viol=1338034515.4208 obj=1342584486023.57 cand_obj=1342584486023.57 raw_improve=952059310.489990 accepted=1 eta=5212268088.117476

[Run 12 Gen 45] rr[1/8] comp=1/8 size=835
[Run 12 Gen 45] fe+=256 fe=11520 cost=4549970602.74 viol=1338034515.4208 obj=1342584486023.57 cand_obj=1342584486023.57 raw_improve=0.000000 accepted=0 eta=844563575.655938

[Run 12 Gen 46] rr[2/8] comp=2/8 size=556
[Run 12 Gen 46] fe+=256 fe=11776 cost=4546220109.59 viol=1334847288.2161 obj=1339393508325.64 cand_obj=1339393508325.64 raw_improve=3190977697.930664 accepted=1 eta=3878385003.924408

[Run 12 Gen 47] rr[3/8] comp=3/8 size=488
[Run 12 Gen 47] fe+=256 fe=12032 cost=4546220109.59 viol=1334847288.2161 obj=1339393508325.64 cand_obj=1339393508325.64 raw_improve=0.000000 accepted=0 eta=1824293830.841117

[Run 12 Gen 48] rr[4/8] comp=4/8 size=389
[Run 12 Gen 48] fe+=256 fe=12288 cost=4529392890.41 viol=1333355130.8941 obj=1337884523784.53 cand_obj=1337884523784.53 raw_improve=1508984541.108398 accepted=1 eta=2889324909.329535

[Run 12 Gen 49] rr[5/8] comp=5/8 size=246
[Run 12 Gen 49] fe+=256 fe=12544 cost=4525742397.26 viol=1333261038.2436 obj=1337786780640.90 cand_obj=1337786780640.90 raw_improve=97743143.630615 accepted=1 eta=825858485.953756

[Run 12 Gen 50] rr[6/8] comp=6/8 size=226
[Run 12 Gen 50] fe+=256 fe=12800 cost=4525742397.26 viol=1333261038.2436 obj=1337786780640.90 cand_obj=1337786780640.90 raw_improve=0.000000 accepted=0 eta=1843809117.365993
[Stop] reached max_outer_gen=50
[7/7] Write outputs
[Done] summary=/work/home/acn1eb8nfq/yuezhang46/UScode/US实验三：顺序模块/gcpcc_logs_US_CB/run_12_seed_1012/runs_summary.csv
