[RunConfig] run_id=13 seed=1013
[OutputDir] /work/home/acn1eb8nfq/yuezhang46/UScode/US实验三：顺序模块/gcpcc_logs_US_CB/run_13_seed_1013
[Data] nodes=4301
[1/7] Load scenarios
  2020: raw_edges=5296 days=366
  2025: raw_edges=5296 days=365
  2030: raw_edges=5296 days=365
  2035: raw_edges=5296 days=365
  2040: raw_edges=5296 days=366
[Filter] w_min=1.0
  active=2914 inactive=1387(fixed NONE)
  2020: removed=2048 kept=3248
  2025: removed=2048 kept=3248
  2030: removed=2048 kept=3248
  2035: removed=2048 kept=3248
  2040: removed=2048 kept=3248
  2020: filtered_edges=3248
  2025: filtered_edges=3248
  2030: filtered_edges=3248
  2035: filtered_edges=3248
  2040: filtered_edges=3248
[2/7] Spatial cut + fragment repair
  2020: K=7 top_sizes=[809, 550, 485, 424, 247, 229, 170] fragments=59
  2025: K=7 top_sizes=[810, 549, 487, 422, 247, 229, 170] fragments=59
  2030: K=7 top_sizes=[810, 549, 487, 422, 247, 229, 170] fragments=59
  2035: K=7 top_sizes=[833, 554, 488, 393, 247, 229, 170] fragments=70
  2040: K=7 top_sizes=[834, 554, 489, 392, 293, 226, 126] fragments=63
[3/7] Consensus cut (min_agree=5, cfg_min=None, cfg_ratio=0.9)
[ConsensusMerge] med=2 thr=30 merged=20
  components=8 min/med/max=48/317/835
  singleton_components=0
[4/7] Dependency graph + coloring
  color_groups=3 sizes=[3, 3, 2]
  serial_components=8
[5/7] Initialize plan
  init: cost=1819952821.92 viol=3099241143.9558 obj=3101061096777.68
[6/7] Outer iterations

[Run 13 Gen 1] rr[1/8] comp=1/8 size=835
[Run 13 Gen 1] fe+=256 fe=256 cost=2250635767.12 viol=2782121966.2612 obj=2784372602028.37 cand_obj=2784372602028.37 raw_improve=316688494749.312500 accepted=1 eta=205847521587.053131

[Run 13 Gen 2] rr[2/8] comp=2/8 size=556
[Run 13 Gen 2] fe+=256 fe=512 cost=2583705671.23 viol=2522115308.6512 obj=2524699014322.45 cand_obj=2524699014322.45 raw_improve=259673587705.918945 accepted=1 eta=168787832008.847321

[Run 13 Gen 3] rr[3/8] comp=3/8 size=488
[Run 13 Gen 3] fe+=256 fe=768 cost=2865493424.66 viol=2307094762.8326 obj=2309960256257.22 cand_obj=2309960256257.22 raw_improve=214738758065.226074 accepted=1 eta=139580192742.396942

[Run 13 Gen 4] rr[4/8] comp=4/8 size=389
[Run 13 Gen 4] fe+=256 fe=1024 cost=3146831232.88 viol=2126628058.1798 obj=2129774889412.66 cand_obj=2129774889412.66 raw_improve=180185366844.560303 accepted=1 eta=117120488448.964203

[Run 13 Gen 5] rr[5/8] comp=5/8 size=246
[Run 13 Gen 5] fe+=256 fe=1280 cost=3388688863.01 viol=2059373628.2220 obj=2062762317084.99 cand_obj=2062762317084.99 raw_improve=67012572327.676758 accepted=1 eta=43558172012.989891

[Run 13 Gen 6] rr[6/8] comp=6/8 size=226
[Run 13 Gen 6] fe+=256 fe=1536 cost=3539834219.18 viol=1933387549.7916 obj=1936927384010.83 cand_obj=1936927384010.83 raw_improve=125834933074.157227 accepted=1 eta=81792706498.202194

[Run 13 Gen 7] rr[7/8] comp=7/8 size=126
[Run 13 Gen 7] fe+=256 fe=1792 cost=3615169328.77 viol=1883338604.5805 obj=1886953773909.31 cand_obj=1886953773909.31 raw_improve=49973610101.521240 accepted=1 eta=32482846565.988808

[Run 13 Gen 8] rr[8/8] comp=8/8 size=48
[Run 13 Gen 8] fe+=256 fe=2048 cost=3666401205.48 viol=1832550532.1160 obj=1836216933321.52 cand_obj=1836216933321.52 raw_improve=50736840587.787842 accepted=1 eta=32978946382.062099
[Run 13 Gen 9] reward_pool=4/8 threshold=102923760793.526566 eta_max=205847521587.053131

[Run 13 Gen 9] reward[1/4] comp=1/8 size=835
[Run 13 Gen 9] fe+=256 fe=2304 cost=3802994534.25 viol=1745285176.6559 obj=1749088171190.13 cand_obj=1749088171190.13 raw_improve=87128762131.384033 accepted=1 eta=128680327940.868225

[Run 13 Gen 10] reward[2/4] comp=2/8 size=556
[Run 13 Gen 10] fe+=256 fe=2560 cost=3905308287.67 viol=1694412429.6592 obj=1698317737946.90 cand_obj=1698317737946.90 raw_improve=50770433243.238525 accepted=1 eta=92076522811.201599

[Run 13 Gen 11] reward[3/4] comp=3/8 size=488
[Run 13 Gen 11] fe+=256 fe=2816 cost=3969016890.41 viol=1636491725.9276 obj=1640460742818.01 cand_obj=1640460742818.01 raw_improve=57856995128.884033 accepted=1 eta=86460114293.613556

[Run 13 Gen 12] reward[4/4] comp=4/8 size=389
[Run 13 Gen 12] fe+=256 fe=3072 cost=4046152383.56 viol=1604374674.8956 obj=1608420827279.15 cand_obj=1608420827279.15 raw_improve=32039915538.866211 accepted=1 eta=61818116057.400505

[Run 13 Gen 13] rr[1/8] comp=1/8 size=835
[Run 13 Gen 13] fe+=256 fe=3328 cost=4089158191.78 viol=1569844726.1574 obj=1573933884349.15 cand_obj=1573933884349.15 raw_improve=34486942929.999268 accepted=1 eta=67454627683.803406

[Run 13 Gen 14] rr[2/8] comp=2/8 size=556
[Run 13 Gen 14] fe+=256 fe=3584 cost=4127938424.66 viol=1527786476.7980 obj=1531914415222.63 cand_obj=1531914415222.63 raw_improve=42019469126.513916 accepted=1 eta=59539437916.154602

[Run 13 Gen 15] rr[3/8] comp=3/8 size=488
[Run 13 Gen 15] fe+=256 fe=3840 cost=4164668383.56 viol=1495567582.1261 obj=1499732250509.70 cand_obj=1499732250509.70 raw_improve=32182164712.935303 accepted=1 eta=51179447066.172691

[Run 13 Gen 16] rr[4/8] comp=4/8 size=389
[Run 13 Gen 16] fe+=256 fe=4096 cost=4186796369.86 viol=1491138871.0580 obj=1495325667427.82 cand_obj=1495325667427.82 raw_improve=4406583081.874023 accepted=1 eta=24500619623.308292

[Run 13 Gen 17] rr[5/8] comp=5/8 size=246
[Run 13 Gen 17] fe+=256 fe=4352 cost=4210099547.95 viol=1488279805.5014 obj=1492489905049.31 cand_obj=1492489905049.31 raw_improve=2835762378.515381 accepted=1 eta=17088605750.581459

[Run 13 Gen 18] rr[6/8] comp=6/8 size=226
[Run 13 Gen 18] fe+=256 fe=4608 cost=4290560452.05 viol=1454046916.3641 obj=1458337476816.16 cand_obj=1458337476816.16 raw_improve=34152428233.152588 accepted=1 eta=50826525625.919952

[Run 13 Gen 19] rr[7/8] comp=7/8 size=126
[Run 13 Gen 19] fe+=256 fe=4864 cost=4306762643.84 viol=1445462917.7688 obj=1449769680412.62 cand_obj=1449769680412.62 raw_improve=8567796403.532959 accepted=1 eta=16938063960.392506

[Run 13 Gen 20] rr[8/8] comp=8/8 size=48
[Run 13 Gen 20] fe+=256 fe=5120 cost=4316013904.11 viol=1443001592.5847 obj=1447317606488.78 cand_obj=1447317606488.78 raw_improve=2452073923.845947 accepted=1 eta=13136479284.221601
[Run 13 Gen 21] reward_pool=4/8 threshold=33727313841.901703 eta_max=67454627683.803406

[Run 13 Gen 21] reward[1/4] comp=1/8 size=835
[Run 13 Gen 21] fe+=256 fe=5376 cost=4350968616.44 viol=1424355741.0140 obj=1428706709630.39 cand_obj=1428706709630.39 raw_improve=18610896858.387207 accepted=1 eta=35706202647.282875

[Run 13 Gen 22] reward[2/4] comp=2/8 size=556
[Run 13 Gen 22] fe+=256 fe=5632 cost=4395924643.84 viol=1409951133.9784 obj=1414347058622.27 cand_obj=1414347058622.27 raw_improve=14359651008.119629 accepted=1 eta=30172576425.931870

[Run 13 Gen 23] reward[3/4] comp=3/8 size=488
[Run 13 Gen 23] fe+=256 fe=5888 cost=4397924917.81 viol=1409115382.6876 obj=1413513307605.37 cand_obj=1413513307605.37 raw_improve=833751016.897217 accepted=1 eta=18454744634.143635

[Run 13 Gen 24] reward[4/4] comp=6/8 size=226
[Run 13 Gen 24] fe+=256 fe=6144 cost=4419152739.73 viol=1401897815.9989 obj=1406316968738.65 cand_obj=1406316968738.65 raw_improve=7196338866.726562 accepted=1 eta=22466904232.444248

[Run 13 Gen 25] rr[1/8] comp=1/8 size=835
[Run 13 Gen 25] fe+=256 fe=6400 cost=4417852520.55 viol=1388450880.7784 obj=1392868733298.95 cand_obj=1392868733298.95 raw_improve=13448235439.691406 accepted=1 eta=21238523962.348419

[Run 13 Gen 26] rr[2/8] comp=2/8 size=556
[Run 13 Gen 26] fe+=256 fe=6656 cost=4434579794.52 viol=1384680288.3620 obj=1389114868156.52 cand_obj=1389114868156.52 raw_improve=3753865142.437500 accepted=1 eta=13000414091.660528

[Run 13 Gen 27] rr[3/8] comp=3/8 size=488
[Run 13 Gen 27] fe+=256 fe=6912 cost=4441380726.03 viol=1373280515.9417 obj=1377721896667.76 cand_obj=1377721896667.76 raw_improve=11392971488.760010 accepted=1 eta=13864592089.644279

[Run 13 Gen 28] rr[4/8] comp=4/8 size=389
[Run 13 Gen 28] fe+=256 fe=7168 cost=4428929027.40 viol=1372439279.1191 obj=1376868208146.50 cand_obj=1376868208146.50 raw_improve=853688521.255371 accepted=1 eta=9130114406.973892

[Run 13 Gen 29] rr[5/8] comp=5/8 size=246
[Run 13 Gen 29] fe+=256 fe=7424 cost=4448081602.74 viol=1372141147.2671 obj=1376589228869.84 cand_obj=1376589228869.84 raw_improve=278979276.657227 accepted=1 eta=6162348542.530707

[Run 13 Gen 30] rr[6/8] comp=6/8 size=226
[Run 13 Gen 30] fe+=256 fe=7680 cost=4447456520.55 viol=1364662881.0052 obj=1369110337525.75 cand_obj=1369110337525.75 raw_improve=7478891344.091797 accepted=1 eta=12724695855.015154

[Run 13 Gen 31] rr[7/8] comp=7/8 size=126
[Run 13 Gen 31] fe+=256 fe=7936 cost=4459958219.18 viol=1363119934.5288 obj=1367579892747.94 cand_obj=1367579892747.94 raw_improve=1530444777.810059 accepted=1 eta=6923111491.713915

[Run 13 Gen 32] rr[8/8] comp=8/8 size=48
[Run 13 Gen 32] fe+=256 fe=8192 cost=4462583575.34 viol=1362142928.9118 obj=1366605512487.11 cand_obj=1366605512487.11 raw_improve=974380260.835205 accepted=1 eta=5231114919.020443
[Run 13 Gen 33] reward_pool=4/8 threshold=10619261981.174210 eta_max=21238523962.348419

[Run 13 Gen 33] reward[1/4] comp=1/8 size=835
[Run 13 Gen 33] fe+=256 fe=8448 cost=4462583575.34 viol=1362142928.9118 obj=1366605512487.11 cand_obj=1366605512487.11 raw_improve=0.000000 accepted=0 eta=7433483386.821946

[Run 13 Gen 34] reward[2/4] comp=2/8 size=556
[Run 13 Gen 34] fe+=256 fe=8704 cost=4441805753.42 viol=1354452878.1417 obj=1358894683895.09 cand_obj=1358894683895.09 raw_improve=7710828592.018066 accepted=1 eta=9562183516.892929

[Run 13 Gen 35] reward[3/4] comp=3/8 size=488
[Run 13 Gen 35] fe+=256 fe=8960 cost=4446606410.96 viol=1349706286.3117 obj=1354152892722.62 cand_obj=1354152892722.62 raw_improve=4741791172.465576 accepted=1 eta=7934771493.478123

[Run 13 Gen 36] reward[4/4] comp=6/8 size=226
[Run 13 Gen 36] fe+=256 fe=9216 cost=4450206904.11 viol=1348755474.6214 obj=1353205681525.47 cand_obj=1353205681525.47 raw_improve=947211197.149658 accepted=1 eta=5069330827.402581

[Run 13 Gen 37] rr[1/8] comp=1/8 size=835
[Run 13 Gen 37] fe+=256 fe=9472 cost=4430229246.58 viol=1348112232.8230 obj=1352542462069.55 cand_obj=1352542462069.55 raw_improve=663219455.919678 accepted=1 eta=3032811831.735472

[Run 13 Gen 38] rr[2/8] comp=2/8 size=556
[Run 13 Gen 38] fe+=256 fe=9728 cost=4433154657.53 viol=1345336741.0165 obj=1349769895673.99 cand_obj=1349769895673.99 raw_improve=2772566395.561768 accepted=1 eta=5148932388.027674

[Run 13 Gen 39] rr[3/8] comp=3/8 size=488
[Run 13 Gen 39] fe+=256 fe=9984 cost=4446106410.96 viol=1330820083.9481 obj=1335266190359.02 cand_obj=1335266190359.02 raw_improve=14503705314.975098 accepted=1 eta=12204578477.451157

[Run 13 Gen 40] rr[4/8] comp=4/8 size=389
[Run 13 Gen 40] fe+=256 fe=10240 cost=4433304712.33 viol=1327903752.5559 obj=1332337057268.26 cand_obj=1332337057268.26 raw_improve=2929133090.759521 accepted=1 eta=5099476551.434551

[Run 13 Gen 41] rr[5/8] comp=5/8 size=246
[Run 13 Gen 41] fe+=256 fe=10496 cost=4461308493.15 viol=1327760254.4759 obj=1332221562969.10 cand_obj=1332221562969.10 raw_improve=115494299.157959 accepted=1 eta=2231893284.338421

[Run 13 Gen 42] rr[6/8] comp=6/8 size=226
[Run 13 Gen 42] fe+=256 fe=10752 cost=4464233904.11 viol=1322576836.2636 obj=1327041070167.72 cand_obj=1327041070167.72 raw_improve=5180492801.381348 accepted=1 eta=5141586110.488779

[Run 13 Gen 43] rr[7/8] comp=7/8 size=126
[Run 13 Gen 43] fe+=256 fe=11008 cost=4476335547.95 viol=1321616018.3126 obj=1326092353860.55 cand_obj=1326092353860.55 raw_improve=948716307.164551 accepted=1 eta=3039754621.756828

[Run 13 Gen 44] rr[8/8] comp=8/8 size=48
[Run 13 Gen 44] fe+=256 fe=11264 cost=4481011178.08 viol=1321171108.4041 obj=1325652119582.19 cand_obj=1325652119582.19 raw_improve=440234278.363037 accepted=1 eta=2117042502.593129
[Run 13 Gen 45] reward_pool=1/8 threshold=6102289238.725578 eta_max=12204578477.451157

[Run 13 Gen 45] reward[1/1] comp=3/8 size=488
[Run 13 Gen 45] fe+=256 fe=11520 cost=4481011178.08 viol=1321171108.4041 obj=1325652119582.19 cand_obj=1325652119582.19 raw_improve=0.000000 accepted=0 eta=4271602467.107904

[Run 13 Gen 46] rr[1/8] comp=1/8 size=835
[Run 13 Gen 46] fe+=256 fe=11776 cost=4499588671.23 viol=1313031534.0087 obj=1317531122679.91 cand_obj=1317531122679.91 raw_improve=8120996902.279297 accepted=1 eta=6340132127.588959

[Run 13 Gen 47] rr[2/8] comp=2/8 size=556
[Run 13 Gen 47] fe+=256 fe=12032 cost=4499588671.23 viol=1313031534.0087 obj=1317531122679.91 cand_obj=1317531122679.91 raw_improve=0.000000 accepted=0 eta=1802126335.809686

[Run 13 Gen 48] rr[3/8] comp=3/8 size=488
[Run 13 Gen 48] fe+=256 fe=12288 cost=4499588671.23 viol=1313031534.0087 obj=1317531122679.91 cand_obj=1317531122679.91 raw_improve=0.000000 accepted=0 eta=1495060863.487767

[Run 13 Gen 49] rr[4/8] comp=4/8 size=389
[Run 13 Gen 49] fe+=256 fe=12544 cost=4499588671.23 viol=1313031534.0087 obj=1317531122679.91 cand_obj=1317531122679.91 raw_improve=0.000000 accepted=0 eta=1784816793.002093

[Run 13 Gen 50] rr[5/8] comp=5/8 size=246
[Run 13 Gen 50] fe+=256 fe=12800 cost=4491587630.14 viol=1313018897.1495 obj=1317510484779.63 cand_obj=1317510484779.63 raw_improve=20637900.285889 accepted=1 eta=794577284.704275
[Stop] reached max_outer_gen=50
[7/7] Write outputs
[Done] summary=/work/home/acn1eb8nfq/yuezhang46/UScode/US实验三：顺序模块/gcpcc_logs_US_CB/run_13_seed_1013/runs_summary.csv
