[RunConfig] run_id=20 seed=1020
[OutputDir] /work/home/acn1eb8nfq/yuezhang46/UScode/US实验三：顺序模块/gcpcc_logs_US_CB/run_20_seed_1020
[Data] nodes=4301
[1/7] Load scenarios
  2020: raw_edges=5296 days=366
  2025: raw_edges=5296 days=365
  2030: raw_edges=5296 days=365
  2035: raw_edges=5296 days=365
  2040: raw_edges=5296 days=366
[Filter] w_min=1.0
  active=2914 inactive=1387(fixed NONE)
  2020: removed=2048 kept=3248
  2025: removed=2048 kept=3248
  2030: removed=2048 kept=3248
  2035: removed=2048 kept=3248
  2040: removed=2048 kept=3248
  2020: filtered_edges=3248
  2025: filtered_edges=3248
  2030: filtered_edges=3248
  2035: filtered_edges=3248
  2040: filtered_edges=3248
[2/7] Spatial cut + fragment repair
  2020: K=7 top_sizes=[809, 550, 485, 424, 247, 229, 170] fragments=59
  2025: K=7 top_sizes=[810, 549, 487, 422, 247, 229, 170] fragments=59
  2030: K=7 top_sizes=[810, 549, 487, 422, 247, 229, 170] fragments=59
  2035: K=7 top_sizes=[833, 554, 488, 393, 247, 229, 170] fragments=70
  2040: K=7 top_sizes=[834, 554, 489, 392, 293, 226, 126] fragments=63
[3/7] Consensus cut (min_agree=5, cfg_min=None, cfg_ratio=0.9)
[ConsensusMerge] med=2 thr=30 merged=20
  components=8 min/med/max=48/317/835
  singleton_components=0
[4/7] Dependency graph + coloring
  color_groups=3 sizes=[3, 3, 2]
  serial_components=8
[5/7] Initialize plan
  init: cost=1783472589.04 viol=3136980306.8690 obj=3138763779458.02
[6/7] Outer iterations

[Run 20 Gen 1] rr[1/8] comp=1/8 size=835
[Run 20 Gen 1] fe+=256 fe=256 cost=2261686917.81 viol=2798211345.0399 obj=2800473031957.68 cand_obj=2800473031957.68 raw_improve=338290747500.344238 accepted=1 eta=219888985875.223755

[Run 20 Gen 2] rr[2/8] comp=2/8 size=556
[Run 20 Gen 2] fe+=256 fe=512 cost=2628986397.26 viol=2534101530.4050 obj=2536730516802.25 cand_obj=2536730516802.25 raw_improve=263742515155.426758 accepted=1 eta=171432634851.027405

[Run 20 Gen 3] rr[3/8] comp=3/8 size=488
[Run 20 Gen 3] fe+=256 fe=768 cost=2906573767.12 viol=2323169249.3481 obj=2326075823115.25 cand_obj=2326075823115.25 raw_improve=210654693687.003418 accepted=1 eta=136925550896.552231

[Run 20 Gen 4] rr[4/8] comp=4/8 size=389
[Run 20 Gen 4] fe+=256 fe=1024 cost=3191762123.29 viol=2136195054.5935 obj=2139386816716.81 cand_obj=2139386816716.81 raw_improve=186689006398.434082 accepted=1 eta=121347854158.982162

[Run 20 Gen 5] rr[5/8] comp=5/8 size=246
[Run 20 Gen 5] fe+=256 fe=1280 cost=3419017890.41 viol=2066541986.4348 obj=2069961004325.17 cand_obj=2069961004325.17 raw_improve=69425812391.644287 accepted=1 eta=45126778054.568787

[Run 20 Gen 6] rr[6/8] comp=6/8 size=226
[Run 20 Gen 6] fe+=256 fe=1536 cost=3571263301.37 viol=1936128213.1652 obj=1939699476466.53 cand_obj=1939699476466.53 raw_improve=130261527858.642090 accepted=1 eta=84669993108.117355

[Run 20 Gen 7] rr[7/8] comp=7/8 size=126
[Run 20 Gen 7] fe+=256 fe=1792 cost=3654099452.05 viol=1891929326.9525 obj=1895583426404.55 cand_obj=1895583426404.55 raw_improve=44116050061.975098 accepted=1 eta=28675432540.283813

[Run 20 Gen 8] rr[8/8] comp=8/8 size=48
[Run 20 Gen 8] fe+=256 fe=2048 cost=3710006958.90 viol=1841082378.0145 obj=1844792384973.41 cand_obj=1844792384973.41 raw_improve=50791041431.140869 accepted=1 eta=33014176930.241566
[Run 20 Gen 9] reward_pool=4/8 threshold=109944492937.611877 eta_max=219888985875.223755

[Run 20 Gen 9] reward[1/4] comp=1/8 size=835
[Run 20 Gen 9] fe+=256 fe=2304 cost=3805819890.41 viol=1769953436.9578 obj=1773759256848.17 cand_obj=1773759256848.17 raw_improve=71033128125.243164 accepted=1 eta=123132678337.736359

[Run 20 Gen 10] reward[2/4] comp=2/8 size=556
[Run 20 Gen 10] fe+=256 fe=2560 cost=3890581232.88 viol=1709503231.3764 obj=1713393812609.27 cand_obj=1713393812609.27 raw_improve=60365444238.895020 accepted=1 eta=99238960953.141357

[Run 20 Gen 11] reward[3/4] comp=3/8 size=488
[Run 20 Gen 11] fe+=256 fe=2816 cost=3983068698.63 viol=1626827607.3561 obj=1630810676054.77 cand_obj=1630810676054.77 raw_improve=82583136554.499756 accepted=1 eta=101602981574.218124

[Run 20 Gen 12] reward[4/4] comp=4/8 size=389
[Run 20 Gen 12] fe+=256 fe=3072 cost=4027624726.03 viol=1605892791.3811 obj=1609920416107.15 cand_obj=1609920416107.15 raw_improve=20890259947.624268 accepted=1 eta=56050417921.599525

[Run 20 Gen 13] rr[1/8] comp=1/8 size=835
[Run 20 Gen 13] fe+=256 fe=3328 cost=4068380260.27 viol=1572941935.2228 obj=1577010315483.07 cand_obj=1577010315483.07 raw_improve=32910100624.083008 accepted=1 eta=64488002823.861679

[Run 20 Gen 14] rr[2/8] comp=2/8 size=556
[Run 20 Gen 14] fe+=256 fe=3584 cost=4084357424.66 viol=1559051578.6496 obj=1563135936074.22 cand_obj=1563135936074.22 raw_improve=13874379408.846436 accepted=1 eta=43751982949.349655

[Run 20 Gen 15] rr[3/8] comp=3/8 size=488
[Run 20 Gen 15] fe+=256 fe=3840 cost=4121862520.55 viol=1528272744.6056 obj=1532394607126.14 cand_obj=1532394607126.14 raw_improve=30741328948.079834 accepted=1 eta=55542907367.228233

[Run 20 Gen 16] rr[4/8] comp=4/8 size=389
[Run 20 Gen 16] fe+=256 fe=4096 cost=4131688863.01 viol=1523894054.2024 obj=1528025743065.42 cand_obj=1528025743065.42 raw_improve=4368864060.714600 accepted=1 eta=22457407912.024323

[Run 20 Gen 17] rr[5/8] comp=5/8 size=246
[Run 20 Gen 17] fe+=256 fe=4352 cost=4208849219.18 viol=1521342769.2321 obj=1525551618451.30 cand_obj=1525551618451.30 raw_improve=2474124614.125488 accepted=1 eta=17402553318.280640

[Run 20 Gen 18] rr[6/8] comp=6/8 size=226
[Run 20 Gen 18] fe+=256 fe=4608 cost=4244904095.89 viol=1496617856.6963 obj=1500862760792.18 cand_obj=1500862760792.18 raw_improve=24688857659.116211 accepted=1 eta=45682255066.266609

[Run 20 Gen 19] rr[7/8] comp=7/8 size=126
[Run 20 Gen 19] fe+=256 fe=4864 cost=4263106561.64 viol=1487189744.1349 obj=1491452850696.54 cand_obj=1491452850696.54 raw_improve=9409910095.646484 accepted=1 eta=16152842951.269550

[Run 20 Gen 20] rr[8/8] comp=8/8 size=48
[Run 20 Gen 20] fe+=256 fe=5120 cost=4275908315.07 viol=1484647859.9755 obj=1488923768290.59 cand_obj=1488923768290.59 raw_improve=2529082405.945801 accepted=1 eta=13198865489.449318
[Run 20 Gen 21] reward_pool=4/8 threshold=32244001411.930840 eta_max=64488002823.861679

[Run 20 Gen 21] reward[1/4] comp=1/8 size=835
[Run 20 Gen 21] fe+=256 fe=5376 cost=4307512589.04 viol=1471640442.7870 obj=1475947955376.09 cand_obj=1475947955376.09 raw_improve=12975812914.503662 accepted=1 eta=31005079382.778965

[Run 20 Gen 22] reward[2/4] comp=2/8 size=556
[Run 20 Gen 22] fe+=256 fe=5632 cost=4322214561.64 viol=1462111973.5417 obj=1466434188103.30 cand_obj=1466434188103.30 raw_improve=9513767272.790039 accepted=1 eta=21497142759.585903

[Run 20 Gen 23] reward[3/4] comp=3/8 size=488
[Run 20 Gen 23] fe+=256 fe=5888 cost=4329140465.75 viol=1453467211.6599 obj=1457796352125.61 cand_obj=1457796352125.61 raw_improve=8637835977.687256 accepted=1 eta=25054610964.026596

[Run 20 Gen 24] reward[4/4] comp=6/8 size=226
[Run 20 Gen 24] fe+=256 fe=6144 cost=4345792712.33 viol=1433728762.0776 obj=1438074554789.97 cand_obj=1438074554789.97 raw_improve=19721797335.640869 accepted=1 eta=28807957541.359879

[Run 20 Gen 25] rr[1/8] comp=1/8 size=835
[Run 20 Gen 25] fe+=256 fe=6400 cost=4386248191.78 viol=1406452556.2904 obj=1410838804482.17 cand_obj=1410838804482.17 raw_improve=27235750307.794189 accepted=1 eta=28555015484.038860

[Run 20 Gen 26] rr[2/8] comp=2/8 size=556
[Run 20 Gen 26] fe+=256 fe=6656 cost=4384873054.79 viol=1398960548.1835 obj=1403345421238.25 cand_obj=1403345421238.25 raw_improve=7493383243.923584 accepted=1 eta=12394699074.405396

[Run 20 Gen 27] rr[3/8] comp=3/8 size=488
[Run 20 Gen 27] fe+=256 fe=6912 cost=4383572835.62 viol=1398238729.4843 obj=1402622302319.95 cand_obj=1402622302319.95 raw_improve=723118918.298340 accepted=1 eta=9239141134.303228

[Run 20 Gen 28] rr[4/8] comp=4/8 size=389
[Run 20 Gen 28] fe+=256 fe=7168 cost=4406475904.11 viol=1389183173.8851 obj=1393589649789.25 cand_obj=1393589649789.25 raw_improve=9032652530.706787 accepted=1 eta=13731316914.167923

[Run 20 Gen 29] rr[5/8] comp=5/8 size=246
[Run 20 Gen 29] fe+=256 fe=7424 cost=4386498246.58 viol=1388948411.9413 obj=1393334910187.83 cand_obj=1393334910187.83 raw_improve=254739601.414062 accepted=1 eta=6256474402.317365

[Run 20 Gen 30] rr[6/8] comp=6/8 size=226
[Run 20 Gen 30] fe+=256 fe=7680 cost=4402850438.36 viol=1385305270.0019 obj=1389708120440.29 cand_obj=1389708120440.29 raw_improve=3626789747.539551 accepted=1 eta=12440198475.376663

[Run 20 Gen 31] rr[7/8] comp=7/8 size=126
[Run 20 Gen 31] fe+=256 fe=7936 cost=4409801369.86 viol=1383062390.3223 obj=1387472191692.19 cand_obj=1387472191692.19 raw_improve=2235928748.103271 accepted=1 eta=7106848719.211470

[Run 20 Gen 32] rr[8/8] comp=8/8 size=48
[Run 20 Gen 32] fe+=256 fe=8192 cost=4411126561.64 viol=1382742530.3357 obj=1387153656897.36 cand_obj=1387153656897.36 raw_improve=318534794.828857 accepted=1 eta=4826650537.946018
[Run 20 Gen 33] reward_pool=1/8 threshold=14277507742.019430 eta_max=28555015484.038860

[Run 20 Gen 33] reward[1/1] comp=1/8 size=835
[Run 20 Gen 33] fe+=256 fe=8448 cost=4429654054.79 viol=1373154358.3769 obj=1377584012431.68 cand_obj=1377584012431.68 raw_improve=9569644465.679688 accepted=1 eta=16214524322.105398

[Run 20 Gen 34] rr[1/8] comp=1/8 size=835
[Run 20 Gen 34] fe+=256 fe=8704 cost=4418902630.14 viol=1371466358.9064 obj=1375885261536.56 cand_obj=1375885261536.56 raw_improve=1698750895.117432 accepted=1 eta=6779271594.563219

[Run 20 Gen 35] rr[2/8] comp=2/8 size=556
[Run 20 Gen 35] fe+=256 fe=8960 cost=4432054383.56 viol=1369059188.8358 obj=1373491243219.39 cand_obj=1373491243219.39 raw_improve=2394018317.175537 accepted=1 eta=5894256582.205988

[Run 20 Gen 36] rr[3/8] comp=3/8 size=488
[Run 20 Gen 36] fe+=256 fe=9216 cost=4446531328.77 viol=1359801723.1443 obj=1364248254473.09 cand_obj=1364248254473.09 raw_improve=9242988746.295410 accepted=1 eta=9241642082.098146

[Run 20 Gen 37] rr[4/8] comp=4/8 size=389
[Run 20 Gen 37] fe+=256 fe=9472 cost=4446531328.77 viol=1359801723.1443 obj=1364248254473.09 cand_obj=1364248254473.09 raw_improve=0.000000 accepted=0 eta=4805960919.958773

[Run 20 Gen 38] rr[5/8] comp=5/8 size=246
[Run 20 Gen 38] fe+=256 fe=9728 cost=4451882041.10 viol=1359720014.3440 obj=1364171896385.11 cand_obj=1364171896385.11 raw_improve=76358087.980713 accepted=1 eta=2239398797.998541

[Run 20 Gen 39] rr[6/8] comp=6/8 size=226
[Run 20 Gen 39] fe+=256 fe=9984 cost=4454707452.05 viol=1355672028.0173 obj=1360126735469.35 cand_obj=1360126735469.35 raw_improve=4045160915.760986 accepted=1 eta=6983424061.626473

[Run 20 Gen 40] rr[7/8] comp=7/8 size=126
[Run 20 Gen 40] fe+=256 fe=10240 cost=4457282808.22 viol=1354807843.3812 obj=1359265126189.37 cand_obj=1359265126189.37 raw_improve=861609279.975830 accepted=1 eta=3047443083.708304

[Run 20 Gen 41] rr[8/8] comp=8/8 size=48
[Run 20 Gen 41] fe+=256 fe=10496 cost=4457182808.22 viol=1354770617.7116 obj=1359227800519.80 cand_obj=1359227800519.80 raw_improve=37325669.570312 accepted=1 eta=1713589373.501809
[Run 20 Gen 42] reward_pool=5/8 threshold=4620821041.049073 eta_max=9241642082.098146

[Run 20 Gen 42] reward[1/5] comp=1/8 size=835
[Run 20 Gen 42] fe+=256 fe=10752 cost=4464133794.52 viol=1350301959.6202 obj=1354766093414.72 cand_obj=1354766093414.72 raw_improve=4461707105.082275 accepted=1 eta=5272854676.400606

[Run 20 Gen 43] reward[2/5] comp=2/8 size=556
[Run 20 Gen 43] fe+=256 fe=11008 cost=4465058931.51 viol=1346148686.6710 obj=1350613745602.54 cand_obj=1350613745602.54 raw_improve=4152347812.183594 accepted=1 eta=4762015881.691431

[Run 20 Gen 44] reward[3/5] comp=3/8 size=488
[Run 20 Gen 44] fe+=256 fe=11264 cost=4460983356.16 viol=1343380971.4527 obj=1347841954808.86 cand_obj=1347841954808.86 raw_improve=2771790793.682129 accepted=1 eta=5036238744.627735

[Run 20 Gen 45] reward[4/5] comp=4/8 size=389
[Run 20 Gen 45] fe+=256 fe=11520 cost=4488537136.99 viol=1341687612.4195 obj=1346176149556.48 cand_obj=1346176149556.48 raw_improve=1665805252.378418 accepted=1 eta=2764859736.031542

[Run 20 Gen 46] reward[5/5] comp=6/8 size=226
[Run 20 Gen 46] fe+=256 fe=11776 cost=4488537136.99 viol=1341687612.4195 obj=1346176149556.48 cand_obj=1346176149556.48 raw_improve=0.000000 accepted=0 eta=2444198421.569265

[Run 20 Gen 47] rr[1/8] comp=1/8 size=835
[Run 20 Gen 47] fe+=256 fe=12032 cost=4488537136.99 viol=1341687612.4195 obj=1346176149556.48 cand_obj=1346176149556.48 raw_improve=0.000000 accepted=0 eta=1845499136.740212

[Run 20 Gen 48] rr[2/8] comp=2/8 size=556
[Run 20 Gen 48] fe+=256 fe=12288 cost=4488612164.38 viol=1337196952.8635 obj=1341685565027.91 cand_obj=1341685565027.91 raw_improve=4490584528.572754 accepted=1 eta=4585585502.164290

[Run 20 Gen 49] rr[3/8] comp=3/8 size=488
[Run 20 Gen 49] fe+=256 fe=12544 cost=4488612164.38 viol=1337196952.8635 obj=1341685565027.91 cand_obj=1341685565027.91 raw_improve=0.000000 accepted=0 eta=1762683560.619707

[Run 20 Gen 50] rr[4/8] comp=4/8 size=389
[Run 20 Gen 50] fe+=256 fe=12800 cost=4488612164.38 viol=1337196952.8635 obj=1341685565027.91 cand_obj=1341685565027.91 raw_improve=0.000000 accepted=0 eta=967700907.611040
[Stop] reached max_outer_gen=50
[7/7] Write outputs
[Done] summary=/work/home/acn1eb8nfq/yuezhang46/UScode/US实验三：顺序模块/gcpcc_logs_US_CB/run_20_seed_1020/runs_summary.csv
