[RunConfig] run_id=11 seed=1011
[OutputDir] /work/home/acn1eb8nfq/yuezhang46/UScode/US实验三：顺序模块/gcpcc_logs_US_CB/run_11_seed_1011
[Data] nodes=4301
[1/7] Load scenarios
  2020: raw_edges=5296 days=366
  2025: raw_edges=5296 days=365
  2030: raw_edges=5296 days=365
  2035: raw_edges=5296 days=365
  2040: raw_edges=5296 days=366
[Filter] w_min=1.0
  active=2914 inactive=1387(fixed NONE)
  2020: removed=2048 kept=3248
  2025: removed=2048 kept=3248
  2030: removed=2048 kept=3248
  2035: removed=2048 kept=3248
  2040: removed=2048 kept=3248
  2020: filtered_edges=3248
  2025: filtered_edges=3248
  2030: filtered_edges=3248
  2035: filtered_edges=3248
  2040: filtered_edges=3248
[2/7] Spatial cut + fragment repair
  2020: K=7 top_sizes=[809, 550, 485, 424, 247, 229, 170] fragments=59
  2025: K=7 top_sizes=[810, 549, 487, 422, 247, 229, 170] fragments=59
  2030: K=7 top_sizes=[810, 549, 487, 422, 247, 229, 170] fragments=59
  2035: K=7 top_sizes=[833, 554, 488, 393, 247, 229, 170] fragments=70
  2040: K=7 top_sizes=[834, 554, 489, 392, 293, 226, 126] fragments=63
[3/7] Consensus cut (min_agree=5, cfg_min=None, cfg_ratio=0.9)
[ConsensusMerge] med=2 thr=30 merged=20
  components=8 min/med/max=48/317/835
  singleton_components=0
[4/7] Dependency graph + coloring
  color_groups=3 sizes=[3, 3, 2]
  serial_components=8
[5/7] Initialize plan
  init: cost=1787648383.56 viol=3121507304.2245 obj=3123294952608.06
[6/7] Outer iterations

[Run 11 Gen 1] rr[1/8] comp=1/8 size=835
[Run 11 Gen 1] fe+=256 fe=256 cost=2323070438.36 viol=2756952490.3855 obj=2759275560823.87 cand_obj=2759275560823.87 raw_improve=364019391784.192383 accepted=1 eta=236612604659.725067

[Run 11 Gen 2] rr[2/8] comp=2/8 size=556
[Run 11 Gen 2] fe+=256 fe=512 cost=2690194835.62 viol=2494047481.3881 obj=2496737676223.72 cand_obj=2496737676223.72 raw_improve=262537884600.150391 accepted=1 eta=170649624990.097748

[Run 11 Gen 3] rr[3/8] comp=3/8 size=488
[Run 11 Gen 3] fe+=256 fe=768 cost=2961631273.97 viol=2277670317.3646 obj=2280631948638.59 cand_obj=2280631948638.59 raw_improve=216105727585.125488 accepted=1 eta=140468722930.331573

[Run 11 Gen 4] rr[4/8] comp=4/8 size=389
[Run 11 Gen 4] fe+=256 fe=1024 cost=3261046575.34 viol=2095023533.4387 obj=2098284580014.09 cand_obj=2098284580014.09 raw_improve=182347368624.500977 accepted=1 eta=118525789605.925644

[Run 11 Gen 5] rr[5/8] comp=5/8 size=246
[Run 11 Gen 5] fe+=256 fe=1280 cost=3502079123.29 viol=2022398074.7367 obj=2025900153859.97 cand_obj=2025900153859.97 raw_improve=72384426154.125000 accepted=1 eta=47049877000.181252

[Run 11 Gen 6] rr[6/8] comp=6/8 size=226
[Run 11 Gen 6] fe+=256 fe=1536 cost=3646348465.75 viol=1907262363.0276 obj=1910908711493.36 cand_obj=1910908711493.36 raw_improve=114991442366.605713 accepted=1 eta=74744437538.293716

[Run 11 Gen 7] rr[7/8] comp=7/8 size=126
[Run 11 Gen 7] fe+=256 fe=1792 cost=3726759260.27 viol=1843264572.0563 obj=1846991331316.58 cand_obj=1846991331316.58 raw_improve=63917380176.779785 accepted=1 eta=41546297114.906860

[Run 11 Gen 8] rr[8/8] comp=8/8 size=48
[Run 11 Gen 8] fe+=256 fe=2048 cost=3794368356.16 viol=1787115145.9849 obj=1790909514341.11 cand_obj=1790909514341.11 raw_improve=56081816975.469482 accepted=1 eta=36453181034.055168
[Run 11 Gen 9] reward_pool=4/8 threshold=118306302329.862534 eta_max=236612604659.725067

[Run 11 Gen 9] reward[1/4] comp=1/8 size=835
[Run 11 Gen 9] fe+=256 fe=2304 cost=3850775917.81 viol=1738766499.0323 obj=1742617274950.14 cand_obj=1742617274950.14 raw_improve=48292239390.973145 accepted=1 eta=114204367235.036316

[Run 11 Gen 10] reward[2/4] comp=2/8 size=556
[Run 11 Gen 10] fe+=256 fe=2560 cost=3939412890.41 viol=1676234477.9460 obj=1680173890836.44 cand_obj=1680173890836.44 raw_improve=62443384113.697021 accepted=1 eta=100315568420.437286

[Run 11 Gen 11] reward[3/4] comp=3/8 size=488
[Run 11 Gen 11] fe+=256 fe=2816 cost=3996645589.04 viol=1629051817.5338 obj=1633048463122.82 cand_obj=1633048463122.82 raw_improve=47125427713.622803 accepted=1 eta=79795581039.470871

[Run 11 Gen 12] reward[4/4] comp=4/8 size=389
[Run 11 Gen 12] fe+=256 fe=3072 cost=4057728890.41 viol=1599163999.7471 obj=1603221728637.53 cand_obj=1603221728637.53 raw_improve=29826734485.292725 accepted=1 eta=60871403777.514252

[Run 11 Gen 13] rr[1/8] comp=1/8 size=835
[Run 11 Gen 13] fe+=256 fe=3328 cost=4110410931.51 viol=1556763551.4822 obj=1560873962413.72 cand_obj=1560873962413.72 raw_improve=42347766223.807373 accepted=1 eta=67497576577.737503

[Run 11 Gen 14] rr[2/8] comp=2/8 size=556
[Run 11 Gen 14] fe+=256 fe=3584 cost=4119212136.99 viol=1546077413.5662 obj=1550196625703.20 cand_obj=1550196625703.20 raw_improve=10677336710.518555 accepted=1 eta=42050717808.990105

[Run 11 Gen 15] rr[3/8] comp=3/8 size=488
[Run 11 Gen 15] fe+=256 fe=3840 cost=4154041876.71 viol=1509549984.9764 obj=1513704026853.12 cand_obj=1513704026853.12 raw_improve=36492598850.083740 accepted=1 eta=51648642616.369232

[Run 11 Gen 16] rr[4/8] comp=4/8 size=389
[Run 11 Gen 16] fe+=256 fe=4096 cost=4157942369.86 viol=1505406382.4471 obj=1509564324816.98 cand_obj=1509564324816.98 raw_improve=4139702036.139404 accepted=1 eta=23995797645.620598

[Run 11 Gen 17] rr[5/8] comp=5/8 size=246
[Run 11 Gen 17] fe+=256 fe=4352 cost=4190271780.82 viol=1502032333.2216 obj=1506222605002.42 cand_obj=1506222605002.42 raw_improve=3341719814.559326 accepted=1 eta=18639574829.527000

[Run 11 Gen 18] rr[6/8] comp=6/8 size=226
[Run 11 Gen 18] fe+=256 fe=4608 cost=4234852780.82 viol=1475021403.4253 obj=1479256256206.09 cand_obj=1479256256206.09 raw_improve=26966348796.329590 accepted=1 eta=43688679856.017029

[Run 11 Gen 19] rr[7/8] comp=7/8 size=126
[Run 11 Gen 19] fe+=256 fe=4864 cost=4267457219.18 viol=1468559780.1182 obj=1472827237337.41 cand_obj=1472827237337.41 raw_improve=6429018868.674072 accepted=1 eta=18720066254.855545

[Run 11 Gen 20] rr[8/8] comp=8/8 size=48
[Run 11 Gen 20] fe+=256 fe=5120 cost=4279033780.82 viol=1465903658.1180 obj=1470182691898.86 cand_obj=1470182691898.86 raw_improve=2644545438.555664 accepted=1 eta=14477567896.980490
[Run 11 Gen 21] reward_pool=4/8 threshold=33748788288.868752 eta_max=67497576577.737503

[Run 11 Gen 21] reward[1/4] comp=1/8 size=835
[Run 11 Gen 21] fe+=256 fe=5376 cost=4289585260.27 viol=1462137205.1802 obj=1466426790440.49 cand_obj=1466426790440.49 raw_improve=3755901458.370117 accepted=1 eta=26065487750.148701

[Run 11 Gen 22] reward[2/4] comp=2/8 size=556
[Run 11 Gen 22] fe+=256 fe=5632 cost=4322714780.82 viol=1442147926.7758 obj=1446470641556.62 cand_obj=1446470641556.62 raw_improve=19956148883.863525 accepted=1 eta=27689248007.657829

[Run 11 Gen 23] reward[3/4] comp=3/8 size=488
[Run 11 Gen 23] fe+=256 fe=5888 cost=4317514068.49 viol=1431510363.4633 obj=1435827877531.80 cand_obj=1435827877531.80 raw_improve=10642764024.819092 accepted=1 eta=24994821531.861641

[Run 11 Gen 24] reward[4/4] comp=6/8 size=226
[Run 11 Gen 24] fe+=256 fe=6144 cost=4327140356.16 viol=1418748954.7550 obj=1423076095111.18 cand_obj=1423076095111.18 raw_improve=12751782420.628906 accepted=1 eta=23579696523.014748

[Run 11 Gen 25] rr[1/8] comp=1/8 size=835
[Run 11 Gen 25] fe+=256 fe=6400 cost=4348793315.07 viol=1407633213.5995 obj=1411982006914.58 cand_obj=1411982006914.58 raw_improve=11094088196.593018 accepted=1 eta=16334078040.337505

[Run 11 Gen 26] rr[2/8] comp=2/8 size=556
[Run 11 Gen 26] fe+=256 fe=6656 cost=4364845452.05 viol=1394180643.5869 obj=1398545489038.95 cand_obj=1398545489038.95 raw_improve=13436517875.633301 accepted=1 eta=18424973421.841885

[Run 11 Gen 27] rr[3/8] comp=3/8 size=488
[Run 11 Gen 27] fe+=256 fe=6912 cost=4379247369.86 viol=1385640016.2428 obj=1390019263612.64 cand_obj=1390019263612.64 raw_improve=8526225426.312256 accepted=1 eta=14290234063.254539

[Run 11 Gen 28] rr[4/8] comp=4/8 size=389
[Run 11 Gen 28] fe+=256 fe=7168 cost=4377922178.08 viol=1385307690.1238 obj=1389685612301.91 cand_obj=1389685612301.91 raw_improve=333651310.730469 accepted=1 eta=8615402527.942013

[Run 11 Gen 29] rr[5/8] comp=5/8 size=246
[Run 11 Gen 29] fe+=256 fe=7424 cost=4360519876.71 viol=1385004506.1943 obj=1389365026071.01 cand_obj=1389365026071.01 raw_improve=320586230.892578 accepted=1 eta=6732232240.414625

[Run 11 Gen 30] rr[6/8] comp=6/8 size=226
[Run 11 Gen 30] fe+=256 fe=7680 cost=4375471904.11 viol=1379751930.7506 obj=1384127402654.73 cand_obj=1384127402654.73 raw_improve=5237623416.286621 accepted=1 eta=11657349003.641464

[Run 11 Gen 31] rr[7/8] comp=7/8 size=126
[Run 11 Gen 31] fe+=256 fe=7936 cost=4379697479.45 viol=1379231772.2555 obj=1383611469734.92 cand_obj=1383611469734.92 raw_improve=515932919.807129 accepted=1 eta=6887379587.074074

[Run 11 Gen 32] rr[8/8] comp=8/8 size=48
[Run 11 Gen 32] fe+=256 fe=8192 cost=4380572616.44 viol=1377924088.6021 obj=1382304661218.56 cand_obj=1382304661218.56 raw_improve=1306808516.364014 accepted=1 eta=5916574299.579781
[Run 11 Gen 33] reward_pool=4/8 threshold=9212486710.920942 eta_max=18424973421.841885

[Run 11 Gen 33] reward[1/4] comp=1/8 size=835
[Run 11 Gen 33] fe+=256 fe=8448 cost=4402000438.36 viol=1371955007.9498 obj=1376357008388.12 cand_obj=1376357008388.12 raw_improve=5947652830.439209 accepted=1 eta=9582901653.903612

[Run 11 Gen 34] reward[2/4] comp=2/8 size=556
[Run 11 Gen 34] fe+=256 fe=8704 cost=4427778917.81 viol=1367475635.0985 obj=1371903414016.27 cand_obj=1371903414016.27 raw_improve=4453594371.847656 accepted=1 eta=9343577039.345636

[Run 11 Gen 35] reward[3/4] comp=3/8 size=488
[Run 11 Gen 35] fe+=256 fe=8960 cost=4432004493.15 viol=1362527565.8565 obj=1366959570349.60 cand_obj=1366959570349.60 raw_improve=4943843666.667969 accepted=1 eta=8215080305.473269

[Run 11 Gen 36] reward[4/4] comp=6/8 size=226
[Run 11 Gen 36] fe+=256 fe=9216 cost=4443231000.00 viol=1357677492.1447 obj=1362120723144.65 cand_obj=1362120723144.65 raw_improve=4838847204.950684 accepted=1 eta=7225322834.492456

[Run 11 Gen 37] rr[1/8] comp=1/8 size=835
[Run 11 Gen 37] fe+=256 fe=9472 cost=4440530671.23 viol=1347425447.9641 obj=1351865978635.35 cand_obj=1351865978635.35 raw_improve=10254744509.297607 accepted=1 eta=10019599509.909708

[Run 11 Gen 38] rr[2/8] comp=2/8 size=556
[Run 11 Gen 38] fe+=256 fe=9728 cost=4454457561.64 viol=1327057137.4574 obj=1331511595019.02 cand_obj=1331511595019.02 raw_improve=20354383616.329102 accepted=1 eta=16500601314.384890

[Run 11 Gen 39] rr[3/8] comp=3/8 size=488
[Run 11 Gen 39] fe+=256 fe=9984 cost=4476485547.95 viol=1318979658.2808 obj=1323456143828.74 cand_obj=1323456143828.74 raw_improve=8055451190.288086 accepted=1 eta=8111321380.602900

[Run 11 Gen 40] rr[4/8] comp=4/8 size=389
[Run 11 Gen 40] fe+=256 fe=10240 cost=4489337301.37 viol=1316556876.6909 obj=1321046213992.28 cand_obj=1321046213992.28 raw_improve=2409929836.455566 accepted=1 eta=4581845278.475822

[Run 11 Gen 41] rr[5/8] comp=5/8 size=246
[Run 11 Gen 41] fe+=256 fe=10496 cost=4533318191.78 viol=1316029356.2115 obj=1320562674403.30 cand_obj=1320562674403.30 raw_improve=483539588.979248 accepted=1 eta=2670582016.981630

[Run 11 Gen 42] rr[6/8] comp=6/8 size=226
[Run 11 Gen 42] fe+=256 fe=10752 cost=4530992890.41 viol=1314787969.6705 obj=1319318962560.94 cand_obj=1319318962560.94 raw_improve=1243711842.359863 accepted=1 eta=3337275689.606271

[Run 11 Gen 43] rr[7/8] comp=7/8 size=126
[Run 11 Gen 43] fe+=256 fe=11008 cost=4546394972.60 viol=1314241691.9986 obj=1318788086971.17 cand_obj=1318788086971.17 raw_improve=530875589.768066 accepted=1 eta=2755651988.825169

[Run 11 Gen 44] rr[8/8] comp=8/8 size=48
[Run 11 Gen 44] fe+=256 fe=11264 cost=4543769616.44 viol=1314241691.9986 obj=1318785461615.01 cand_obj=1318785461615.01 raw_improve=2625356.164307 accepted=1 eta=2072507486.359722
[Run 11 Gen 45] reward_pool=2/8 threshold=8250300657.192445 eta_max=16500601314.384890

[Run 11 Gen 45] reward[1/2] comp=1/8 size=835
[Run 11 Gen 45] fe+=256 fe=11520 cost=4543769616.44 viol=1314241691.9986 obj=1318785461615.01 cand_obj=1318785461615.01 raw_improve=0.000000 accepted=0 eta=3506859828.468398

[Run 11 Gen 46] reward[2/2] comp=2/8 size=556
[Run 11 Gen 46] fe+=256 fe=11776 cost=4540869232.88 viol=1313438823.0202 obj=1317979692253.07 cand_obj=1317979692253.07 raw_improve=805769361.941650 accepted=1 eta=6298960545.296783

[Run 11 Gen 47] rr[1/8] comp=1/8 size=835
[Run 11 Gen 47] fe+=256 fe=12032 cost=4541194315.07 viol=1294926389.8178 obj=1299467584132.83 cand_obj=1299467584132.83 raw_improve=18512108120.237793 accepted=1 eta=13260271218.118505

[Run 11 Gen 48] rr[2/8] comp=2/8 size=556
[Run 11 Gen 48] fe+=256 fe=12288 cost=4541194315.07 viol=1294926389.8178 obj=1299467584132.83 cand_obj=1299467584132.83 raw_improve=0.000000 accepted=0 eta=2204636190.853874

[Run 11 Gen 49] rr[3/8] comp=3/8 size=488
[Run 11 Gen 49] fe+=256 fe=12544 cost=4552795904.11 viol=1293010947.8360 obj=1297563743740.07 cand_obj=1297563743740.07 raw_improve=1903840392.759033 accepted=1 eta=4076458738.504386

[Run 11 Gen 50] rr[4/8] comp=4/8 size=389
[Run 11 Gen 50] fe+=256 fe=12800 cost=4556146342.47 viol=1292293981.5935 obj=1296850127935.97 cand_obj=1296850127935.97 raw_improve=713615804.104004 accepted=1 eta=2067496120.134140
[Stop] reached max_outer_gen=50
[7/7] Write outputs
[Done] summary=/work/home/acn1eb8nfq/yuezhang46/UScode/US实验三：顺序模块/gcpcc_logs_US_CB/run_11_seed_1011/runs_summary.csv
