[RunConfig] run_id=6 seed=1006
[OutputDir] /work/home/acn1eb8nfq/yuezhang46/UScode/US实验三：顺序模块/gcpcc_logs_US_FR/run_06_seed_1006
[Data] nodes=4301
[1/7] Load scenarios
  2020: raw_edges=5296 days=366
  2025: raw_edges=5296 days=365
  2030: raw_edges=5296 days=365
  2035: raw_edges=5296 days=365
  2040: raw_edges=5296 days=366
[Filter] w_min=1.0
  active=2914 inactive=1387(fixed NONE)
  2020: removed=2048 kept=3248
  2025: removed=2048 kept=3248
  2030: removed=2048 kept=3248
  2035: removed=2048 kept=3248
  2040: removed=2048 kept=3248
  2020: filtered_edges=3248
  2025: filtered_edges=3248
  2030: filtered_edges=3248
  2035: filtered_edges=3248
  2040: filtered_edges=3248
[2/7] Spatial cut + fragment repair
  2020: K=7 top_sizes=[809, 550, 485, 424, 247, 229, 170] fragments=59
  2025: K=7 top_sizes=[810, 549, 487, 422, 247, 229, 170] fragments=59
  2030: K=7 top_sizes=[810, 549, 487, 422, 247, 229, 170] fragments=59
  2035: K=7 top_sizes=[833, 554, 488, 393, 247, 229, 170] fragments=70
  2040: K=7 top_sizes=[834, 554, 489, 392, 293, 226, 126] fragments=63
[3/7] Consensus cut (min_agree=5, cfg_min=None, cfg_ratio=0.9)
[ConsensusMerge] med=2 thr=30 merged=20
  components=8 min/med/max=48/317/835
  singleton_components=0
[4/7] Dependency graph + coloring
  color_groups=3 sizes=[3, 3, 2]
  serial_components=8
[5/7] Initialize plan
  init: cost=1824478232.88 viol=3106184756.1409 obj=3108009234373.79
[6/7] Outer iterations

[Run 06 Gen 1] explore[1/8] comp=1/8 size=835
[Run 06 Gen 1] fe+=256 fe=256 cost=2265687520.55 viol=2789809690.8050 obj=2792075378325.56 delta_obj=315933856048.226562 contrib=157966928024.113281

[Run 06 Gen 2] explore[2/8] comp=2/8 size=556
[Run 06 Gen 2] fe+=256 fe=512 cost=2562352493.15 viol=2566849033.3497 obj=2569411385842.89 delta_obj=222663992482.675781 contrib=111331996241.337891

[Run 06 Gen 3] explore[3/8] comp=3/8 size=488
[Run 06 Gen 3] fe+=256 fe=768 cost=2805010178.08 viol=2377692439.9989 obj=2380497450176.99 delta_obj=188913935665.902344 contrib=94456967832.951172

[Run 06 Gen 4] explore[4/8] comp=4/8 size=389
[Run 06 Gen 4] fe+=256 fe=1024 cost=3124278219.18 viol=2189877157.5406 obj=2193001435759.73 delta_obj=187496014417.252197 contrib=93748007208.626099

[Run 06 Gen 5] explore[5/8] comp=5/8 size=246
[Run 06 Gen 5] fe+=256 fe=1280 cost=3356709616.44 viol=2120001347.8921 obj=2123358057508.53 delta_obj=69643378251.203857 contrib=34821689125.601929

[Run 06 Gen 6] explore[6/8] comp=6/8 size=226
[Run 06 Gen 6] fe+=256 fe=1536 cost=3526782520.55 viol=1994181573.7287 obj=1997708356249.26 delta_obj=125649701259.270508 contrib=62824850629.635254

[Run 06 Gen 7] explore[7/8] comp=7/8 size=126
[Run 06 Gen 7] fe+=256 fe=1792 cost=3607718397.26 viol=1946512606.1817 obj=1950120324578.96 delta_obj=47588031670.297852 contrib=23794015835.148926

[Run 06 Gen 8] explore[8/8] comp=8/8 size=48
[Run 06 Gen 8] fe+=256 fe=2048 cost=3659600383.56 viol=1894959175.3866 obj=1898618775770.16 delta_obj=51501548808.798828 contrib=25750774404.399414

[Run 06 Gen 9] focus[1/1] comp=1/8 size=835
[Run 06 Gen 9] fe+=256 fe=2304 cost=3773690698.63 viol=1812071927.1456 obj=1815845617844.18 delta_obj=82773157925.980469 contrib=120370042975.046875

[Run 06 Gen 10] focus[1/1] comp=1/8 size=835
[Run 06 Gen 10] fe+=256 fe=2560 cost=3823022356.16 viol=1797767903.1440 obj=1801590925500.14 delta_obj=14254692344.038818 contrib=67312367659.542847

[Run 06 Gen 11] focus[1/1] comp=2/8 size=556
[Run 06 Gen 11] fe+=256 fe=2816 cost=3972442520.55 viol=1700886057.2323 obj=1704858499752.85 delta_obj=96732425747.296387 contrib=104032210994.317139

[Run 06 Gen 12] focus[1/1] comp=2/8 size=556
[Run 06 Gen 12] fe+=256 fe=3072 cost=4004871931.51 viol=1684729222.6464 obj=1688734094577.86 delta_obj=16124405174.983887 contrib=60078308084.650513

[Run 06 Gen 13] focus[1/1] comp=3/8 size=488
[Run 06 Gen 13] fe+=256 fe=3328 cost=4078581904.11 viol=1619729523.4677 obj=1623808105371.84 delta_obj=64925989206.027100 contrib=79691478519.489136

[Run 06 Gen 14] focus[1/1] comp=4/8 size=389
[Run 06 Gen 14] fe+=256 fe=3584 cost=4166893794.52 viol=1586930403.5881 obj=1591097297382.60 delta_obj=32710807989.241211 contrib=63229407598.933655

[Run 06 Gen 15] focus[1/1] comp=3/8 size=488
[Run 06 Gen 15] fe+=256 fe=3840 cost=4202323534.25 viol=1569539056.6573 obj=1573741380191.58 delta_obj=17355917191.013916 contrib=48523697855.251526

[Run 06 Gen 16] focus[1/1] comp=1/8 size=835
[Run 06 Gen 16] fe+=256 fe=4096 cost=4251080109.59 viol=1546379315.9653 obj=1550630396074.89 delta_obj=23110984116.696045 contrib=45211675888.119446

[Run 06 Gen 17] focus[1/1] comp=4/8 size=389
[Run 06 Gen 17] fe+=256 fe=4352 cost=4257005904.11 viol=1539170149.9321 obj=1543427155836.25 delta_obj=7203240238.634033 contrib=35216323918.783844

[Run 06 Gen 18] focus[1/1] comp=6/8 size=226
[Run 06 Gen 18] fe+=256 fe=4608 cost=4307287726.03 viol=1509316104.9107 obj=1513623392636.71 delta_obj=29803763199.543213 contrib=46314306914.589233

[Run 06 Gen 19] focus[1/1] comp=2/8 size=556
[Run 06 Gen 19] fe+=256 fe=4864 cost=4333291232.88 viol=1487587231.7508 obj=1491920522983.64 delta_obj=21702869653.070557 contrib=40890588868.860535

[Run 06 Gen 20] focus[1/1] comp=3/8 size=488
[Run 06 Gen 20] fe+=256 fe=5120 cost=4326815383.56 viol=1483299291.5365 obj=1487626106920.02 delta_obj=4294416063.614502 contrib=26409056959.433014

[Run 06 Gen 21] focus[1/1] comp=6/8 size=226
[Run 06 Gen 21] fe+=256 fe=5376 cost=4340467246.58 viol=1467667647.9855 obj=1472008115232.06 delta_obj=15617991687.966553 contrib=30966149301.277893

[Run 06 Gen 22] focus[1/1] comp=1/8 size=835
[Run 06 Gen 22] fe+=256 fe=5632 cost=4349643589.04 viol=1443693728.8135 obj=1448043372402.56 delta_obj=23964742829.500488 contrib=34588209358.809967

[Run 06 Gen 23] focus[1/1] comp=2/8 size=556
[Run 06 Gen 23] fe+=256 fe=5888 cost=4350968780.82 viol=1440447606.7702 obj=1444798575551.05 delta_obj=3244796851.508545 contrib=22067692860.184540

[Run 06 Gen 24] focus[1/1] comp=4/8 size=389
[Run 06 Gen 24] fe+=256 fe=6144 cost=4356869602.74 viol=1437082710.2062 obj=1441439579808.95 delta_obj=3358995742.095703 contrib=19287659830.439774

[Run 06 Gen 25] focus[1/1] comp=5/8 size=246
[Run 06 Gen 25] fe+=256 fe=6400 cost=4391599287.67 viol=1434529126.0822 obj=1438920725369.89 delta_obj=2518854439.065918 contrib=18670271782.333923

[Run 06 Gen 26] focus[1/1] comp=1/8 size=835
[Run 06 Gen 26] fe+=256 fe=6656 cost=4415327493.15 viol=1419052768.5535 obj=1423468096046.70 delta_obj=15452629323.189697 contrib=25020419340.999832

[Run 06 Gen 27] focus[1/1] comp=6/8 size=226
[Run 06 Gen 27] fe+=256 fe=6912 cost=4413127164.38 viol=1414176231.2232 obj=1418589358387.54 delta_obj=4878737659.156982 contrib=17922443480.217438

[Run 06 Gen 28] focus[1/1] comp=3/8 size=488
[Run 06 Gen 28] fe+=256 fe=7168 cost=4421003232.88 viol=1401029868.5424 obj=1405450871775.28 delta_obj=13138486612.256836 contrib=19773771785.844925

[Run 06 Gen 29] focus[1/1] comp=8/8 size=48
[Run 06 Gen 29] fe+=256 fe=7424 cost=4443981328.77 viol=1398691474.6942 obj=1403135456023.00 delta_obj=2315415752.279541 contrib=14033095078.339478

[Run 06 Gen 30] focus[1/1] comp=1/8 size=835
[Run 06 Gen 30] fe+=256 fe=7680 cost=4443981328.77 viol=1398691474.6942 obj=1403135456023.00 delta_obj=0.000000 contrib=12510209670.499916

[Run 06 Gen 31] focus[1/1] comp=7/8 size=126
[Run 06 Gen 31] fe+=256 fe=7936 cost=4440130835.62 viol=1395806592.2423 obj=1400246723077.95 delta_obj=2888732945.051025 contrib=13341374390.099976

[Run 06 Gen 32] focus[1/1] comp=2/8 size=556
[Run 06 Gen 32] fe+=256 fe=8192 cost=4463158931.51 viol=1377099604.4343 obj=1381562763365.79 delta_obj=18683959712.159424 contrib=20375826286.171982

[Run 06 Gen 33] focus[1/1] comp=2/8 size=556
[Run 06 Gen 33] fe+=256 fe=8448 cost=4463959041.10 viol=1376113584.1407 obj=1380577543181.79 delta_obj=985220184.000977 contrib=10680523235.086479

[Run 06 Gen 34] focus[1/1] comp=3/8 size=488
[Run 06 Gen 34] fe+=256 fe=8704 cost=4485411945.21 viol=1357513588.4939 obj=1361999000439.12 delta_obj=18578542742.670166 contrib=19176157264.257545

[Run 06 Gen 35] focus[1/1] comp=4/8 size=389
[Run 06 Gen 35] fe+=256 fe=8960 cost=4500488945.21 viol=1355237076.6814 obj=1359737565626.61 delta_obj=2261434812.512939 contrib=10774547321.476357

[Run 06 Gen 36] focus[1/1] comp=3/8 size=488
[Run 06 Gen 36] fe+=256 fe=9216 cost=4500488945.21 viol=1355237076.6814 obj=1359737565626.61 delta_obj=0.000000 contrib=9588078632.128773

[Run 06 Gen 37] focus[1/1] comp=5/8 size=246
[Run 06 Gen 37] fe+=256 fe=9472 cost=4506639767.12 viol=1355127650.9342 obj=1359634290701.31 delta_obj=103274925.302490 contrib=9386773353.818207

[Run 06 Gen 38] focus[1/1] comp=6/8 size=226
[Run 06 Gen 38] fe+=256 fe=9728 cost=4527067479.45 viol=1345552377.6898 obj=1350079445169.25 delta_obj=9554845532.051025 contrib=13738644506.134232

[Run 06 Gen 39] focus[1/1] comp=8/8 size=48
[Run 06 Gen 39] fe+=256 fe=9984 cost=4533118301.37 viol=1345065089.1142 obj=1349598207415.55 delta_obj=481237753.702393 contrib=7257166416.020935

[Run 06 Gen 40] focus[1/1] comp=6/8 size=226
[Run 06 Gen 40] fe+=256 fe=10240 cost=4533118301.37 viol=1345065089.1142 obj=1349598207415.55 delta_obj=0.000000 contrib=6869322253.067116

[Run 06 Gen 41] focus[1/1] comp=7/8 size=126
[Run 06 Gen 41] fe+=256 fe=10496 cost=4557021534.25 viol=1339536568.5635 obj=1344093590097.73 delta_obj=5504617317.823486 contrib=9422995853.961731

[Run 06 Gen 42] focus[1/1] comp=1/8 size=835
[Run 06 Gen 42] fe+=256 fe=10752 cost=4557021534.25 viol=1339536568.5635 obj=1344093590097.73 delta_obj=0.000000 contrib=6255104835.249958

[Run 06 Gen 43] focus[1/1] comp=4/8 size=389
[Run 06 Gen 43] fe+=256 fe=11008 cost=4563972465.75 viol=1339064514.3579 obj=1343628486823.65 delta_obj=465103274.075928 contrib=5619825297.776142

[Run 06 Gen 44] focus[1/1] comp=2/8 size=556
[Run 06 Gen 44] fe+=256 fe=11264 cost=4568873123.29 viol=1337723824.2399 obj=1342292697363.19 delta_obj=1335789460.466064 contrib=6008156347.776272

[Run 06 Gen 45] focus[1/1] comp=3/8 size=488
[Run 06 Gen 45] fe+=256 fe=11520 cost=4565647657.53 viol=1335972770.2404 obj=1340538417897.97 delta_obj=1754279465.213623 contrib=5671179048.671198

[Run 06 Gen 46] focus[1/1] comp=7/8 size=126
[Run 06 Gen 46] fe+=256 fe=11776 cost=4575749027.40 viol=1335140518.7571 obj=1339716267784.46 delta_obj=822150113.516846 contrib=5122572983.739288

[Run 06 Gen 47] focus[1/1] comp=5/8 size=246
[Run 06 Gen 47] fe+=256 fe=12032 cost=4577449246.58 viol=1334967708.9887 obj=1339545158235.23 delta_obj=171109549.221680 contrib=4778941451.519943

[Run 06 Gen 48] focus[1/1] comp=8/8 size=48
[Run 06 Gen 48] fe+=256 fe=12288 cost=4571073397.26 viol=1334967708.9887 obj=1339538782385.92 delta_obj=6375849.315186 contrib=3631771132.668060

[Run 06 Gen 49] focus[1/1] comp=6/8 size=226
[Run 06 Gen 49] fe+=256 fe=12544 cost=4577799301.37 viol=1334256356.0043 obj=1338834155305.71 delta_obj=704627080.210205 contrib=3786974666.638660

[Run 06 Gen 50] focus[1/1] comp=1/8 size=835
[Run 06 Gen 50] fe+=256 fe=12800 cost=4585600342.47 viol=1326458784.6563 obj=1331044384998.73 delta_obj=7789770306.984131 contrib=7022437571.117044
[Stop] reached max_outer_gen=50
[7/7] Write outputs
[Done] summary=/work/home/acn1eb8nfq/yuezhang46/UScode/US实验三：顺序模块/gcpcc_logs_US_FR/run_06_seed_1006/runs_summary.csv
