[RunConfig] run_id=18 seed=1018
[OutputDir] /work/home/acn1eb8nfq/yuezhang46/UScode/US实验三：顺序模块/gcpcc_logs_US_FR/run_18_seed_1018
[Data] nodes=4301
[1/7] Load scenarios
  2020: raw_edges=5296 days=366
  2025: raw_edges=5296 days=365
  2030: raw_edges=5296 days=365
  2035: raw_edges=5296 days=365
  2040: raw_edges=5296 days=366
[Filter] w_min=1.0
  active=2914 inactive=1387(fixed NONE)
  2020: removed=2048 kept=3248
  2025: removed=2048 kept=3248
  2030: removed=2048 kept=3248
  2035: removed=2048 kept=3248
  2040: removed=2048 kept=3248
  2020: filtered_edges=3248
  2025: filtered_edges=3248
  2030: filtered_edges=3248
  2035: filtered_edges=3248
  2040: filtered_edges=3248
[2/7] Spatial cut + fragment repair
  2020: K=7 top_sizes=[809, 550, 485, 424, 247, 229, 170] fragments=59
  2025: K=7 top_sizes=[810, 549, 487, 422, 247, 229, 170] fragments=59
  2030: K=7 top_sizes=[810, 549, 487, 422, 247, 229, 170] fragments=59
  2035: K=7 top_sizes=[833, 554, 488, 393, 247, 229, 170] fragments=70
  2040: K=7 top_sizes=[834, 554, 489, 392, 293, 226, 126] fragments=63
[3/7] Consensus cut (min_agree=5, cfg_min=None, cfg_ratio=0.9)
[ConsensusMerge] med=2 thr=30 merged=20
  components=8 min/med/max=48/317/835
  singleton_components=0
[4/7] Dependency graph + coloring
  color_groups=3 sizes=[3, 3, 2]
  serial_components=8
[5/7] Initialize plan
  init: cost=1860008301.37 viol=3099276900.3677 obj=3101136908669.04
[6/7] Outer iterations

[Run 18 Gen 1] explore[1/8] comp=1/8 size=835
[Run 18 Gen 1] fe+=256 fe=256 cost=2259161890.41 viol=2820668722.9838 obj=2822927884874.25 delta_obj=278209023794.786621 contrib=139104511897.393311

[Run 18 Gen 2] explore[2/8] comp=2/8 size=556
[Run 18 Gen 2] fe+=256 fe=512 cost=2582580369.86 viol=2582729138.1833 obj=2585311718553.15 delta_obj=237616166321.102051 contrib=118808083160.551025

[Run 18 Gen 3] explore[3/8] comp=3/8 size=488
[Run 18 Gen 3] fe+=256 fe=768 cost=2857917410.96 viol=2369417958.9447 obj=2372275876355.63 delta_obj=213035842197.520508 contrib=106517921098.760254

[Run 18 Gen 4] explore[4/8] comp=4/8 size=389
[Run 18 Gen 4] fe+=256 fe=1024 cost=3138605219.18 viol=2186568395.9978 obj=2189707001216.99 delta_obj=182568875138.631592 contrib=91284437569.315796

[Run 18 Gen 5] explore[5/8] comp=5/8 size=246
[Run 18 Gen 5] fe+=256 fe=1280 cost=3362685520.55 viol=2108526740.2705 obj=2111889425791.04 delta_obj=77817575425.951660 contrib=38908787712.975830

[Run 18 Gen 6] explore[6/8] comp=6/8 size=226
[Run 18 Gen 6] fe+=256 fe=1536 cost=3531733287.67 viol=1971024487.3819 obj=1974556220669.61 delta_obj=137333205121.429688 contrib=68666602560.714844

[Run 18 Gen 7] explore[7/8] comp=7/8 size=126
[Run 18 Gen 7] fe+=256 fe=1792 cost=3594216643.84 viol=1926689243.5509 obj=1930283460194.70 delta_obj=44272760474.915771 contrib=22136380237.457886

[Run 18 Gen 8] explore[8/8] comp=8/8 size=48
[Run 18 Gen 8] fe+=256 fe=2048 cost=3657750164.38 viol=1876187027.0333 obj=1879844777197.70 delta_obj=50438682996.992676 contrib=25219341498.496338

[Run 18 Gen 9] focus[1/1] comp=1/8 size=835
[Run 18 Gen 9] fe+=256 fe=2304 cost=3776391136.99 viol=1784637487.8587 obj=1788413878995.65 delta_obj=91430898202.057373 contrib=115267705049.725342

[Run 18 Gen 10] focus[1/1] comp=2/8 size=556
[Run 18 Gen 10] fe+=256 fe=2560 cost=3875429534.25 viol=1720869076.0612 obj=1724744505595.46 delta_obj=63669373400.186035 contrib=91238728280.368530

[Run 18 Gen 11] focus[1/1] comp=1/8 size=835
[Run 18 Gen 11] fe+=256 fe=2816 cost=3899457794.52 viol=1708379171.4739 obj=1712278629268.37 delta_obj=12465876327.088623 contrib=63866790688.406982

[Run 18 Gen 12] focus[1/1] comp=3/8 size=488
[Run 18 Gen 12] fe+=256 fe=3072 cost=4035976260.27 viol=1620947554.2642 obj=1624983530524.45 delta_obj=87295098743.925537 contrib=96906509921.342896

[Run 18 Gen 13] focus[1/1] comp=3/8 size=488
[Run 18 Gen 13] fe+=256 fe=3328 cost=4041777027.40 viol=1601398677.2074 obj=1605440454234.82 delta_obj=19543076289.626709 contrib=58224793105.484802

[Run 18 Gen 14] focus[1/1] comp=4/8 size=389
[Run 18 Gen 14] fe+=256 fe=3584 cost=4126388534.25 viol=1564727103.2500 obj=1568853491784.25 delta_obj=36586962450.572266 contrib=63935700009.944031

[Run 18 Gen 15] focus[1/1] comp=2/8 size=556
[Run 18 Gen 15] fe+=256 fe=3840 cost=4181395876.71 viol=1527388558.5505 obj=1531569954427.20 delta_obj=37283537357.052734 contrib=64261132818.710632

[Run 18 Gen 16] focus[1/1] comp=6/8 size=226
[Run 18 Gen 16] fe+=256 fe=4096 cost=4218400808.22 viol=1518242746.8836 obj=1522461147691.84 delta_obj=9108806735.353271 contrib=38887704648.034058

[Run 18 Gen 17] focus[1/1] comp=2/8 size=556
[Run 18 Gen 17] fe+=256 fe=4352 cost=4216275561.64 viol=1512212053.3779 obj=1516428328939.59 delta_obj=6032818752.256348 contrib=35146975785.483490

[Run 18 Gen 18] focus[1/1] comp=4/8 size=389
[Run 18 Gen 18] fe+=256 fe=4608 cost=4229002232.88 viol=1505964364.1929 obj=1510193366425.76 delta_obj=6234962513.825684 contrib=35085331261.884857

[Run 18 Gen 19] focus[1/1] comp=1/8 size=835
[Run 18 Gen 19] fe+=256 fe=4864 cost=4276783671.23 viol=1475676597.2494 obj=1479953380920.64 delta_obj=30239985505.119873 contrib=47053388096.763428

[Run 18 Gen 20] focus[1/1] comp=3/8 size=488
[Run 18 Gen 20] fe+=256 fe=5120 cost=4276783671.23 viol=1475676597.2494 obj=1479953380920.64 delta_obj=0.000000 contrib=29112396552.742401

[Run 18 Gen 21] focus[1/1] comp=1/8 size=835
[Run 18 Gen 21] fe+=256 fe=5376 cost=4274783397.26 viol=1467839421.6493 obj=1472114205046.59 delta_obj=7839175874.049561 contrib=27446281985.406494

[Run 18 Gen 22] focus[1/1] comp=5/8 size=246
[Run 18 Gen 22] fe+=256 fe=5632 cost=4315638986.30 viol=1463426880.8115 obj=1467742519797.80 delta_obj=4371685248.787109 contrib=21640236480.881470

[Run 18 Gen 23] focus[1/1] comp=6/8 size=226
[Run 18 Gen 23] fe+=256 fe=5888 cost=4328040630.14 viol=1447888908.7313 obj=1452216949361.39 delta_obj=15525570436.413818 contrib=27206637542.223938

[Run 18 Gen 24] focus[1/1] comp=2/8 size=556
[Run 18 Gen 24] fe+=256 fe=6144 cost=4327665602.74 viol=1445323564.0854 obj=1449651229688.14 delta_obj=2565719673.247070 contrib=18856347729.365280

[Run 18 Gen 25] focus[1/1] comp=4/8 size=389
[Run 18 Gen 25] fe+=256 fe=6400 cost=4333091342.47 viol=1444118771.8429 obj=1448451863185.40 delta_obj=1199366502.745605 contrib=18142348882.315231

[Run 18 Gen 26] focus[1/1] comp=3/8 size=488
[Run 18 Gen 26] fe+=256 fe=6656 cost=4342767630.14 viol=1441525994.7356 obj=1445868762365.69 delta_obj=2583100819.708740 contrib=15847748686.225571

[Run 18 Gen 27] focus[1/1] comp=1/8 size=835
[Run 18 Gen 27] fe+=256 fe=6912 cost=4342767630.14 viol=1441525994.7356 obj=1445868762365.69 delta_obj=0.000000 contrib=13723140992.703247

[Run 18 Gen 28] focus[1/1] comp=6/8 size=226
[Run 18 Gen 28] fe+=256 fe=7168 cost=4343667739.73 viol=1431568088.1680 obj=1435911755907.69 delta_obj=9957006458.000977 contrib=18581822000.112457

[Run 18 Gen 29] focus[1/1] comp=8/8 size=48
[Run 18 Gen 29] fe+=256 fe=7424 cost=4347268232.88 viol=1429507878.9018 obj=1433855147134.64 delta_obj=2056608773.049561 contrib=13637975135.772949

[Run 18 Gen 30] focus[1/1] comp=7/8 size=126
[Run 18 Gen 30] fe+=256 fe=7680 cost=4361645178.08 viol=1420305825.0425 obj=1424667470220.63 delta_obj=9187676914.008057 contrib=15662028575.732971

[Run 18 Gen 31] focus[1/1] comp=5/8 size=246
[Run 18 Gen 31] fe+=256 fe=7936 cost=4377447315.07 viol=1419564936.3985 obj=1423942383713.57 delta_obj=725086507.055908 contrib=11182661493.968689

[Run 18 Gen 32] focus[1/1] comp=2/8 size=556
[Run 18 Gen 32] fe+=256 fe=8192 cost=4377697369.86 viol=1418464694.3802 obj=1422842391750.06 delta_obj=1099991963.515381 contrib=9978169846.440331

[Run 18 Gen 33] focus[1/1] comp=6/8 size=226
[Run 18 Gen 33] fe+=256 fe=8448 cost=4383348136.99 viol=1417269446.6860 obj=1421652794823.02 delta_obj=1189596927.036621 contrib=9885709463.574539

[Run 18 Gen 34] focus[1/1] comp=4/8 size=389
[Run 18 Gen 34] fe+=256 fe=8704 cost=4377947424.66 viol=1416260931.7856 obj=1420638879210.24 delta_obj=1013915612.780273 contrib=9578132247.547752

[Run 18 Gen 35] focus[1/1] comp=3/8 size=488
[Run 18 Gen 35] fe+=256 fe=8960 cost=4383573219.18 viol=1410369029.3383 obj=1414752602557.50 delta_obj=5886276652.746338 contrib=10867012669.485954

[Run 18 Gen 36] focus[1/1] comp=7/8 size=126
[Run 18 Gen 36] fe+=256 fe=9216 cost=4380022726.03 viol=1408353913.6726 obj=1412733936398.64 delta_obj=2018666158.850830 contrib=8840347367.291901

[Run 18 Gen 37] focus[1/1] comp=1/8 size=835
[Run 18 Gen 37] fe+=256 fe=9472 cost=4393149397.26 viol=1397007044.3415 obj=1401400193738.76 delta_obj=11333742659.887207 contrib=12528441826.295227

[Run 18 Gen 38] focus[1/1] comp=8/8 size=48
[Run 18 Gen 38] fe+=256 fe=9728 cost=4397775027.40 viol=1396811656.0991 obj=1401209431126.49 delta_obj=190762612.263184 contrib=6914368874.018066

[Run 18 Gen 39] focus[1/1] comp=1/8 size=835
[Run 18 Gen 39] fe+=256 fe=9984 cost=4383823164.38 viol=1396601187.3042 obj=1400985010468.54 delta_obj=224420657.953613 contrib=6376431242.124420

[Run 18 Gen 40] focus[1/1] comp=5/8 size=246
[Run 18 Gen 40] fe+=256 fe=10240 cost=4387248684.93 viol=1396479516.3917 obj=1400866765076.59 delta_obj=118245391.951660 contrib=5650453442.960175

[Run 18 Gen 41] focus[1/1] comp=3/8 size=488
[Run 18 Gen 41] fe+=256 fe=10496 cost=4399750383.56 viol=1390979304.6051 obj=1395379054988.62 delta_obj=5487710087.970459 contrib=8177361378.728207

[Run 18 Gen 42] focus[1/1] comp=2/8 size=556
[Run 18 Gen 42] fe+=256 fe=10752 cost=4409151589.04 viol=1379621044.6203 obj=1384030196209.37 delta_obj=11348858779.250977 contrib=10663514312.845654

[Run 18 Gen 43] focus[1/1] comp=2/8 size=556
[Run 18 Gen 43] fe+=256 fe=11008 cost=4404976013.70 viol=1377004068.7309 obj=1381409044744.57 delta_obj=2621151464.802002 contrib=6642332888.823828

[Run 18 Gen 44] focus[1/1] comp=6/8 size=226
[Run 18 Gen 44] fe+=256 fe=11264 cost=4402600712.33 viol=1375224896.2367 obj=1379627496949.04 delta_obj=1781547795.529053 contrib=5833628629.551796

[Run 18 Gen 45] focus[1/1] comp=4/8 size=389
[Run 18 Gen 45] fe+=256 fe=11520 cost=4407876397.26 viol=1374053472.4076 obj=1378461348804.85 delta_obj=1166148144.188477 contrib=5372140195.868114

[Run 18 Gen 46] focus[1/1] comp=7/8 size=126
[Run 18 Gen 46] fe+=256 fe=11776 cost=4423453506.85 viol=1373126225.0561 obj=1377549678562.94 delta_obj=911670241.911133 contrib=4876008804.601517

[Run 18 Gen 47] focus[1/1] comp=3/8 size=488
[Run 18 Gen 47] fe+=256 fe=12032 cost=4434680013.70 viol=1369014174.5868 obj=1373448854600.46 delta_obj=4100823962.476562 contrib=6139092670.602385

[Run 18 Gen 48] focus[1/1] comp=8/8 size=48
[Run 18 Gen 48] fe+=256 fe=12288 cost=4428354164.38 viol=1369014174.5868 obj=1373442528751.14 delta_obj=6325849.315186 contrib=3460347361.666626

[Run 18 Gen 49] focus[1/1] comp=2/8 size=556
[Run 18 Gen 49] fe+=256 fe=12544 cost=4430254438.36 viol=1368384798.1424 obj=1372815052580.72 delta_obj=627476170.427490 contrib=3634904529.625659

[Run 18 Gen 50] focus[1/1] comp=1/8 size=835
[Run 18 Gen 50] fe+=256 fe=12800 cost=4430254438.36 viol=1368384798.1424 obj=1372815052580.72 delta_obj=0.000000 contrib=3188215621.062210
[Stop] reached max_outer_gen=50
[7/7] Write outputs
[Done] summary=/work/home/acn1eb8nfq/yuezhang46/UScode/US实验三：顺序模块/gcpcc_logs_US_FR/run_18_seed_1018/runs_summary.csv
