[RunConfig] run_id=9 seed=1009
[OutputDir] /work/home/acn1eb8nfq/yuezhang46/UScode/US实验三：顺序模块/gcpcc_logs_US_FR/run_09_seed_1009
[Data] nodes=4301
[1/7] Load scenarios
  2020: raw_edges=5296 days=366
  2025: raw_edges=5296 days=365
  2030: raw_edges=5296 days=365
  2035: raw_edges=5296 days=365
  2040: raw_edges=5296 days=366
[Filter] w_min=1.0
  active=2914 inactive=1387(fixed NONE)
  2020: removed=2048 kept=3248
  2025: removed=2048 kept=3248
  2030: removed=2048 kept=3248
  2035: removed=2048 kept=3248
  2040: removed=2048 kept=3248
  2020: filtered_edges=3248
  2025: filtered_edges=3248
  2030: filtered_edges=3248
  2035: filtered_edges=3248
  2040: filtered_edges=3248
[2/7] Spatial cut + fragment repair
  2020: K=7 top_sizes=[809, 550, 485, 424, 247, 229, 170] fragments=59
  2025: K=7 top_sizes=[810, 549, 487, 422, 247, 229, 170] fragments=59
  2030: K=7 top_sizes=[810, 549, 487, 422, 247, 229, 170] fragments=59
  2035: K=7 top_sizes=[833, 554, 488, 393, 247, 229, 170] fragments=70
  2040: K=7 top_sizes=[834, 554, 489, 392, 293, 226, 126] fragments=63
[3/7] Consensus cut (min_agree=5, cfg_min=None, cfg_ratio=0.9)
[ConsensusMerge] med=2 thr=30 merged=20
  components=8 min/med/max=48/317/835
  singleton_components=0
[4/7] Dependency graph + coloring
  color_groups=3 sizes=[3, 3, 2]
  serial_components=8
[5/7] Initialize plan
  init: cost=1793174068.49 viol=3102341698.7186 obj=3104134872787.13
[6/7] Outer iterations

[Run 09 Gen 1] explore[1/8] comp=1/8 size=835
[Run 09 Gen 1] fe+=256 fe=256 cost=2277689328.77 viol=2767708074.9882 obj=2769985764316.98 delta_obj=334149108470.156738 contrib=167074554235.078369

[Run 09 Gen 2] explore[2/8] comp=2/8 size=556
[Run 09 Gen 2] fe+=256 fe=512 cost=2620660493.15 viol=2514629962.8265 obj=2517250623319.66 delta_obj=252735140997.315430 contrib=126367570498.657715

[Run 09 Gen 3] explore[3/8] comp=3/8 size=488
[Run 09 Gen 3] fe+=256 fe=768 cost=2854141780.82 viol=2316671852.9784 obj=2319525994759.27 delta_obj=197724628560.396973 contrib=98862314280.198486

[Run 09 Gen 4] explore[4/8] comp=4/8 size=389
[Run 09 Gen 4] fe+=256 fe=1024 cost=3142080520.55 viol=2122670244.0096 obj=2125812324530.15 delta_obj=193713670229.111572 contrib=96856835114.555786

[Run 09 Gen 5] explore[5/8] comp=5/8 size=246
[Run 09 Gen 5] fe+=256 fe=1280 cost=3370111260.27 viol=2055077840.8438 obj=2058447952104.07 delta_obj=67364372426.083984 contrib=33682186213.041992

[Run 09 Gen 6] explore[6/8] comp=6/8 size=226
[Run 09 Gen 6] fe+=256 fe=1536 cost=3560861876.71 viol=1921914449.7760 obj=1925475311652.73 delta_obj=132972640451.340576 contrib=66486320225.670288

[Run 09 Gen 7] explore[7/8] comp=7/8 size=126
[Run 09 Gen 7] fe+=256 fe=1792 cost=3631346383.56 viol=1878778956.2370 obj=1882410302620.52 delta_obj=43065009032.204590 contrib=21532504516.102295

[Run 09 Gen 8] explore[8/8] comp=8/8 size=48
[Run 09 Gen 8] fe+=256 fe=2048 cost=3700905753.42 viol=1822836502.7627 obj=1826537408516.09 delta_obj=55872894104.437256 contrib=27936447052.218628

[Run 09 Gen 9] focus[1/1] comp=1/8 size=835
[Run 09 Gen 9] fe+=256 fe=2304 cost=3830098315.07 viol=1749955685.5164 obj=1753785783831.46 delta_obj=72751624684.625000 contrib=119913089459.851685

[Run 09 Gen 10] focus[1/1] comp=2/8 size=556
[Run 09 Gen 10] fe+=256 fe=2560 cost=3931636986.30 viol=1680190727.6853 obj=1684122364671.55 delta_obj=69663419159.907227 contrib=98015494829.282471

[Run 09 Gen 11] focus[1/1] comp=1/8 size=835
[Run 09 Gen 11] fe+=256 fe=2816 cost=3987869520.55 viol=1640242716.9592 obj=1644230586479.75 delta_obj=39891778191.800293 contrib=79902433825.825989

[Run 09 Gen 12] focus[1/1] comp=3/8 size=488
[Run 09 Gen 12] fe+=256 fe=3072 cost=4071430753.42 viol=1586272674.3573 obj=1590344105110.72 delta_obj=53886481369.035645 contrib=76374397824.617065

[Run 09 Gen 13] focus[1/1] comp=2/8 size=556
[Run 09 Gen 13] fe+=256 fe=3328 cost=4070730698.63 viol=1571773354.4203 obj=1575844085118.97 delta_obj=14500019991.748291 contrib=56257757410.515381

[Run 09 Gen 14] focus[1/1] comp=4/8 size=389
[Run 09 Gen 14] fe+=256 fe=3584 cost=4107935739.73 viol=1553609329.8657 obj=1557717265605.44 delta_obj=18126819513.533447 contrib=57491827314.044617

[Run 09 Gen 15] focus[1/1] comp=1/8 size=835
[Run 09 Gen 15] fe+=256 fe=3840 cost=4128488534.25 viol=1536189172.6148 obj=1540317661149.01 delta_obj=17399604456.429688 contrib=48651019141.127838

[Run 09 Gen 16] focus[1/1] comp=3/8 size=488
[Run 09 Gen 16] fe+=256 fe=4096 cost=4169169095.89 viol=1516730542.7421 obj=1520899711838.03 delta_obj=19417949310.979248 contrib=47896173567.798157

[Run 09 Gen 17] focus[1/1] comp=6/8 size=226
[Run 09 Gen 17] fe+=256 fe=4352 cost=4178070356.16 viol=1496269626.9404 obj=1500447697296.55 delta_obj=20452014541.474365 contrib=43469167383.572327

[Run 09 Gen 18] focus[1/1] comp=4/8 size=389
[Run 09 Gen 18] fe+=256 fe=4608 cost=4205924136.99 viol=1487688827.4747 obj=1491894751611.70 delta_obj=8552945684.853027 contrib=33022386499.448822

[Run 09 Gen 19] focus[1/1] comp=2/8 size=556
[Run 09 Gen 19] fe+=256 fe=4864 cost=4280059136.99 viol=1468537006.9936 obj=1472817066130.60 delta_obj=19077685481.096924 contrib=37667721445.806152

[Run 09 Gen 20] focus[1/1] comp=1/8 size=835
[Run 09 Gen 20] fe+=256 fe=5120 cost=4266032191.78 viol=1457655390.4178 obj=1461921422609.61 delta_obj=10895643520.994385 contrib=29773331331.061111

[Run 09 Gen 21] focus[1/1] comp=3/8 size=488
[Run 09 Gen 21] fe+=256 fe=5376 cost=4264506945.21 viol=1453499094.4063 obj=1457763601351.52 delta_obj=4157821258.085205 contrib=26026997412.941681

[Run 09 Gen 22] focus[1/1] comp=6/8 size=226
[Run 09 Gen 22] fe+=256 fe=5632 cost=4271482849.32 viol=1448987559.5365 obj=1453259042385.79 delta_obj=4504558965.738281 contrib=23986863174.655304

[Run 09 Gen 23] focus[1/1] comp=2/8 size=556
[Run 09 Gen 23] fe+=256 fe=5888 cost=4296636246.58 viol=1442178360.4088 obj=1446474996655.36 delta_obj=6784045730.429688 contrib=22225883588.117920

[Run 09 Gen 24] focus[1/1] comp=5/8 size=246
[Run 09 Gen 24] fe+=256 fe=6144 cost=4302637123.29 viol=1439638260.2954 obj=1443940897418.72 delta_obj=2534099236.638184 contrib=18108142724.840088

[Run 09 Gen 25] focus[1/1] comp=4/8 size=389
[Run 09 Gen 25] fe+=256 fe=6400 cost=4309913136.99 viol=1436008513.6292 obj=1440318426766.23 delta_obj=3622470652.486084 contrib=18322428575.967453

[Run 09 Gen 26] focus[1/1] comp=1/8 size=835
[Run 09 Gen 26] fe+=256 fe=6656 cost=4315213849.32 viol=1434154814.8496 obj=1438470028698.96 delta_obj=1848398067.271240 contrib=15810864699.166176

[Run 09 Gen 27] focus[1/1] comp=8/8 size=48
[Run 09 Gen 27] fe+=256 fe=6912 cost=4326465383.56 viol=1431976536.2055 obj=1436303001589.10 delta_obj=2167027109.863525 contrib=15051737081.041077

[Run 09 Gen 28] focus[1/1] comp=3/8 size=488
[Run 09 Gen 28] fe+=256 fe=7168 cost=4348193369.86 viol=1420299199.1894 obj=1424647392559.25 delta_obj=11655609029.852295 contrib=18841303221.396988

[Run 09 Gen 29] focus[1/1] comp=6/8 size=226
[Run 09 Gen 29] fe+=256 fe=7424 cost=4356569493.15 viol=1413230592.1801 obj=1417587161673.28 delta_obj=7060230885.964355 contrib=15523547030.309830

[Run 09 Gen 30] focus[1/1] comp=2/8 size=556
[Run 09 Gen 30] fe+=256 fe=7680 cost=4351418835.62 viol=1404588638.2901 obj=1408940057125.67 delta_obj=8647104547.614014 contrib=15436494067.865967

[Run 09 Gen 31] focus[1/1] comp=7/8 size=126
[Run 09 Gen 31] fe+=256 fe=7936 cost=4387048630.14 viol=1396073297.1516 obj=1400460345781.77 delta_obj=8479711343.899414 contrib=15006107930.000854

[Run 09 Gen 32] focus[1/1] comp=3/8 size=488
[Run 09 Gen 32] fe+=256 fe=8192 cost=4376772178.08 viol=1392492032.2744 obj=1396868804452.51 delta_obj=3591541329.257568 contrib=11216422275.327278

[Run 09 Gen 33] focus[1/1] comp=4/8 size=389
[Run 09 Gen 33] fe+=256 fe=8448 cost=4437280342.47 viol=1380935577.8979 obj=1385372858240.39 delta_obj=11495946212.116699 contrib=14909187394.042076

[Run 09 Gen 34] focus[1/1] comp=5/8 size=246
[Run 09 Gen 34] fe+=256 fe=8704 cost=4474760410.96 viol=1379940807.5755 obj=1384415567986.42 delta_obj=957290253.974609 contrib=9532716489.407349

[Run 09 Gen 35] focus[1/1] comp=1/8 size=835
[Run 09 Gen 35] fe+=256 fe=8960 cost=4493962931.51 viol=1374676693.2729 obj=1379170656204.39 delta_obj=5244911782.032227 contrib=10527888240.599201

[Run 09 Gen 36] focus[1/1] comp=6/8 size=226
[Run 09 Gen 36] fe+=256 fe=9216 cost=4502114027.40 viol=1371385027.8859 obj=1375887141913.32 delta_obj=3283514291.061768 contrib=9403530660.685799

[Run 09 Gen 37] focus[1/1] comp=2/8 size=556
[Run 09 Gen 37] fe+=256 fe=9472 cost=4497713424.66 viol=1363924019.6686 obj=1368421733093.25 delta_obj=7465408820.069824 contrib=11450951443.967896

[Run 09 Gen 38] focus[1/1] comp=8/8 size=48
[Run 09 Gen 38] fe+=256 fe=9728 cost=4491287575.34 viol=1363899218.3103 obj=1368390505885.64 delta_obj=31227207.614990 contrib=7541482144.328033

[Run 09 Gen 39] focus[1/1] comp=7/8 size=126
[Run 09 Gen 39] fe+=256 fe=9984 cost=4494963095.89 viol=1362370685.3899 obj=1366865648485.75 delta_obj=1524857399.892090 contrib=8265482664.946472

[Run 09 Gen 40] focus[1/1] comp=4/8 size=389
[Run 09 Gen 40] fe+=256 fe=10240 cost=4476110575.34 viol=1360803937.7472 obj=1365280048322.59 delta_obj=1585600163.160889 contrib=8247393778.601482

[Run 09 Gen 41] focus[1/1] comp=2/8 size=556
[Run 09 Gen 41] fe+=256 fe=10496 cost=4477210684.93 viol=1356944693.3218 obj=1361421904006.71 delta_obj=3858144315.880615 contrib=7654547879.924255

[Run 09 Gen 42] focus[1/1] comp=3/8 size=488
[Run 09 Gen 42] fe+=256 fe=10752 cost=4499538671.23 viol=1340474985.5323 obj=1344974524203.50 delta_obj=16447379803.208984 contrib=13831901039.268131

[Run 09 Gen 43] focus[1/1] comp=3/8 size=488
[Run 09 Gen 43] fe+=256 fe=11008 cost=4489212273.97 viol=1338742590.6338 obj=1343231802907.78 delta_obj=1742721295.720215 contrib=7787311167.494173

[Run 09 Gen 44] focus[1/1] comp=1/8 size=835
[Run 09 Gen 44] fe+=256 fe=11264 cost=4489212273.97 viol=1338742590.6338 obj=1343231802907.78 delta_obj=0.000000 contrib=5263944120.299601

[Run 09 Gen 45] focus[1/1] comp=5/8 size=246
[Run 09 Gen 45] fe+=256 fe=11520 cost=4473385164.38 viol=1338674140.3767 obj=1343147525541.09 delta_obj=84277366.689209 contrib=4808496928.048279

[Run 09 Gen 46] focus[1/1] comp=6/8 size=226
[Run 09 Gen 46] fe+=256 fe=11776 cost=4479060904.11 viol=1337250988.4523 obj=1341730049356.42 delta_obj=1417476184.663574 contrib=5410503422.674686

[Run 09 Gen 47] focus[1/1] comp=7/8 size=126
[Run 09 Gen 47] fe+=256 fe=12032 cost=4486086863.01 viol=1336373062.0558 obj=1340859148918.83 delta_obj=870900437.592285 contrib=4568191551.269379

[Run 09 Gen 48] focus[1/1] comp=4/8 size=389
[Run 09 Gen 48] fe+=256 fe=12288 cost=4490237410.96 viol=1334963413.5384 obj=1339453650949.37 delta_obj=1405497969.465332 contrib=4826445874.033407

[Run 09 Gen 49] focus[1/1] comp=3/8 size=488
[Run 09 Gen 49] fe+=256 fe=12544 cost=4527092397.26 viol=1319655420.5631 obj=1324182512960.34 delta_obj=15271137989.021729 contrib=11529224578.257950

[Run 09 Gen 50] focus[1/1] comp=3/8 size=488
[Run 09 Gen 50] fe+=256 fe=12800 cost=4527092397.26 viol=1319655420.5631 obj=1324182512960.34 delta_obj=0.000000 contrib=5764612289.128975
[Stop] reached max_outer_gen=50
[7/7] Write outputs
[Done] summary=/work/home/acn1eb8nfq/yuezhang46/UScode/US实验三：顺序模块/gcpcc_logs_US_FR/run_09_seed_1009/runs_summary.csv
