[RunConfig] run_id=10 seed=1010
[OutputDir] /work/home/acn1eb8nfq/yuezhang46/UScode/US实验三：顺序模块/gcpcc_logs_US_FR/run_10_seed_1010
[Data] nodes=4301
[1/7] Load scenarios
  2020: raw_edges=5296 days=366
  2025: raw_edges=5296 days=365
  2030: raw_edges=5296 days=365
  2035: raw_edges=5296 days=365
  2040: raw_edges=5296 days=366
[Filter] w_min=1.0
  active=2914 inactive=1387(fixed NONE)
  2020: removed=2048 kept=3248
  2025: removed=2048 kept=3248
  2030: removed=2048 kept=3248
  2035: removed=2048 kept=3248
  2040: removed=2048 kept=3248
  2020: filtered_edges=3248
  2025: filtered_edges=3248
  2030: filtered_edges=3248
  2035: filtered_edges=3248
  2040: filtered_edges=3248
[2/7] Spatial cut + fragment repair
  2020: K=7 top_sizes=[809, 550, 485, 424, 247, 229, 170] fragments=59
  2025: K=7 top_sizes=[810, 549, 487, 422, 247, 229, 170] fragments=59
  2030: K=7 top_sizes=[810, 549, 487, 422, 247, 229, 170] fragments=59
  2035: K=7 top_sizes=[833, 554, 488, 393, 247, 229, 170] fragments=70
  2040: K=7 top_sizes=[834, 554, 489, 392, 293, 226, 126] fragments=63
[3/7] Consensus cut (min_agree=5, cfg_min=None, cfg_ratio=0.9)
[ConsensusMerge] med=2 thr=30 merged=20
  components=8 min/med/max=48/317/835
  singleton_components=0
[4/7] Dependency graph + coloring
  color_groups=3 sizes=[3, 3, 2]
  serial_components=8
[5/7] Initialize plan
  init: cost=1860258191.78 viol=3081012549.8760 obj=3082872808067.83
[6/7] Outer iterations

[Run 10 Gen 1] explore[1/8] comp=1/8 size=835
[Run 10 Gen 1] fe+=256 fe=256 cost=2306543109.59 viol=2777146785.1180 obj=2779453328227.63 delta_obj=303419479840.195312 contrib=151709739920.097656

[Run 10 Gen 2] explore[2/8] comp=2/8 size=556
[Run 10 Gen 2] fe+=256 fe=512 cost=2633262136.99 viol=2533725738.0359 obj=2536359000172.90 delta_obj=243094328054.732422 contrib=121547164027.366211

[Run 10 Gen 3] explore[3/8] comp=3/8 size=488
[Run 10 Gen 3] fe+=256 fe=768 cost=2945079082.19 viol=2317298864.7349 obj=2320243943817.14 delta_obj=216115056355.759766 contrib=108057528177.879883

[Run 10 Gen 4] explore[4/8] comp=4/8 size=389
[Run 10 Gen 4] fe+=256 fe=1024 cost=3205739178.08 viol=2155796026.9187 obj=2159001766096.74 delta_obj=161242177720.403809 contrib=80621088860.201904

[Run 10 Gen 5] explore[5/8] comp=5/8 size=246
[Run 10 Gen 5] fe+=256 fe=1280 cost=3416442643.84 viol=2082515844.5844 obj=2085932287228.25 delta_obj=73069478868.483154 contrib=36534739434.241577

[Run 10 Gen 6] explore[6/8] comp=6/8 size=226
[Run 10 Gen 6] fe+=256 fe=1536 cost=3579239424.66 viol=1959195749.5743 obj=1962774988998.93 delta_obj=123157298229.320312 contrib=61578649114.660156

[Run 10 Gen 7] explore[7/8] comp=7/8 size=126
[Run 10 Gen 7] fe+=256 fe=1792 cost=3657524972.60 viol=1906960554.2219 obj=1910618079194.48 delta_obj=52156909804.454590 contrib=26078454902.227295

[Run 10 Gen 8] explore[8/8] comp=8/8 size=48
[Run 10 Gen 8] fe+=256 fe=2048 cost=3712082315.07 viol=1860819481.2533 obj=1864531563568.37 delta_obj=46086515626.104736 contrib=23043257813.052368

[Run 10 Gen 9] focus[1/1] comp=1/8 size=835
[Run 10 Gen 9] fe+=256 fe=2304 cost=3782116712.33 viol=1789912308.2777 obj=1793694424989.99 delta_obj=70837138578.380371 contrib=111273439249.239014

[Run 10 Gen 10] focus[1/1] comp=2/8 size=556
[Run 10 Gen 10] fe+=256 fe=2560 cost=3925986054.79 viol=1702319036.8504 obj=1706245022905.22 delta_obj=87449402084.773926 contrib=104498283056.070068

[Run 10 Gen 11] focus[1/1] comp=1/8 size=835
[Run 10 Gen 11] fe+=256 fe=2816 cost=3997195698.63 viol=1675405493.7076 obj=1679402689406.18 delta_obj=26842333499.036133 contrib=69057886374.137573

[Run 10 Gen 12] focus[1/1] comp=3/8 size=488
[Run 10 Gen 12] fe+=256 fe=3072 cost=4047177410.96 viol=1614280916.8080 obj=1618328094218.96 delta_obj=61074595187.221436 contrib=84566061682.550659

[Run 10 Gen 13] focus[1/1] comp=2/8 size=556
[Run 10 Gen 13] fe+=256 fe=3328 cost=4053753315.07 viol=1601038315.4937 obj=1605092068808.73 delta_obj=13236025410.230469 contrib=58867154233.150269

[Run 10 Gen 14] focus[1/1] comp=3/8 size=488
[Run 10 Gen 14] fe+=256 fe=3584 cost=4060204191.78 viol=1590692221.1332 obj=1594752425324.98 delta_obj=10339643483.747803 contrib=47452852583.149231

[Run 10 Gen 15] focus[1/1] comp=4/8 size=389
[Run 10 Gen 15] fe+=256 fe=3840 cost=4138664767.12 viol=1549692663.6482 obj=1553831328415.34 delta_obj=40921096909.646973 contrib=60771092884.924438

[Run 10 Gen 16] focus[1/1] comp=1/8 size=835
[Run 10 Gen 16] fe+=256 fe=4096 cost=4131488808.22 viol=1542439226.2166 obj=1546570715024.82 delta_obj=7260613390.513916 contrib=38159249882.325745

[Run 10 Gen 17] focus[1/1] comp=6/8 size=226
[Run 10 Gen 17] fe+=256 fe=4352 cost=4165143356.16 viol=1515332216.7550 obj=1519497360111.21 delta_obj=27073354913.615234 contrib=44326002014.137695

[Run 10 Gen 18] focus[1/1] comp=4/8 size=389
[Run 10 Gen 18] fe+=256 fe=4608 cost=4199673041.10 viol=1512288011.9630 obj=1516487685004.07 delta_obj=3009675107.138184 contrib=31890383996.031311

[Run 10 Gen 19] focus[1/1] comp=2/8 size=556
[Run 10 Gen 19] fe+=256 fe=4864 cost=4211799712.33 viol=1500250082.4986 obj=1504461882210.96 delta_obj=12025802793.106934 contrib=35446478513.128601

[Run 10 Gen 20] focus[1/1] comp=3/8 size=488
[Run 10 Gen 20] fe+=256 fe=5120 cost=4245454260.27 viol=1469504907.8707 obj=1473750362130.98 delta_obj=30711520079.987549 contrib=39082186331.568390

[Run 10 Gen 21] focus[1/1] comp=6/8 size=226
[Run 10 Gen 21] fe+=256 fe=5376 cost=4272582958.90 viol=1457054629.9057 obj=1461327212864.61 delta_obj=12423149266.369873 contrib=28374575640.253784

[Run 10 Gen 22] focus[1/1] comp=3/8 size=488
[Run 10 Gen 22] fe+=256 fe=5632 cost=4257730931.51 viol=1456919048.4115 obj=1461176779343.01 delta_obj=150433521.597412 contrib=19616309926.582901

[Run 10 Gen 23] focus[1/1] comp=1/8 size=835
[Run 10 Gen 23] fe+=256 fe=5888 cost=4281659082.19 viol=1437075889.0252 obj=1441357548107.43 delta_obj=19819231235.575195 contrib=28989240558.950470

[Run 10 Gen 24] focus[1/1] comp=5/8 size=246
[Run 10 Gen 24] fe+=256 fe=6144 cost=4321839589.04 viol=1434440089.3694 obj=1438761928958.46 delta_obj=2595619148.968018 contrib=19565179291.604797

[Run 10 Gen 25] focus[1/1] comp=2/8 size=556
[Run 10 Gen 25] fe+=256 fe=6400 cost=4341617301.37 viol=1428569981.8983 obj=1432911599199.69 delta_obj=5850329758.771240 contrib=20648404135.949921

[Run 10 Gen 26] focus[1/1] comp=4/8 size=389
[Run 10 Gen 26] fe+=256 fe=6656 cost=4346042931.51 viol=1424845987.5597 obj=1429192030491.17 delta_obj=3719568708.521729 contrib=17804976352.276520

[Run 10 Gen 27] focus[1/1] comp=1/8 size=835
[Run 10 Gen 27] fe+=256 fe=6912 cost=4331866041.10 viol=1420812873.1711 obj=1425144739212.19 delta_obj=4047291278.978027 contrib=16518265918.964249

[Run 10 Gen 28] focus[1/1] comp=6/8 size=226
[Run 10 Gen 28] fe+=256 fe=7168 cost=4343742657.53 viol=1414053258.9426 obj=1418397001600.16 delta_obj=6747737612.031982 contrib=17561156626.142883

[Run 10 Gen 29] focus[1/1] comp=7/8 size=126
[Run 10 Gen 29] fe+=256 fe=7424 cost=4356719438.36 viol=1403238064.9236 obj=1407594784361.94 delta_obj=10802217238.221924 contrib=18440336070.224609

[Run 10 Gen 30] focus[1/1] comp=8/8 size=48
[Run 10 Gen 30] fe+=256 fe=7680 cost=4360995013.70 viol=1402220648.4828 obj=1406581643496.50 delta_obj=1013140865.437744 contrib=12028199339.245056

[Run 10 Gen 31] focus[1/1] comp=2/8 size=556
[Run 10 Gen 31] fe+=256 fe=7936 cost=4363945397.26 viol=1398956541.6067 obj=1403320487003.95 delta_obj=3261156492.548340 contrib=11954780314.249130

[Run 10 Gen 32] focus[1/1] comp=3/8 size=488
[Run 10 Gen 32] fe+=256 fe=8192 cost=4373196657.53 viol=1389600051.8108 obj=1393973248468.31 delta_obj=9347238535.643311 contrib=14481774231.113106

[Run 10 Gen 33] focus[1/1] comp=5/8 size=246
[Run 10 Gen 33] fe+=256 fe=8448 cost=4392649287.67 viol=1388780227.0424 obj=1393172876330.07 delta_obj=800372138.243164 contrib=10182775714.923981

[Run 10 Gen 34] focus[1/1] comp=7/8 size=126
[Run 10 Gen 34] fe+=256 fe=8704 cost=4405876068.49 viol=1386333620.2322 obj=1390739496300.67 delta_obj=2433380029.398193 contrib=10436858049.811401

[Run 10 Gen 35] focus[1/1] comp=4/8 size=389
[Run 10 Gen 35] fe+=256 fe=8960 cost=4403775794.52 viol=1380603418.7206 obj=1385007194515.10 delta_obj=5732301785.564941 contrib=11768639068.920731

[Run 10 Gen 36] focus[1/1] comp=6/8 size=226
[Run 10 Gen 36] fe+=256 fe=9216 cost=4400225301.37 viol=1378289236.3100 obj=1382689461611.32 delta_obj=2317732903.781006 contrib=9939444764.961945

[Run 10 Gen 37] focus[1/1] comp=1/8 size=835
[Run 10 Gen 37] fe+=256 fe=9472 cost=4434229904.11 viol=1358959546.3201 obj=1363393776224.25 delta_obj=19295685387.076904 contrib=17906975653.020576

[Run 10 Gen 38] focus[1/1] comp=1/8 size=835
[Run 10 Gen 38] fe+=256 fe=9728 cost=4440805753.42 viol=1358554451.8626 obj=1362995257616.04 delta_obj=398518608.205078 contrib=9152747130.612827

[Run 10 Gen 39] focus[1/1] comp=3/8 size=488
[Run 10 Gen 39] fe+=256 fe=9984 cost=4440805753.42 viol=1358554451.8626 obj=1362995257616.04 delta_obj=0.000000 contrib=7240887115.556553

[Run 10 Gen 40] focus[1/1] comp=8/8 size=48
[Run 10 Gen 40] fe+=256 fe=10240 cost=4441205808.22 viol=1358366689.5407 obj=1362807895348.88 delta_obj=187362267.157959 contrib=6107780803.201508

[Run 10 Gen 41] focus[1/1] comp=2/8 size=556
[Run 10 Gen 41] fe+=256 fe=10496 cost=4457733027.40 viol=1354037531.1609 obj=1358495264188.33 delta_obj=4312631160.549072 contrib=8133705737.399101

[Run 10 Gen 42] focus[1/1] comp=4/8 size=389
[Run 10 Gen 42] fe+=256 fe=10752 cost=4455007671.23 viol=1353658916.4010 obj=1358113924072.25 delta_obj=381340116.084229 contrib=6074989592.502480

[Run 10 Gen 43] focus[1/1] comp=7/8 size=126
[Run 10 Gen 43] fe+=256 fe=11008 cost=4475135383.56 viol=1351512218.8060 obj=1355987354189.59 delta_obj=2126569882.656738 contrib=6281713966.234070

[Run 10 Gen 44] focus[1/1] comp=5/8 size=246
[Run 10 Gen 44] fe+=256 fe=11264 cost=4479811013.70 viol=1351246178.6480 obj=1355725989661.73 delta_obj=261364527.863037 contrib=5222070121.393509

[Run 10 Gen 45] focus[1/1] comp=6/8 size=226
[Run 10 Gen 45] fe+=256 fe=11520 cost=4479811013.70 viol=1351246178.6480 obj=1355725989661.73 delta_obj=0.000000 contrib=4969722382.480972

[Run 10 Gen 46] focus[1/1] comp=1/8 size=835
[Run 10 Gen 46] fe+=256 fe=11776 cost=4479811013.70 viol=1351246178.6480 obj=1355725989661.73 delta_obj=0.000000 contrib=4576373565.306414

[Run 10 Gen 47] focus[1/1] comp=2/8 size=556
[Run 10 Gen 47] fe+=256 fe=12032 cost=4493762876.71 viol=1336250966.9144 obj=1340744729791.11 delta_obj=14981259870.616455 contrib=11557482804.007778

[Run 10 Gen 48] focus[1/1] comp=2/8 size=556
[Run 10 Gen 48] fe+=256 fe=12288 cost=4504314301.37 viol=1331924986.2100 obj=1336429300511.35 delta_obj=4315429279.758789 contrib=7936456041.883284

[Run 10 Gen 49] focus[1/1] comp=2/8 size=556
[Run 10 Gen 49] fe+=256 fe=12544 cost=4509615013.70 viol=1327581238.8656 obj=1332090853879.34 delta_obj=4338446632.014893 contrib=6137451336.949088

[Run 10 Gen 50] focus[1/1] comp=3/8 size=488
[Run 10 Gen 50] fe+=256 fe=12800 cost=4515290753.42 viol=1323384684.9476 obj=1327899975701.00 delta_obj=4190878178.337402 contrib=5715882646.946978
[Stop] reached max_outer_gen=50
[7/7] Write outputs
[Done] summary=/work/home/acn1eb8nfq/yuezhang46/UScode/US实验三：顺序模块/gcpcc_logs_US_FR/run_10_seed_1010/runs_summary.csv
