[RunConfig] run_id=14 seed=1014
[OutputDir] /work/home/acn1eb8nfq/yuezhang46/UScode/US实验三：顺序模块/gcpcc_logs_US_RR/run_14_seed_1014
[Data] nodes=4301
[1/7] Load scenarios
  2020: raw_edges=5296 days=366
  2025: raw_edges=5296 days=365
  2030: raw_edges=5296 days=365
  2035: raw_edges=5296 days=365
  2040: raw_edges=5296 days=366
[Filter] w_min=1.0
  active=2914 inactive=1387(fixed NONE)
  2020: removed=2048 kept=3248
  2025: removed=2048 kept=3248
  2030: removed=2048 kept=3248
  2035: removed=2048 kept=3248
  2040: removed=2048 kept=3248
  2020: filtered_edges=3248
  2025: filtered_edges=3248
  2030: filtered_edges=3248
  2035: filtered_edges=3248
  2040: filtered_edges=3248
[2/7] Spatial cut + fragment repair
  2020: K=7 top_sizes=[809, 550, 485, 424, 247, 229, 170] fragments=59
  2025: K=7 top_sizes=[810, 549, 487, 422, 247, 229, 170] fragments=59
  2030: K=7 top_sizes=[810, 549, 487, 422, 247, 229, 170] fragments=59
  2035: K=7 top_sizes=[833, 554, 488, 393, 247, 229, 170] fragments=70
  2040: K=7 top_sizes=[834, 554, 489, 392, 293, 226, 126] fragments=63
[3/7] Consensus cut (min_agree=5, cfg_min=None, cfg_ratio=0.9)
[ConsensusMerge] med=2 thr=30 merged=20
  components=8 min/med/max=48/317/835
  singleton_components=0
[4/7] Build serial component order
  serial_components=8
[5/7] Initialize plan
  init: cost=1733940821.92 viol=3125248632.4086 obj=3126982573230.51
[6/7] Outer iterations

[Run 14 Gen 1] comp=1/8 size=835
[Run 14 Gen 1] fe+=256 fe=256 cost=2159623000.00 viol=2817547290.5926 obj=2819706913592.56

[Run 14 Gen 2] comp=2/8 size=556
[Run 14 Gen 2] fe+=256 fe=512 cost=2478290931.51 viol=2572862442.9895 obj=2575340733921.03

[Run 14 Gen 3] comp=3/8 size=488
[Run 14 Gen 3] fe+=256 fe=768 cost=2760878849.32 viol=2352242868.2939 obj=2355003747143.24

[Run 14 Gen 4] comp=4/8 size=389
[Run 14 Gen 4] fe+=256 fe=1024 cost=3055918630.14 viol=2169617769.9466 obj=2172673688576.70

[Run 14 Gen 5] comp=5/8 size=246
[Run 14 Gen 5] fe+=256 fe=1280 cost=3325630095.89 viol=2091633709.0843 obj=2094959339180.21

[Run 14 Gen 6] comp=6/8 size=226
[Run 14 Gen 6] fe+=256 fe=1536 cost=3495177863.01 viol=1956189879.4105 obj=1959685057273.53

[Run 14 Gen 7] comp=7/8 size=126
[Run 14 Gen 7] fe+=256 fe=1792 cost=3571513136.99 viol=1899913175.2603 obj=1903484688397.28

[Run 14 Gen 8] comp=8/8 size=48
[Run 14 Gen 8] fe+=256 fe=2048 cost=3639897369.86 viol=1847766021.0231 obj=1851405918392.93

[Run 14 Gen 9] comp=1/8 size=835
[Run 14 Gen 9] fe+=256 fe=2304 cost=3781366602.74 viol=1753588479.3918 obj=1757369845994.53

[Run 14 Gen 10] comp=2/8 size=556
[Run 14 Gen 10] fe+=256 fe=2560 cost=3923310753.42 viol=1674786179.6998 obj=1678709490453.26

[Run 14 Gen 11] comp=3/8 size=488
[Run 14 Gen 11] fe+=256 fe=2816 cost=3982518698.63 viol=1618431394.5512 obj=1622413913249.87

[Run 14 Gen 12] comp=4/8 size=389
[Run 14 Gen 12] fe+=256 fe=3072 cost=4064354794.52 viol=1589522413.2316 obj=1593586768026.08

[Run 14 Gen 13] comp=5/8 size=246
[Run 14 Gen 13] fe+=256 fe=3328 cost=4079431849.32 viol=1586449077.8627 obj=1590528509711.97

[Run 14 Gen 14] comp=6/8 size=226
[Run 14 Gen 14] fe+=256 fe=3584 cost=4104910273.97 viol=1573523529.5989 obj=1577628439872.83

[Run 14 Gen 15] comp=7/8 size=126
[Run 14 Gen 15] fe+=256 fe=3840 cost=4141565205.48 viol=1565440903.7165 obj=1569582468921.96

[Run 14 Gen 16] comp=8/8 size=48
[Run 14 Gen 16] fe+=256 fe=4096 cost=4147215972.60 viol=1563395623.4601 obj=1567542839432.68

[Run 14 Gen 17] comp=1/8 size=835
[Run 14 Gen 17] fe+=256 fe=4352 cost=4200223041.10 viol=1536711150.4539 obj=1540911373495.02

[Run 14 Gen 18] comp=2/8 size=556
[Run 14 Gen 18] fe+=256 fe=4608 cost=4268282191.78 viol=1507092697.1456 obj=1511360979337.40

[Run 14 Gen 19] comp=3/8 size=488
[Run 14 Gen 19] fe+=256 fe=4864 cost=4281959082.19 viol=1492508156.3661 obj=1496790115448.34

[Run 14 Gen 20] comp=4/8 size=389
[Run 14 Gen 20] fe+=256 fe=5120 cost=4320414232.88 viol=1482894092.0417 obj=1487214506274.62

[Run 14 Gen 21] comp=5/8 size=246
[Run 14 Gen 21] fe+=256 fe=5376 cost=4336391397.26 viol=1482314537.0421 obj=1486650928439.41

[Run 14 Gen 22] comp=6/8 size=226
[Run 14 Gen 22] fe+=256 fe=5632 cost=4367620589.04 viol=1471560526.0992 obj=1475928146688.23

[Run 14 Gen 23] comp=7/8 size=126
[Run 14 Gen 23] fe+=256 fe=5888 cost=4366570479.45 viol=1470825148.7340 obj=1475191719213.44

[Run 14 Gen 24] comp=8/8 size=48
[Run 14 Gen 24] fe+=256 fe=6144 cost=4369070808.22 viol=1470176596.9764 obj=1474545667784.60

[Run 14 Gen 25] comp=1/8 size=835
[Run 14 Gen 25] fe+=256 fe=6400 cost=4395649397.26 viol=1450027923.4239 obj=1454423572821.13

[Run 14 Gen 26] comp=2/8 size=556
[Run 14 Gen 26] fe+=256 fe=6656 cost=4407350986.30 viol=1439862733.7157 obj=1444270084702.01

[Run 14 Gen 27] comp=3/8 size=488
[Run 14 Gen 27] fe+=256 fe=6912 cost=4459282972.60 viol=1407745316.5029 obj=1412204599475.47

[Run 14 Gen 28] comp=4/8 size=389
[Run 14 Gen 28] fe+=256 fe=7168 cost=4468584232.88 viol=1406000600.1905 obj=1410469184423.33

[Run 14 Gen 29] comp=5/8 size=246
[Run 14 Gen 29] fe+=256 fe=7424 cost=4461858328.77 viol=1405821888.4295 obj=1410283746758.30

[Run 14 Gen 30] comp=6/8 size=226
[Run 14 Gen 30] fe+=256 fe=7680 cost=4467559095.89 viol=1402530432.7681 obj=1406997991864.03

[Run 14 Gen 31] comp=7/8 size=126
[Run 14 Gen 31] fe+=256 fe=7936 cost=4477460465.75 viol=1401940490.5399 obj=1406417951005.69

[Run 14 Gen 32] comp=8/8 size=48
[Run 14 Gen 32] fe+=256 fe=8192 cost=4490987301.37 viol=1401146733.4089 obj=1405637720710.31

[Run 14 Gen 33] comp=1/8 size=835
[Run 14 Gen 33] fe+=256 fe=8448 cost=4518066000.00 viol=1393392214.8905 obj=1397910280890.48

[Run 14 Gen 34] comp=2/8 size=556
[Run 14 Gen 34] fe+=256 fe=8704 cost=4544244534.25 viol=1380990200.7126 obj=1385534445246.89

[Run 14 Gen 35] comp=3/8 size=488
[Run 14 Gen 35] fe+=256 fe=8960 cost=4544244534.25 viol=1380990200.7126 obj=1385534445246.89

[Run 14 Gen 36] comp=4/8 size=389
[Run 14 Gen 36] fe+=256 fe=9216 cost=4531442780.82 viol=1379989670.5036 obj=1384521113284.45

[Run 14 Gen 37] comp=5/8 size=246
[Run 14 Gen 37] fe+=256 fe=9472 cost=4535093328.77 viol=1379780846.6152 obj=1384315939943.97

[Run 14 Gen 38] comp=6/8 size=226
[Run 14 Gen 38] fe+=256 fe=9728 cost=4533193054.79 viol=1379771984.1104 obj=1384305177165.17

[Run 14 Gen 39] comp=7/8 size=126
[Run 14 Gen 39] fe+=256 fe=9984 cost=4532167917.81 viol=1379771984.1104 obj=1384304152028.18

[Run 14 Gen 40] comp=8/8 size=48
[Run 14 Gen 40] fe+=256 fe=10240 cost=4530792726.03 viol=1379695340.3583 obj=1384226133084.31

[Run 14 Gen 41] comp=1/8 size=835
[Run 14 Gen 41] fe+=256 fe=10496 cost=4558296561.64 viol=1368241074.8046 obj=1372799371366.26

[Run 14 Gen 42] comp=2/8 size=556
[Run 14 Gen 42] fe+=256 fe=10752 cost=4558296561.64 viol=1368241074.8046 obj=1372799371366.26

[Run 14 Gen 43] comp=3/8 size=488
[Run 14 Gen 43] fe+=256 fe=11008 cost=4558296561.64 viol=1368241074.8046 obj=1372799371366.26

[Run 14 Gen 44] comp=4/8 size=389
[Run 14 Gen 44] fe+=256 fe=11264 cost=4566822739.73 viol=1363516435.4425 obj=1368083258182.22

[Run 14 Gen 45] comp=5/8 size=246
[Run 14 Gen 45] fe+=256 fe=11520 cost=4556496342.47 viol=1363475723.4883 obj=1368032219830.74

[Run 14 Gen 46] comp=6/8 size=226
[Run 14 Gen 46] fe+=256 fe=11776 cost=4561047000.00 viol=1356610838.1607 obj=1361171885160.68

[Run 14 Gen 47] comp=7/8 size=126
[Run 14 Gen 47] fe+=256 fe=12032 cost=4577899301.37 viol=1356203960.4599 obj=1360781859761.29

[Run 14 Gen 48] comp=8/8 size=48
[Run 14 Gen 48] fe+=256 fe=12288 cost=4578249356.16 viol=1356089653.7208 obj=1360667903077.01

[Run 14 Gen 49] comp=1/8 size=835
[Run 14 Gen 49] fe+=256 fe=12544 cost=4590826082.19 viol=1348721000.1353 obj=1353311826217.49

[Run 14 Gen 50] comp=2/8 size=556
[Run 14 Gen 50] fe+=256 fe=12800 cost=4590826082.19 viol=1348721000.1353 obj=1353311826217.49
[Stop] reached max_outer_gen=50
[7/7] Write outputs
[Done] summary=/work/home/acn1eb8nfq/yuezhang46/UScode/US实验三：顺序模块/gcpcc_logs_US_RR/run_14_seed_1014/runs_summary.csv
