[RunConfig] run_id=9 seed=1009
[OutputDir] /work/home/acn1eb8nfq/yuezhang46/GFcode/GF实验二：分解模块/gcpcc_logs_GF_DG/run_09_seed_1009
[Config] decomp_mode=dg_static_rr
[Config] differential_grouping: static_once=1, eps_abs=1e-06, eps_rel=1e-06
[Data] nodes=1810
[1/7] Load scenarios
  spring: raw_edges=3686 days=31
  summer: raw_edges=3686 days=30
  autumn: raw_edges=3686 days=31
  winter: raw_edges=3686 days=30
[Filter] w_min=1.0
  active=1450 inactive=360(fixed NONE)
  spring: removed=2281 kept=1405
  summer: removed=2206 kept=1480
  autumn: removed=2131 kept=1555
  winter: removed=2189 kept=1497
  spring: filtered_edges=1405
  summer: filtered_edges=1480
  autumn: filtered_edges=1555
  winter: filtered_edges=1497
[2/7] Decomposition: classical differential grouping (static)
[3/7] Pairwise interaction detection
  pairs=1168/1050525 mode=edge_only edge_topk=1 two_hop_cap=8 eval=local_approx fast_single=1 edges=585 eval_cache=1169
  components=865 min/med/max=1/1/19
  singleton_components=646
[4/7] Dependency graph + coloring
  color_groups=3 sizes=[329, 456, 80]
[5/7] Initialize plan
  init: cost=76533000.79 viol=1919882.0327 obj=1996415033.49
[6/7] Outer iterations

[Run 09 Gen 1] group=0 comps=329
[Run 09 Gen 1] fe+=256 fe=256 cost=78651238.43 viol=648335.5011 obj=726986739.52

[Run 09 Gen 2] group=1 comps=456
[Run 09 Gen 2] fe+=256 fe=512 cost=68152123.28 viol=142847.7760 obj=210999899.32

[Run 09 Gen 3] group=2 comps=80
[Run 09 Gen 3] fe+=256 fe=768 cost=66862757.07 viol=17031.1308 obj=83893887.88

[Run 09 Gen 4] group=0 comps=329
[Run 09 Gen 4] fe+=256 fe=1024 cost=65481294.78 viol=16829.5775 obj=82310872.25

[Run 09 Gen 5] group=1 comps=456
[Run 09 Gen 5] fe+=256 fe=1280 cost=65112904.10 viol=16777.5966 obj=81890500.71

[Run 09 Gen 6] group=2 comps=80
[Run 09 Gen 6] fe+=256 fe=1536 cost=65112904.10 viol=16777.5966 obj=81890500.71

[Run 09 Gen 7] group=0 comps=329
[Run 09 Gen 7] fe+=256 fe=1792 cost=64744514.43 viol=16708.2414 obj=81452755.86

[Run 09 Gen 8] group=1 comps=456
[Run 09 Gen 8] fe+=256 fe=2048 cost=64744514.43 viol=16708.2414 obj=81452755.86

[Run 09 Gen 9] group=2 comps=80
[Run 09 Gen 9] fe+=256 fe=2304 cost=64744514.43 viol=16708.2414 obj=81452755.86

[Run 09 Gen 10] group=0 comps=329
[Run 09 Gen 10] fe+=256 fe=2560 cost=64744514.09 viol=16708.2414 obj=81452755.53

[Run 09 Gen 11] group=1 comps=456
[Run 09 Gen 11] fe+=256 fe=2816 cost=64744514.09 viol=16684.2303 obj=81428744.42

[Run 09 Gen 12] group=2 comps=80
[Run 09 Gen 12] fe+=256 fe=3072 cost=64744514.09 viol=16684.2303 obj=81428744.42

[Run 09 Gen 13] group=0 comps=329
[Run 09 Gen 13] fe+=256 fe=3328 cost=64744514.09 viol=16627.7951 obj=81372309.17

[Run 09 Gen 14] group=1 comps=456
[Run 09 Gen 14] fe+=256 fe=3584 cost=64652416.67 viol=16627.7951 obj=81280211.79

[Run 09 Gen 15] group=2 comps=80
[Run 09 Gen 15] fe+=256 fe=3840 cost=64652416.67 viol=16627.7951 obj=81280211.79

[Run 09 Gen 16] group=0 comps=329
[Run 09 Gen 16] fe+=256 fe=4096 cost=64652416.67 viol=16627.7951 obj=81280211.79

[Run 09 Gen 17] group=1 comps=456
[Run 09 Gen 17] fe+=256 fe=4352 cost=64652416.34 viol=16622.9153 obj=81275331.69

[Run 09 Gen 18] group=2 comps=80
[Run 09 Gen 18] fe+=256 fe=4608 cost=64652416.34 viol=16622.9153 obj=81275331.69

[Run 09 Gen 19] group=0 comps=329
[Run 09 Gen 19] fe+=256 fe=4864 cost=64652416.01 viol=16622.9153 obj=81275331.35

[Run 09 Gen 20] group=1 comps=456
[Run 09 Gen 20] fe+=256 fe=5120 cost=64652416.01 viol=16622.9153 obj=81275331.35

[Run 09 Gen 21] group=2 comps=80
[Run 09 Gen 21] fe+=256 fe=5376 cost=64652416.01 viol=16622.9153 obj=81275331.35

[Run 09 Gen 22] group=0 comps=329
[Run 09 Gen 22] fe+=256 fe=5632 cost=64560318.25 viol=16598.7757 obj=81159093.92

[Run 09 Gen 23] group=1 comps=456
[Run 09 Gen 23] fe+=256 fe=5888 cost=64560318.25 viol=16598.7757 obj=81159093.92

[Run 09 Gen 24] group=2 comps=80
[Run 09 Gen 24] fe+=256 fe=6144 cost=64560318.25 viol=16598.7757 obj=81159093.92

[Run 09 Gen 25] group=0 comps=329
[Run 09 Gen 25] fe+=256 fe=6400 cost=64560318.25 viol=16598.7757 obj=81159093.92

[Run 09 Gen 26] group=1 comps=456
[Run 09 Gen 26] fe+=256 fe=6656 cost=64560318.25 viol=16598.7757 obj=81159093.92

[Run 09 Gen 27] group=2 comps=80
[Run 09 Gen 27] fe+=256 fe=6912 cost=64560318.25 viol=16598.7757 obj=81159093.92

[Run 09 Gen 28] group=0 comps=329
[Run 09 Gen 28] fe+=256 fe=7168 cost=64560318.25 viol=16598.7757 obj=81159093.92

[Run 09 Gen 29] group=1 comps=456
[Run 09 Gen 29] fe+=256 fe=7424 cost=64560318.25 viol=16598.7757 obj=81159093.92

[Run 09 Gen 30] group=2 comps=80
[Run 09 Gen 30] fe+=256 fe=7680 cost=64560318.25 viol=16598.7757 obj=81159093.92

[Run 09 Gen 31] group=0 comps=329
[Run 09 Gen 31] fe+=256 fe=7936 cost=64560318.25 viol=16598.7757 obj=81159093.92

[Run 09 Gen 32] group=1 comps=456
[Run 09 Gen 32] fe+=256 fe=8192 cost=64560318.25 viol=16564.3945 obj=81124712.71

[Run 09 Gen 33] group=2 comps=80
[Run 09 Gen 33] fe+=256 fe=8448 cost=64560318.25 viol=16564.3945 obj=81124712.71

[Run 09 Gen 34] group=0 comps=329
[Run 09 Gen 34] fe+=256 fe=8704 cost=64560318.25 viol=16450.2441 obj=81010562.40

[Run 09 Gen 35] group=1 comps=456
[Run 09 Gen 35] fe+=256 fe=8960 cost=64560317.92 viol=16450.2441 obj=81010562.06

[Run 09 Gen 36] group=2 comps=80
[Run 09 Gen 36] fe+=256 fe=9216 cost=64560317.92 viol=16450.2441 obj=81010562.06

[Run 09 Gen 37] group=0 comps=329
[Run 09 Gen 37] fe+=256 fe=9472 cost=64560317.92 viol=16426.8441 obj=80987161.98

[Run 09 Gen 38] group=1 comps=456
[Run 09 Gen 38] fe+=256 fe=9728 cost=64560317.92 viol=16426.8441 obj=80987161.98

[Run 09 Gen 39] group=2 comps=80
[Run 09 Gen 39] fe+=256 fe=9984 cost=64560317.92 viol=16426.8441 obj=80987161.98

[Run 09 Gen 40] group=0 comps=329
[Run 09 Gen 40] fe+=256 fe=10240 cost=64560317.58 viol=16338.9505 obj=80899268.11

[Run 09 Gen 41] group=1 comps=456
[Run 09 Gen 41] fe+=256 fe=10496 cost=64560317.58 viol=16338.9505 obj=80899268.11

[Run 09 Gen 42] group=2 comps=80
[Run 09 Gen 42] fe+=256 fe=10752 cost=64560317.58 viol=16338.9505 obj=80899268.11

[Run 09 Gen 43] group=0 comps=329
[Run 09 Gen 43] fe+=256 fe=11008 cost=64560317.58 viol=16338.9505 obj=80899268.11

[Run 09 Gen 44] group=1 comps=456
[Run 09 Gen 44] fe+=256 fe=11264 cost=64560317.58 viol=16338.9505 obj=80899268.11

[Run 09 Gen 45] group=2 comps=80
[Run 09 Gen 45] fe+=256 fe=11520 cost=64560317.58 viol=16338.9505 obj=80899268.11

[Run 09 Gen 46] group=0 comps=329
[Run 09 Gen 46] fe+=256 fe=11776 cost=64560317.58 viol=16338.9505 obj=80899268.11

[Run 09 Gen 47] group=1 comps=456
[Run 09 Gen 47] fe+=256 fe=12032 cost=64560317.58 viol=16338.9505 obj=80899268.11

[Run 09 Gen 48] group=2 comps=80
[Run 09 Gen 48] fe+=256 fe=12288 cost=64560317.58 viol=16338.9505 obj=80899268.11

[Run 09 Gen 49] group=0 comps=329
[Run 09 Gen 49] fe+=256 fe=12544 cost=64560317.58 viol=16338.9505 obj=80899268.11

[Run 09 Gen 50] group=1 comps=456
[Run 09 Gen 50] fe+=256 fe=12800 cost=64560317.58 viol=16338.9505 obj=80899268.11
[Stop] reached max_outer_gen=50
[7/7] Write outputs
[Done] summary=/work/home/acn1eb8nfq/yuezhang46/GFcode/GF实验二：分解模块/gcpcc_logs_GF_DG/run_09_seed_1009/runs_summary.csv
