[RunConfig] run_id=16 seed=1016
[OutputDir] /work/home/acn1eb8nfq/yuezhang46/GFcode/GF实验二：分解模块/gcpcc_logs_GF_DG/run_16_seed_1016
[Config] decomp_mode=dg_static_rr
[Config] differential_grouping: static_once=1, eps_abs=1e-06, eps_rel=1e-06
[Data] nodes=1810
[1/7] Load scenarios
  spring: raw_edges=3686 days=31
  summer: raw_edges=3686 days=30
  autumn: raw_edges=3686 days=31
  winter: raw_edges=3686 days=30
[Filter] w_min=1.0
  active=1450 inactive=360(fixed NONE)
  spring: removed=2281 kept=1405
  summer: removed=2206 kept=1480
  autumn: removed=2131 kept=1555
  winter: removed=2189 kept=1497
  spring: filtered_edges=1405
  summer: filtered_edges=1480
  autumn: filtered_edges=1555
  winter: filtered_edges=1497
[2/7] Decomposition: classical differential grouping (static)
[3/7] Pairwise interaction detection
  pairs=1168/1050525 mode=edge_only edge_topk=1 two_hop_cap=8 eval=local_approx fast_single=1 edges=595 eval_cache=1169
  components=855 min/med/max=1/1/16
  singleton_components=636
[4/7] Dependency graph + coloring
  color_groups=3 sizes=[340, 433, 82]
[5/7] Initialize plan
  init: cost=75796225.79 viol=1790439.5243 obj=1866235750.10
[6/7] Outer iterations

[Run 16 Gen 1] group=0 comps=340
[Run 16 Gen 1] fe+=256 fe=256 cost=77546069.06 viol=598054.3040 obj=675600373.10

[Run 16 Gen 2] group=1 comps=433
[Run 16 Gen 2] fe+=256 fe=512 cost=67599534.42 viol=153534.2329 obj=221133767.36

[Run 16 Gen 3] group=2 comps=82
[Run 16 Gen 3] fe+=256 fe=768 cost=67323243.17 viol=22578.7787 obj=89902021.85

[Run 16 Gen 4] group=0 comps=340
[Run 16 Gen 4] fe+=256 fe=1024 cost=65849683.12 viol=22215.8531 obj=88065536.20

[Run 16 Gen 5] group=1 comps=433
[Run 16 Gen 5] fe+=256 fe=1280 cost=65573390.87 viol=20686.1447 obj=86259535.56

[Run 16 Gen 6] group=2 comps=82
[Run 16 Gen 6] fe+=256 fe=1536 cost=65481293.45 viol=20689.5448 obj=86170838.28

[Run 16 Gen 7] group=0 comps=340
[Run 16 Gen 7] fe+=256 fe=1792 cost=65297098.61 viol=20591.3796 obj=85888478.18

[Run 16 Gen 8] group=1 comps=433
[Run 16 Gen 8] fe+=256 fe=2048 cost=65389196.36 viol=16678.6600 obj=82067856.40

[Run 16 Gen 9] group=2 comps=82
[Run 16 Gen 9] fe+=256 fe=2304 cost=65389196.36 viol=16678.6600 obj=82067856.40

[Run 16 Gen 10] group=0 comps=340
[Run 16 Gen 10] fe+=256 fe=2560 cost=65389196.36 viol=16659.1864 obj=82048382.71

[Run 16 Gen 11] group=1 comps=433
[Run 16 Gen 11] fe+=256 fe=2816 cost=65297098.94 viol=16696.3851 obj=81993484.04

[Run 16 Gen 12] group=2 comps=82
[Run 16 Gen 12] fe+=256 fe=3072 cost=65297098.94 viol=16696.3851 obj=81993484.04

[Run 16 Gen 13] group=0 comps=340
[Run 16 Gen 13] fe+=256 fe=3328 cost=65297098.94 viol=16696.3851 obj=81993484.04

[Run 16 Gen 14] group=1 comps=433
[Run 16 Gen 14] fe+=256 fe=3584 cost=65297098.61 viol=16696.3851 obj=81993483.71

[Run 16 Gen 15] group=2 comps=82
[Run 16 Gen 15] fe+=256 fe=3840 cost=65297098.27 viol=16696.3851 obj=81993483.37

[Run 16 Gen 16] group=0 comps=340
[Run 16 Gen 16] fe+=256 fe=4096 cost=65205000.85 viol=16696.3851 obj=81901385.95

[Run 16 Gen 17] group=1 comps=433
[Run 16 Gen 17] fe+=256 fe=4352 cost=65205000.52 viol=16696.3851 obj=81901385.59

[Run 16 Gen 18] group=2 comps=82
[Run 16 Gen 18] fe+=256 fe=4608 cost=65205000.52 viol=16696.3851 obj=81901385.59

[Run 16 Gen 19] group=0 comps=340
[Run 16 Gen 19] fe+=256 fe=4864 cost=65112902.77 viol=16642.0566 obj=81754959.38

[Run 16 Gen 20] group=1 comps=433
[Run 16 Gen 20] fe+=256 fe=5120 cost=65112902.43 viol=16611.6258 obj=81724528.20

[Run 16 Gen 21] group=2 comps=82
[Run 16 Gen 21] fe+=256 fe=5376 cost=65112902.43 viol=16611.6258 obj=81724528.20

[Run 16 Gen 22] group=0 comps=340
[Run 16 Gen 22] fe+=256 fe=5632 cost=65112902.43 viol=16611.6258 obj=81724528.20

[Run 16 Gen 23] group=1 comps=433
[Run 16 Gen 23] fe+=256 fe=5888 cost=65112902.43 viol=16611.6258 obj=81724528.20

[Run 16 Gen 24] group=2 comps=82
[Run 16 Gen 24] fe+=256 fe=6144 cost=65112902.43 viol=16611.6258 obj=81724528.20

[Run 16 Gen 25] group=0 comps=340
[Run 16 Gen 25] fe+=256 fe=6400 cost=65112902.43 viol=16579.6028 obj=81692505.21

[Run 16 Gen 26] group=1 comps=433
[Run 16 Gen 26] fe+=256 fe=6656 cost=65112902.43 viol=16579.6028 obj=81692505.21

[Run 16 Gen 27] group=2 comps=82
[Run 16 Gen 27] fe+=256 fe=6912 cost=65112902.43 viol=16579.6028 obj=81692505.21

[Run 16 Gen 28] group=0 comps=340
[Run 16 Gen 28] fe+=256 fe=7168 cost=65112902.43 viol=16579.6028 obj=81692505.21

[Run 16 Gen 29] group=1 comps=433
[Run 16 Gen 29] fe+=256 fe=7424 cost=65020805.01 viol=16579.6028 obj=81600407.79

[Run 16 Gen 30] group=2 comps=82
[Run 16 Gen 30] fe+=256 fe=7680 cost=65020805.01 viol=16579.6028 obj=81600407.79

[Run 16 Gen 31] group=0 comps=340
[Run 16 Gen 31] fe+=256 fe=7936 cost=65020804.68 viol=16547.7117 obj=81568516.39

[Run 16 Gen 32] group=1 comps=433
[Run 16 Gen 32] fe+=256 fe=8192 cost=65020804.35 viol=16547.7117 obj=81568516.09

[Run 16 Gen 33] group=2 comps=82
[Run 16 Gen 33] fe+=256 fe=8448 cost=65020804.35 viol=16547.7117 obj=81568516.09

[Run 16 Gen 34] group=0 comps=340
[Run 16 Gen 34] fe+=256 fe=8704 cost=65020804.35 viol=16547.7117 obj=81568516.09

[Run 16 Gen 35] group=1 comps=433
[Run 16 Gen 35] fe+=256 fe=8960 cost=65020804.35 viol=16547.7117 obj=81568516.09

[Run 16 Gen 36] group=2 comps=82
[Run 16 Gen 36] fe+=256 fe=9216 cost=65020804.35 viol=16547.7117 obj=81568516.09

[Run 16 Gen 37] group=0 comps=340
[Run 16 Gen 37] fe+=256 fe=9472 cost=65020804.35 viol=16547.7117 obj=81568516.09

[Run 16 Gen 38] group=1 comps=433
[Run 16 Gen 38] fe+=256 fe=9728 cost=65020804.35 viol=16547.7117 obj=81568516.09

[Run 16 Gen 39] group=2 comps=82
[Run 16 Gen 39] fe+=256 fe=9984 cost=65020804.35 viol=16547.7117 obj=81568516.09

[Run 16 Gen 40] group=0 comps=340
[Run 16 Gen 40] fe+=256 fe=10240 cost=65020804.35 viol=16547.7117 obj=81568516.09

[Run 16 Gen 41] group=1 comps=433
[Run 16 Gen 41] fe+=256 fe=10496 cost=65020804.35 viol=16547.7117 obj=81568516.09

[Run 16 Gen 42] group=2 comps=82
[Run 16 Gen 42] fe+=256 fe=10752 cost=65020804.35 viol=16547.7117 obj=81568516.09

[Run 16 Gen 43] group=0 comps=340
[Run 16 Gen 43] fe+=256 fe=11008 cost=65020804.35 viol=16547.7117 obj=81568516.09

[Run 16 Gen 44] group=1 comps=433
[Run 16 Gen 44] fe+=256 fe=11264 cost=65020804.35 viol=16547.7117 obj=81568516.09

[Run 16 Gen 45] group=2 comps=82
[Run 16 Gen 45] fe+=256 fe=11520 cost=65020804.35 viol=16547.7117 obj=81568516.09

[Run 16 Gen 46] group=0 comps=340
[Run 16 Gen 46] fe+=256 fe=11776 cost=65020804.01 viol=16525.1227 obj=81545926.72

[Run 16 Gen 47] group=1 comps=433
[Run 16 Gen 47] fe+=256 fe=12032 cost=65020803.68 viol=16501.1116 obj=81521915.28

[Run 16 Gen 48] group=2 comps=82
[Run 16 Gen 48] fe+=256 fe=12288 cost=64928706.26 viol=16501.1116 obj=81429817.86

[Run 16 Gen 49] group=0 comps=340
[Run 16 Gen 49] fe+=256 fe=12544 cost=64928706.26 viol=16501.1116 obj=81429817.86

[Run 16 Gen 50] group=1 comps=433
[Run 16 Gen 50] fe+=256 fe=12800 cost=64928706.26 viol=16501.1116 obj=81429817.86
[Stop] reached max_outer_gen=50
[7/7] Write outputs
[Done] summary=/work/home/acn1eb8nfq/yuezhang46/GFcode/GF实验二：分解模块/gcpcc_logs_GF_DG/run_16_seed_1016/runs_summary.csv
