[RunConfig] run_id=14 seed=1014
[OutputDir] /work/home/acn1eb8nfq/yuezhang46/GFcode/GF实验二：分解模块/gcpcc_logs_GF_DG/run_14_seed_1014
[Config] decomp_mode=dg_static_rr
[Config] differential_grouping: static_once=1, eps_abs=1e-06, eps_rel=1e-06
[Data] nodes=1810
[1/7] Load scenarios
  spring: raw_edges=3686 days=31
  summer: raw_edges=3686 days=30
  autumn: raw_edges=3686 days=31
  winter: raw_edges=3686 days=30
[Filter] w_min=1.0
  active=1450 inactive=360(fixed NONE)
  spring: removed=2281 kept=1405
  summer: removed=2206 kept=1480
  autumn: removed=2131 kept=1555
  winter: removed=2189 kept=1497
  spring: filtered_edges=1405
  summer: filtered_edges=1480
  autumn: filtered_edges=1555
  winter: filtered_edges=1497
[2/7] Decomposition: classical differential grouping (static)
[3/7] Pairwise interaction detection
  pairs=1168/1050525 mode=edge_only edge_topk=1 two_hop_cap=8 eval=local_approx fast_single=1 edges=610 eval_cache=1169
  components=840 min/med/max=1/1/19
  singleton_components=611
[4/7] Dependency graph + coloring
  color_groups=3 sizes=[314, 438, 88]
[5/7] Initialize plan
  init: cost=73401690.55 viol=1767685.2172 obj=1841086907.72
[6/7] Outer iterations

[Run 14 Gen 1] group=0 comps=314
[Run 14 Gen 1] fe+=256 fe=256 cost=76440899.03 viol=639673.0022 obj=716113901.20

[Run 14 Gen 2] group=1 comps=438
[Run 14 Gen 2] fe+=256 fe=512 cost=68888903.97 viol=115330.9742 obj=184219878.13

[Run 14 Gen 3] group=2 comps=88
[Run 14 Gen 3] fe+=256 fe=768 cost=67783733.94 viol=19077.1543 obj=86860888.27

[Run 14 Gen 4] group=0 comps=314
[Run 14 Gen 4] fe+=256 fe=1024 cost=65665490.96 viol=18883.7905 obj=84549281.42

[Run 14 Gen 5] group=1 comps=438
[Run 14 Gen 5] fe+=256 fe=1280 cost=64836613.18 viol=18598.5008 obj=83435113.99

[Run 14 Gen 6] group=2 comps=88
[Run 14 Gen 6] fe+=256 fe=1536 cost=64744515.76 viol=18598.5008 obj=83343016.57

[Run 14 Gen 7] group=0 comps=314
[Run 14 Gen 7] fe+=256 fe=1792 cost=64744515.76 viol=18544.8172 obj=83289332.97

[Run 14 Gen 8] group=1 comps=438
[Run 14 Gen 8] fe+=256 fe=2048 cost=64560320.93 viol=18520.9355 obj=83081256.40

[Run 14 Gen 9] group=2 comps=88
[Run 14 Gen 9] fe+=256 fe=2304 cost=64560320.93 viol=18520.9355 obj=83081256.40

[Run 14 Gen 10] group=0 comps=314
[Run 14 Gen 10] fe+=256 fe=2560 cost=64376125.75 viol=18592.4497 obj=82968575.47

[Run 14 Gen 11] group=1 comps=438
[Run 14 Gen 11] fe+=256 fe=2816 cost=64468223.17 viol=17172.1852 obj=81640408.40

[Run 14 Gen 12] group=2 comps=88
[Run 14 Gen 12] fe+=256 fe=3072 cost=64468223.17 viol=17172.1852 obj=81640408.40

[Run 14 Gen 13] group=0 comps=314
[Run 14 Gen 13] fe+=256 fe=3328 cost=64284027.67 viol=17174.9158 obj=81458943.49

[Run 14 Gen 14] group=1 comps=438
[Run 14 Gen 14] fe+=256 fe=3584 cost=64284027.67 viol=17151.1228 obj=81435150.45

[Run 14 Gen 15] group=2 comps=88
[Run 14 Gen 15] fe+=256 fe=3840 cost=64284027.67 viol=17151.1228 obj=81435150.45

[Run 14 Gen 16] group=0 comps=314
[Run 14 Gen 16] fe+=256 fe=4096 cost=64284027.67 viol=17146.3333 obj=81430360.95

[Run 14 Gen 17] group=1 comps=438
[Run 14 Gen 17] fe+=256 fe=4352 cost=64284027.33 viol=17146.3333 obj=81430360.61

[Run 14 Gen 18] group=2 comps=88
[Run 14 Gen 18] fe+=256 fe=4608 cost=64284027.33 viol=17146.3333 obj=81430360.61

[Run 14 Gen 19] group=0 comps=314
[Run 14 Gen 19] fe+=256 fe=4864 cost=64191929.91 viol=17080.8133 obj=81272743.22

[Run 14 Gen 20] group=1 comps=438
[Run 14 Gen 20] fe+=256 fe=5120 cost=64099832.16 viol=17080.8133 obj=81180645.46

[Run 14 Gen 21] group=2 comps=88
[Run 14 Gen 21] fe+=256 fe=5376 cost=64099832.16 viol=17080.8133 obj=81180645.46

[Run 14 Gen 22] group=0 comps=314
[Run 14 Gen 22] fe+=256 fe=5632 cost=64099832.16 viol=17080.8133 obj=81180645.46

[Run 14 Gen 23] group=1 comps=438
[Run 14 Gen 23] fe+=256 fe=5888 cost=64099832.16 viol=17080.8133 obj=81180645.46

[Run 14 Gen 24] group=2 comps=88
[Run 14 Gen 24] fe+=256 fe=6144 cost=64099832.16 viol=17080.8133 obj=81180645.46

[Run 14 Gen 25] group=0 comps=314
[Run 14 Gen 25] fe+=256 fe=6400 cost=64099832.16 viol=17080.8133 obj=81180645.46

[Run 14 Gen 26] group=1 comps=438
[Run 14 Gen 26] fe+=256 fe=6656 cost=64099832.16 viol=17080.8133 obj=81180645.46

[Run 14 Gen 27] group=2 comps=88
[Run 14 Gen 27] fe+=256 fe=6912 cost=64099831.82 viol=17080.8133 obj=81180645.13

[Run 14 Gen 28] group=0 comps=314
[Run 14 Gen 28] fe+=256 fe=7168 cost=64099831.49 viol=17080.8133 obj=81180644.79

[Run 14 Gen 29] group=1 comps=438
[Run 14 Gen 29] fe+=256 fe=7424 cost=64099831.49 viol=17080.8133 obj=81180644.79

[Run 14 Gen 30] group=2 comps=88
[Run 14 Gen 30] fe+=256 fe=7680 cost=64099831.49 viol=17080.8133 obj=81180644.79

[Run 14 Gen 31] group=0 comps=314
[Run 14 Gen 31] fe+=256 fe=7936 cost=64099831.16 viol=17044.5491 obj=81144380.28

[Run 14 Gen 32] group=1 comps=438
[Run 14 Gen 32] fe+=256 fe=8192 cost=64099831.16 viol=17044.5491 obj=81144380.28

[Run 14 Gen 33] group=2 comps=88
[Run 14 Gen 33] fe+=256 fe=8448 cost=64099831.16 viol=17044.5491 obj=81144380.28

[Run 14 Gen 34] group=0 comps=314
[Run 14 Gen 34] fe+=256 fe=8704 cost=64099831.16 viol=17044.5491 obj=81144380.28

[Run 14 Gen 35] group=1 comps=438
[Run 14 Gen 35] fe+=256 fe=8960 cost=64099830.82 viol=16999.7291 obj=81099559.91

[Run 14 Gen 36] group=2 comps=88
[Run 14 Gen 36] fe+=256 fe=9216 cost=64099830.82 viol=16999.7291 obj=81099559.91

[Run 14 Gen 37] group=0 comps=314
[Run 14 Gen 37] fe+=256 fe=9472 cost=64099830.82 viol=16932.4906 obj=81032321.45

[Run 14 Gen 38] group=1 comps=438
[Run 14 Gen 38] fe+=256 fe=9728 cost=64099830.49 viol=16932.4906 obj=81032321.08

[Run 14 Gen 39] group=2 comps=88
[Run 14 Gen 39] fe+=256 fe=9984 cost=64099830.49 viol=16932.4906 obj=81032321.08

[Run 14 Gen 40] group=0 comps=314
[Run 14 Gen 40] fe+=256 fe=10240 cost=64099830.15 viol=16928.2035 obj=81028033.61

[Run 14 Gen 41] group=1 comps=438
[Run 14 Gen 41] fe+=256 fe=10496 cost=64099830.15 viol=16928.2035 obj=81028033.61

[Run 14 Gen 42] group=2 comps=88
[Run 14 Gen 42] fe+=256 fe=10752 cost=64099830.15 viol=16928.2035 obj=81028033.61

[Run 14 Gen 43] group=0 comps=314
[Run 14 Gen 43] fe+=256 fe=11008 cost=64099830.15 viol=16928.2035 obj=81028033.61

[Run 14 Gen 44] group=1 comps=438
[Run 14 Gen 44] fe+=256 fe=11264 cost=64099830.15 viol=16928.2035 obj=81028033.61

[Run 14 Gen 45] group=2 comps=88
[Run 14 Gen 45] fe+=256 fe=11520 cost=64099829.82 viol=16928.2035 obj=81028033.31

[Run 14 Gen 46] group=0 comps=314
[Run 14 Gen 46] fe+=256 fe=11776 cost=64099829.82 viol=16928.2035 obj=81028033.31

[Run 14 Gen 47] group=1 comps=438
[Run 14 Gen 47] fe+=256 fe=12032 cost=64099829.82 viol=16928.2035 obj=81028033.31

[Run 14 Gen 48] group=2 comps=88
[Run 14 Gen 48] fe+=256 fe=12288 cost=64099829.82 viol=16928.2035 obj=81028033.31

[Run 14 Gen 49] group=0 comps=314
[Run 14 Gen 49] fe+=256 fe=12544 cost=64099829.82 viol=16928.2035 obj=81028033.31

[Run 14 Gen 50] group=1 comps=438
[Run 14 Gen 50] fe+=256 fe=12800 cost=64099829.48 viol=16928.2035 obj=81028032.97
[Stop] reached max_outer_gen=50
[7/7] Write outputs
[Done] summary=/work/home/acn1eb8nfq/yuezhang46/GFcode/GF实验二：分解模块/gcpcc_logs_GF_DG/run_14_seed_1014/runs_summary.csv
