[RunConfig] run_id=24 seed=1024
[OutputDir] /work/home/acn1eb8nfq/yuezhang46/GFcode/GF实验二：分解模块/gcpcc_logs_GF_DG/run_24_seed_1024
[Config] decomp_mode=dg_static_rr
[Config] differential_grouping: static_once=1, eps_abs=1e-06, eps_rel=1e-06
[Data] nodes=1810
[1/7] Load scenarios
  spring: raw_edges=3686 days=31
  summer: raw_edges=3686 days=30
  autumn: raw_edges=3686 days=31
  winter: raw_edges=3686 days=30
[Filter] w_min=1.0
  active=1450 inactive=360(fixed NONE)
  spring: removed=2281 kept=1405
  summer: removed=2206 kept=1480
  autumn: removed=2131 kept=1555
  winter: removed=2189 kept=1497
  spring: filtered_edges=1405
  summer: filtered_edges=1480
  autumn: filtered_edges=1555
  winter: filtered_edges=1497
[2/7] Decomposition: classical differential grouping (static)
[3/7] Pairwise interaction detection
  pairs=1168/1050525 mode=edge_only edge_topk=1 two_hop_cap=8 eval=local_approx fast_single=1 edges=528 eval_cache=1169
  components=922 min/med/max=1/1/15
  singleton_components=707
[4/7] Dependency graph + coloring
  color_groups=3 sizes=[355, 468, 99]
[5/7] Initialize plan
  init: cost=84085007.55 viol=1578917.2760 obj=1663002283.54
[6/7] Outer iterations

[Run 24 Gen 1] group=0 comps=355
[Run 24 Gen 1] fe+=256 fe=256 cost=82611436.48 viol=573969.6204 obj=656581056.88

[Run 24 Gen 2] group=1 comps=468
[Run 24 Gen 2] fe+=256 fe=512 cost=69625684.33 viol=100314.4973 obj=169940181.64

[Run 24 Gen 3] group=2 comps=99
[Run 24 Gen 3] fe+=256 fe=768 cost=67967926.44 viol=21044.2417 obj=89012168.15

[Run 24 Gen 4] group=0 comps=355
[Run 24 Gen 4] fe+=256 fe=1024 cost=66033879.63 viol=17113.3442 obj=83147223.87

[Run 24 Gen 5] group=1 comps=468
[Run 24 Gen 5] fe+=256 fe=1280 cost=65297099.28 viol=17208.1762 obj=82505275.51

[Run 24 Gen 6] group=2 comps=99
[Run 24 Gen 6] fe+=256 fe=1536 cost=65205001.86 viol=17208.1762 obj=82413178.09

[Run 24 Gen 7] group=0 comps=355
[Run 24 Gen 7] fe+=256 fe=1792 cost=65112904.44 viol=17208.1762 obj=82321080.67

[Run 24 Gen 8] group=1 comps=468
[Run 24 Gen 8] fe+=256 fe=2048 cost=65020807.02 viol=17274.3244 obj=82295131.40

[Run 24 Gen 9] group=2 comps=99
[Run 24 Gen 9] fe+=256 fe=2304 cost=65020807.02 viol=17274.3244 obj=82295131.40

[Run 24 Gen 10] group=0 comps=355
[Run 24 Gen 10] fe+=256 fe=2560 cost=64928709.27 viol=17269.5438 obj=82198253.04

[Run 24 Gen 11] group=1 comps=468
[Run 24 Gen 11] fe+=256 fe=2816 cost=64928709.27 viol=17269.5438 obj=82198253.04

[Run 24 Gen 12] group=2 comps=99
[Run 24 Gen 12] fe+=256 fe=3072 cost=64928709.27 viol=17269.5438 obj=82198253.04

[Run 24 Gen 13] group=0 comps=355
[Run 24 Gen 13] fe+=256 fe=3328 cost=64836611.85 viol=17269.5438 obj=82106155.62

[Run 24 Gen 14] group=1 comps=468
[Run 24 Gen 14] fe+=256 fe=3584 cost=64652416.67 viol=17280.0000 obj=81932416.72

[Run 24 Gen 15] group=2 comps=99
[Run 24 Gen 15] fe+=256 fe=3840 cost=64560319.25 viol=17362.1530 obj=81922472.26

[Run 24 Gen 16] group=0 comps=355
[Run 24 Gen 16] fe+=256 fe=4096 cost=64560319.25 viol=17362.1530 obj=81922472.26

[Run 24 Gen 17] group=1 comps=468
[Run 24 Gen 17] fe+=256 fe=4352 cost=64468221.84 viol=17362.1530 obj=81830374.84

[Run 24 Gen 18] group=2 comps=99
[Run 24 Gen 18] fe+=256 fe=4608 cost=64468221.84 viol=17362.1530 obj=81830374.84

[Run 24 Gen 19] group=0 comps=355
[Run 24 Gen 19] fe+=256 fe=4864 cost=64468221.84 viol=17338.7529 obj=81806974.77

[Run 24 Gen 20] group=1 comps=468
[Run 24 Gen 20] fe+=256 fe=5120 cost=64468221.84 viol=17338.7529 obj=81806974.77

[Run 24 Gen 21] group=2 comps=99
[Run 24 Gen 21] fe+=256 fe=5376 cost=64468221.84 viol=17338.7529 obj=81806974.77

[Run 24 Gen 22] group=0 comps=355
[Run 24 Gen 22] fe+=256 fe=5632 cost=64468221.84 viol=17318.6817 obj=81786903.55

[Run 24 Gen 23] group=1 comps=468
[Run 24 Gen 23] fe+=256 fe=5888 cost=64468221.84 viol=17239.7788 obj=81708000.68

[Run 24 Gen 24] group=2 comps=99
[Run 24 Gen 24] fe+=256 fe=6144 cost=64468221.84 viol=17239.7788 obj=81708000.68

[Run 24 Gen 25] group=0 comps=355
[Run 24 Gen 25] fe+=256 fe=6400 cost=64468221.50 viol=17239.7788 obj=81708000.34

[Run 24 Gen 26] group=1 comps=468
[Run 24 Gen 26] fe+=256 fe=6656 cost=64468221.17 viol=17226.0083 obj=81694229.48

[Run 24 Gen 27] group=2 comps=99
[Run 24 Gen 27] fe+=256 fe=6912 cost=64468221.17 viol=17226.0083 obj=81694229.48

[Run 24 Gen 28] group=0 comps=355
[Run 24 Gen 28] fe+=256 fe=7168 cost=64468221.17 viol=17226.0083 obj=81694229.48

[Run 24 Gen 29] group=1 comps=468
[Run 24 Gen 29] fe+=256 fe=7424 cost=64376123.75 viol=17219.5332 obj=81595656.92

[Run 24 Gen 30] group=2 comps=99
[Run 24 Gen 30] fe+=256 fe=7680 cost=64376123.75 viol=17219.5332 obj=81595656.92

[Run 24 Gen 31] group=0 comps=355
[Run 24 Gen 31] fe+=256 fe=7936 cost=64284026.66 viol=17219.5332 obj=81503559.84

[Run 24 Gen 32] group=1 comps=468
[Run 24 Gen 32] fe+=256 fe=8192 cost=64284026.66 viol=17219.5332 obj=81503559.84

[Run 24 Gen 33] group=2 comps=99
[Run 24 Gen 33] fe+=256 fe=8448 cost=64284026.66 viol=17219.5332 obj=81503559.84

[Run 24 Gen 34] group=0 comps=355
[Run 24 Gen 34] fe+=256 fe=8704 cost=64284026.33 viol=17219.5332 obj=81503559.50

[Run 24 Gen 35] group=1 comps=468
[Run 24 Gen 35] fe+=256 fe=8960 cost=64191928.91 viol=17219.5332 obj=81411462.08

[Run 24 Gen 36] group=2 comps=99
[Run 24 Gen 36] fe+=256 fe=9216 cost=64191928.91 viol=17219.5332 obj=81411462.08

[Run 24 Gen 37] group=0 comps=355
[Run 24 Gen 37] fe+=256 fe=9472 cost=64191928.91 viol=17219.5332 obj=81411462.08

[Run 24 Gen 38] group=1 comps=468
[Run 24 Gen 38] fe+=256 fe=9728 cost=64099831.49 viol=17219.5331 obj=81319364.63

[Run 24 Gen 39] group=2 comps=99
[Run 24 Gen 39] fe+=256 fe=9984 cost=64099831.49 viol=17219.5331 obj=81319364.63

[Run 24 Gen 40] group=0 comps=355
[Run 24 Gen 40] fe+=256 fe=10240 cost=64099831.49 viol=17219.5331 obj=81319364.63

[Run 24 Gen 41] group=1 comps=468
[Run 24 Gen 41] fe+=256 fe=10496 cost=64099831.49 viol=17219.5331 obj=81319364.63

[Run 24 Gen 42] group=2 comps=99
[Run 24 Gen 42] fe+=256 fe=10752 cost=64099831.49 viol=17219.5331 obj=81319364.63

[Run 24 Gen 43] group=0 comps=355
[Run 24 Gen 43] fe+=256 fe=11008 cost=64099831.49 viol=17219.5331 obj=81319364.63

[Run 24 Gen 44] group=1 comps=468
[Run 24 Gen 44] fe+=256 fe=11264 cost=64099831.49 viol=17219.5331 obj=81319364.63

[Run 24 Gen 45] group=2 comps=99
[Run 24 Gen 45] fe+=256 fe=11520 cost=64099831.49 viol=17219.5331 obj=81319364.63

[Run 24 Gen 46] group=0 comps=355
[Run 24 Gen 46] fe+=256 fe=11776 cost=64099831.49 viol=17219.5331 obj=81319364.63

[Run 24 Gen 47] group=1 comps=468
[Run 24 Gen 47] fe+=256 fe=12032 cost=64099831.49 viol=17152.9325 obj=81252763.96

[Run 24 Gen 48] group=2 comps=99
[Run 24 Gen 48] fe+=256 fe=12288 cost=64099831.49 viol=17152.9325 obj=81252763.96

[Run 24 Gen 49] group=0 comps=355
[Run 24 Gen 49] fe+=256 fe=12544 cost=64007733.40 viol=17109.6400 obj=81117373.36

[Run 24 Gen 50] group=1 comps=468
[Run 24 Gen 50] fe+=256 fe=12800 cost=64007733.40 viol=17042.4015 obj=81050134.87
[Stop] reached max_outer_gen=50
[7/7] Write outputs
[Done] summary=/work/home/acn1eb8nfq/yuezhang46/GFcode/GF实验二：分解模块/gcpcc_logs_GF_DG/run_24_seed_1024/runs_summary.csv
