[RunConfig] run_id=19 seed=1019
[OutputDir] /work/home/acn1eb8nfq/yuezhang46/GFcode/GF实验二：分解模块/gcpcc_logs_GF_GG/run_19_seed_1019
[Data] nodes=1810
[1/7] Load scenarios
  spring: raw_edges=3686 days=31
  summer: raw_edges=3686 days=30
  autumn: raw_edges=3686 days=31
  winter: raw_edges=3686 days=30
[Filter] w_min=1.0
  active=1450 inactive=360(fixed NONE)
  spring: removed=2281 kept=1405
  summer: removed=2206 kept=1480
  autumn: removed=2131 kept=1555
  winter: removed=2189 kept=1497
  spring: filtered_edges=1405
  summer: filtered_edges=1480
  autumn: filtered_edges=1555
  winter: filtered_edges=1497
[2/7] Decomposition: geographical grouping (Guangzhou/Foshan)
  geo_method=kmeans_lonlat_2clusters
  geo_components=2 sizes=[1080, 370]
  components=2 min/med/max=370/725/1080
  singleton_components=0
[4/7] Dependency graph + coloring
  color_groups=2 sizes=[1, 1]
[5/7] Initialize plan
  init: cost=78835440.95 viol=2109105.6130 obj=2187941053.91
[6/7] Outer iterations

[Run 19 Gen 1] group=0 comps=1
[Run 19 Gen 1] fe+=256 fe=256 cost=108214570.48 viol=858478.4363 obj=966693006.75

[Run 19 Gen 2] group=1 comps=1
[Run 19 Gen 2] fe+=256 fe=512 cost=117884814.87 viol=403312.0974 obj=521196912.26

[Run 19 Gen 3] group=0 comps=1
[Run 19 Gen 3] fe+=256 fe=768 cost=126357790.14 viol=298325.0349 obj=424682825.01

[Run 19 Gen 4] group=1 comps=1
[Run 19 Gen 4] fe+=256 fe=1024 cost=127186669.25 viol=218950.2359 obj=346136905.14

[Run 19 Gen 5] group=0 comps=1
[Run 19 Gen 5] fe+=256 fe=1280 cost=130225887.42 viol=171979.4752 obj=302205362.64

[Run 19 Gen 6] group=1 comps=1
[Run 19 Gen 6] fe+=256 fe=1536 cost=129212815.48 viol=159102.7019 obj=288315517.34

[Run 19 Gen 7] group=0 comps=1
[Run 19 Gen 7] fe+=256 fe=1792 cost=130778475.62 viol=122720.6195 obj=253499095.08

[Run 19 Gen 8] group=1 comps=1
[Run 19 Gen 8] fe+=256 fe=2048 cost=130133793.01 viol=123130.4318 obj=253264224.85

[Run 19 Gen 9] group=0 comps=1
[Run 19 Gen 9] fe+=256 fe=2304 cost=130317988.19 viol=119515.1890 obj=249833177.23

[Run 19 Gen 10] group=1 comps=1
[Run 19 Gen 10] fe+=256 fe=2560 cost=130317987.85 viol=119101.3699 obj=249419357.77

[Run 19 Gen 11] group=0 comps=1
[Run 19 Gen 11] fe+=256 fe=2816 cost=129489111.41 viol=106045.2269 obj=235534338.28

[Run 19 Gen 12] group=1 comps=1
[Run 19 Gen 12] fe+=256 fe=3072 cost=129489111.41 viol=106045.2269 obj=235534338.28

[Run 19 Gen 13] group=0 comps=1
[Run 19 Gen 13] fe+=256 fe=3328 cost=129581208.16 viol=103254.3805 obj=232835588.68

[Run 19 Gen 14] group=1 comps=1
[Run 19 Gen 14] fe+=256 fe=3584 cost=129397011.32 viol=102856.3259 obj=232253337.25

[Run 19 Gen 15] group=0 comps=1
[Run 19 Gen 15] fe+=256 fe=3840 cost=129765400.66 viol=101650.2004 obj=231415601.09

[Run 19 Gen 16] group=1 comps=1
[Run 19 Gen 16] fe+=256 fe=4096 cost=130133791.68 viol=94797.5664 obj=224931358.03

[Run 19 Gen 17] group=0 comps=1
[Run 19 Gen 17] fe+=256 fe=4352 cost=130133791.68 viol=94797.5664 obj=224931358.03

[Run 19 Gen 18] group=1 comps=1
[Run 19 Gen 18] fe+=256 fe=4608 cost=129397010.65 viol=95376.6942 obj=224773704.80

[Run 19 Gen 19] group=0 comps=1
[Run 19 Gen 19] fe+=256 fe=4864 cost=128476034.45 viol=88888.8131 obj=217364847.52

[Run 19 Gen 20] group=1 comps=1
[Run 19 Gen 20] fe+=256 fe=5120 cost=129857497.08 viol=85210.4838 obj=215067980.87

[Run 19 Gen 21] group=0 comps=1
[Run 19 Gen 21] fe+=256 fe=5376 cost=129857497.08 viol=85210.4838 obj=215067980.87

[Run 19 Gen 22] group=1 comps=1
[Run 19 Gen 22] fe+=256 fe=5632 cost=130502180.68 viol=83016.9312 obj=213519111.92

[Run 19 Gen 23] group=0 comps=1
[Run 19 Gen 23] fe+=256 fe=5888 cost=129397011.65 viol=82440.7023 obj=211837714.00

[Run 19 Gen 24] group=1 comps=1
[Run 19 Gen 24] fe+=256 fe=6144 cost=129397011.65 viol=82440.7023 obj=211837714.00

[Run 19 Gen 25] group=0 comps=1
[Run 19 Gen 25] fe+=256 fe=6400 cost=129028619.64 viol=80537.0733 obj=209565692.91

[Run 19 Gen 26] group=1 comps=1
[Run 19 Gen 26] fe+=256 fe=6656 cost=129028619.97 viol=80123.4137 obj=209152033.63

[Run 19 Gen 27] group=0 comps=1
[Run 19 Gen 27] fe+=256 fe=6912 cost=129028619.97 viol=80123.4137 obj=209152033.63

[Run 19 Gen 28] group=1 comps=1
[Run 19 Gen 28] fe+=256 fe=7168 cost=128844424.13 viol=79838.4802 obj=208682904.36

[Run 19 Gen 29] group=0 comps=1
[Run 19 Gen 29] fe+=256 fe=7424 cost=128844424.13 viol=79838.4802 obj=208682904.36

[Run 19 Gen 30] group=1 comps=1
[Run 19 Gen 30] fe+=256 fe=7680 cost=128936522.89 viol=78996.5588 obj=207933081.64

[Run 19 Gen 31] group=0 comps=1
[Run 19 Gen 31] fe+=256 fe=7936 cost=129581205.82 viol=77139.1662 obj=206720372.06

[Run 19 Gen 32] group=1 comps=1
[Run 19 Gen 32] fe+=256 fe=8192 cost=128568131.54 viol=76920.8180 obj=205488949.55

[Run 19 Gen 33] group=0 comps=1
[Run 19 Gen 33] fe+=256 fe=8448 cost=128568131.54 viol=76920.8180 obj=205488949.55

[Run 19 Gen 34] group=1 comps=1
[Run 19 Gen 34] fe+=256 fe=8704 cost=128568131.54 viol=76920.8180 obj=205488949.55

[Run 19 Gen 35] group=0 comps=1
[Run 19 Gen 35] fe+=256 fe=8960 cost=128568131.54 viol=76920.8180 obj=205488949.55

[Run 19 Gen 36] group=1 comps=1
[Run 19 Gen 36] fe+=256 fe=9216 cost=128476033.45 viol=76847.5590 obj=205323592.42

[Run 19 Gen 37] group=0 comps=1
[Run 19 Gen 37] fe+=256 fe=9472 cost=128476033.45 viol=76847.5590 obj=205323592.42

[Run 19 Gen 38] group=1 comps=1
[Run 19 Gen 38] fe+=256 fe=9728 cost=129304910.89 viol=74987.7389 obj=204292649.81

[Run 19 Gen 39] group=0 comps=1
[Run 19 Gen 39] fe+=256 fe=9984 cost=129304910.89 viol=74987.7389 obj=204292649.81

[Run 19 Gen 40] group=1 comps=1
[Run 19 Gen 40] fe+=256 fe=10240 cost=129304910.89 viol=74987.7389 obj=204292649.81

[Run 19 Gen 41] group=0 comps=1
[Run 19 Gen 41] fe+=256 fe=10496 cost=129304910.89 viol=74987.7389 obj=204292649.81

[Run 19 Gen 42] group=1 comps=1
[Run 19 Gen 42] fe+=256 fe=10752 cost=129304910.89 viol=74987.7389 obj=204292649.81

[Run 19 Gen 43] group=0 comps=1
[Run 19 Gen 43] fe+=256 fe=11008 cost=129304912.23 viol=74493.6794 obj=203798591.59

[Run 19 Gen 44] group=1 comps=1
[Run 19 Gen 44] fe+=256 fe=11264 cost=129028619.64 viol=74166.5601 obj=203195179.77

[Run 19 Gen 45] group=0 comps=1
[Run 19 Gen 45] fe+=256 fe=11520 cost=129028619.64 viol=74166.5601 obj=203195179.77

[Run 19 Gen 46] group=1 comps=1
[Run 19 Gen 46] fe+=256 fe=11776 cost=128936522.55 viol=74103.9762 obj=203040498.72

[Run 19 Gen 47] group=0 comps=1
[Run 19 Gen 47] fe+=256 fe=12032 cost=128936522.55 viol=74103.9762 obj=203040498.72

[Run 19 Gen 48] group=1 comps=1
[Run 19 Gen 48] fe+=256 fe=12288 cost=128936522.55 viol=74103.9762 obj=203040498.72

[Run 19 Gen 49] group=0 comps=1
[Run 19 Gen 49] fe+=256 fe=12544 cost=127002473.41 viol=75175.5715 obj=202178044.95

[Run 19 Gen 50] group=1 comps=1
[Run 19 Gen 50] fe+=256 fe=12800 cost=127002473.41 viol=75175.5715 obj=202178044.95
[Stop] reached max_outer_gen=50
[7/7] Write outputs
[Done] summary=/work/home/acn1eb8nfq/yuezhang46/GFcode/GF实验二：分解模块/gcpcc_logs_GF_GG/run_19_seed_1019/runs_summary.csv
