[RunConfig] run_id=23 seed=1023
[OutputDir] /work/home/acn1eb8nfq/yuezhang46/GFcode/GF实验二：分解模块/gcpcc_logs_GF_GG/run_23_seed_1023
[Data] nodes=1810
[1/7] Load scenarios
  spring: raw_edges=3686 days=31
  summer: raw_edges=3686 days=30
  autumn: raw_edges=3686 days=31
  winter: raw_edges=3686 days=30
[Filter] w_min=1.0
  active=1450 inactive=360(fixed NONE)
  spring: removed=2281 kept=1405
  summer: removed=2206 kept=1480
  autumn: removed=2131 kept=1555
  winter: removed=2189 kept=1497
  spring: filtered_edges=1405
  summer: filtered_edges=1480
  autumn: filtered_edges=1555
  winter: filtered_edges=1497
[2/7] Decomposition: geographical grouping (Guangzhou/Foshan)
  geo_method=kmeans_lonlat_2clusters
  geo_components=2 sizes=[1080, 370]
  components=2 min/med/max=370/725/1080
  singleton_components=0
[4/7] Dependency graph + coloring
  color_groups=2 sizes=[1, 1]
[5/7] Initialize plan
  init: cost=80677395.35 viol=1855579.7756 obj=1936257170.93
[6/7] Outer iterations

[Run 23 Gen 1] group=0 comps=1
[Run 23 Gen 1] fe+=256 fe=256 cost=108767159.68 viol=720490.7158 obj=829257875.49

[Run 23 Gen 2] group=1 comps=1
[Run 23 Gen 2] fe+=256 fe=512 cost=115582382.07 viol=401663.0190 obj=517245401.03

[Run 23 Gen 3] group=0 comps=1
[Run 23 Gen 3] fe+=256 fe=768 cost=123042282.71 viol=243554.8428 obj=366597125.56

[Run 23 Gen 4] group=1 comps=1
[Run 23 Gen 4] fe+=256 fe=1024 cost=124147453.41 viol=224499.1061 obj=348646559.48

[Run 23 Gen 5] group=0 comps=1
[Run 23 Gen 5] fe+=256 fe=1280 cost=125989403.80 viol=167019.3225 obj=293008726.35

[Run 23 Gen 6] group=1 comps=1
[Run 23 Gen 6] fe+=256 fe=1536 cost=129304914.24 viol=145176.4572 obj=274481371.40

[Run 23 Gen 7] group=0 comps=1
[Run 23 Gen 7] fe+=256 fe=1792 cost=130594277.10 viol=113399.8813 obj=243994158.36

[Run 23 Gen 8] group=1 comps=1
[Run 23 Gen 8] fe+=256 fe=2048 cost=130870570.03 viol=109025.8116 obj=239896381.60

[Run 23 Gen 9] group=0 comps=1
[Run 23 Gen 9] fe+=256 fe=2304 cost=134370278.31 viol=104858.4336 obj=239228711.91

[Run 23 Gen 10] group=1 comps=1
[Run 23 Gen 10] fe+=256 fe=2560 cost=135659644.85 viol=101417.8924 obj=237077537.27

[Run 23 Gen 11] group=0 comps=1
[Run 23 Gen 11] fe+=256 fe=2816 cost=135475452.68 viol=91906.8303 obj=227382282.96

[Run 23 Gen 12] group=1 comps=1
[Run 23 Gen 12] fe+=256 fe=3072 cost=133817694.13 viol=92329.2605 obj=226146954.66

[Run 23 Gen 13] group=0 comps=1
[Run 23 Gen 13] fe+=256 fe=3328 cost=135659645.52 viol=89641.5817 obj=225301227.23

[Run 23 Gen 14] group=1 comps=1
[Run 23 Gen 14] fe+=256 fe=3584 cost=135291254.84 viol=89084.7030 obj=224375957.82

[Run 23 Gen 15] group=0 comps=1
[Run 23 Gen 15] fe+=256 fe=3840 cost=134554473.81 viol=87271.1253 obj=221825599.12

[Run 23 Gen 16] group=1 comps=1
[Run 23 Gen 16] fe+=256 fe=4096 cost=134278181.56 viol=86840.5364 obj=221118717.95

[Run 23 Gen 17] group=0 comps=1
[Run 23 Gen 17] fe+=256 fe=4352 cost=133633500.96 viol=74425.6886 obj=208059189.58

[Run 23 Gen 18] group=1 comps=1
[Run 23 Gen 18] fe+=256 fe=4608 cost=135107063.34 viol=72295.2215 obj=207402284.89

[Run 23 Gen 19] group=0 comps=1
[Run 23 Gen 19] fe+=256 fe=4864 cost=135107063.34 viol=72295.2215 obj=207402284.89

[Run 23 Gen 20] group=1 comps=1
[Run 23 Gen 20] fe+=256 fe=5120 cost=135935940.78 viol=71160.2760 obj=207096216.79

[Run 23 Gen 21] group=0 comps=1
[Run 23 Gen 21] fe+=256 fe=5376 cost=135935940.78 viol=71160.2760 obj=207096216.79

[Run 23 Gen 22] group=1 comps=1
[Run 23 Gen 22] fe+=256 fe=5632 cost=135935940.78 viol=71160.2760 obj=207096216.79

[Run 23 Gen 23] group=0 comps=1
[Run 23 Gen 23] fe+=256 fe=5888 cost=134738674.67 viol=61503.3651 obj=196242039.80

[Run 23 Gen 24] group=1 comps=1
[Run 23 Gen 24] fe+=256 fe=6144 cost=132252040.34 viol=63342.5270 obj=195594567.38

[Run 23 Gen 25] group=0 comps=1
[Run 23 Gen 25] fe+=256 fe=6400 cost=132252040.34 viol=63342.5270 obj=195594567.38

[Run 23 Gen 26] group=1 comps=1
[Run 23 Gen 26] fe+=256 fe=6656 cost=132252040.34 viol=63342.5270 obj=195594567.38

[Run 23 Gen 27] group=0 comps=1
[Run 23 Gen 27] fe+=256 fe=6912 cost=132252040.34 viol=63342.5270 obj=195594567.38

[Run 23 Gen 28] group=1 comps=1
[Run 23 Gen 28] fe+=256 fe=7168 cost=132896723.28 viol=62443.3381 obj=195340061.35

[Run 23 Gen 29] group=0 comps=1
[Run 23 Gen 29] fe+=256 fe=7424 cost=132896723.28 viol=62443.3381 obj=195340061.35

[Run 23 Gen 30] group=1 comps=1
[Run 23 Gen 30] fe+=256 fe=7680 cost=132252042.35 viol=62629.7981 obj=194881840.47

[Run 23 Gen 31] group=0 comps=1
[Run 23 Gen 31] fe+=256 fe=7936 cost=132252042.35 viol=62629.7981 obj=194881840.47

[Run 23 Gen 32] group=1 comps=1
[Run 23 Gen 32] fe+=256 fe=8192 cost=131975750.09 viol=62629.7981 obj=194605548.21

[Run 23 Gen 33] group=0 comps=1
[Run 23 Gen 33] fe+=256 fe=8448 cost=131975750.09 viol=62629.7981 obj=194605548.21

[Run 23 Gen 34] group=1 comps=1
[Run 23 Gen 34] fe+=256 fe=8704 cost=131975750.09 viol=62629.7981 obj=194605548.21

[Run 23 Gen 35] group=0 comps=1
[Run 23 Gen 35] fe+=256 fe=8960 cost=132988821.03 viol=58274.7619 obj=191263582.91

[Run 23 Gen 36] group=1 comps=1
[Run 23 Gen 36] fe+=256 fe=9216 cost=132988821.03 viol=58274.7619 obj=191263582.91

[Run 23 Gen 37] group=0 comps=1
[Run 23 Gen 37] fe+=256 fe=9472 cost=132988821.03 viol=58274.7619 obj=191263582.91

[Run 23 Gen 38] group=1 comps=1
[Run 23 Gen 38] fe+=256 fe=9728 cost=132620430.68 viol=58454.5957 obj=191075026.43

[Run 23 Gen 39] group=0 comps=1
[Run 23 Gen 39] fe+=256 fe=9984 cost=132620430.68 viol=58454.5957 obj=191075026.43

[Run 23 Gen 40] group=1 comps=1
[Run 23 Gen 40] fe+=256 fe=10240 cost=132436234.84 viol=58444.7671 obj=190881001.98

[Run 23 Gen 41] group=0 comps=1
[Run 23 Gen 41] fe+=256 fe=10496 cost=132436234.84 viol=58444.7671 obj=190881001.98

[Run 23 Gen 42] group=1 comps=1
[Run 23 Gen 42] fe+=256 fe=10752 cost=131791552.24 viol=58941.9089 obj=190733461.19

[Run 23 Gen 43] group=0 comps=1
[Run 23 Gen 43] fe+=256 fe=11008 cost=130778477.29 viol=58032.0540 obj=188810531.30

[Run 23 Gen 44] group=1 comps=1
[Run 23 Gen 44] fe+=256 fe=11264 cost=130778477.29 viol=58023.8700 obj=188802347.30

[Run 23 Gen 45] group=0 comps=1
[Run 23 Gen 45] fe+=256 fe=11520 cost=130778477.29 viol=58023.8700 obj=188802347.30

[Run 23 Gen 46] group=1 comps=1
[Run 23 Gen 46] fe+=256 fe=11776 cost=130778477.29 viol=58023.8700 obj=188802347.30

[Run 23 Gen 47] group=0 comps=1
[Run 23 Gen 47] fe+=256 fe=12032 cost=130778477.29 viol=58023.8700 obj=188802347.30

[Run 23 Gen 48] group=1 comps=1
[Run 23 Gen 48] fe+=256 fe=12288 cost=130133793.68 viol=58114.4055 obj=188248199.17

[Run 23 Gen 49] group=0 comps=1
[Run 23 Gen 49] fe+=256 fe=12544 cost=130133793.68 viol=58114.4055 obj=188248199.17

[Run 23 Gen 50] group=1 comps=1
[Run 23 Gen 50] fe+=256 fe=12800 cost=130133793.68 viol=58114.4055 obj=188248199.17
[Stop] reached max_outer_gen=50
[7/7] Write outputs
[Done] summary=/work/home/acn1eb8nfq/yuezhang46/GFcode/GF实验二：分解模块/gcpcc_logs_GF_GG/run_23_seed_1023/runs_summary.csv
