[RunConfig] run_id=12 seed=1012
[OutputDir] /work/home/acn1eb8nfq/yuezhang46/GFcode/GF实验二：分解模块/gcpcc_logs_GF_GG/run_12_seed_1012
[Data] nodes=1810
[1/7] Load scenarios
  spring: raw_edges=3686 days=31
  summer: raw_edges=3686 days=30
  autumn: raw_edges=3686 days=31
  winter: raw_edges=3686 days=30
[Filter] w_min=1.0
  active=1450 inactive=360(fixed NONE)
  spring: removed=2281 kept=1405
  summer: removed=2206 kept=1480
  autumn: removed=2131 kept=1555
  winter: removed=2189 kept=1497
  spring: filtered_edges=1405
  summer: filtered_edges=1480
  autumn: filtered_edges=1555
  winter: filtered_edges=1497
[2/7] Decomposition: geographical grouping (Guangzhou/Foshan)
  geo_method=kmeans_lonlat_2clusters
  geo_components=2 sizes=[1080, 370]
  components=2 min/med/max=370/725/1080
  singleton_components=0
[4/7] Dependency graph + coloring
  color_groups=2 sizes=[1, 1]
[5/7] Initialize plan
  init: cost=75243640.60 viol=1790378.3938 obj=1865622034.36
[6/7] Outer iterations

[Run 12 Gen 1] group=0 comps=1
[Run 12 Gen 1] fe+=256 fe=256 cost=104806960.62 viol=636573.1303 obj=741380090.94

[Run 12 Gen 2] group=1 comps=1
[Run 12 Gen 2] fe+=256 fe=512 cost=112911546.88 viol=359485.4615 obj=472397008.37

[Run 12 Gen 3] group=0 comps=1
[Run 12 Gen 3] fe+=256 fe=768 cost=119450479.69 viol=225103.4984 obj=344553978.05

[Run 12 Gen 4] group=1 comps=1
[Run 12 Gen 4] fe+=256 fe=1024 cost=121108235.91 viol=201036.6719 obj=322144907.80

[Run 12 Gen 5] group=0 comps=1
[Run 12 Gen 5] fe+=256 fe=1280 cost=122581796.28 viol=191977.2768 obj=314559073.06

[Run 12 Gen 6] group=1 comps=1
[Run 12 Gen 6] fe+=256 fe=1536 cost=122765991.46 viol=187878.9153 obj=310644906.75

[Run 12 Gen 7] group=0 comps=1
[Run 12 Gen 7] fe+=256 fe=1792 cost=122213404.94 viol=167257.1482 obj=289470553.12

[Run 12 Gen 8] group=1 comps=1
[Run 12 Gen 8] fe+=256 fe=2048 cost=122305501.69 viol=166573.8287 obj=288879330.36

[Run 12 Gen 9] group=0 comps=1
[Run 12 Gen 9] fe+=256 fe=2304 cost=122581796.95 viol=140937.6987 obj=263519495.63

[Run 12 Gen 10] group=1 comps=1
[Run 12 Gen 10] fe+=256 fe=2560 cost=123502770.14 viol=135054.6646 obj=258557434.76

[Run 12 Gen 11] group=0 comps=1
[Run 12 Gen 11] fe+=256 fe=2816 cost=123502770.14 viol=135054.6646 obj=258557434.76

[Run 12 Gen 12] group=1 comps=1
[Run 12 Gen 12] fe+=256 fe=3072 cost=121568721.67 viol=134996.7783 obj=256565499.93

[Run 12 Gen 13] group=0 comps=1
[Run 12 Gen 13] fe+=256 fe=3328 cost=121476623.58 viol=134235.3593 obj=255711982.88

[Run 12 Gen 14] group=1 comps=1
[Run 12 Gen 14] fe+=256 fe=3584 cost=121937111.68 viol=133222.4288 obj=255159540.49

[Run 12 Gen 15] group=0 comps=1
[Run 12 Gen 15] fe+=256 fe=3840 cost=120463549.96 viol=131431.4077 obj=251894957.61

[Run 12 Gen 16] group=1 comps=1
[Run 12 Gen 16] fe+=256 fe=4096 cost=120463549.96 viol=131431.4077 obj=251894957.61

[Run 12 Gen 17] group=0 comps=1
[Run 12 Gen 17] fe+=256 fe=4352 cost=120463549.96 viol=131431.4077 obj=251894957.61

[Run 12 Gen 18] group=1 comps=1
[Run 12 Gen 18] fe+=256 fe=4608 cost=121108233.57 viol=129834.0868 obj=250942320.35

[Run 12 Gen 19] group=0 comps=1
[Run 12 Gen 19] fe+=256 fe=4864 cost=122397597.44 viol=125913.4636 obj=248311061.00

[Run 12 Gen 20] group=1 comps=1
[Run 12 Gen 20] fe+=256 fe=5120 cost=122397597.44 viol=125913.4636 obj=248311061.00

[Run 12 Gen 21] group=0 comps=1
[Run 12 Gen 21] fe+=256 fe=5376 cost=122213402.60 viol=116995.6842 obj=239209086.81

[Run 12 Gen 22] group=1 comps=1
[Run 12 Gen 22] fe+=256 fe=5632 cost=122213402.60 viol=116995.6842 obj=239209086.81

[Run 12 Gen 23] group=0 comps=1
[Run 12 Gen 23] fe+=256 fe=5888 cost=124239545.82 viol=101876.4720 obj=226116017.82

[Run 12 Gen 24] group=1 comps=1
[Run 12 Gen 24] fe+=256 fe=6144 cost=124147448.40 viol=101884.4047 obj=226031853.07

[Run 12 Gen 25] group=0 comps=1
[Run 12 Gen 25] fe+=256 fe=6400 cost=124147448.40 viol=101884.4047 obj=226031853.07

[Run 12 Gen 26] group=1 comps=1
[Run 12 Gen 26] fe+=256 fe=6656 cost=123502765.13 viol=101161.5552 obj=224664320.29

[Run 12 Gen 27] group=0 comps=1
[Run 12 Gen 27] fe+=256 fe=6912 cost=123502765.13 viol=101161.5552 obj=224664320.29

[Run 12 Gen 28] group=1 comps=1
[Run 12 Gen 28] fe+=256 fe=7168 cost=124147448.07 viol=100184.5655 obj=224332013.54

[Run 12 Gen 29] group=0 comps=1
[Run 12 Gen 29] fe+=256 fe=7424 cost=128936523.22 viol=85170.7909 obj=214107314.13

[Run 12 Gen 30] group=1 comps=1
[Run 12 Gen 30] fe+=256 fe=7680 cost=128015548.03 viol=84566.2386 obj=212581786.68

[Run 12 Gen 31] group=0 comps=1
[Run 12 Gen 31] fe+=256 fe=7936 cost=128291840.95 viol=75261.1185 obj=203552959.45

[Run 12 Gen 32] group=1 comps=1
[Run 12 Gen 32] fe+=256 fe=8192 cost=128383938.37 viol=74550.1488 obj=202934087.21

[Run 12 Gen 33] group=0 comps=1
[Run 12 Gen 33] fe+=256 fe=8448 cost=128383938.37 viol=74550.1488 obj=202934087.21

[Run 12 Gen 34] group=1 comps=1
[Run 12 Gen 34] fe+=256 fe=8704 cost=128383938.37 viol=74550.1488 obj=202934087.21

[Run 12 Gen 35] group=0 comps=1
[Run 12 Gen 35] fe+=256 fe=8960 cost=128383938.37 viol=74550.1488 obj=202934087.21

[Run 12 Gen 36] group=1 comps=1
[Run 12 Gen 36] fe+=256 fe=9216 cost=128383938.37 viol=74550.1488 obj=202934087.21

[Run 12 Gen 37] group=0 comps=1
[Run 12 Gen 37] fe+=256 fe=9472 cost=128383938.37 viol=74550.1488 obj=202934087.21

[Run 12 Gen 38] group=1 comps=1
[Run 12 Gen 38] fe+=256 fe=9728 cost=128383938.37 viol=74550.1488 obj=202934087.21

[Run 12 Gen 39] group=0 comps=1
[Run 12 Gen 39] fe+=256 fe=9984 cost=128383938.37 viol=74550.1488 obj=202934087.21

[Run 12 Gen 40] group=1 comps=1
[Run 12 Gen 40] fe+=256 fe=10240 cost=128660231.30 viol=74261.9438 obj=202922175.11

[Run 12 Gen 41] group=0 comps=1
[Run 12 Gen 41] fe+=256 fe=10496 cost=128660228.62 viol=69829.0089 obj=198489237.53

[Run 12 Gen 42] group=1 comps=1
[Run 12 Gen 42] fe+=256 fe=10752 cost=128660228.62 viol=69829.0089 obj=198489237.53

[Run 12 Gen 43] group=0 comps=1
[Run 12 Gen 43] fe+=256 fe=11008 cost=128660228.62 viol=69829.0089 obj=198489237.53

[Run 12 Gen 44] group=1 comps=1
[Run 12 Gen 44] fe+=256 fe=11264 cost=128291838.28 viol=69966.0427 obj=198257881.00

[Run 12 Gen 45] group=0 comps=1
[Run 12 Gen 45] fe+=256 fe=11520 cost=125068423.59 viol=69415.3564 obj=194483780.02

[Run 12 Gen 46] group=1 comps=1
[Run 12 Gen 46] fe+=256 fe=11776 cost=125068423.59 viol=69415.3564 obj=194483780.02

[Run 12 Gen 47] group=0 comps=1
[Run 12 Gen 47] fe+=256 fe=12032 cost=125068423.59 viol=69415.3564 obj=194483780.02

[Run 12 Gen 48] group=1 comps=1
[Run 12 Gen 48] fe+=256 fe=12288 cost=125068423.59 viol=69415.3564 obj=194483780.02

[Run 12 Gen 49] group=0 comps=1
[Run 12 Gen 49] fe+=256 fe=12544 cost=125068423.59 viol=69415.3564 obj=194483780.02

[Run 12 Gen 50] group=1 comps=1
[Run 12 Gen 50] fe+=256 fe=12800 cost=125068424.60 viol=69191.9471 obj=194260371.68
[Stop] reached max_outer_gen=50
[7/7] Write outputs
[Done] summary=/work/home/acn1eb8nfq/yuezhang46/GFcode/GF实验二：分解模块/gcpcc_logs_GF_GG/run_12_seed_1012/runs_summary.csv
