[RunConfig] run_id=16 seed=1016
[OutputDir] /work/home/acn1eb8nfq/yuezhang46/GFcode/GF实验二：分解模块/gcpcc_logs_GF_GG/run_16_seed_1016
[Data] nodes=1810
[1/7] Load scenarios
  spring: raw_edges=3686 days=31
  summer: raw_edges=3686 days=30
  autumn: raw_edges=3686 days=31
  winter: raw_edges=3686 days=30
[Filter] w_min=1.0
  active=1450 inactive=360(fixed NONE)
  spring: removed=2281 kept=1405
  summer: removed=2206 kept=1480
  autumn: removed=2131 kept=1555
  winter: removed=2189 kept=1497
  spring: filtered_edges=1405
  summer: filtered_edges=1480
  autumn: filtered_edges=1555
  winter: filtered_edges=1497
[2/7] Decomposition: geographical grouping (Guangzhou/Foshan)
  geo_method=kmeans_lonlat_2clusters
  geo_components=2 sizes=[1080, 370]
  components=2 min/med/max=370/725/1080
  singleton_components=0
[4/7] Dependency graph + coloring
  color_groups=2 sizes=[1, 1]
[5/7] Initialize plan
  init: cost=75796225.79 viol=1790439.5243 obj=1866235750.10
[6/7] Outer iterations

[Run 16 Gen 1] group=0 comps=1
[Run 16 Gen 1] fe+=256 fe=256 cost=104991157.80 viol=750855.2248 obj=855846382.55

[Run 16 Gen 2] group=1 comps=1
[Run 16 Gen 2] fe+=256 fe=512 cost=116042866.15 viol=280661.6528 obj=396704518.93

[Run 16 Gen 3] group=0 comps=1
[Run 16 Gen 3] fe+=256 fe=768 cost=120279353.79 viol=222256.8873 obj=342536241.08

[Run 16 Gen 4] group=1 comps=1
[Run 16 Gen 4] fe+=256 fe=1024 cost=122213403.93 viol=203787.4088 obj=326000812.69

[Run 16 Gen 5] group=0 comps=1
[Run 16 Gen 5] fe+=256 fe=1280 cost=127370866.43 viol=148737.3250 obj=276108191.47

[Run 16 Gen 6] group=1 comps=1
[Run 16 Gen 6] fe+=256 fe=1536 cost=128568136.22 viol=144494.1782 obj=273062314.41

[Run 16 Gen 7] group=0 comps=1
[Run 16 Gen 7] fe+=256 fe=1792 cost=129857503.43 viol=129665.8227 obj=259523326.17

[Run 16 Gen 8] group=1 comps=1
[Run 16 Gen 8] fe+=256 fe=2048 cost=130594284.12 viol=126191.8391 obj=256786123.25

[Run 16 Gen 9] group=0 comps=1
[Run 16 Gen 9] fe+=256 fe=2304 cost=131515258.98 viol=120030.5837 obj=251545842.64

[Run 16 Gen 10] group=1 comps=1
[Run 16 Gen 10] fe+=256 fe=2560 cost=131054770.21 viol=119346.8436 obj=250401613.81

[Run 16 Gen 11] group=0 comps=1
[Run 16 Gen 11] fe+=256 fe=2816 cost=131054770.21 viol=119346.8436 obj=250401613.81

[Run 16 Gen 12] group=1 comps=1
[Run 16 Gen 12] fe+=256 fe=3072 cost=130041697.27 viol=116754.7000 obj=246796397.25

[Run 16 Gen 13] group=0 comps=1
[Run 16 Gen 13] fe+=256 fe=3328 cost=130041697.27 viol=116754.7000 obj=246796397.25

[Run 16 Gen 14] group=1 comps=1
[Run 16 Gen 14] fe+=256 fe=3584 cost=130133796.36 viol=113729.1430 obj=243862939.38

[Run 16 Gen 15] group=0 comps=1
[Run 16 Gen 15] fe+=256 fe=3840 cost=130133796.36 viol=113729.1430 obj=243862939.38

[Run 16 Gen 16] group=1 comps=1
[Run 16 Gen 16] fe+=256 fe=4096 cost=129765405.34 viol=111453.1009 obj=241218506.27

[Run 16 Gen 17] group=0 comps=1
[Run 16 Gen 17] fe+=256 fe=4352 cost=126541989.32 viol=110956.0327 obj=237498022.04

[Run 16 Gen 18] group=1 comps=1
[Run 16 Gen 18] fe+=256 fe=4608 cost=126081501.22 viol=110656.5250 obj=236738026.22

[Run 16 Gen 19] group=0 comps=1
[Run 16 Gen 19] fe+=256 fe=4864 cost=127186671.92 viol=107725.3854 obj=234912057.34

[Run 16 Gen 20] group=1 comps=1
[Run 16 Gen 20] fe+=256 fe=5120 cost=125897306.05 viol=107333.6787 obj=233230984.72

[Run 16 Gen 21] group=0 comps=1
[Run 16 Gen 21] fe+=256 fe=5376 cost=126634084.07 viol=101284.1359 obj=227918219.95

[Run 16 Gen 22] group=1 comps=1
[Run 16 Gen 22] fe+=256 fe=5632 cost=126634084.07 viol=101284.1359 obj=227918219.95

[Run 16 Gen 23] group=0 comps=1
[Run 16 Gen 23] fe+=256 fe=5888 cost=126634084.07 viol=101284.1359 obj=227918219.95

[Run 16 Gen 24] group=1 comps=1
[Run 16 Gen 24] fe+=256 fe=6144 cost=126634084.07 viol=101284.1359 obj=227918219.95

[Run 16 Gen 25] group=0 comps=1
[Run 16 Gen 25] fe+=256 fe=6400 cost=126449887.89 viol=94889.9885 obj=221339876.42

[Run 16 Gen 26] group=1 comps=1
[Run 16 Gen 26] fe+=256 fe=6656 cost=125805204.28 viol=94924.7838 obj=220729988.08

[Run 16 Gen 27] group=0 comps=1
[Run 16 Gen 27] fe+=256 fe=6912 cost=125805204.28 viol=94924.7838 obj=220729988.08

[Run 16 Gen 28] group=1 comps=1
[Run 16 Gen 28] fe+=256 fe=7168 cost=125805204.28 viol=94924.7838 obj=220729988.08

[Run 16 Gen 29] group=0 comps=1
[Run 16 Gen 29] fe+=256 fe=7424 cost=125805204.28 viol=94924.7838 obj=220729988.08

[Run 16 Gen 30] group=1 comps=1
[Run 16 Gen 30] fe+=256 fe=7680 cost=125805204.28 viol=94924.7838 obj=220729988.08

[Run 16 Gen 31] group=0 comps=1
[Run 16 Gen 31] fe+=256 fe=7936 cost=125436814.61 viol=93225.4998 obj=218662314.40

[Run 16 Gen 32] group=1 comps=1
[Run 16 Gen 32] fe+=256 fe=8192 cost=125436814.61 viol=93225.4998 obj=218662314.40

[Run 16 Gen 33] group=0 comps=1
[Run 16 Gen 33] fe+=256 fe=8448 cost=125897304.38 viol=89451.0277 obj=215348332.04

[Run 16 Gen 34] group=1 comps=1
[Run 16 Gen 34] fe+=256 fe=8704 cost=125897304.38 viol=89451.0277 obj=215348332.04

[Run 16 Gen 35] group=0 comps=1
[Run 16 Gen 35] fe+=256 fe=8960 cost=126634084.73 viol=75083.8411 obj=201717925.85

[Run 16 Gen 36] group=1 comps=1
[Run 16 Gen 36] fe+=256 fe=9216 cost=125344719.19 viol=76235.2679 obj=201579987.08

[Run 16 Gen 37] group=0 comps=1
[Run 16 Gen 37] fe+=256 fe=9472 cost=124607939.84 viol=74100.3959 obj=198708335.77

[Run 16 Gen 38] group=1 comps=1
[Run 16 Gen 38] fe+=256 fe=9728 cost=125805209.97 viol=72371.5484 obj=198176758.34

[Run 16 Gen 39] group=0 comps=1
[Run 16 Gen 39] fe+=256 fe=9984 cost=125805209.97 viol=72371.5484 obj=198176758.34

[Run 16 Gen 40] group=1 comps=1
[Run 16 Gen 40] fe+=256 fe=10240 cost=125805209.97 viol=72371.5484 obj=198176758.34

[Run 16 Gen 41] group=0 comps=1
[Run 16 Gen 41] fe+=256 fe=10496 cost=125713111.88 viol=71056.1122 obj=196769224.11

[Run 16 Gen 42] group=1 comps=1
[Run 16 Gen 42] fe+=256 fe=10752 cost=125713111.88 viol=71056.1122 obj=196769224.11

[Run 16 Gen 43] group=0 comps=1
[Run 16 Gen 43] fe+=256 fe=11008 cost=125713111.88 viol=71056.1122 obj=196769224.11

[Run 16 Gen 44] group=1 comps=1
[Run 16 Gen 44] fe+=256 fe=11264 cost=125713111.88 viol=71056.1122 obj=196769224.11

[Run 16 Gen 45] group=0 comps=1
[Run 16 Gen 45] fe+=256 fe=11520 cost=126173602.32 viol=68691.8312 obj=194865433.53

[Run 16 Gen 46] group=1 comps=1
[Run 16 Gen 46] fe+=256 fe=11776 cost=125528919.05 viol=68800.1468 obj=194329065.81

[Run 16 Gen 47] group=0 comps=1
[Run 16 Gen 47] fe+=256 fe=12032 cost=125528919.05 viol=68800.1468 obj=194329065.81

[Run 16 Gen 48] group=1 comps=1
[Run 16 Gen 48] fe+=256 fe=12288 cost=125528919.05 viol=68800.1468 obj=194329065.81

[Run 16 Gen 49] group=0 comps=1
[Run 16 Gen 49] fe+=256 fe=12544 cost=125528919.05 viol=68800.1468 obj=194329065.81

[Run 16 Gen 50] group=1 comps=1
[Run 16 Gen 50] fe+=256 fe=12800 cost=125528919.05 viol=68800.1468 obj=194329065.81
[Stop] reached max_outer_gen=50
[7/7] Write outputs
[Done] summary=/work/home/acn1eb8nfq/yuezhang46/GFcode/GF实验二：分解模块/gcpcc_logs_GF_GG/run_16_seed_1016/runs_summary.csv
