[RunConfig] run_id=6 seed=1006
[OutputDir] /work/home/acn1eb8nfq/yuezhang46/GFcode/GF实验二：分解模块/gcpcc_logs_GF_RG/run_06_seed_1006
[Data] nodes=1810
[1/7] Load scenarios
  spring: raw_edges=3686 days=31
  summer: raw_edges=3686 days=30
  autumn: raw_edges=3686 days=31
  winter: raw_edges=3686 days=30
[Filter] w_min=1.0
  active=1450 inactive=360(fixed NONE)
  spring: removed=2281 kept=1405
  summer: removed=2206 kept=1480
  autumn: removed=2131 kept=1555
  winter: removed=2189 kept=1497
  spring: filtered_edges=1405
  summer: filtered_edges=1480
  autumn: filtered_edges=1555
  winter: filtered_edges=1497
[2/7] Decomposition: random grouping (cycle-wise regrouping)
  n=1450 m=5 s=290 (n=m*s)
[4/7] Dependency graph + coloring
  random regroup + recolor after each full color-cycle
[5/7] Initialize plan
  init: cost=79295934.07 viol=1918041.4400 obj=1997337374.10
[6/7] Outer iterations
[Run 06 Gen 1] regrouped=1 cycle=1 groups=5 group_size=290 color_groups=5

[Run 06 Gen 1] group=0 comps=1
[Run 06 Gen 1] fe+=256 fe=256 cost=89058274.54 viol=1492758.2554 obj=1581816529.93

[Run 06 Gen 2] group=1 comps=1
[Run 06 Gen 2] fe+=256 fe=512 cost=96518176.19 viol=1071584.8763 obj=1168103052.53

[Run 06 Gen 3] group=2 comps=1
[Run 06 Gen 3] fe+=256 fe=768 cost=102965008.90 viol=774381.3132 obj=877346322.07

[Run 06 Gen 4] group=3 comps=1
[Run 06 Gen 4] fe+=256 fe=1024 cost=112082667.44 viol=485033.0660 obj=597115733.41

[Run 06 Gen 5] group=4 comps=1
[Run 06 Gen 5] fe+=256 fe=1280 cost=119174178.07 viol=197642.4921 obj=316816670.14
[Run 06 Gen 6] regrouped=1 cycle=2 groups=5 group_size=290 color_groups=5

[Run 06 Gen 6] group=0 comps=1
[Run 06 Gen 6] fe+=256 fe=1536 cost=123502763.79 viol=163160.5999 obj=286663363.65

[Run 06 Gen 7] group=1 comps=1
[Run 06 Gen 7] fe+=256 fe=1792 cost=125805203.28 viol=126366.6187 obj=252171822.00

[Run 06 Gen 8] group=2 comps=1
[Run 06 Gen 8] fe+=256 fe=2048 cost=128383938.04 viol=111361.5550 obj=239745493.05

[Run 06 Gen 9] group=3 comps=1
[Run 06 Gen 9] fe+=256 fe=2304 cost=131423157.88 viol=82179.4077 obj=213602565.63

[Run 06 Gen 10] group=4 comps=1
[Run 06 Gen 10] fe+=256 fe=2560 cost=134554473.48 viol=50683.9049 obj=185238378.34
[Run 06 Gen 11] regrouped=1 cycle=3 groups=5 group_size=290 color_groups=5

[Run 06 Gen 11] group=0 comps=1
[Run 06 Gen 11] fe+=256 fe=2816 cost=133080911.43 viol=50666.3910 obj=183747302.38

[Run 06 Gen 12] group=1 comps=1
[Run 06 Gen 12] fe+=256 fe=3072 cost=131791544.55 viol=48555.2736 obj=180346818.12

[Run 06 Gen 13] group=2 comps=1
[Run 06 Gen 13] fe+=256 fe=3328 cost=130133788.67 viol=41745.3697 obj=171879158.41

[Run 06 Gen 14] group=3 comps=1
[Run 06 Gen 14] fe+=256 fe=3584 cost=130686373.52 viol=38285.3482 obj=168971721.75

[Run 06 Gen 15] group=4 comps=1
[Run 06 Gen 15] fe+=256 fe=3840 cost=130410083.60 viol=32530.3094 obj=162940393.03
[Run 06 Gen 16] regrouped=1 cycle=4 groups=5 group_size=290 color_groups=5

[Run 06 Gen 16] group=0 comps=1
[Run 06 Gen 16] fe+=256 fe=4096 cost=128383937.70 viol=33120.7790 obj=161504716.71

[Run 06 Gen 17] group=1 comps=1
[Run 06 Gen 17] fe+=256 fe=4352 cost=126910374.32 viol=34222.0394 obj=161132413.75

[Run 06 Gen 18] group=2 comps=1
[Run 06 Gen 18] fe+=256 fe=4608 cost=126818276.23 viol=34244.7438 obj=161063020.03

[Run 06 Gen 19] group=3 comps=1
[Run 06 Gen 19] fe+=256 fe=4864 cost=126634081.06 viol=33203.8368 obj=159837917.81

[Run 06 Gen 20] group=4 comps=1
[Run 06 Gen 20] fe+=256 fe=5120 cost=127186667.58 viol=31632.1550 obj=158818822.56
[Run 06 Gen 21] regrouped=1 cycle=5 groups=5 group_size=290 color_groups=5

[Run 06 Gen 21] group=0 comps=1
[Run 06 Gen 21] fe+=256 fe=5376 cost=126634080.72 viol=31310.4741 obj=157944554.86

[Run 06 Gen 22] group=1 comps=1
[Run 06 Gen 22] fe+=256 fe=5632 cost=125252616.76 viol=30666.5071 obj=155919123.91

[Run 06 Gen 23] group=2 comps=1
[Run 06 Gen 23] fe+=256 fe=5888 cost=123963250.89 viol=30699.8574 obj=154663108.25

[Run 06 Gen 24] group=3 comps=1
[Run 06 Gen 24] fe+=256 fe=6144 cost=124607934.16 viol=29875.1232 obj=154483057.34

[Run 06 Gen 25] group=4 comps=1
[Run 06 Gen 25] fe+=256 fe=6400 cost=124423739.65 viol=29730.5238 obj=154154263.41
[Run 06 Gen 26] regrouped=1 cycle=6 groups=5 group_size=290 color_groups=5

[Run 06 Gen 26] group=0 comps=1
[Run 06 Gen 26] fe+=256 fe=6656 cost=123871153.47 viol=29348.8330 obj=153219986.50

[Run 06 Gen 27] group=1 comps=1
[Run 06 Gen 27] fe+=256 fe=6912 cost=123134372.78 viol=29313.4943 obj=152447867.08

[Run 06 Gen 28] group=2 comps=1
[Run 06 Gen 28] fe+=256 fe=7168 cost=122950178.27 viol=28218.0370 obj=151168215.23

[Run 06 Gen 29] group=3 comps=1
[Run 06 Gen 29] fe+=256 fe=7424 cost=122213395.91 viol=26278.3179 obj=148491713.84

[Run 06 Gen 30] group=4 comps=1
[Run 06 Gen 30] fe+=256 fe=7680 cost=122213395.91 viol=26278.3179 obj=148491713.84
[Run 06 Gen 31] regrouped=1 cycle=7 groups=5 group_size=290 color_groups=5

[Run 06 Gen 31] group=0 comps=1
[Run 06 Gen 31] fe+=256 fe=7936 cost=121568713.64 viol=25526.4736 obj=147095187.28

[Run 06 Gen 32] group=1 comps=1
[Run 06 Gen 32] fe+=256 fe=8192 cost=120924029.04 viol=25953.3769 obj=146877405.89

[Run 06 Gen 33] group=2 comps=1
[Run 06 Gen 33] fe+=256 fe=8448 cost=120647736.78 viol=26000.3759 obj=146648112.67

[Run 06 Gen 34] group=3 comps=1
[Run 06 Gen 34] fe+=256 fe=8704 cost=120187251.35 viol=25196.1001 obj=145383351.41

[Run 06 Gen 35] group=4 comps=1
[Run 06 Gen 35] fe+=256 fe=8960 cost=120187251.35 viol=25196.1001 obj=145383351.41
[Run 06 Gen 36] regrouped=1 cycle=8 groups=5 group_size=290 color_groups=5

[Run 06 Gen 36] group=0 comps=1
[Run 06 Gen 36] fe+=256 fe=9216 cost=118437395.38 viol=25365.3840 obj=143802779.33

[Run 06 Gen 37] group=1 comps=1
[Run 06 Gen 37] fe+=256 fe=9472 cost=117240126.92 viol=26517.7456 obj=143757872.49

[Run 06 Gen 38] group=2 comps=1
[Run 06 Gen 38] fe+=256 fe=9728 cost=117055931.75 viol=26512.6169 obj=143568548.69

[Run 06 Gen 39] group=3 comps=1
[Run 06 Gen 39] fe+=256 fe=9984 cost=117055931.75 viol=26512.6169 obj=143568548.69

[Run 06 Gen 40] group=4 comps=1
[Run 06 Gen 40] fe+=256 fe=10240 cost=117700614.02 viol=24693.6250 obj=142394239.06
[Run 06 Gen 41] regrouped=1 cycle=9 groups=5 group_size=290 color_groups=5

[Run 06 Gen 41] group=0 comps=1
[Run 06 Gen 41] fe+=256 fe=10496 cost=116042857.46 viol=24780.1226 obj=140822980.06

[Run 06 Gen 42] group=1 comps=1
[Run 06 Gen 42] fe+=256 fe=10752 cost=114385102.58 viol=25101.7835 obj=139486886.04

[Run 06 Gen 43] group=2 comps=1
[Run 06 Gen 43] fe+=256 fe=11008 cost=113740420.31 viol=25065.0887 obj=138805509.04

[Run 06 Gen 44] group=3 comps=1
[Run 06 Gen 44] fe+=256 fe=11264 cost=113556225.81 viol=25234.9457 obj=138791171.47

[Run 06 Gen 45] group=4 comps=1
[Run 06 Gen 45] fe+=256 fe=11520 cost=112819446.12 viol=25246.3779 obj=138065824.03
[Run 06 Gen 46] regrouped=1 cycle=10 groups=5 group_size=290 color_groups=5

[Run 06 Gen 46] group=0 comps=1
[Run 06 Gen 46] fe+=256 fe=11776 cost=111806371.50 viol=25522.0354 obj=137328406.88

[Run 06 Gen 47] group=1 comps=1
[Run 06 Gen 47] fe+=256 fe=12032 cost=111253786.32 viol=25356.5361 obj=136610322.44

[Run 06 Gen 48] group=2 comps=1
[Run 06 Gen 48] fe+=256 fe=12288 cost=110701201.47 viol=25106.3589 obj=135807560.36

[Run 06 Gen 49] group=3 comps=1
[Run 06 Gen 49] fe+=256 fe=12544 cost=110701201.47 viol=25106.3589 obj=135807560.36

[Run 06 Gen 50] group=4 comps=1
[Run 06 Gen 50] fe+=256 fe=12800 cost=110148616.62 viol=25165.5460 obj=135314162.64
[Stop] reached max_outer_gen=50
[7/7] Write outputs
[Done] summary=/work/home/acn1eb8nfq/yuezhang46/GFcode/GF实验二：分解模块/gcpcc_logs_GF_RG/run_06_seed_1006/runs_summary.csv
