[RunConfig] run_id=14 seed=1014
[OutputDir] /work/home/acn1eb8nfq/yuezhang46/GFcode/GF实验二：分解模块/gcpcc_logs_GF_RG/run_14_seed_1014
[Data] nodes=1810
[1/7] Load scenarios
  spring: raw_edges=3686 days=31
  summer: raw_edges=3686 days=30
  autumn: raw_edges=3686 days=31
  winter: raw_edges=3686 days=30
[Filter] w_min=1.0
  active=1450 inactive=360(fixed NONE)
  spring: removed=2281 kept=1405
  summer: removed=2206 kept=1480
  autumn: removed=2131 kept=1555
  winter: removed=2189 kept=1497
  spring: filtered_edges=1405
  summer: filtered_edges=1480
  autumn: filtered_edges=1555
  winter: filtered_edges=1497
[2/7] Decomposition: random grouping (cycle-wise regrouping)
  n=1450 m=5 s=290 (n=m*s)
[4/7] Dependency graph + coloring
  random regroup + recolor after each full color-cycle
[5/7] Initialize plan
  init: cost=73401690.55 viol=1767685.2172 obj=1841086907.72
[6/7] Outer iterations
[Run 14 Gen 1] regrouped=1 cycle=1 groups=5 group_size=290 color_groups=5

[Run 14 Gen 1] group=0 comps=1
[Run 14 Gen 1] fe+=256 fe=256 cost=84269204.73 viol=1361885.1519 obj=1446154356.67

[Run 14 Gen 2] group=1 comps=1
[Run 14 Gen 2] fe+=256 fe=512 cost=91637012.64 viol=994722.2960 obj=1086359308.64

[Run 14 Gen 3] group=2 comps=1
[Run 14 Gen 3] fe+=256 fe=768 cost=103149208.42 viol=661010.2520 obj=764159460.39

[Run 14 Gen 4] group=3 comps=1
[Run 14 Gen 4] fe+=256 fe=1024 cost=113556234.83 viol=333064.7970 obj=446621031.83

[Run 14 Gen 5] group=4 comps=1
[Run 14 Gen 5] fe+=256 fe=1280 cost=122397599.78 viol=175910.6568 obj=298308256.62
[Run 14 Gen 6] regrouped=1 cycle=2 groups=5 group_size=290 color_groups=5

[Run 14 Gen 6] group=0 comps=1
[Run 14 Gen 6] fe+=256 fe=1536 cost=121845012.25 viol=147674.5235 obj=269519535.75

[Run 14 Gen 7] group=1 comps=1
[Run 14 Gen 7] fe+=256 fe=1792 cost=124607937.17 viol=122091.1108 obj=246699048.00

[Run 14 Gen 8] group=2 comps=1
[Run 14 Gen 8] fe+=256 fe=2048 cost=125897300.37 viol=88022.3531 obj=213919653.49

[Run 14 Gen 9] group=3 comps=1
[Run 14 Gen 9] fe+=256 fe=2304 cost=127831346.50 viol=67265.5719 obj=195096918.45

[Run 14 Gen 10] group=4 comps=1
[Run 14 Gen 10] fe+=256 fe=2560 cost=129489104.06 viol=52122.7982 obj=181611902.30
[Run 14 Gen 11] regrouped=1 cycle=3 groups=5 group_size=290 color_groups=5

[Run 14 Gen 11] group=0 comps=1
[Run 14 Gen 11] fe+=256 fe=2816 cost=128383933.02 viol=51404.6153 obj=179788548.35

[Run 14 Gen 12] group=1 comps=1
[Run 14 Gen 12] fe+=256 fe=3072 cost=128107640.10 viol=51209.0171 obj=179316657.23

[Run 14 Gen 13] group=2 comps=1
[Run 14 Gen 13] fe+=256 fe=3328 cost=128568128.87 viol=45571.0032 obj=174139132.06

[Run 14 Gen 14] group=3 comps=1
[Run 14 Gen 14] fe+=256 fe=3584 cost=126818274.56 viol=41815.5427 obj=168633817.26

[Run 14 Gen 15] group=4 comps=1
[Run 14 Gen 15] fe+=256 fe=3840 cost=126173592.96 viol=39325.3100 obj=165498902.96
[Run 14 Gen 16] regrouped=1 cycle=4 groups=5 group_size=290 color_groups=5

[Run 14 Gen 16] group=0 comps=1
[Run 14 Gen 16] fe+=256 fe=4096 cost=124884226.08 viol=39848.8566 obj=164733082.71

[Run 14 Gen 17] group=1 comps=1
[Run 14 Gen 17] fe+=256 fe=4352 cost=125528908.68 viol=38100.7529 obj=163629661.62

[Run 14 Gen 18] group=2 comps=1
[Run 14 Gen 18] fe+=256 fe=4608 cost=124055347.97 viol=37041.6697 obj=161097017.68

[Run 14 Gen 19] group=3 comps=1
[Run 14 Gen 19] fe+=256 fe=4864 cost=124884225.75 viol=34684.2773 obj=159568503.01

[Run 14 Gen 20] group=4 comps=1
[Run 14 Gen 20] fe+=256 fe=5120 cost=124792126.66 viol=32047.4353 obj=156839561.97
[Run 14 Gen 21] regrouped=1 cycle=5 groups=5 group_size=290 color_groups=5

[Run 14 Gen 21] group=0 comps=1
[Run 14 Gen 21] fe+=256 fe=5376 cost=124607931.15 viol=32112.5046 obj=156720435.71

[Run 14 Gen 22] group=1 comps=1
[Run 14 Gen 22] fe+=256 fe=5632 cost=123779053.04 viol=29991.9286 obj=153770981.66

[Run 14 Gen 23] group=2 comps=1
[Run 14 Gen 23] fe+=256 fe=5888 cost=123226467.52 viol=29392.5028 obj=152618970.30

[Run 14 Gen 24] group=3 comps=1
[Run 14 Gen 24] fe+=256 fe=6144 cost=121845003.90 viol=29479.3370 obj=151324340.86

[Run 14 Gen 25] group=4 comps=1
[Run 14 Gen 25] fe+=256 fe=6400 cost=121200320.96 viol=29476.2832 obj=150676604.18
[Run 14 Gen 26] regrouped=1 cycle=6 groups=5 group_size=290 color_groups=5

[Run 14 Gen 26] group=0 comps=1
[Run 14 Gen 26] fe+=256 fe=6656 cost=121660809.06 viol=28925.6792 obj=150586488.23

[Run 14 Gen 27] group=1 comps=1
[Run 14 Gen 27] fe+=256 fe=6912 cost=121660809.06 viol=28925.6792 obj=150586488.23

[Run 14 Gen 28] group=2 comps=1
[Run 14 Gen 28] fe+=256 fe=7168 cost=121292419.38 viol=29176.0353 obj=150468454.68

[Run 14 Gen 29] group=3 comps=1
[Run 14 Gen 29] fe+=256 fe=7424 cost=122397589.41 viol=27276.3448 obj=149673934.19

[Run 14 Gen 30] group=4 comps=1
[Run 14 Gen 30] fe+=256 fe=7680 cost=121752906.48 viol=25645.6972 obj=147398603.65
[Run 14 Gen 31] regrouped=1 cycle=7 groups=5 group_size=290 color_groups=5

[Run 14 Gen 31] group=0 comps=1
[Run 14 Gen 31] fe+=256 fe=7936 cost=121476613.22 viol=25606.1559 obj=147082769.09

[Run 14 Gen 32] group=1 comps=1
[Run 14 Gen 32] fe+=256 fe=8192 cost=120924028.37 viol=25215.1775 obj=146139205.89

[Run 14 Gen 33] group=2 comps=1
[Run 14 Gen 33] fe+=256 fe=8448 cost=120555639.36 viol=24622.0028 obj=145177642.20

[Run 14 Gen 34] group=3 comps=1
[Run 14 Gen 34] fe+=256 fe=8704 cost=120095152.26 viol=24622.0028 obj=144717155.10

[Run 14 Gen 35] group=4 comps=1
[Run 14 Gen 35] fe+=256 fe=8960 cost=120187250.68 viol=24398.0705 obj=144585321.23
[Run 14 Gen 36] regrouped=1 cycle=8 groups=5 group_size=290 color_groups=5

[Run 14 Gen 36] group=0 comps=1
[Run 14 Gen 36] fe+=256 fe=9216 cost=119910958.09 viol=24406.6803 obj=144317638.35

[Run 14 Gen 37] group=1 comps=1
[Run 14 Gen 37] fe+=256 fe=9472 cost=118437398.05 viol=25271.6477 obj=143709045.75

[Run 14 Gen 38] group=2 comps=1
[Run 14 Gen 38] fe+=256 fe=9728 cost=117516424.19 viol=24354.0730 obj=141870497.22

[Run 14 Gen 39] group=3 comps=1
[Run 14 Gen 39] fe+=256 fe=9984 cost=117516424.19 viol=24354.0730 obj=141870497.22

[Run 14 Gen 40] group=4 comps=1
[Run 14 Gen 40] fe+=256 fe=10240 cost=117516424.86 viol=22991.2013 obj=140507626.13
[Run 14 Gen 41] regrouped=1 cycle=9 groups=5 group_size=290 color_groups=5

[Run 14 Gen 41] group=0 comps=1
[Run 14 Gen 41] fe+=256 fe=10496 cost=117516424.86 viol=22991.2013 obj=140507626.13

[Run 14 Gen 42] group=1 comps=1
[Run 14 Gen 42] fe+=256 fe=10752 cost=117424326.77 viol=22871.4062 obj=140295732.92

[Run 14 Gen 43] group=2 comps=1
[Run 14 Gen 43] fe+=256 fe=11008 cost=116963837.67 viol=22658.7515 obj=139622589.20

[Run 14 Gen 44] group=3 comps=1
[Run 14 Gen 44] fe+=256 fe=11264 cost=115950765.06 viol=22689.7405 obj=138640505.59

[Run 14 Gen 45] group=4 comps=1
[Run 14 Gen 45] fe+=256 fe=11520 cost=115950764.05 viol=22312.3291 obj=138263093.11
[Run 14 Gen 46] regrouped=1 cycle=10 groups=5 group_size=290 color_groups=5

[Run 14 Gen 46] group=0 comps=1
[Run 14 Gen 46] fe+=256 fe=11776 cost=115398177.53 viol=22301.1967 obj=137699374.27

[Run 14 Gen 47] group=1 comps=1
[Run 14 Gen 47] fe+=256 fe=12032 cost=115398177.53 viol=22301.1967 obj=137699374.27

[Run 14 Gen 48] group=2 comps=1
[Run 14 Gen 48] fe+=256 fe=12288 cost=115121883.94 viol=21706.7349 obj=136828618.80

[Run 14 Gen 49] group=3 comps=1
[Run 14 Gen 49] fe+=256 fe=12544 cost=115121883.94 viol=21706.7349 obj=136828618.80

[Run 14 Gen 50] group=4 comps=1
[Run 14 Gen 50] fe+=256 fe=12800 cost=115121883.94 viol=21706.7349 obj=136828618.80
[Stop] reached max_outer_gen=50
[7/7] Write outputs
[Done] summary=/work/home/acn1eb8nfq/yuezhang46/GFcode/GF实验二：分解模块/gcpcc_logs_GF_RG/run_14_seed_1014/runs_summary.csv
