[RunConfig] run_id=11 seed=1011
[OutputDir] /work/home/acn1eb8nfq/yuezhang46/GFcode/GF实验二：分解模块/gcpcc_logs_GF_RG/run_11_seed_1011
[Data] nodes=1810
[1/7] Load scenarios
  spring: raw_edges=3686 days=31
  summer: raw_edges=3686 days=30
  autumn: raw_edges=3686 days=31
  winter: raw_edges=3686 days=30
[Filter] w_min=1.0
  active=1450 inactive=360(fixed NONE)
  spring: removed=2281 kept=1405
  summer: removed=2206 kept=1480
  autumn: removed=2131 kept=1555
  winter: removed=2189 kept=1497
  spring: filtered_edges=1405
  summer: filtered_edges=1480
  autumn: filtered_edges=1555
  winter: filtered_edges=1497
[2/7] Decomposition: random grouping (cycle-wise regrouping)
  n=1450 m=5 s=290 (n=m*s)
[4/7] Dependency graph + coloring
  random regroup + recolor after each full color-cycle
[5/7] Initialize plan
  init: cost=74967345.00 viol=1838713.6548 obj=1913680999.79
[6/7] Outer iterations
[Run 11 Gen 1] regrouped=1 cycle=1 groups=5 group_size=290 color_groups=5

[Run 11 Gen 1] group=0 comps=1
[Run 11 Gen 1] fe+=256 fe=256 cost=87216319.80 viol=1264518.2794 obj=1351734599.19

[Run 11 Gen 2] group=1 comps=1
[Run 11 Gen 2] fe+=256 fe=512 cost=94952515.38 viol=873042.7802 obj=967995295.61

[Run 11 Gen 3] group=2 comps=1
[Run 11 Gen 3] fe+=256 fe=768 cost=104438563.93 viol=521370.3633 obj=625808927.26

[Run 11 Gen 4] group=3 comps=1
[Run 11 Gen 4] fe+=256 fe=1024 cost=112819444.78 viol=316337.3803 obj=429156825.09

[Run 11 Gen 5] group=4 comps=1
[Run 11 Gen 5] fe+=256 fe=1280 cost=121016129.13 viol=165322.4962 obj=286338625.35
[Run 11 Gen 6] regrouped=1 cycle=2 groups=5 group_size=290 color_groups=5

[Run 11 Gen 6] group=0 comps=1
[Run 11 Gen 6] fe+=256 fe=1536 cost=121200324.30 viol=158294.0842 obj=279494408.46

[Run 11 Gen 7] group=1 comps=1
[Run 11 Gen 7] fe+=256 fe=1792 cost=123042278.37 viol=128768.0567 obj=251810335.03

[Run 11 Gen 8] group=2 comps=1
[Run 11 Gen 8] fe+=256 fe=2048 cost=125989401.13 viol=102872.4845 obj=228861885.63

[Run 11 Gen 9] group=3 comps=1
[Run 11 Gen 9] fe+=256 fe=2304 cost=127831351.18 viol=71792.4138 obj=199623764.98

[Run 11 Gen 10] group=4 comps=1
[Run 11 Gen 10] fe+=256 fe=2560 cost=130041689.58 viol=58220.5188 obj=188262208.43
[Run 11 Gen 11] regrouped=1 cycle=3 groups=5 group_size=290 color_groups=5

[Run 11 Gen 11] group=0 comps=1
[Run 11 Gen 11] fe+=256 fe=2816 cost=129765399.66 viol=53512.8735 obj=183278273.13

[Run 11 Gen 12] group=1 comps=1
[Run 11 Gen 12] fe+=256 fe=3072 cost=129489105.40 viol=52696.3545 obj=182185459.89

[Run 11 Gen 13] group=2 comps=1
[Run 11 Gen 13] fe+=256 fe=3328 cost=129949594.83 viol=47029.9934 obj=176979588.20

[Run 11 Gen 14] group=3 comps=1
[Run 11 Gen 14] fe+=256 fe=3584 cost=130686375.52 viol=40661.2069 obj=171347582.39

[Run 11 Gen 15] group=4 comps=1
[Run 11 Gen 15] fe+=256 fe=3840 cost=130041690.58 viol=37800.4586 obj=167842149.21
[Run 11 Gen 16] regrouped=1 cycle=4 groups=5 group_size=290 color_groups=5

[Run 11 Gen 16] group=0 comps=1
[Run 11 Gen 16] fe+=256 fe=4096 cost=129949593.83 viol=36412.5397 obj=166362133.51

[Run 11 Gen 17] group=1 comps=1
[Run 11 Gen 17] fe+=256 fe=4352 cost=128936520.21 viol=36332.7972 obj=165269317.38

[Run 11 Gen 18] group=2 comps=1
[Run 11 Gen 18] fe+=256 fe=4608 cost=128568130.54 viol=34644.8117 obj=163212942.26

[Run 11 Gen 19] group=3 comps=1
[Run 11 Gen 19] fe+=256 fe=4864 cost=127462960.50 viol=33143.2544 obj=160606214.95

[Run 11 Gen 20] group=4 comps=1
[Run 11 Gen 20] fe+=256 fe=5120 cost=126449886.22 viol=33646.8091 obj=160096695.33
[Run 11 Gen 21] regrouped=1 cycle=5 groups=5 group_size=290 color_groups=5

[Run 11 Gen 21] group=0 comps=1
[Run 11 Gen 21] fe+=256 fe=5376 cost=125621007.78 viol=33441.7592 obj=159062767.02

[Run 11 Gen 22] group=1 comps=1
[Run 11 Gen 22] fe+=256 fe=5632 cost=124976324.84 viol=33200.4217 obj=158176746.56

[Run 11 Gen 23] group=2 comps=1
[Run 11 Gen 23] fe+=256 fe=5888 cost=123594861.21 viol=33538.1837 obj=157133044.92

[Run 11 Gen 24] group=3 comps=1
[Run 11 Gen 24] fe+=256 fe=6144 cost=121384520.14 viol=33401.5088 obj=154786028.96

[Run 11 Gen 25] group=4 comps=1
[Run 11 Gen 25] fe+=256 fe=6400 cost=121384520.14 viol=33401.5088 obj=154786028.96
[Run 11 Gen 26] regrouped=1 cycle=6 groups=5 group_size=290 color_groups=5

[Run 11 Gen 26] group=0 comps=1
[Run 11 Gen 26] fe+=256 fe=6656 cost=122489689.51 viol=31111.9847 obj=153601674.18

[Run 11 Gen 27] group=1 comps=1
[Run 11 Gen 27] fe+=256 fe=6912 cost=121752909.82 viol=30900.2532 obj=152653162.98

[Run 11 Gen 28] group=2 comps=1
[Run 11 Gen 28] fe+=256 fe=7168 cost=121752909.82 viol=30900.2532 obj=152653162.98

[Run 11 Gen 29] group=3 comps=1
[Run 11 Gen 29] fe+=256 fe=7424 cost=121568716.32 viol=30976.9913 obj=152545707.64

[Run 11 Gen 30] group=4 comps=1
[Run 11 Gen 30] fe+=256 fe=7680 cost=121108228.89 viol=31299.7402 obj=152407969.08
[Run 11 Gen 31] regrouped=1 cycle=7 groups=5 group_size=290 color_groups=5

[Run 11 Gen 31] group=0 comps=1
[Run 11 Gen 31] fe+=256 fe=7936 cost=121108228.89 viol=31299.7402 obj=152407969.08

[Run 11 Gen 32] group=1 comps=1
[Run 11 Gen 32] fe+=256 fe=8192 cost=120463544.95 viol=31294.4923 obj=151758037.23

[Run 11 Gen 33] group=2 comps=1
[Run 11 Gen 33] fe+=256 fe=8448 cost=119542570.09 viol=32201.1558 obj=151743725.92

[Run 11 Gen 34] group=3 comps=1
[Run 11 Gen 34] fe+=256 fe=8704 cost=119266278.16 viol=31046.0309 obj=150312309.04

[Run 11 Gen 35] group=4 comps=1
[Run 11 Gen 35] fe+=256 fe=8960 cost=119082082.99 viol=30563.4336 obj=149645516.63
[Run 11 Gen 36] regrouped=1 cycle=8 groups=5 group_size=290 color_groups=5

[Run 11 Gen 36] group=0 comps=1
[Run 11 Gen 36] fe+=256 fe=9216 cost=119082082.99 viol=30563.4336 obj=149645516.63

[Run 11 Gen 37] group=1 comps=1
[Run 11 Gen 37] fe+=256 fe=9472 cost=118897887.15 viol=29571.4408 obj=148469327.99

[Run 11 Gen 38] group=2 comps=1
[Run 11 Gen 38] fe+=256 fe=9728 cost=117976912.62 viol=30132.5989 obj=148109511.52

[Run 11 Gen 39] group=3 comps=1
[Run 11 Gen 39] fe+=256 fe=9984 cost=117976912.62 viol=30132.5989 obj=148109511.52

[Run 11 Gen 40] group=4 comps=1
[Run 11 Gen 40] fe+=256 fe=10240 cost=117792717.12 viol=30218.8574 obj=148011574.57
[Run 11 Gen 41] regrouped=1 cycle=9 groups=5 group_size=290 color_groups=5

[Run 11 Gen 41] group=0 comps=1
[Run 11 Gen 41] fe+=256 fe=10496 cost=117608522.28 viol=30184.3073 obj=147792829.55

[Run 11 Gen 42] group=1 comps=1
[Run 11 Gen 42] fe+=256 fe=10752 cost=117332230.69 viol=30243.4449 obj=147575675.60

[Run 11 Gen 43] group=2 comps=1
[Run 11 Gen 43] fe+=256 fe=11008 cost=117332230.69 viol=30243.4449 obj=147575675.60

[Run 11 Gen 44] group=3 comps=1
[Run 11 Gen 44] fe+=256 fe=11264 cost=117240133.61 viol=29993.0624 obj=147233196.02

[Run 11 Gen 45] group=4 comps=1
[Run 11 Gen 45] fe+=256 fe=11520 cost=116779645.17 viol=26636.2673 obj=143415912.47
[Run 11 Gen 46] regrouped=1 cycle=10 groups=5 group_size=290 color_groups=5

[Run 11 Gen 46] group=0 comps=1
[Run 11 Gen 46] fe+=256 fe=11776 cost=116779645.17 viol=26636.2673 obj=143415912.47

[Run 11 Gen 47] group=1 comps=1
[Run 11 Gen 47] fe+=256 fe=12032 cost=116779645.17 viol=26636.2673 obj=143415912.47

[Run 11 Gen 48] group=2 comps=1
[Run 11 Gen 48] fe+=256 fe=12288 cost=117055938.10 viol=26170.5821 obj=143226520.23

[Run 11 Gen 49] group=3 comps=1
[Run 11 Gen 49] fe+=256 fe=12544 cost=116319158.08 viol=25873.3494 obj=142192507.49

[Run 11 Gen 50] group=4 comps=1
[Run 11 Gen 50] fe+=256 fe=12800 cost=116042864.82 viol=25892.0296 obj=141934894.37
[Stop] reached max_outer_gen=50
[7/7] Write outputs
[Done] summary=/work/home/acn1eb8nfq/yuezhang46/GFcode/GF实验二：分解模块/gcpcc_logs_GF_RG/run_11_seed_1011/runs_summary.csv
