[RunConfig] run_id=10 seed=1010
[OutputDir] /work/home/acn1eb8nfq/yuezhang46/GFcode/GF实验二：分解模块/gcpcc_logs_GF_RG/run_10_seed_1010
[Data] nodes=1810
[1/7] Load scenarios
  spring: raw_edges=3686 days=31
  summer: raw_edges=3686 days=30
  autumn: raw_edges=3686 days=31
  winter: raw_edges=3686 days=30
[Filter] w_min=1.0
  active=1450 inactive=360(fixed NONE)
  spring: removed=2281 kept=1405
  summer: removed=2206 kept=1480
  autumn: removed=2131 kept=1555
  winter: removed=2189 kept=1497
  spring: filtered_edges=1405
  summer: filtered_edges=1480
  autumn: filtered_edges=1555
  winter: filtered_edges=1497
[2/7] Decomposition: random grouping (cycle-wise regrouping)
  n=1450 m=5 s=290 (n=m*s)
[4/7] Dependency graph + coloring
  random regroup + recolor after each full color-cycle
[5/7] Initialize plan
  init: cost=82703544.59 viol=1878397.5941 obj=1961101138.70
[6/7] Outer iterations
[Run 10 Gen 1] regrouped=1 cycle=1 groups=5 group_size=290 color_groups=5

[Run 10 Gen 1] group=0 comps=1
[Run 10 Gen 1] fe+=256 fe=256 cost=89334570.47 viol=1311622.4237 obj=1400956994.13

[Run 10 Gen 2] group=1 comps=1
[Run 10 Gen 2] fe+=256 fe=512 cost=97623352.24 viol=908168.5712 obj=1005791923.46

[Run 10 Gen 3] group=2 comps=1
[Run 10 Gen 3] fe+=256 fe=768 cost=105912133.33 viol=706284.4784 obj=812196611.74

[Run 10 Gen 4] group=3 comps=1
[Run 10 Gen 4] fe+=256 fe=1024 cost=112174768.87 viol=317862.2794 obj=430037048.22

[Run 10 Gen 5] group=4 comps=1
[Run 10 Gen 5] fe+=256 fe=1280 cost=119542571.76 viol=141979.0983 obj=261521670.09
[Run 10 Gen 6] regrouped=1 cycle=2 groups=5 group_size=290 color_groups=5

[Run 10 Gen 6] group=0 comps=1
[Run 10 Gen 6] fe+=256 fe=1536 cost=119542571.76 viol=114569.6059 obj=234112177.68

[Run 10 Gen 7] group=1 comps=1
[Run 10 Gen 7] fe+=256 fe=1792 cost=117516425.86 viol=95861.5335 obj=213377959.32

[Run 10 Gen 8] group=2 comps=1
[Run 10 Gen 8] fe+=256 fe=2048 cost=118713692.65 viol=75389.1719 obj=194102864.57

[Run 10 Gen 9] group=3 comps=1
[Run 10 Gen 9] fe+=256 fe=2304 cost=118069008.37 viol=68154.1529 obj=186223161.23

[Run 10 Gen 10] group=4 comps=1
[Run 10 Gen 10] fe+=256 fe=2560 cost=119358373.58 viol=65087.7518 obj=184446125.39
[Run 10 Gen 11] regrouped=1 cycle=3 groups=5 group_size=290 color_groups=5

[Run 10 Gen 11] group=0 comps=1
[Run 10 Gen 11] fe+=256 fe=2816 cost=120739836.87 viol=59697.8001 obj=180437637.02

[Run 10 Gen 12] group=1 comps=1
[Run 10 Gen 12] fe+=256 fe=3072 cost=122858081.19 viol=51481.6316 obj=174339712.76

[Run 10 Gen 13] group=2 comps=1
[Run 10 Gen 13] fe+=256 fe=3328 cost=124239544.48 viol=44842.8186 obj=169082363.10

[Run 10 Gen 14] group=3 comps=1
[Run 10 Gen 14] fe+=256 fe=3584 cost=125160523.02 viol=40259.7192 obj=165420242.23

[Run 10 Gen 15] group=4 comps=1
[Run 10 Gen 15] fe+=256 fe=3840 cost=124147449.40 viol=40296.5533 obj=164444002.68
[Run 10 Gen 16] regrouped=1 cycle=4 groups=5 group_size=290 color_groups=5

[Run 10 Gen 16] group=0 comps=1
[Run 10 Gen 16] fe+=256 fe=4096 cost=125068425.93 viol=34973.8328 obj=160042258.72

[Run 10 Gen 17] group=1 comps=1
[Run 10 Gen 17] fe+=256 fe=4352 cost=123594864.55 viol=33076.4329 obj=156671297.43

[Run 10 Gen 18] group=2 comps=1
[Run 10 Gen 18] fe+=256 fe=4608 cost=122858084.53 viol=32112.6690 obj=154970753.54

[Run 10 Gen 19] group=3 comps=1
[Run 10 Gen 19] fe+=256 fe=4864 cost=123134376.12 viol=29893.7606 obj=153028136.71

[Run 10 Gen 20] group=4 comps=1
[Run 10 Gen 20] fe+=256 fe=5120 cost=123134376.12 viol=29893.7606 obj=153028136.71
[Run 10 Gen 21] regrouped=1 cycle=5 groups=5 group_size=290 color_groups=5

[Run 10 Gen 21] group=0 comps=1
[Run 10 Gen 21] fe+=256 fe=5376 cost=122950177.27 viol=29183.6374 obj=152133814.64

[Run 10 Gen 22] group=1 comps=1
[Run 10 Gen 22] fe+=256 fe=5632 cost=122581785.25 viol=29181.3811 obj=151763166.38

[Run 10 Gen 23] group=2 comps=1
[Run 10 Gen 23] fe+=256 fe=5888 cost=122397589.75 viol=28483.0212 obj=150880610.99

[Run 10 Gen 24] group=3 comps=1
[Run 10 Gen 24] fe+=256 fe=6144 cost=121660809.73 viol=26532.2720 obj=148193081.70

[Run 10 Gen 25] group=4 comps=1
[Run 10 Gen 25] fe+=256 fe=6400 cost=121752907.81 viol=25415.2981 obj=147168205.86
[Run 10 Gen 26] regrouped=1 cycle=6 groups=5 group_size=290 color_groups=5

[Run 10 Gen 26] group=0 comps=1
[Run 10 Gen 26] fe+=256 fe=6656 cost=122029200.07 viol=24055.1418 obj=146084341.85

[Run 10 Gen 27] group=1 comps=1
[Run 10 Gen 27] fe+=256 fe=6912 cost=121568712.64 viol=24171.1246 obj=145739837.24

[Run 10 Gen 28] group=2 comps=1
[Run 10 Gen 28] fe+=256 fe=7168 cost=120371443.52 viol=24390.0143 obj=144761457.86

[Run 10 Gen 29] group=3 comps=1
[Run 10 Gen 29] fe+=256 fe=7424 cost=119450467.99 viol=25198.4829 obj=144648950.88

[Run 10 Gen 30] group=4 comps=1
[Run 10 Gen 30] fe+=256 fe=7680 cost=119910955.08 viol=24400.5239 obj=144311478.96
[Run 10 Gen 31] regrouped=1 cycle=7 groups=5 group_size=290 color_groups=5

[Run 10 Gen 31] group=0 comps=1
[Run 10 Gen 31] fe+=256 fe=7936 cost=118529490.12 viol=24350.1070 obj=142879597.08

[Run 10 Gen 32] group=1 comps=1
[Run 10 Gen 32] fe+=256 fe=8192 cost=118529490.12 viol=24350.1070 obj=142879597.08

[Run 10 Gen 33] group=2 comps=1
[Run 10 Gen 33] fe+=256 fe=8448 cost=117700612.35 viol=25015.7724 obj=142716384.72

[Run 10 Gen 34] group=3 comps=1
[Run 10 Gen 34] fe+=256 fe=8704 cost=117516416.84 viol=25127.2545 obj=142643671.37

[Run 10 Gen 35] group=4 comps=1
[Run 10 Gen 35] fe+=256 fe=8960 cost=117516416.84 viol=25127.2545 obj=142643671.37
[Run 10 Gen 36] regrouped=1 cycle=8 groups=5 group_size=290 color_groups=5

[Run 10 Gen 36] group=0 comps=1
[Run 10 Gen 36] fe+=256 fe=9216 cost=117055928.41 viol=24761.3045 obj=141817232.86

[Run 10 Gen 37] group=1 comps=1
[Run 10 Gen 37] fe+=256 fe=9472 cost=117055928.41 viol=24761.3045 obj=141817232.86

[Run 10 Gen 38] group=2 comps=1
[Run 10 Gen 38] fe+=256 fe=9728 cost=117055928.41 viol=24761.3045 obj=141817232.86

[Run 10 Gen 39] group=3 comps=1
[Run 10 Gen 39] fe+=256 fe=9984 cost=115490270.61 viol=25068.1841 obj=140558454.72

[Run 10 Gen 40] group=4 comps=1
[Run 10 Gen 40] fe+=256 fe=10240 cost=115490270.61 viol=25068.1841 obj=140558454.72
[Run 10 Gen 41] regrouped=1 cycle=9 groups=5 group_size=290 color_groups=5

[Run 10 Gen 41] group=0 comps=1
[Run 10 Gen 41] fe+=256 fe=10496 cost=115490270.61 viol=25068.1841 obj=140558454.72

[Run 10 Gen 42] group=1 comps=1
[Run 10 Gen 42] fe+=256 fe=10752 cost=116503345.23 viol=23603.4152 obj=140106760.47

[Run 10 Gen 43] group=2 comps=1
[Run 10 Gen 43] fe+=256 fe=11008 cost=116503345.23 viol=23603.4152 obj=140106760.47

[Run 10 Gen 44] group=3 comps=1
[Run 10 Gen 44] fe+=256 fe=11264 cost=116779637.82 viol=23217.9239 obj=139997561.68

[Run 10 Gen 45] group=4 comps=1
[Run 10 Gen 45] fe+=256 fe=11520 cost=116227052.64 viol=23510.6869 obj=139737739.51
[Run 10 Gen 46] regrouped=1 cycle=10 groups=5 group_size=290 color_groups=5

[Run 10 Gen 46] group=0 comps=1
[Run 10 Gen 46] fe+=256 fe=11776 cost=116319150.39 viol=23407.7414 obj=139726891.82

[Run 10 Gen 47] group=1 comps=1
[Run 10 Gen 47] fe+=256 fe=12032 cost=116319150.39 viol=23407.7414 obj=139726891.82

[Run 10 Gen 48] group=2 comps=1
[Run 10 Gen 48] fe+=256 fe=12288 cost=116319150.39 viol=23407.7414 obj=139726891.82

[Run 10 Gen 49] group=3 comps=1
[Run 10 Gen 49] fe+=256 fe=12544 cost=116319150.39 viol=23407.7414 obj=139726891.82

[Run 10 Gen 50] group=4 comps=1
[Run 10 Gen 50] fe+=256 fe=12800 cost=116042859.13 viol=22928.9508 obj=138971809.93
[Stop] reached max_outer_gen=50
[7/7] Write outputs
[Done] summary=/work/home/acn1eb8nfq/yuezhang46/GFcode/GF实验二：分解模块/gcpcc_logs_GF_RG/run_10_seed_1010/runs_summary.csv
