[RunConfig] run_id=2 seed=1002
[OutputDir] /work/home/acn1eb8nfq/yuezhang46/GFcode/GF实验二：分解模块/gcpcc_logs_GF_RG/run_02_seed_1002
[Data] nodes=1810
[1/7] Load scenarios
  spring: raw_edges=3686 days=31
  summer: raw_edges=3686 days=30
  autumn: raw_edges=3686 days=31
  winter: raw_edges=3686 days=30
[Filter] w_min=1.0
  active=1450 inactive=360(fixed NONE)
  spring: removed=2281 kept=1405
  summer: removed=2206 kept=1480
  autumn: removed=2131 kept=1555
  winter: removed=2189 kept=1497
  spring: filtered_edges=1405
  summer: filtered_edges=1480
  autumn: filtered_edges=1555
  winter: filtered_edges=1497
[2/7] Decomposition: random grouping (cycle-wise regrouping)
  n=1450 m=5 s=290 (n=m*s)
[4/7] Dependency graph + coloring
  random regroup + recolor after each full color-cycle
[5/7] Initialize plan
  init: cost=80677391.34 viol=1461842.8066 obj=1542520197.93
[6/7] Outer iterations
[Run 02 Gen 1] regrouped=1 cycle=1 groups=5 group_size=290 color_groups=5

[Run 02 Gen 1] group=0 comps=1
[Run 02 Gen 1] fe+=256 fe=256 cost=88137296.00 viol=1162073.5129 obj=1250210808.94

[Run 02 Gen 2] group=1 comps=1
[Run 02 Gen 2] fe+=256 fe=512 cost=96702372.03 viol=824989.5962 obj=921691968.19

[Run 02 Gen 3] group=2 comps=1
[Run 02 Gen 3] fe+=256 fe=768 cost=104162275.01 viol=555779.4659 obj=659941740.89

[Run 02 Gen 4] group=3 comps=1
[Run 02 Gen 4] fe+=256 fe=1024 cost=113832519.74 viol=291324.3557 obj=405156875.40

[Run 02 Gen 5] group=4 comps=1
[Run 02 Gen 5] fe+=256 fe=1280 cost=122121301.50 viol=151577.7858 obj=273699087.35
[Run 02 Gen 6] regrouped=1 cycle=2 groups=5 group_size=290 color_groups=5

[Run 02 Gen 6] group=0 comps=1
[Run 02 Gen 6] fe+=256 fe=1536 cost=124515837.41 viol=104000.8677 obj=228516705.11

[Run 02 Gen 7] group=1 comps=1
[Run 02 Gen 7] fe+=256 fe=1792 cost=125344714.18 viol=90311.3213 obj=215656035.51

[Run 02 Gen 8] group=2 comps=1
[Run 02 Gen 8] fe+=256 fe=2048 cost=126173592.29 viol=83126.1382 obj=209299730.47

[Run 02 Gen 9] group=3 comps=1
[Run 02 Gen 9] fe+=256 fe=2304 cost=125621008.11 viol=63565.1463 obj=189186154.45

[Run 02 Gen 10] group=4 comps=1
[Run 02 Gen 10] fe+=256 fe=2560 cost=126634078.72 viol=53183.1748 obj=179817253.53
[Run 02 Gen 11] regrouped=1 cycle=3 groups=5 group_size=290 color_groups=5

[Run 02 Gen 11] group=0 comps=1
[Run 02 Gen 11] fe+=256 fe=2816 cost=125989395.78 viol=52579.1399 obj=178568535.66

[Run 02 Gen 12] group=1 comps=1
[Run 02 Gen 12] fe+=256 fe=3072 cost=122765982.43 viol=49149.4930 obj=171915475.41

[Run 02 Gen 13] group=2 comps=1
[Run 02 Gen 13] fe+=256 fe=3328 cost=122581787.59 viol=46736.4504 obj=169318237.95

[Run 02 Gen 14] group=3 comps=1
[Run 02 Gen 14] fe+=256 fe=3584 cost=123594862.55 viol=43089.8494 obj=166684711.98

[Run 02 Gen 15] group=4 comps=1
[Run 02 Gen 15] fe+=256 fe=3840 cost=122765985.44 viol=40561.3517 obj=163327337.15
[Run 02 Gen 16] regrouped=1 cycle=4 groups=5 group_size=290 color_groups=5

[Run 02 Gen 16] group=0 comps=1
[Run 02 Gen 16] fe+=256 fe=4096 cost=123042278.37 viol=39571.5141 obj=162613792.45

[Run 02 Gen 17] group=1 comps=1
[Run 02 Gen 17] fe+=256 fe=4352 cost=122213399.59 viol=38111.0516 obj=160324451.24

[Run 02 Gen 18] group=2 comps=1
[Run 02 Gen 18] fe+=256 fe=4608 cost=123226473.54 viol=36757.4592 obj=159983932.69

[Run 02 Gen 19] group=3 comps=1
[Run 02 Gen 19] fe+=256 fe=4864 cost=122858082.86 viol=36739.3192 obj=159597402.09

[Run 02 Gen 20] group=4 comps=1
[Run 02 Gen 20] fe+=256 fe=5120 cost=121568717.99 viol=35950.7146 obj=157519432.58
[Run 02 Gen 21] regrouped=1 cycle=5 groups=5 group_size=290 color_groups=5

[Run 02 Gen 21] group=0 comps=1
[Run 02 Gen 21] fe+=256 fe=5376 cost=121016132.81 viol=35937.2032 obj=156953336.03

[Run 02 Gen 22] group=1 comps=1
[Run 02 Gen 22] fe+=256 fe=5632 cost=121016132.47 viol=34678.0734 obj=155694205.88

[Run 02 Gen 23] group=2 comps=1
[Run 02 Gen 23] fe+=256 fe=5888 cost=121660813.74 viol=33326.2758 obj=154987089.53

[Run 02 Gen 24] group=3 comps=1
[Run 02 Gen 24] fe+=256 fe=6144 cost=121476618.56 viol=33259.5957 obj=154736214.29

[Run 02 Gen 25] group=4 comps=1
[Run 02 Gen 25] fe+=256 fe=6400 cost=120279349.78 viol=31518.9413 obj=151798291.07
[Run 02 Gen 26] regrouped=1 cycle=6 groups=5 group_size=290 color_groups=5

[Run 02 Gen 26] group=0 comps=1
[Run 02 Gen 26] fe+=256 fe=6656 cost=120279350.11 viol=31407.5436 obj=151686893.71

[Run 02 Gen 27] group=1 comps=1
[Run 02 Gen 27] fe+=256 fe=6912 cost=119910959.43 viol=31307.6691 obj=151218628.51

[Run 02 Gen 28] group=2 comps=1
[Run 02 Gen 28] fe+=256 fe=7168 cost=118621593.22 viol=31388.9533 obj=150010546.48

[Run 02 Gen 29] group=3 comps=1
[Run 02 Gen 29] fe+=256 fe=7424 cost=118713690.31 viol=30653.4788 obj=149367169.08

[Run 02 Gen 30] group=4 comps=1
[Run 02 Gen 30] fe+=256 fe=7680 cost=118253202.21 viol=30653.4788 obj=148906680.98
[Run 02 Gen 31] regrouped=1 cycle=7 groups=5 group_size=290 color_groups=5

[Run 02 Gen 31] group=0 comps=1
[Run 02 Gen 31] fe+=256 fe=7936 cost=118253202.21 viol=30653.4788 obj=148906680.98

[Run 02 Gen 32] group=1 comps=1
[Run 02 Gen 32] fe+=256 fe=8192 cost=117608517.27 viol=29829.6643 obj=147438181.59

[Run 02 Gen 33] group=2 comps=1
[Run 02 Gen 33] fe+=256 fe=8448 cost=117608517.27 viol=29829.6643 obj=147438181.59

[Run 02 Gen 34] group=3 comps=1
[Run 02 Gen 34] fe+=256 fe=8704 cost=117608517.27 viol=29829.6643 obj=147438181.59

[Run 02 Gen 35] group=4 comps=1
[Run 02 Gen 35] fe+=256 fe=8960 cost=117608517.27 viol=29829.6643 obj=147438181.59
[Run 02 Gen 36] regrouped=1 cycle=8 groups=5 group_size=290 color_groups=5

[Run 02 Gen 36] group=0 comps=1
[Run 02 Gen 36] fe+=256 fe=9216 cost=117608517.27 viol=29829.6643 obj=147438181.59

[Run 02 Gen 37] group=1 comps=1
[Run 02 Gen 37] fe+=256 fe=9472 cost=117976906.94 viol=29240.3743 obj=147217281.24

[Run 02 Gen 38] group=2 comps=1
[Run 02 Gen 38] fe+=256 fe=9728 cost=116595444.32 viol=29304.9336 obj=145900377.91

[Run 02 Gen 39] group=3 comps=1
[Run 02 Gen 39] fe+=256 fe=9984 cost=116871736.58 viol=28851.6754 obj=145723411.95

[Run 02 Gen 40] group=4 comps=1
[Run 02 Gen 40] fe+=256 fe=10240 cost=115582370.03 viol=29151.7801 obj=144734150.18
[Run 02 Gen 41] regrouped=1 cycle=9 groups=5 group_size=290 color_groups=5

[Run 02 Gen 41] group=0 comps=1
[Run 02 Gen 41] fe+=256 fe=10496 cost=115582369.36 viol=28521.2130 obj=144103582.32

[Run 02 Gen 42] group=1 comps=1
[Run 02 Gen 42] fe+=256 fe=10752 cost=115582369.36 viol=28521.2130 obj=144103582.32

[Run 02 Gen 43] group=2 comps=1
[Run 02 Gen 43] fe+=256 fe=11008 cost=115121881.27 viol=28654.0829 obj=143775964.18

[Run 02 Gen 44] group=3 comps=1
[Run 02 Gen 44] fe+=256 fe=11264 cost=114293002.15 viol=28334.6755 obj=142627677.64

[Run 02 Gen 45] group=4 comps=1
[Run 02 Gen 45] fe+=256 fe=11520 cost=113832513.72 viol=28391.8318 obj=142224345.50
[Run 02 Gen 46] regrouped=1 cycle=10 groups=5 group_size=290 color_groups=5

[Run 02 Gen 46] group=0 comps=1
[Run 02 Gen 46] fe+=256 fe=11776 cost=113832513.72 viol=28391.8318 obj=142224345.50

[Run 02 Gen 47] group=1 comps=1
[Run 02 Gen 47] fe+=256 fe=12032 cost=113279927.87 viol=28788.2383 obj=142068166.14

[Run 02 Gen 48] group=2 comps=1
[Run 02 Gen 48] fe+=256 fe=12288 cost=113187829.11 viol=27961.7417 obj=141149570.79

[Run 02 Gen 49] group=3 comps=1
[Run 02 Gen 49] fe+=256 fe=12544 cost=113556219.46 viol=27547.6324 obj=141103851.83

[Run 02 Gen 50] group=4 comps=1
[Run 02 Gen 50] fe+=256 fe=12800 cost=113187829.11 viol=27530.4476 obj=140718276.75
[Stop] reached max_outer_gen=50
[7/7] Write outputs
[Done] summary=/work/home/acn1eb8nfq/yuezhang46/GFcode/GF实验二：分解模块/gcpcc_logs_GF_RG/run_02_seed_1002/runs_summary.csv
