[RunConfig] run_id=5 seed=1005
[OutputDir] /work/home/acn1eb8nfq/yuezhang46/GFcode/GF实验二：分解模块/gcpcc_logs_GF_RG/run_05_seed_1005
[Data] nodes=1810
[1/7] Load scenarios
  spring: raw_edges=3686 days=31
  summer: raw_edges=3686 days=30
  autumn: raw_edges=3686 days=31
  winter: raw_edges=3686 days=30
[Filter] w_min=1.0
  active=1450 inactive=360(fixed NONE)
  spring: removed=2281 kept=1405
  summer: removed=2206 kept=1480
  autumn: removed=2131 kept=1555
  winter: removed=2189 kept=1497
  spring: filtered_edges=1405
  summer: filtered_edges=1480
  autumn: filtered_edges=1555
  winter: filtered_edges=1497
[2/7] Decomposition: random grouping (cycle-wise regrouping)
  n=1450 m=5 s=290 (n=m*s)
[4/7] Dependency graph + coloring
  random regroup + recolor after each full color-cycle
[5/7] Initialize plan
  init: cost=81137881.11 viol=1722065.6439 obj=1803203525.00
[6/7] Outer iterations
[Run 05 Gen 1] regrouped=1 cycle=1 groups=5 group_size=290 color_groups=5

[Run 05 Gen 1] group=0 comps=1
[Run 05 Gen 1] fe+=256 fe=256 cost=89334566.79 viol=1275294.0654 obj=1364628632.20

[Run 05 Gen 2] group=1 comps=1
[Run 05 Gen 2] fe+=256 fe=512 cost=95597206.01 viol=1038926.7315 obj=1134523937.48

[Run 05 Gen 3] group=2 comps=1
[Run 05 Gen 3] fe+=256 fe=768 cost=106280523.01 viol=484858.1754 obj=591138698.38

[Run 05 Gen 4] group=3 comps=1
[Run 05 Gen 4] fe+=256 fe=1024 cost=115029793.54 viol=266213.1039 obj=381242897.45

[Run 05 Gen 5] group=4 comps=1
[Run 05 Gen 5] fe+=256 fe=1280 cost=120647747.14 viol=150611.9923 obj=271259739.48
[Run 05 Gen 6] regrouped=1 cycle=2 groups=5 group_size=290 color_groups=5

[Run 05 Gen 6] group=0 comps=1
[Run 05 Gen 6] fe+=256 fe=1536 cost=122489697.19 viol=135732.4851 obj=258222182.27

[Run 05 Gen 7] group=1 comps=1
[Run 05 Gen 7] fe+=256 fe=1792 cost=125436820.62 viol=100521.3872 obj=225958207.81

[Run 05 Gen 8] group=2 comps=1
[Run 05 Gen 8] fe+=256 fe=2048 cost=126081501.22 viol=90489.8097 obj=216571310.87

[Run 05 Gen 9] group=3 comps=1
[Run 05 Gen 9] fe+=256 fe=2304 cost=126265696.06 viol=74553.1873 obj=200818883.35

[Run 05 Gen 10] group=4 comps=1
[Run 05 Gen 10] fe+=256 fe=2560 cost=127739256.10 viol=63415.5653 obj=191154821.36
[Run 05 Gen 11] regrouped=1 cycle=3 groups=5 group_size=290 color_groups=5

[Run 05 Gen 11] group=0 comps=1
[Run 05 Gen 11] fe+=256 fe=2816 cost=127186670.25 viol=61758.2779 obj=188944948.16

[Run 05 Gen 12] group=1 comps=1
[Run 05 Gen 12] fe+=256 fe=3072 cost=127555058.93 viol=55291.9520 obj=182847010.93

[Run 05 Gen 13] group=2 comps=1
[Run 05 Gen 13] fe+=256 fe=3328 cost=128383934.03 viol=50510.3913 obj=178894325.34

[Run 05 Gen 14] group=3 comps=1
[Run 05 Gen 14] fe+=256 fe=3584 cost=126910372.31 viol=45789.8737 obj=172700245.96

[Run 05 Gen 15] group=4 comps=1
[Run 05 Gen 15] fe+=256 fe=3840 cost=125713106.87 viol=46269.4199 obj=171982526.77
[Run 05 Gen 16] regrouped=1 cycle=4 groups=5 group_size=290 color_groups=5

[Run 05 Gen 16] group=0 comps=1
[Run 05 Gen 16] fe+=256 fe=4096 cost=124607936.83 viol=44726.0985 obj=169334035.32

[Run 05 Gen 17] group=1 comps=1
[Run 05 Gen 17] fe+=256 fe=4352 cost=124607937.84 viol=44141.1050 obj=168749042.85

[Run 05 Gen 18] group=2 comps=1
[Run 05 Gen 18] fe+=256 fe=4608 cost=124515840.75 viol=43846.6306 obj=168362471.36

[Run 05 Gen 19] group=3 comps=1
[Run 05 Gen 19] fe+=256 fe=4864 cost=125528913.70 viol=41996.6499 obj=167525563.60

[Run 05 Gen 20] group=4 comps=1
[Run 05 Gen 20] fe+=256 fe=5120 cost=124884230.76 viol=38544.7030 obj=163428933.81
[Run 05 Gen 21] regrouped=1 cycle=5 groups=5 group_size=290 color_groups=5

[Run 05 Gen 21] group=0 comps=1
[Run 05 Gen 21] fe+=256 fe=5376 cost=125713108.87 viol=37557.9018 obj=163271010.67

[Run 05 Gen 22] group=1 comps=1
[Run 05 Gen 22] fe+=256 fe=5632 cost=124331646.58 viol=37253.8909 obj=161585537.51

[Run 05 Gen 23] group=2 comps=1
[Run 05 Gen 23] fe+=256 fe=5888 cost=124055352.99 viol=36043.4593 obj=160098812.24

[Run 05 Gen 24] group=3 comps=1
[Run 05 Gen 24] fe+=256 fe=6144 cost=124239547.49 viol=34658.7847 obj=158898332.18

[Run 05 Gen 25] group=4 comps=1
[Run 05 Gen 25] fe+=256 fe=6400 cost=123318573.30 viol=34474.1938 obj=157792767.07
[Run 05 Gen 26] regrouped=1 cycle=6 groups=5 group_size=290 color_groups=5

[Run 05 Gen 26] group=0 comps=1
[Run 05 Gen 26] fe+=256 fe=6656 cost=122305500.35 viol=35091.6738 obj=157397174.16

[Run 05 Gen 27] group=1 comps=1
[Run 05 Gen 27] fe+=256 fe=6912 cost=121568722.00 viol=35338.0432 obj=156906765.24

[Run 05 Gen 28] group=2 comps=1
[Run 05 Gen 28] fe+=256 fe=7168 cost=120739842.89 viol=34865.8094 obj=155605652.26

[Run 05 Gen 29] group=3 comps=1
[Run 05 Gen 29] fe+=256 fe=7424 cost=120739842.89 viol=34865.8094 obj=155605652.26

[Run 05 Gen 30] group=4 comps=1
[Run 05 Gen 30] fe+=256 fe=7680 cost=120739842.89 viol=34865.8094 obj=155605652.26
[Run 05 Gen 31] regrouped=1 cycle=7 groups=5 group_size=290 color_groups=5

[Run 05 Gen 31] group=0 comps=1
[Run 05 Gen 31] fe+=256 fe=7936 cost=122305498.68 viol=32558.7384 obj=154864237.09

[Run 05 Gen 32] group=1 comps=1
[Run 05 Gen 32] fe+=256 fe=8192 cost=121476618.90 viol=31442.8201 obj=152919438.98

[Run 05 Gen 33] group=2 comps=1
[Run 05 Gen 33] fe+=256 fe=8448 cost=123134374.45 viol=29076.2541 obj=152210628.55

[Run 05 Gen 34] group=3 comps=1
[Run 05 Gen 34] fe+=256 fe=8704 cost=123134374.45 viol=29076.2541 obj=152210628.55

[Run 05 Gen 35] group=4 comps=1
[Run 05 Gen 35] fe+=256 fe=8960 cost=124239544.15 viol=26198.8522 obj=150438396.39
[Run 05 Gen 36] regrouped=1 cycle=8 groups=5 group_size=290 color_groups=5

[Run 05 Gen 36] group=0 comps=1
[Run 05 Gen 36] fe+=256 fe=9216 cost=123594860.88 viol=26198.8522 obj=149793713.12

[Run 05 Gen 37] group=1 comps=1
[Run 05 Gen 37] fe+=256 fe=9472 cost=123134372.78 viol=25929.0409 obj=149063413.64

[Run 05 Gen 38] group=2 comps=1
[Run 05 Gen 38] fe+=256 fe=9728 cost=123226469.53 viol=25645.4416 obj=148871911.15

[Run 05 Gen 39] group=3 comps=1
[Run 05 Gen 39] fe+=256 fe=9984 cost=121384516.80 viol=24039.6033 obj=145424120.06

[Run 05 Gen 40] group=4 comps=1
[Run 05 Gen 40] fe+=256 fe=10240 cost=118161104.12 viol=24680.9322 obj=142842036.35
[Run 05 Gen 41] regrouped=1 cycle=9 groups=5 group_size=290 color_groups=5

[Run 05 Gen 41] group=0 comps=1
[Run 05 Gen 41] fe+=256 fe=10496 cost=118621592.55 viol=23864.4306 obj=142486023.19

[Run 05 Gen 42] group=1 comps=1
[Run 05 Gen 42] fe+=256 fe=10752 cost=118529495.80 viol=23892.9463 obj=142422442.14

[Run 05 Gen 43] group=2 comps=1
[Run 05 Gen 43] fe+=256 fe=11008 cost=118529495.80 viol=23892.9463 obj=142422442.14

[Run 05 Gen 44] group=3 comps=1
[Run 05 Gen 44] fe+=256 fe=11264 cost=118529494.80 viol=23099.9532 obj=141629448.01

[Run 05 Gen 45] group=4 comps=1
[Run 05 Gen 45] fe+=256 fe=11520 cost=117700616.69 viol=23158.9518 obj=140859568.48
[Run 05 Gen 46] regrouped=1 cycle=10 groups=5 group_size=290 color_groups=5

[Run 05 Gen 46] group=0 comps=1
[Run 05 Gen 46] fe+=256 fe=11776 cost=117700616.69 viol=23158.9518 obj=140859568.48

[Run 05 Gen 47] group=1 comps=1
[Run 05 Gen 47] fe+=256 fe=12032 cost=117608519.27 viol=22976.1415 obj=140584660.73

[Run 05 Gen 48] group=2 comps=1
[Run 05 Gen 48] fe+=256 fe=12288 cost=117608519.27 viol=22976.1415 obj=140584660.73

[Run 05 Gen 49] group=3 comps=1
[Run 05 Gen 49] fe+=256 fe=12544 cost=117608519.27 viol=22976.1415 obj=140584660.73

[Run 05 Gen 50] group=4 comps=1
[Run 05 Gen 50] fe+=256 fe=12800 cost=116871738.92 viol=23098.4595 obj=139970198.40
[Stop] reached max_outer_gen=50
[7/7] Write outputs
[Done] summary=/work/home/acn1eb8nfq/yuezhang46/GFcode/GF实验二：分解模块/gcpcc_logs_GF_RG/run_05_seed_1005/runs_summary.csv
