[RunConfig] run_id=16 seed=1016
[OutputDir] /work/home/acn1eb8nfq/yuezhang46/GFcode/GF实验二：分解模块/gcpcc_logs_GF_RG/run_16_seed_1016
[Data] nodes=1810
[1/7] Load scenarios
  spring: raw_edges=3686 days=31
  summer: raw_edges=3686 days=30
  autumn: raw_edges=3686 days=31
  winter: raw_edges=3686 days=30
[Filter] w_min=1.0
  active=1450 inactive=360(fixed NONE)
  spring: removed=2281 kept=1405
  summer: removed=2206 kept=1480
  autumn: removed=2131 kept=1555
  winter: removed=2189 kept=1497
  spring: filtered_edges=1405
  summer: filtered_edges=1480
  autumn: filtered_edges=1555
  winter: filtered_edges=1497
[2/7] Decomposition: random grouping (cycle-wise regrouping)
  n=1450 m=5 s=290 (n=m*s)
[4/7] Dependency graph + coloring
  random regroup + recolor after each full color-cycle
[5/7] Initialize plan
  init: cost=75796225.79 viol=1790439.5243 obj=1866235750.10
[6/7] Outer iterations
[Run 16 Gen 1] regrouped=1 cycle=1 groups=5 group_size=290 color_groups=5

[Run 16 Gen 1] group=0 comps=1
[Run 16 Gen 1] fe+=256 fe=256 cost=85282275.34 viol=1423265.5432 obj=1508547818.52

[Run 16 Gen 2] group=1 comps=1
[Run 16 Gen 2] fe+=256 fe=512 cost=95044618.82 viol=1066294.3188 obj=1161338937.59

[Run 16 Gen 3] group=2 comps=1
[Run 16 Gen 3] fe+=256 fe=768 cost=102044034.37 viol=676815.5963 obj=778859630.71

[Run 16 Gen 4] group=3 comps=1
[Run 16 Gen 4] fe+=256 fe=1024 cost=110517010.31 viol=312183.3433 obj=422700353.61

[Run 16 Gen 5] group=4 comps=1
[Run 16 Gen 5] fe+=256 fe=1280 cost=120003061.19 viol=169614.4911 obj=289617552.34
[Run 16 Gen 6] regrouped=1 cycle=2 groups=5 group_size=290 color_groups=5

[Run 16 Gen 6] group=0 comps=1
[Run 16 Gen 6] fe+=256 fe=1536 cost=121016136.15 viol=140475.0536 obj=261491189.78

[Run 16 Gen 7] group=1 comps=1
[Run 16 Gen 7] fe+=256 fe=1792 cost=122765989.45 viol=103374.2700 obj=226140259.45

[Run 16 Gen 8] group=2 comps=1
[Run 16 Gen 8] fe+=256 fe=2048 cost=121384527.83 viol=92036.6065 obj=213421134.37

[Run 16 Gen 9] group=3 comps=1
[Run 16 Gen 9] fe+=256 fe=2304 cost=125068429.61 viol=66030.7101 obj=191099139.72

[Run 16 Gen 10] group=4 comps=1
[Run 16 Gen 10] fe+=256 fe=2560 cost=127278771.68 viol=56447.5726 obj=183726344.32
[Run 16 Gen 11] regrouped=1 cycle=3 groups=5 group_size=290 color_groups=5

[Run 16 Gen 11] group=0 comps=1
[Run 16 Gen 11] fe+=256 fe=2816 cost=127555063.94 viol=53124.2735 obj=180679337.46

[Run 16 Gen 12] group=1 comps=1
[Run 16 Gen 12] fe+=256 fe=3072 cost=129120722.07 viol=47156.9043 obj=176277626.40

[Run 16 Gen 13] group=2 comps=1
[Run 16 Gen 13] fe+=256 fe=3328 cost=127002477.42 viol=46039.7240 obj=173042201.37

[Run 16 Gen 14] group=3 comps=1
[Run 16 Gen 14] fe+=256 fe=3584 cost=126357790.81 viol=42956.1578 obj=169313948.64

[Run 16 Gen 15] group=4 comps=1
[Run 16 Gen 15] fe+=256 fe=3840 cost=125989400.79 viol=40541.8273 obj=166531228.09
[Run 16 Gen 16] regrouped=1 cycle=4 groups=5 group_size=290 color_groups=5

[Run 16 Gen 16] group=0 comps=1
[Run 16 Gen 16] fe+=256 fe=4096 cost=126357792.48 viol=39035.2205 obj=165393012.98

[Run 16 Gen 17] group=1 comps=1
[Run 16 Gen 17] fe+=256 fe=4352 cost=125160522.68 viol=37292.6651 obj=162453187.77

[Run 16 Gen 18] group=2 comps=1
[Run 16 Gen 18] fe+=256 fe=4608 cost=125528912.36 viol=33895.1505 obj=159424062.89

[Run 16 Gen 19] group=3 comps=1
[Run 16 Gen 19] fe+=256 fe=4864 cost=126265692.72 viol=33149.2591 obj=159414951.77

[Run 16 Gen 20] group=4 comps=1
[Run 16 Gen 20] fe+=256 fe=5120 cost=127002473.74 viol=32381.3025 obj=159383776.26
[Run 16 Gen 21] regrouped=1 cycle=5 groups=5 group_size=290 color_groups=5

[Run 16 Gen 21] group=0 comps=1
[Run 16 Gen 21] fe+=256 fe=5376 cost=126910375.99 viol=31990.2084 obj=158900584.43

[Run 16 Gen 22] group=1 comps=1
[Run 16 Gen 22] fe+=256 fe=5632 cost=125621009.11 viol=30890.6921 obj=156511701.19

[Run 16 Gen 23] group=2 comps=1
[Run 16 Gen 23] fe+=256 fe=5888 cost=125621009.11 viol=30890.6921 obj=156511701.19

[Run 16 Gen 24] group=3 comps=1
[Run 16 Gen 24] fe+=256 fe=6144 cost=125713108.20 viol=29466.0785 obj=155179186.71

[Run 16 Gen 25] group=4 comps=1
[Run 16 Gen 25] fe+=256 fe=6400 cost=125528913.36 viol=29238.2506 obj=154767163.95
[Run 16 Gen 26] regrouped=1 cycle=6 groups=5 group_size=290 color_groups=5

[Run 16 Gen 26] group=0 comps=1
[Run 16 Gen 26] fe+=256 fe=6656 cost=125528913.36 viol=29238.2506 obj=154767163.95

[Run 16 Gen 27] group=1 comps=1
[Run 16 Gen 27] fe+=256 fe=6912 cost=123594862.88 viol=29568.3073 obj=153163170.14

[Run 16 Gen 28] group=2 comps=1
[Run 16 Gen 28] fe+=256 fe=7168 cost=123779058.39 viol=27714.9854 obj=151494043.75

[Run 16 Gen 29] group=3 comps=1
[Run 16 Gen 29] fe+=256 fe=7424 cost=123594864.89 viol=27894.1896 obj=151489054.50

[Run 16 Gen 30] group=4 comps=1
[Run 16 Gen 30] fe+=256 fe=7680 cost=122950180.28 viol=26665.0619 obj=149615242.18
[Run 16 Gen 31] regrouped=1 cycle=7 groups=5 group_size=290 color_groups=5

[Run 16 Gen 31] group=0 comps=1
[Run 16 Gen 31] fe+=256 fe=7936 cost=122858083.86 viol=26679.4787 obj=149537562.60

[Run 16 Gen 32] group=1 comps=1
[Run 16 Gen 32] fe+=256 fe=8192 cost=122397596.43 viol=26686.9812 obj=149084577.66

[Run 16 Gen 33] group=2 comps=1
[Run 16 Gen 33] fe+=256 fe=8448 cost=122121302.84 viol=26740.1374 obj=148861440.22

[Run 16 Gen 34] group=3 comps=1
[Run 16 Gen 34] fe+=256 fe=8704 cost=122489692.52 viol=26081.7030 obj=148571395.53

[Run 16 Gen 35] group=4 comps=1
[Run 16 Gen 35] fe+=256 fe=8960 cost=122489692.18 viol=25520.8309 obj=148010523.12
[Run 16 Gen 36] regrouped=1 cycle=8 groups=5 group_size=290 color_groups=5

[Run 16 Gen 36] group=0 comps=1
[Run 16 Gen 36] fe+=256 fe=9216 cost=122397594.76 viol=25566.5705 obj=147964165.26

[Run 16 Gen 37] group=1 comps=1
[Run 16 Gen 37] fe+=256 fe=9472 cost=121568718.32 viol=25657.9354 obj=147226653.75

[Run 16 Gen 38] group=2 comps=1
[Run 16 Gen 38] fe+=256 fe=9728 cost=120555644.04 viol=25823.1981 obj=146378842.16

[Run 16 Gen 39] group=3 comps=1
[Run 16 Gen 39] fe+=256 fe=9984 cost=119542572.09 viol=26487.1770 obj=146029749.09

[Run 16 Gen 40] group=4 comps=1
[Run 16 Gen 40] fe+=256 fe=10240 cost=119634668.18 viol=25799.3366 obj=145434004.76
[Run 16 Gen 41] regrouped=1 cycle=9 groups=5 group_size=290 color_groups=5

[Run 16 Gen 41] group=0 comps=1
[Run 16 Gen 41] fe+=256 fe=10496 cost=119726765.26 viol=24950.9445 obj=144677709.74

[Run 16 Gen 42] group=1 comps=1
[Run 16 Gen 42] fe+=256 fe=10752 cost=119266278.50 viol=25126.6559 obj=144392934.42

[Run 16 Gen 43] group=2 comps=1
[Run 16 Gen 43] fe+=256 fe=11008 cost=119450473.67 viol=24539.3159 obj=143989789.57

[Run 16 Gen 44] group=3 comps=1
[Run 16 Gen 44] fe+=256 fe=11264 cost=119450473.67 viol=24539.3159 obj=143989789.57

[Run 16 Gen 45] group=4 comps=1
[Run 16 Gen 45] fe+=256 fe=11520 cost=119450473.67 viol=24539.3159 obj=143989789.57
[Run 16 Gen 46] regrouped=1 cycle=10 groups=5 group_size=290 color_groups=5

[Run 16 Gen 46] group=0 comps=1
[Run 16 Gen 46] fe+=256 fe=11776 cost=118989985.91 viol=24964.5696 obj=143954555.55

[Run 16 Gen 47] group=1 comps=1
[Run 16 Gen 47] fe+=256 fe=12032 cost=118897887.82 viol=24948.5646 obj=143846452.46

[Run 16 Gen 48] group=2 comps=1
[Run 16 Gen 48] fe+=256 fe=12288 cost=118897887.82 viol=24948.5646 obj=143846452.46

[Run 16 Gen 49] group=3 comps=1
[Run 16 Gen 49] fe+=256 fe=12544 cost=118253203.88 viol=24730.7197 obj=142983923.59

[Run 16 Gen 50] group=4 comps=1
[Run 16 Gen 50] fe+=256 fe=12800 cost=118253203.88 viol=24182.0689 obj=142435272.81
[Stop] reached max_outer_gen=50
[7/7] Write outputs
[Done] summary=/work/home/acn1eb8nfq/yuezhang46/GFcode/GF实验二：分解模块/gcpcc_logs_GF_RG/run_16_seed_1016/runs_summary.csv
