[RunConfig] run_id=25 seed=1025
[OutputDir] /work/home/acn1eb8nfq/yuezhang46/GFcode/GF实验二：分解模块/gcpcc_logs_GF_RG/run_25_seed_1025
[Data] nodes=1810
[1/7] Load scenarios
  spring: raw_edges=3686 days=31
  summer: raw_edges=3686 days=30
  autumn: raw_edges=3686 days=31
  winter: raw_edges=3686 days=30
[Filter] w_min=1.0
  active=1450 inactive=360(fixed NONE)
  spring: removed=2281 kept=1405
  summer: removed=2206 kept=1480
  autumn: removed=2131 kept=1555
  winter: removed=2189 kept=1497
  spring: filtered_edges=1405
  summer: filtered_edges=1480
  autumn: filtered_edges=1555
  winter: filtered_edges=1497
[2/7] Decomposition: random grouping (cycle-wise regrouping)
  n=1450 m=5 s=290 (n=m*s)
[4/7] Dependency graph + coloring
  random regroup + recolor after each full color-cycle
[5/7] Initialize plan
  init: cost=81045786.03 viol=1681451.5132 obj=1762497299.25
[6/7] Outer iterations
[Run 25 Gen 1] regrouped=1 cycle=1 groups=5 group_size=290 color_groups=5

[Run 25 Gen 1] group=0 comps=1
[Run 25 Gen 1] fe+=256 fe=256 cost=88045203.26 viol=1286969.3908 obj=1375014594.03

[Run 25 Gen 2] group=1 comps=1
[Run 25 Gen 2] fe+=256 fe=512 cost=96702376.71 viol=970184.5943 obj=1066886970.96

[Run 25 Gen 3] group=2 comps=1
[Run 25 Gen 3] fe+=256 fe=768 cost=103885987.77 viol=654225.9363 obj=758111924.09

[Run 25 Gen 4] group=3 comps=1
[Run 25 Gen 4] fe+=256 fe=1024 cost=113372036.65 viol=280210.9080 obj=393582944.63

[Run 25 Gen 5] group=4 comps=1
[Run 25 Gen 5] fe+=256 fe=1280 cost=119634671.52 viol=146075.3176 obj=265709989.16
[Run 25 Gen 6] regrouped=1 cycle=2 groups=5 group_size=290 color_groups=5

[Run 25 Gen 6] group=0 comps=1
[Run 25 Gen 6] fe+=256 fe=1536 cost=121108230.22 viol=133016.3470 obj=254124577.20

[Run 25 Gen 7] group=1 comps=1
[Run 25 Gen 7] fe+=256 fe=1792 cost=122858083.86 viol=105151.5994 obj=228009683.22

[Run 25 Gen 8] group=2 comps=1
[Run 25 Gen 8] fe+=256 fe=2048 cost=122858084.87 viol=77757.0519 obj=200615136.74

[Run 25 Gen 9] group=3 comps=1
[Run 25 Gen 9] fe+=256 fe=2304 cost=126081496.88 viol=66733.5483 obj=192815045.22

[Run 25 Gen 10] group=4 comps=1
[Run 25 Gen 10] fe+=256 fe=2560 cost=127094569.16 viol=56061.0658 obj=183155634.99
[Run 25 Gen 11] regrouped=1 cycle=3 groups=5 group_size=290 color_groups=5

[Run 25 Gen 11] group=0 comps=1
[Run 25 Gen 11] fe+=256 fe=2816 cost=125528909.35 viol=55844.5394 obj=181373448.71

[Run 25 Gen 12] group=1 comps=1
[Run 25 Gen 12] fe+=256 fe=3072 cost=125621007.11 viol=50190.0331 obj=175811040.18

[Run 25 Gen 13] group=2 comps=1
[Run 25 Gen 13] fe+=256 fe=3328 cost=123686957.63 viol=48341.7140 obj=172028671.64

[Run 25 Gen 14] group=3 comps=1
[Run 25 Gen 14] fe+=256 fe=3584 cost=122950178.94 viol=40627.9246 obj=163578103.56

[Run 25 Gen 15] group=4 comps=1
[Run 25 Gen 15] fe+=256 fe=3840 cost=122950178.94 viol=40627.9246 obj=163578103.56
[Run 25 Gen 16] regrouped=1 cycle=4 groups=5 group_size=290 color_groups=5

[Run 25 Gen 16] group=0 comps=1
[Run 25 Gen 16] fe+=256 fe=4096 cost=123042276.70 viol=36664.8036 obj=159707080.28

[Run 25 Gen 17] group=1 comps=1
[Run 25 Gen 17] fe+=256 fe=4352 cost=122858081.52 viol=34777.9719 obj=157636053.46

[Run 25 Gen 18] group=2 comps=1
[Run 25 Gen 18] fe+=256 fe=4608 cost=124792129.67 viol=30498.4337 obj=155290563.33

[Run 25 Gen 19] group=3 comps=1
[Run 25 Gen 19] fe+=256 fe=4864 cost=124976324.84 viol=29969.1028 obj=154945427.60

[Run 25 Gen 20] group=4 comps=1
[Run 25 Gen 20] fe+=256 fe=5120 cost=123779056.05 viol=29650.3394 obj=153429395.44
[Run 25 Gen 21] regrouped=1 cycle=5 groups=5 group_size=290 color_groups=5

[Run 25 Gen 21] group=0 comps=1
[Run 25 Gen 21] fe+=256 fe=5376 cost=123410665.37 viol=29653.8537 obj=153064519.07

[Run 25 Gen 22] group=1 comps=1
[Run 25 Gen 22] fe+=256 fe=5632 cost=120924030.71 viol=30223.2859 obj=151147316.63

[Run 25 Gen 23] group=2 comps=1
[Run 25 Gen 23] fe+=256 fe=5888 cost=121016128.13 viol=29677.9695 obj=150694097.59

[Run 25 Gen 24] group=3 comps=1
[Run 25 Gen 24] fe+=256 fe=6144 cost=120095153.60 viol=29109.1352 obj=149204288.84

[Run 25 Gen 25] group=4 comps=1
[Run 25 Gen 25] fe+=256 fe=6400 cost=118897884.81 viol=27530.7557 obj=146428640.47
[Run 25 Gen 26] regrouped=1 cycle=6 groups=5 group_size=290 color_groups=5

[Run 25 Gen 26] group=0 comps=1
[Run 25 Gen 26] fe+=256 fe=6656 cost=118161103.45 viol=27404.1932 obj=145565296.62

[Run 25 Gen 27] group=1 comps=1
[Run 25 Gen 27] fe+=256 fe=6912 cost=118253201.54 viol=26998.9152 obj=145252116.78

[Run 25 Gen 28] group=2 comps=1
[Run 25 Gen 28] fe+=256 fe=7168 cost=117148030.84 viol=27733.7583 obj=144881789.13

[Run 25 Gen 29] group=3 comps=1
[Run 25 Gen 29] fe+=256 fe=7424 cost=116227054.98 viol=27787.4148 obj=144014469.77

[Run 25 Gen 30] group=4 comps=1
[Run 25 Gen 30] fe+=256 fe=7680 cost=115121885.28 viol=27760.5903 obj=142882475.62
[Run 25 Gen 31] regrouped=1 cycle=7 groups=5 group_size=290 color_groups=5

[Run 25 Gen 31] group=0 comps=1
[Run 25 Gen 31] fe+=256 fe=7936 cost=115029786.19 viol=27366.5181 obj=142396304.26

[Run 25 Gen 32] group=1 comps=1
[Run 25 Gen 32] fe+=256 fe=8192 cost=114845590.35 viol=27016.7879 obj=141862378.23

[Run 25 Gen 33] group=2 comps=1
[Run 25 Gen 33] fe+=256 fe=8448 cost=114753492.26 viol=26174.7282 obj=140928220.41

[Run 25 Gen 34] group=3 comps=1
[Run 25 Gen 34] fe+=256 fe=8704 cost=113372028.63 viol=26230.4237 obj=139602452.31

[Run 25 Gen 35] group=4 comps=1
[Run 25 Gen 35] fe+=256 fe=8960 cost=112911541.20 viol=26297.3717 obj=139208912.88
[Run 25 Gen 36] regrouped=1 cycle=8 groups=5 group_size=290 color_groups=5

[Run 25 Gen 36] group=0 comps=1
[Run 25 Gen 36] fe+=256 fe=9216 cost=112911541.20 viol=26297.3717 obj=139208912.88

[Run 25 Gen 37] group=1 comps=1
[Run 25 Gen 37] fe+=256 fe=9472 cost=112635248.94 viol=25797.3045 obj=138432553.45

[Run 25 Gen 38] group=2 comps=1
[Run 25 Gen 38] fe+=256 fe=9728 cost=112727346.70 viol=25593.6117 obj=138320958.44

[Run 25 Gen 39] group=3 comps=1
[Run 25 Gen 39] fe+=256 fe=9984 cost=112727346.70 viol=25593.6117 obj=138320958.44

[Run 25 Gen 40] group=4 comps=1
[Run 25 Gen 40] fe+=256 fe=10240 cost=112451054.44 viol=25356.7601 obj=137807814.54
[Run 25 Gen 41] regrouped=1 cycle=9 groups=5 group_size=290 color_groups=5

[Run 25 Gen 41] group=0 comps=1
[Run 25 Gen 41] fe+=256 fe=10496 cost=112727346.70 viol=24795.7654 obj=137523112.08

[Run 25 Gen 42] group=1 comps=1
[Run 25 Gen 42] fe+=256 fe=10752 cost=112727346.70 viol=24795.7654 obj=137523112.08

[Run 25 Gen 43] group=2 comps=1
[Run 25 Gen 43] fe+=256 fe=11008 cost=112727346.70 viol=24795.7654 obj=137523112.08

[Run 25 Gen 44] group=3 comps=1
[Run 25 Gen 44] fe+=256 fe=11264 cost=112727346.70 viol=24795.7654 obj=137523112.08

[Run 25 Gen 45] group=4 comps=1
[Run 25 Gen 45] fe+=256 fe=11520 cost=112727346.70 viol=24795.7654 obj=137523112.08
[Run 25 Gen 46] regrouped=1 cycle=10 groups=5 group_size=290 color_groups=5

[Run 25 Gen 46] group=0 comps=1
[Run 25 Gen 46] fe+=256 fe=11776 cost=112727346.70 viol=24795.7654 obj=137523112.08

[Run 25 Gen 47] group=1 comps=1
[Run 25 Gen 47] fe+=256 fe=12032 cost=112174761.85 viol=24790.1729 obj=136964934.72

[Run 25 Gen 48] group=2 comps=1
[Run 25 Gen 48] fe+=256 fe=12288 cost=112174761.85 viol=24790.1729 obj=136964934.72

[Run 25 Gen 49] group=3 comps=1
[Run 25 Gen 49] fe+=256 fe=12544 cost=111714272.75 viol=24842.9053 obj=136557178.08

[Run 25 Gen 50] group=4 comps=1
[Run 25 Gen 50] fe+=256 fe=12800 cost=111714272.75 viol=24842.9053 obj=136557178.08
[Stop] reached max_outer_gen=50
[7/7] Write outputs
[Done] summary=/work/home/acn1eb8nfq/yuezhang46/GFcode/GF实验二：分解模块/gcpcc_logs_GF_RG/run_25_seed_1025/runs_summary.csv
