[RunConfig] run_id=13 seed=1013
[OutputDir] /work/home/acn1eb8nfq/yuezhang46/GFcode/GF实验二：分解模块/gcpcc_logs_GF_wo/run_13_seed_1013
[Data] nodes=1810
[1/7] Load scenarios
  spring: raw_edges=3686 days=31
  summer: raw_edges=3686 days=30
  autumn: raw_edges=3686 days=31
  winter: raw_edges=3686 days=30
[Filter] w_min=1.0
  active=1450 inactive=360(fixed NONE)
  spring: removed=2281 kept=1405
  summer: removed=2206 kept=1480
  autumn: removed=2131 kept=1555
  winter: removed=2189 kept=1497
  spring: filtered_edges=1405
  summer: filtered_edges=1480
  autumn: filtered_edges=1555
  winter: filtered_edges=1497
[2/7] Decomposition: single component
  components=1 min/med/max=1450/1450/1450
  singleton_components=0
[4/7] Dependency graph + coloring
  color_groups=1 sizes=[1]
[5/7] Initialize plan
  init: cost=80677395.35 viol=1779058.3674 obj=1859735762.79
[6/7] Outer iterations

[Run 13 Gen 1] group=0 comps=1
[Run 13 Gen 1] fe+=256 fe=256 cost=108122479.08 viol=681295.9864 obj=789418465.51

[Run 13 Gen 2] group=0 comps=1
[Run 13 Gen 2] fe+=256 fe=512 cost=116042872.17 viol=449734.7537 obj=565777625.82

[Run 13 Gen 3] group=0 comps=1
[Run 13 Gen 3] fe+=256 fe=768 cost=118529505.16 viol=343158.6896 obj=461688194.79

[Run 13 Gen 4] group=0 comps=1
[Run 13 Gen 4] fe+=256 fe=1024 cost=119450476.01 viol=327814.1206 obj=447264596.60

[Run 13 Gen 5] group=0 comps=1
[Run 13 Gen 5] fe+=256 fe=1280 cost=123502768.14 viol=281208.0279 obj=404710795.99

[Run 13 Gen 6] group=0 comps=1
[Run 13 Gen 6] fe+=256 fe=1536 cost=126173600.98 viol=241302.1082 obj=367475709.13

[Run 13 Gen 7] group=0 comps=1
[Run 13 Gen 7] fe+=256 fe=1792 cost=126818284.59 viol=228434.7320 obj=355253016.55

[Run 13 Gen 8] group=0 comps=1
[Run 13 Gen 8] fe+=256 fe=2048 cost=126818284.59 viol=228434.7320 obj=355253016.55

[Run 13 Gen 9] group=0 comps=1
[Run 13 Gen 9] fe+=256 fe=2304 cost=124607944.52 viol=224000.0481 obj=348607992.62

[Run 13 Gen 10] group=0 comps=1
[Run 13 Gen 10] fe+=256 fe=2560 cost=124607944.52 viol=224000.0481 obj=348607992.62

[Run 13 Gen 11] group=0 comps=1
[Run 13 Gen 11] fe+=256 fe=2816 cost=123410674.06 viol=220486.5978 obj=343897271.85

[Run 13 Gen 12] group=0 comps=1
[Run 13 Gen 12] fe+=256 fe=3072 cost=123410674.06 viol=220486.5978 obj=343897271.85

[Run 13 Gen 13] group=0 comps=1
[Run 13 Gen 13] fe+=256 fe=3328 cost=123410674.06 viol=220486.5978 obj=343897271.85

[Run 13 Gen 14] group=0 comps=1
[Run 13 Gen 14] fe+=256 fe=3584 cost=123042284.05 viol=220483.9109 obj=343526194.91

[Run 13 Gen 15] group=0 comps=1
[Run 13 Gen 15] fe+=256 fe=3840 cost=123042284.05 viol=220483.9109 obj=343526194.91

[Run 13 Gen 16] group=0 comps=1
[Run 13 Gen 16] fe+=256 fe=4096 cost=123042284.05 viol=220483.9109 obj=343526194.91

[Run 13 Gen 17] group=0 comps=1
[Run 13 Gen 17] fe+=256 fe=4352 cost=123042284.05 viol=220483.9109 obj=343526194.91

[Run 13 Gen 18] group=0 comps=1
[Run 13 Gen 18] fe+=256 fe=4608 cost=123318575.97 viol=212018.3533 obj=335336929.28

[Run 13 Gen 19] group=0 comps=1
[Run 13 Gen 19] fe+=256 fe=4864 cost=123318575.97 viol=212018.3533 obj=335336929.28

[Run 13 Gen 20] group=0 comps=1
[Run 13 Gen 20] fe+=256 fe=5120 cost=126173598.64 viol=194937.2948 obj=321110893.47

[Run 13 Gen 21] group=0 comps=1
[Run 13 Gen 21] fe+=256 fe=5376 cost=126173598.64 viol=194937.2948 obj=321110893.47

[Run 13 Gen 22] group=0 comps=1
[Run 13 Gen 22] fe+=256 fe=5632 cost=126173598.64 viol=194937.2948 obj=321110893.47

[Run 13 Gen 23] group=0 comps=1
[Run 13 Gen 23] fe+=256 fe=5888 cost=126173598.64 viol=194937.2948 obj=321110893.47

[Run 13 Gen 24] group=0 comps=1
[Run 13 Gen 24] fe+=256 fe=6144 cost=125989404.47 viol=184803.4784 obj=310792882.84

[Run 13 Gen 25] group=0 comps=1
[Run 13 Gen 25] fe+=256 fe=6400 cost=125989404.47 viol=184803.4784 obj=310792882.84

[Run 13 Gen 26] group=0 comps=1
[Run 13 Gen 26] fe+=256 fe=6656 cost=125989404.47 viol=184803.4784 obj=310792882.84

[Run 13 Gen 27] group=0 comps=1
[Run 13 Gen 27] fe+=256 fe=6912 cost=125989404.47 viol=184803.4784 obj=310792882.84

[Run 13 Gen 28] group=0 comps=1
[Run 13 Gen 28] fe+=256 fe=7168 cost=125989404.47 viol=184803.4784 obj=310792882.84

[Run 13 Gen 29] group=0 comps=1
[Run 13 Gen 29] fe+=256 fe=7424 cost=125989404.47 viol=184803.4784 obj=310792882.84

[Run 13 Gen 30] group=0 comps=1
[Run 13 Gen 30] fe+=256 fe=7680 cost=125989404.47 viol=184803.4784 obj=310792882.84

[Run 13 Gen 31] group=0 comps=1
[Run 13 Gen 31] fe+=256 fe=7936 cost=127647159.35 viol=167260.4075 obj=294907566.87

[Run 13 Gen 32] group=0 comps=1
[Run 13 Gen 32] fe+=256 fe=8192 cost=126265694.05 viol=158412.2600 obj=284677954.01

[Run 13 Gen 33] group=0 comps=1
[Run 13 Gen 33] fe+=256 fe=8448 cost=126265694.05 viol=158412.2600 obj=284677954.01

[Run 13 Gen 34] group=0 comps=1
[Run 13 Gen 34] fe+=256 fe=8704 cost=126265694.05 viol=158412.2600 obj=284677954.01

[Run 13 Gen 35] group=0 comps=1
[Run 13 Gen 35] fe+=256 fe=8960 cost=126265694.05 viol=158412.2600 obj=284677954.01

[Run 13 Gen 36] group=0 comps=1
[Run 13 Gen 36] fe+=256 fe=9216 cost=126265694.05 viol=158412.2600 obj=284677954.01

[Run 13 Gen 37] group=0 comps=1
[Run 13 Gen 37] fe+=256 fe=9472 cost=127186670.25 viol=157078.9349 obj=284265605.11

[Run 13 Gen 38] group=0 comps=1
[Run 13 Gen 38] fe+=256 fe=9728 cost=127186670.25 viol=157078.9349 obj=284265605.11

[Run 13 Gen 39] group=0 comps=1
[Run 13 Gen 39] fe+=256 fe=9984 cost=127186670.25 viol=157078.9349 obj=284265605.11

[Run 13 Gen 40] group=0 comps=1
[Run 13 Gen 40] fe+=256 fe=10240 cost=127186670.25 viol=157078.9349 obj=284265605.11

[Run 13 Gen 41] group=0 comps=1
[Run 13 Gen 41] fe+=256 fe=10496 cost=127186670.25 viol=157078.9349 obj=284265605.11

[Run 13 Gen 42] group=0 comps=1
[Run 13 Gen 42] fe+=256 fe=10752 cost=128568134.88 viol=150543.9995 obj=279112134.34

[Run 13 Gen 43] group=0 comps=1
[Run 13 Gen 43] fe+=256 fe=11008 cost=128568134.88 viol=150543.9995 obj=279112134.34

[Run 13 Gen 44] group=0 comps=1
[Run 13 Gen 44] fe+=256 fe=11264 cost=128752329.72 viol=148773.5276 obj=277525857.33

[Run 13 Gen 45] group=0 comps=1
[Run 13 Gen 45] fe+=256 fe=11520 cost=128752329.72 viol=148773.5276 obj=277525857.33

[Run 13 Gen 46] group=0 comps=1
[Run 13 Gen 46] fe+=256 fe=11776 cost=128752329.72 viol=148773.5276 obj=277525857.33

[Run 13 Gen 47] group=0 comps=1
[Run 13 Gen 47] fe+=256 fe=12032 cost=128752329.72 viol=148773.5276 obj=277525857.33

[Run 13 Gen 48] group=0 comps=1
[Run 13 Gen 48] fe+=256 fe=12288 cost=128752329.72 viol=148773.5276 obj=277525857.33

[Run 13 Gen 49] group=0 comps=1
[Run 13 Gen 49] fe+=256 fe=12544 cost=129489108.41 viol=147432.8780 obj=276921986.43

[Run 13 Gen 50] group=0 comps=1
[Run 13 Gen 50] fe+=256 fe=12800 cost=129489108.41 viol=147432.8780 obj=276921986.43
[Stop] reached max_outer_gen=50
[7/7] Write outputs
[Done] summary=/work/home/acn1eb8nfq/yuezhang46/GFcode/GF实验二：分解模块/gcpcc_logs_GF_wo/run_13_seed_1013/runs_summary.csv
