[RunConfig] run_id=17 seed=1017
[OutputDir] /work/home/acn1eb8nfq/yuezhang46/GFcode/GF实验二：分解模块/gcpcc_logs_GF_wo/run_17_seed_1017
[Data] nodes=1810
[1/7] Load scenarios
  spring: raw_edges=3686 days=31
  summer: raw_edges=3686 days=30
  autumn: raw_edges=3686 days=31
  winter: raw_edges=3686 days=30
[Filter] w_min=1.0
  active=1450 inactive=360(fixed NONE)
  spring: removed=2281 kept=1405
  summer: removed=2206 kept=1480
  autumn: removed=2131 kept=1555
  winter: removed=2189 kept=1497
  spring: filtered_edges=1405
  summer: filtered_edges=1480
  autumn: filtered_edges=1555
  winter: filtered_edges=1497
[2/7] Decomposition: single component
  components=1 min/med/max=1450/1450/1450
  singleton_components=0
[4/7] Dependency graph + coloring
  color_groups=1 sizes=[1]
[5/7] Initialize plan
  init: cost=83256126.77 viol=1764177.8370 obj=1847433963.80
[6/7] Outer iterations

[Run 17 Gen 1] group=0 comps=1
[Run 17 Gen 1] fe+=256 fe=256 cost=113095744.39 viol=645654.1777 obj=758749922.09

[Run 17 Gen 2] group=0 comps=1
[Run 17 Gen 2] fe+=256 fe=512 cost=124423745.67 viol=419564.9890 obj=543988734.66

[Run 17 Gen 3] group=0 comps=1
[Run 17 Gen 3] fe+=256 fe=768 cost=124976332.86 viol=362182.2916 obj=487158624.42

[Run 17 Gen 4] group=0 comps=1
[Run 17 Gen 4] fe+=256 fe=1024 cost=125436819.62 viol=323021.6932 obj=448458512.79

[Run 17 Gen 5] group=0 comps=1
[Run 17 Gen 5] fe+=256 fe=1280 cost=121292426.40 viol=262402.1284 obj=383694554.79

[Run 17 Gen 6] group=0 comps=1
[Run 17 Gen 6] fe+=256 fe=1536 cost=118989986.24 viol=245746.9586 obj=364736944.82

[Run 17 Gen 7] group=0 comps=1
[Run 17 Gen 7] fe+=256 fe=1792 cost=118989986.24 viol=245746.9586 obj=364736944.82

[Run 17 Gen 8] group=0 comps=1
[Run 17 Gen 8] fe+=256 fe=2048 cost=118989986.24 viol=245746.9586 obj=364736944.82

[Run 17 Gen 9] group=0 comps=1
[Run 17 Gen 9] fe+=256 fe=2304 cost=118989986.24 viol=245746.9586 obj=364736944.82

[Run 17 Gen 10] group=0 comps=1
[Run 17 Gen 10] fe+=256 fe=2560 cost=118989986.24 viol=245746.9586 obj=364736944.82

[Run 17 Gen 11] group=0 comps=1
[Run 17 Gen 11] fe+=256 fe=2816 cost=118161108.13 viol=238966.6230 obj=357127731.16

[Run 17 Gen 12] group=0 comps=1
[Run 17 Gen 12] fe+=256 fe=3072 cost=118161108.13 viol=238966.6230 obj=357127731.16

[Run 17 Gen 13] group=0 comps=1
[Run 17 Gen 13] fe+=256 fe=3328 cost=116227058.65 viol=232752.8230 obj=348979881.69

[Run 17 Gen 14] group=0 comps=1
[Run 17 Gen 14] fe+=256 fe=3584 cost=118437401.39 viol=226212.7214 obj=344650122.75

[Run 17 Gen 15] group=0 comps=1
[Run 17 Gen 15] fe+=256 fe=3840 cost=118437401.39 viol=226212.7214 obj=344650122.75

[Run 17 Gen 16] group=0 comps=1
[Run 17 Gen 16] fe+=256 fe=4096 cost=121937109.67 viol=187102.5461 obj=309039655.78

[Run 17 Gen 17] group=0 comps=1
[Run 17 Gen 17] fe+=256 fe=4352 cost=121937109.67 viol=187102.5461 obj=309039655.78

[Run 17 Gen 18] group=0 comps=1
[Run 17 Gen 18] fe+=256 fe=4608 cost=121937109.67 viol=187102.5461 obj=309039655.78

[Run 17 Gen 19] group=0 comps=1
[Run 17 Gen 19] fe+=256 fe=4864 cost=123502768.81 viol=180508.4064 obj=304011175.23

[Run 17 Gen 20] group=0 comps=1
[Run 17 Gen 20] fe+=256 fe=5120 cost=123502768.81 viol=180508.4064 obj=304011175.23

[Run 17 Gen 21] group=0 comps=1
[Run 17 Gen 21] fe+=256 fe=5376 cost=123502768.81 viol=180508.4064 obj=304011175.23

[Run 17 Gen 22] group=0 comps=1
[Run 17 Gen 22] fe+=256 fe=5632 cost=123502768.81 viol=180508.4064 obj=304011175.23

[Run 17 Gen 23] group=0 comps=1
[Run 17 Gen 23] fe+=256 fe=5888 cost=122581792.94 viol=174630.3123 obj=297212105.28

[Run 17 Gen 24] group=0 comps=1
[Run 17 Gen 24] fe+=256 fe=6144 cost=121845013.25 viol=173044.1901 obj=294889203.33

[Run 17 Gen 25] group=0 comps=1
[Run 17 Gen 25] fe+=256 fe=6400 cost=122950183.62 viol=167553.1729 obj=290503356.56

[Run 17 Gen 26] group=0 comps=1
[Run 17 Gen 26] fe+=256 fe=6656 cost=122950183.62 viol=167553.1729 obj=290503356.56

[Run 17 Gen 27] group=0 comps=1
[Run 17 Gen 27] fe+=256 fe=6912 cost=122950183.62 viol=167553.1729 obj=290503356.56

[Run 17 Gen 28] group=0 comps=1
[Run 17 Gen 28] fe+=256 fe=7168 cost=122950183.62 viol=167553.1729 obj=290503356.56

[Run 17 Gen 29] group=0 comps=1
[Run 17 Gen 29] fe+=256 fe=7424 cost=122950183.62 viol=167553.1729 obj=290503356.56

[Run 17 Gen 30] group=0 comps=1
[Run 17 Gen 30] fe+=256 fe=7680 cost=122950183.62 viol=167553.1729 obj=290503356.56

[Run 17 Gen 31] group=0 comps=1
[Run 17 Gen 31] fe+=256 fe=7936 cost=122950183.62 viol=167553.1729 obj=290503356.56

[Run 17 Gen 32] group=0 comps=1
[Run 17 Gen 32] fe+=256 fe=8192 cost=122950183.62 viol=167553.1729 obj=290503356.56

[Run 17 Gen 33] group=0 comps=1
[Run 17 Gen 33] fe+=256 fe=8448 cost=122950183.62 viol=167553.1729 obj=290503356.56

[Run 17 Gen 34] group=0 comps=1
[Run 17 Gen 34] fe+=256 fe=8704 cost=122950183.62 viol=167553.1729 obj=290503356.56

[Run 17 Gen 35] group=0 comps=1
[Run 17 Gen 35] fe+=256 fe=8960 cost=122950183.62 viol=167553.1729 obj=290503356.56

[Run 17 Gen 36] group=0 comps=1
[Run 17 Gen 36] fe+=256 fe=9216 cost=122950183.62 viol=167553.1729 obj=290503356.56

[Run 17 Gen 37] group=0 comps=1
[Run 17 Gen 37] fe+=256 fe=9472 cost=122581793.28 viol=165480.5840 obj=288062377.27

[Run 17 Gen 38] group=0 comps=1
[Run 17 Gen 38] fe+=256 fe=9728 cost=122581793.28 viol=165480.5840 obj=288062377.27

[Run 17 Gen 39] group=0 comps=1
[Run 17 Gen 39] fe+=256 fe=9984 cost=122581793.28 viol=165480.5840 obj=288062377.27

[Run 17 Gen 40] group=0 comps=1
[Run 17 Gen 40] fe+=256 fe=10240 cost=121108233.23 viol=164981.8619 obj=286090095.17

[Run 17 Gen 41] group=0 comps=1
[Run 17 Gen 41] fe+=256 fe=10496 cost=121108233.23 viol=164981.8619 obj=286090095.17

[Run 17 Gen 42] group=0 comps=1
[Run 17 Gen 42] fe+=256 fe=10752 cost=122213404.27 viol=161491.6819 obj=283705086.12

[Run 17 Gen 43] group=0 comps=1
[Run 17 Gen 43] fe+=256 fe=11008 cost=122213404.27 viol=161491.6819 obj=283705086.12

[Run 17 Gen 44] group=0 comps=1
[Run 17 Gen 44] fe+=256 fe=11264 cost=122213404.27 viol=161491.6819 obj=283705086.12

[Run 17 Gen 45] group=0 comps=1
[Run 17 Gen 45] fe+=256 fe=11520 cost=122213404.27 viol=161491.6819 obj=283705086.12

[Run 17 Gen 46] group=0 comps=1
[Run 17 Gen 46] fe+=256 fe=11776 cost=122213404.27 viol=161491.6819 obj=283705086.12

[Run 17 Gen 47] group=0 comps=1
[Run 17 Gen 47] fe+=256 fe=12032 cost=122213404.27 viol=161491.6819 obj=283705086.12

[Run 17 Gen 48] group=0 comps=1
[Run 17 Gen 48] fe+=256 fe=12288 cost=122213404.27 viol=161491.6819 obj=283705086.12

[Run 17 Gen 49] group=0 comps=1
[Run 17 Gen 49] fe+=256 fe=12544 cost=122213404.27 viol=161491.6819 obj=283705086.12

[Run 17 Gen 50] group=0 comps=1
[Run 17 Gen 50] fe+=256 fe=12800 cost=122213404.27 viol=161491.6819 obj=283705086.12
[Stop] reached max_outer_gen=50
[7/7] Write outputs
[Done] summary=/work/home/acn1eb8nfq/yuezhang46/GFcode/GF实验二：分解模块/gcpcc_logs_GF_wo/run_17_seed_1017/runs_summary.csv
