[RunConfig] run_id=23 seed=1023
[OutputDir] /work/home/acn1eb8nfq/yuezhang46/GFcode/GF实验二：分解模块/gcpcc_logs_GF_wo/run_23_seed_1023
[Data] nodes=1810
[1/7] Load scenarios
  spring: raw_edges=3686 days=31
  summer: raw_edges=3686 days=30
  autumn: raw_edges=3686 days=31
  winter: raw_edges=3686 days=30
[Filter] w_min=1.0
  active=1450 inactive=360(fixed NONE)
  spring: removed=2281 kept=1405
  summer: removed=2206 kept=1480
  autumn: removed=2131 kept=1555
  winter: removed=2189 kept=1497
  spring: filtered_edges=1405
  summer: filtered_edges=1480
  autumn: filtered_edges=1555
  winter: filtered_edges=1497
[2/7] Decomposition: single component
  components=1 min/med/max=1450/1450/1450
  singleton_components=0
[4/7] Dependency graph + coloring
  color_groups=1 sizes=[1]
[5/7] Initialize plan
  init: cost=80677395.35 viol=1855579.7756 obj=1936257170.93
[6/7] Outer iterations

[Run 23 Gen 1] group=0 comps=1
[Run 23 Gen 1] fe+=256 fe=256 cost=110977498.07 viol=658014.5724 obj=768992070.50

[Run 23 Gen 2] group=0 comps=1
[Run 23 Gen 2] fe+=256 fe=512 cost=118345306.31 viol=475675.1934 obj=594020499.74

[Run 23 Gen 3] group=0 comps=1
[Run 23 Gen 3] fe+=256 fe=768 cost=118161110.47 viol=360575.3754 obj=478736485.87

[Run 23 Gen 4] group=0 comps=1
[Run 23 Gen 4] fe+=256 fe=1024 cost=119634673.19 viol=316660.0299 obj=436294703.05

[Run 23 Gen 5] group=0 comps=1
[Run 23 Gen 5] fe+=256 fe=1280 cost=123042285.39 viol=272521.3406 obj=395563625.96

[Run 23 Gen 6] group=0 comps=1
[Run 23 Gen 6] fe+=256 fe=1536 cost=125528920.05 viol=269970.3837 obj=395499303.78

[Run 23 Gen 7] group=0 comps=1
[Run 23 Gen 7] fe+=256 fe=1792 cost=124792138.69 viol=262836.6414 obj=387628780.10

[Run 23 Gen 8] group=0 comps=1
[Run 23 Gen 8] fe+=256 fe=2048 cost=124792138.69 viol=262836.6414 obj=387628780.10

[Run 23 Gen 9] group=0 comps=1
[Run 23 Gen 9] fe+=256 fe=2304 cost=124239552.17 viol=257383.9568 obj=381623508.94

[Run 23 Gen 10] group=0 comps=1
[Run 23 Gen 10] fe+=256 fe=2560 cost=122673891.70 viol=221598.0606 obj=344271952.29

[Run 23 Gen 11] group=0 comps=1
[Run 23 Gen 11] fe+=256 fe=2816 cost=124700036.59 viol=209915.7547 obj=334615791.31

[Run 23 Gen 12] group=0 comps=1
[Run 23 Gen 12] fe+=256 fe=3072 cost=124700036.59 viol=209915.7547 obj=334615791.31

[Run 23 Gen 13] group=0 comps=1
[Run 23 Gen 13] fe+=256 fe=3328 cost=126081501.22 viol=204512.4032 obj=330593904.43

[Run 23 Gen 14] group=0 comps=1
[Run 23 Gen 14] fe+=256 fe=3584 cost=126173597.97 viol=202439.0033 obj=328612601.30

[Run 23 Gen 15] group=0 comps=1
[Run 23 Gen 15] fe+=256 fe=3840 cost=126173597.97 viol=202439.0033 obj=328612601.30

[Run 23 Gen 16] group=0 comps=1
[Run 23 Gen 16] fe+=256 fe=4096 cost=126173597.97 viol=202439.0033 obj=328612601.30

[Run 23 Gen 17] group=0 comps=1
[Run 23 Gen 17] fe+=256 fe=4352 cost=126173597.97 viol=202439.0033 obj=328612601.30

[Run 23 Gen 18] group=0 comps=1
[Run 23 Gen 18] fe+=256 fe=4608 cost=126818281.24 viol=194851.4917 obj=321669772.89

[Run 23 Gen 19] group=0 comps=1
[Run 23 Gen 19] fe+=256 fe=4864 cost=126818281.24 viol=194851.4917 obj=321669772.89

[Run 23 Gen 20] group=0 comps=1
[Run 23 Gen 20] fe+=256 fe=5120 cost=126265694.39 viol=192009.2198 obj=318274914.18

[Run 23 Gen 21] group=0 comps=1
[Run 23 Gen 21] fe+=256 fe=5376 cost=126818277.23 viol=179423.2493 obj=306241526.53

[Run 23 Gen 22] group=0 comps=1
[Run 23 Gen 22] fe+=256 fe=5632 cost=126818277.23 viol=179423.2493 obj=306241526.53

[Run 23 Gen 23] group=0 comps=1
[Run 23 Gen 23] fe+=256 fe=5888 cost=126818277.23 viol=179423.2493 obj=306241526.53

[Run 23 Gen 24] group=0 comps=1
[Run 23 Gen 24] fe+=256 fe=6144 cost=126818277.23 viol=179423.2493 obj=306241526.53

[Run 23 Gen 25] group=0 comps=1
[Run 23 Gen 25] fe+=256 fe=6400 cost=126818277.23 viol=179423.2493 obj=306241526.53

[Run 23 Gen 26] group=0 comps=1
[Run 23 Gen 26] fe+=256 fe=6656 cost=126818277.23 viol=179423.2493 obj=306241526.53

[Run 23 Gen 27] group=0 comps=1
[Run 23 Gen 27] fe+=256 fe=6912 cost=129857501.76 viol=167403.7681 obj=297261269.86

[Run 23 Gen 28] group=0 comps=1
[Run 23 Gen 28] fe+=256 fe=7168 cost=129857501.76 viol=167403.7681 obj=297261269.86

[Run 23 Gen 29] group=0 comps=1
[Run 23 Gen 29] fe+=256 fe=7424 cost=129949598.51 viol=163013.4041 obj=292963002.65

[Run 23 Gen 30] group=0 comps=1
[Run 23 Gen 30] fe+=256 fe=7680 cost=129949598.51 viol=163013.4041 obj=292963002.65

[Run 23 Gen 31] group=0 comps=1
[Run 23 Gen 31] fe+=256 fe=7936 cost=129949598.51 viol=163013.4041 obj=292963002.65

[Run 23 Gen 32] group=0 comps=1
[Run 23 Gen 32] fe+=256 fe=8192 cost=129949598.51 viol=163013.4041 obj=292963002.65

[Run 23 Gen 33] group=0 comps=1
[Run 23 Gen 33] fe+=256 fe=8448 cost=129949598.51 viol=163013.4041 obj=292963002.65

[Run 23 Gen 34] group=0 comps=1
[Run 23 Gen 34] fe+=256 fe=8704 cost=129949598.51 viol=163013.4041 obj=292963002.65

[Run 23 Gen 35] group=0 comps=1
[Run 23 Gen 35] fe+=256 fe=8960 cost=129949598.51 viol=163013.4041 obj=292963002.65

[Run 23 Gen 36] group=0 comps=1
[Run 23 Gen 36] fe+=256 fe=9216 cost=129949598.51 viol=163013.4041 obj=292963002.65

[Run 23 Gen 37] group=0 comps=1
[Run 23 Gen 37] fe+=256 fe=9472 cost=129949598.51 viol=163013.4041 obj=292963002.65

[Run 23 Gen 38] group=0 comps=1
[Run 23 Gen 38] fe+=256 fe=9728 cost=129949598.51 viol=163013.4041 obj=292963002.65

[Run 23 Gen 39] group=0 comps=1
[Run 23 Gen 39] fe+=256 fe=9984 cost=129949598.51 viol=163013.4041 obj=292963002.65

[Run 23 Gen 40] group=0 comps=1
[Run 23 Gen 40] fe+=256 fe=10240 cost=129949598.51 viol=163013.4041 obj=292963002.65

[Run 23 Gen 41] group=0 comps=1
[Run 23 Gen 41] fe+=256 fe=10496 cost=131146863.62 viol=158172.2699 obj=289319133.54

[Run 23 Gen 42] group=0 comps=1
[Run 23 Gen 42] fe+=256 fe=10752 cost=131146863.62 viol=158172.2699 obj=289319133.54

[Run 23 Gen 43] group=0 comps=1
[Run 23 Gen 43] fe+=256 fe=11008 cost=131791547.90 viol=155029.1547 obj=286820702.57

[Run 23 Gen 44] group=0 comps=1
[Run 23 Gen 44] fe+=256 fe=11264 cost=131791547.90 viol=155029.1547 obj=286820702.57

[Run 23 Gen 45] group=0 comps=1
[Run 23 Gen 45] fe+=256 fe=11520 cost=131146863.29 viol=150236.5230 obj=281383386.33

[Run 23 Gen 46] group=0 comps=1
[Run 23 Gen 46] fe+=256 fe=11776 cost=131238960.71 viol=145505.5361 obj=276744496.81

[Run 23 Gen 47] group=0 comps=1
[Run 23 Gen 47] fe+=256 fe=12032 cost=131238960.71 viol=145505.5361 obj=276744496.81

[Run 23 Gen 48] group=0 comps=1
[Run 23 Gen 48] fe+=256 fe=12288 cost=131238960.71 viol=145505.5361 obj=276744496.81

[Run 23 Gen 49] group=0 comps=1
[Run 23 Gen 49] fe+=256 fe=12544 cost=131238960.71 viol=145505.5361 obj=276744496.81

[Run 23 Gen 50] group=0 comps=1
[Run 23 Gen 50] fe+=256 fe=12800 cost=131238960.71 viol=145505.5361 obj=276744496.81
[Stop] reached max_outer_gen=50
[7/7] Write outputs
[Done] summary=/work/home/acn1eb8nfq/yuezhang46/GFcode/GF实验二：分解模块/gcpcc_logs_GF_wo/run_23_seed_1023/runs_summary.csv
