[RunConfig] run_id=3 seed=1003
[OutputDir] /work/home/acn1eb8nfq/yuezhang46/GFcode/GF实验二：分解模块/gcpcc_logs_GF_wo/run_03_seed_1003
[Data] nodes=1810
[1/7] Load scenarios
  spring: raw_edges=3686 days=31
  summer: raw_edges=3686 days=30
  autumn: raw_edges=3686 days=31
  winter: raw_edges=3686 days=30
[Filter] w_min=1.0
  active=1450 inactive=360(fixed NONE)
  spring: removed=2281 kept=1405
  summer: removed=2206 kept=1480
  autumn: removed=2131 kept=1555
  winter: removed=2189 kept=1497
  spring: filtered_edges=1405
  summer: filtered_edges=1480
  autumn: filtered_edges=1555
  winter: filtered_edges=1497
[2/7] Decomposition: single component
  components=1 min/med/max=1450/1450/1450
  singleton_components=0
[4/7] Dependency graph + coloring
  color_groups=1 sizes=[1]
[5/7] Initialize plan
  init: cost=76164616.13 viol=2033658.0058 obj=2109822621.89
[6/7] Outer iterations

[Run 03 Gen 1] group=0 comps=1
[Run 03 Gen 1] fe+=256 fe=256 cost=108122479.75 viol=690219.7291 obj=798342208.87

[Run 03 Gen 2] group=0 comps=1
[Run 03 Gen 2] fe+=256 fe=512 cost=120187261.38 viol=461996.1461 obj=582183407.50

[Run 03 Gen 3] group=0 comps=1
[Run 03 Gen 3] fe+=256 fe=768 cost=124700037.26 viol=355576.1244 obj=480276161.70

[Run 03 Gen 4] group=0 comps=1
[Run 03 Gen 4] fe+=256 fe=1024 cost=126357791.81 viol=310678.1474 obj=437035939.23

[Run 03 Gen 5] group=0 comps=1
[Run 03 Gen 5] fe+=256 fe=1280 cost=126357791.81 viol=310678.1474 obj=437035939.23

[Run 03 Gen 6] group=0 comps=1
[Run 03 Gen 6] fe+=256 fe=1536 cost=126357791.81 viol=310678.1474 obj=437035939.23

[Run 03 Gen 7] group=0 comps=1
[Run 03 Gen 7] fe+=256 fe=1792 cost=126265696.39 viol=300218.1810 obj=426483877.38

[Run 03 Gen 8] group=0 comps=1
[Run 03 Gen 8] fe+=256 fe=2048 cost=127555060.93 viol=243220.5294 obj=370775590.31

[Run 03 Gen 9] group=0 comps=1
[Run 03 Gen 9] fe+=256 fe=2304 cost=127555060.93 viol=243220.5294 obj=370775590.31

[Run 03 Gen 10] group=0 comps=1
[Run 03 Gen 10] fe+=256 fe=2560 cost=126173601.65 viol=236070.6657 obj=362244267.33

[Run 03 Gen 11] group=0 comps=1
[Run 03 Gen 11] fe+=256 fe=2816 cost=126173601.65 viol=236070.6657 obj=362244267.33

[Run 03 Gen 12] group=0 comps=1
[Run 03 Gen 12] fe+=256 fe=3072 cost=126541989.65 viol=207949.9867 obj=334491976.40

[Run 03 Gen 13] group=0 comps=1
[Run 03 Gen 13] fe+=256 fe=3328 cost=126541989.65 viol=207949.9867 obj=334491976.40

[Run 03 Gen 14] group=0 comps=1
[Run 03 Gen 14] fe+=256 fe=3584 cost=126541989.65 viol=207949.9867 obj=334491976.40

[Run 03 Gen 15] group=0 comps=1
[Run 03 Gen 15] fe+=256 fe=3840 cost=128844427.81 viol=187016.6204 obj=315861048.19

[Run 03 Gen 16] group=0 comps=1
[Run 03 Gen 16] fe+=256 fe=4096 cost=128844427.81 viol=187016.6204 obj=315861048.19

[Run 03 Gen 17] group=0 comps=1
[Run 03 Gen 17] fe+=256 fe=4352 cost=128844427.81 viol=187016.6204 obj=315861048.19

[Run 03 Gen 18] group=0 comps=1
[Run 03 Gen 18] fe+=256 fe=4608 cost=128844427.81 viol=187016.6204 obj=315861048.19

[Run 03 Gen 19] group=0 comps=1
[Run 03 Gen 19] fe+=256 fe=4864 cost=128844427.81 viol=187016.6204 obj=315861048.19

[Run 03 Gen 20] group=0 comps=1
[Run 03 Gen 20] fe+=256 fe=5120 cost=128844427.81 viol=187016.6204 obj=315861048.19

[Run 03 Gen 21] group=0 comps=1
[Run 03 Gen 21] fe+=256 fe=5376 cost=129028622.31 viol=181850.8108 obj=310879433.16

[Run 03 Gen 22] group=0 comps=1
[Run 03 Gen 22] fe+=256 fe=5632 cost=127647159.69 viol=178859.1926 obj=306506352.33

[Run 03 Gen 23] group=0 comps=1
[Run 03 Gen 23] fe+=256 fe=5888 cost=127647158.68 viol=173094.4972 obj=300741655.84

[Run 03 Gen 24] group=0 comps=1
[Run 03 Gen 24] fe+=256 fe=6144 cost=127647158.68 viol=173094.4972 obj=300741655.84

[Run 03 Gen 25] group=0 comps=1
[Run 03 Gen 25] fe+=256 fe=6400 cost=127647158.68 viol=173094.4972 obj=300741655.84

[Run 03 Gen 26] group=0 comps=1
[Run 03 Gen 26] fe+=256 fe=6656 cost=127647158.68 viol=173094.4972 obj=300741655.84

[Run 03 Gen 27] group=0 comps=1
[Run 03 Gen 27] fe+=256 fe=6912 cost=127647158.68 viol=173094.4972 obj=300741655.84

[Run 03 Gen 28] group=0 comps=1
[Run 03 Gen 28] fe+=256 fe=7168 cost=127647158.68 viol=173094.4972 obj=300741655.84

[Run 03 Gen 29] group=0 comps=1
[Run 03 Gen 29] fe+=256 fe=7424 cost=127647158.68 viol=173094.4972 obj=300741655.84

[Run 03 Gen 30] group=0 comps=1
[Run 03 Gen 30] fe+=256 fe=7680 cost=127647158.68 viol=173094.4972 obj=300741655.84

[Run 03 Gen 31] group=0 comps=1
[Run 03 Gen 31] fe+=256 fe=7936 cost=127647158.68 viol=173094.4972 obj=300741655.84

[Run 03 Gen 32] group=0 comps=1
[Run 03 Gen 32] fe+=256 fe=8192 cost=127647158.68 viol=173094.4972 obj=300741655.84

[Run 03 Gen 33] group=0 comps=1
[Run 03 Gen 33] fe+=256 fe=8448 cost=127647158.68 viol=173094.4972 obj=300741655.84

[Run 03 Gen 34] group=0 comps=1
[Run 03 Gen 34] fe+=256 fe=8704 cost=128660230.96 viol=170939.0020 obj=299599232.93

[Run 03 Gen 35] group=0 comps=1
[Run 03 Gen 35] fe+=256 fe=8960 cost=128660230.96 viol=170939.0020 obj=299599232.93

[Run 03 Gen 36] group=0 comps=1
[Run 03 Gen 36] fe+=256 fe=9216 cost=128660230.96 viol=170939.0020 obj=299599232.93

[Run 03 Gen 37] group=0 comps=1
[Run 03 Gen 37] fe+=256 fe=9472 cost=129212817.82 viol=168085.8153 obj=297298633.14

[Run 03 Gen 38] group=0 comps=1
[Run 03 Gen 38] fe+=256 fe=9728 cost=129212817.82 viol=168085.8153 obj=297298633.14

[Run 03 Gen 39] group=0 comps=1
[Run 03 Gen 39] fe+=256 fe=9984 cost=129212817.82 viol=168085.8153 obj=297298633.14

[Run 03 Gen 40] group=0 comps=1
[Run 03 Gen 40] fe+=256 fe=10240 cost=129212817.82 viol=168085.8153 obj=297298633.14

[Run 03 Gen 41] group=0 comps=1
[Run 03 Gen 41] fe+=256 fe=10496 cost=129212817.82 viol=168085.8153 obj=297298633.14

[Run 03 Gen 42] group=0 comps=1
[Run 03 Gen 42] fe+=256 fe=10752 cost=129212817.82 viol=168085.8153 obj=297298633.14

[Run 03 Gen 43] group=0 comps=1
[Run 03 Gen 43] fe+=256 fe=11008 cost=129212817.82 viol=168085.8153 obj=297298633.14

[Run 03 Gen 44] group=0 comps=1
[Run 03 Gen 44] fe+=256 fe=11264 cost=129212817.82 viol=168085.8153 obj=297298633.14

[Run 03 Gen 45] group=0 comps=1
[Run 03 Gen 45] fe+=256 fe=11520 cost=129212817.82 viol=168085.8153 obj=297298633.14

[Run 03 Gen 46] group=0 comps=1
[Run 03 Gen 46] fe+=256 fe=11776 cost=129212817.82 viol=168085.8153 obj=297298633.14

[Run 03 Gen 47] group=0 comps=1
[Run 03 Gen 47] fe+=256 fe=12032 cost=129212817.82 viol=168085.8153 obj=297298633.14

[Run 03 Gen 48] group=0 comps=1
[Run 03 Gen 48] fe+=256 fe=12288 cost=129673306.25 viol=148581.2421 obj=278254548.40

[Run 03 Gen 49] group=0 comps=1
[Run 03 Gen 49] fe+=256 fe=12544 cost=129673306.25 viol=148581.2421 obj=278254548.40

[Run 03 Gen 50] group=0 comps=1
[Run 03 Gen 50] fe+=256 fe=12800 cost=129673306.25 viol=148581.2421 obj=278254548.40
[Stop] reached max_outer_gen=50
[7/7] Write outputs
[Done] summary=/work/home/acn1eb8nfq/yuezhang46/GFcode/GF实验二：分解模块/gcpcc_logs_GF_wo/run_03_seed_1003/runs_summary.csv
