[RunConfig] run_id=2 seed=1002
[OutputDir] /work/home/acn1eb8nfq/yuezhang46/GFcode/GF实验二：分解模块/gcpcc_logs_GF_wo/run_02_seed_1002
[Data] nodes=1810
[1/7] Load scenarios
  spring: raw_edges=3686 days=31
  summer: raw_edges=3686 days=30
  autumn: raw_edges=3686 days=31
  winter: raw_edges=3686 days=30
[Filter] w_min=1.0
  active=1450 inactive=360(fixed NONE)
  spring: removed=2281 kept=1405
  summer: removed=2206 kept=1480
  autumn: removed=2131 kept=1555
  winter: removed=2189 kept=1497
  spring: filtered_edges=1405
  summer: filtered_edges=1480
  autumn: filtered_edges=1555
  winter: filtered_edges=1497
[2/7] Decomposition: single component
  components=1 min/med/max=1450/1450/1450
  singleton_components=0
[4/7] Dependency graph + coloring
  color_groups=1 sizes=[1]
[5/7] Initialize plan
  init: cost=80677391.34 viol=1461842.8066 obj=1542520197.93
[6/7] Outer iterations

[Run 02 Gen 1] group=0 comps=1
[Run 02 Gen 1] fe+=256 fe=256 cost=112266869.96 viol=636077.1854 obj=748344055.39

[Run 02 Gen 2] group=0 comps=1
[Run 02 Gen 2] fe+=256 fe=512 cost=115582381.40 viol=380841.2150 obj=496423596.39

[Run 02 Gen 3] group=0 comps=1
[Run 02 Gen 3] fe+=256 fe=768 cost=120463552.64 viol=325286.3245 obj=445749877.14

[Run 02 Gen 4] group=0 comps=1
[Run 02 Gen 4] fe+=256 fe=1024 cost=122673896.71 viol=306368.0139 obj=429041910.62

[Run 02 Gen 5] group=0 comps=1
[Run 02 Gen 5] fe+=256 fe=1280 cost=123963262.92 viol=297369.4216 obj=421332684.56

[Run 02 Gen 6] group=0 comps=1
[Run 02 Gen 6] fe+=256 fe=1536 cost=123963262.92 viol=297369.4216 obj=421332684.56

[Run 02 Gen 7] group=0 comps=1
[Run 02 Gen 7] fe+=256 fe=1792 cost=125068433.29 viol=268070.9080 obj=393139341.25

[Run 02 Gen 8] group=0 comps=1
[Run 02 Gen 8] fe+=256 fe=2048 cost=125068433.29 viol=268070.9080 obj=393139341.25

[Run 02 Gen 9] group=0 comps=1
[Run 02 Gen 9] fe+=256 fe=2304 cost=124884239.45 viol=253999.7442 obj=378883983.62

[Run 02 Gen 10] group=0 comps=1
[Run 02 Gen 10] fe+=256 fe=2560 cost=126818287.26 viol=233401.2341 obj=360219521.34

[Run 02 Gen 11] group=0 comps=1
[Run 02 Gen 11] fe+=256 fe=2816 cost=127186674.60 viol=212498.9555 obj=339685630.11

[Run 02 Gen 12] group=0 comps=1
[Run 02 Gen 12] fe+=256 fe=3072 cost=127186674.60 viol=212498.9555 obj=339685630.11

[Run 02 Gen 13] group=0 comps=1
[Run 02 Gen 13] fe+=256 fe=3328 cost=127186674.60 viol=212498.9555 obj=339685630.11

[Run 02 Gen 14] group=0 comps=1
[Run 02 Gen 14] fe+=256 fe=3584 cost=129857503.43 viol=207865.3671 obj=337722870.52

[Run 02 Gen 15] group=0 comps=1
[Run 02 Gen 15] fe+=256 fe=3840 cost=129857503.43 viol=207865.3671 obj=337722870.52

[Run 02 Gen 16] group=0 comps=1
[Run 02 Gen 16] fe+=256 fe=4096 cost=129857503.43 viol=207865.3671 obj=337722870.52

[Run 02 Gen 17] group=0 comps=1
[Run 02 Gen 17] fe+=256 fe=4352 cost=129857503.43 viol=207865.3671 obj=337722870.52

[Run 02 Gen 18] group=0 comps=1
[Run 02 Gen 18] fe+=256 fe=4608 cost=129857503.43 viol=207865.3671 obj=337722870.52

[Run 02 Gen 19] group=0 comps=1
[Run 02 Gen 19] fe+=256 fe=4864 cost=129857503.43 viol=207865.3671 obj=337722870.52

[Run 02 Gen 20] group=0 comps=1
[Run 02 Gen 20] fe+=256 fe=5120 cost=129120721.74 viol=202775.7716 obj=331896493.35

[Run 02 Gen 21] group=0 comps=1
[Run 02 Gen 21] fe+=256 fe=5376 cost=129120721.74 viol=202775.7716 obj=331896493.35

[Run 02 Gen 22] group=0 comps=1
[Run 02 Gen 22] fe+=256 fe=5632 cost=130410084.27 viol=198878.1415 obj=329288225.72

[Run 02 Gen 23] group=0 comps=1
[Run 02 Gen 23] fe+=256 fe=5888 cost=130041695.59 viol=198750.0804 obj=328791775.96

[Run 02 Gen 24] group=0 comps=1
[Run 02 Gen 24] fe+=256 fe=6144 cost=130041695.59 viol=198750.0804 obj=328791775.96

[Run 02 Gen 25] group=0 comps=1
[Run 02 Gen 25] fe+=256 fe=6400 cost=129304914.57 viol=192372.0808 obj=321676995.34

[Run 02 Gen 26] group=0 comps=1
[Run 02 Gen 26] fe+=256 fe=6656 cost=129304914.57 viol=192372.0808 obj=321676995.34

[Run 02 Gen 27] group=0 comps=1
[Run 02 Gen 27] fe+=256 fe=6912 cost=128476037.13 viol=190238.2655 obj=318714302.66

[Run 02 Gen 28] group=0 comps=1
[Run 02 Gen 28] fe+=256 fe=7168 cost=128476037.13 viol=190238.2655 obj=318714302.66

[Run 02 Gen 29] group=0 comps=1
[Run 02 Gen 29] fe+=256 fe=7424 cost=128476037.13 viol=190238.2655 obj=318714302.66

[Run 02 Gen 30] group=0 comps=1
[Run 02 Gen 30] fe+=256 fe=7680 cost=128476037.13 viol=190238.2655 obj=318714302.66

[Run 02 Gen 31] group=0 comps=1
[Run 02 Gen 31] fe+=256 fe=7936 cost=128476037.13 viol=190238.2655 obj=318714302.66

[Run 02 Gen 32] group=0 comps=1
[Run 02 Gen 32] fe+=256 fe=8192 cost=129397014.33 viol=186777.8408 obj=316174855.17

[Run 02 Gen 33] group=0 comps=1
[Run 02 Gen 33] fe+=256 fe=8448 cost=129028623.65 viol=178250.1621 obj=307278785.74

[Run 02 Gen 34] group=0 comps=1
[Run 02 Gen 34] fe+=256 fe=8704 cost=130133793.68 viol=176643.4108 obj=306777204.51

[Run 02 Gen 35] group=0 comps=1
[Run 02 Gen 35] fe+=256 fe=8960 cost=127555059.93 viol=177337.1075 obj=304892167.47

[Run 02 Gen 36] group=0 comps=1
[Run 02 Gen 36] fe+=256 fe=9216 cost=127555059.93 viol=177337.1075 obj=304892167.47

[Run 02 Gen 37] group=0 comps=1
[Run 02 Gen 37] fe+=256 fe=9472 cost=127555059.93 viol=177337.1075 obj=304892167.47

[Run 02 Gen 38] group=0 comps=1
[Run 02 Gen 38] fe+=256 fe=9728 cost=127555059.93 viol=177337.1075 obj=304892167.47

[Run 02 Gen 39] group=0 comps=1
[Run 02 Gen 39] fe+=256 fe=9984 cost=127555059.93 viol=177337.1075 obj=304892167.47

[Run 02 Gen 40] group=0 comps=1
[Run 02 Gen 40] fe+=256 fe=10240 cost=127555059.93 viol=177337.1075 obj=304892167.47

[Run 02 Gen 41] group=0 comps=1
[Run 02 Gen 41] fe+=256 fe=10496 cost=127555059.93 viol=177337.1075 obj=304892167.47

[Run 02 Gen 42] group=0 comps=1
[Run 02 Gen 42] fe+=256 fe=10752 cost=127555059.93 viol=177337.1075 obj=304892167.47

[Run 02 Gen 43] group=0 comps=1
[Run 02 Gen 43] fe+=256 fe=11008 cost=127555059.93 viol=177337.1075 obj=304892167.47

[Run 02 Gen 44] group=0 comps=1
[Run 02 Gen 44] fe+=256 fe=11264 cost=127555059.93 viol=177337.1075 obj=304892167.47

[Run 02 Gen 45] group=0 comps=1
[Run 02 Gen 45] fe+=256 fe=11520 cost=127555059.93 viol=177337.1075 obj=304892167.47

[Run 02 Gen 46] group=0 comps=1
[Run 02 Gen 46] fe+=256 fe=11776 cost=127555059.93 viol=177337.1075 obj=304892167.47

[Run 02 Gen 47] group=0 comps=1
[Run 02 Gen 47] fe+=256 fe=12032 cost=127555059.93 viol=177337.1075 obj=304892167.47

[Run 02 Gen 48] group=0 comps=1
[Run 02 Gen 48] fe+=256 fe=12288 cost=127555059.93 viol=177337.1075 obj=304892167.47

[Run 02 Gen 49] group=0 comps=1
[Run 02 Gen 49] fe+=256 fe=12544 cost=127555059.93 viol=177337.1075 obj=304892167.47

[Run 02 Gen 50] group=0 comps=1
[Run 02 Gen 50] fe+=256 fe=12800 cost=127555059.93 viol=177337.1075 obj=304892167.47
[Stop] reached max_outer_gen=50
[7/7] Write outputs
[Done] summary=/work/home/acn1eb8nfq/yuezhang46/GFcode/GF实验二：分解模块/gcpcc_logs_GF_wo/run_02_seed_1002/runs_summary.csv
