[RunConfig] run_id=10 seed=1010
[OutputDir] /work/home/acn1eb8nfq/yuezhang46/GFcode/GF实验二：分解模块/gcpcc_logs_GF_wo/run_10_seed_1010
[Data] nodes=1810
[1/7] Load scenarios
  spring: raw_edges=3686 days=31
  summer: raw_edges=3686 days=30
  autumn: raw_edges=3686 days=31
  winter: raw_edges=3686 days=30
[Filter] w_min=1.0
  active=1450 inactive=360(fixed NONE)
  spring: removed=2281 kept=1405
  summer: removed=2206 kept=1480
  autumn: removed=2131 kept=1555
  winter: removed=2189 kept=1497
  spring: filtered_edges=1405
  summer: filtered_edges=1480
  autumn: filtered_edges=1555
  winter: filtered_edges=1497
[2/7] Decomposition: single component
  components=1 min/med/max=1450/1450/1450
  singleton_components=0
[4/7] Dependency graph + coloring
  color_groups=1 sizes=[1]
[5/7] Initialize plan
  init: cost=82703544.59 viol=1878397.5941 obj=1961101138.70
[6/7] Outer iterations

[Run 10 Gen 1] group=0 comps=1
[Run 10 Gen 1] fe+=256 fe=256 cost=107385697.72 viol=628146.9155 obj=735532613.18

[Run 10 Gen 2] group=0 comps=1
[Run 10 Gen 2] fe+=256 fe=512 cost=118069014.05 viol=420522.8897 obj=538591903.77

[Run 10 Gen 3] group=0 comps=1
[Run 10 Gen 3] fe+=256 fe=768 cost=125805209.30 viol=339903.7044 obj=465708913.67

[Run 10 Gen 4] group=0 comps=1
[Run 10 Gen 4] fe+=256 fe=1024 cost=125897305.38 viol=331725.9968 obj=457623302.20

[Run 10 Gen 5] group=0 comps=1
[Run 10 Gen 5] fe+=256 fe=1280 cost=129581208.50 viol=321054.4224 obj=450635630.85

[Run 10 Gen 6] group=0 comps=1
[Run 10 Gen 6] fe+=256 fe=1536 cost=129857503.76 viol=284063.4785 obj=413920982.26

[Run 10 Gen 7] group=0 comps=1
[Run 10 Gen 7] fe+=256 fe=1792 cost=129857503.76 viol=284063.4785 obj=413920982.26

[Run 10 Gen 8] group=0 comps=1
[Run 10 Gen 8] fe+=256 fe=2048 cost=130594286.13 viol=273611.5649 obj=404205851.02

[Run 10 Gen 9] group=0 comps=1
[Run 10 Gen 9] fe+=256 fe=2304 cost=127739257.44 viol=263344.3176 obj=391083575.03

[Run 10 Gen 10] group=0 comps=1
[Run 10 Gen 10] fe+=256 fe=2560 cost=127739257.44 viol=263344.3176 obj=391083575.03

[Run 10 Gen 11] group=0 comps=1
[Run 10 Gen 11] fe+=256 fe=2816 cost=128660230.30 viol=256239.3036 obj=384899533.93

[Run 10 Gen 12] group=0 comps=1
[Run 10 Gen 12] fe+=256 fe=3072 cost=130502182.36 viol=237571.4799 obj=368073662.22

[Run 10 Gen 13] group=0 comps=1
[Run 10 Gen 13] fe+=256 fe=3328 cost=129857498.42 viol=223785.5601 obj=353643058.52

[Run 10 Gen 14] group=0 comps=1
[Run 10 Gen 14] fe+=256 fe=3584 cost=129857498.42 viol=223785.5601 obj=353643058.52

[Run 10 Gen 15] group=0 comps=1
[Run 10 Gen 15] fe+=256 fe=3840 cost=129857498.42 viol=223785.5601 obj=353643058.52

[Run 10 Gen 16] group=0 comps=1
[Run 10 Gen 16] fe+=256 fe=4096 cost=129857498.42 viol=223785.5601 obj=353643058.52

[Run 10 Gen 17] group=0 comps=1
[Run 10 Gen 17] fe+=256 fe=4352 cost=129581205.16 viol=218650.0817 obj=348231286.88

[Run 10 Gen 18] group=0 comps=1
[Run 10 Gen 18] fe+=256 fe=4608 cost=129581205.16 viol=218650.0817 obj=348231286.88

[Run 10 Gen 19] group=0 comps=1
[Run 10 Gen 19] fe+=256 fe=4864 cost=129581205.16 viol=218650.0817 obj=348231286.88

[Run 10 Gen 20] group=0 comps=1
[Run 10 Gen 20] fe+=256 fe=5120 cost=131423154.54 viol=208315.5547 obj=339738709.22

[Run 10 Gen 21] group=0 comps=1
[Run 10 Gen 21] fe+=256 fe=5376 cost=131423154.54 viol=208315.5547 obj=339738709.22

[Run 10 Gen 22] group=0 comps=1
[Run 10 Gen 22] fe+=256 fe=5632 cost=131423154.54 viol=208315.5547 obj=339738709.22

[Run 10 Gen 23] group=0 comps=1
[Run 10 Gen 23] fe+=256 fe=5888 cost=132528325.24 viol=200951.2547 obj=333479579.93

[Run 10 Gen 24] group=0 comps=1
[Run 10 Gen 24] fe+=256 fe=6144 cost=132528325.24 viol=200951.2547 obj=333479579.93

[Run 10 Gen 25] group=0 comps=1
[Run 10 Gen 25] fe+=256 fe=6400 cost=130870571.03 viol=198044.3272 obj=328914898.28

[Run 10 Gen 26] group=0 comps=1
[Run 10 Gen 26] fe+=256 fe=6656 cost=129304912.23 viol=196422.7326 obj=325727644.81

[Run 10 Gen 27] group=0 comps=1
[Run 10 Gen 27] fe+=256 fe=6912 cost=129489107.74 viol=176607.6775 obj=306096785.27

[Run 10 Gen 28] group=0 comps=1
[Run 10 Gen 28] fe+=256 fe=7168 cost=129489107.74 viol=176607.6775 obj=306096785.27

[Run 10 Gen 29] group=0 comps=1
[Run 10 Gen 29] fe+=256 fe=7424 cost=129489107.74 viol=176607.6775 obj=306096785.27

[Run 10 Gen 30] group=0 comps=1
[Run 10 Gen 30] fe+=256 fe=7680 cost=129489107.74 viol=176607.6775 obj=306096785.27

[Run 10 Gen 31] group=0 comps=1
[Run 10 Gen 31] fe+=256 fe=7936 cost=129489107.74 viol=176607.6775 obj=306096785.27

[Run 10 Gen 32] group=0 comps=1
[Run 10 Gen 32] fe+=256 fe=8192 cost=129489107.74 viol=176607.6775 obj=306096785.27

[Run 10 Gen 33] group=0 comps=1
[Run 10 Gen 33] fe+=256 fe=8448 cost=129489107.74 viol=176607.6775 obj=306096785.27

[Run 10 Gen 34] group=0 comps=1
[Run 10 Gen 34] fe+=256 fe=8704 cost=127370863.08 viol=176258.1716 obj=303629034.73

[Run 10 Gen 35] group=0 comps=1
[Run 10 Gen 35] fe+=256 fe=8960 cost=127370863.08 viol=176258.1716 obj=303629034.73

[Run 10 Gen 36] group=0 comps=1
[Run 10 Gen 36] fe+=256 fe=9216 cost=127186667.24 viol=174147.8739 obj=301334541.15

[Run 10 Gen 37] group=0 comps=1
[Run 10 Gen 37] fe+=256 fe=9472 cost=128660228.29 viol=137098.8282 obj=265759056.48

[Run 10 Gen 38] group=0 comps=1
[Run 10 Gen 38] fe+=256 fe=9728 cost=128660228.29 viol=137098.8282 obj=265759056.48

[Run 10 Gen 39] group=0 comps=1
[Run 10 Gen 39] fe+=256 fe=9984 cost=128660228.29 viol=137098.8282 obj=265759056.48

[Run 10 Gen 40] group=0 comps=1
[Run 10 Gen 40] fe+=256 fe=10240 cost=128660228.29 viol=137098.8282 obj=265759056.48

[Run 10 Gen 41] group=0 comps=1
[Run 10 Gen 41] fe+=256 fe=10496 cost=128660228.29 viol=137098.8282 obj=265759056.48

[Run 10 Gen 42] group=0 comps=1
[Run 10 Gen 42] fe+=256 fe=10752 cost=128660228.29 viol=137098.8282 obj=265759056.48

[Run 10 Gen 43] group=0 comps=1
[Run 10 Gen 43] fe+=256 fe=11008 cost=128660228.29 viol=137098.8282 obj=265759056.48

[Run 10 Gen 44] group=0 comps=1
[Run 10 Gen 44] fe+=256 fe=11264 cost=128752325.04 viol=133226.7090 obj=261979034.04

[Run 10 Gen 45] group=0 comps=1
[Run 10 Gen 45] fe+=256 fe=11520 cost=128752325.04 viol=133226.7090 obj=261979034.04

[Run 10 Gen 46] group=0 comps=1
[Run 10 Gen 46] fe+=256 fe=11776 cost=128752325.04 viol=133226.7090 obj=261979034.04

[Run 10 Gen 47] group=0 comps=1
[Run 10 Gen 47] fe+=256 fe=12032 cost=128752325.04 viol=133226.7090 obj=261979034.04

[Run 10 Gen 48] group=0 comps=1
[Run 10 Gen 48] fe+=256 fe=12288 cost=128752325.04 viol=133226.7090 obj=261979034.04

[Run 10 Gen 49] group=0 comps=1
[Run 10 Gen 49] fe+=256 fe=12544 cost=128752325.04 viol=133226.7090 obj=261979034.04

[Run 10 Gen 50] group=0 comps=1
[Run 10 Gen 50] fe+=256 fe=12800 cost=128752325.04 viol=133226.7090 obj=261979034.04
[Stop] reached max_outer_gen=50
[7/7] Write outputs
[Done] summary=/work/home/acn1eb8nfq/yuezhang46/GFcode/GF实验二：分解模块/gcpcc_logs_GF_wo/run_10_seed_1010/runs_summary.csv
