[RunConfig] run_id=13 seed=1013
[OutputDir] /work/home/acn1eb8nfq/yuezhang46/GFcode/GF实验三：顺序模块/gcpcc_logs_GF_CB/run_13_seed_1013
[Data] nodes=1810
[1/7] Load scenarios
  spring: raw_edges=3686 days=31
  summer: raw_edges=3686 days=30
  autumn: raw_edges=3686 days=31
  winter: raw_edges=3686 days=30
[Filter] w_min=1.0
  active=1450 inactive=360(fixed NONE)
  spring: removed=2281 kept=1405
  summer: removed=2206 kept=1480
  autumn: removed=2131 kept=1555
  winter: removed=2189 kept=1497
  spring: filtered_edges=1405
  summer: filtered_edges=1480
  autumn: filtered_edges=1555
  winter: filtered_edges=1497
[2/7] Spatial cut + fragment repair
  spring: K=5 top_sizes=[395, 314, 288, 244, 209] fragments=125
  summer: K=5 top_sizes=[394, 311, 288, 236, 221] fragments=71
  autumn: K=5 top_sizes=[394, 312, 287, 236, 221] fragments=20
  winter: K=5 top_sizes=[394, 313, 286, 236, 221] fragments=53
[3/7] Consensus cut
[ConsensusMerge] med=221 thr=33 merged=4
  components=5 min/med/max=221/288/394
  singleton_components=0
[4/7] Dependency graph + coloring
  color_groups=2 sizes=[2, 3]
  serial_components=5
[5/7] Initialize plan
  init: cost=80677395.35 viol=1779058.3674 obj=1859735762.79
[6/7] Outer iterations

[Run 13 Gen 1] rr[1/5] comp=1/5 size=394
[Run 13 Gen 1] fe+=256 fe=256 cost=91360715.03 viol=1231151.9821 obj=1322512697.11 cand_obj=1322512697.11 raw_improve=537223065.679588 accepted=1 eta=349194992.691732

[Run 13 Gen 2] rr[2/5] comp=2/5 size=311
[Run 13 Gen 2] fe+=256 fe=512 cost=99096910.94 viol=1040143.4496 obj=1139240360.50 cand_obj=1139240360.50 raw_improve=183272336.610070 accepted=1 eta=119127018.796546

[Run 13 Gen 3] rr[3/5] comp=3/5 size=288
[Run 13 Gen 3] fe+=256 fe=768 cost=108767157.34 viol=697334.6515 obj=806101808.86 cand_obj=806101808.86 raw_improve=333138551.646780 accepted=1 eta=216540058.570407

[Run 13 Gen 4] rr[4/5] comp=4/5 size=236
[Run 13 Gen 4] fe+=256 fe=1024 cost=116227059.32 viol=327329.1402 obj=443556199.50 cand_obj=443556199.50 raw_improve=362545609.362437 accepted=1 eta=235654646.085584

[Run 13 Gen 5] rr[5/5] comp=5/5 size=221
[Run 13 Gen 5] fe+=256 fe=1280 cost=122581791.61 viol=184606.5796 obj=307188371.20 cand_obj=307188371.20 raw_improve=136367828.290269 accepted=1 eta=88639088.388675
[Run 13 Gen 6] reward_pool=3/5 threshold=174597496.345866 eta_max=349194992.691732

[Run 13 Gen 6] reward[1/3] comp=1/5 size=394
[Run 13 Gen 6] fe+=256 fe=1536 cost=124700034.25 viol=118193.1087 obj=242893142.93 cand_obj=242893142.93 raw_improve=64295228.272224 accepted=1 eta=164010145.819052

[Run 13 Gen 7] reward[2/3] comp=3/5 size=288
[Run 13 Gen 7] fe+=256 fe=1792 cost=126357788.47 viol=87383.1626 obj=213740951.03 cand_obj=213740951.03 raw_improve=29152191.905901 accepted=1 eta=94737945.238478

[Run 13 Gen 8] reward[3/3] comp=4/5 size=236
[Run 13 Gen 8] fe+=256 fe=2048 cost=126818275.90 viol=66616.1400 obj=193434415.89 cand_obj=193434415.89 raw_improve=20306535.140765 accepted=1 eta=95678373.971451

[Run 13 Gen 9] rr[1/5] comp=1/5 size=394
[Run 13 Gen 9] fe+=256 fe=2304 cost=125621006.10 viol=57232.5109 obj=182853517.01 cand_obj=182853517.01 raw_improve=10580898.880381 accepted=1 eta=64281135.308916

[Run 13 Gen 10] rr[2/5] comp=2/5 size=311
[Run 13 Gen 10] fe+=256 fe=2560 cost=126173590.95 viol=46242.9955 obj=172416586.48 cand_obj=172416586.48 raw_improve=10436930.525683 accepted=1 eta=48478461.420485

[Run 13 Gen 11] rr[3/5] comp=3/5 size=288
[Run 13 Gen 11] fe+=256 fe=2816 cost=125713101.52 viol=45649.5573 obj=171362658.77 cand_obj=171362658.77 raw_improve=1053927.711316 accepted=1 eta=33843333.845823

[Run 13 Gen 12] rr[4/5] comp=4/5 size=236
[Run 13 Gen 12] fe+=256 fe=3072 cost=124423734.98 viol=42212.6661 obj=166636401.07 cand_obj=166636401.07 raw_improve=4726257.703365 accepted=1 eta=36559498.397195

[Run 13 Gen 13] rr[5/5] comp=5/5 size=221
[Run 13 Gen 13] fe+=256 fe=3328 cost=122858075.51 viol=41427.6663 obj=164285741.83 cand_obj=164285741.83 raw_improve=2350659.237593 accepted=1 eta=32551609.440471
[Run 13 Gen 14] reward_skipped=1 (first_echelon=5/5, eta_max=64281135.308916)

[Run 13 Gen 14] rr[1/5] comp=1/5 size=394
[Run 13 Gen 14] fe+=256 fe=3584 cost=122858076.51 viol=39158.1929 obj=162016269.36 cand_obj=162016269.36 raw_improve=2269472.464560 accepted=1 eta=23973554.460085

[Run 13 Gen 15] rr[2/5] comp=2/5 size=311
[Run 13 Gen 15] fe+=256 fe=3840 cost=123410661.36 viol=36065.7241 obj=159476385.42 cand_obj=159476385.42 raw_improve=2539883.944786 accepted=1 eta=18618386.061280

[Run 13 Gen 16] rr[3/5] comp=3/5 size=288
[Run 13 Gen 16] fe+=256 fe=4096 cost=122489685.83 viol=35433.7413 obj=157923427.14 cand_obj=157923427.14 raw_improve=1552958.275068 accepted=1 eta=12854589.724832

[Run 13 Gen 17] rr[4/5] comp=4/5 size=236
[Run 13 Gen 17] fe+=256 fe=4352 cost=121845001.89 viol=35318.9269 obj=157163928.78 cand_obj=157163928.78 raw_improve=759498.367326 accepted=1 eta=13289498.377780

[Run 13 Gen 18] rr[5/5] comp=5/5 size=221
[Run 13 Gen 18] fe+=256 fe=4608 cost=120003050.50 viol=35128.9301 obj=155131980.62 cand_obj=155131980.62 raw_improve=2031948.159481 accepted=1 eta=12713829.607828
[Run 13 Gen 19] reward_skipped=1 (first_echelon=5/5, eta_max=23973554.460085)

[Run 13 Gen 19] rr[1/5] comp=1/5 size=394
[Run 13 Gen 19] fe+=256 fe=4864 cost=119634661.16 viol=32540.8084 obj=152175469.57 cand_obj=152175469.57 raw_improve=2956511.043765 accepted=1 eta=10312476.239477

[Run 13 Gen 20] rr[2/5] comp=2/5 size=311
[Run 13 Gen 20] fe+=256 fe=5120 cost=117884808.52 viol=32639.0407 obj=150523849.21 cand_obj=150523849.21 raw_improve=1651620.366416 accepted=1 eta=7589988.359619

[Run 13 Gen 21] rr[3/5] comp=3/5 size=288
[Run 13 Gen 21] fe+=256 fe=5376 cost=116227051.63 viol=33367.0654 obj=149594117.00 cand_obj=149594117.00 raw_improve=929732.204670 accepted=1 eta=5103432.336727

[Run 13 Gen 22] rr[4/5] comp=4/5 size=236
[Run 13 Gen 22] fe+=256 fe=5632 cost=116134954.21 viol=33367.0654 obj=149502019.58 cand_obj=149502019.58 raw_improve=92097.419178 accepted=1 eta=4711187.754689

[Run 13 Gen 23] rr[5/5] comp=5/5 size=221
[Run 13 Gen 23] fe+=256 fe=5888 cost=114753493.93 viol=33569.0124 obj=148322506.36 cand_obj=148322506.36 raw_improve=1179513.218632 accepted=1 eta=5216523.954850
[Run 13 Gen 24] reward_pool=3/5 threshold=5156238.119739 eta_max=10312476.239477

[Run 13 Gen 24] reward[1/3] comp=1/5 size=394
[Run 13 Gen 24] fe+=256 fe=6144 cost=115029786.52 viol=31463.5888 obj=146493375.32 cand_obj=146493375.32 raw_improve=1829131.041819 accepted=1 eta=4798301.860999

[Run 13 Gen 25] reward[2/3] comp=2/5 size=311
[Run 13 Gen 25] fe+=256 fe=6400 cost=114937689.77 viol=31411.4100 obj=146349099.76 cand_obj=146349099.76 raw_improve=144275.565885 accepted=1 eta=2750275.043692

[Run 13 Gen 26] reward[3/3] comp=5/5 size=221
[Run 13 Gen 26] fe+=256 fe=6656 cost=114016714.91 viol=31668.8006 obj=145685515.48 cand_obj=145685515.48 raw_improve=663584.277974 accepted=1 eta=2257113.164880

[Run 13 Gen 27] rr[1/5] comp=1/5 size=394
[Run 13 Gen 27] fe+=256 fe=6912 cost=115674470.79 viol=29145.8329 obj=144820303.65 cand_obj=144820303.65 raw_improve=865211.832968 accepted=1 eta=2241793.342779

[Run 13 Gen 28] rr[2/5] comp=2/5 size=311
[Run 13 Gen 28] fe+=256 fe=7168 cost=115306079.78 viol=29202.3596 obj=144508439.34 cand_obj=144508439.34 raw_improve=311864.304799 accepted=1 eta=1165308.063411

[Run 13 Gen 29] rr[3/5] comp=3/5 size=288
[Run 13 Gen 29] fe+=256 fe=7424 cost=114845591.68 viol=29424.6008 obj=144270192.51 cand_obj=144270192.51 raw_improve=238246.826430 accepted=1 eta=1941061.755034

[Run 13 Gen 30] rr[4/5] comp=4/5 size=236
[Run 13 Gen 30] fe+=256 fe=7680 cost=114200908.41 viol=29510.9040 obj=143711812.44 cand_obj=143711812.44 raw_improve=558380.070233 accepted=1 eta=2011862.759792

[Run 13 Gen 31] rr[5/5] comp=5/5 size=221
[Run 13 Gen 31] fe+=256 fe=7936 cost=114108810.66 viol=29171.0707 obj=143279881.33 cand_obj=143279881.33 raw_improve=431931.114825 accepted=1 eta=1070744.832344
[Run 13 Gen 32] reward_pool=4/5 threshold=1120896.671390 eta_max=2241793.342779

[Run 13 Gen 32] reward[1/4] comp=1/5 size=394
[Run 13 Gen 32] fe+=256 fe=8192 cost=114200908.75 viol=27386.5139 obj=141587422.62 cand_obj=141587422.62 raw_improve=1692458.706129 accepted=1 eta=1884725.828957

[Run 13 Gen 33] reward[2/4] comp=2/5 size=311
[Run 13 Gen 33] fe+=256 fe=8448 cost=114200908.41 viol=27360.8723 obj=141561780.67 cand_obj=141561780.67 raw_improve=25641.949847 accepted=1 eta=424525.089594

[Run 13 Gen 34] reward[3/4] comp=3/5 size=288
[Run 13 Gen 34] fe+=256 fe=8704 cost=114753496.94 viol=26112.3723 obj=140865869.23 cand_obj=140865869.23 raw_improve=695911.444774 accepted=1 eta=1131714.053365

[Run 13 Gen 35] reward[4/4] comp=4/5 size=236
[Run 13 Gen 35] fe+=256 fe=8960 cost=114753496.94 viol=26112.3723 obj=140865869.23 cand_obj=140865869.23 raw_improve=0.000000 accepted=0 eta=704151.965927

[Run 13 Gen 36] rr[1/5] comp=1/5 size=394
[Run 13 Gen 36] fe+=256 fe=9216 cost=114753496.94 viol=26112.3723 obj=140865869.23 cand_obj=140865869.23 raw_improve=0.000000 accepted=0 eta=659654.040135

[Run 13 Gen 37] rr[2/5] comp=2/5 size=311
[Run 13 Gen 37] fe+=256 fe=9472 cost=114477205.01 viol=26068.9655 obj=140546170.51 cand_obj=140546170.51 raw_improve=319698.713188 accepted=1 eta=356387.944930

[Run 13 Gen 38] rr[3/5] comp=3/5 size=288
[Run 13 Gen 38] fe+=256 fe=9728 cost=114200910.42 viol=25766.3883 obj=139967298.67 cand_obj=139967298.67 raw_improve=578871.841760 accepted=1 eta=772366.615822

[Run 13 Gen 39] rr[4/5] comp=4/5 size=236
[Run 13 Gen 39] fe+=256 fe=9984 cost=115121886.95 viol=24669.8039 obj=139791690.89 cand_obj=139791690.89 raw_improve=175607.778293 accepted=1 eta=360598.243965

[Run 13 Gen 40] rr[5/5] comp=5/5 size=221
[Run 13 Gen 40] fe+=256 fe=10240 cost=115029788.19 viol=24551.3956 obj=139581183.74 cand_obj=139581183.74 raw_improve=210507.151564 accepted=1 eta=511590.339837
[Run 13 Gen 41] reward_pool=3/5 threshold=386183.307911 eta_max=772366.615822

[Run 13 Gen 41] reward[1/3] comp=1/5 size=394
[Run 13 Gen 41] fe+=256 fe=10496 cost=114016713.91 viol=24897.1729 obj=138913886.80 cand_obj=138913886.80 raw_improve=667296.942332 accepted=1 eta=664621.926563

[Run 13 Gen 42] reward[2/3] comp=3/5 size=288
[Run 13 Gen 42] fe+=256 fe=10752 cost=114016713.91 viol=24897.1729 obj=138913886.80 cand_obj=138913886.80 raw_improve=0.000000 accepted=0 eta=270328.315538

[Run 13 Gen 43] reward[3/3] comp=5/5 size=221
[Run 13 Gen 43] fe+=256 fe=11008 cost=113832518.07 viol=24922.8015 obj=138755319.52 cand_obj=138755319.52 raw_improve=158567.277996 accepted=1 eta=282125.349640

[Run 13 Gen 44] rr[1/5] comp=1/5 size=394
[Run 13 Gen 44] fe+=256 fe=11264 cost=112358957.35 viol=26025.2452 obj=138384202.55 cand_obj=138384202.55 raw_improve=371116.977028 accepted=1 eta=473843.709365

[Run 13 Gen 45] rr[2/5] comp=2/5 size=311
[Run 13 Gen 45] fe+=256 fe=11520 cost=112266859.60 viol=25598.0121 obj=137864871.65 cand_obj=137864871.65 raw_improve=519330.893325 accepted=1 eta=462300.861387

[Run 13 Gen 46] rr[3/5] comp=3/5 size=288
[Run 13 Gen 46] fe+=256 fe=11776 cost=112174762.52 viol=25439.1032 obj=137613865.71 cand_obj=137613865.71 raw_improve=251005.937832 accepted=1 eta=257768.770029

[Run 13 Gen 47] rr[4/5] comp=4/5 size=236
[Run 13 Gen 47] fe+=256 fe=12032 cost=112082665.10 viol=25439.1032 obj=137521768.30 cand_obj=137521768.30 raw_improve=92097.419178 accepted=1 eta=186072.707853

[Run 13 Gen 48] rr[5/5] comp=5/5 size=221
[Run 13 Gen 48] fe+=256 fe=12288 cost=111990567.34 viol=25320.3764 obj=137310943.72 cand_obj=137310943.72 raw_improve=210824.577125 accepted=1 eta=235779.847505
[Run 13 Gen 49] reward_pool=3/5 threshold=236921.854683 eta_max=473843.709365

[Run 13 Gen 49] reward[1/3] comp=1/5 size=394
[Run 13 Gen 49] fe+=256 fe=12544 cost=111990567.34 viol=25320.3764 obj=137310943.72 cand_obj=137310943.72 raw_improve=0.000000 accepted=0 eta=165845.298278

[Run 13 Gen 50] reward[2/3] comp=2/5 size=311
[Run 13 Gen 50] fe+=256 fe=12800 cost=111990567.34 viol=25320.3764 obj=137310943.72 cand_obj=137310943.72 raw_improve=0.000000 accepted=0 eta=161805.301485
[Stop] reached max_outer_gen=50
[7/7] Write outputs
[Done] summary=/work/home/acn1eb8nfq/yuezhang46/GFcode/GF实验三：顺序模块/gcpcc_logs_GF_CB/run_13_seed_1013/runs_summary.csv
