[RunConfig] run_id=11 seed=1011
[OutputDir] /work/home/acn1eb8nfq/yuezhang46/GFcode/GF实验三：顺序模块/gcpcc_logs_GF_CB/run_11_seed_1011
[Data] nodes=1810
[1/7] Load scenarios
  spring: raw_edges=3686 days=31
  summer: raw_edges=3686 days=30
  autumn: raw_edges=3686 days=31
  winter: raw_edges=3686 days=30
[Filter] w_min=1.0
  active=1450 inactive=360(fixed NONE)
  spring: removed=2281 kept=1405
  summer: removed=2206 kept=1480
  autumn: removed=2131 kept=1555
  winter: removed=2189 kept=1497
  spring: filtered_edges=1405
  summer: filtered_edges=1480
  autumn: filtered_edges=1555
  winter: filtered_edges=1497
[2/7] Spatial cut + fragment repair
  spring: K=5 top_sizes=[395, 314, 288, 244, 209] fragments=125
  summer: K=5 top_sizes=[394, 311, 288, 236, 221] fragments=71
  autumn: K=5 top_sizes=[394, 312, 287, 236, 221] fragments=20
  winter: K=5 top_sizes=[394, 313, 286, 236, 221] fragments=53
[3/7] Consensus cut
[ConsensusMerge] med=221 thr=33 merged=4
  components=5 min/med/max=221/288/394
  singleton_components=0
[4/7] Dependency graph + coloring
  color_groups=2 sizes=[2, 3]
  serial_components=5
[5/7] Initialize plan
  init: cost=74967345.00 viol=1838713.6548 obj=1913680999.79
[6/7] Outer iterations

[Run 11 Gen 1] rr[1/5] comp=1/5 size=394
[Run 11 Gen 1] fe+=256 fe=256 cost=83808711.95 viol=1272014.2722 obj=1355822984.13 cand_obj=1355822984.13 raw_improve=557858015.657251 accepted=1 eta=362607710.177213

[Run 11 Gen 2] rr[2/5] comp=2/5 size=311
[Run 11 Gen 2] fe+=256 fe=512 cost=93663153.52 viol=1053060.0635 obj=1146723217.03 cand_obj=1146723217.03 raw_improve=209099767.099570 accepted=1 eta=135914848.614721

[Run 11 Gen 3] rr[3/5] comp=3/5 size=288
[Run 11 Gen 3] fe+=256 fe=768 cost=101951936.28 viol=723735.6607 obj=825687596.96 cand_obj=825687596.96 raw_improve=321035620.067277 accepted=1 eta=208673153.043730

[Run 11 Gen 4] rr[4/5] comp=4/5 size=236
[Run 11 Gen 4] fe+=256 fe=1024 cost=109503936.02 viol=374967.1067 obj=484471042.69 cand_obj=484471042.69 raw_improve=341216554.269213 accepted=1 eta=221790760.274988

[Run 11 Gen 5] rr[5/5] comp=5/5 size=221
[Run 11 Gen 5] fe+=256 fe=1280 cost=118529500.48 viol=121317.8629 obj=239847363.35 cand_obj=239847363.35 raw_improve=244623679.347026 accepted=1 eta=159005391.575567
[Run 11 Gen 6] reward_pool=3/5 threshold=181303855.088607 eta_max=362607710.177213

[Run 11 Gen 6] reward[1/3] comp=1/5 size=394
[Run 11 Gen 6] fe+=256 fe=1536 cost=121937109.34 viol=92350.6821 obj=214287791.41 cand_obj=214287791.41 raw_improve=25559571.936005 accepted=1 eta=143526420.320428

[Run 11 Gen 7] reward[2/3] comp=3/5 size=288
[Run 11 Gen 7] fe+=256 fe=1792 cost=123686963.31 viol=84830.0668 obj=208517030.13 cand_obj=208517030.13 raw_improve=5770761.279797 accepted=1 eta=76786598.397173

[Run 11 Gen 8] reward[3/3] comp=4/5 size=236
[Run 11 Gen 8] fe+=256 fe=2048 cost=123686965.32 viol=68509.9299 obj=192196895.18 cand_obj=192196895.18 raw_improve=16320134.954021 accepted=1 eta=88234853.816359

[Run 11 Gen 9] rr[1/5] comp=1/5 size=394
[Run 11 Gen 9] fe+=256 fe=2304 cost=123686965.65 viol=61144.7412 obj=184831706.85 cand_obj=184831706.85 raw_improve=7365188.323854 accepted=1 eta=55021619.522655

[Run 11 Gen 10] rr[2/5] comp=2/5 size=311
[Run 11 Gen 10] fe+=256 fe=2560 cost=121660817.75 viol=53038.1488 obj=174698966.53 cand_obj=174698966.53 raw_improve=10132740.318469 accepted=1 eta=54156478.222157

[Run 11 Gen 11] rr[3/5] comp=3/5 size=288
[Run 11 Gen 11] fe+=256 fe=2816 cost=120463549.96 viol=50985.4093 obj=171448959.21 cand_obj=171448959.21 raw_improve=3250007.321201 accepted=1 eta=28987814.197792

[Run 11 Gen 12] rr[4/5] comp=4/5 size=236
[Run 11 Gen 12] fe+=256 fe=3072 cost=121016134.81 viol=50185.8078 obj=171201942.57 cand_obj=171201942.57 raw_improve=247016.646684 accepted=1 eta=31042759.656071

[Run 11 Gen 13] rr[5/5] comp=5/5 size=221
[Run 11 Gen 13] fe+=256 fe=3328 cost=119358377.59 viol=50157.3832 obj=169515760.75 cand_obj=169515760.75 raw_improve=1686181.817518 accepted=1 eta=56747905.232835
[Run 11 Gen 14] reward_skipped=1 (first_echelon=5/5, eta_max=56747905.232835)

[Run 11 Gen 14] rr[1/5] comp=1/5 size=394
[Run 11 Gen 14] fe+=256 fe=3584 cost=121292427.40 viol=43130.3435 obj=164422770.87 cand_obj=164422770.87 raw_improve=5092989.874901 accepted=1 eta=22568010.251615

[Run 11 Gen 15] rr[2/5] comp=2/5 size=311
[Run 11 Gen 15] fe+=256 fe=3840 cost=120279354.45 viol=41756.5870 obj=162035941.50 cand_obj=162035941.50 raw_improve=2386829.370644 accepted=1 eta=20506206.468673

[Run 11 Gen 16] rr[3/5] comp=3/5 size=288
[Run 11 Gen 16] fe+=256 fe=4096 cost=120279355.12 viol=41429.7735 obj=161709128.58 cand_obj=161709128.58 raw_improve=326812.922807 accepted=1 eta=10358163.369052

[Run 11 Gen 17] rr[4/5] comp=4/5 size=236
[Run 11 Gen 17] fe+=256 fe=4352 cost=118897891.16 viol=41566.3011 obj=160464192.24 cand_obj=160464192.24 raw_improve=1244936.339144 accepted=1 eta=11674174.500068

[Run 11 Gen 18] rr[5/5] comp=5/5 size=221
[Run 11 Gen 18] fe+=256 fe=4608 cost=117148038.53 viol=41321.7614 obj=158469799.96 cand_obj=158469799.96 raw_improve=1994392.276117 accepted=1 eta=21158121.810968
[Run 11 Gen 19] reward_pool=4/5 threshold=11284005.125807 eta_max=22568010.251615

[Run 11 Gen 19] reward[1/4] comp=1/5 size=394
[Run 11 Gen 19] fe+=256 fe=4864 cost=118069014.05 viol=35871.6391 obj=153940653.12 cand_obj=153940653.12 raw_improve=4529146.848634 accepted=1 eta=10842749.039677

[Run 11 Gen 20] reward[2/4] comp=2/5 size=311
[Run 11 Gen 20] fe+=256 fe=5120 cost=117055939.10 viol=35179.9889 obj=152235928.02 cand_obj=152235928.02 raw_improve=1704725.096530 accepted=1 eta=8285243.576780

[Run 11 Gen 21] reward[3/4] comp=4/5 size=236
[Run 11 Gen 21] fe+=256 fe=5376 cost=117332232.70 viol=34212.1506 obj=151544383.28 cand_obj=151544383.28 raw_improve=691544.734380 accepted=1 eta=4535465.152371

[Run 11 Gen 22] reward[4/4] comp=5/5 size=221
[Run 11 Gen 22] fe+=256 fe=5632 cost=117332232.70 viol=34075.9877 obj=151408220.38 cand_obj=151408220.38 raw_improve=136162.908600 accepted=1 eta=7493848.524429

[Run 11 Gen 23] rr[1/5] comp=1/5 size=394
[Run 11 Gen 23] fe+=256 fe=5888 cost=117240135.95 viol=34104.3331 obj=151344469.06 cand_obj=151344469.06 raw_improve=63751.313884 accepted=1 eta=3836400.517912

[Run 11 Gen 24] rr[2/5] comp=2/5 size=311
[Run 11 Gen 24] fe+=256 fe=6144 cost=117240135.95 viol=34104.3331 obj=151344469.06 cand_obj=151344469.06 raw_improve=0.000000 accepted=0 eta=2899835.251873

[Run 11 Gen 25] rr[3/5] comp=3/5 size=288
[Run 11 Gen 25] fe+=256 fe=6400 cost=116687550.43 viol=33865.1407 obj=150552691.14 cand_obj=150552691.14 raw_improve=791777.923609 accepted=1 eta=4140012.829514

[Run 11 Gen 26] rr[4/5] comp=4/5 size=236
[Run 11 Gen 26] fe+=256 fe=6656 cost=116503353.92 viol=33806.3540 obj=150309707.87 cand_obj=150309707.87 raw_improve=242983.270289 accepted=1 eta=1745351.929018

[Run 11 Gen 27] rr[5/5] comp=5/5 size=221
[Run 11 Gen 27] fe+=256 fe=6912 cost=115490279.97 viol=34114.1353 obj=149604415.27 cand_obj=149604415.27 raw_improve=705292.593185 accepted=1 eta=3081287.169120
[Run 11 Gen 28] reward_pool=4/5 threshold=2070006.414757 eta_max=4140012.829514

[Run 11 Gen 28] reward[1/4] comp=1/5 size=394
[Run 11 Gen 28] fe+=256 fe=7168 cost=115490278.30 viol=31915.5017 obj=147405780.04 cand_obj=147405780.04 raw_improve=2198635.231532 accepted=1 eta=2771853.081765

[Run 11 Gen 29] reward[2/4] comp=2/5 size=311
[Run 11 Gen 29] fe+=256 fe=7424 cost=115306083.79 viol=31648.1488 obj=146954232.58 cand_obj=146954232.58 raw_improve=451547.462708 accepted=1 eta=1308448.188916

[Run 11 Gen 30] reward[3/4] comp=3/5 size=288
[Run 11 Gen 30] fe+=256 fe=7680 cost=115490278.63 viol=31059.9309 obj=146550209.55 cand_obj=146550209.55 raw_improve=404023.028344 accepted=1 eta=1711619.458753

[Run 11 Gen 31] reward[4/4] comp=5/5 size=221
[Run 11 Gen 31] fe+=256 fe=7936 cost=115398181.21 viol=30942.7799 obj=146340961.16 cand_obj=146340961.16 raw_improve=209248.397178 accepted=1 eta=1214461.967358

[Run 11 Gen 32] rr[1/5] comp=1/5 size=394
[Run 11 Gen 32] fe+=256 fe=8192 cost=115490278.63 viol=30285.1310 obj=145775409.67 cand_obj=145775409.67 raw_improve=565551.483022 accepted=1 eta=1337757.042582

[Run 11 Gen 33] rr[2/5] comp=2/5 size=311
[Run 11 Gen 33] fe+=256 fe=8448 cost=115582376.05 viol=30014.9174 obj=145597293.43 cand_obj=145597293.43 raw_improve=178116.238722 accepted=1 eta=573732.421290

[Run 11 Gen 34] rr[3/5] comp=3/5 size=288
[Run 11 Gen 34] fe+=256 fe=8704 cost=115213986.04 viol=30118.0957 obj=145332081.73 cand_obj=145332081.73 raw_improve=265211.702059 accepted=1 eta=771454.416902

[Run 11 Gen 35] rr[4/5] comp=4/5 size=236
[Run 11 Gen 35] fe+=256 fe=8960 cost=115213986.04 viol=30118.0957 obj=145332081.73 cand_obj=145332081.73 raw_improve=0.000000 accepted=0 eta=610873.175156

[Run 11 Gen 36] rr[5/5] comp=5/5 size=221
[Run 11 Gen 36] fe+=256 fe=9216 cost=115213986.04 viol=30118.0957 obj=145332081.73 cand_obj=145332081.73 raw_improve=0.000000 accepted=0 eta=425061.688575
[Run 11 Gen 37] reward_pool=2/5 threshold=668878.521291 eta_max=1337757.042582

[Run 11 Gen 37] reward[1/2] comp=1/5 size=394
[Run 11 Gen 37] fe+=256 fe=9472 cost=115213985.70 viol=30108.2152 obj=145322200.91 cand_obj=145322200.91 raw_improve=9880.817247 accepted=1 eta=474637.496114

[Run 11 Gen 38] reward[2/2] comp=3/5 size=288
[Run 11 Gen 38] fe+=256 fe=9728 cost=115213985.70 viol=30108.2152 obj=145322200.91 cand_obj=145322200.91 raw_improve=0.000000 accepted=0 eta=270009.045916

[Run 11 Gen 39] rr[1/5] comp=1/5 size=394
[Run 11 Gen 39] fe+=256 fe=9984 cost=115858668.31 viol=27788.4137 obj=143647081.99 cand_obj=143647081.99 raw_improve=1675118.922460 accepted=1 eta=1254950.423239

[Run 11 Gen 40] rr[2/5] comp=2/5 size=311
[Run 11 Gen 40] fe+=256 fe=10240 cost=115858668.31 viol=27788.4137 obj=143647081.99 cand_obj=143647081.99 raw_improve=0.000000 accepted=0 eta=200806.347451

[Run 11 Gen 41] rr[3/5] comp=3/5 size=288
[Run 11 Gen 41] fe+=256 fe=10496 cost=115582376.72 viol=28043.0563 obj=143625433.02 cand_obj=143625433.02 raw_improve=21648.973641 accepted=1 eta=108574.998937

[Run 11 Gen 42] rr[4/5] comp=4/5 size=236
[Run 11 Gen 42] fe+=256 fe=10752 cost=115306083.79 viol=28197.9616 obj=143504045.40 cand_obj=143504045.40 raw_improve=121387.622127 accepted=1 eta=292707.565687

[Run 11 Gen 43] rr[5/5] comp=5/5 size=221
[Run 11 Gen 43] fe+=256 fe=11008 cost=114937693.45 viol=27983.0285 obj=142920721.90 cand_obj=142920721.90 raw_improve=583323.493905 accepted=1 eta=527931.862040
[Run 11 Gen 44] reward_pool=1/5 threshold=627475.211620 eta_max=1254950.423239

[Run 11 Gen 44] reward[1/1] comp=1/5 size=394
[Run 11 Gen 44] fe+=256 fe=11264 cost=115213985.70 viol=25920.1873 obj=141134173.01 cand_obj=141134173.01 raw_improve=1786548.889666 accepted=1 eta=1600489.426416

[Run 11 Gen 45] rr[1/5] comp=1/5 size=394
[Run 11 Gen 45] fe+=256 fe=11520 cost=114108814.67 viol=26339.0556 obj=140447870.28 cand_obj=140447870.28 raw_improve=686302.728716 accepted=1 eta=1006268.072911

[Run 11 Gen 46] rr[2/5] comp=2/5 size=311
[Run 11 Gen 46] fe+=256 fe=11776 cost=114108814.67 viol=26339.0556 obj=140447870.28 cand_obj=140447870.28 raw_improve=0.000000 accepted=0 eta=70282.221608

[Run 11 Gen 47] rr[3/5] comp=3/5 size=288
[Run 11 Gen 47] fe+=256 fe=12032 cost=114200911.42 viol=26095.8535 obj=140296764.93 cand_obj=140296764.93 raw_improve=151105.350415 accepted=1 eta=136219.727398

[Run 11 Gen 48] rr[4/5] comp=4/5 size=236
[Run 11 Gen 48] fe+=256 fe=12288 cost=114108813.33 viol=25924.4418 obj=140033255.14 cand_obj=140033255.14 raw_improve=263509.793771 accepted=1 eta=273729.013942

[Run 11 Gen 49] rr[5/5] comp=5/5 size=221
[Run 11 Gen 49] fe+=256 fe=12544 cost=113740422.32 viol=25744.5406 obj=139484962.91 cand_obj=139484962.91 raw_improve=548292.232399 accepted=1 eta=541166.102773
[Run 11 Gen 50] reward_pool=2/5 threshold=503134.036456 eta_max=1006268.072911

[Run 11 Gen 50] reward[1/2] comp=1/5 size=394
[Run 11 Gen 50] fe+=256 fe=12800 cost=113740420.65 viol=25582.1071 obj=139322527.78 cand_obj=139322527.78 raw_improve=162435.130833 accepted=1 eta=457776.660560
[Stop] reached max_outer_gen=50
[7/7] Write outputs
[Done] summary=/work/home/acn1eb8nfq/yuezhang46/GFcode/GF实验三：顺序模块/gcpcc_logs_GF_CB/run_11_seed_1011/runs_summary.csv
