[RunConfig] run_id=4 seed=1004
[OutputDir] /work/home/acn1eb8nfq/yuezhang46/GFcode/GF实验三：顺序模块/gcpcc_logs_GF_FR/run_04_seed_1004
[Data] nodes=1810
[1/7] Load scenarios
  spring: raw_edges=3686 days=31
  summer: raw_edges=3686 days=30
  autumn: raw_edges=3686 days=31
  winter: raw_edges=3686 days=30
[Filter] w_min=1.0
  active=1450 inactive=360(fixed NONE)
  spring: removed=2281 kept=1405
  summer: removed=2206 kept=1480
  autumn: removed=2131 kept=1555
  winter: removed=2189 kept=1497
  spring: filtered_edges=1405
  summer: filtered_edges=1480
  autumn: filtered_edges=1555
  winter: filtered_edges=1497
[2/7] Spatial cut + fragment repair
  spring: K=5 top_sizes=[395, 314, 288, 244, 209] fragments=125
  summer: K=5 top_sizes=[394, 311, 288, 236, 221] fragments=71
  autumn: K=5 top_sizes=[394, 312, 287, 236, 221] fragments=20
  winter: K=5 top_sizes=[394, 313, 286, 236, 221] fragments=53
[3/7] Consensus cut
[ConsensusMerge] med=221 thr=33 merged=4
  components=5 min/med/max=221/288/394
  singleton_components=0
[4/7] Dependency graph + coloring
  color_groups=2 sizes=[2, 3]
  serial_components=5
[5/7] Initialize plan
  init: cost=80585295.93 viol=1921548.1341 obj=2002133430.07
[6/7] Outer iterations

[Run 04 Gen 1] explore[1/5] comp=1/5 size=394
[Run 04 Gen 1] fe+=256 fe=256 cost=91821197.78 viol=1292334.7815 obj=1384155979.27 delta_obj=617977450.804444 contrib=308988725.402222

[Run 04 Gen 2] explore[2/5] comp=2/5 size=311
[Run 04 Gen 2] fe+=256 fe=512 cost=101399344.42 viol=1016197.6146 obj=1117596958.99 delta_obj=266559020.276979 contrib=133279510.138490

[Run 04 Gen 3] explore[3/5] comp=3/5 size=288
[Run 04 Gen 3] fe+=256 fe=768 cost=113372029.30 viol=642709.7326 obj=756081761.86 delta_obj=361515197.128608 contrib=180757598.564304

[Run 04 Gen 4] explore[4/5] comp=4/5 size=236
[Run 04 Gen 4] fe+=256 fe=1024 cost=121476614.89 viol=323832.2987 obj=445308913.57 delta_obj=310772848.289859 contrib=155386424.144930

[Run 04 Gen 5] explore[5/5] comp=5/5 size=221
[Run 04 Gen 5] fe+=256 fe=1280 cost=127462955.82 viol=128778.1901 obj=256241145.95 delta_obj=189067767.623312 contrib=94533883.811656

[Run 04 Gen 6] focus[1/1] comp=1/5 size=394
[Run 04 Gen 6] fe+=256 fe=1536 cost=127739249.08 viol=96876.4701 obj=224615719.16 delta_obj=31625426.787327 contrib=170307076.094775

[Run 04 Gen 7] focus[1/1] comp=3/5 size=288
[Run 04 Gen 7] fe+=256 fe=1792 cost=127002465.05 viol=86214.1996 obj=213216664.66 delta_obj=11399054.505676 contrib=96078326.534990

[Run 04 Gen 8] focus[1/1] comp=1/5 size=394
[Run 04 Gen 8] fe+=256 fe=2048 cost=128199736.18 viol=67246.8422 obj=195446578.35 delta_obj=17770086.300732 contrib=94038581.197753

[Run 04 Gen 9] focus[1/1] comp=4/5 size=236
[Run 04 Gen 9] fe+=256 fe=2304 cost=131238955.69 viol=54845.8116 obj=186084767.26 delta_obj=9361811.090770 contrib=82374117.617850

[Run 04 Gen 10] focus[1/1] comp=2/5 size=311
[Run 04 Gen 10] fe+=256 fe=2560 cost=133265103.93 viol=39860.8162 obj=173125920.11 delta_obj=12958847.157479 contrib=73119178.647985

[Run 04 Gen 11] focus[1/1] comp=3/5 size=288
[Run 04 Gen 11] fe+=256 fe=2816 cost=131331056.79 viol=39104.2942 obj=170435351.01 delta_obj=2690569.096425 contrib=49384447.815707

[Run 04 Gen 12] focus[1/1] comp=5/5 size=221
[Run 04 Gen 12] fe+=256 fe=3072 cost=130962665.44 viol=37493.5875 obj=168456252.91 delta_obj=1979098.096646 contrib=48256490.954151

[Run 04 Gen 13] focus[1/1] comp=1/5 size=394
[Run 04 Gen 13] fe+=256 fe=3328 cost=130962665.44 viol=37493.5875 obj=168456252.91 delta_obj=0.000000 contrib=47019290.598877

[Run 04 Gen 14] focus[1/1] comp=4/5 size=236
[Run 04 Gen 14] fe+=256 fe=3584 cost=130594275.76 viol=33961.1385 obj=164555414.30 delta_obj=3900838.616613 contrib=43137478.117231

[Run 04 Gen 15] focus[1/1] comp=2/5 size=311
[Run 04 Gen 15] fe+=256 fe=3840 cost=129304910.22 viol=31363.9891 obj=160668899.30 delta_obj=3886514.993334 contrib=38502846.820659

[Run 04 Gen 16] focus[1/1] comp=3/5 size=288
[Run 04 Gen 16] fe+=256 fe=4096 cost=129120715.72 viol=31441.5948 obj=160562310.47 delta_obj=106588.831110 contrib=24745518.323409

[Run 04 Gen 17] focus[1/1] comp=5/5 size=221
[Run 04 Gen 17] fe+=256 fe=4352 cost=127370862.75 viol=32078.7809 obj=159449643.65 delta_obj=1112666.822662 contrib=24684578.888407

[Run 04 Gen 18] focus[1/1] comp=1/5 size=394
[Run 04 Gen 18] fe+=256 fe=4608 cost=126449887.22 viol=32576.4071 obj=159026294.29 delta_obj=423349.356367 contrib=23721319.977622

[Run 04 Gen 19] focus[1/1] comp=4/5 size=236
[Run 04 Gen 19] fe+=256 fe=4864 cost=125805203.62 viol=32094.1236 obj=157899327.17 delta_obj=1126967.123279 contrib=22132222.620255

[Run 04 Gen 20] focus[1/1] comp=2/5 size=311
[Run 04 Gen 20] fe+=256 fe=5120 cost=125436811.60 viol=31728.8202 obj=157165631.82 delta_obj=733695.352238 contrib=19618271.086449

[Run 04 Gen 21] focus[1/1] comp=3/5 size=288
[Run 04 Gen 21] fe+=256 fe=5376 cost=125436811.60 viol=31728.8202 obj=157165631.82 delta_obj=0.000000 contrib=12372759.161704

[Run 04 Gen 22] focus[1/1] comp=5/5 size=221
[Run 04 Gen 22] fe+=256 fe=5632 cost=124976324.50 viol=31394.7328 obj=156371057.35 delta_obj=794574.469291 contrib=12739576.678849

[Run 04 Gen 23] focus[1/1] comp=1/5 size=394
[Run 04 Gen 23] fe+=256 fe=5888 cost=125252615.09 viol=28487.3220 obj=153739937.11 delta_obj=2631120.242599 contrib=13176220.110110

[Run 04 Gen 24] focus[1/1] comp=4/5 size=236
[Run 04 Gen 24] fe+=256 fe=6144 cost=125713101.85 viol=27125.4389 obj=152838540.75 delta_obj=901396.356256 contrib=11516809.488256

[Run 04 Gen 25] focus[1/1] comp=2/5 size=311
[Run 04 Gen 25] fe+=256 fe=6400 cost=123686954.95 viol=27975.6482 obj=151662603.19 delta_obj=1175937.557031 contrib=10397104.321740

[Run 04 Gen 26] focus[1/1] comp=1/5 size=394
[Run 04 Gen 26] fe+=256 fe=6656 cost=123134369.44 viol=27810.1341 obj=150944503.52 delta_obj=718099.667809 contrib=6947159.888959

[Run 04 Gen 27] focus[1/1] comp=5/5 size=221
[Run 04 Gen 27] fe+=256 fe=6912 cost=122581782.92 viol=27505.1881 obj=150086971.01 delta_obj=857532.509848 contrib=6798554.594348

[Run 04 Gen 28] focus[1/1] comp=3/5 size=288
[Run 04 Gen 28] fe+=256 fe=7168 cost=122489684.83 viol=27134.1739 obj=149623858.76 delta_obj=463112.250771 contrib=6417935.706238

[Run 04 Gen 29] focus[1/1] comp=4/5 size=236
[Run 04 Gen 29] fe+=256 fe=7424 cost=122673877.99 viol=26226.8812 obj=148900759.17 delta_obj=723099.593376 contrib=6119954.540816

[Run 04 Gen 30] focus[1/1] comp=2/5 size=311
[Run 04 Gen 30] fe+=256 fe=7680 cost=121660804.71 viol=26207.5574 obj=147868362.07 delta_obj=1032397.097592 contrib=5714750.709666

[Run 04 Gen 31] focus[1/1] comp=1/5 size=394
[Run 04 Gen 31] fe+=256 fe=7936 cost=121937096.97 viol=24589.9617 obj=146527058.63 delta_obj=1341303.439366 contrib=4144231.664163

[Run 04 Gen 32] focus[1/1] comp=5/5 size=221
[Run 04 Gen 32] fe+=256 fe=8192 cost=121200317.62 viol=24563.2453 obj=145763562.87 delta_obj=763495.767425 contrib=3781025.180887

[Run 04 Gen 33] focus[1/1] comp=3/5 size=288
[Run 04 Gen 33] fe+=256 fe=8448 cost=120647731.10 viol=24273.8064 obj=144921537.50 delta_obj=842025.368748 contrib=3629980.537493

[Run 04 Gen 34] focus[1/1] comp=4/5 size=236
[Run 04 Gen 34] fe+=256 fe=8704 cost=119174171.39 viol=24996.6644 obj=144170835.81 delta_obj=750701.689089 contrib=3435328.114953

[Run 04 Gen 35] focus[1/1] comp=2/5 size=311
[Run 04 Gen 35] fe+=256 fe=8960 cost=118621587.87 viol=25083.4250 obj=143705012.86 delta_obj=465822.945429 contrib=3090286.827547

[Run 04 Gen 36] focus[1/1] comp=1/5 size=394
[Run 04 Gen 36] fe+=256 fe=9216 cost=118713684.96 viol=24917.0559 obj=143630740.87 delta_obj=74271.998068 contrib=2109251.831116

[Run 04 Gen 37] focus[1/1] comp=5/5 size=221
[Run 04 Gen 37] fe+=256 fe=9472 cost=118713684.96 viol=24917.0559 obj=143630740.87 delta_obj=0.000000 contrib=1890512.590443

[Run 04 Gen 38] focus[1/1] comp=3/5 size=288
[Run 04 Gen 38] fe+=256 fe=9728 cost=118713686.30 viol=24651.9182 obj=143365604.49 delta_obj=265136.372415 contrib=1947558.454954

[Run 04 Gen 39] focus[1/1] comp=4/5 size=236
[Run 04 Gen 39] fe+=256 fe=9984 cost=116779638.49 viol=25256.5385 obj=142036177.00 delta_obj=1329427.490119 contrib=2382377.802536

[Run 04 Gen 40] focus[1/1] comp=2/5 size=311
[Run 04 Gen 40] fe+=256 fe=10240 cost=116687540.73 viol=25175.6298 obj=141863170.52 delta_obj=173006.478425 contrib=1631646.652986

[Run 04 Gen 41] focus[1/1] comp=4/5 size=236
[Run 04 Gen 41] fe+=256 fe=10496 cost=116503346.23 viol=24548.5481 obj=141051894.29 delta_obj=811276.234510 contrib=1596827.018523

[Run 04 Gen 42] focus[1/1] comp=1/5 size=394
[Run 04 Gen 42] fe+=256 fe=10752 cost=117055932.42 viol=23749.6465 obj=140805578.87 delta_obj=246315.423098 contrib=1177783.627107

[Run 04 Gen 43] focus[1/1] comp=3/5 size=288
[Run 04 Gen 43] fe+=256 fe=11008 cost=116134956.55 viol=22917.4377 obj=139052394.26 delta_obj=1753184.605814 contrib=1850371.530384

[Run 04 Gen 44] focus[1/1] comp=5/5 size=221
[Run 04 Gen 44] fe+=256 fe=11264 cost=116134955.55 viol=22718.1532 obj=138853108.71 delta_obj=199285.548840 contrib=1044899.069642

[Run 04 Gen 45] focus[1/1] comp=3/5 size=288
[Run 04 Gen 45] fe+=256 fe=11520 cost=116134955.55 viol=22718.1532 obj=138853108.71 delta_obj=0.000000 contrib=925185.765192

[Run 04 Gen 46] focus[1/1] comp=2/5 size=311
[Run 04 Gen 46] fe+=256 fe=11776 cost=116134955.55 viol=22718.1532 obj=138853108.71 delta_obj=0.000000 contrib=815823.326493

[Run 04 Gen 47] focus[1/1] comp=4/5 size=236
[Run 04 Gen 47] fe+=256 fe=12032 cost=116134955.55 viol=22718.1532 obj=138853108.71 delta_obj=0.000000 contrib=798413.509261

[Run 04 Gen 48] focus[1/1] comp=1/5 size=394
[Run 04 Gen 48] fe+=256 fe=12288 cost=116134955.55 viol=22718.1532 obj=138853108.71 delta_obj=0.000000 contrib=588891.813553

[Run 04 Gen 49] focus[1/1] comp=5/5 size=221
[Run 04 Gen 49] fe+=256 fe=12544 cost=116134955.55 viol=22718.1532 obj=138853108.71 delta_obj=0.000000 contrib=522449.534821

[Run 04 Gen 50] focus[1/1] comp=3/5 size=288
[Run 04 Gen 50] fe+=256 fe=12800 cost=116134955.55 viol=22718.1532 obj=138853108.71 delta_obj=0.000000 contrib=462592.882596
[Stop] reached max_outer_gen=50
[7/7] Write outputs
[Done] summary=/work/home/acn1eb8nfq/yuezhang46/GFcode/GF实验三：顺序模块/gcpcc_logs_GF_FR/run_04_seed_1004/runs_summary.csv
