[RunConfig] run_id=23 seed=1023
[OutputDir] /work/home/acn1eb8nfq/yuezhang46/GFcode/GF实验三：顺序模块/gcpcc_logs_GF_FR/run_23_seed_1023
[Data] nodes=1810
[1/7] Load scenarios
  spring: raw_edges=3686 days=31
  summer: raw_edges=3686 days=30
  autumn: raw_edges=3686 days=31
  winter: raw_edges=3686 days=30
[Filter] w_min=1.0
  active=1450 inactive=360(fixed NONE)
  spring: removed=2281 kept=1405
  summer: removed=2206 kept=1480
  autumn: removed=2131 kept=1555
  winter: removed=2189 kept=1497
  spring: filtered_edges=1405
  summer: filtered_edges=1480
  autumn: filtered_edges=1555
  winter: filtered_edges=1497
[2/7] Spatial cut + fragment repair
  spring: K=5 top_sizes=[395, 314, 288, 244, 209] fragments=125
  summer: K=5 top_sizes=[394, 311, 288, 236, 221] fragments=71
  autumn: K=5 top_sizes=[394, 312, 287, 236, 221] fragments=20
  winter: K=5 top_sizes=[394, 313, 286, 236, 221] fragments=53
[3/7] Consensus cut
[ConsensusMerge] med=221 thr=33 merged=4
  components=5 min/med/max=221/288/394
  singleton_components=0
[4/7] Dependency graph + coloring
  color_groups=2 sizes=[2, 3]
  serial_components=5
[5/7] Initialize plan
  init: cost=80677395.35 viol=1855579.7756 obj=1936257170.93
[6/7] Outer iterations

[Run 23 Gen 1] explore[1/5] comp=1/5 size=394
[Run 23 Gen 1] fe+=256 fe=256 cost=87676811.58 viol=1413452.2217 obj=1501129033.32 delta_obj=435128137.611742 contrib=217564068.805871

[Run 23 Gen 2] explore[2/5] comp=2/5 size=311
[Run 23 Gen 2] fe+=256 fe=512 cost=96333980.68 viol=1145849.4660 obj=1242183446.69 delta_obj=258945586.631630 contrib=129472793.315815

[Run 23 Gen 3] explore[3/5] comp=3/5 size=288
[Run 23 Gen 3] fe+=256 fe=768 cost=103517591.07 viol=746290.8654 obj=849808456.44 delta_obj=392374990.249679 contrib=196187495.124840

[Run 23 Gen 4] explore[4/5] comp=4/5 size=236
[Run 23 Gen 4] fe+=256 fe=1024 cost=110885395.30 viol=346791.8427 obj=457677238.00 delta_obj=392131218.442262 contrib=196065609.221131

[Run 23 Gen 5] explore[5/5] comp=5/5 size=221
[Run 23 Gen 5] fe+=256 fe=1280 cost=117792714.44 viol=121218.4486 obj=239011163.05 delta_obj=218666074.950073 contrib=109333037.475037

[Run 23 Gen 6] focus[1/1] comp=1/5 size=394
[Run 23 Gen 6] fe+=256 fe=1536 cost=118621592.89 viol=105100.7744 obj=223722367.29 delta_obj=15288795.751664 contrib=116426432.278768

[Run 23 Gen 7] focus[1/1] comp=3/5 size=288
[Run 23 Gen 7] fe+=256 fe=1792 cost=120095155.61 viol=98250.3925 obj=218345548.10 delta_obj=5376819.194991 contrib=100782157.159915

[Run 23 Gen 8] focus[1/1] comp=4/5 size=236
[Run 23 Gen 8] fe+=256 fe=2048 cost=121016132.14 viol=94427.4306 obj=215443562.74 delta_obj=2901985.358594 contrib=99483797.289863

[Run 23 Gen 9] focus[1/1] comp=2/5 size=311
[Run 23 Gen 9] fe+=256 fe=2304 cost=123042278.70 viol=74265.0739 obj=197307352.59 delta_obj=18136210.149814 contrib=73804501.732815

[Run 23 Gen 10] focus[1/1] comp=1/5 size=394
[Run 23 Gen 10] fe+=256 fe=2560 cost=125160523.02 viol=63685.2397 obj=188845762.70 delta_obj=8461589.887491 contrib=62444011.083129

[Run 23 Gen 11] focus[1/1] comp=5/5 size=221
[Run 23 Gen 11] fe+=256 fe=2816 cost=124423740.32 viol=60480.3419 obj=184904082.26 delta_obj=3941680.446091 contrib=56637358.960564

[Run 23 Gen 12] focus[1/1] comp=3/5 size=288
[Run 23 Gen 12] fe+=256 fe=3072 cost=124884226.08 viol=57397.7143 obj=182281940.36 delta_obj=2622141.895197 contrib=51702149.527556

[Run 23 Gen 13] focus[1/1] comp=4/5 size=236
[Run 23 Gen 13] fe+=256 fe=3328 cost=123963250.89 viol=52142.1620 obj=176105412.86 delta_obj=6176527.506120 contrib=52830162.397991

[Run 23 Gen 14] focus[1/1] comp=2/5 size=311
[Run 23 Gen 14] fe+=256 fe=3584 cost=126357786.13 viol=45959.1495 obj=172316935.65 delta_obj=3788477.201544 contrib=38796489.467179

[Run 23 Gen 15] focus[1/1] comp=1/5 size=394
[Run 23 Gen 15] fe+=256 fe=3840 cost=127462955.16 viol=44197.5283 obj=171660483.49 delta_obj=656452.162464 contrib=31550231.622797

[Run 23 Gen 16] focus[1/1] comp=5/5 size=221
[Run 23 Gen 16] fe+=256 fe=4096 cost=127002468.73 viol=43352.6264 obj=170355095.13 delta_obj=1305388.361896 contrib=28971373.661230

[Run 23 Gen 17] focus[1/1] comp=4/5 size=236
[Run 23 Gen 17] fe+=256 fe=4352 cost=126726176.14 viol=42403.1787 obj=169129354.86 delta_obj=1225740.268280 contrib=27027951.333136

[Run 23 Gen 18] focus[1/1] comp=3/5 size=288
[Run 23 Gen 18] fe+=256 fe=4608 cost=125897298.36 viol=42407.5584 obj=168304856.79 delta_obj=824498.071042 contrib=26263323.799299

[Run 23 Gen 19] focus[1/1] comp=2/5 size=311
[Run 23 Gen 19] fe+=256 fe=4864 cost=125989395.45 viol=39138.3499 obj=165127745.38 delta_obj=3177111.415169 contrib=20986800.441174

[Run 23 Gen 20] focus[1/1] comp=1/5 size=394
[Run 23 Gen 20] fe+=256 fe=5120 cost=126357785.12 viol=37745.7395 obj=164103524.60 delta_obj=1024220.777288 contrib=16287226.200042

[Run 23 Gen 21] focus[1/1] comp=5/5 size=221
[Run 23 Gen 21] fe+=256 fe=5376 cost=125252615.09 viol=37888.8126 obj=163141427.70 delta_obj=962096.901877 contrib=14966735.281553

[Run 23 Gen 22] focus[1/1] comp=4/5 size=236
[Run 23 Gen 22] fe+=256 fe=5632 cost=124239541.47 viol=37750.3133 obj=161989854.73 delta_obj=1151572.965839 contrib=14089762.149487

[Run 23 Gen 23] focus[1/1] comp=3/5 size=288
[Run 23 Gen 23] fe+=256 fe=5888 cost=123779054.38 viol=37859.7878 obj=161638842.14 delta_obj=351012.586691 contrib=13307168.192995

[Run 23 Gen 24] focus[1/1] comp=2/5 size=311
[Run 23 Gen 24] fe+=256 fe=6144 cost=121660809.73 viol=38092.4052 obj=159753214.90 delta_obj=1885627.240956 contrib=11436213.841065

[Run 23 Gen 25] focus[1/1] comp=1/5 size=394
[Run 23 Gen 25] fe+=256 fe=6400 cost=122581786.26 viol=31365.5011 obj=153947287.37 delta_obj=5805927.529294 contrib=11046576.864668

[Run 23 Gen 26] focus[1/1] comp=5/5 size=221
[Run 23 Gen 26] fe+=256 fe=6656 cost=121937101.98 viol=31691.2994 obj=153628401.40 delta_obj=318885.970572 contrib=7642810.626062

[Run 23 Gen 27] focus[1/1] comp=4/5 size=236
[Run 23 Gen 27] fe+=256 fe=6912 cost=121568711.97 viol=32038.7674 obj=153607479.34 delta_obj=20922.065259 contrib=7055342.107373

[Run 23 Gen 28] focus[1/1] comp=3/5 size=288
[Run 23 Gen 28] fe+=256 fe=7168 cost=120739834.20 viol=31898.8913 obj=152638725.45 delta_obj=968753.886442 contrib=7137961.039719

[Run 23 Gen 29] focus[1/1] comp=2/5 size=311
[Run 23 Gen 29] fe+=256 fe=7424 cost=120831930.95 viol=31743.7807 obj=152575711.66 delta_obj=63013.793015 contrib=5749613.817040

[Run 23 Gen 30] focus[1/1] comp=1/5 size=394
[Run 23 Gen 30] fe+=256 fe=7680 cost=119542564.07 viol=30244.5375 obj=149787101.59 delta_obj=2788610.065601 contrib=6917593.465135

[Run 23 Gen 31] focus[1/1] comp=5/5 size=221
[Run 23 Gen 31] fe+=256 fe=7936 cost=119266273.15 viol=29850.2592 obj=149116532.40 delta_obj=670569.197448 contrib=4156689.911755

[Run 23 Gen 32] focus[1/1] comp=3/5 size=288
[Run 23 Gen 32] fe+=256 fe=8192 cost=119082076.31 viol=29944.1694 obj=149026245.68 delta_obj=90286.714037 contrib=3614123.876878

[Run 23 Gen 33] focus[1/1] comp=4/5 size=236
[Run 23 Gen 33] fe+=256 fe=8448 cost=119174174.73 viol=29035.8436 obj=148210018.33 delta_obj=816227.349182 contrib=3935784.728277

[Run 23 Gen 34] focus[1/1] comp=1/5 size=394
[Run 23 Gen 34] fe+=256 fe=8704 cost=119358370.90 viol=27685.7884 obj=147044159.32 delta_obj=1165859.011759 contrib=4041726.238447

[Run 23 Gen 35] focus[1/1] comp=2/5 size=311
[Run 23 Gen 35] fe+=256 fe=8960 cost=119450468.99 viol=27321.2368 obj=146771705.78 delta_obj=272453.542629 contrib=3011033.679834

[Run 23 Gen 36] focus[1/1] comp=5/5 size=221
[Run 23 Gen 36] fe+=256 fe=9216 cost=119082076.98 viol=27260.1948 obj=146342271.82 delta_obj=429433.953939 contrib=2293061.932847

[Run 23 Gen 37] focus[1/1] comp=1/5 size=394
[Run 23 Gen 37] fe+=256 fe=9472 cost=118345296.28 viol=27933.9689 obj=146279265.14 delta_obj=63006.682310 contrib=2052366.460378

[Run 23 Gen 38] focus[1/1] comp=4/5 size=236
[Run 23 Gen 38] fe+=256 fe=9728 cost=117700613.35 viol=27818.6341 obj=145519247.43 delta_obj=760017.710086 contrib=2347901.219182

[Run 23 Gen 39] focus[1/1] comp=3/5 size=288
[Run 23 Gen 39] fe+=256 fe=9984 cost=118069004.03 viol=27148.9848 obj=145217988.82 delta_obj=301258.608548 contrib=1957691.242713

[Run 23 Gen 40] focus[1/1] comp=2/5 size=311
[Run 23 Gen 40] fe+=256 fe=10240 cost=117240127.25 viol=27032.9233 obj=144273050.57 delta_obj=944938.250101 contrib=1977985.964967

[Run 23 Gen 41] focus[1/1] comp=4/5 size=236
[Run 23 Gen 41] fe+=256 fe=10496 cost=117055932.08 viol=27072.2112 obj=144128143.30 delta_obj=144907.274503 contrib=1246404.246842

[Run 23 Gen 42] focus[1/1] comp=5/5 size=221
[Run 23 Gen 42] fe+=256 fe=10752 cost=116595445.65 viol=27239.9993 obj=143835444.97 delta_obj=292698.327297 contrib=1292880.130072

[Run 23 Gen 43] focus[1/1] comp=1/5 size=394
[Run 23 Gen 43] fe+=256 fe=11008 cost=114937691.44 viol=26098.9645 obj=141036655.91 delta_obj=2798789.063599 contrib=2425577.761989

[Run 23 Gen 44] focus[1/1] comp=1/5 size=394
[Run 23 Gen 44] fe+=256 fe=11264 cost=114661398.52 viol=25219.4861 obj=139880884.57 delta_obj=1155771.341626 contrib=1790674.551807

[Run 23 Gen 45] focus[1/1] comp=2/5 size=311
[Run 23 Gen 45] fe+=256 fe=11520 cost=113832520.74 viol=24621.1312 obj=138453651.93 delta_obj=1427232.636643 contrib=1702609.300805

[Run 23 Gen 46] focus[1/1] comp=3/5 size=288
[Run 23 Gen 46] fe+=256 fe=11776 cost=113372032.64 viol=23904.7442 obj=137276776.85 delta_obj=1176875.074429 contrib=1567283.158571

[Run 23 Gen 47] focus[1/1] comp=1/5 size=394
[Run 23 Gen 47] fe+=256 fe=12032 cost=112082667.77 viol=24095.1442 obj=136177811.93 delta_obj=1098964.924632 contrib=1444819.738220

[Run 23 Gen 48] focus[1/1] comp=2/5 size=311
[Run 23 Gen 48] fe+=256 fe=12288 cost=112082667.77 viol=24095.1442 obj=136177811.93 delta_obj=0.000000 contrib=851304.650403

[Run 23 Gen 49] focus[1/1] comp=3/5 size=288
[Run 23 Gen 49] fe+=256 fe=12544 cost=111714277.76 viol=23542.3683 obj=135256646.03 delta_obj=921165.901859 contrib=1244224.530215

[Run 23 Gen 50] focus[1/1] comp=1/5 size=394
[Run 23 Gen 50] fe+=256 fe=12800 cost=111714277.76 viol=23542.3683 obj=135256646.03 delta_obj=0.000000 contrib=722409.869110
[Stop] reached max_outer_gen=50
[7/7] Write outputs
[Done] summary=/work/home/acn1eb8nfq/yuezhang46/GFcode/GF实验三：顺序模块/gcpcc_logs_GF_FR/run_23_seed_1023/runs_summary.csv
