[RunConfig] run_id=18 seed=1018
[OutputDir] /work/home/acn1eb8nfq/yuezhang46/GFcode/GF实验三：顺序模块/gcpcc_logs_GF_FR/run_18_seed_1018
[Data] nodes=1810
[1/7] Load scenarios
  spring: raw_edges=3686 days=31
  summer: raw_edges=3686 days=30
  autumn: raw_edges=3686 days=31
  winter: raw_edges=3686 days=30
[Filter] w_min=1.0
  active=1450 inactive=360(fixed NONE)
  spring: removed=2281 kept=1405
  summer: removed=2206 kept=1480
  autumn: removed=2131 kept=1555
  winter: removed=2189 kept=1497
  spring: filtered_edges=1405
  summer: filtered_edges=1480
  autumn: filtered_edges=1555
  winter: filtered_edges=1497
[2/7] Spatial cut + fragment repair
  spring: K=5 top_sizes=[395, 314, 288, 244, 209] fragments=125
  summer: K=5 top_sizes=[394, 311, 288, 236, 221] fragments=71
  autumn: K=5 top_sizes=[394, 312, 287, 236, 221] fragments=20
  winter: K=5 top_sizes=[394, 313, 286, 236, 221] fragments=53
[3/7] Consensus cut
[ConsensusMerge] med=221 thr=33 merged=4
  components=5 min/med/max=221/288/394
  singleton_components=0
[4/7] Dependency graph + coloring
  color_groups=2 sizes=[2, 3]
  serial_components=5
[5/7] Initialize plan
  init: cost=81229986.55 viol=2006507.9436 obj=2087737930.16
[6/7] Outer iterations

[Run 18 Gen 1] explore[1/5] comp=1/5 size=394
[Run 18 Gen 1] fe+=256 fe=256 cost=92742182.67 viol=1270349.4974 obj=1363091680.07 delta_obj=724646250.089630 contrib=362323125.044815

[Run 18 Gen 2] explore[2/5] comp=2/5 size=311
[Run 18 Gen 2] fe+=256 fe=512 cost=101215157.60 viol=1110839.3548 obj=1212054512.40 delta_obj=151037167.674396 contrib=75518583.837198

[Run 18 Gen 3] explore[3/5] comp=3/5 size=288
[Run 18 Gen 3] fe+=256 fe=768 cost=111437985.84 viol=590115.7885 obj=701553774.32 delta_obj=510500738.074183 contrib=255250369.037092

[Run 18 Gen 4] explore[4/5] comp=4/5 size=236
[Run 18 Gen 4] fe+=256 fe=1024 cost=118437399.72 viol=305256.1535 obj=423693553.19 delta_obj=277860221.128868 contrib=138930110.564434

[Run 18 Gen 5] explore[5/5] comp=5/5 size=221
[Run 18 Gen 5] fe+=256 fe=1280 cost=123871157.15 viol=167420.3053 obj=291291462.44 delta_obj=132402090.750141 contrib=66201045.375070

[Run 18 Gen 6] focus[1/1] comp=1/5 size=394
[Run 18 Gen 6] fe+=256 fe=1536 cost=125344719.19 viol=134819.3231 obj=260164042.33 delta_obj=31127420.111084 contrib=196725272.577949

[Run 18 Gen 7] focus[1/1] comp=3/5 size=288
[Run 18 Gen 7] fe+=256 fe=1792 cost=127186670.59 viol=110282.1055 obj=237468776.04 delta_obj=22695266.295119 contrib=138972817.666105

[Run 18 Gen 8] focus[1/1] comp=1/5 size=394
[Run 18 Gen 8] fe+=256 fe=2048 cost=127462961.51 viol=95330.3931 obj=222793354.64 delta_obj=14675421.399052 contrib=105700346.988501

[Run 18 Gen 9] focus[1/1] comp=3/5 size=288
[Run 18 Gen 9] fe+=256 fe=2304 cost=125160520.01 viol=95824.3101 obj=220984830.09 delta_obj=1808524.545790 contrib=70390671.105948

[Run 18 Gen 10] focus[1/1] comp=4/5 size=236
[Run 18 Gen 10] fe+=256 fe=2560 cost=126910370.64 viol=72880.4758 obj=199790846.42 delta_obj=21193983.674563 contrib=80062047.119498

[Run 18 Gen 11] focus[1/1] comp=1/5 size=394
[Run 18 Gen 11] fe+=256 fe=2816 cost=125160517.34 viol=66540.9182 obj=191701435.53 delta_obj=8089410.888510 contrib=56894878.938506

[Run 18 Gen 12] focus[1/1] comp=4/5 size=236
[Run 18 Gen 12] fe+=256 fe=3072 cost=124976320.49 viol=65746.0155 obj=190722336.03 delta_obj=979099.501636 contrib=40520573.310567

[Run 18 Gen 13] focus[1/1] comp=2/5 size=311
[Run 18 Gen 13] fe+=256 fe=3328 cost=127002468.06 viol=54048.4105 obj=181050878.57 delta_obj=9671457.457276 contrib=42595020.647237

[Run 18 Gen 14] focus[1/1] comp=3/5 size=288
[Run 18 Gen 14] fe+=256 fe=3584 cost=126357785.79 viol=53848.0702 obj=180205856.01 delta_obj=845022.562294 contrib=35617846.834121

[Run 18 Gen 15] focus[1/1] comp=5/5 size=221
[Run 18 Gen 15] fe+=256 fe=3840 cost=126541980.63 viol=49391.4344 obj=175933415.02 delta_obj=4272440.993844 contrib=35236743.184457

[Run 18 Gen 16] focus[1/1] comp=1/5 size=394
[Run 18 Gen 16] fe+=256 fe=4096 cost=127923442.59 viol=37510.0829 obj=165433525.49 delta_obj=10499889.524636 contrib=33697384.231571

[Run 18 Gen 17] focus[1/1] comp=2/5 size=311
[Run 18 Gen 17] fe+=256 fe=4352 cost=126357784.12 viol=35229.9237 obj=161587707.79 delta_obj=3845817.704452 contrib=23220419.175845

[Run 18 Gen 18] focus[1/1] comp=4/5 size=236
[Run 18 Gen 18] fe+=256 fe=4608 cost=126541979.63 viol=34673.9217 obj=161215901.35 delta_obj=371806.437151 contrib=20446189.873859

[Run 18 Gen 19] focus[1/1] comp=3/5 size=288
[Run 18 Gen 19] fe+=256 fe=4864 cost=126265687.37 viol=34259.0599 obj=160524747.30 delta_obj=691154.051034 contrib=18154500.442577

[Run 18 Gen 20] focus[1/1] comp=5/5 size=221
[Run 18 Gen 20] fe+=256 fe=5120 cost=124792125.65 viol=34505.6675 obj=159297793.18 delta_obj=1226954.115069 contrib=18231848.649763

[Run 18 Gen 21] focus[1/1] comp=1/5 size=394
[Run 18 Gen 21] fe+=256 fe=5376 cost=124607930.48 viol=34257.2270 obj=158865157.53 delta_obj=432635.655103 contrib=17065009.943337

[Run 18 Gen 22] focus[1/1] comp=2/5 size=311
[Run 18 Gen 22] fe+=256 fe=5632 cost=124607930.48 viol=32571.8466 obj=157179777.05 delta_obj=1685380.481801 contrib=12452899.828823

[Run 18 Gen 23] focus[1/1] comp=4/5 size=236
[Run 18 Gen 23] fe+=256 fe=5888 cost=123134369.10 viol=32713.4166 obj=155847785.67 delta_obj=1331991.375422 contrib=10889090.624640

[Run 18 Gen 24] focus[1/1] comp=5/5 size=221
[Run 18 Gen 24] fe+=256 fe=6144 cost=122673882.34 viol=32816.8227 obj=155490705.07 delta_obj=357080.599444 contrib=9294464.624603

[Run 18 Gen 25] focus[1/1] comp=3/5 size=288
[Run 18 Gen 25] fe+=256 fe=6400 cost=122029200.07 viol=31565.4173 obj=153594617.39 delta_obj=1896087.685492 contrib=10025294.064035

[Run 18 Gen 26] focus[1/1] comp=1/5 size=394
[Run 18 Gen 26] fe+=256 fe=6656 cost=121752908.15 viol=31707.4263 obj=153460334.49 delta_obj=134282.892188 contrib=8599646.417762

[Run 18 Gen 27] focus[1/1] comp=2/5 size=311
[Run 18 Gen 27] fe+=256 fe=6912 cost=121292420.05 viol=31715.6851 obj=153008105.11 delta_obj=452229.387630 contrib=6452564.608226

[Run 18 Gen 28] focus[1/1] comp=4/5 size=236
[Run 18 Gen 28] fe+=256 fe=7168 cost=120463543.28 viol=31781.9049 obj=152245448.19 delta_obj=762656.914903 contrib=5825873.769772

[Run 18 Gen 29] focus[1/1] comp=3/5 size=288
[Run 18 Gen 29] fe+=256 fe=7424 cost=119634664.83 viol=31678.7882 obj=151313453.05 delta_obj=931995.140536 contrib=5478644.602285

[Run 18 Gen 30] focus[1/1] comp=5/5 size=221
[Run 18 Gen 30] fe+=256 fe=7680 cost=119542565.74 viol=31151.3348 obj=150693900.55 delta_obj=619552.500111 contrib=4957008.562357

[Run 18 Gen 31] focus[1/1] comp=1/5 size=394
[Run 18 Gen 31] fe+=256 fe=7936 cost=119542566.08 viol=27584.4399 obj=147127006.00 delta_obj=3566894.548243 contrib=6083270.483002

[Run 18 Gen 32] focus[1/1] comp=2/5 size=311
[Run 18 Gen 32] fe+=256 fe=8192 cost=119174176.40 viol=27701.4166 obj=146875592.97 delta_obj=251413.027412 contrib=3351988.817819

[Run 18 Gen 33] focus[1/1] comp=1/5 size=394
[Run 18 Gen 33] fe+=256 fe=8448 cost=119174176.40 viol=27701.4166 obj=146875592.97 delta_obj=0.000000 contrib=3041635.241501

[Run 18 Gen 34] focus[1/1] comp=4/5 size=236
[Run 18 Gen 34] fe+=256 fe=8704 cost=117976907.95 viol=27709.5645 obj=145686472.46 delta_obj=1189120.516595 contrib=3507497.143183

[Run 18 Gen 35] focus[1/1] comp=3/5 size=288
[Run 18 Gen 35] fe+=256 fe=8960 cost=118345297.62 viol=26858.2705 obj=145203568.15 delta_obj=482904.311188 contrib=2980774.456736

[Run 18 Gen 36] focus[1/1] comp=5/5 size=221
[Run 18 Gen 36] fe+=256 fe=9216 cost=118161102.45 viol=26680.4748 obj=144841577.22 delta_obj=361990.923603 contrib=2659499.742980

[Run 18 Gen 37] focus[1/1] comp=4/5 size=236
[Run 18 Gen 37] fe+=256 fe=9472 cost=118161102.45 viol=26680.4748 obj=144841577.22 delta_obj=0.000000 contrib=1753748.571592

[Run 18 Gen 38] focus[1/1] comp=2/5 size=311
[Run 18 Gen 38] fe+=256 fe=9728 cost=117055931.75 viol=26438.7800 obj=143494711.75 delta_obj=1346865.472970 contrib=2349427.145395

[Run 18 Gen 39] focus[1/1] comp=1/5 size=394
[Run 18 Gen 39] fe+=256 fe=9984 cost=116595443.98 viol=26515.6534 obj=143111097.39 delta_obj=383614.356084 contrib=1712624.798792

[Run 18 Gen 40] focus[1/1] comp=3/5 size=288
[Run 18 Gen 40] fe+=256 fe=10240 cost=116595443.98 viol=26515.6534 obj=143111097.39 delta_obj=0.000000 contrib=1490387.228368

[Run 18 Gen 41] focus[1/1] comp=5/5 size=221
[Run 18 Gen 41] fe+=256 fe=10496 cost=116687541.74 viol=26248.6658 obj=142936207.50 delta_obj=174889.895675 contrib=1417194.819328

[Run 18 Gen 42] focus[1/1] comp=2/5 size=311
[Run 18 Gen 42] fe+=256 fe=10752 cost=116779638.49 viol=26075.0170 obj=142854655.45 delta_obj=81552.044016 contrib=1215489.594706

[Run 18 Gen 43] focus[1/1] comp=4/5 size=236
[Run 18 Gen 43] fe+=256 fe=11008 cost=116227054.31 viol=26176.5161 obj=142403570.37 delta_obj=451085.081422 contrib=1102416.826507

[Run 18 Gen 44] focus[1/1] comp=1/5 size=394
[Run 18 Gen 44] fe+=256 fe=11264 cost=115858663.96 viol=24915.6393 obj=140774303.30 delta_obj=1629267.068505 contrib=1670945.933649

[Run 18 Gen 45] focus[1/1] comp=1/5 size=394
[Run 18 Gen 45] fe+=256 fe=11520 cost=116227053.97 viol=24056.9901 obj=140284044.08 delta_obj=490259.222641 contrib=1080602.578145

[Run 18 Gen 46] focus[1/1] comp=3/5 size=288
[Run 18 Gen 46] fe+=256 fe=11776 cost=116134956.22 viol=24059.2135 obj=140194169.77 delta_obj=89874.313426 contrib=790130.770897

[Run 18 Gen 47] focus[1/1] comp=5/5 size=221
[Run 18 Gen 47] fe+=256 fe=12032 cost=115950762.05 viol=24211.8386 obj=140162600.62 delta_obj=31569.147863 contrib=724381.983595

[Run 18 Gen 48] focus[1/1] comp=2/5 size=311
[Run 18 Gen 48] fe+=256 fe=12288 cost=115121883.94 viol=23974.7756 obj=139096659.50 delta_obj=1065941.121889 contrib=1140715.358297

[Run 18 Gen 49] focus[1/1] comp=2/5 size=311
[Run 18 Gen 49] fe+=256 fe=12544 cost=114661394.84 viol=23950.2918 obj=138611686.68 delta_obj=484972.815870 contrib=812844.087084

[Run 18 Gen 50] focus[1/1] comp=4/5 size=236
[Run 18 Gen 50] fe+=256 fe=12800 cost=114293004.16 viol=23833.7017 obj=138126705.83 delta_obj=484980.857252 contrib=793698.841879
[Stop] reached max_outer_gen=50
[7/7] Write outputs
[Done] summary=/work/home/acn1eb8nfq/yuezhang46/GFcode/GF实验三：顺序模块/gcpcc_logs_GF_FR/run_18_seed_1018/runs_summary.csv
