[RunConfig] run_id=6 seed=1006
[OutputDir] /work/home/acn1eb8nfq/yuezhang46/GFcode/GF实验三：顺序模块/gcpcc_logs_GF_RR/run_06_seed_1006
[Data] nodes=1810
[1/7] Load scenarios
  spring: raw_edges=3686 days=31
  summer: raw_edges=3686 days=30
  autumn: raw_edges=3686 days=31
  winter: raw_edges=3686 days=30
[Filter] w_min=1.0
  active=1450 inactive=360(fixed NONE)
  spring: removed=2281 kept=1405
  summer: removed=2206 kept=1480
  autumn: removed=2131 kept=1555
  winter: removed=2189 kept=1497
  spring: filtered_edges=1405
  summer: filtered_edges=1480
  autumn: filtered_edges=1555
  winter: filtered_edges=1497
[2/7] Spatial cut + fragment repair
  spring: K=5 top_sizes=[395, 314, 288, 244, 209] fragments=125
  summer: K=5 top_sizes=[394, 311, 288, 236, 221] fragments=71
  autumn: K=5 top_sizes=[394, 312, 287, 236, 221] fragments=20
  winter: K=5 top_sizes=[394, 313, 286, 236, 221] fragments=53
[3/7] Consensus cut
[ConsensusMerge] med=221 thr=33 merged=4
  components=5 min/med/max=221/288/394
  singleton_components=0
[4/7] Dependency graph + coloring
  color_groups=2 sizes=[2, 3]
  serial_components=5
[5/7] Initialize plan
  init: cost=79295934.07 viol=1918041.4400 obj=1997337374.10
[6/7] Outer iterations

[Run 06 Gen 1] comp=1/5 size=394
[Run 06 Gen 1] fe+=256 fe=256 cost=88689885.53 viol=1231698.6550 obj=1320388540.56

[Run 06 Gen 2] comp=2/5 size=311
[Run 06 Gen 2] fe+=256 fe=512 cost=98452226.33 viol=971909.2996 obj=1070361525.97

[Run 06 Gen 3] comp=3/5 size=288
[Run 06 Gen 3] fe+=256 fe=768 cost=106925202.60 viol=655891.3777 obj=762816580.34

[Run 06 Gen 4] comp=4/5 size=236
[Run 06 Gen 4] fe+=256 fe=1024 cost=116503350.24 viol=327227.9267 obj=443731276.96

[Run 06 Gen 5] comp=5/5 size=221
[Run 06 Gen 5] fe+=256 fe=1280 cost=125897301.37 viol=136100.3318 obj=261997633.18

[Run 06 Gen 6] comp=1/5 size=394
[Run 06 Gen 6] fe+=256 fe=1536 cost=129304912.23 viol=92846.1280 obj=222151040.26

[Run 06 Gen 7] comp=2/5 size=311
[Run 06 Gen 7] fe+=256 fe=1792 cost=133080912.10 viol=74387.0583 obj=207467970.40

[Run 06 Gen 8] comp=3/5 size=288
[Run 06 Gen 8] fe+=256 fe=2048 cost=133541398.53 viol=69409.4808 obj=202950879.28

[Run 06 Gen 9] comp=4/5 size=236
[Run 06 Gen 9] fe+=256 fe=2304 cost=133449301.11 viol=63285.2524 obj=196734553.55

[Run 06 Gen 10] comp=5/5 size=221
[Run 06 Gen 10] fe+=256 fe=2560 cost=132528325.24 viol=60858.8294 obj=193387154.66

[Run 06 Gen 11] comp=1/5 size=394
[Run 06 Gen 11] fe+=256 fe=2816 cost=133541395.85 viol=48627.0187 obj=182168414.50

[Run 06 Gen 12] comp=2/5 size=311
[Run 06 Gen 12] fe+=256 fe=3072 cost=131423153.21 viol=47223.3565 obj=178646509.73

[Run 06 Gen 13] comp=3/5 size=288
[Run 06 Gen 13] fe+=256 fe=3328 cost=130410079.59 viol=46502.2953 obj=176912374.87

[Run 06 Gen 14] comp=4/5 size=236
[Run 06 Gen 14] fe+=256 fe=3584 cost=130317982.84 viol=46202.7696 obj=176520752.40

[Run 06 Gen 15] comp=5/5 size=221
[Run 06 Gen 15] fe+=256 fe=3840 cost=129028616.96 viol=46239.2856 obj=175267902.56

[Run 06 Gen 16] comp=1/5 size=394
[Run 06 Gen 16] fe+=256 fe=4096 cost=129489104.06 viol=43778.3796 obj=173267483.69

[Run 06 Gen 17] comp=2/5 size=311
[Run 06 Gen 17] fe+=256 fe=4352 cost=128752318.36 viol=41463.4193 obj=170215737.65

[Run 06 Gen 18] comp=3/5 size=288
[Run 06 Gen 18] fe+=256 fe=4608 cost=128936514.20 viol=40607.3250 obj=169543839.16

[Run 06 Gen 19] comp=4/5 size=236
[Run 06 Gen 19] fe+=256 fe=4864 cost=127739246.08 viol=39922.5921 obj=167661838.15

[Run 06 Gen 20] comp=5/5 size=221
[Run 06 Gen 20] fe+=256 fe=5120 cost=126818270.21 viol=39385.2164 obj=166203486.63

[Run 06 Gen 21] comp=1/5 size=394
[Run 06 Gen 21] fe+=256 fe=5376 cost=126449879.53 viol=38378.6740 obj=164828553.58

[Run 06 Gen 22] comp=2/5 size=311
[Run 06 Gen 22] fe+=256 fe=5632 cost=125897294.68 viol=38676.8486 obj=164574143.26

[Run 06 Gen 23] comp=3/5 size=288
[Run 06 Gen 23] fe+=256 fe=5888 cost=125068414.90 viol=38209.4142 obj=163277829.06

[Run 06 Gen 24] comp=4/5 size=236
[Run 06 Gen 24] fe+=256 fe=6144 cost=125252609.07 viol=36510.6963 obj=161763305.39

[Run 06 Gen 25] comp=5/5 size=221
[Run 06 Gen 25] fe+=256 fe=6400 cost=124884219.73 viol=36522.8766 obj=161407096.36

[Run 06 Gen 26] comp=1/5 size=394
[Run 06 Gen 26] fe+=256 fe=6656 cost=122489684.49 viol=32390.8341 obj=154880518.63

[Run 06 Gen 27] comp=2/5 size=311
[Run 06 Gen 27] fe+=256 fe=6912 cost=121937098.64 viol=31219.4515 obj=153156550.12

[Run 06 Gen 28] comp=3/5 size=288
[Run 06 Gen 28] fe+=256 fe=7168 cost=122673879.67 viol=30013.4649 obj=152687344.53

[Run 06 Gen 29] comp=4/5 size=236
[Run 06 Gen 29] fe+=256 fe=7424 cost=122213392.90 viol=30365.6769 obj=152579069.78

[Run 06 Gen 30] comp=5/5 size=221
[Run 06 Gen 30] fe+=256 fe=7680 cost=121292416.04 viol=30370.9760 obj=151663392.04

[Run 06 Gen 31] comp=1/5 size=394
[Run 06 Gen 31] fe+=256 fe=7936 cost=122489683.82 viol=24540.1320 obj=147029815.84

[Run 06 Gen 32] comp=2/5 size=311
[Run 06 Gen 32] fe+=256 fe=8192 cost=121292415.70 viol=24219.7258 obj=145512141.52

[Run 06 Gen 33] comp=3/5 size=288
[Run 06 Gen 33] fe+=256 fe=8448 cost=120555635.35 viol=23637.5792 obj=144193214.51

[Run 06 Gen 34] comp=4/5 size=236
[Run 06 Gen 34] fe+=256 fe=8704 cost=120555635.35 viol=23637.5792 obj=144193214.51

[Run 06 Gen 35] comp=5/5 size=221
[Run 06 Gen 35] fe+=256 fe=8960 cost=120279342.09 viol=23419.8044 obj=143699146.52

[Run 06 Gen 36] comp=1/5 size=394
[Run 06 Gen 36] fe+=256 fe=9216 cost=120279342.09 viol=23419.8044 obj=143699146.52

[Run 06 Gen 37] comp=2/5 size=311
[Run 06 Gen 37] fe+=256 fe=9472 cost=120279343.09 viol=23272.8130 obj=143552156.05

[Run 06 Gen 38] comp=3/5 size=288
[Run 06 Gen 38] fe+=256 fe=9728 cost=119266269.81 viol=23452.5337 obj=142718803.50

[Run 06 Gen 39] comp=4/5 size=236
[Run 06 Gen 39] fe+=256 fe=9984 cost=119266269.47 viol=23279.5437 obj=142545813.14

[Run 06 Gen 40] comp=5/5 size=221
[Run 06 Gen 40] fe+=256 fe=10240 cost=118989978.89 viol=23264.5886 obj=142254567.46

[Run 06 Gen 41] comp=1/5 size=394
[Run 06 Gen 41] fe+=256 fe=10496 cost=118805784.38 viol=23281.2282 obj=142087012.62

[Run 06 Gen 42] comp=2/5 size=311
[Run 06 Gen 42] fe+=256 fe=10752 cost=117976906.27 viol=23491.7888 obj=141468695.10

[Run 06 Gen 43] comp=3/5 size=288
[Run 06 Gen 43] fe+=256 fe=11008 cost=117516419.85 viol=23700.4243 obj=141216844.17

[Run 06 Gen 44] comp=4/5 size=236
[Run 06 Gen 44] fe+=256 fe=11264 cost=116687541.40 viol=23588.3354 obj=140275876.85

[Run 06 Gen 45] comp=5/5 size=221
[Run 06 Gen 45] fe+=256 fe=11520 cost=116227052.64 viol=23624.8086 obj=139851861.24

[Run 06 Gen 46] comp=1/5 size=394
[Run 06 Gen 46] fe+=256 fe=11776 cost=116227052.64 viol=23624.8086 obj=139851861.24

[Run 06 Gen 47] comp=2/5 size=311
[Run 06 Gen 47] fe+=256 fe=12032 cost=116595443.65 viol=23122.4905 obj=139717934.17

[Run 06 Gen 48] comp=3/5 size=288
[Run 06 Gen 48] fe+=256 fe=12288 cost=116134956.22 viol=23063.2287 obj=139198184.90

[Run 06 Gen 49] comp=4/5 size=236
[Run 06 Gen 49] fe+=256 fe=12544 cost=116134956.22 viol=23063.2287 obj=139198184.90

[Run 06 Gen 50] comp=5/5 size=221
[Run 06 Gen 50] fe+=256 fe=12800 cost=115858663.29 viol=22968.7062 obj=138827369.47
[Stop] reached max_outer_gen=50
[7/7] Write outputs
[Done] summary=/work/home/acn1eb8nfq/yuezhang46/GFcode/GF实验三：顺序模块/gcpcc_logs_GF_RR/run_06_seed_1006/runs_summary.csv
