[RunConfig] run_id=13 seed=1013
[OutputDir] /work/home/acn1eb8nfq/yuezhang46/GFcode/GF实验三：顺序模块/gcpcc_logs_GF_RR/run_13_seed_1013
[Data] nodes=1810
[1/7] Load scenarios
  spring: raw_edges=3686 days=31
  summer: raw_edges=3686 days=30
  autumn: raw_edges=3686 days=31
  winter: raw_edges=3686 days=30
[Filter] w_min=1.0
  active=1450 inactive=360(fixed NONE)
  spring: removed=2281 kept=1405
  summer: removed=2206 kept=1480
  autumn: removed=2131 kept=1555
  winter: removed=2189 kept=1497
  spring: filtered_edges=1405
  summer: filtered_edges=1480
  autumn: filtered_edges=1555
  winter: filtered_edges=1497
[2/7] Spatial cut + fragment repair
  spring: K=5 top_sizes=[395, 314, 288, 244, 209] fragments=125
  summer: K=5 top_sizes=[394, 311, 288, 236, 221] fragments=71
  autumn: K=5 top_sizes=[394, 312, 287, 236, 221] fragments=20
  winter: K=5 top_sizes=[394, 313, 286, 236, 221] fragments=53
[3/7] Consensus cut
[ConsensusMerge] med=221 thr=33 merged=4
  components=5 min/med/max=221/288/394
  singleton_components=0
[4/7] Dependency graph + coloring
  color_groups=2 sizes=[2, 3]
  serial_components=5
[5/7] Initialize plan
  init: cost=80677395.35 viol=1779058.3674 obj=1859735762.79
[6/7] Outer iterations

[Run 13 Gen 1] comp=1/5 size=394
[Run 13 Gen 1] fe+=256 fe=256 cost=91360715.03 viol=1231151.9821 obj=1322512697.11

[Run 13 Gen 2] comp=2/5 size=311
[Run 13 Gen 2] fe+=256 fe=512 cost=99096910.94 viol=1040143.4496 obj=1139240360.50

[Run 13 Gen 3] comp=3/5 size=288
[Run 13 Gen 3] fe+=256 fe=768 cost=108767157.34 viol=697334.6515 obj=806101808.86

[Run 13 Gen 4] comp=4/5 size=236
[Run 13 Gen 4] fe+=256 fe=1024 cost=116227059.32 viol=327329.1402 obj=443556199.50

[Run 13 Gen 5] comp=5/5 size=221
[Run 13 Gen 5] fe+=256 fe=1280 cost=122581791.61 viol=184606.5796 obj=307188371.20

[Run 13 Gen 6] comp=1/5 size=394
[Run 13 Gen 6] fe+=256 fe=1536 cost=124700034.25 viol=118193.1087 obj=242893142.93

[Run 13 Gen 7] comp=2/5 size=311
[Run 13 Gen 7] fe+=256 fe=1792 cost=125713107.53 viol=109743.9484 obj=235457055.93

[Run 13 Gen 8] comp=3/5 size=288
[Run 13 Gen 8] fe+=256 fe=2048 cost=124700031.24 viol=81960.5462 obj=206660577.43

[Run 13 Gen 9] comp=4/5 size=236
[Run 13 Gen 9] fe+=256 fe=2304 cost=124792127.33 viol=64798.9319 obj=189591059.24

[Run 13 Gen 10] comp=5/5 size=221
[Run 13 Gen 10] fe+=256 fe=2560 cost=122029201.07 viol=64079.4508 obj=186108651.85

[Run 13 Gen 11] comp=1/5 size=394
[Run 13 Gen 11] fe+=256 fe=2816 cost=122121297.82 viol=59263.6360 obj=181384933.81

[Run 13 Gen 12] comp=2/5 size=311
[Run 13 Gen 12] fe+=256 fe=3072 cost=121937101.98 viol=56825.5219 obj=178762623.92

[Run 13 Gen 13] comp=3/5 size=288
[Run 13 Gen 13] fe+=256 fe=3328 cost=122581784.25 viol=54126.2395 obj=176708023.70

[Run 13 Gen 14] comp=4/5 size=236
[Run 13 Gen 14] fe+=256 fe=3584 cost=123226466.85 viol=48845.6483 obj=172072115.19

[Run 13 Gen 15] comp=5/5 size=221
[Run 13 Gen 15] fe+=256 fe=3840 cost=122213394.24 viol=48557.9772 obj=170771371.42

[Run 13 Gen 16] comp=1/5 size=394
[Run 13 Gen 16] fe+=256 fe=4096 cost=123134372.11 viol=45099.8389 obj=168234211.01

[Run 13 Gen 17] comp=2/5 size=311
[Run 13 Gen 17] fe+=256 fe=4352 cost=123410663.70 viol=42785.1752 obj=166195838.92

[Run 13 Gen 18] comp=3/5 size=288
[Run 13 Gen 18] fe+=256 fe=4608 cost=123410664.70 viol=41552.3197 obj=164962984.43

[Run 13 Gen 19] comp=4/5 size=236
[Run 13 Gen 19] fe+=256 fe=4864 cost=123963249.55 viol=39399.5432 obj=163362792.74

[Run 13 Gen 20] comp=5/5 size=221
[Run 13 Gen 20] fe+=256 fe=5120 cost=123134370.77 viol=39286.3507 obj=162420721.42

[Run 13 Gen 21] comp=1/5 size=394
[Run 13 Gen 21] fe+=256 fe=5376 cost=122213395.58 viol=37556.6495 obj=159770045.12

[Run 13 Gen 22] comp=2/5 size=311
[Run 13 Gen 22] fe+=256 fe=5632 cost=120739833.86 viol=37894.6207 obj=158634454.54

[Run 13 Gen 23] comp=3/5 size=288
[Run 13 Gen 23] fe+=256 fe=5888 cost=120647734.77 viol=37126.9907 obj=157774725.48

[Run 13 Gen 24] comp=4/5 size=236
[Run 13 Gen 24] fe+=256 fe=6144 cost=119450466.99 viol=37043.6484 obj=156494115.43

[Run 13 Gen 25] comp=5/5 size=221
[Run 13 Gen 25] fe+=256 fe=6400 cost=118897882.14 viol=37073.3965 obj=155971278.67

[Run 13 Gen 26] comp=1/5 size=394
[Run 13 Gen 26] fe+=256 fe=6656 cost=118713685.29 viol=34144.0936 obj=152857778.92

[Run 13 Gen 27] comp=2/5 size=311
[Run 13 Gen 27] fe+=256 fe=6912 cost=118713685.63 viol=34068.4212 obj=152782106.80

[Run 13 Gen 28] comp=3/5 size=288
[Run 13 Gen 28] fe+=256 fe=7168 cost=118713687.97 viol=33731.1080 obj=152444796.00

[Run 13 Gen 29] comp=4/5 size=236
[Run 13 Gen 29] fe+=256 fe=7424 cost=118253200.20 viol=33848.9660 obj=152102166.22

[Run 13 Gen 30] comp=5/5 size=221
[Run 13 Gen 30] fe+=256 fe=7680 cost=118253200.20 viol=33848.9660 obj=152102166.22

[Run 13 Gen 31] comp=1/5 size=394
[Run 13 Gen 31] fe+=256 fe=7936 cost=118897883.14 viol=30767.5606 obj=149665443.76

[Run 13 Gen 32] comp=2/5 size=311
[Run 13 Gen 32] fe+=256 fe=8192 cost=118897883.14 viol=30767.5606 obj=149665443.76

[Run 13 Gen 33] comp=3/5 size=288
[Run 13 Gen 33] fe+=256 fe=8448 cost=118621591.22 viol=30516.2065 obj=149137797.67

[Run 13 Gen 34] comp=4/5 size=236
[Run 13 Gen 34] fe+=256 fe=8704 cost=118621591.22 viol=30516.2065 obj=149137797.67

[Run 13 Gen 35] comp=5/5 size=221
[Run 13 Gen 35] fe+=256 fe=8960 cost=118621590.55 viol=30512.8321 obj=149134422.65

[Run 13 Gen 36] comp=1/5 size=394
[Run 13 Gen 36] fe+=256 fe=9216 cost=118897883.47 viol=26780.0287 obj=145677912.13

[Run 13 Gen 37] comp=2/5 size=311
[Run 13 Gen 37] fe+=256 fe=9472 cost=117884810.53 viol=26895.7445 obj=144780555.03

[Run 13 Gen 38] comp=3/5 size=288
[Run 13 Gen 38] fe+=256 fe=9728 cost=117884809.86 viol=26630.3037 obj=144515113.52

[Run 13 Gen 39] comp=4/5 size=236
[Run 13 Gen 39] fe+=256 fe=9984 cost=117884809.86 viol=26235.2571 obj=144120066.94

[Run 13 Gen 40] comp=5/5 size=221
[Run 13 Gen 40] fe+=256 fe=10240 cost=117148028.83 viol=26919.9724 obj=144068001.28

[Run 13 Gen 41] comp=1/5 size=394
[Run 13 Gen 41] fe+=256 fe=10496 cost=116779638.49 viol=25291.1481 obj=142070786.59

[Run 13 Gen 42] comp=2/5 size=311
[Run 13 Gen 42] fe+=256 fe=10752 cost=116779638.49 viol=25291.1481 obj=142070786.59

[Run 13 Gen 43] comp=3/5 size=288
[Run 13 Gen 43] fe+=256 fe=11008 cost=116411247.47 viol=25494.0259 obj=141905273.34

[Run 13 Gen 44] comp=4/5 size=236
[Run 13 Gen 44] fe+=256 fe=11264 cost=115766564.20 viol=25395.6251 obj=141162189.27

[Run 13 Gen 45] comp=5/5 size=221
[Run 13 Gen 45] fe+=256 fe=11520 cost=115858662.96 viol=24629.0720 obj=140487734.95

[Run 13 Gen 46] comp=1/5 size=394
[Run 13 Gen 46] fe+=256 fe=11776 cost=115490272.28 viol=24557.5412 obj=140047813.53

[Run 13 Gen 47] comp=2/5 size=311
[Run 13 Gen 47] fe+=256 fe=12032 cost=115398174.19 viol=24488.2063 obj=139886380.51

[Run 13 Gen 48] comp=3/5 size=288
[Run 13 Gen 48] fe+=256 fe=12288 cost=114937687.10 viol=24817.5926 obj=139755279.74

[Run 13 Gen 49] comp=4/5 size=236
[Run 13 Gen 49] fe+=256 fe=12544 cost=114661395.17 viol=25001.5711 obj=139662966.30

[Run 13 Gen 50] comp=5/5 size=221
[Run 13 Gen 50] fe+=256 fe=12800 cost=114385102.58 viol=25062.3931 obj=139447495.71
[Stop] reached max_outer_gen=50
[7/7] Write outputs
[Done] summary=/work/home/acn1eb8nfq/yuezhang46/GFcode/GF实验三：顺序模块/gcpcc_logs_GF_RR/run_13_seed_1013/runs_summary.csv
