[RunConfig] run_id=22 seed=1022
[OutputDir] /work/home/acn1eb8nfq/yuezhang46/UScode/US实验二：分解模块/gcpcc_logs_US_GG/run_22_seed_1022
[Data] nodes=4301
[1/7] Load scenarios
  2020: raw_edges=5296 days=366
  2025: raw_edges=5296 days=365
  2030: raw_edges=5296 days=365
  2035: raw_edges=5296 days=365
  2040: raw_edges=5296 days=366
[Filter] w_min=1.0
  active=2914 inactive=1387(fixed NONE)
  2020: removed=2048 kept=3248
  2025: removed=2048 kept=3248
  2030: removed=2048 kept=3248
  2035: removed=2048 kept=3248
  2040: removed=2048 kept=3248
  2020: filtered_edges=3248
  2025: filtered_edges=3248
  2030: filtered_edges=3248
  2035: filtered_edges=3248
  2040: filtered_edges=3248
[2/7] US 4-region decomposition by longitude/latitude
  region_sizes=west:532, midwest:806, south:1199, northeast:377
[3/7] Components summary
  components=4 min/med/max=377/669/1199
  singleton_components=0
[4/7] Dependency graph + coloring
  color_groups=3 sizes=[1, 1, 2]
[5/7] Initialize plan
  init: cost=1785072808.22 viol=3120556004.0186 obj=3122341076826.80
[6/7] Outer iterations

[Run 22 Gen 1] group=0 comps=1
[Run 22 Gen 1] fe+=256 fe=256 cost=2209830068.49 viol=2789466725.9892 obj=2791676556057.74

[Run 22 Gen 2] group=1 comps=1
[Run 22 Gen 2] fe+=256 fe=512 cost=2846490684.93 viol=2365008098.7912 obj=2367854589476.08

[Run 22 Gen 3] group=2 comps=2
[Run 22 Gen 3] fe+=256 fe=768 cost=3279473849.32 viol=2025357228.5343 obj=2028636702383.62

[Run 22 Gen 4] group=0 comps=1
[Run 22 Gen 4] fe+=256 fe=1024 cost=3435169753.42 viol=1950365714.1204 obj=1953800883873.82

[Run 22 Gen 5] group=1 comps=1
[Run 22 Gen 5] fe+=256 fe=1280 cost=3573713410.96 viol=1858130007.3389 obj=1861703720749.83

[Run 22 Gen 6] group=2 comps=2
[Run 22 Gen 6] fe+=256 fe=1536 cost=3745261506.85 viol=1778555038.6297 obj=1782300300136.55

[Run 22 Gen 7] group=0 comps=1
[Run 22 Gen 7] fe+=256 fe=1792 cost=3800819068.49 viol=1734538385.0977 obj=1738339204166.18

[Run 22 Gen 8] group=1 comps=1
[Run 22 Gen 8] fe+=256 fe=2048 cost=3789017534.25 viol=1725912819.3061 obj=1729701836840.39

[Run 22 Gen 9] group=2 comps=2
[Run 22 Gen 9] fe+=256 fe=2304 cost=3851026027.40 viol=1689481616.3448 obj=1693332642372.22

[Run 22 Gen 10] group=0 comps=1
[Run 22 Gen 10] fe+=256 fe=2560 cost=3916634849.32 viol=1659203539.9984 obj=1663120174847.73

[Run 22 Gen 11] group=1 comps=1
[Run 22 Gen 11] fe+=256 fe=2816 cost=3943013438.36 viol=1646336863.8006 obj=1650279877238.97

[Run 22 Gen 12] group=2 comps=2
[Run 22 Gen 12] fe+=256 fe=3072 cost=3944638575.34 viol=1622673316.0581 obj=1626617954633.40

[Run 22 Gen 13] group=0 comps=1
[Run 22 Gen 13] fe+=256 fe=3328 cost=3966291479.45 viol=1613994559.6116 obj=1617960851091.09

[Run 22 Gen 14] group=1 comps=1
[Run 22 Gen 14] fe+=256 fe=3584 cost=4006446794.52 viol=1582024565.8012 obj=1586031012595.77

[Run 22 Gen 15] group=2 comps=2
[Run 22 Gen 15] fe+=256 fe=3840 cost=4037325986.30 viol=1560965047.4417 obj=1565002373427.98

[Run 22 Gen 16] group=0 comps=1
[Run 22 Gen 16] fe+=256 fe=4096 cost=4038376150.68 viol=1554116527.2569 obj=1558154903407.62

[Run 22 Gen 17] group=1 comps=1
[Run 22 Gen 17] fe+=256 fe=4352 cost=4059504082.19 viol=1537155533.1920 obj=1541215037274.18

[Run 22 Gen 18] group=2 comps=2
[Run 22 Gen 18] fe+=256 fe=4608 cost=4081432013.70 viol=1533836118.7363 obj=1537917550749.95

[Run 22 Gen 19] group=0 comps=1
[Run 22 Gen 19] fe+=256 fe=4864 cost=4081432013.70 viol=1533836118.7363 obj=1537917550749.95

[Run 22 Gen 20] group=1 comps=1
[Run 22 Gen 20] fe+=256 fe=5120 cost=4081432013.70 viol=1533836118.7363 obj=1537917550749.95

[Run 22 Gen 21] group=2 comps=2
[Run 22 Gen 21] fe+=256 fe=5376 cost=4079331794.52 viol=1526286869.5750 obj=1530366201369.48

[Run 22 Gen 22] group=0 comps=1
[Run 22 Gen 22] fe+=256 fe=5632 cost=4079331794.52 viol=1526286869.5750 obj=1530366201369.48

[Run 22 Gen 23] group=1 comps=1
[Run 22 Gen 23] fe+=256 fe=5888 cost=4080857041.10 viol=1521399703.4028 obj=1525480560443.92

[Run 22 Gen 24] group=2 comps=2
[Run 22 Gen 24] fe+=256 fe=6144 cost=4102409945.21 viol=1501108260.8470 obj=1505210670792.22

[Run 22 Gen 25] group=0 comps=1
[Run 22 Gen 25] fe+=256 fe=6400 cost=4117361917.81 viol=1500703889.9846 obj=1504821251902.42

[Run 22 Gen 26] group=1 comps=1
[Run 22 Gen 26] fe+=256 fe=6656 cost=4126213068.49 viol=1497007123.3075 obj=1501133336376.02

[Run 22 Gen 27] group=2 comps=2
[Run 22 Gen 27] fe+=256 fe=6912 cost=4103284972.60 viol=1496863498.7526 obj=1500966783725.24

[Run 22 Gen 28] group=0 comps=1
[Run 22 Gen 28] fe+=256 fe=7168 cost=4111036013.70 viol=1483388472.8819 obj=1487499508895.59

[Run 22 Gen 29] group=1 comps=1
[Run 22 Gen 29] fe+=256 fe=7424 cost=4111036013.70 viol=1483388472.8819 obj=1487499508895.59

[Run 22 Gen 30] group=2 comps=2
[Run 22 Gen 30] fe+=256 fe=7680 cost=4111036013.70 viol=1483388472.8819 obj=1487499508895.59

[Run 22 Gen 31] group=0 comps=1
[Run 22 Gen 31] fe+=256 fe=7936 cost=4131613726.03 viol=1476119025.7060 obj=1480250639432.01

[Run 22 Gen 32] group=1 comps=1
[Run 22 Gen 32] fe+=256 fe=8192 cost=4147265808.22 viol=1471236730.4022 obj=1475383996210.46

[Run 22 Gen 33] group=2 comps=2
[Run 22 Gen 33] fe+=256 fe=8448 cost=4157292150.68 viol=1465685281.5851 obj=1469842573735.75

[Run 22 Gen 34] group=0 comps=1
[Run 22 Gen 34] fe+=256 fe=8704 cost=4157292150.68 viol=1465685281.5851 obj=1469842573735.75

[Run 22 Gen 35] group=1 comps=1
[Run 22 Gen 35] fe+=256 fe=8960 cost=4175044561.64 viol=1455938561.6199 obj=1460113606181.56

[Run 22 Gen 36] group=2 comps=2
[Run 22 Gen 36] fe+=256 fe=9216 cost=4176069698.63 viol=1454025860.0515 obj=1458201929750.15

[Run 22 Gen 37] group=0 comps=1
[Run 22 Gen 37] fe+=256 fe=9472 cost=4176069698.63 viol=1454025860.0515 obj=1458201929750.15

[Run 22 Gen 38] group=1 comps=1
[Run 22 Gen 38] fe+=256 fe=9728 cost=4176069698.63 viol=1454025860.0515 obj=1458201929750.15

[Run 22 Gen 39] group=2 comps=2
[Run 22 Gen 39] fe+=256 fe=9984 cost=4196022383.56 viol=1447631726.7492 obj=1451827749132.73

[Run 22 Gen 40] group=0 comps=1
[Run 22 Gen 40] fe+=256 fe=10240 cost=4177469917.81 viol=1447029064.8006 obj=1451206534718.38

[Run 22 Gen 41] group=1 comps=1
[Run 22 Gen 41] fe+=256 fe=10496 cost=4159392479.45 viol=1444811076.9618 obj=1448970469441.30

[Run 22 Gen 42] group=2 comps=2
[Run 22 Gen 42] fe+=256 fe=10752 cost=4171019041.10 viol=1438541990.4505 obj=1442713009491.59

[Run 22 Gen 43] group=0 comps=1
[Run 22 Gen 43] fe+=256 fe=11008 cost=4171019041.10 viol=1438541990.4505 obj=1442713009491.59

[Run 22 Gen 44] group=1 comps=1
[Run 22 Gen 44] fe+=256 fe=11264 cost=4171019041.10 viol=1438541990.4505 obj=1442713009491.59

[Run 22 Gen 45] group=2 comps=2
[Run 22 Gen 45] fe+=256 fe=11520 cost=4172369260.27 viol=1436861971.3041 obj=1441034340564.42

[Run 22 Gen 46] group=0 comps=1
[Run 22 Gen 46] fe+=256 fe=11776 cost=4164968273.97 viol=1433329638.0234 obj=1437494606297.42

[Run 22 Gen 47] group=1 comps=1
[Run 22 Gen 47] fe+=256 fe=12032 cost=4164968273.97 viol=1433329638.0234 obj=1437494606297.42

[Run 22 Gen 48] group=2 comps=2
[Run 22 Gen 48] fe+=256 fe=12288 cost=4164968273.97 viol=1433329638.0234 obj=1437494606297.42

[Run 22 Gen 49] group=0 comps=1
[Run 22 Gen 49] fe+=256 fe=12544 cost=4164968273.97 viol=1433329638.0234 obj=1437494606297.42

[Run 22 Gen 50] group=1 comps=1
[Run 22 Gen 50] fe+=256 fe=12800 cost=4164968273.97 viol=1433329638.0234 obj=1437494606297.42
[Stop] reached max_outer_gen=50
[7/7] Write outputs
[Done] summary=/work/home/acn1eb8nfq/yuezhang46/UScode/US实验二：分解模块/gcpcc_logs_US_GG/run_22_seed_1022/runs_summary.csv
