[RunConfig] run_id=1 seed=1001
[OutputDir] /work/home/acn1eb8nfq/yuezhang46/UScode/US实验二：分解模块/gcpcc_logs_US_GG/run_01_seed_1001
[Data] nodes=4301
[1/7] Load scenarios
  2020: raw_edges=5296 days=366
  2025: raw_edges=5296 days=365
  2030: raw_edges=5296 days=365
  2035: raw_edges=5296 days=365
  2040: raw_edges=5296 days=366
[Filter] w_min=1.0
  active=2914 inactive=1387(fixed NONE)
  2020: removed=2048 kept=3248
  2025: removed=2048 kept=3248
  2030: removed=2048 kept=3248
  2035: removed=2048 kept=3248
  2040: removed=2048 kept=3248
  2020: filtered_edges=3248
  2025: filtered_edges=3248
  2030: filtered_edges=3248
  2035: filtered_edges=3248
  2040: filtered_edges=3248
[2/7] US 4-region decomposition by longitude/latitude
  region_sizes=west:532, midwest:806, south:1199, northeast:377
[3/7] Components summary
  components=4 min/med/max=377/669/1199
  singleton_components=0
[4/7] Dependency graph + coloring
  color_groups=3 sizes=[1, 1, 2]
[5/7] Initialize plan
  init: cost=1827328835.62 viol=3096215006.1218 obj=3098042334957.43
[6/7] Outer iterations

[Run 01 Gen 1] group=0 comps=1
[Run 01 Gen 1] fe+=256 fe=256 cost=2287415616.44 viol=2779224441.5056 obj=2781511857122.01

[Run 01 Gen 2] group=1 comps=1
[Run 01 Gen 2] fe+=256 fe=512 cost=2924301315.07 viol=2376430941.2187 obj=2379355242533.76

[Run 01 Gen 3] group=2 comps=2
[Run 01 Gen 3] fe+=256 fe=768 cost=3418342589.04 viol=2022091953.3080 obj=2025510295897.09

[Run 01 Gen 4] group=0 comps=1
[Run 01 Gen 4] fe+=256 fe=1024 cost=3546984986.30 viol=1928885555.0861 obj=1932432540072.37

[Run 01 Gen 5] group=1 comps=1
[Run 01 Gen 5] fe+=256 fe=1280 cost=3668551479.45 viol=1842730399.7522 obj=1846398951231.61

[Run 01 Gen 6] group=2 comps=2
[Run 01 Gen 6] fe+=256 fe=1536 cost=3781241794.52 viol=1752058018.1554 obj=1755839259949.92

[Run 01 Gen 7] group=0 comps=1
[Run 01 Gen 7] fe+=256 fe=1792 cost=3802494698.63 viol=1726693988.5213 obj=1730496483219.90

[Run 01 Gen 8] group=1 comps=1
[Run 01 Gen 8] fe+=256 fe=2048 cost=3837574493.15 viol=1693859762.5047 obj=1697697336997.85

[Run 01 Gen 9] group=2 comps=2
[Run 01 Gen 9] fe+=256 fe=2304 cost=3920235616.44 viol=1647852719.0582 obj=1651772954674.65

[Run 01 Gen 10] group=0 comps=1
[Run 01 Gen 10] fe+=256 fe=2560 cost=3962916287.67 viol=1627465641.4641 obj=1631428557751.79

[Run 01 Gen 11] group=1 comps=1
[Run 01 Gen 11] fe+=256 fe=2816 cost=4013172917.81 viol=1580709649.7750 obj=1584722822692.80

[Run 01 Gen 12] group=2 comps=2
[Run 01 Gen 12] fe+=256 fe=3072 cost=4048477684.93 viol=1544061532.8877 obj=1548110010572.60

[Run 01 Gen 13] group=0 comps=1
[Run 01 Gen 13] fe+=256 fe=3328 cost=4047452493.15 viol=1538851996.6339 obj=1542899449127.01

[Run 01 Gen 14] group=1 comps=1
[Run 01 Gen 14] fe+=256 fe=3584 cost=4063579657.53 viol=1531333430.8096 obj=1535397010467.13

[Run 01 Gen 15] group=2 comps=2
[Run 01 Gen 15] fe+=256 fe=3840 cost=4090633273.97 viol=1522322381.0499 obj=1526413014323.83

[Run 01 Gen 16] group=0 comps=1
[Run 01 Gen 16] fe+=256 fe=4096 cost=4087732890.41 viol=1517812469.5017 obj=1521900202392.08

[Run 01 Gen 17] group=1 comps=1
[Run 01 Gen 17] fe+=256 fe=4352 cost=4087732890.41 viol=1517812469.5017 obj=1521900202392.08

[Run 01 Gen 18] group=2 comps=2
[Run 01 Gen 18] fe+=256 fe=4608 cost=4087732890.41 viol=1517812469.5017 obj=1521900202392.08

[Run 01 Gen 19] group=0 comps=1
[Run 01 Gen 19] fe+=256 fe=4864 cost=4087732890.41 viol=1517812469.5017 obj=1521900202392.08

[Run 01 Gen 20] group=1 comps=1
[Run 01 Gen 20] fe+=256 fe=5120 cost=4089983219.18 viol=1510074449.2870 obj=1514164432506.16

[Run 01 Gen 21] group=2 comps=2
[Run 01 Gen 21] fe+=256 fe=5376 cost=4101584808.22 viol=1509728429.7697 obj=1513830014577.92

[Run 01 Gen 22] group=0 comps=1
[Run 01 Gen 22] fe+=256 fe=5632 cost=4109610876.71 viol=1506952401.9074 obj=1511062012784.16

[Run 01 Gen 23] group=1 comps=1
[Run 01 Gen 23] fe+=256 fe=5888 cost=4103310054.79 viol=1504258376.0929 obj=1508361686147.71

[Run 01 Gen 24] group=2 comps=2
[Run 01 Gen 24] fe+=256 fe=6144 cost=4107385575.34 viol=1493857656.8096 obj=1497965042384.96

[Run 01 Gen 25] group=0 comps=1
[Run 01 Gen 25] fe+=256 fe=6400 cost=4111511095.89 viol=1491917883.5664 obj=1496029394662.26

[Run 01 Gen 26] group=1 comps=1
[Run 01 Gen 26] fe+=256 fe=6656 cost=4111511095.89 viol=1491917883.5664 obj=1496029394662.26

[Run 01 Gen 27] group=2 comps=2
[Run 01 Gen 27] fe+=256 fe=6912 cost=4119062136.99 viol=1491227050.3449 obj=1495346112481.92

[Run 01 Gen 28] group=0 comps=1
[Run 01 Gen 28] fe+=256 fe=7168 cost=4137614712.33 viol=1486637321.9138 obj=1490774936626.15

[Run 01 Gen 29] group=1 comps=1
[Run 01 Gen 29] fe+=256 fe=7424 cost=4144565643.84 viol=1482402877.2600 obj=1486547442903.85

[Run 01 Gen 30] group=2 comps=2
[Run 01 Gen 30] fe+=256 fe=7680 cost=4140465095.89 viol=1480926696.9014 obj=1485067161997.31

[Run 01 Gen 31] group=0 comps=1
[Run 01 Gen 31] fe+=256 fe=7936 cost=4138514821.92 viol=1477783394.7981 obj=1481921909620.04

[Run 01 Gen 32] group=1 comps=1
[Run 01 Gen 32] fe+=256 fe=8192 cost=4138514821.92 viol=1477783394.7981 obj=1481921909620.04

[Run 01 Gen 33] group=2 comps=2
[Run 01 Gen 33] fe+=256 fe=8448 cost=4138514821.92 viol=1477783394.7981 obj=1481921909620.04

[Run 01 Gen 34] group=0 comps=1
[Run 01 Gen 34] fe+=256 fe=8704 cost=4172569424.66 viol=1465020736.7101 obj=1469193306134.71

[Run 01 Gen 35] group=1 comps=1
[Run 01 Gen 35] fe+=256 fe=8960 cost=4187696479.45 viol=1461468459.5072 obj=1465656155986.70

[Run 01 Gen 36] group=2 comps=2
[Run 01 Gen 36] fe+=256 fe=9216 cost=4205748890.41 viol=1457450178.1863 obj=1461655927076.72

[Run 01 Gen 37] group=0 comps=1
[Run 01 Gen 37] fe+=256 fe=9472 cost=4205748890.41 viol=1457450178.1863 obj=1461655927076.72

[Run 01 Gen 38] group=1 comps=1
[Run 01 Gen 38] fe+=256 fe=9728 cost=4205748890.41 viol=1457450178.1863 obj=1461655927076.72

[Run 01 Gen 39] group=2 comps=2
[Run 01 Gen 39] fe+=256 fe=9984 cost=4209349383.56 viol=1454500546.7599 obj=1458709896143.51

[Run 01 Gen 40] group=0 comps=1
[Run 01 Gen 40] fe+=256 fe=10240 cost=4208124191.78 viol=1449929942.1204 obj=1454138066312.16

[Run 01 Gen 41] group=1 comps=1
[Run 01 Gen 41] fe+=256 fe=10496 cost=4209899438.36 viol=1449763289.9863 obj=1453973189424.66

[Run 01 Gen 42] group=2 comps=2
[Run 01 Gen 42] fe+=256 fe=10752 cost=4203673589.04 viol=1445668779.3618 obj=1449872452950.80

[Run 01 Gen 43] group=0 comps=1
[Run 01 Gen 43] fe+=256 fe=11008 cost=4207549109.59 viol=1440388004.6590 obj=1444595553768.59

[Run 01 Gen 44] group=1 comps=1
[Run 01 Gen 44] fe+=256 fe=11264 cost=4214775068.49 viol=1440242899.7966 obj=1444457674865.08

[Run 01 Gen 45] group=2 comps=2
[Run 01 Gen 45] fe+=256 fe=11520 cost=4224251356.16 viol=1437434283.3591 obj=1441658534715.24

[Run 01 Gen 46] group=0 comps=1
[Run 01 Gen 46] fe+=256 fe=11776 cost=4224251356.16 viol=1437434283.3591 obj=1441658534715.24

[Run 01 Gen 47] group=1 comps=1
[Run 01 Gen 47] fe+=256 fe=12032 cost=4224251356.16 viol=1437434283.3591 obj=1441658534715.24

[Run 01 Gen 48] group=2 comps=2
[Run 01 Gen 48] fe+=256 fe=12288 cost=4224251356.16 viol=1437434283.3591 obj=1441658534715.24

[Run 01 Gen 49] group=0 comps=1
[Run 01 Gen 49] fe+=256 fe=12544 cost=4232527424.66 viol=1436868543.0220 obj=1441101070446.71

[Run 01 Gen 50] group=1 comps=1
[Run 01 Gen 50] fe+=256 fe=12800 cost=4273582904.11 viol=1428414499.4482 obj=1432688082352.35
[Stop] reached max_outer_gen=50
[7/7] Write outputs
[Done] summary=/work/home/acn1eb8nfq/yuezhang46/UScode/US实验二：分解模块/gcpcc_logs_US_GG/run_01_seed_1001/runs_summary.csv
