[RunConfig] run_id=11 seed=1011
[OutputDir] /work/home/acn1eb8nfq/yuezhang46/UScode/US实验二：分解模块/gcpcc_logs_US_RG/run_11_seed_1011
[Data] nodes=4301
[1/7] Load scenarios
  2020: raw_edges=5296 days=366
  2025: raw_edges=5296 days=365
  2030: raw_edges=5296 days=365
  2035: raw_edges=5296 days=365
  2040: raw_edges=5296 days=366
[Filter] w_min=1.0
  active=2914 inactive=1387(fixed NONE)
  2020: removed=2048 kept=3248
  2025: removed=2048 kept=3248
  2030: removed=2048 kept=3248
  2035: removed=2048 kept=3248
  2040: removed=2048 kept=3248
  2020: filtered_edges=3248
  2025: filtered_edges=3248
  2030: filtered_edges=3248
  2035: filtered_edges=3248
  2040: filtered_edges=3248
[2/7] Decomposition: random grouping (fixed preprocessing)
  random_groups=5 group_size=582
  components=5 min/med/max=582/583/583
  singleton_components=0
[4/7] Dependency graph + coloring
  color_groups=5 sizes=[1, 1, 1, 1, 1]
[5/7] Initialize plan
  init: cost=1787648383.56 viol=3121507304.2245 obj=3123294952608.06
[6/7] Outer iterations

[Run 11 Gen 1] group=0 comps=1
[Run 11 Gen 1] fe+=256 fe=256 cost=2004777424.66 viol=2965909833.8402 obj=2967914611264.84

[Run 11 Gen 2] group=1 comps=1
[Run 11 Gen 2] fe+=256 fe=512 cost=2315619232.88 viol=2762309537.1658 obj=2764625156398.70

[Run 11 Gen 3] group=2 comps=1
[Run 11 Gen 3] fe+=256 fe=768 cost=2612509232.88 viol=2533357524.0165 obj=2535970033249.34

[Run 11 Gen 4] group=3 comps=1
[Run 11 Gen 4] fe+=256 fe=1024 cost=2912449561.64 viol=2335052650.4354 obj=2337965099997.00

[Run 11 Gen 5] group=4 comps=1
[Run 11 Gen 5] fe+=256 fe=1280 cost=3172559547.95 viol=2178673215.2971 obj=2181845774845.08

[Run 11 Gen 6] group=0 comps=1
[Run 11 Gen 6] fe+=256 fe=1536 cost=3269372589.04 viol=2103678311.2491 obj=2106947683838.19

[Run 11 Gen 7] group=1 comps=1
[Run 11 Gen 7] fe+=256 fe=1792 cost=3353708958.90 viol=2038897936.4869 obj=2042251645445.77

[Run 11 Gen 8] group=2 comps=1
[Run 11 Gen 8] fe+=256 fe=2048 cost=3474900315.07 viol=1972391430.7761 obj=1975866331091.21

[Run 11 Gen 9] group=3 comps=1
[Run 11 Gen 9] fe+=256 fe=2304 cost=3541809301.37 viol=1931831301.1832 obj=1935373110484.58

[Run 11 Gen 10] group=4 comps=1
[Run 11 Gen 10] fe+=256 fe=2560 cost=3623195287.67 viol=1864182053.5433 obj=1867805248830.94

[Run 11 Gen 11] group=0 comps=1
[Run 11 Gen 11] fe+=256 fe=2816 cost=3662175575.34 viol=1852330593.4338 obj=1855992769009.14

[Run 11 Gen 12] group=1 comps=1
[Run 11 Gen 12] fe+=256 fe=3072 cost=3672651972.60 viol=1846183320.0077 obj=1849855971980.29

[Run 11 Gen 13] group=2 comps=1
[Run 11 Gen 13] fe+=256 fe=3328 cost=3696430232.88 viol=1838371970.1156 obj=1842068400348.47

[Run 11 Gen 14] group=3 comps=1
[Run 11 Gen 14] fe+=256 fe=3584 cost=3771115342.47 viol=1793458166.9967 obj=1797229282339.19

[Run 11 Gen 15] group=4 comps=1
[Run 11 Gen 15] fe+=256 fe=3840 cost=3797193821.92 viol=1769786515.2015 obj=1773583709023.43

[Run 11 Gen 16] group=0 comps=1
[Run 11 Gen 16] fe+=256 fe=4096 cost=3817721589.04 viol=1739276316.7169 obj=1743094038305.91

[Run 11 Gen 17] group=1 comps=1
[Run 11 Gen 17] fe+=256 fe=4352 cost=3818121589.04 viol=1727961218.2148 obj=1731779339803.81

[Run 11 Gen 18] group=2 comps=1
[Run 11 Gen 18] fe+=256 fe=4608 cost=3861727452.05 viol=1707400501.1291 obj=1711262228581.20

[Run 11 Gen 19] group=3 comps=1
[Run 11 Gen 19] fe+=256 fe=4864 cost=3852851219.18 viol=1702302286.1322 obj=1706155137351.36

[Run 11 Gen 20] group=4 comps=1
[Run 11 Gen 20] fe+=256 fe=5120 cost=3856651712.33 viol=1694189010.8718 obj=1698045662584.08

[Run 11 Gen 21] group=0 comps=1
[Run 11 Gen 21] fe+=256 fe=5376 cost=3869853520.55 viol=1687618993.2567 obj=1691488846777.27

[Run 11 Gen 22] group=1 comps=1
[Run 11 Gen 22] fe+=256 fe=5632 cost=3866553082.19 viol=1685961852.1528 obj=1689828405234.97

[Run 11 Gen 23] group=2 comps=1
[Run 11 Gen 23] fe+=256 fe=5888 cost=3877304561.64 viol=1676338797.8171 obj=1680216102378.76

[Run 11 Gen 24] group=3 comps=1
[Run 11 Gen 24] fe+=256 fe=6144 cost=3877304561.64 viol=1676338797.8171 obj=1680216102378.76

[Run 11 Gen 25] group=4 comps=1
[Run 11 Gen 25] fe+=256 fe=6400 cost=3889106150.68 viol=1661765182.0998 obj=1665654288250.46

[Run 11 Gen 26] group=0 comps=1
[Run 11 Gen 26] fe+=256 fe=6656 cost=3891506479.45 viol=1659955892.9597 obj=1663847399439.12

[Run 11 Gen 27] group=1 comps=1
[Run 11 Gen 27] fe+=256 fe=6912 cost=3910384027.40 viol=1659478933.8374 obj=1663389317864.77

[Run 11 Gen 28] group=2 comps=1
[Run 11 Gen 28] fe+=256 fe=7168 cost=3927661301.37 viol=1652412254.3952 obj=1656339915696.59

[Run 11 Gen 29] group=3 comps=1
[Run 11 Gen 29] fe+=256 fe=7424 cost=3927661301.37 viol=1652412254.3952 obj=1656339915696.59

[Run 11 Gen 30] group=4 comps=1
[Run 11 Gen 30] fe+=256 fe=7680 cost=3966616616.44 viol=1635947441.9742 obj=1639914058590.65

[Run 11 Gen 31] group=0 comps=1
[Run 11 Gen 31] fe+=256 fe=7936 cost=3987594493.15 viol=1630296457.2305 obj=1634284051723.66

[Run 11 Gen 32] group=1 comps=1
[Run 11 Gen 32] fe+=256 fe=8192 cost=4039801561.64 viol=1609652597.6030 obj=1613692399164.63

[Run 11 Gen 33] group=2 comps=1
[Run 11 Gen 33] fe+=256 fe=8448 cost=4048977794.52 viol=1604500388.0562 obj=1608549365850.69

[Run 11 Gen 34] group=3 comps=1
[Run 11 Gen 34] fe+=256 fe=8704 cost=4048977794.52 viol=1604500388.0562 obj=1608549365850.69

[Run 11 Gen 35] group=4 comps=1
[Run 11 Gen 35] fe+=256 fe=8960 cost=4044302164.38 viol=1602724833.1308 obj=1606769135295.15

[Run 11 Gen 36] group=0 comps=1
[Run 11 Gen 36] fe+=256 fe=9216 cost=4044302164.38 viol=1602724833.1308 obj=1606769135295.15

[Run 11 Gen 37] group=1 comps=1
[Run 11 Gen 37] fe+=256 fe=9472 cost=4041376753.42 viol=1593965473.5196 obj=1598006850272.99

[Run 11 Gen 38] group=2 comps=1
[Run 11 Gen 38] fe+=256 fe=9728 cost=4041376753.42 viol=1593965473.5196 obj=1598006850272.99

[Run 11 Gen 39] group=3 comps=1
[Run 11 Gen 39] fe+=256 fe=9984 cost=4028825054.79 viol=1589978664.3939 obj=1594007489448.66

[Run 11 Gen 40] group=4 comps=1
[Run 11 Gen 40] fe+=256 fe=10240 cost=4034475821.92 viol=1585074138.9858 obj=1589108614807.72

[Run 11 Gen 41] group=0 comps=1
[Run 11 Gen 41] fe+=256 fe=10496 cost=4034475821.92 viol=1585074138.9858 obj=1589108614807.72

[Run 11 Gen 42] group=1 comps=1
[Run 11 Gen 42] fe+=256 fe=10752 cost=4034475821.92 viol=1585074138.9858 obj=1589108614807.72

[Run 11 Gen 43] group=2 comps=1
[Run 11 Gen 43] fe+=256 fe=11008 cost=4034475821.92 viol=1585074138.9858 obj=1589108614807.72

[Run 11 Gen 44] group=3 comps=1
[Run 11 Gen 44] fe+=256 fe=11264 cost=4034475821.92 viol=1585074138.9858 obj=1589108614807.72

[Run 11 Gen 45] group=4 comps=1
[Run 11 Gen 45] fe+=256 fe=11520 cost=4046252438.36 viol=1580864183.9691 obj=1584910436407.47

[Run 11 Gen 46] group=0 comps=1
[Run 11 Gen 46] fe+=256 fe=11776 cost=4046252438.36 viol=1580864183.9691 obj=1584910436407.47

[Run 11 Gen 47] group=1 comps=1
[Run 11 Gen 47] fe+=256 fe=12032 cost=4069080479.45 viol=1572839746.8212 obj=1576908827300.67

[Run 11 Gen 48] group=2 comps=1
[Run 11 Gen 48] fe+=256 fe=12288 cost=4064654904.11 viol=1567688200.9244 obj=1571752855828.48

[Run 11 Gen 49] group=3 comps=1
[Run 11 Gen 49] fe+=256 fe=12544 cost=4081482178.08 viol=1561159680.7618 obj=1565241162939.88

[Run 11 Gen 50] group=4 comps=1
[Run 11 Gen 50] fe+=256 fe=12800 cost=4093908794.52 viol=1556833174.7051 obj=1560927083499.60
[Stop] reached max_outer_gen=50
[7/7] Write outputs
[Done] summary=/work/home/acn1eb8nfq/yuezhang46/UScode/US实验二：分解模块/gcpcc_logs_US_RG/run_11_seed_1011/runs_summary.csv
