[RunConfig] run_id=23 seed=1023
[OutputDir] /work/home/acn1eb8nfq/yuezhang46/UScode/US实验二：分解模块/gcpcc_logs_US_RG/run_23_seed_1023
[Data] nodes=4301
[1/7] Load scenarios
  2020: raw_edges=5296 days=366
  2025: raw_edges=5296 days=365
  2030: raw_edges=5296 days=365
  2035: raw_edges=5296 days=365
  2040: raw_edges=5296 days=366
[Filter] w_min=1.0
  active=2914 inactive=1387(fixed NONE)
  2020: removed=2048 kept=3248
  2025: removed=2048 kept=3248
  2030: removed=2048 kept=3248
  2035: removed=2048 kept=3248
  2040: removed=2048 kept=3248
  2020: filtered_edges=3248
  2025: filtered_edges=3248
  2030: filtered_edges=3248
  2035: filtered_edges=3248
  2040: filtered_edges=3248
[2/7] Decomposition: random grouping (fixed preprocessing)
  random_groups=5 group_size=582
  components=5 min/med/max=582/583/583
  singleton_components=0
[4/7] Dependency graph + coloring
  color_groups=5 sizes=[1, 1, 1, 1, 1]
[5/7] Initialize plan
  init: cost=1780097178.08 viol=3105968813.8499 obj=3107748911027.98
[6/7] Outer iterations

[Run 23 Gen 1] group=0 comps=1
[Run 23 Gen 1] fe+=256 fe=256 cost=2026205301.37 viol=2910378864.7936 obj=2912405070094.98

[Run 23 Gen 2] group=1 comps=1
[Run 23 Gen 2] fe+=256 fe=512 cost=2326470602.74 viol=2696072685.6188 obj=2698399156221.54

[Run 23 Gen 3] group=2 comps=1
[Run 23 Gen 3] fe+=256 fe=768 cost=2591956328.77 viol=2512304597.3503 obj=2514896553679.08

[Run 23 Gen 4] group=3 comps=1
[Run 23 Gen 4] fe+=256 fe=1024 cost=2863392876.71 viol=2345815125.3914 obj=2348678518268.12

[Run 23 Gen 5] group=4 comps=1
[Run 23 Gen 5] fe+=256 fe=1280 cost=3146406041.10 viol=2148382664.7484 obj=2151529070789.53

[Run 23 Gen 6] group=0 comps=1
[Run 23 Gen 6] fe+=256 fe=1536 cost=3272898109.59 viol=2079912153.8764 obj=2083185051986.03

[Run 23 Gen 7] group=1 comps=1
[Run 23 Gen 7] fe+=256 fe=1792 cost=3381312794.52 viol=2016389719.1237 obj=2019771031918.21

[Run 23 Gen 8] group=2 comps=1
[Run 23 Gen 8] fe+=256 fe=2048 cost=3427318931.51 viol=1980328103.4190 obj=1983755422350.54

[Run 23 Gen 9] group=3 comps=1
[Run 23 Gen 9] fe+=256 fe=2304 cost=3504054315.07 viol=1929962541.1366 obj=1933466595451.69

[Run 23 Gen 10] group=4 comps=1
[Run 23 Gen 10] fe+=256 fe=2560 cost=3601467356.16 viol=1892602589.4267 obj=1896204056782.84

[Run 23 Gen 11] group=0 comps=1
[Run 23 Gen 11] fe+=256 fe=2816 cost=3619769767.12 viol=1869668489.9830 obj=1873288259750.15

[Run 23 Gen 12] group=1 comps=1
[Run 23 Gen 12] fe+=256 fe=3072 cost=3646898465.75 viol=1837413991.8428 obj=1841060890308.55

[Run 23 Gen 13] group=2 comps=1
[Run 23 Gen 13] fe+=256 fe=3328 cost=3714307561.64 viol=1817116413.5787 obj=1820830721140.33

[Run 23 Gen 14] group=3 comps=1
[Run 23 Gen 14] fe+=256 fe=3584 cost=3783366931.51 viol=1781733529.6642 obj=1785516896595.73

[Run 23 Gen 15] group=4 comps=1
[Run 23 Gen 15] fe+=256 fe=3840 cost=3829098095.89 viol=1741641772.0721 obj=1745470870167.99

[Run 23 Gen 16] group=0 comps=1
[Run 23 Gen 16] fe+=256 fe=4096 cost=3829098095.89 viol=1741641772.0721 obj=1745470870167.99

[Run 23 Gen 17] group=1 comps=1
[Run 23 Gen 17] fe+=256 fe=4352 cost=3845175260.27 viol=1718045759.9892 obj=1721890935249.50

[Run 23 Gen 18] group=2 comps=1
[Run 23 Gen 18] fe+=256 fe=4608 cost=3857251931.51 viol=1699880236.4730 obj=1703737488404.53

[Run 23 Gen 19] group=3 comps=1
[Run 23 Gen 19] fe+=256 fe=4864 cost=3855651657.53 viol=1688621324.7652 obj=1692476976422.72

[Run 23 Gen 20] group=4 comps=1
[Run 23 Gen 20] fe+=256 fe=5120 cost=3905108342.47 viol=1669134816.0133 obj=1673039924355.77

[Run 23 Gen 21] group=0 comps=1
[Run 23 Gen 21] fe+=256 fe=5376 cost=3923485835.62 viol=1654517733.1347 obj=1658441218970.29

[Run 23 Gen 22] group=1 comps=1
[Run 23 Gen 22] fe+=256 fe=5632 cost=3942738410.96 viol=1642890972.0245 obj=1646833710435.43

[Run 23 Gen 23] group=2 comps=1
[Run 23 Gen 23] fe+=256 fe=5888 cost=3954064917.81 viol=1641606690.6651 obj=1645560755582.91

[Run 23 Gen 24] group=3 comps=1
[Run 23 Gen 24] fe+=256 fe=6144 cost=3968591863.01 viol=1634033137.8132 obj=1638001729676.20

[Run 23 Gen 25] group=4 comps=1
[Run 23 Gen 25] fe+=256 fe=6400 cost=3974542630.14 viol=1630369239.4108 obj=1634343782040.90

[Run 23 Gen 26] group=0 comps=1
[Run 23 Gen 26] fe+=256 fe=6656 cost=3985019027.40 viol=1619964394.9941 obj=1623949414021.50

[Run 23 Gen 27] group=1 comps=1
[Run 23 Gen 27] fe+=256 fe=6912 cost=3992219958.90 viol=1604662808.5299 obj=1608655028488.76

[Run 23 Gen 28] group=2 comps=1
[Run 23 Gen 28] fe+=256 fe=7168 cost=4031225219.18 viol=1581678392.4825 obj=1585709617701.68

[Run 23 Gen 29] group=3 comps=1
[Run 23 Gen 29] fe+=256 fe=7424 cost=4031225219.18 viol=1581678392.4825 obj=1585709617701.68

[Run 23 Gen 30] group=4 comps=1
[Run 23 Gen 30] fe+=256 fe=7680 cost=4024099260.27 viol=1581062322.2495 obj=1585086421509.81

[Run 23 Gen 31] group=0 comps=1
[Run 23 Gen 31] fe+=256 fe=7936 cost=4027249698.63 viol=1579143562.4166 obj=1583170812115.27

[Run 23 Gen 32] group=1 comps=1
[Run 23 Gen 32] fe+=256 fe=8192 cost=4027249698.63 viol=1579143562.4166 obj=1583170812115.27

[Run 23 Gen 33] group=2 comps=1
[Run 23 Gen 33] fe+=256 fe=8448 cost=4016598273.97 viol=1574483400.9703 obj=1578499999244.31

[Run 23 Gen 34] group=3 comps=1
[Run 23 Gen 34] fe+=256 fe=8704 cost=4023499205.48 viol=1571716530.2587 obj=1575740029464.22

[Run 23 Gen 35] group=4 comps=1
[Run 23 Gen 35] fe+=256 fe=8960 cost=4021373904.11 viol=1567468631.2511 obj=1571490005155.18

[Run 23 Gen 36] group=0 comps=1
[Run 23 Gen 36] fe+=256 fe=9216 cost=4021373904.11 viol=1567468631.2511 obj=1571490005155.18

[Run 23 Gen 37] group=1 comps=1
[Run 23 Gen 37] fe+=256 fe=9472 cost=4021373904.11 viol=1567468631.2511 obj=1571490005155.18

[Run 23 Gen 38] group=2 comps=1
[Run 23 Gen 38] fe+=256 fe=9728 cost=4024474287.67 viol=1565868764.5229 obj=1569893238810.55

[Run 23 Gen 39] group=3 comps=1
[Run 23 Gen 39] fe+=256 fe=9984 cost=4021973958.90 viol=1563924280.4078 obj=1567946254366.65

[Run 23 Gen 40] group=4 comps=1
[Run 23 Gen 40] fe+=256 fe=10240 cost=4021973958.90 viol=1563924280.4078 obj=1567946254366.65

[Run 23 Gen 41] group=0 comps=1
[Run 23 Gen 41] fe+=256 fe=10496 cost=4021973958.90 viol=1563924280.4078 obj=1567946254366.65

[Run 23 Gen 42] group=1 comps=1
[Run 23 Gen 42] fe+=256 fe=10752 cost=4021973958.90 viol=1563924280.4078 obj=1567946254366.65

[Run 23 Gen 43] group=2 comps=1
[Run 23 Gen 43] fe+=256 fe=11008 cost=4021973958.90 viol=1563924280.4078 obj=1567946254366.65

[Run 23 Gen 44] group=3 comps=1
[Run 23 Gen 44] fe+=256 fe=11264 cost=4044126917.81 viol=1550349633.7320 obj=1554393760649.85

[Run 23 Gen 45] group=4 comps=1
[Run 23 Gen 45] fe+=256 fe=11520 cost=4044126917.81 viol=1550349633.7320 obj=1554393760649.85

[Run 23 Gen 46] group=0 comps=1
[Run 23 Gen 46] fe+=256 fe=11776 cost=4044126917.81 viol=1550349633.7320 obj=1554393760649.85

[Run 23 Gen 47] group=1 comps=1
[Run 23 Gen 47] fe+=256 fe=12032 cost=4044126917.81 viol=1550349633.7320 obj=1554393760649.85

[Run 23 Gen 48] group=2 comps=1
[Run 23 Gen 48] fe+=256 fe=12288 cost=4044126917.81 viol=1550349633.7320 obj=1554393760649.85

[Run 23 Gen 49] group=3 comps=1
[Run 23 Gen 49] fe+=256 fe=12544 cost=4044126917.81 viol=1550349633.7320 obj=1554393760649.85

[Run 23 Gen 50] group=4 comps=1
[Run 23 Gen 50] fe+=256 fe=12800 cost=4044126917.81 viol=1550349633.7320 obj=1554393760649.85
[Stop] reached max_outer_gen=50
[7/7] Write outputs
[Done] summary=/work/home/acn1eb8nfq/yuezhang46/UScode/US实验二：分解模块/gcpcc_logs_US_RG/run_23_seed_1023/runs_summary.csv
