[RunConfig] run_id=16 seed=1016
[OutputDir] /work/home/acn1eb8nfq/yuezhang46/UScode/US实验二：分解模块/gcpcc_logs_US_wo/run_16_seed_1016
[Data] nodes=4301
[1/5] Load scenarios
  2020: raw_edges=5296 days=366
  2025: raw_edges=5296 days=365
  2030: raw_edges=5296 days=365
  2035: raw_edges=5296 days=365
  2040: raw_edges=5296 days=366
[Filter] w_min=1.0
  active=2914 inactive=1387(fixed NONE)
  2020: removed=2048 kept=3248
  2025: removed=2048 kept=3248
  2030: removed=2048 kept=3248
  2035: removed=2048 kept=3248
  2040: removed=2048 kept=3248
  2020: filtered_edges=3248
  2025: filtered_edges=3248
  2030: filtered_edges=3248
  2035: filtered_edges=3248
  2040: filtered_edges=3248
[2/5] Direct sub-optimizer on full active graph
  component_size=2914 (no decomposition)
[3/5] Initialize plan
  init: cost=1805125712.33 viol=3106273742.5376 obj=3108078868249.89
[4/5] Outer iterations

[Run 16 Gen 1] direct_component=1
[Run 16 Gen 1] fe+=256 fe=256 cost=2857417082.19 viol=2449934654.8063 obj=2452792071888.51

[Run 16 Gen 2] direct_component=1
[Run 16 Gen 2] fe+=256 fe=512 cost=3111601219.18 viol=2271895742.4541 obj=2275007343673.25

[Run 16 Gen 3] direct_component=1
[Run 16 Gen 3] fe+=256 fe=768 cost=3239168534.25 viol=2223293564.7390 obj=2226532733273.21

[Run 16 Gen 4] direct_component=1
[Run 16 Gen 4] fe+=256 fe=1024 cost=3274698328.77 viol=2212651373.6973 obj=2215926072026.06

[Run 16 Gen 5] direct_component=1
[Run 16 Gen 5] fe+=256 fe=1280 cost=3287375109.59 viol=2201499264.9427 obj=2204786640052.27

[Run 16 Gen 6] direct_component=1
[Run 16 Gen 6] fe+=256 fe=1536 cost=3314653589.04 viol=2172031008.7510 obj=2175345662340.01

[Run 16 Gen 7] direct_component=1
[Run 16 Gen 7] fe+=256 fe=1792 cost=3341332123.29 viol=2145441341.2155 obj=2148782673338.78

[Run 16 Gen 8] direct_component=1
[Run 16 Gen 8] fe+=256 fe=2048 cost=3341332123.29 viol=2145441341.2155 obj=2148782673338.78

[Run 16 Gen 9] direct_component=1
[Run 16 Gen 9] fe+=256 fe=2304 cost=3323554739.73 viol=2144569363.5926 obj=2147892918332.33

[Run 16 Gen 10] direct_component=1
[Run 16 Gen 10] fe+=256 fe=2560 cost=3348933109.59 viol=2143937144.1205 obj=2147286077230.12

[Run 16 Gen 11] direct_component=1
[Run 16 Gen 11] fe+=256 fe=2816 cost=3370886178.08 viol=2135600563.1296 obj=2138971449307.69

[Run 16 Gen 12] direct_component=1
[Run 16 Gen 12] fe+=256 fe=3072 cost=3441545821.92 viol=2131076550.3925 obj=2134518096214.44

[Run 16 Gen 13] direct_component=1
[Run 16 Gen 13] fe+=256 fe=3328 cost=3410741712.33 viol=2130518153.8221 obj=2133928895534.47

[Run 16 Gen 14] direct_component=1
[Run 16 Gen 14] fe+=256 fe=3584 cost=3415017178.08 viol=2126246695.6123 obj=2129661712790.37

[Run 16 Gen 15] direct_component=1
[Run 16 Gen 15] fe+=256 fe=3840 cost=3415017178.08 viol=2126246695.6123 obj=2129661712790.37

[Run 16 Gen 16] direct_component=1
[Run 16 Gen 16] fe+=256 fe=4096 cost=3376261917.81 viol=2116080311.2619 obj=2119456573179.68

[Run 16 Gen 17] direct_component=1
[Run 16 Gen 17] fe+=256 fe=4352 cost=3376261917.81 viol=2116080311.2619 obj=2119456573179.68

[Run 16 Gen 18] direct_component=1
[Run 16 Gen 18] fe+=256 fe=4608 cost=3397264712.33 viol=2114867447.2025 obj=2118264711914.79

[Run 16 Gen 19] direct_component=1
[Run 16 Gen 19] fe+=256 fe=4864 cost=3397264712.33 viol=2114867447.2025 obj=2118264711914.79

[Run 16 Gen 20] direct_component=1
[Run 16 Gen 20] fe+=256 fe=5120 cost=3397264712.33 viol=2114867447.2025 obj=2118264711914.79

[Run 16 Gen 21] direct_component=1
[Run 16 Gen 21] fe+=256 fe=5376 cost=3386788315.07 viol=2110575903.0373 obj=2113962691352.38

[Run 16 Gen 22] direct_component=1
[Run 16 Gen 22] fe+=256 fe=5632 cost=3386788315.07 viol=2110575903.0373 obj=2113962691352.38

[Run 16 Gen 23] direct_component=1
[Run 16 Gen 23] fe+=256 fe=5888 cost=3447646534.25 viol=2100125467.3244 obj=2103573113858.63

[Run 16 Gen 24] direct_component=1
[Run 16 Gen 24] fe+=256 fe=6144 cost=3447646534.25 viol=2100125467.3244 obj=2103573113858.63

[Run 16 Gen 25] direct_component=1
[Run 16 Gen 25] fe+=256 fe=6400 cost=3475000150.68 viol=2080867141.6318 obj=2084342141782.45

[Run 16 Gen 26] direct_component=1
[Run 16 Gen 26] fe+=256 fe=6656 cost=3486176712.33 viol=2078852025.7866 obj=2082338202498.93

[Run 16 Gen 27] direct_component=1
[Run 16 Gen 27] fe+=256 fe=6912 cost=3486176712.33 viol=2078852025.7866 obj=2082338202498.93

[Run 16 Gen 28] direct_component=1
[Run 16 Gen 28] fe+=256 fe=7168 cost=3480675945.21 viol=2074355101.7546 obj=2077835777699.80

[Run 16 Gen 29] direct_component=1
