[RunConfig] run_id=20 seed=1020
[OutputDir] /work/home/acn1eb8nfq/yuezhang46/UScode/US实验二：分解模块/gcpcc_logs_US_wo/run_20_seed_1020
[Data] nodes=4301
[1/5] Load scenarios
  2020: raw_edges=5296 days=366
  2025: raw_edges=5296 days=365
  2030: raw_edges=5296 days=365
  2035: raw_edges=5296 days=365
  2040: raw_edges=5296 days=366
[Filter] w_min=1.0
  active=2914 inactive=1387(fixed NONE)
  2020: removed=2048 kept=3248
  2025: removed=2048 kept=3248
  2030: removed=2048 kept=3248
  2035: removed=2048 kept=3248
  2040: removed=2048 kept=3248
  2020: filtered_edges=3248
  2025: filtered_edges=3248
  2030: filtered_edges=3248
  2035: filtered_edges=3248
  2040: filtered_edges=3248
[2/5] Direct sub-optimizer on full active graph
  component_size=2914 (no decomposition)
[3/5] Initialize plan
  init: cost=1783472589.04 viol=3136980306.8690 obj=3138763779458.02
[4/5] Outer iterations

[Run 20 Gen 1] direct_component=1
[Run 20 Gen 1] fe+=256 fe=256 cost=2842515273.97 viol=2487926802.4351 obj=2490769317709.06

[Run 20 Gen 2] direct_component=1
[Run 20 Gen 2] fe+=256 fe=512 cost=3135479479.45 viol=2268620501.4754 obj=2271755980954.85

[Run 20 Gen 3] direct_component=1
[Run 20 Gen 3] fe+=256 fe=768 cost=3192787205.48 viol=2224092414.7606 obj=2227285201966.08

[Run 20 Gen 4] direct_component=1
[Run 20 Gen 4] fe+=256 fe=1024 cost=3195862671.23 viol=2219817421.8872 obj=2223013284558.45

[Run 20 Gen 5] direct_component=1
[Run 20 Gen 5] fe+=256 fe=1280 cost=3232267493.15 viol=2207201361.8015 obj=2210433629294.64

[Run 20 Gen 6] direct_component=1
[Run 20 Gen 6] fe+=256 fe=1536 cost=3238168205.48 viol=2168969524.2120 obj=2172207692417.46

[Run 20 Gen 7] direct_component=1
[Run 20 Gen 7] fe+=256 fe=1792 cost=3238168205.48 viol=2168969524.2120 obj=2172207692417.46

[Run 20 Gen 8] direct_component=1
[Run 20 Gen 8] fe+=256 fe=2048 cost=3238668315.07 viol=2155057507.3829 obj=2158296175697.96

[Run 20 Gen 9] direct_component=1
[Run 20 Gen 9] fe+=256 fe=2304 cost=3238668315.07 viol=2155057507.3829 obj=2158296175697.96

[Run 20 Gen 10] direct_component=1
[Run 20 Gen 10] fe+=256 fe=2560 cost=3256220835.62 viol=2147044866.0055 obj=2150301086841.09

[Run 20 Gen 11] direct_component=1
[Run 20 Gen 11] fe+=256 fe=2816 cost=3256220835.62 viol=2147044866.0055 obj=2150301086841.09

[Run 20 Gen 12] direct_component=1
[Run 20 Gen 12] fe+=256 fe=3072 cost=3256220835.62 viol=2147044866.0055 obj=2150301086841.09

[Run 20 Gen 13] direct_component=1
[Run 20 Gen 13] fe+=256 fe=3328 cost=3325455178.08 viol=2125286773.4184 obj=2128612228596.46

[Run 20 Gen 14] direct_component=1
[Run 20 Gen 14] fe+=256 fe=3584 cost=3325455178.08 viol=2125286773.4184 obj=2128612228596.46

[Run 20 Gen 15] direct_component=1
[Run 20 Gen 15] fe+=256 fe=3840 cost=3346033000.00 viol=2111834501.5909 obj=2115180534590.94

[Run 20 Gen 16] direct_component=1
[Run 20 Gen 16] fe+=256 fe=4096 cost=3346033000.00 viol=2111834501.5909 obj=2115180534590.94

[Run 20 Gen 17] direct_component=1
[Run 20 Gen 17] fe+=256 fe=4352 cost=3385663232.88 viol=2102548470.2924 obj=2105934133525.25

[Run 20 Gen 18] direct_component=1
[Run 20 Gen 18] fe+=256 fe=4608 cost=3385663232.88 viol=2102548470.2924 obj=2105934133525.25

[Run 20 Gen 19] direct_component=1
[Run 20 Gen 19] fe+=256 fe=4864 cost=3394064383.56 viol=2100439890.2623 obj=2103833954645.88

[Run 20 Gen 20] direct_component=1
[Run 20 Gen 20] fe+=256 fe=5120 cost=3385613178.08 viol=2090028778.2225 obj=2093414391400.60

[Run 20 Gen 21] direct_component=1
[Run 20 Gen 21] fe+=256 fe=5376 cost=3385613178.08 viol=2090028778.2225 obj=2093414391400.60

[Run 20 Gen 22] direct_component=1
[Run 20 Gen 22] fe+=256 fe=5632 cost=3392564164.38 viol=2086021512.4101 obj=2089414076574.51

[Run 20 Gen 23] direct_component=1
[Run 20 Gen 23] fe+=256 fe=5888 cost=3416242315.07 viol=2079317006.1247 obj=2082733248439.82

[Run 20 Gen 24] direct_component=1
[Run 20 Gen 24] fe+=256 fe=6144 cost=3416242315.07 viol=2079317006.1247 obj=2082733248439.82

[Run 20 Gen 25] direct_component=1
[Run 20 Gen 25] fe+=256 fe=6400 cost=3416242315.07 viol=2079317006.1247 obj=2082733248439.82

[Run 20 Gen 26] direct_component=1
[Run 20 Gen 26] fe+=256 fe=6656 cost=3416242315.07 viol=2079317006.1247 obj=2082733248439.82

[Run 20 Gen 27] direct_component=1
[Run 20 Gen 27] fe+=256 fe=6912 cost=3412891876.71 viol=2077989386.0966 obj=2081402277973.31

[Run 20 Gen 28] direct_component=1
[Run 20 Gen 28] fe+=256 fe=7168 cost=3416267342.47 viol=2071653180.1475 obj=2075069447489.92

[Run 20 Gen 29] direct_component=1
[Run 20 Gen 29] fe+=256 fe=7424 cost=3416267342.47 viol=2071653180.1475 obj=2075069447489.92

[Run 20 Gen 30] direct_component=1
[Run 20 Gen 30] fe+=256 fe=7680 cost=3416267342.47 viol=2071653180.1475 obj=2075069447489.92

[Run 20 Gen 31] direct_component=1
[Run 20 Gen 31] fe+=256 fe=7936 cost=3438720410.96 viol=2067123866.4704 obj=2070562586881.39

[Run 20 Gen 32] direct_component=1
[Run 20 Gen 32] fe+=256 fe=8192 cost=3431619534.25 viol=2063913972.9864 obj=2067345592520.62

[Run 20 Gen 33] direct_component=1
[Run 20 Gen 33] fe+=256 fe=8448 cost=3423568438.36 viol=2053301854.8050 obj=2056725423243.38

[Run 20 Gen 34] direct_component=1
[Run 20 Gen 34] fe+=256 fe=8704 cost=3423568438.36 viol=2053301854.8050 obj=2056725423243.38

[Run 20 Gen 35] direct_component=1
[Run 20 Gen 35] fe+=256 fe=8960 cost=3423568438.36 viol=2053301854.8050 obj=2056725423243.38

[Run 20 Gen 36] direct_component=1
[Run 20 Gen 36] fe+=256 fe=9216 cost=3437920410.96 viol=2050485551.5684 obj=2053923471979.41

[Run 20 Gen 37] direct_component=1
[Run 20 Gen 37] fe+=256 fe=9472 cost=3437920410.96 viol=2050485551.5684 obj=2053923471979.41

[Run 20 Gen 38] direct_component=1
[Run 20 Gen 38] fe+=256 fe=9728 cost=3437920410.96 viol=2050485551.5684 obj=2053923471979.41

[Run 20 Gen 39] direct_component=1
[Run 20 Gen 39] fe+=256 fe=9984 cost=3450097082.19 viol=2041670771.2214 obj=2045120868303.60

[Run 20 Gen 40] direct_component=1
[Run 20 Gen 40] fe+=256 fe=10240 cost=3450097082.19 viol=2041670771.2214 obj=2045120868303.60

[Run 20 Gen 41] direct_component=1
[Run 20 Gen 41] fe+=256 fe=10496 cost=3450097082.19 viol=2041670771.2214 obj=2045120868303.60

[Run 20 Gen 42] direct_component=1
[Run 20 Gen 42] fe+=256 fe=10752 cost=3450097082.19 viol=2041670771.2214 obj=2045120868303.60

[Run 20 Gen 43] direct_component=1
[Run 20 Gen 43] fe+=256 fe=11008 cost=3448646863.01 viol=2031759378.3191 obj=2035208025182.13

[Run 20 Gen 44] direct_component=1
[Run 20 Gen 44] fe+=256 fe=11264 cost=3448646863.01 viol=2031759378.3191 obj=2035208025182.13

[Run 20 Gen 45] direct_component=1
[Run 20 Gen 45] fe+=256 fe=11520 cost=3448646863.01 viol=2031759378.3191 obj=2035208025182.13

[Run 20 Gen 46] direct_component=1
[Run 20 Gen 46] fe+=256 fe=11776 cost=3472925123.29 viol=2030613143.5073 obj=2034086068630.58

[Run 20 Gen 47] direct_component=1
[Run 20 Gen 47] fe+=256 fe=12032 cost=3472925123.29 viol=2030613143.5073 obj=2034086068630.58

[Run 20 Gen 48] direct_component=1
[Run 20 Gen 48] fe+=256 fe=12288 cost=3472925123.29 viol=2030613143.5073 obj=2034086068630.58

[Run 20 Gen 49] direct_component=1
[Run 20 Gen 49] fe+=256 fe=12544 cost=3472925123.29 viol=2030613143.5073 obj=2034086068630.58

[Run 20 Gen 50] direct_component=1
[Run 20 Gen 50] fe+=256 fe=12800 cost=3472925123.29 viol=2030613143.5073 obj=2034086068630.58
[Stop] reached max_outer_gen=50
[5/5] Write outputs
[Done] summary=/work/home/acn1eb8nfq/yuezhang46/UScode/US实验二：分解模块/gcpcc_logs_US_wo/run_20_seed_1020/runs_summary.csv
