[RunConfig] run_id=18 seed=1018
[OutputDir] /work/home/acn1eb8nfq/yuezhang46/UScode/US实验二：分解模块/gcpcc_logs_US_wo/run_18_seed_1018
[Data] nodes=4301
[1/5] Load scenarios
  2020: raw_edges=5296 days=366
  2025: raw_edges=5296 days=365
  2030: raw_edges=5296 days=365
  2035: raw_edges=5296 days=365
  2040: raw_edges=5296 days=366
[Filter] w_min=1.0
  active=2914 inactive=1387(fixed NONE)
  2020: removed=2048 kept=3248
  2025: removed=2048 kept=3248
  2030: removed=2048 kept=3248
  2035: removed=2048 kept=3248
  2040: removed=2048 kept=3248
  2020: filtered_edges=3248
  2025: filtered_edges=3248
  2030: filtered_edges=3248
  2035: filtered_edges=3248
  2040: filtered_edges=3248
[2/5] Direct sub-optimizer on full active graph
  component_size=2914 (no decomposition)
[3/5] Initialize plan
  init: cost=1860008301.37 viol=3099276900.3677 obj=3101136908669.04
[4/5] Outer iterations

[Run 18 Gen 1] direct_component=1
[Run 18 Gen 1] fe+=256 fe=256 cost=2836989205.48 viol=2408778770.0280 obj=2411615759233.53

[Run 18 Gen 2] direct_component=1
[Run 18 Gen 2] fe+=256 fe=512 cost=3062794698.63 viol=2272175697.4802 obj=2275238492178.79

[Run 18 Gen 3] direct_component=1
[Run 18 Gen 3] fe+=256 fe=768 cost=3121827726.03 viol=2232904717.0713 obj=2236026544797.33

[Run 18 Gen 4] direct_component=1
[Run 18 Gen 4] fe+=256 fe=1024 cost=3180585506.85 viol=2210711179.7652 obj=2213891765272.01

[Run 18 Gen 5] direct_component=1
[Run 18 Gen 5] fe+=256 fe=1280 cost=3244594328.77 viol=2174974681.1014 obj=2178219275430.19

[Run 18 Gen 6] direct_component=1
[Run 18 Gen 6] fe+=256 fe=1536 cost=3360860054.79 viol=2148529105.1708 obj=2151889965225.57

[Run 18 Gen 7] direct_component=1
[Run 18 Gen 7] fe+=256 fe=1792 cost=3334831520.55 viol=2142414791.9286 obj=2145749623449.15

[Run 18 Gen 8] direct_component=1
[Run 18 Gen 8] fe+=256 fe=2048 cost=3334831520.55 viol=2142414791.9286 obj=2145749623449.15

[Run 18 Gen 9] direct_component=1
[Run 18 Gen 9] fe+=256 fe=2304 cost=3383538041.10 viol=2132504153.3001 obj=2135887691341.17

[Run 18 Gen 10] direct_component=1
[Run 18 Gen 10] fe+=256 fe=2560 cost=3352158904.11 viol=2131338540.2109 obj=2134690699115.04

[Run 18 Gen 11] direct_component=1
[Run 18 Gen 11] fe+=256 fe=2816 cost=3352158904.11 viol=2131338540.2109 obj=2134690699115.04

[Run 18 Gen 12] direct_component=1
[Run 18 Gen 12] fe+=256 fe=3072 cost=3345057863.01 viol=2131179483.6022 obj=2134524541465.21

[Run 18 Gen 13] direct_component=1
[Run 18 Gen 13] fe+=256 fe=3328 cost=3354484095.89 viol=2127437417.3315 obj=2130791901427.37

[Run 18 Gen 14] direct_component=1
[Run 18 Gen 14] fe+=256 fe=3584 cost=3367935794.52 viol=2112463673.9629 obj=2115831609757.45

[Run 18 Gen 15] direct_component=1
[Run 18 Gen 15] fe+=256 fe=3840 cost=3373536506.85 viol=2111652581.8060 obj=2115026118312.88

[Run 18 Gen 16] direct_component=1
[Run 18 Gen 16] fe+=256 fe=4096 cost=3401615315.07 viol=2103258812.3598 obj=2106660427674.92

[Run 18 Gen 17] direct_component=1
[Run 18 Gen 17] fe+=256 fe=4352 cost=3401615315.07 viol=2103258812.3598 obj=2106660427674.92

[Run 18 Gen 18] direct_component=1
[Run 18 Gen 18] fe+=256 fe=4608 cost=3433744561.64 viol=2084939767.4018 obj=2088373511963.44

[Run 18 Gen 19] direct_component=1
[Run 18 Gen 19] fe+=256 fe=4864 cost=3433744561.64 viol=2084939767.4018 obj=2088373511963.44

[Run 18 Gen 20] direct_component=1
[Run 18 Gen 20] fe+=256 fe=5120 cost=3433744561.64 viol=2084939767.4018 obj=2088373511963.44

[Run 18 Gen 21] direct_component=1
[Run 18 Gen 21] fe+=256 fe=5376 cost=3433744561.64 viol=2084939767.4018 obj=2088373511963.44

[Run 18 Gen 22] direct_component=1
[Run 18 Gen 22] fe+=256 fe=5632 cost=3433744561.64 viol=2084939767.4018 obj=2088373511963.44

[Run 18 Gen 23] direct_component=1
[Run 18 Gen 23] fe+=256 fe=5888 cost=3433744561.64 viol=2084939767.4018 obj=2088373511963.44

[Run 18 Gen 24] direct_component=1
[Run 18 Gen 24] fe+=256 fe=6144 cost=3433744561.64 viol=2084939767.4018 obj=2088373511963.44

[Run 18 Gen 25] direct_component=1
[Run 18 Gen 25] fe+=256 fe=6400 cost=3433744561.64 viol=2084939767.4018 obj=2088373511963.44

[Run 18 Gen 26] direct_component=1
[Run 18 Gen 26] fe+=256 fe=6656 cost=3433744561.64 viol=2084939767.4018 obj=2088373511963.44

[Run 18 Gen 27] direct_component=1
[Run 18 Gen 27] fe+=256 fe=6912 cost=3433744561.64 viol=2084939767.4018 obj=2088373511963.44

[Run 18 Gen 28] direct_component=1
[Run 18 Gen 28] fe+=256 fe=7168 cost=3433744561.64 viol=2084939767.4018 obj=2088373511963.44

[Run 18 Gen 29] direct_component=1
