[RunConfig] run_id=21 seed=1021
[OutputDir] /work/home/acn1eb8nfq/yuezhang46/UScode/US实验二：分解模块/gcpcc_logs_US_wo/run_21_seed_1021
[Data] nodes=4301
[1/5] Load scenarios
  2020: raw_edges=5296 days=366
  2025: raw_edges=5296 days=365
  2030: raw_edges=5296 days=365
  2035: raw_edges=5296 days=365
  2040: raw_edges=5296 days=366
[Filter] w_min=1.0
  active=2914 inactive=1387(fixed NONE)
  2020: removed=2048 kept=3248
  2025: removed=2048 kept=3248
  2030: removed=2048 kept=3248
  2035: removed=2048 kept=3248
  2040: removed=2048 kept=3248
  2020: filtered_edges=3248
  2025: filtered_edges=3248
  2030: filtered_edges=3248
  2035: filtered_edges=3248
  2040: filtered_edges=3248
[2/5] Direct sub-optimizer on full active graph
  component_size=2914 (no decomposition)
[3/5] Initialize plan
  init: cost=1831404191.78 viol=3099154290.6769 obj=3100985694868.65
[4/5] Outer iterations

[Run 21 Gen 1] direct_component=1
[Run 21 Gen 1] fe+=256 fe=256 cost=2838589369.86 viol=2460195919.1870 obj=2463034508556.83

[Run 21 Gen 2] direct_component=1
[Run 21 Gen 2] fe+=256 fe=512 cost=3138679753.42 viol=2280697763.3220 obj=2283836443075.46

[Run 21 Gen 3] direct_component=1
[Run 21 Gen 3] fe+=256 fe=768 cost=3217215465.75 viol=2207887908.3460 obj=2211105123811.77

[Run 21 Gen 4] direct_component=1
[Run 21 Gen 4] fe+=256 fe=1024 cost=3231042410.96 viol=2165779344.7180 obj=2169010387128.92

[Run 21 Gen 5] direct_component=1
[Run 21 Gen 5] fe+=256 fe=1280 cost=3305002328.77 viol=2152542477.5092 obj=2155847479837.96

[Run 21 Gen 6] direct_component=1
[Run 21 Gen 6] fe+=256 fe=1536 cost=3348608465.75 viol=2129216268.0263 obj=2132564876492.10

[Run 21 Gen 7] direct_component=1
[Run 21 Gen 7] fe+=256 fe=1792 cost=3382763123.29 viol=2116511112.2485 obj=2119893875371.75

[Run 21 Gen 8] direct_component=1
[Run 21 Gen 8] fe+=256 fe=2048 cost=3369186342.47 viol=2114549028.9024 obj=2117918215244.88

[Run 21 Gen 9] direct_component=1
[Run 21 Gen 9] fe+=256 fe=2304 cost=3379587712.33 viol=2106733149.7116 obj=2110112737423.98

[Run 21 Gen 10] direct_component=1
[Run 21 Gen 10] fe+=256 fe=2560 cost=3387513780.82 viol=2105265089.9873 obj=2108652603768.08

[Run 21 Gen 11] direct_component=1
[Run 21 Gen 11] fe+=256 fe=2816 cost=3381187931.51 viol=2099855932.8196 obj=2103237120751.10

[Run 21 Gen 12] direct_component=1
[Run 21 Gen 12] fe+=256 fe=3072 cost=3381187931.51 viol=2099855932.8196 obj=2103237120751.10

[Run 21 Gen 13] direct_component=1
[Run 21 Gen 13] fe+=256 fe=3328 cost=3381187931.51 viol=2099855932.8196 obj=2103237120751.10

[Run 21 Gen 14] direct_component=1
[Run 21 Gen 14] fe+=256 fe=3584 cost=3383713123.29 viol=2099392457.6998 obj=2102776170823.12

[Run 21 Gen 15] direct_component=1
[Run 21 Gen 15] fe+=256 fe=3840 cost=3383713123.29 viol=2099392457.6998 obj=2102776170823.12

[Run 21 Gen 16] direct_component=1
[Run 21 Gen 16] fe+=256 fe=4096 cost=3383713123.29 viol=2099392457.6998 obj=2102776170823.12

[Run 21 Gen 17] direct_component=1
[Run 21 Gen 17] fe+=256 fe=4352 cost=3385363287.67 viol=2086096286.5443 obj=2089481649832.01

[Run 21 Gen 18] direct_component=1
[Run 21 Gen 18] fe+=256 fe=4608 cost=3385363287.67 viol=2086096286.5443 obj=2089481649832.01

[Run 21 Gen 19] direct_component=1
[Run 21 Gen 19] fe+=256 fe=4864 cost=3385363287.67 viol=2086096286.5443 obj=2089481649832.01

[Run 21 Gen 20] direct_component=1
[Run 21 Gen 20] fe+=256 fe=5120 cost=3385363287.67 viol=2086096286.5443 obj=2089481649832.01

[Run 21 Gen 21] direct_component=1
[Run 21 Gen 21] fe+=256 fe=5376 cost=3385363287.67 viol=2086096286.5443 obj=2089481649832.01

[Run 21 Gen 22] direct_component=1
[Run 21 Gen 22] fe+=256 fe=5632 cost=3385363287.67 viol=2086096286.5443 obj=2089481649832.01

[Run 21 Gen 23] direct_component=1
[Run 21 Gen 23] fe+=256 fe=5888 cost=3385363287.67 viol=2086096286.5443 obj=2089481649832.01

[Run 21 Gen 24] direct_component=1
[Run 21 Gen 24] fe+=256 fe=6144 cost=3375561972.60 viol=2083102594.2208 obj=2086478156193.40

[Run 21 Gen 25] direct_component=1
[Run 21 Gen 25] fe+=256 fe=6400 cost=3375561972.60 viol=2083102594.2208 obj=2086478156193.40

[Run 21 Gen 26] direct_component=1
[Run 21 Gen 26] fe+=256 fe=6656 cost=3375561972.60 viol=2083102594.2208 obj=2086478156193.40

[Run 21 Gen 27] direct_component=1
[Run 21 Gen 27] fe+=256 fe=6912 cost=3435544945.21 viol=2077463302.7449 obj=2080898847690.13

[Run 21 Gen 28] direct_component=1
[Run 21 Gen 28] fe+=256 fe=7168 cost=3435544945.21 viol=2077463302.7449 obj=2080898847690.13

[Run 21 Gen 29] direct_component=1
