[RunConfig] run_id=2 seed=1002
[OutputDir] /work/home/acn1eb8nfq/yuezhang46/UScode/US实验二：分解模块/gcpcc_logs_US_wo/run_02_seed_1002
[Data] nodes=4301
[1/5] Load scenarios
  2020: raw_edges=5296 days=366
  2025: raw_edges=5296 days=365
  2030: raw_edges=5296 days=365
  2035: raw_edges=5296 days=365
  2040: raw_edges=5296 days=366
[Filter] w_min=1.0
  active=2914 inactive=1387(fixed NONE)
  2020: removed=2048 kept=3248
  2025: removed=2048 kept=3248
  2030: removed=2048 kept=3248
  2035: removed=2048 kept=3248
  2040: removed=2048 kept=3248
  2020: filtered_edges=3248
  2025: filtered_edges=3248
  2030: filtered_edges=3248
  2035: filtered_edges=3248
  2040: filtered_edges=3248
[2/5] Direct sub-optimizer on full active graph
  component_size=2914 (no decomposition)
[3/5] Initialize plan
  init: cost=1842981082.19 viol=3114262698.1239 obj=3116105679206.11
[4/5] Outer iterations

[Run 02 Gen 1] direct_component=1
[Run 02 Gen 1] fe+=256 fe=256 cost=2792283452.05 viol=2494391732.8579 obj=2497184016309.93

[Run 02 Gen 2] direct_component=1
[Run 02 Gen 2] fe+=256 fe=512 cost=3070745794.52 viol=2305283565.9694 obj=2308354311763.93

[Run 02 Gen 3] direct_component=1
[Run 02 Gen 3] fe+=256 fe=768 cost=3275448493.15 viol=2225481749.8207 obj=2228757198313.89

[Run 02 Gen 4] direct_component=1
[Run 02 Gen 4] fe+=256 fe=1024 cost=3358884753.42 viol=2185102645.8451 obj=2188461530598.49

[Run 02 Gen 5] direct_component=1
[Run 02 Gen 5] fe+=256 fe=1280 cost=3375061917.81 viol=2142620797.2046 obj=2145995859122.39

[Run 02 Gen 6] direct_component=1
[Run 02 Gen 6] fe+=256 fe=1536 cost=3394464602.74 viol=2117893740.9310 obj=2121288205533.76

[Run 02 Gen 7] direct_component=1
[Run 02 Gen 7] fe+=256 fe=1792 cost=3388313671.23 viol=2117824934.1890 obj=2121213247860.24

[Run 02 Gen 8] direct_component=1
[Run 02 Gen 8] fe+=256 fe=2048 cost=3428394013.70 viol=2109801445.8115 obj=2113229839825.23

[Run 02 Gen 9] direct_component=1
[Run 02 Gen 9] fe+=256 fe=2304 cost=3428394013.70 viol=2109801445.8115 obj=2113229839825.23

[Run 02 Gen 10] direct_component=1
[Run 02 Gen 10] fe+=256 fe=2560 cost=3425668602.74 viol=2102982887.8622 obj=2106408556464.91

[Run 02 Gen 11] direct_component=1
[Run 02 Gen 11] fe+=256 fe=2816 cost=3425668602.74 viol=2102982887.8622 obj=2106408556464.91

[Run 02 Gen 12] direct_component=1
[Run 02 Gen 12] fe+=256 fe=3072 cost=3425668602.74 viol=2102982887.8622 obj=2106408556464.91

[Run 02 Gen 13] direct_component=1
[Run 02 Gen 13] fe+=256 fe=3328 cost=3425668602.74 viol=2102982887.8622 obj=2106408556464.91

[Run 02 Gen 14] direct_component=1
[Run 02 Gen 14] fe+=256 fe=3584 cost=3425668602.74 viol=2102982887.8622 obj=2106408556464.91

[Run 02 Gen 15] direct_component=1
[Run 02 Gen 15] fe+=256 fe=3840 cost=3412566958.90 viol=2100842622.5493 obj=2104255189508.22

[Run 02 Gen 16] direct_component=1
[Run 02 Gen 16] fe+=256 fe=4096 cost=3412566958.90 viol=2100842622.5493 obj=2104255189508.22

[Run 02 Gen 17] direct_component=1
[Run 02 Gen 17] fe+=256 fe=4352 cost=3412566958.90 viol=2100842622.5493 obj=2104255189508.22

[Run 02 Gen 18] direct_component=1
[Run 02 Gen 18] fe+=256 fe=4608 cost=3412566958.90 viol=2100842622.5493 obj=2104255189508.22

[Run 02 Gen 19] direct_component=1
[Run 02 Gen 19] fe+=256 fe=4864 cost=3412566958.90 viol=2100842622.5493 obj=2104255189508.22

[Run 02 Gen 20] direct_component=1
[Run 02 Gen 20] fe+=256 fe=5120 cost=3412566958.90 viol=2100842622.5493 obj=2104255189508.22

[Run 02 Gen 21] direct_component=1
[Run 02 Gen 21] fe+=256 fe=5376 cost=3393864438.36 viol=2096655169.4739 obj=2100049033912.24

[Run 02 Gen 22] direct_component=1
[Run 02 Gen 22] fe+=256 fe=5632 cost=3430794397.26 viol=2084419970.9834 obj=2087850765380.69

[Run 02 Gen 23] direct_component=1
[Run 02 Gen 23] fe+=256 fe=5888 cost=3455897849.32 viol=2074390765.3118 obj=2077846663161.09

[Run 02 Gen 24] direct_component=1
[Run 02 Gen 24] fe+=256 fe=6144 cost=3487502123.29 viol=2067913624.0490 obj=2071401126172.27

[Run 02 Gen 25] direct_component=1
[Run 02 Gen 25] fe+=256 fe=6400 cost=3487502123.29 viol=2067913624.0490 obj=2071401126172.27

[Run 02 Gen 26] direct_component=1
[Run 02 Gen 26] fe+=256 fe=6656 cost=3487502123.29 viol=2067913624.0490 obj=2071401126172.27

[Run 02 Gen 27] direct_component=1
[Run 02 Gen 27] fe+=256 fe=6912 cost=3487502123.29 viol=2067913624.0490 obj=2071401126172.27

[Run 02 Gen 28] direct_component=1
[Run 02 Gen 28] fe+=256 fe=7168 cost=3487502123.29 viol=2067913624.0490 obj=2071401126172.27

[Run 02 Gen 29] direct_component=1
