[RunConfig] run_id=6 seed=1006
[OutputDir] /work/home/acn1eb8nfq/yuezhang46/UScode/US实验二：分解模块/gcpcc_logs_US_wo/run_06_seed_1006
[Data] nodes=4301
[1/5] Load scenarios
  2020: raw_edges=5296 days=366
  2025: raw_edges=5296 days=365
  2030: raw_edges=5296 days=365
  2035: raw_edges=5296 days=365
  2040: raw_edges=5296 days=366
[Filter] w_min=1.0
  active=2914 inactive=1387(fixed NONE)
  2020: removed=2048 kept=3248
  2025: removed=2048 kept=3248
  2030: removed=2048 kept=3248
  2035: removed=2048 kept=3248
  2040: removed=2048 kept=3248
  2020: filtered_edges=3248
  2025: filtered_edges=3248
  2030: filtered_edges=3248
  2035: filtered_edges=3248
  2040: filtered_edges=3248
[2/5] Direct sub-optimizer on full active graph
  component_size=2914 (no decomposition)
[3/5] Initialize plan
  init: cost=1824478232.88 viol=3106184756.1409 obj=3108009234373.79
[4/5] Outer iterations

[Run 06 Gen 1] direct_component=1
[Run 06 Gen 1] fe+=256 fe=256 cost=2851291287.67 viol=2451947795.7223 obj=2454799087010.01

[Run 06 Gen 2] direct_component=1
[Run 06 Gen 2] fe+=256 fe=512 cost=3099024602.74 viol=2291092638.2175 obj=2294191662820.27

[Run 06 Gen 3] direct_component=1
[Run 06 Gen 3] fe+=256 fe=768 cost=3293025876.71 viol=2168372830.3287 obj=2171665856205.38

[Run 06 Gen 4] direct_component=1
[Run 06 Gen 4] fe+=256 fe=1024 cost=3315128726.03 viol=2157213098.2742 obj=2160528227000.25

[Run 06 Gen 5] direct_component=1
[Run 06 Gen 5] fe+=256 fe=1280 cost=3306352383.56 viol=2140401357.9695 obj=2143707710353.09

[Run 06 Gen 6] direct_component=1
[Run 06 Gen 6] fe+=256 fe=1536 cost=3310402931.51 viol=2133795352.1979 obj=2137105755129.44

[Run 06 Gen 7] direct_component=1
[Run 06 Gen 7] fe+=256 fe=1792 cost=3310402931.51 viol=2133795352.1979 obj=2137105755129.44

[Run 06 Gen 8] direct_component=1
[Run 06 Gen 8] fe+=256 fe=2048 cost=3310402931.51 viol=2133795352.1979 obj=2137105755129.44

[Run 06 Gen 9] direct_component=1
[Run 06 Gen 9] fe+=256 fe=2304 cost=3310402931.51 viol=2133795352.1979 obj=2137105755129.44

[Run 06 Gen 10] direct_component=1
[Run 06 Gen 10] fe+=256 fe=2560 cost=3320204301.37 viol=2115582122.4491 obj=2118902326750.44

[Run 06 Gen 11] direct_component=1
[Run 06 Gen 11] fe+=256 fe=2816 cost=3303727191.78 viol=2102951646.6349 obj=2106255373826.67

[Run 06 Gen 12] direct_component=1
[Run 06 Gen 12] fe+=256 fe=3072 cost=3303727191.78 viol=2102951646.6349 obj=2106255373826.67

[Run 06 Gen 13] direct_component=1
[Run 06 Gen 13] fe+=256 fe=3328 cost=3338256767.12 viol=2088680190.6136 obj=2092018447380.69

[Run 06 Gen 14] direct_component=1
[Run 06 Gen 14] fe+=256 fe=3584 cost=3336656493.15 viol=2083215854.6793 obj=2086552511172.44

[Run 06 Gen 15] direct_component=1
[Run 06 Gen 15] fe+=256 fe=3840 cost=3336656493.15 viol=2083215854.6793 obj=2086552511172.44

[Run 06 Gen 16] direct_component=1
[Run 06 Gen 16] fe+=256 fe=4096 cost=3336656493.15 viol=2083215854.6793 obj=2086552511172.44

[Run 06 Gen 17] direct_component=1
[Run 06 Gen 17] fe+=256 fe=4352 cost=3336656493.15 viol=2083215854.6793 obj=2086552511172.44

[Run 06 Gen 18] direct_component=1
[Run 06 Gen 18] fe+=256 fe=4608 cost=3375086780.82 viol=2068913443.6509 obj=2072288530431.69

[Run 06 Gen 19] direct_component=1
[Run 06 Gen 19] fe+=256 fe=4864 cost=3375086780.82 viol=2068913443.6509 obj=2072288530431.69

[Run 06 Gen 20] direct_component=1
[Run 06 Gen 20] fe+=256 fe=5120 cost=3375086780.82 viol=2068913443.6509 obj=2072288530431.69

[Run 06 Gen 21] direct_component=1
[Run 06 Gen 21] fe+=256 fe=5376 cost=3375086780.82 viol=2068913443.6509 obj=2072288530431.69

[Run 06 Gen 22] direct_component=1
[Run 06 Gen 22] fe+=256 fe=5632 cost=3375086780.82 viol=2068913443.6509 obj=2072288530431.69

[Run 06 Gen 23] direct_component=1
[Run 06 Gen 23] fe+=256 fe=5888 cost=3425743630.14 viol=2065863169.0839 obj=2069288912714.05

[Run 06 Gen 24] direct_component=1
[Run 06 Gen 24] fe+=256 fe=6144 cost=3415192205.48 viol=2064909196.0284 obj=2068324388233.93

[Run 06 Gen 25] direct_component=1
[Run 06 Gen 25] fe+=256 fe=6400 cost=3415192205.48 viol=2064909196.0284 obj=2068324388233.93

[Run 06 Gen 26] direct_component=1
[Run 06 Gen 26] fe+=256 fe=6656 cost=3415192205.48 viol=2064909196.0284 obj=2068324388233.93

[Run 06 Gen 27] direct_component=1
[Run 06 Gen 27] fe+=256 fe=6912 cost=3415192205.48 viol=2064909196.0284 obj=2068324388233.93

[Run 06 Gen 28] direct_component=1
[Run 06 Gen 28] fe+=256 fe=7168 cost=3415192205.48 viol=2064909196.0284 obj=2068324388233.93

[Run 06 Gen 29] direct_component=1
[Run 06 Gen 29] fe+=256 fe=7424 cost=3415192205.48 viol=2064909196.0284 obj=2068324388233.93

[Run 06 Gen 30] direct_component=1
[Run 06 Gen 30] fe+=256 fe=7680 cost=3425193630.14 viol=2059737667.0344 obj=2063162860664.51

[Run 06 Gen 31] direct_component=1
[Run 06 Gen 31] fe+=256 fe=7936 cost=3425193630.14 viol=2059737667.0344 obj=2063162860664.51

[Run 06 Gen 32] direct_component=1
[Run 06 Gen 32] fe+=256 fe=8192 cost=3425193630.14 viol=2059737667.0344 obj=2063162860664.51

[Run 06 Gen 33] direct_component=1
[Run 06 Gen 33] fe+=256 fe=8448 cost=3425193630.14 viol=2059737667.0344 obj=2063162860664.51

[Run 06 Gen 34] direct_component=1
[Run 06 Gen 34] fe+=256 fe=8704 cost=3425193630.14 viol=2059737667.0344 obj=2063162860664.51

[Run 06 Gen 35] direct_component=1
[Run 06 Gen 35] fe+=256 fe=8960 cost=3425193630.14 viol=2059737667.0344 obj=2063162860664.51

[Run 06 Gen 36] direct_component=1
[Run 06 Gen 36] fe+=256 fe=9216 cost=3426243794.52 viol=2049259624.9069 obj=2052685868701.37

[Run 06 Gen 37] direct_component=1
[Run 06 Gen 37] fe+=256 fe=9472 cost=3447296643.84 viol=2047209370.0388 obj=2050656666682.61

[Run 06 Gen 38] direct_component=1
[Run 06 Gen 38] fe+=256 fe=9728 cost=3447296643.84 viol=2047209370.0388 obj=2050656666682.61

[Run 06 Gen 39] direct_component=1
[Run 06 Gen 39] fe+=256 fe=9984 cost=3447296643.84 viol=2047209370.0388 obj=2050656666682.61

[Run 06 Gen 40] direct_component=1
[Run 06 Gen 40] fe+=256 fe=10240 cost=3447296643.84 viol=2047209370.0388 obj=2050656666682.61

[Run 06 Gen 41] direct_component=1
[Run 06 Gen 41] fe+=256 fe=10496 cost=3447296643.84 viol=2047209370.0388 obj=2050656666682.61

[Run 06 Gen 42] direct_component=1
[Run 06 Gen 42] fe+=256 fe=10752 cost=3447296643.84 viol=2047209370.0388 obj=2050656666682.61

[Run 06 Gen 43] direct_component=1
[Run 06 Gen 43] fe+=256 fe=11008 cost=3447296643.84 viol=2047209370.0388 obj=2050656666682.61

[Run 06 Gen 44] direct_component=1
[Run 06 Gen 44] fe+=256 fe=11264 cost=3447296643.84 viol=2047209370.0388 obj=2050656666682.61

[Run 06 Gen 45] direct_component=1
[Run 06 Gen 45] fe+=256 fe=11520 cost=3447296643.84 viol=2047209370.0388 obj=2050656666682.61

[Run 06 Gen 46] direct_component=1
[Run 06 Gen 46] fe+=256 fe=11776 cost=3447296643.84 viol=2047209370.0388 obj=2050656666682.61

[Run 06 Gen 47] direct_component=1
[Run 06 Gen 47] fe+=256 fe=12032 cost=3447296643.84 viol=2047209370.0388 obj=2050656666682.61

[Run 06 Gen 48] direct_component=1
[Run 06 Gen 48] fe+=256 fe=12288 cost=3447296643.84 viol=2047209370.0388 obj=2050656666682.61

[Run 06 Gen 49] direct_component=1
[Run 06 Gen 49] fe+=256 fe=12544 cost=3498128520.55 viol=2021585115.9725 obj=2025083244493.03

[Run 06 Gen 50] direct_component=1
[Run 06 Gen 50] fe+=256 fe=12800 cost=3498128520.55 viol=2021585115.9725 obj=2025083244493.03
[Stop] reached max_outer_gen=50
[5/5] Write outputs
[Done] summary=/work/home/acn1eb8nfq/yuezhang46/UScode/US实验二：分解模块/gcpcc_logs_US_wo/run_06_seed_1006/runs_summary.csv
