[RunConfig] run_id=22 seed=1022
[OutputDir] /work/home/acn1eb8nfq/yuezhang46/UScode/US实验二：分解模块/gcpcc_logs_US_wo/run_22_seed_1022
[Data] nodes=4301
[1/5] Load scenarios
  2020: raw_edges=5296 days=366
  2025: raw_edges=5296 days=365
  2030: raw_edges=5296 days=365
  2035: raw_edges=5296 days=365
  2040: raw_edges=5296 days=366
[Filter] w_min=1.0
  active=2914 inactive=1387(fixed NONE)
  2020: removed=2048 kept=3248
  2025: removed=2048 kept=3248
  2030: removed=2048 kept=3248
  2035: removed=2048 kept=3248
  2040: removed=2048 kept=3248
  2020: filtered_edges=3248
  2025: filtered_edges=3248
  2030: filtered_edges=3248
  2035: filtered_edges=3248
  2040: filtered_edges=3248
[2/5] Direct sub-optimizer on full active graph
  component_size=2914 (no decomposition)
[3/5] Initialize plan
  init: cost=1785072808.22 viol=3120556004.0186 obj=3122341076826.80
[4/5] Outer iterations

[Run 22 Gen 1] direct_component=1
[Run 22 Gen 1] fe+=256 fe=256 cost=2749402178.08 viol=2477646808.6879 obj=2480396210865.96

[Run 22 Gen 2] direct_component=1
[Run 22 Gen 2] fe+=256 fe=512 cost=3086672849.32 viol=2297526392.5223 obj=2300613065371.64

[Run 22 Gen 3] direct_component=1
[Run 22 Gen 3] fe+=256 fe=768 cost=3166708561.64 viol=2247369971.3769 obj=2250536679938.51

[Run 22 Gen 4] direct_component=1
[Run 22 Gen 4] fe+=256 fe=1024 cost=3184686109.59 viol=2219569050.9761 obj=2222753737085.71

[Run 22 Gen 5] direct_component=1
[Run 22 Gen 5] fe+=256 fe=1280 cost=3207764205.48 viol=2204080600.7652 obj=2207288364970.65

[Run 22 Gen 6] direct_component=1
[Run 22 Gen 6] fe+=256 fe=1536 cost=3271172698.63 viol=2174941470.0677 obj=2178212642766.37

[Run 22 Gen 7] direct_component=1
[Run 22 Gen 7] fe+=256 fe=1792 cost=3271172698.63 viol=2174941470.0677 obj=2178212642766.37

[Run 22 Gen 8] direct_component=1
[Run 22 Gen 8] fe+=256 fe=2048 cost=3271172698.63 viol=2174941470.0677 obj=2178212642766.37

[Run 22 Gen 9] direct_component=1
[Run 22 Gen 9] fe+=256 fe=2304 cost=3317053917.81 viol=2169448325.3913 obj=2172765379309.10

[Run 22 Gen 10] direct_component=1
[Run 22 Gen 10] fe+=256 fe=2560 cost=3344432561.64 viol=2123177476.1816 obj=2126521908743.24

[Run 22 Gen 11] direct_component=1
[Run 22 Gen 11] fe+=256 fe=2816 cost=3322079657.53 viol=2117298946.9251 obj=2120621026582.63

[Run 22 Gen 12] direct_component=1
[Run 22 Gen 12] fe+=256 fe=3072 cost=3322079657.53 viol=2117298946.9251 obj=2120621026582.63

[Run 22 Gen 13] direct_component=1
[Run 22 Gen 13] fe+=256 fe=3328 cost=3322079657.53 viol=2117298946.9251 obj=2120621026582.63

[Run 22 Gen 14] direct_component=1
[Run 22 Gen 14] fe+=256 fe=3584 cost=3324905068.49 viol=2109680615.8563 obj=2113005520924.81

[Run 22 Gen 15] direct_component=1
[Run 22 Gen 15] fe+=256 fe=3840 cost=3352708849.32 viol=2099688255.4288 obj=2103040964278.07

[Run 22 Gen 16] direct_component=1
[Run 22 Gen 16] fe+=256 fe=4096 cost=3352708849.32 viol=2099688255.4288 obj=2103040964278.07

[Run 22 Gen 17] direct_component=1
[Run 22 Gen 17] fe+=256 fe=4352 cost=3365985630.14 viol=2094468313.2680 obj=2097834298898.10

[Run 22 Gen 18] direct_component=1
[Run 22 Gen 18] fe+=256 fe=4608 cost=3331806000.00 viol=2085836636.2793 obj=2089168442279.26

[Run 22 Gen 19] direct_component=1
[Run 22 Gen 19] fe+=256 fe=4864 cost=3356909342.47 viol=2081497454.0013 obj=2084854363343.77

[Run 22 Gen 20] direct_component=1
[Run 22 Gen 20] fe+=256 fe=5120 cost=3356909342.47 viol=2081497454.0013 obj=2084854363343.77

[Run 22 Gen 21] direct_component=1
[Run 22 Gen 21] fe+=256 fe=5376 cost=3356909342.47 viol=2081497454.0013 obj=2084854363343.77

[Run 22 Gen 22] direct_component=1
[Run 22 Gen 22] fe+=256 fe=5632 cost=3335956547.95 viol=2080055519.7648 obj=2083391476312.77

[Run 22 Gen 23] direct_component=1
[Run 22 Gen 23] fe+=256 fe=5888 cost=3335956547.95 viol=2080055519.7648 obj=2083391476312.77

[Run 22 Gen 24] direct_component=1
[Run 22 Gen 24] fe+=256 fe=6144 cost=3335956547.95 viol=2080055519.7648 obj=2083391476312.77

[Run 22 Gen 25] direct_component=1
[Run 22 Gen 25] fe+=256 fe=6400 cost=3345432835.62 viol=2078005437.9989 obj=2081350870834.51

[Run 22 Gen 26] direct_component=1
[Run 22 Gen 26] fe+=256 fe=6656 cost=3345432835.62 viol=2078005437.9989 obj=2081350870834.51

[Run 22 Gen 27] direct_component=1
[Run 22 Gen 27] fe+=256 fe=6912 cost=3345432835.62 viol=2078005437.9989 obj=2081350870834.51

[Run 22 Gen 28] direct_component=1
[Run 22 Gen 28] fe+=256 fe=7168 cost=3345432835.62 viol=2078005437.9989 obj=2081350870834.51

[Run 22 Gen 29] direct_component=1
[Run 22 Gen 29] fe+=256 fe=7424 cost=3345432835.62 viol=2078005437.9989 obj=2081350870834.51

[Run 22 Gen 30] direct_component=1
[Run 22 Gen 30] fe+=256 fe=7680 cost=3345432835.62 viol=2078005437.9989 obj=2081350870834.51

[Run 22 Gen 31] direct_component=1
[Run 22 Gen 31] fe+=256 fe=7936 cost=3345432835.62 viol=2078005437.9989 obj=2081350870834.51

[Run 22 Gen 32] direct_component=1
[Run 22 Gen 32] fe+=256 fe=8192 cost=3345432835.62 viol=2078005437.9989 obj=2081350870834.51

[Run 22 Gen 33] direct_component=1
[Run 22 Gen 33] fe+=256 fe=8448 cost=3345432835.62 viol=2078005437.9989 obj=2081350870834.51

[Run 22 Gen 34] direct_component=1
[Run 22 Gen 34] fe+=256 fe=8704 cost=3345432835.62 viol=2078005437.9989 obj=2081350870834.51

[Run 22 Gen 35] direct_component=1
[Run 22 Gen 35] fe+=256 fe=8960 cost=3345432835.62 viol=2078005437.9989 obj=2081350870834.51

[Run 22 Gen 36] direct_component=1
[Run 22 Gen 36] fe+=256 fe=9216 cost=3345432835.62 viol=2078005437.9989 obj=2081350870834.51

[Run 22 Gen 37] direct_component=1
[Run 22 Gen 37] fe+=256 fe=9472 cost=3368985849.32 viol=2067456370.0469 obj=2070825355896.19

[Run 22 Gen 38] direct_component=1
[Run 22 Gen 38] fe+=256 fe=9728 cost=3368985849.32 viol=2067456370.0469 obj=2070825355896.19

[Run 22 Gen 39] direct_component=1
[Run 22 Gen 39] fe+=256 fe=9984 cost=3368985849.32 viol=2067456370.0469 obj=2070825355896.19

[Run 22 Gen 40] direct_component=1
[Run 22 Gen 40] fe+=256 fe=10240 cost=3368985849.32 viol=2067456370.0469 obj=2070825355896.19

[Run 22 Gen 41] direct_component=1
[Run 22 Gen 41] fe+=256 fe=10496 cost=3368985849.32 viol=2067456370.0469 obj=2070825355896.19

[Run 22 Gen 42] direct_component=1
[Run 22 Gen 42] fe+=256 fe=10752 cost=3368985849.32 viol=2067456370.0469 obj=2070825355896.19

[Run 22 Gen 43] direct_component=1
[Run 22 Gen 43] fe+=256 fe=11008 cost=3368985849.32 viol=2067456370.0469 obj=2070825355896.19

[Run 22 Gen 44] direct_component=1
[Run 22 Gen 44] fe+=256 fe=11264 cost=3368985849.32 viol=2067456370.0469 obj=2070825355896.19

[Run 22 Gen 45] direct_component=1
[Run 22 Gen 45] fe+=256 fe=11520 cost=3368985849.32 viol=2067456370.0469 obj=2070825355896.19

[Run 22 Gen 46] direct_component=1
[Run 22 Gen 46] fe+=256 fe=11776 cost=3368985849.32 viol=2067456370.0469 obj=2070825355896.19

[Run 22 Gen 47] direct_component=1
[Run 22 Gen 47] fe+=256 fe=12032 cost=3368985849.32 viol=2067456370.0469 obj=2070825355896.19

[Run 22 Gen 48] direct_component=1
[Run 22 Gen 48] fe+=256 fe=12288 cost=3368985849.32 viol=2067456370.0469 obj=2070825355896.19

[Run 22 Gen 49] direct_component=1
[Run 22 Gen 49] fe+=256 fe=12544 cost=3368985849.32 viol=2067456370.0469 obj=2070825355896.19

[Run 22 Gen 50] direct_component=1
[Run 22 Gen 50] fe+=256 fe=12800 cost=3368985849.32 viol=2067456370.0469 obj=2070825355896.19
[Stop] reached max_outer_gen=50
[5/5] Write outputs
[Done] summary=/work/home/acn1eb8nfq/yuezhang46/UScode/US实验二：分解模块/gcpcc_logs_US_wo/run_22_seed_1022/runs_summary.csv
