[RunConfig] run_id=25 seed=1025
[OutputDir] /work/home/acn1eb8nfq/yuezhang46/UScode/US实验二：分解模块/gcpcc_logs_US_wo/run_25_seed_1025
[Data] nodes=4301
[1/5] Load scenarios
  2020: raw_edges=5296 days=366
  2025: raw_edges=5296 days=365
  2030: raw_edges=5296 days=365
  2035: raw_edges=5296 days=365
  2040: raw_edges=5296 days=366
[Filter] w_min=1.0
  active=2914 inactive=1387(fixed NONE)
  2020: removed=2048 kept=3248
  2025: removed=2048 kept=3248
  2030: removed=2048 kept=3248
  2035: removed=2048 kept=3248
  2040: removed=2048 kept=3248
  2020: filtered_edges=3248
  2025: filtered_edges=3248
  2030: filtered_edges=3248
  2035: filtered_edges=3248
  2040: filtered_edges=3248
[2/5] Direct sub-optimizer on full active graph
  component_size=2914 (no decomposition)
[3/5] Initialize plan
  init: cost=1860083164.38 viol=3061894840.0807 obj=3063754923245.09
[4/5] Outer iterations

[Run 25 Gen 1] direct_component=1
[Run 25 Gen 1] fe+=256 fe=256 cost=2758378794.52 viol=2485694692.1390 obj=2488453070933.49

[Run 25 Gen 2] direct_component=1
[Run 25 Gen 2] fe+=256 fe=512 cost=3151331890.41 viol=2313751099.7046 obj=2316902431594.98

[Run 25 Gen 3] direct_component=1
[Run 25 Gen 3] fe+=256 fe=768 cost=3267672369.86 viol=2198632975.0304 obj=2201900647400.27

[Run 25 Gen 4] direct_component=1
[Run 25 Gen 4] fe+=256 fe=1024 cost=3261521547.95 viol=2192063305.1926 obj=2195324826740.50

[Run 25 Gen 5] direct_component=1
[Run 25 Gen 5] fe+=256 fe=1280 cost=3261521547.95 viol=2192063305.1926 obj=2195324826740.50

[Run 25 Gen 6] direct_component=1
[Run 25 Gen 6] fe+=256 fe=1536 cost=3258696191.78 viol=2180184384.3328 obj=2183443080524.54

[Run 25 Gen 7] direct_component=1
[Run 25 Gen 7] fe+=256 fe=1792 cost=3258696191.78 viol=2180184384.3328 obj=2183443080524.54

[Run 25 Gen 8] direct_component=1
[Run 25 Gen 8] fe+=256 fe=2048 cost=3264447068.49 viol=2168079600.0839 obj=2171344047152.41

[Run 25 Gen 9] direct_component=1
[Run 25 Gen 9] fe+=256 fe=2304 cost=3283174506.85 viol=2158758132.6078 obj=2162041307114.67

[Run 25 Gen 10] direct_component=1
[Run 25 Gen 10] fe+=256 fe=2560 cost=3332981191.78 viol=2124507933.3470 obj=2127840914538.73

[Run 25 Gen 11] direct_component=1
[Run 25 Gen 11] fe+=256 fe=2816 cost=3321054630.14 viol=2122349351.2426 obj=2125670405872.78

[Run 25 Gen 12] direct_component=1
[Run 25 Gen 12] fe+=256 fe=3072 cost=3337181849.32 viol=2116810463.7771 obj=2120147645626.43

[Run 25 Gen 13] direct_component=1
[Run 25 Gen 13] fe+=256 fe=3328 cost=3337181849.32 viol=2116810463.7771 obj=2120147645626.43

[Run 25 Gen 14] direct_component=1
[Run 25 Gen 14] fe+=256 fe=3584 cost=3337181849.32 viol=2116810463.7771 obj=2120147645626.43

[Run 25 Gen 15] direct_component=1
[Run 25 Gen 15] fe+=256 fe=3840 cost=3337181849.32 viol=2116810463.7771 obj=2120147645626.43

[Run 25 Gen 16] direct_component=1
[Run 25 Gen 16] fe+=256 fe=4096 cost=3322604904.11 viol=2114560171.3011 obj=2117882776205.17

[Run 25 Gen 17] direct_component=1
[Run 25 Gen 17] fe+=256 fe=4352 cost=3322604904.11 viol=2114560171.3011 obj=2117882776205.17

[Run 25 Gen 18] direct_component=1
[Run 25 Gen 18] fe+=256 fe=4608 cost=3333706383.56 viol=2114381812.3223 obj=2117715518705.82

[Run 25 Gen 19] direct_component=1
[Run 25 Gen 19] fe+=256 fe=4864 cost=3353109013.70 viol=2110416525.3358 obj=2113769634349.48

[Run 25 Gen 20] direct_component=1
[Run 25 Gen 20] fe+=256 fe=5120 cost=3357284424.66 viol=2105642556.4169 obj=2108999840841.53

[Run 25 Gen 21] direct_component=1
[Run 25 Gen 21] fe+=256 fe=5376 cost=3401365424.66 viol=2104741643.9062 obj=2108143009330.82

[Run 25 Gen 22] direct_component=1
[Run 25 Gen 22] fe+=256 fe=5632 cost=3401365424.66 viol=2104741643.9062 obj=2108143009330.82

[Run 25 Gen 23] direct_component=1
[Run 25 Gen 23] fe+=256 fe=5888 cost=3405765972.60 viol=2101928392.9796 obj=2105334158952.25

[Run 25 Gen 24] direct_component=1
[Run 25 Gen 24] fe+=256 fe=6144 cost=3420643082.19 viol=2091996691.8796 obj=2095417334961.84

[Run 25 Gen 25] direct_component=1
[Run 25 Gen 25] fe+=256 fe=6400 cost=3420643082.19 viol=2091996691.8796 obj=2095417334961.84

[Run 25 Gen 26] direct_component=1
[Run 25 Gen 26] fe+=256 fe=6656 cost=3420643082.19 viol=2091996691.8796 obj=2095417334961.84

[Run 25 Gen 27] direct_component=1
[Run 25 Gen 27] fe+=256 fe=6912 cost=3420643082.19 viol=2091996691.8796 obj=2095417334961.84

[Run 25 Gen 28] direct_component=1
[Run 25 Gen 28] fe+=256 fe=7168 cost=3416417452.05 viol=2081877174.1980 obj=2085293591650.07

[Run 25 Gen 29] direct_component=1
[Run 25 Gen 29] fe+=256 fe=7424 cost=3416942534.25 viol=2078334862.0152 obj=2081751804549.41

[Run 25 Gen 30] direct_component=1
