[RunConfig] run_id=23 seed=1023
[OutputDir] /work/home/acn1eb8nfq/yuezhang46/UScode/US实验二：分解模块/gcpcc_logs_US_wo/run_23_seed_1023
[Data] nodes=4301
[1/5] Load scenarios
  2020: raw_edges=5296 days=366
  2025: raw_edges=5296 days=365
  2030: raw_edges=5296 days=365
  2035: raw_edges=5296 days=365
  2040: raw_edges=5296 days=366
[Filter] w_min=1.0
  active=2914 inactive=1387(fixed NONE)
  2020: removed=2048 kept=3248
  2025: removed=2048 kept=3248
  2030: removed=2048 kept=3248
  2035: removed=2048 kept=3248
  2040: removed=2048 kept=3248
  2020: filtered_edges=3248
  2025: filtered_edges=3248
  2030: filtered_edges=3248
  2035: filtered_edges=3248
  2040: filtered_edges=3248
[2/5] Direct sub-optimizer on full active graph
  component_size=2914 (no decomposition)
[3/5] Initialize plan
  init: cost=1780097178.08 viol=3105968813.8499 obj=3107748911027.98
[4/5] Outer iterations

[Run 23 Gen 1] direct_component=1
[Run 23 Gen 1] fe+=256 fe=256 cost=2760578904.11 viol=2492294007.4873 obj=2495054586391.44

[Run 23 Gen 2] direct_component=1
[Run 23 Gen 2] fe+=256 fe=512 cost=3069870493.15 viol=2282844111.0043 obj=2285913981497.43

[Run 23 Gen 3] direct_component=1
[Run 23 Gen 3] fe+=256 fe=768 cost=3173934684.93 viol=2221064166.4189 obj=2224238101103.79

[Run 23 Gen 4] direct_component=1
[Run 23 Gen 4] fe+=256 fe=1024 cost=3259171219.18 viol=2212403265.4648 obj=2215662436684.01

[Run 23 Gen 5] direct_component=1
[Run 23 Gen 5] fe+=256 fe=1280 cost=3248769849.32 viol=2207557792.6092 obj=2210806562458.50

[Run 23 Gen 6] direct_component=1
[Run 23 Gen 6] fe+=256 fe=1536 cost=3317429273.97 viol=2169627037.2786 obj=2172944466552.53

[Run 23 Gen 7] direct_component=1
[Run 23 Gen 7] fe+=256 fe=1792 cost=3313753698.63 viol=2146065576.2538 obj=2149379329952.43

[Run 23 Gen 8] direct_component=1
[Run 23 Gen 8] fe+=256 fe=2048 cost=3313753698.63 viol=2146065576.2538 obj=2149379329952.43

[Run 23 Gen 9] direct_component=1
[Run 23 Gen 9] fe+=256 fe=2304 cost=3330755890.41 viol=2143321122.1093 obj=2146651877999.68

[Run 23 Gen 10] direct_component=1
[Run 23 Gen 10] fe+=256 fe=2560 cost=3330755890.41 viol=2143321122.1093 obj=2146651877999.68

[Run 23 Gen 11] direct_component=1
[Run 23 Gen 11] fe+=256 fe=2816 cost=3373061643.84 viol=2124878299.2892 obj=2128251360933.07

[Run 23 Gen 12] direct_component=1
[Run 23 Gen 12] fe+=256 fe=3072 cost=3373061643.84 viol=2124878299.2892 obj=2128251360933.07

[Run 23 Gen 13] direct_component=1
[Run 23 Gen 13] fe+=256 fe=3328 cost=3373061643.84 viol=2124878299.2892 obj=2128251360933.07

[Run 23 Gen 14] direct_component=1
[Run 23 Gen 14] fe+=256 fe=3584 cost=3373061643.84 viol=2124878299.2892 obj=2128251360933.07

[Run 23 Gen 15] direct_component=1
[Run 23 Gen 15] fe+=256 fe=3840 cost=3368560986.30 viol=2107240122.3743 obj=2110608683360.63

[Run 23 Gen 16] direct_component=1
[Run 23 Gen 16] fe+=256 fe=4096 cost=3393539356.16 viol=2098194083.4611 obj=2101587622817.25

[Run 23 Gen 17] direct_component=1
[Run 23 Gen 17] fe+=256 fe=4352 cost=3393539356.16 viol=2098194083.4611 obj=2101587622817.25

[Run 23 Gen 18] direct_component=1
[Run 23 Gen 18] fe+=256 fe=4608 cost=3392164328.77 viol=2096808741.4544 obj=2100200905783.13

[Run 23 Gen 19] direct_component=1
[Run 23 Gen 19] fe+=256 fe=4864 cost=3392164328.77 viol=2096808741.4544 obj=2100200905783.13

[Run 23 Gen 20] direct_component=1
[Run 23 Gen 20] fe+=256 fe=5120 cost=3374261972.60 viol=2092148369.8783 obj=2095522631850.95

[Run 23 Gen 21] direct_component=1
[Run 23 Gen 21] fe+=256 fe=5376 cost=3374261972.60 viol=2092148369.8783 obj=2095522631850.95

[Run 23 Gen 22] direct_component=1
[Run 23 Gen 22] fe+=256 fe=5632 cost=3374261972.60 viol=2092148369.8783 obj=2095522631850.95

[Run 23 Gen 23] direct_component=1
[Run 23 Gen 23] fe+=256 fe=5888 cost=3393289465.75 viol=2089219275.3814 obj=2092612564847.16

[Run 23 Gen 24] direct_component=1
[Run 23 Gen 24] fe+=256 fe=6144 cost=3393289465.75 viol=2089219275.3814 obj=2092612564847.16

[Run 23 Gen 25] direct_component=1
[Run 23 Gen 25] fe+=256 fe=6400 cost=3436720246.58 viol=2076190272.4987 obj=2079626992745.27

[Run 23 Gen 26] direct_component=1
[Run 23 Gen 26] fe+=256 fe=6656 cost=3428219150.68 viol=2071876390.6890 obj=2075304609839.67

[Run 23 Gen 27] direct_component=1
[Run 23 Gen 27] fe+=256 fe=6912 cost=3428219150.68 viol=2071876390.6890 obj=2075304609839.67

[Run 23 Gen 28] direct_component=1
[Run 23 Gen 28] fe+=256 fe=7168 cost=3428219150.68 viol=2071876390.6890 obj=2075304609839.67

[Run 23 Gen 29] direct_component=1
[Run 23 Gen 29] fe+=256 fe=7424 cost=3433744945.21 viol=2070599810.1043 obj=2074033555049.49

[Run 23 Gen 30] direct_component=1
[Run 23 Gen 30] fe+=256 fe=7680 cost=3428744287.67 viol=2063639287.4177 obj=2067068031705.39

[Run 23 Gen 31] direct_component=1
[Run 23 Gen 31] fe+=256 fe=7936 cost=3428744287.67 viol=2063639287.4177 obj=2067068031705.39

[Run 23 Gen 32] direct_component=1
[Run 23 Gen 32] fe+=256 fe=8192 cost=3428744287.67 viol=2063639287.4177 obj=2067068031705.39

[Run 23 Gen 33] direct_component=1
[Run 23 Gen 33] fe+=256 fe=8448 cost=3404916082.19 viol=2063640093.1712 obj=2067045009253.38

[Run 23 Gen 34] direct_component=1
[Run 23 Gen 34] fe+=256 fe=8704 cost=3400040506.85 viol=2060831499.3010 obj=2064231539807.84

[Run 23 Gen 35] direct_component=1
[Run 23 Gen 35] fe+=256 fe=8960 cost=3426994123.29 viol=2040632863.6857 obj=2044059857808.98

[Run 23 Gen 36] direct_component=1
[Run 23 Gen 36] fe+=256 fe=9216 cost=3426994123.29 viol=2040632863.6857 obj=2044059857808.98

[Run 23 Gen 37] direct_component=1
[Run 23 Gen 37] fe+=256 fe=9472 cost=3426994123.29 viol=2040632863.6857 obj=2044059857808.98

[Run 23 Gen 38] direct_component=1
[Run 23 Gen 38] fe+=256 fe=9728 cost=3426994123.29 viol=2040632863.6857 obj=2044059857808.98

[Run 23 Gen 39] direct_component=1
[Run 23 Gen 39] fe+=256 fe=9984 cost=3426994123.29 viol=2040632863.6857 obj=2044059857808.98

[Run 23 Gen 40] direct_component=1
[Run 23 Gen 40] fe+=256 fe=10240 cost=3426994123.29 viol=2040632863.6857 obj=2044059857808.98

[Run 23 Gen 41] direct_component=1
[Run 23 Gen 41] fe+=256 fe=10496 cost=3426994123.29 viol=2040632863.6857 obj=2044059857808.98

[Run 23 Gen 42] direct_component=1
[Run 23 Gen 42] fe+=256 fe=10752 cost=3426994123.29 viol=2040632863.6857 obj=2044059857808.98

[Run 23 Gen 43] direct_component=1
[Run 23 Gen 43] fe+=256 fe=11008 cost=3426994123.29 viol=2040632863.6857 obj=2044059857808.98

[Run 23 Gen 44] direct_component=1
[Run 23 Gen 44] fe+=256 fe=11264 cost=3426994123.29 viol=2040632863.6857 obj=2044059857808.98

[Run 23 Gen 45] direct_component=1
[Run 23 Gen 45] fe+=256 fe=11520 cost=3426994123.29 viol=2040632863.6857 obj=2044059857808.98

[Run 23 Gen 46] direct_component=1
[Run 23 Gen 46] fe+=256 fe=11776 cost=3426994123.29 viol=2040632863.6857 obj=2044059857808.98

[Run 23 Gen 47] direct_component=1
[Run 23 Gen 47] fe+=256 fe=12032 cost=3438670739.73 viol=2036841360.5611 obj=2040280031300.83

[Run 23 Gen 48] direct_component=1
[Run 23 Gen 48] fe+=256 fe=12288 cost=3438670739.73 viol=2036841360.5611 obj=2040280031300.83

[Run 23 Gen 49] direct_component=1
[Run 23 Gen 49] fe+=256 fe=12544 cost=3438670739.73 viol=2036841360.5611 obj=2040280031300.83

[Run 23 Gen 50] direct_component=1
[Run 23 Gen 50] fe+=256 fe=12800 cost=3438670739.73 viol=2036841360.5611 obj=2040280031300.83
[Stop] reached max_outer_gen=50
[5/5] Write outputs
[Done] summary=/work/home/acn1eb8nfq/yuezhang46/UScode/US实验二：分解模块/gcpcc_logs_US_wo/run_23_seed_1023/runs_summary.csv
