[RunConfig] run_id=5 seed=1005
[OutputDir] /work/home/acn1eb8nfq/yuezhang46/UScode/US实验二：分解模块/gcpcc_logs_US_wo/run_05_seed_1005
[Data] nodes=4301
[1/5] Load scenarios
  2020: raw_edges=5296 days=366
  2025: raw_edges=5296 days=365
  2030: raw_edges=5296 days=365
  2035: raw_edges=5296 days=365
  2040: raw_edges=5296 days=366
[Filter] w_min=1.0
  active=2914 inactive=1387(fixed NONE)
  2020: removed=2048 kept=3248
  2025: removed=2048 kept=3248
  2030: removed=2048 kept=3248
  2035: removed=2048 kept=3248
  2040: removed=2048 kept=3248
  2020: filtered_edges=3248
  2025: filtered_edges=3248
  2030: filtered_edges=3248
  2035: filtered_edges=3248
  2040: filtered_edges=3248
[2/5] Direct sub-optimizer on full active graph
  component_size=2914 (no decomposition)
[3/5] Initialize plan
  init: cost=1870259506.85 viol=3070023889.9670 obj=3071894149473.85
[4/5] Outer iterations

[Run 05 Gen 1] direct_component=1
[Run 05 Gen 1] fe+=256 fe=256 cost=2806235205.48 viol=2497677153.4744 obj=2500483388679.90

[Run 05 Gen 2] direct_component=1
[Run 05 Gen 2] fe+=256 fe=512 cost=3105350506.85 viol=2315495897.6924 obj=2318601248199.25

[Run 05 Gen 3] direct_component=1
[Run 05 Gen 3] fe+=256 fe=768 cost=3219840821.92 viol=2246270387.3972 obj=2249490228219.12

[Run 05 Gen 4] direct_component=1
[Run 05 Gen 4] fe+=256 fe=1024 cost=3310103150.68 viol=2187816544.9817 obj=2191126648132.40

[Run 05 Gen 5] direct_component=1
[Run 05 Gen 5] fe+=256 fe=1280 cost=3347558082.19 viol=2162826333.5343 obj=2166173891616.54

[Run 05 Gen 6] direct_component=1
[Run 05 Gen 6] fe+=256 fe=1536 cost=3363260219.18 viol=2141637611.0962 obj=2145000871315.35

[Run 05 Gen 7] direct_component=1
[Run 05 Gen 7] fe+=256 fe=1792 cost=3363260219.18 viol=2141637611.0962 obj=2145000871315.35

[Run 05 Gen 8] direct_component=1
[Run 05 Gen 8] fe+=256 fe=2048 cost=3415417232.88 viol=2136891424.6445 obj=2140306841877.34

[Run 05 Gen 9] direct_component=1
[Run 05 Gen 9] fe+=256 fe=2304 cost=3418292808.22 viol=2126980965.7140 obj=2130399258522.20

[Run 05 Gen 10] direct_component=1
[Run 05 Gen 10] fe+=256 fe=2560 cost=3412041986.30 viol=2125153426.9801 obj=2128565468966.42

[Run 05 Gen 11] direct_component=1
[Run 05 Gen 11] fe+=256 fe=2816 cost=3421143191.78 viol=2120516347.2102 obj=2123937490402.00

[Run 05 Gen 12] direct_component=1
[Run 05 Gen 12] fe+=256 fe=3072 cost=3404015808.22 viol=2116632697.8917 obj=2120036713699.91

[Run 05 Gen 13] direct_component=1
[Run 05 Gen 13] fe+=256 fe=3328 cost=3404015808.22 viol=2116632697.8917 obj=2120036713699.91

[Run 05 Gen 14] direct_component=1
[Run 05 Gen 14] fe+=256 fe=3584 cost=3421843136.99 viol=2104974098.6296 obj=2108395941766.57

[Run 05 Gen 15] direct_component=1
[Run 05 Gen 15] fe+=256 fe=3840 cost=3417867671.23 viol=2101439070.3490 obj=2104856938020.22

[Run 05 Gen 16] direct_component=1
[Run 05 Gen 16] fe+=256 fe=4096 cost=3428894123.29 viol=2100063538.5211 obj=2103492432644.42

[Run 05 Gen 17] direct_component=1
[Run 05 Gen 17] fe+=256 fe=4352 cost=3428894123.29 viol=2100063538.5211 obj=2103492432644.42

[Run 05 Gen 18] direct_component=1
[Run 05 Gen 18] fe+=256 fe=4608 cost=3428894123.29 viol=2100063538.5211 obj=2103492432644.42

[Run 05 Gen 19] direct_component=1
[Run 05 Gen 19] fe+=256 fe=4864 cost=3428894123.29 viol=2100063538.5211 obj=2103492432644.42

[Run 05 Gen 20] direct_component=1
[Run 05 Gen 20] fe+=256 fe=5120 cost=3426493794.52 viol=2091203246.5223 obj=2094629740316.82

[Run 05 Gen 21] direct_component=1
[Run 05 Gen 21] fe+=256 fe=5376 cost=3428894123.29 viol=2085231873.3908 obj=2088660767514.08

[Run 05 Gen 22] direct_component=1
[Run 05 Gen 22] fe+=256 fe=5632 cost=3428894123.29 viol=2085231873.3908 obj=2088660767514.08

[Run 05 Gen 23] direct_component=1
[Run 05 Gen 23] fe+=256 fe=5888 cost=3428894123.29 viol=2085231873.3908 obj=2088660767514.08

[Run 05 Gen 24] direct_component=1
[Run 05 Gen 24] fe+=256 fe=6144 cost=3425768657.53 viol=2082870960.5861 obj=2086296729243.65

[Run 05 Gen 25] direct_component=1
[Run 05 Gen 25] fe+=256 fe=6400 cost=3425768657.53 viol=2082870960.5861 obj=2086296729243.65

[Run 05 Gen 26] direct_component=1
[Run 05 Gen 26] fe+=256 fe=6656 cost=3451472054.79 viol=2079794949.0669 obj=2083246421121.71

[Run 05 Gen 27] direct_component=1
[Run 05 Gen 27] fe+=256 fe=6912 cost=3451472054.79 viol=2079794949.0669 obj=2083246421121.71

[Run 05 Gen 28] direct_component=1
[Run 05 Gen 28] fe+=256 fe=7168 cost=3455497684.93 viol=2078476100.2347 obj=2081931597919.64

[Run 05 Gen 29] direct_component=1
