[RunConfig] run_id=24 seed=1024
[OutputDir] /work/home/acn1eb8nfq/yuezhang46/UScode/US实验二：分解模块/gcpcc_logs_US_wo/run_24_seed_1024
[Data] nodes=4301
[1/5] Load scenarios
  2020: raw_edges=5296 days=366
  2025: raw_edges=5296 days=365
  2030: raw_edges=5296 days=365
  2035: raw_edges=5296 days=365
  2040: raw_edges=5296 days=366
[Filter] w_min=1.0
  active=2914 inactive=1387(fixed NONE)
  2020: removed=2048 kept=3248
  2025: removed=2048 kept=3248
  2030: removed=2048 kept=3248
  2035: removed=2048 kept=3248
  2040: removed=2048 kept=3248
  2020: filtered_edges=3248
  2025: filtered_edges=3248
  2030: filtered_edges=3248
  2035: filtered_edges=3248
  2040: filtered_edges=3248
[2/5] Direct sub-optimizer on full active graph
  component_size=2914 (no decomposition)
[3/5] Initialize plan
  init: cost=1823378013.70 viol=3100960230.4479 obj=3102783608461.65
[4/5] Outer iterations

[Run 24 Gen 1] direct_component=1
[Run 24 Gen 1] fe+=256 fe=256 cost=2840414726.03 viol=2454519778.4038 obj=2457360193129.81

[Run 24 Gen 2] direct_component=1
[Run 24 Gen 2] fe+=256 fe=512 cost=3094523835.62 viol=2292338318.2879 obj=2295432842123.53

[Run 24 Gen 3] direct_component=1
[Run 24 Gen 3] fe+=256 fe=768 cost=3207514205.48 viol=2217570606.3364 obj=2220778120541.92

[Run 24 Gen 4] direct_component=1
[Run 24 Gen 4] fe+=256 fe=1024 cost=3296501287.67 viol=2153395090.4836 obj=2156691591771.26

[Run 24 Gen 5] direct_component=1
[Run 24 Gen 5] fe+=256 fe=1280 cost=3307402712.33 viol=2134827085.9974 obj=2138134488709.78

[Run 24 Gen 6] direct_component=1
[Run 24 Gen 6] fe+=256 fe=1536 cost=3310453095.89 viol=2120687202.4673 obj=2123997655563.22

[Run 24 Gen 7] direct_component=1
[Run 24 Gen 7] fe+=256 fe=1792 cost=3310453095.89 viol=2120687202.4673 obj=2123997655563.22

[Run 24 Gen 8] direct_component=1
[Run 24 Gen 8] fe+=256 fe=2048 cost=3317954136.99 viol=2118739678.9520 obj=2122057633088.96

[Run 24 Gen 9] direct_component=1
[Run 24 Gen 9] fe+=256 fe=2304 cost=3339931958.90 viol=2100886508.0724 obj=2104226440031.32

[Run 24 Gen 10] direct_component=1
[Run 24 Gen 10] fe+=256 fe=2560 cost=3370936178.08 viol=2082407006.0610 obj=2085777942239.09

[Run 24 Gen 11] direct_component=1
[Run 24 Gen 11] fe+=256 fe=2816 cost=3371836287.67 viol=2081618826.5774 obj=2084990662865.11

[Run 24 Gen 12] direct_component=1
[Run 24 Gen 12] fe+=256 fe=3072 cost=3347458027.40 viol=2076970110.0786 obj=2080317568106.01

[Run 24 Gen 13] direct_component=1
[Run 24 Gen 13] fe+=256 fe=3328 cost=3347458027.40 viol=2076970110.0786 obj=2080317568106.01

[Run 24 Gen 14] direct_component=1
[Run 24 Gen 14] fe+=256 fe=3584 cost=3347458027.40 viol=2076970110.0786 obj=2080317568106.01

[Run 24 Gen 15] direct_component=1
[Run 24 Gen 15] fe+=256 fe=3840 cost=3362410054.79 viol=2063683043.9872 obj=2067045454042.03

[Run 24 Gen 16] direct_component=1
[Run 24 Gen 16] fe+=256 fe=4096 cost=3362410054.79 viol=2063683043.9872 obj=2067045454042.03

[Run 24 Gen 17] direct_component=1
[Run 24 Gen 17] fe+=256 fe=4352 cost=3362410054.79 viol=2063683043.9872 obj=2067045454042.03

[Run 24 Gen 18] direct_component=1
[Run 24 Gen 18] fe+=256 fe=4608 cost=3358084424.66 viol=2054916147.5943 obj=2058274232019.00

[Run 24 Gen 19] direct_component=1
[Run 24 Gen 19] fe+=256 fe=4864 cost=3358084424.66 viol=2054916147.5943 obj=2058274232019.00

[Run 24 Gen 20] direct_component=1
[Run 24 Gen 20] fe+=256 fe=5120 cost=3358084424.66 viol=2054916147.5943 obj=2058274232019.00

[Run 24 Gen 21] direct_component=1
[Run 24 Gen 21] fe+=256 fe=5376 cost=3360259726.03 viol=2051450675.6876 obj=2054810935413.60

[Run 24 Gen 22] direct_component=1
[Run 24 Gen 22] fe+=256 fe=5632 cost=3360259726.03 viol=2051450675.6876 obj=2054810935413.60

[Run 24 Gen 23] direct_component=1
[Run 24 Gen 23] fe+=256 fe=5888 cost=3360259726.03 viol=2051450675.6876 obj=2054810935413.60

[Run 24 Gen 24] direct_component=1
[Run 24 Gen 24] fe+=256 fe=6144 cost=3360259726.03 viol=2051450675.6876 obj=2054810935413.60

[Run 24 Gen 25] direct_component=1
[Run 24 Gen 25] fe+=256 fe=6400 cost=3360259726.03 viol=2051450675.6876 obj=2054810935413.60

[Run 24 Gen 26] direct_component=1
[Run 24 Gen 26] fe+=256 fe=6656 cost=3360259726.03 viol=2051450675.6876 obj=2054810935413.60

[Run 24 Gen 27] direct_component=1
[Run 24 Gen 27] fe+=256 fe=6912 cost=3360259726.03 viol=2051450675.6876 obj=2054810935413.60

[Run 24 Gen 28] direct_component=1
[Run 24 Gen 28] fe+=256 fe=7168 cost=3360259726.03 viol=2051450675.6876 obj=2054810935413.60

[Run 24 Gen 29] direct_component=1
[Run 24 Gen 29] fe+=256 fe=7424 cost=3360259726.03 viol=2051450675.6876 obj=2054810935413.60

[Run 24 Gen 30] direct_component=1
[Run 24 Gen 30] fe+=256 fe=7680 cost=3360259726.03 viol=2051450675.6876 obj=2054810935413.60

[Run 24 Gen 31] direct_component=1
[Run 24 Gen 31] fe+=256 fe=7936 cost=3360259726.03 viol=2051450675.6876 obj=2054810935413.60

[Run 24 Gen 32] direct_component=1
[Run 24 Gen 32] fe+=256 fe=8192 cost=3360259726.03 viol=2051450675.6876 obj=2054810935413.60

[Run 24 Gen 33] direct_component=1
[Run 24 Gen 33] fe+=256 fe=8448 cost=3365660493.15 viol=2050297565.8202 obj=2053663226313.40

[Run 24 Gen 34] direct_component=1
[Run 24 Gen 34] fe+=256 fe=8704 cost=3365660493.15 viol=2050297565.8202 obj=2053663226313.40

[Run 24 Gen 35] direct_component=1
[Run 24 Gen 35] fe+=256 fe=8960 cost=3365660493.15 viol=2050297565.8202 obj=2053663226313.40

[Run 24 Gen 36] direct_component=1
[Run 24 Gen 36] fe+=256 fe=9216 cost=3365660493.15 viol=2050297565.8202 obj=2053663226313.40

[Run 24 Gen 37] direct_component=1
[Run 24 Gen 37] fe+=256 fe=9472 cost=3381112575.34 viol=2047020425.1941 obj=2050401537769.47

[Run 24 Gen 38] direct_component=1
[Run 24 Gen 38] fe+=256 fe=9728 cost=3381112575.34 viol=2047020425.1941 obj=2050401537769.47

[Run 24 Gen 39] direct_component=1
[Run 24 Gen 39] fe+=256 fe=9984 cost=3381112575.34 viol=2047020425.1941 obj=2050401537769.47

[Run 24 Gen 40] direct_component=1
[Run 24 Gen 40] fe+=256 fe=10240 cost=3381112575.34 viol=2047020425.1941 obj=2050401537769.47

[Run 24 Gen 41] direct_component=1
[Run 24 Gen 41] fe+=256 fe=10496 cost=3381112575.34 viol=2047020425.1941 obj=2050401537769.47

[Run 24 Gen 42] direct_component=1
[Run 24 Gen 42] fe+=256 fe=10752 cost=3381112575.34 viol=2047020425.1941 obj=2050401537769.47

[Run 24 Gen 43] direct_component=1
[Run 24 Gen 43] fe+=256 fe=11008 cost=3381112575.34 viol=2047020425.1941 obj=2050401537769.47

[Run 24 Gen 44] direct_component=1
[Run 24 Gen 44] fe+=256 fe=11264 cost=3381112575.34 viol=2047020425.1941 obj=2050401537769.47

[Run 24 Gen 45] direct_component=1
[Run 24 Gen 45] fe+=256 fe=11520 cost=3381112575.34 viol=2047020425.1941 obj=2050401537769.47

[Run 24 Gen 46] direct_component=1
[Run 24 Gen 46] fe+=256 fe=11776 cost=3381112575.34 viol=2047020425.1941 obj=2050401537769.47

[Run 24 Gen 47] direct_component=1
[Run 24 Gen 47] fe+=256 fe=12032 cost=3415642205.48 viol=2034956378.9633 obj=2038372021168.81

[Run 24 Gen 48] direct_component=1
[Run 24 Gen 48] fe+=256 fe=12288 cost=3415642205.48 viol=2034956378.9633 obj=2038372021168.81

[Run 24 Gen 49] direct_component=1
[Run 24 Gen 49] fe+=256 fe=12544 cost=3415642205.48 viol=2034956378.9633 obj=2038372021168.81

[Run 24 Gen 50] direct_component=1
[Run 24 Gen 50] fe+=256 fe=12800 cost=3415642205.48 viol=2034956378.9633 obj=2038372021168.81
[Stop] reached max_outer_gen=50
[5/5] Write outputs
[Done] summary=/work/home/acn1eb8nfq/yuezhang46/UScode/US实验二：分解模块/gcpcc_logs_US_wo/run_24_seed_1024/runs_summary.csv
