[RunConfig] run_id=19 seed=1019
[OutputDir] /work/home/acn1eb8nfq/yuezhang46/UScode/US实验一：横向对比/aco_global_logs/run_19_seed_1019
[Info] #nodes = 4301
[Load] Reading scenarios ...
  - 2020: raw edges=5296, days=366
  - 2025: raw edges=5296, days=365
  - 2030: raw edges=5296, days=365
  - 2035: raw edges=5296, days=365
  - 2040: raw edges=5296, days=366
[Filter] EDGE_WEIGHT_MIN=1.0
  - active_nodes=2914  inactive_nodes(fixed NONE)=1387
  - 2020: removed=2048, kept=3248
  - 2025: removed=2048, kept=3248
  - 2030: removed=2048, kept=3248
  - 2035: removed=2048, kept=3248
  - 2040: removed=2048, kept=3248
  - 2020: filtered edges (active subgraph)=3248
  - 2025: filtered edges (active subgraph)=3248
  - 2030: filtered edges (active subgraph)=3248
  - 2035: filtered edges (active subgraph)=3248
  - 2040: filtered edges (active subgraph)=3248
[ACO] Pheromone and heuristic initialized.
[ACO] Iterate under FE budget ...
[Run 19 | Iter 1] iter_best: cost=14176945.21  viol=4158465913.1908  obj=4158480090136.03 | best_so_far: cost=14176945.21  viol=4158465913.1908  obj=4158480090136.03
[Run 19 | Iter 2] iter_best: cost=12176671.23  viol=4160192428.1908  obj=4160204604862.06 | best_so_far: cost=14176945.21  viol=4158465913.1908  obj=4158480090136.03
[Run 19 | Iter 3] iter_best: cost=13451863.01  viol=4159976842.2208  obj=4159990294083.84 | best_so_far: cost=14176945.21  viol=4158465913.1908  obj=4158480090136.03
[Run 19 | Iter 4] iter_best: cost=12526726.03  viol=4160218006.1308  obj=4160230532856.86 | best_so_far: cost=14176945.21  viol=4158465913.1908  obj=4158480090136.03
[Run 19 | Iter 5] iter_best: cost=10876506.85  viol=4161970099.1908  obj=4161980975697.68 | best_so_far: cost=14176945.21  viol=4158465913.1908  obj=4158480090136.03
[Run 19 | Iter 6] iter_best: cost=13201808.22  viol=4159121806.1908  obj=4159135007999.05 | best_so_far: cost=14176945.21  viol=4158465913.1908  obj=4158480090136.03
[Run 19 | Iter 7] iter_best: cost=11501589.04  viol=4161288628.1768  obj=4161300129765.87 | best_so_far: cost=14176945.21  viol=4158465913.1908  obj=4158480090136.03
[Run 19 | Iter 8] iter_best: cost=12576726.03  viol=4159803277.1908  obj=4159815853916.86 | best_so_far: cost=14176945.21  viol=4158465913.1908  obj=4158480090136.03
[Run 19 | FE 256] best_local_obj=4158480090136.03  best_local_cost=14176945.21  best_local_viol=4158465913.1908
[Run 19 | Iter 9] iter_best: cost=12476726.03  viol=4160632735.1908  obj=4160645211916.86 | best_so_far: cost=14176945.21  viol=4158465913.1908  obj=4158480090136.03
[Run 19 | Iter 10] iter_best: cost=11451589.04  viol=4161703357.1908  obj=4161714808779.87 | best_so_far: cost=14176945.21  viol=4158465913.1908  obj=4158480090136.03
[Run 19 | Iter 11] iter_best: cost=12526726.03  viol=4160218006.1908  obj=4160230532916.86 | best_so_far: cost=14176945.21  viol=4158465913.1908  obj=4158480090136.03
[Run 19 | Iter 12] iter_best: cost=11551589.04  viol=4160873899.1708  obj=4160885450759.87 | best_so_far: cost=14176945.21  viol=4158465913.1908  obj=4158480090136.03
[Run 19 | Iter 13] iter_best: cost=12476726.03  viol=4160632735.1908  obj=4160645211916.86 | best_so_far: cost=14176945.21  viol=4158465913.1908  obj=4158480090136.03
[Run 19 | Iter 14] iter_best: cost=13926890.41  viol=4157610877.1908  obj=4157624804081.24 | best_so_far: cost=13926890.41  viol=4157610877.1908  obj=4157624804081.24
[Run 19 | Iter 15] iter_best: cost=11501589.04  viol=4161288628.1908  obj=4161300129779.87 | best_so_far: cost=13926890.41  viol=4157610877.1908  obj=4157624804081.24
[Run 19 | Iter 16] iter_best: cost=14527000.00  viol=4158491491.1808  obj=4158506018180.83 | best_so_far: cost=13926890.41  viol=4157610877.1908  obj=4157624804081.24
[Run 19 | Iter 17] iter_best: cost=13201808.22  viol=4159121806.2208  obj=4159135008029.05 | best_so_far: cost=13926890.41  viol=4157610877.1908  obj=4157624804081.24
[Run 19 | FE 512] best_local_obj=4157624804081.24  best_local_cost=13926890.41  best_local_viol=4157610877.1908
[Run 19 | Iter 18] iter_best: cost=10526452.05  viol=4161944521.1908  obj=4161955047642.88 | best_so_far: cost=13926890.41  viol=4157610877.1908  obj=4157624804081.24
[Run 19 | Iter 19] iter_best: cost=11801643.84  viol=4161728935.2308  obj=4161740736874.66 | best_so_far: cost=13926890.41  viol=4157610877.1908  obj=4157624804081.24
[Run 19 | Iter 20] iter_best: cost=12526726.03  viol=4160218006.1908  obj=4160230532916.86 | best_so_far: cost=13926890.41  viol=4157610877.1908  obj=4157624804081.24
[Run 19 | Iter 21] iter_best: cost=12526726.03  viol=4160218006.1908  obj=4160230532916.86 | best_so_far: cost=13926890.41  viol=4157610877.1908  obj=4157624804081.24
[Run 19 | Iter 22] iter_best: cost=15877164.38  viol=4156299091.2208  obj=4156314968385.21 | best_so_far: cost=15877164.38  viol=4156299091.2208  obj=4156314968385.21
[Run 19 | Iter 23] iter_best: cost=15552136.99  viol=4157420869.2208  obj=4157436421357.82 | best_so_far: cost=15877164.38  viol=4156299091.2208  obj=4156314968385.21
[Run 19 | Iter 24] iter_best: cost=14527000.00  viol=4158491491.1808  obj=4158506018180.83 | best_so_far: cost=15877164.38  viol=4156299091.2208  obj=4156314968385.21
[Run 19 | Iter 25] iter_best: cost=10576452.05  viol=4161529792.1908  obj=4161540368642.88 | best_so_far: cost=15877164.38  viol=4156299091.2208  obj=4156314968385.21
[Run 19 | FE 768] best_local_obj=4156314968385.21  best_local_cost=15877164.38  best_local_viol=4156299091.2208
[Run 19 | Iter 26] iter_best: cost=11501589.04  viol=4161288628.2208  obj=4161300129809.87 | best_so_far: cost=15877164.38  viol=4156299091.2208  obj=4156314968385.21
[Run 19 | Iter 27] iter_best: cost=13551863.01  viol=4159147384.2208  obj=4159160936083.84 | best_so_far: cost=15877164.38  viol=4156299091.2208  obj=4156314968385.21
[Run 19 | Iter 28] iter_best: cost=11951643.84  viol=4160484748.1908  obj=4160496699834.66 | best_so_far: cost=15877164.38  viol=4156299091.2208  obj=4156314968385.21
[Run 19 | Iter 29] iter_best: cost=12226671.23  viol=4159777699.1908  obj=4159789925862.06 | best_so_far: cost=15877164.38  viol=4156299091.2208  obj=4156314968385.21
[Run 19 | Iter 30] iter_best: cost=11501589.04  viol=4161288628.1908  obj=4161300129779.87 | best_so_far: cost=15877164.38  viol=4156299091.2208  obj=4156314968385.21
[Run 19 | Iter 31] iter_best: cost=13301808.22  viol=4158292348.1908  obj=4158305649999.05 | best_so_far: cost=15877164.38  viol=4156299091.2208  obj=4156314968385.21
[Run 19 | Iter 32] iter_best: cost=10526452.05  viol=4161944521.1608  obj=4161955047612.88 | best_so_far: cost=15877164.38  viol=4156299091.2208  obj=4156314968385.21
[Run 19 | Iter 33] iter_best: cost=13601863.01  viol=4158732655.1908  obj=4158746257053.84 | best_so_far: cost=15877164.38  viol=4156299091.2208  obj=4156314968385.21
[Run 19 | Iter 34] iter_best: cost=14477000.00  viol=4158906220.1908  obj=4158920697190.83 | best_so_far: cost=15877164.38  viol=4156299091.2208  obj=4156314968385.21
[Run 19 | FE 1024] best_local_obj=4156314968385.21  best_local_cost=15877164.38  best_local_viol=4156299091.2208
[Run 19 | Iter 35] iter_best: cost=13151808.22  viol=4159536535.1908  obj=4159549686999.05 | best_so_far: cost=15877164.38  viol=4156299091.2208  obj=4156314968385.21
[Run 19 | Iter 36] iter_best: cost=13601863.01  viol=4158732655.1908  obj=4158746257053.84 | best_so_far: cost=15877164.38  viol=4156299091.2208  obj=4156314968385.21
[Run 19 | Iter 37] iter_best: cost=11551589.04  viol=4160873899.2208  obj=4160885450809.87 | best_so_far: cost=15877164.38  viol=4156299091.2208  obj=4156314968385.21
[Run 19 | Iter 38] iter_best: cost=13201808.22  viol=4159121806.1908  obj=4159135007999.05 | best_so_far: cost=15877164.38  viol=4156299091.2208  obj=4156314968385.21
[Run 19 | Iter 39] iter_best: cost=11601589.04  viol=4160459170.1908  obj=4160470771779.87 | best_so_far: cost=15877164.38  viol=4156299091.2208  obj=4156314968385.21
[Run 19 | Iter 40] iter_best: cost=14477000.00  viol=4158906220.1908  obj=4158920697190.83 | best_so_far: cost=15877164.38  viol=4156299091.2208  obj=4156314968385.21
[Run 19 | Iter 41] iter_best: cost=10526452.05  viol=4161944521.1908  obj=4161955047642.88 | best_so_far: cost=15877164.38  viol=4156299091.2208  obj=4156314968385.21
[Run 19 | Iter 42] iter_best: cost=11201534.25  viol=4160848321.1908  obj=4160859522725.08 | best_so_far: cost=15877164.38  viol=4156299091.2208  obj=4156314968385.21
[Run 19 | FE 1280] best_local_obj=4156314968385.21  best_local_cost=15877164.38  best_local_viol=4156299091.2208
[Run 19 | Iter 43] iter_best: cost=12176671.23  viol=4160192428.1908  obj=4160204604862.06 | best_so_far: cost=15877164.38  viol=4156299091.2208  obj=4156314968385.21
[Run 19 | Iter 44] iter_best: cost=11551589.04  viol=4160873899.1908  obj=4160885450779.87 | best_so_far: cost=15877164.38  viol=4156299091.2208  obj=4156314968385.21
[Run 19 | Iter 45] iter_best: cost=13501863.01  viol=4159562113.1908  obj=4159575615053.84 | best_so_far: cost=15877164.38  viol=4156299091.2208  obj=4156314968385.21
[Run 19 | Iter 46] iter_best: cost=11601589.04  viol=4160459170.1908  obj=4160470771779.87 | best_so_far: cost=15877164.38  viol=4156299091.2208  obj=4156314968385.21
[Run 19 | Iter 47] iter_best: cost=11601589.04  viol=4160459170.1071  obj=4160470771696.19 | best_so_far: cost=15877164.38  viol=4156299091.2208  obj=4156314968385.21
[Run 19 | Iter 48] iter_best: cost=15252082.19  viol=4156980562.1908  obj=4156995814273.02 | best_so_far: cost=15877164.38  viol=4156299091.2208  obj=4156314968385.21
[Run 19 | Iter 49] iter_best: cost=10576452.05  viol=4161529792.1908  obj=4161540368642.88 | best_so_far: cost=15877164.38  viol=4156299091.2208  obj=4156314968385.21
[Run 19 | Iter 50] iter_best: cost=12576726.03  viol=4159803277.1908  obj=4159815853916.86 | best_so_far: cost=15877164.38  viol=4156299091.2208  obj=4156314968385.21
[Run 19 | Iter 51] iter_best: cost=11801643.84  viol=4161728935.2018  obj=4161740736845.66 | best_so_far: cost=15877164.38  viol=4156299091.2208  obj=4156314968385.21
[Run 19 | FE 1536] best_local_obj=4156314968385.21  best_local_cost=15877164.38  best_local_viol=4156299091.2208
[Run 19 | Iter 52] iter_best: cost=11451589.04  viol=4161703357.2308  obj=4161714808819.87 | best_so_far: cost=15877164.38  viol=4156299091.2208  obj=4156314968385.21
[Run 19 | Iter 53] iter_best: cost=11201534.25  viol=4160848321.1908  obj=4160859522725.08 | best_so_far: cost=15877164.38  viol=4156299091.2208  obj=4156314968385.21
[Run 19 | Iter 54] iter_best: cost=15502136.99  viol=4157835598.1908  obj=4157851100327.81 | best_so_far: cost=15877164.38  viol=4156299091.2208  obj=4156314968385.21
[Run 19 | Iter 55] iter_best: cost=14276945.21  viol=4157636455.1908  obj=4157650732136.03 | best_so_far: cost=15877164.38  viol=4156299091.2208  obj=4156314968385.21
[Run 19 | Iter 56] iter_best: cost=11551589.04  viol=4160873899.2208  obj=4160885450809.87 | best_so_far: cost=15877164.38  viol=4156299091.2208  obj=4156314968385.21
[Run 19 | Iter 57] iter_best: cost=13926890.41  viol=4157610877.1908  obj=4157624804081.24 | best_so_far: cost=15877164.38  viol=4156299091.2208  obj=4156314968385.21
[Run 19 | Iter 58] iter_best: cost=14176945.21  viol=4158465913.1608  obj=4158480090106.03 | best_so_far: cost=15877164.38  viol=4156299091.2208  obj=4156314968385.21
[Run 19 | Iter 59] iter_best: cost=10576452.05  viol=4161529792.1908  obj=4161540368642.88 | best_so_far: cost=15877164.38  viol=4156299091.2208  obj=4156314968385.21
[Run 19 | FE 1792] best_local_obj=4156314968385.21  best_local_cost=15877164.38  best_local_viol=4156299091.2208
[Run 19 | Iter 60] iter_best: cost=11551589.04  viol=4160873899.1908  obj=4160885450779.87 | best_so_far: cost=15877164.38  viol=4156299091.2208  obj=4156314968385.21
[Run 19 | Iter 61] iter_best: cost=11551589.04  viol=4160873899.2308  obj=4160885450819.87 | best_so_far: cost=15877164.38  viol=4156299091.2208  obj=4156314968385.21
[Run 19 | Iter 62] iter_best: cost=11251534.25  viol=4160433592.1908  obj=4160444843725.08 | best_so_far: cost=15877164.38  viol=4156299091.2208  obj=4156314968385.21
[Run 19 | Iter 63] iter_best: cost=14176945.21  viol=4158465913.1908  obj=4158480090136.03 | best_so_far: cost=15877164.38  viol=4156299091.2208  obj=4156314968385.21
[Run 19 | Iter 64] iter_best: cost=14276945.21  viol=4157636455.1908  obj=4157650732136.03 | best_so_far: cost=15877164.38  viol=4156299091.2208  obj=4156314968385.21
[Run 19 | Iter 65] iter_best: cost=11251534.25  viol=4160433592.1908  obj=4160444843725.08 | best_so_far: cost=15877164.38  viol=4156299091.2208  obj=4156314968385.21
[Run 19 | Iter 66] iter_best: cost=12776780.82  viol=4161073042.2058  obj=4161085818986.65 | best_so_far: cost=15877164.38  viol=4156299091.2208  obj=4156314968385.21
[Run 19 | Iter 67] iter_best: cost=13151808.22  viol=4159536535.1208  obj=4159549686929.05 | best_so_far: cost=15877164.38  viol=4156299091.2208  obj=4156314968385.21
[Run 19 | Iter 68] iter_best: cost=10226397.26  viol=4161504214.1908  obj=4161514440588.09 | best_so_far: cost=15877164.38  viol=4156299091.2208  obj=4156314968385.21
[Run 19 | FE 2048] best_local_obj=4156314968385.21  best_local_cost=15877164.38  best_local_viol=4156299091.2208
[Run 19 | Iter 69] iter_best: cost=13501863.01  viol=4159562113.1908  obj=4159575615053.84 | best_so_far: cost=15877164.38  viol=4156299091.2208  obj=4156314968385.21
[Run 19 | Iter 70] iter_best: cost=12526726.03  viol=4160218006.1308  obj=4160230532856.86 | best_so_far: cost=15877164.38  viol=4156299091.2208  obj=4156314968385.21
[Run 19 | Iter 71] iter_best: cost=14527000.00  viol=4158491491.1908  obj=4158506018190.83 | best_so_far: cost=15877164.38  viol=4156299091.2208  obj=4156314968385.21
[Run 19 | Iter 72] iter_best: cost=10576452.05  viol=4161529792.2008  obj=4161540368652.88 | best_so_far: cost=15877164.38  viol=4156299091.2208  obj=4156314968385.21
[Run 19 | Iter 73] iter_best: cost=14527000.00  viol=4158491491.2208  obj=4158506018220.83 | best_so_far: cost=15877164.38  viol=4156299091.2208  obj=4156314968385.21
[Run 19 | Iter 74] iter_best: cost=12176671.23  viol=4160192428.1908  obj=4160204604862.06 | best_so_far: cost=15877164.38  viol=4156299091.2208  obj=4156314968385.21
[Run 19 | Iter 75] iter_best: cost=11501589.04  viol=4161288628.1808  obj=4161300129769.87 | best_so_far: cost=15877164.38  viol=4156299091.2208  obj=4156314968385.21
[Run 19 | Iter 76] iter_best: cost=13501863.01  viol=4159562113.1908  obj=4159575615053.84 | best_so_far: cost=15877164.38  viol=4156299091.2208  obj=4156314968385.21
[Run 19 | FE 2304] best_local_obj=4156314968385.21  best_local_cost=15877164.38  best_local_viol=4156299091.2208
[Run 19 | Iter 77] iter_best: cost=15102082.19  viol=4158224749.2108  obj=4158239851293.02 | best_so_far: cost=15877164.38  viol=4156299091.2208  obj=4156314968385.21
[Run 19 | Iter 78] iter_best: cost=14176945.21  viol=4158465913.1908  obj=4158480090136.03 | best_so_far: cost=15877164.38  viol=4156299091.2208  obj=4156314968385.21
[Run 19 | Iter 79] iter_best: cost=11551589.04  viol=4160873899.2208  obj=4160885450809.87 | best_so_far: cost=15877164.38  viol=4156299091.2208  obj=4156314968385.21
[Run 19 | Iter 80] iter_best: cost=12576726.03  viol=4159803277.1908  obj=4159815853916.86 | best_so_far: cost=15877164.38  viol=4156299091.2208  obj=4156314968385.21
[Run 19 | Iter 81] iter_best: cost=15152082.19  viol=4157810020.1908  obj=4157825172273.02 | best_so_far: cost=15877164.38  viol=4156299091.2208  obj=4156314968385.21
[Run 19 | Iter 82] iter_best: cost=13551863.01  viol=4159147384.1908  obj=4159160936053.84 | best_so_far: cost=15877164.38  viol=4156299091.2208  obj=4156314968385.21
[Run 19 | Iter 83] iter_best: cost=14176945.21  viol=4158465913.1908  obj=4158480090136.03 | best_so_far: cost=15877164.38  viol=4156299091.2208  obj=4156314968385.21
[Run 19 | Iter 84] iter_best: cost=13876890.41  viol=4158025606.1508  obj=4158039483041.24 | best_so_far: cost=15877164.38  viol=4156299091.2208  obj=4156314968385.21
[Run 19 | Iter 85] iter_best: cost=14427000.00  viol=4159320949.0708  obj=4159335376070.83 | best_so_far: cost=15877164.38  viol=4156299091.2208  obj=4156314968385.21
[Run 19 | FE 2560] best_local_obj=4156314968385.21  best_local_cost=15877164.38  best_local_viol=4156299091.2208
[Run 19 | Iter 86] iter_best: cost=13501863.01  viol=4159562113.1868  obj=4159575615049.84 | best_so_far: cost=15877164.38  viol=4156299091.2208  obj=4156314968385.21
[Run 19 | Iter 87] iter_best: cost=12526726.03  viol=4160218006.1908  obj=4160230532916.86 | best_so_far: cost=15877164.38  viol=4156299091.2208  obj=4156314968385.21
[Run 19 | Iter 88] iter_best: cost=16177219.18  viol=4156739398.1508  obj=4156755575370.01 | best_so_far: cost=15877164.38  viol=4156299091.2208  obj=4156314968385.21
[Run 19 | Iter 89] iter_best: cost=12226671.23  viol=4159777699.1908  obj=4159789925862.06 | best_so_far: cost=15877164.38  viol=4156299091.2208  obj=4156314968385.21
[Run 19 | Iter 90] iter_best: cost=11851643.84  viol=4161314206.3008  obj=4161326057944.67 | best_so_far: cost=15877164.38  viol=4156299091.2208  obj=4156314968385.21
[Run 19 | Iter 91] iter_best: cost=13501863.01  viol=4159562113.1908  obj=4159575615053.84 | best_so_far: cost=15877164.38  viol=4156299091.2208  obj=4156314968385.21
[Run 19 | Iter 92] iter_best: cost=11551589.04  viol=4160873899.1908  obj=4160885450779.87 | best_so_far: cost=15877164.38  viol=4156299091.2208  obj=4156314968385.21
[Run 19 | Iter 93] iter_best: cost=14176945.21  viol=4158465913.2208  obj=4158480090166.03 | best_so_far: cost=15877164.38  viol=4156299091.2208  obj=4156314968385.21
[Run 19 | FE 2816] best_local_obj=4156314968385.21  best_local_cost=15877164.38  best_local_viol=4156299091.2208
[Run 19 | Iter 94] iter_best: cost=15452136.99  viol=4158250327.1308  obj=4158265779267.82 | best_so_far: cost=15877164.38  viol=4156299091.2208  obj=4156314968385.21
[Run 19 | Iter 95] iter_best: cost=14527000.00  viol=4158491491.2208  obj=4158506018220.83 | best_so_far: cost=15877164.38  viol=4156299091.2208  obj=4156314968385.21
[Run 19 | Iter 96] iter_best: cost=14176945.21  viol=4158465913.2208  obj=4158480090166.03 | best_so_far: cost=15877164.38  viol=4156299091.2208  obj=4156314968385.21
[Run 19 | Iter 97] iter_best: cost=13201808.22  viol=4159121806.1908  obj=4159135007999.05 | best_so_far: cost=15877164.38  viol=4156299091.2208  obj=4156314968385.21
[Run 19 | Iter 98] iter_best: cost=11551589.04  viol=4160873899.1908  obj=4160885450779.87 | best_so_far: cost=15877164.38  viol=4156299091.2208  obj=4156314968385.21
[Run 19 | Iter 99] iter_best: cost=10526452.05  viol=4161944521.1908  obj=4161955047642.88 | best_so_far: cost=15877164.38  viol=4156299091.2208  obj=4156314968385.21
[Run 19 | Iter 100] iter_best: cost=13151808.22  viol=4159536535.1908  obj=4159549686999.05 | best_so_far: cost=15877164.38  viol=4156299091.2208  obj=4156314968385.21
[Run 19 | Iter 101] iter_best: cost=12876780.82  viol=4160243584.1908  obj=4160256460971.65 | best_so_far: cost=15877164.38  viol=4156299091.2208  obj=4156314968385.21
[Run 19 | Iter 102] iter_best: cost=12526726.03  viol=4160218006.1908  obj=4160230532916.86 | best_so_far: cost=15877164.38  viol=4156299091.2208  obj=4156314968385.21
[Run 19 | FE 3072] best_local_obj=4156314968385.21  best_local_cost=15877164.38  best_local_viol=4156299091.2208
[Run 19 | Iter 103] iter_best: cost=13151808.22  viol=4159536535.1908  obj=4159549686999.05 | best_so_far: cost=15877164.38  viol=4156299091.2208  obj=4156314968385.21
[Run 19 | Iter 104] iter_best: cost=12576726.03  viol=4159803277.2208  obj=4159815853946.86 | best_so_far: cost=15877164.38  viol=4156299091.2208  obj=4156314968385.21
[Run 19 | Iter 105] iter_best: cost=13751917.81  viol=4160417149.1818  obj=4160430901099.64 | best_so_far: cost=15877164.38  viol=4156299091.2208  obj=4156314968385.21
[Run 19 | Iter 106] iter_best: cost=13551863.01  viol=4159147384.2208  obj=4159160936083.84 | best_so_far: cost=15877164.38  viol=4156299091.2208  obj=4156314968385.21
[Run 19 | Iter 107] iter_best: cost=13501863.01  viol=4159562113.1908  obj=4159575615053.84 | best_so_far: cost=15877164.38  viol=4156299091.2208  obj=4156314968385.21
[Run 19 | Iter 108] iter_best: cost=14126945.21  viol=4158880642.1858  obj=4158894769131.03 | best_so_far: cost=15877164.38  viol=4156299091.2208  obj=4156314968385.21
[Run 19 | Iter 109] iter_best: cost=11551589.04  viol=4160873899.1908  obj=4160885450779.87 | best_so_far: cost=15877164.38  viol=4156299091.2208  obj=4156314968385.21
[Run 19 | Iter 110] iter_best: cost=15202082.19  viol=4157395291.1908  obj=4157410493273.02 | best_so_far: cost=15877164.38  viol=4156299091.2208  obj=4156314968385.21
[Run 19 | FE 3328] best_local_obj=4156314968385.21  best_local_cost=15877164.38  best_local_viol=4156299091.2208
[Run 19 | Iter 111] iter_best: cost=11201534.25  viol=4160848321.1908  obj=4160859522725.08 | best_so_far: cost=15877164.38  viol=4156299091.2208  obj=4156314968385.21
[Run 19 | Iter 112] iter_best: cost=14577000.00  viol=4158076762.1908  obj=4158091339190.83 | best_so_far: cost=15877164.38  viol=4156299091.2208  obj=4156314968385.21
[Run 19 | Iter 113] iter_best: cost=13926890.41  viol=4157610877.2208  obj=4157624804111.24 | best_so_far: cost=15877164.38  viol=4156299091.2208  obj=4156314968385.21
[Run 19 | Iter 114] iter_best: cost=12176671.23  viol=4160192428.1908  obj=4160204604862.06 | best_so_far: cost=15877164.38  viol=4156299091.2208  obj=4156314968385.21
[Run 19 | Iter 115] iter_best: cost=13801917.81  viol=4160002420.2208  obj=4160016222138.64 | best_so_far: cost=15877164.38  viol=4156299091.2208  obj=4156314968385.21
[Run 19 | Iter 116] iter_best: cost=11601589.04  viol=4160459170.1908  obj=4160470771779.87 | best_so_far: cost=15877164.38  viol=4156299091.2208  obj=4156314968385.21
[Run 19 | Iter 117] iter_best: cost=9901369.86  viol=4162625992.1908  obj=4162635893560.69 | best_so_far: cost=15877164.38  viol=4156299091.2208  obj=4156314968385.21
[Run 19 | Iter 118] iter_best: cost=10526452.05  viol=4161944521.1908  obj=4161955047642.88 | best_so_far: cost=15877164.38  viol=4156299091.2208  obj=4156314968385.21
[Run 19 | Iter 119] iter_best: cost=14527000.00  viol=4158491491.3108  obj=4158506018310.83 | best_so_far: cost=15877164.38  viol=4156299091.2208  obj=4156314968385.21
[Run 19 | FE 3584] best_local_obj=4156314968385.21  best_local_cost=15877164.38  best_local_viol=4156299091.2208
[Run 19 | Iter 120] iter_best: cost=12176671.23  viol=4160192428.2008  obj=4160204604872.06 | best_so_far: cost=15877164.38  viol=4156299091.2208  obj=4156314968385.21
[Run 19 | Iter 121] iter_best: cost=14477000.00  viol=4158906220.2208  obj=4158920697220.83 | best_so_far: cost=15877164.38  viol=4156299091.2208  obj=4156314968385.21
[Run 19 | Iter 122] iter_best: cost=12226671.23  viol=4159777699.1908  obj=4159789925862.06 | best_so_far: cost=15877164.38  viol=4156299091.2208  obj=4156314968385.21
[Run 19 | Iter 123] iter_best: cost=13451863.01  viol=4159976842.1908  obj=4159990294053.84 | best_so_far: cost=15877164.38  viol=4156299091.2208  obj=4156314968385.21
[Run 19 | Iter 124] iter_best: cost=17152356.16  viol=4156083505.2308  obj=4156100657586.99 | best_so_far: cost=17152356.16  viol=4156083505.2308  obj=4156100657586.99
[Run 19 | Iter 125] iter_best: cost=14527000.00  viol=4158491491.2208  obj=4158506018220.83 | best_so_far: cost=17152356.16  viol=4156083505.2308  obj=4156100657586.99
[Run 19 | Iter 126] iter_best: cost=13501863.01  viol=4159562113.2208  obj=4159575615083.84 | best_so_far: cost=17152356.16  viol=4156083505.2308  obj=4156100657586.99
[Run 19 | Iter 127] iter_best: cost=13451863.01  viol=4159976842.2208  obj=4159990294083.84 | best_so_far: cost=17152356.16  viol=4156083505.2308  obj=4156100657586.99
[Run 19 | FE 3840] best_local_obj=4156100657586.99  best_local_cost=17152356.16  best_local_viol=4156083505.2308
[Run 19 | Iter 128] iter_best: cost=14276945.21  viol=4157636455.1908  obj=4157650732136.03 | best_so_far: cost=17152356.16  viol=4156083505.2308  obj=4156100657586.99
[Run 19 | Iter 129] iter_best: cost=13601863.01  viol=4158732655.1908  obj=4158746257053.84 | best_so_far: cost=17152356.16  viol=4156083505.2308  obj=4156100657586.99
[Run 19 | Iter 130] iter_best: cost=11501589.04  viol=4161288628.1908  obj=4161300129779.87 | best_so_far: cost=17152356.16  viol=4156083505.2308  obj=4156100657586.99
[Run 19 | Iter 131] iter_best: cost=12526726.03  viol=4160218006.1908  obj=4160230532916.86 | best_so_far: cost=17152356.16  viol=4156083505.2308  obj=4156100657586.99
[Run 19 | Iter 132] iter_best: cost=14527000.00  viol=4158491491.2208  obj=4158506018220.83 | best_so_far: cost=17152356.16  viol=4156083505.2308  obj=4156100657586.99
[Run 19 | Iter 133] iter_best: cost=12576726.03  viol=4159803277.2208  obj=4159815853946.86 | best_so_far: cost=17152356.16  viol=4156083505.2308  obj=4156100657586.99
[Run 19 | Iter 134] iter_best: cost=14527000.00  viol=4158491491.1908  obj=4158506018190.83 | best_so_far: cost=17152356.16  viol=4156083505.2308  obj=4156100657586.99
[Run 19 | Iter 135] iter_best: cost=13501863.01  viol=4159562113.2208  obj=4159575615083.84 | best_so_far: cost=17152356.16  viol=4156083505.2308  obj=4156100657586.99
[Run 19 | Iter 136] iter_best: cost=13201808.22  viol=4159121806.2208  obj=4159135008029.05 | best_so_far: cost=17152356.16  viol=4156083505.2308  obj=4156100657586.99
[Run 19 | FE 4096] best_local_obj=4156100657586.99  best_local_cost=17152356.16  best_local_viol=4156083505.2308
[Run 19 | Iter 137] iter_best: cost=14226945.21  viol=4158051184.1908  obj=4158065411136.03 | best_so_far: cost=17152356.16  viol=4156083505.2308  obj=4156100657586.99
[Run 19 | Iter 138] iter_best: cost=11601589.04  viol=4160459170.1908  obj=4160470771779.87 | best_so_far: cost=17152356.16  viol=4156083505.2308  obj=4156100657586.99
[Run 19 | Iter 139] iter_best: cost=14226945.21  viol=4158051184.1908  obj=4158065411136.03 | best_so_far: cost=17152356.16  viol=4156083505.2308  obj=4156100657586.99
[Run 19 | Iter 140] iter_best: cost=9601315.07  viol=4162185685.1908  obj=4162195286505.90 | best_so_far: cost=17152356.16  viol=4156083505.2308  obj=4156100657586.99
[Run 19 | Iter 141] iter_best: cost=9551315.07  viol=4162600414.1908  obj=4162609965505.90 | best_so_far: cost=17152356.16  viol=4156083505.2308  obj=4156100657586.99
[Run 19 | Iter 142] iter_best: cost=13201808.22  viol=4159121806.1908  obj=4159135007999.05 | best_so_far: cost=17152356.16  viol=4156083505.2308  obj=4156100657586.99
[Run 19 | Iter 143] iter_best: cost=11551589.04  viol=4160873899.2208  obj=4160885450809.87 | best_so_far: cost=17152356.16  viol=4156083505.2308  obj=4156100657586.99
[Run 19 | Iter 144] iter_best: cost=13201808.22  viol=4159121806.1908  obj=4159135007999.05 | best_so_far: cost=17152356.16  viol=4156083505.2308  obj=4156100657586.99
[Run 19 | Iter 145] iter_best: cost=12176671.23  viol=4160192428.1908  obj=4160204604862.06 | best_so_far: cost=17152356.16  viol=4156083505.2308  obj=4156100657586.99
[Run 19 | FE 4352] best_local_obj=4156100657586.99  best_local_cost=17152356.16  best_local_viol=4156083505.2308
[Run 19 | Iter 146] iter_best: cost=12176671.23  viol=4160192428.1908  obj=4160204604862.06 | best_so_far: cost=17152356.16  viol=4156083505.2308  obj=4156100657586.99
[Run 19 | Iter 147] iter_best: cost=13876890.41  viol=4158025606.1908  obj=4158039483081.24 | best_so_far: cost=17152356.16  viol=4156083505.2308  obj=4156100657586.99
[Run 19 | Iter 148] iter_best: cost=13501863.01  viol=4159562113.1908  obj=4159575615053.84 | best_so_far: cost=17152356.16  viol=4156083505.2308  obj=4156100657586.99
[Run 19 | Iter 149] iter_best: cost=15827164.38  viol=4156713820.1908  obj=4156729647355.21 | best_so_far: cost=17152356.16  viol=4156083505.2308  obj=4156100657586.99
[Run 19 | Iter 150] iter_best: cost=13151808.22  viol=4159536535.1908  obj=4159549686999.05 | best_so_far: cost=17152356.16  viol=4156083505.2308  obj=4156100657586.99
[Run 19 | Iter 151] iter_best: cost=11551589.04  viol=4160873899.1708  obj=4160885450759.87 | best_so_far: cost=17152356.16  viol=4156083505.2308  obj=4156100657586.99
[Run 19 | Iter 152] iter_best: cost=14627000.00  viol=4157662033.1908  obj=4157676660190.83 | best_so_far: cost=17152356.16  viol=4156083505.2308  obj=4156100657586.99
[Run 19 | Iter 153] iter_best: cost=10576452.05  viol=4161529792.1908  obj=4161540368642.88 | best_so_far: cost=17152356.16  viol=4156083505.2308  obj=4156100657586.99
[Run 19 | FE 4608] best_local_obj=4156100657586.99  best_local_cost=17152356.16  best_local_viol=4156083505.2308
[Run 19 | Iter 154] iter_best: cost=11251534.25  viol=4160433592.1902  obj=4160444843724.48 | best_so_far: cost=17152356.16  viol=4156083505.2308  obj=4156100657586.99
[Run 19 | Iter 155] iter_best: cost=14577000.00  viol=4158076762.1908  obj=4158091339190.83 | best_so_far: cost=17152356.16  viol=4156083505.2308  obj=4156100657586.99
[Run 19 | Iter 156] iter_best: cost=13451863.01  viol=4159976842.1908  obj=4159990294053.84 | best_so_far: cost=17152356.16  viol=4156083505.2308  obj=4156100657586.99
[Run 19 | Iter 157] iter_best: cost=14427000.00  viol=4159320949.1508  obj=4159335376150.83 | best_so_far: cost=17152356.16  viol=4156083505.2308  obj=4156100657586.99
[Run 19 | Iter 158] iter_best: cost=13876890.41  viol=4158025606.1908  obj=4158039483081.24 | best_so_far: cost=17152356.16  viol=4156083505.2308  obj=4156100657586.99
[Run 19 | Iter 159] iter_best: cost=13876890.41  viol=4158025606.1908  obj=4158039483081.24 | best_so_far: cost=17152356.16  viol=4156083505.2308  obj=4156100657586.99
[Run 19 | Iter 160] iter_best: cost=13551863.01  viol=4159147384.1308  obj=4159160935993.84 | best_so_far: cost=17152356.16  viol=4156083505.2308  obj=4156100657586.99
[Run 19 | Iter 161] iter_best: cost=12226671.23  viol=4159777699.1908  obj=4159789925862.06 | best_so_far: cost=17152356.16  viol=4156083505.2308  obj=4156100657586.99
[Run 19 | Iter 162] iter_best: cost=16127219.18  viol=4157154127.1708  obj=4157170254390.01 | best_so_far: cost=17152356.16  viol=4156083505.2308  obj=4156100657586.99
[Run 19 | FE 4864] best_local_obj=4156100657586.99  best_local_cost=17152356.16  best_local_viol=4156083505.2308
[Run 19 | Iter 163] iter_best: cost=12476726.03  viol=4160632735.2208  obj=4160645211946.86 | best_so_far: cost=17152356.16  viol=4156083505.2308  obj=4156100657586.99
[Run 19 | Iter 164] iter_best: cost=13601863.01  viol=4158732655.2708  obj=4158746257133.84 | best_so_far: cost=17152356.16  viol=4156083505.2308  obj=4156100657586.99
[Run 19 | Iter 165] iter_best: cost=10576452.05  viol=4161529792.2208  obj=4161540368672.88 | best_so_far: cost=17152356.16  viol=4156083505.2308  obj=4156100657586.99
[Run 19 | Iter 166] iter_best: cost=14126945.21  viol=4158880642.1908  obj=4158894769136.03 | best_so_far: cost=17152356.16  viol=4156083505.2308  obj=4156100657586.99
[Run 19 | Iter 167] iter_best: cost=14276945.21  viol=4157636455.1908  obj=4157650732136.03 | best_so_far: cost=17152356.16  viol=4156083505.2308  obj=4156100657586.99
[Run 19 | Iter 168] iter_best: cost=10526452.05  viol=4161944521.1908  obj=4161955047642.88 | best_so_far: cost=17152356.16  viol=4156083505.2308  obj=4156100657586.99
[Run 19 | Iter 169] iter_best: cost=12226671.23  viol=4159777699.1908  obj=4159789925862.06 | best_so_far: cost=17152356.16  viol=4156083505.2308  obj=4156100657586.99
[Run 19 | Iter 170] iter_best: cost=10526452.05  viol=4161944521.2808  obj=4161955047732.88 | best_so_far: cost=17152356.16  viol=4156083505.2308  obj=4156100657586.99
[Run 19 | FE 5120] best_local_obj=4156100657586.99  best_local_cost=17152356.16  best_local_viol=4156083505.2308
[Run 19 | Iter 171] iter_best: cost=12876780.82  viol=4160243584.1908  obj=4160256460971.65 | best_so_far: cost=17152356.16  viol=4156083505.2308  obj=4156100657586.99
[Run 19 | Iter 172] iter_best: cost=12476726.03  viol=4160632735.1908  obj=4160645211916.86 | best_so_far: cost=17152356.16  viol=4156083505.2308  obj=4156100657586.99
[Run 19 | Iter 173] iter_best: cost=14176945.21  viol=4158465913.1608  obj=4158480090106.03 | best_so_far: cost=17152356.16  viol=4156083505.2308  obj=4156100657586.99
[Run 19 | Iter 174] iter_best: cost=11901643.84  viol=4160899477.1908  obj=4160911378834.66 | best_so_far: cost=17152356.16  viol=4156083505.2308  obj=4156100657586.99
[Run 19 | Iter 175] iter_best: cost=9951369.86  viol=4162211263.1908  obj=4162221214560.69 | best_so_far: cost=17152356.16  viol=4156083505.2308  obj=4156100657586.99
[Run 19 | Iter 176] iter_best: cost=13201808.22  viol=4159121806.1908  obj=4159135007999.05 | best_so_far: cost=17152356.16  viol=4156083505.2308  obj=4156100657586.99
[Run 19 | Iter 177] iter_best: cost=13201808.22  viol=4159121806.1908  obj=4159135007999.05 | best_so_far: cost=17152356.16  viol=4156083505.2308  obj=4156100657586.99
[Run 19 | Iter 178] iter_best: cost=10576452.05  viol=4161529792.1908  obj=4161540368642.88 | best_so_far: cost=17152356.16  viol=4156083505.2308  obj=4156100657586.99
[Run 19 | Iter 179] iter_best: cost=14176945.21  viol=4158465913.2708  obj=4158480090216.03 | best_so_far: cost=17152356.16  viol=4156083505.2308  obj=4156100657586.99
[Run 19 | FE 5376] best_local_obj=4156100657586.99  best_local_cost=17152356.16  best_local_viol=4156083505.2308
[Run 19 | Iter 180] iter_best: cost=12526726.03  viol=4160218006.2208  obj=4160230532946.86 | best_so_far: cost=17152356.16  viol=4156083505.2308  obj=4156100657586.99
[Run 19 | Iter 181] iter_best: cost=11201534.25  viol=4160848321.1908  obj=4160859522725.08 | best_so_far: cost=17152356.16  viol=4156083505.2308  obj=4156100657586.99
[Run 19 | Iter 182] iter_best: cost=12226671.23  viol=4159777699.1908  obj=4159789925862.06 | best_so_far: cost=17152356.16  viol=4156083505.2308  obj=4156100657586.99
[Run 19 | Iter 183] iter_best: cost=14527000.00  viol=4158491491.2308  obj=4158506018230.83 | best_so_far: cost=17152356.16  viol=4156083505.2308  obj=4156100657586.99
[Run 19 | Iter 184] iter_best: cost=11551589.04  viol=4160873899.1908  obj=4160885450779.87 | best_so_far: cost=17152356.16  viol=4156083505.2308  obj=4156100657586.99
[Run 19 | Iter 185] iter_best: cost=15452136.99  viol=4158250327.1908  obj=4158265779327.82 | best_so_far: cost=17152356.16  viol=4156083505.2308  obj=4156100657586.99
[Run 19 | Iter 186] iter_best: cost=16902301.37  viol=4155228469.1908  obj=4155245371492.20 | best_so_far: cost=16902301.37  viol=4155228469.1908  obj=4155245371492.20
[Run 19 | Iter 187] iter_best: cost=12526726.03  viol=4160218006.1908  obj=4160230532916.86 | best_so_far: cost=16902301.37  viol=4155228469.1908  obj=4155245371492.20
[Run 19 | FE 5632] best_local_obj=4155245371492.20  best_local_cost=16902301.37  best_local_viol=4155228469.1908
[Run 19 | Iter 188] iter_best: cost=12576726.03  viol=4159803277.2208  obj=4159815853946.86 | best_so_far: cost=16902301.37  viol=4155228469.1908  obj=4155245371492.20
[Run 19 | Iter 189] iter_best: cost=10576452.05  viol=4161529792.2208  obj=4161540368672.88 | best_so_far: cost=16902301.37  viol=4155228469.1908  obj=4155245371492.20
[Run 19 | Iter 190] iter_best: cost=11251534.25  viol=4160433592.1908  obj=4160444843725.08 | best_so_far: cost=16902301.37  viol=4155228469.1908  obj=4155245371492.20
[Run 19 | Iter 191] iter_best: cost=13501863.01  viol=4159562113.2008  obj=4159575615063.84 | best_so_far: cost=16902301.37  viol=4155228469.1908  obj=4155245371492.20
[Run 19 | Iter 192] iter_best: cost=14527000.00  viol=4158491491.2208  obj=4158506018220.83 | best_so_far: cost=16902301.37  viol=4155228469.1908  obj=4155245371492.20
[Run 19 | Iter 193] iter_best: cost=12476726.03  viol=4160632735.1808  obj=4160645211906.86 | best_so_far: cost=16902301.37  viol=4155228469.1908  obj=4155245371492.20
[Run 19 | Iter 194] iter_best: cost=13501863.01  viol=4159562113.1369  obj=4159575614999.96 | best_so_far: cost=16902301.37  viol=4155228469.1908  obj=4155245371492.20
[Run 19 | Iter 195] iter_best: cost=12476726.03  viol=4160632735.1908  obj=4160645211916.86 | best_so_far: cost=16902301.37  viol=4155228469.1908  obj=4155245371492.20
[Run 19 | Iter 196] iter_best: cost=12476726.03  viol=4160632735.1958  obj=4160645211921.86 | best_so_far: cost=16902301.37  viol=4155228469.1908  obj=4155245371492.20
[Run 19 | FE 5888] best_local_obj=4155245371492.20  best_local_cost=16902301.37  best_local_viol=4155228469.1908
[Run 19 | Iter 197] iter_best: cost=13851917.81  viol=4159587691.1708  obj=4159601543088.64 | best_so_far: cost=16902301.37  viol=4155228469.1908  obj=4155245371492.20
[Run 19 | Iter 198] iter_best: cost=16277219.18  viol=4155909940.1908  obj=4155926217410.01 | best_so_far: cost=16902301.37  viol=4155228469.1908  obj=4155245371492.20
[Run 19 | Iter 199] iter_best: cost=13151808.22  viol=4159536535.2208  obj=4159549687029.05 | best_so_far: cost=16902301.37  viol=4155228469.1908  obj=4155245371492.20
[Run 19 | Iter 200] iter_best: cost=13201808.22  viol=4159121806.1908  obj=4159135007999.05 | best_so_far: cost=16902301.37  viol=4155228469.1908  obj=4155245371492.20
[Run 19 | Iter 201] iter_best: cost=12576726.03  viol=4159803277.2808  obj=4159815854006.86 | best_so_far: cost=16902301.37  viol=4155228469.1908  obj=4155245371492.20
[Run 19 | Iter 202] iter_best: cost=12526726.03  viol=4160218006.1708  obj=4160230532896.86 | best_so_far: cost=16902301.37  viol=4155228469.1908  obj=4155245371492.20
[Run 19 | Iter 203] iter_best: cost=15202082.19  viol=4157395291.2208  obj=4157410493303.02 | best_so_far: cost=16902301.37  viol=4155228469.1908  obj=4155245371492.20
[Run 19 | Iter 204] iter_best: cost=12476726.03  viol=4160632735.1908  obj=4160645211916.86 | best_so_far: cost=16902301.37  viol=4155228469.1908  obj=4155245371492.20
[Run 19 | FE 6144] best_local_obj=4155245371492.20  best_local_cost=16902301.37  best_local_viol=4155228469.1908
[Run 19 | Iter 205] iter_best: cost=13501863.01  viol=4159562113.2208  obj=4159575615083.84 | best_so_far: cost=16902301.37  viol=4155228469.1908  obj=4155245371492.20
[Run 19 | Iter 206] iter_best: cost=13201808.22  viol=4159121806.2208  obj=4159135008029.05 | best_so_far: cost=16902301.37  viol=4155228469.1908  obj=4155245371492.20
[Run 19 | Iter 207] iter_best: cost=11551589.04  viol=4160873899.1908  obj=4160885450779.87 | best_so_far: cost=16902301.37  viol=4155228469.1908  obj=4155245371492.20
[Run 19 | Iter 208] iter_best: cost=13451863.01  viol=4159976842.1908  obj=4159990294053.84 | best_so_far: cost=16902301.37  viol=4155228469.1908  obj=4155245371492.20
[Run 19 | Iter 209] iter_best: cost=10876506.85  viol=4161970099.1908  obj=4161980975697.68 | best_so_far: cost=16902301.37  viol=4155228469.1908  obj=4155245371492.20
[Run 19 | Iter 210] iter_best: cost=12176671.23  viol=4160192428.1708  obj=4160204604842.06 | best_so_far: cost=16902301.37  viol=4155228469.1908  obj=4155245371492.20
[Run 19 | Iter 211] iter_best: cost=10926506.85  viol=4161555370.1908  obj=4161566296697.68 | best_so_far: cost=16902301.37  viol=4155228469.1908  obj=4155245371492.20
[Run 19 | Iter 212] iter_best: cost=11551589.04  viol=4160873899.1908  obj=4160885450779.87 | best_so_far: cost=16902301.37  viol=4155228469.1908  obj=4155245371492.20
[Run 19 | Iter 213] iter_best: cost=11601589.04  viol=4160459170.1908  obj=4160470771779.87 | best_so_far: cost=16902301.37  viol=4155228469.1908  obj=4155245371492.20
[Run 19 | FE 6400] best_local_obj=4155245371492.20  best_local_cost=16902301.37  best_local_viol=4155228469.1908
[Run 19 | Iter 214] iter_best: cost=12476726.03  viol=4160632735.1908  obj=4160645211916.86 | best_so_far: cost=16902301.37  viol=4155228469.1908  obj=4155245371492.20
[Run 19 | Iter 215] iter_best: cost=13851917.81  viol=4159587691.1508  obj=4159601543068.64 | best_so_far: cost=16902301.37  viol=4155228469.1908  obj=4155245371492.20
[Run 19 | Iter 216] iter_best: cost=11901643.84  viol=4160899477.1908  obj=4160911378834.66 | best_so_far: cost=16902301.37  viol=4155228469.1908  obj=4155245371492.20
[Run 19 | Iter 217] iter_best: cost=12576726.03  viol=4159803277.1908  obj=4159815853916.86 | best_so_far: cost=16902301.37  viol=4155228469.1908  obj=4155245371492.20
[Run 19 | Iter 218] iter_best: cost=14527000.00  viol=4158491491.2208  obj=4158506018220.83 | best_so_far: cost=16902301.37  viol=4155228469.1908  obj=4155245371492.20
[Run 19 | Iter 219] iter_best: cost=13501863.01  viol=4159562113.1908  obj=4159575615053.84 | best_so_far: cost=16902301.37  viol=4155228469.1908  obj=4155245371492.20
[Run 19 | Iter 220] iter_best: cost=15552136.99  viol=4157420869.1908  obj=4157436421327.81 | best_so_far: cost=16902301.37  viol=4155228469.1908  obj=4155245371492.20
[Run 19 | Iter 221] iter_best: cost=14226945.21  viol=4158051184.1908  obj=4158065411136.03 | best_so_far: cost=16902301.37  viol=4155228469.1908  obj=4155245371492.20
[Run 19 | FE 6656] best_local_obj=4155245371492.20  best_local_cost=16902301.37  best_local_viol=4155228469.1908
[Run 19 | Iter 222] iter_best: cost=13201808.22  viol=4159121806.1908  obj=4159135007999.05 | best_so_far: cost=16902301.37  viol=4155228469.1908  obj=4155245371492.20
[Run 19 | Iter 223] iter_best: cost=15152082.19  viol=4157810020.1908  obj=4157825172273.02 | best_so_far: cost=16902301.37  viol=4155228469.1908  obj=4155245371492.20
[Run 19 | Iter 224] iter_best: cost=12901753.42  viol=4158681499.2208  obj=4158694400974.25 | best_so_far: cost=16902301.37  viol=4155228469.1908  obj=4155245371492.20
[Run 19 | Iter 225] iter_best: cost=13251808.22  viol=4158707077.1908  obj=4158720328999.05 | best_so_far: cost=16902301.37  viol=4155228469.1908  obj=4155245371492.20
[Run 19 | Iter 226] iter_best: cost=12276671.23  viol=4159362970.1908  obj=4159375246862.06 | best_so_far: cost=16902301.37  viol=4155228469.1908  obj=4155245371492.20
[Run 19 | Iter 227] iter_best: cost=13251808.22  viol=4158707077.1908  obj=4158720328999.05 | best_so_far: cost=16902301.37  viol=4155228469.1908  obj=4155245371492.20
[Run 19 | Iter 228] iter_best: cost=13201808.22  viol=4159121806.1908  obj=4159135007999.05 | best_so_far: cost=16902301.37  viol=4155228469.1908  obj=4155245371492.20
[Run 19 | Iter 229] iter_best: cost=12776780.82  viol=4161073042.1548  obj=4161085818935.65 | best_so_far: cost=16902301.37  viol=4155228469.1908  obj=4155245371492.20
[Run 19 | Iter 230] iter_best: cost=10876506.85  viol=4161970099.1908  obj=4161980975697.68 | best_so_far: cost=16902301.37  viol=4155228469.1908  obj=4155245371492.20
[Run 19 | FE 6912] best_local_obj=4155245371492.20  best_local_cost=16902301.37  best_local_viol=4155228469.1908
[Run 19 | Iter 231] iter_best: cost=14126945.21  viol=4158880642.2208  obj=4158894769166.03 | best_so_far: cost=16902301.37  viol=4155228469.1908  obj=4155245371492.20
[Run 19 | Iter 232] iter_best: cost=12176671.23  viol=4160192428.1908  obj=4160204604862.06 | best_so_far: cost=16902301.37  viol=4155228469.1908  obj=4155245371492.20
[Run 19 | Iter 233] iter_best: cost=11551589.04  viol=4160873899.2208  obj=4160885450809.87 | best_so_far: cost=16902301.37  viol=4155228469.1908  obj=4155245371492.20
[Run 19 | Iter 234] iter_best: cost=11901643.84  viol=4160899477.1908  obj=4160911378834.66 | best_so_far: cost=16902301.37  viol=4155228469.1908  obj=4155245371492.20
[Run 19 | Iter 235] iter_best: cost=12526726.03  viol=4160218006.1908  obj=4160230532916.86 | best_so_far: cost=16902301.37  viol=4155228469.1908  obj=4155245371492.20
[Run 19 | Iter 236] iter_best: cost=12276671.23  viol=4159362970.1908  obj=4159375246862.06 | best_so_far: cost=16902301.37  viol=4155228469.1908  obj=4155245371492.20
[Run 19 | Iter 237] iter_best: cost=14477000.00  viol=4158906220.2208  obj=4158920697220.83 | best_so_far: cost=16902301.37  viol=4155228469.1908  obj=4155245371492.20
[Run 19 | Iter 238] iter_best: cost=11601589.04  viol=4160459170.1908  obj=4160470771779.87 | best_so_far: cost=16902301.37  viol=4155228469.1908  obj=4155245371492.20
[Run 19 | FE 7168] best_local_obj=4155245371492.20  best_local_cost=16902301.37  best_local_viol=4155228469.1908
[Run 19 | Iter 239] iter_best: cost=14276945.21  viol=4157636455.1908  obj=4157650732136.03 | best_so_far: cost=16902301.37  viol=4155228469.1908  obj=4155245371492.20
[Run 19 | Iter 240] iter_best: cost=10626452.05  viol=4161115063.1908  obj=4161125689642.88 | best_so_far: cost=16902301.37  viol=4155228469.1908  obj=4155245371492.20
[Run 19 | Iter 241] iter_best: cost=13201808.22  viol=4159121806.2280  obj=4159135008036.25 | best_so_far: cost=16902301.37  viol=4155228469.1908  obj=4155245371492.20
[Run 19 | Iter 242] iter_best: cost=12176671.23  viol=4160192428.1908  obj=4160204604862.06 | best_so_far: cost=16902301.37  viol=4155228469.1908  obj=4155245371492.20
[Run 19 | Iter 243] iter_best: cost=14477000.00  viol=4158906220.1931  obj=4158920697193.13 | best_so_far: cost=16902301.37  viol=4155228469.1908  obj=4155245371492.20
[Run 19 | Iter 244] iter_best: cost=12526726.03  viol=4160218006.1908  obj=4160230532916.86 | best_so_far: cost=16902301.37  viol=4155228469.1908  obj=4155245371492.20
[Run 19 | Iter 245] iter_best: cost=11551589.04  viol=4160873899.1908  obj=4160885450779.87 | best_so_far: cost=16902301.37  viol=4155228469.1908  obj=4155245371492.20
[Run 19 | Iter 246] iter_best: cost=13501863.01  viol=4159562113.2008  obj=4159575615063.84 | best_so_far: cost=16902301.37  viol=4155228469.1908  obj=4155245371492.20
[Run 19 | Iter 247] iter_best: cost=12576726.03  viol=4159803277.2208  obj=4159815853946.86 | best_so_far: cost=16902301.37  viol=4155228469.1908  obj=4155245371492.20
[Run 19 | FE 7424] best_local_obj=4155245371492.20  best_local_cost=16902301.37  best_local_viol=4155228469.1908
[Run 19 | Iter 248] iter_best: cost=10526452.05  viol=4161944521.1908  obj=4161955047642.88 | best_so_far: cost=16902301.37  viol=4155228469.1908  obj=4155245371492.20
[Run 19 | Iter 249] iter_best: cost=10526452.05  viol=4161944521.1908  obj=4161955047642.88 | best_so_far: cost=16902301.37  viol=4155228469.1908  obj=4155245371492.20
[Run 19 | Iter 250] iter_best: cost=15202082.19  viol=4157395291.2208  obj=4157410493303.02 | best_so_far: cost=16902301.37  viol=4155228469.1908  obj=4155245371492.20
[Run 19 | Iter 251] iter_best: cost=10526452.05  viol=4161944521.1908  obj=4161955047642.88 | best_so_far: cost=16902301.37  viol=4155228469.1908  obj=4155245371492.20
[Run 19 | Iter 252] iter_best: cost=12576726.03  viol=4159803277.2208  obj=4159815853946.86 | best_so_far: cost=16902301.37  viol=4155228469.1908  obj=4155245371492.20
[Run 19 | Iter 253] iter_best: cost=11551589.04  viol=4160873899.1908  obj=4160885450779.87 | best_so_far: cost=16902301.37  viol=4155228469.1908  obj=4155245371492.20
[Run 19 | Iter 254] iter_best: cost=13451863.01  viol=4159976842.1908  obj=4159990294053.84 | best_so_far: cost=16902301.37  viol=4155228469.1908  obj=4155245371492.20
[Run 19 | Iter 255] iter_best: cost=11801643.84  viol=4161728935.3108  obj=4161740736954.66 | best_so_far: cost=16902301.37  viol=4155228469.1908  obj=4155245371492.20
[Run 19 | FE 7680] best_local_obj=4155245371492.20  best_local_cost=16902301.37  best_local_viol=4155228469.1908
[Run 19 | Iter 256] iter_best: cost=11551589.04  viol=4160873899.1908  obj=4160885450779.87 | best_so_far: cost=16902301.37  viol=4155228469.1908  obj=4155245371492.20
[Run 19 | Iter 257] iter_best: cost=11551589.04  viol=4160873899.1908  obj=4160885450779.87 | best_so_far: cost=16902301.37  viol=4155228469.1908  obj=4155245371492.20
[Run 19 | Iter 258] iter_best: cost=14527000.00  viol=4158491491.2208  obj=4158506018220.83 | best_so_far: cost=16902301.37  viol=4155228469.1908  obj=4155245371492.20
[Run 19 | Iter 259] iter_best: cost=15827164.38  viol=4156713820.1808  obj=4156729647345.21 | best_so_far: cost=16902301.37  viol=4155228469.1908  obj=4155245371492.20
[Run 19 | Iter 260] iter_best: cost=13151808.22  viol=4159536535.2208  obj=4159549687029.05 | best_so_far: cost=16902301.37  viol=4155228469.1908  obj=4155245371492.20
[Run 19 | Iter 261] iter_best: cost=10926506.85  viol=4161555370.2208  obj=4161566296727.68 | best_so_far: cost=16902301.37  viol=4155228469.1908  obj=4155245371492.20
[Run 19 | Iter 262] iter_best: cost=12526726.03  viol=4160218006.1908  obj=4160230532916.86 | best_so_far: cost=16902301.37  viol=4155228469.1908  obj=4155245371492.20
[Run 19 | Iter 263] iter_best: cost=10226397.26  viol=4161504214.1908  obj=4161514440588.09 | best_so_far: cost=16902301.37  viol=4155228469.1908  obj=4155245371492.20
[Run 19 | Iter 264] iter_best: cost=14226945.21  viol=4158051184.2208  obj=4158065411166.03 | best_so_far: cost=16902301.37  viol=4155228469.1908  obj=4155245371492.20
[Run 19 | FE 7936] best_local_obj=4155245371492.20  best_local_cost=16902301.37  best_local_viol=4155228469.1908
[Run 19 | Iter 265] iter_best: cost=12176671.23  viol=4160192428.2208  obj=4160204604892.06 | best_so_far: cost=16902301.37  viol=4155228469.1908  obj=4155245371492.20
[Run 19 | Iter 266] iter_best: cost=11951643.84  viol=4160484748.2208  obj=4160496699864.67 | best_so_far: cost=16902301.37  viol=4155228469.1908  obj=4155245371492.20
[Run 19 | Iter 267] iter_best: cost=15152082.19  viol=4157810020.1908  obj=4157825172273.02 | best_so_far: cost=16902301.37  viol=4155228469.1908  obj=4155245371492.20
[Run 19 | Iter 268] iter_best: cost=13501863.01  viol=4159562113.1908  obj=4159575615053.84 | best_so_far: cost=16902301.37  viol=4155228469.1908  obj=4155245371492.20
[Run 19 | Iter 269] iter_best: cost=13501863.01  viol=4159562113.1958  obj=4159575615058.84 | best_so_far: cost=16902301.37  viol=4155228469.1908  obj=4155245371492.20
[Run 19 | Iter 270] iter_best: cost=13201808.22  viol=4159121806.1908  obj=4159135007999.05 | best_so_far: cost=16902301.37  viol=4155228469.1908  obj=4155245371492.20
[Run 19 | Iter 271] iter_best: cost=14877054.79  viol=4158517069.1948  obj=4158531946249.62 | best_so_far: cost=16902301.37  viol=4155228469.1908  obj=4155245371492.20
[Run 19 | Iter 272] iter_best: cost=12576726.03  viol=4159803277.1908  obj=4159815853916.86 | best_so_far: cost=16902301.37  viol=4155228469.1908  obj=4155245371492.20
[Run 19 | Iter 273] iter_best: cost=11601589.04  viol=4160459170.1908  obj=4160470771779.87 | best_so_far: cost=16902301.37  viol=4155228469.1908  obj=4155245371492.20
[Run 19 | FE 8192] best_local_obj=4155245371492.20  best_local_cost=16902301.37  best_local_viol=4155228469.1908
[Run 19 | Iter 274] iter_best: cost=13551863.01  viol=4159147384.2608  obj=4159160936123.84 | best_so_far: cost=16902301.37  viol=4155228469.1908  obj=4155245371492.20
[Run 19 | Iter 275] iter_best: cost=12476726.03  viol=4160632735.2208  obj=4160645211946.86 | best_so_far: cost=16902301.37  viol=4155228469.1908  obj=4155245371492.20
[Run 19 | Iter 276] iter_best: cost=11501589.04  viol=4161288628.1908  obj=4161300129779.87 | best_so_far: cost=16902301.37  viol=4155228469.1908  obj=4155245371492.20
[Run 19 | Iter 277] iter_best: cost=14477000.00  viol=4158906220.1208  obj=4158920697120.83 | best_so_far: cost=16902301.37  viol=4155228469.1908  obj=4155245371492.20
[Run 19 | Iter 278] iter_best: cost=13551863.01  viol=4159147384.1908  obj=4159160936053.84 | best_so_far: cost=16902301.37  viol=4155228469.1908  obj=4155245371492.20
[Run 19 | Iter 279] iter_best: cost=12176671.23  viol=4160192428.2208  obj=4160204604892.06 | best_so_far: cost=16902301.37  viol=4155228469.1908  obj=4155245371492.20
[Run 19 | Iter 280] iter_best: cost=13501863.01  viol=4159562113.1908  obj=4159575615053.84 | best_so_far: cost=16902301.37  viol=4155228469.1908  obj=4155245371492.20
[Run 19 | Iter 281] iter_best: cost=12526726.03  viol=4160218006.1908  obj=4160230532916.86 | best_so_far: cost=16902301.37  viol=4155228469.1908  obj=4155245371492.20
[Run 19 | FE 8448] best_local_obj=4155245371492.20  best_local_cost=16902301.37  best_local_viol=4155228469.1908
[Run 19 | Iter 282] iter_best: cost=12876780.82  viol=4160243584.2208  obj=4160256461001.65 | best_so_far: cost=16902301.37  viol=4155228469.1908  obj=4155245371492.20
[Run 19 | Iter 283] iter_best: cost=11451589.04  viol=4161703357.1708  obj=4161714808759.87 | best_so_far: cost=16902301.37  viol=4155228469.1908  obj=4155245371492.20
[Run 19 | Iter 284] iter_best: cost=12526726.03  viol=4160218006.1908  obj=4160230532916.86 | best_so_far: cost=16902301.37  viol=4155228469.1908  obj=4155245371492.20
[Run 19 | Iter 285] iter_best: cost=13201808.22  viol=4159121806.1908  obj=4159135007999.05 | best_so_far: cost=16902301.37  viol=4155228469.1908  obj=4155245371492.20
[Run 19 | Iter 286] iter_best: cost=13451863.01  viol=4159976842.1908  obj=4159990294053.84 | best_so_far: cost=16902301.37  viol=4155228469.1908  obj=4155245371492.20
[Run 19 | Iter 287] iter_best: cost=16802301.37  viol=4156057927.1858  obj=4156074729487.20 | best_so_far: cost=16902301.37  viol=4155228469.1908  obj=4155245371492.20
[Run 19 | Iter 288] iter_best: cost=11251534.25  viol=4160433592.1908  obj=4160444843725.08 | best_so_far: cost=16902301.37  viol=4155228469.1908  obj=4155245371492.20
[Run 19 | Iter 289] iter_best: cost=11201534.25  viol=4160848321.1908  obj=4160859522725.08 | best_so_far: cost=16902301.37  viol=4155228469.1908  obj=4155245371492.20
[Run 19 | Iter 290] iter_best: cost=13201808.22  viol=4159121806.1908  obj=4159135007999.05 | best_so_far: cost=16902301.37  viol=4155228469.1908  obj=4155245371492.20
[Run 19 | FE 8704] best_local_obj=4155245371492.20  best_local_cost=16902301.37  best_local_viol=4155228469.1908
[Run 19 | Iter 291] iter_best: cost=14226945.21  viol=4158051184.1908  obj=4158065411136.03 | best_so_far: cost=16902301.37  viol=4155228469.1908  obj=4155245371492.20
[Run 19 | Iter 292] iter_best: cost=10576452.05  viol=4161529792.1908  obj=4161540368642.88 | best_so_far: cost=16902301.37  viol=4155228469.1908  obj=4155245371492.20
[Run 19 | Iter 293] iter_best: cost=11201534.25  viol=4160848321.1908  obj=4160859522725.08 | best_so_far: cost=16902301.37  viol=4155228469.1908  obj=4155245371492.20
[Run 19 | Iter 294] iter_best: cost=11251534.25  viol=4160433592.1908  obj=4160444843725.08 | best_so_far: cost=16902301.37  viol=4155228469.1908  obj=4155245371492.20
[Run 19 | Iter 295] iter_best: cost=13801917.81  viol=4160002420.3108  obj=4160016222228.64 | best_so_far: cost=16902301.37  viol=4155228469.1908  obj=4155245371492.20
[Run 19 | Iter 296] iter_best: cost=13201808.22  viol=4159121806.1908  obj=4159135007999.05 | best_so_far: cost=16902301.37  viol=4155228469.1908  obj=4155245371492.20
[Run 19 | Iter 297] iter_best: cost=13201808.22  viol=4159121806.1708  obj=4159135007979.05 | best_so_far: cost=16902301.37  viol=4155228469.1908  obj=4155245371492.20
[Run 19 | Iter 298] iter_best: cost=12226671.23  viol=4159777699.1908  obj=4159789925862.06 | best_so_far: cost=16902301.37  viol=4155228469.1908  obj=4155245371492.20
[Run 19 | FE 8960] best_local_obj=4155245371492.20  best_local_cost=16902301.37  best_local_viol=4155228469.1908
[Run 19 | Iter 299] iter_best: cost=11851643.84  viol=4161314206.1908  obj=4161326057834.66 | best_so_far: cost=16902301.37  viol=4155228469.1908  obj=4155245371492.20
[Run 19 | Iter 300] iter_best: cost=17202356.16  viol=4155668776.1908  obj=4155685978546.99 | best_so_far: cost=16902301.37  viol=4155228469.1908  obj=4155245371492.20
[Run 19 | Iter 301] iter_best: cost=12876780.82  viol=4160243584.2008  obj=4160256460981.65 | best_so_far: cost=16902301.37  viol=4155228469.1908  obj=4155245371492.20
[Run 19 | Iter 302] iter_best: cost=13301808.22  viol=4158292348.1908  obj=4158305649999.05 | best_so_far: cost=16902301.37  viol=4155228469.1908  obj=4155245371492.20
[Run 19 | Iter 303] iter_best: cost=12576726.03  viol=4159803277.1708  obj=4159815853896.86 | best_so_far: cost=16902301.37  viol=4155228469.1908  obj=4155245371492.20
[Run 19 | Iter 304] iter_best: cost=12526726.03  viol=4160218006.1908  obj=4160230532916.86 | best_so_far: cost=16902301.37  viol=4155228469.1908  obj=4155245371492.20
[Run 19 | Iter 305] iter_best: cost=10576452.05  viol=4161529792.1908  obj=4161540368642.88 | best_so_far: cost=16902301.37  viol=4155228469.1908  obj=4155245371492.20
[Run 19 | Iter 306] iter_best: cost=13201808.22  viol=4159121806.1868  obj=4159135007995.05 | best_so_far: cost=16902301.37  viol=4155228469.1908  obj=4155245371492.20
[Run 19 | Iter 307] iter_best: cost=11501589.04  viol=4161288628.1908  obj=4161300129779.87 | best_so_far: cost=16902301.37  viol=4155228469.1908  obj=4155245371492.20
[Run 19 | FE 9216] best_local_obj=4155245371492.20  best_local_cost=16902301.37  best_local_viol=4155228469.1908
[Run 19 | Iter 308] iter_best: cost=11601589.04  viol=4160459170.1908  obj=4160470771779.87 | best_so_far: cost=16902301.37  viol=4155228469.1908  obj=4155245371492.20
[Run 19 | Iter 309] iter_best: cost=12526726.03  viol=4160218006.1308  obj=4160230532856.86 | best_so_far: cost=16902301.37  viol=4155228469.1908  obj=4155245371492.20
[Run 19 | Iter 310] iter_best: cost=13201808.22  viol=4159121806.2208  obj=4159135008029.05 | best_so_far: cost=16902301.37  viol=4155228469.1908  obj=4155245371492.20
[Run 19 | Iter 311] iter_best: cost=11501589.04  viol=4161288628.2208  obj=4161300129809.87 | best_so_far: cost=16902301.37  viol=4155228469.1908  obj=4155245371492.20
[Run 19 | Iter 312] iter_best: cost=12276671.23  viol=4159362970.2208  obj=4159375246892.06 | best_so_far: cost=16902301.37  viol=4155228469.1908  obj=4155245371492.20
[Run 19 | Iter 313] iter_best: cost=13201808.22  viol=4159121806.1908  obj=4159135007999.05 | best_so_far: cost=16902301.37  viol=4155228469.1908  obj=4155245371492.20
[Run 19 | Iter 314] iter_best: cost=11601589.04  viol=4160459170.1908  obj=4160470771779.87 | best_so_far: cost=16902301.37  viol=4155228469.1908  obj=4155245371492.20
[Run 19 | Iter 315] iter_best: cost=13551863.01  viol=4159147384.1908  obj=4159160936053.84 | best_so_far: cost=16902301.37  viol=4155228469.1908  obj=4155245371492.20
[Run 19 | FE 9472] best_local_obj=4155245371492.20  best_local_cost=16902301.37  best_local_viol=4155228469.1908
[Run 19 | Iter 316] iter_best: cost=12476726.03  viol=4160632735.2208  obj=4160645211946.86 | best_so_far: cost=16902301.37  viol=4155228469.1908  obj=4155245371492.20
[Run 19 | Iter 317] iter_best: cost=12226671.23  viol=4159777699.2208  obj=4159789925892.06 | best_so_far: cost=16902301.37  viol=4155228469.1908  obj=4155245371492.20
[Run 19 | Iter 318] iter_best: cost=12526726.03  viol=4160218006.1908  obj=4160230532916.86 | best_so_far: cost=16902301.37  viol=4155228469.1908  obj=4155245371492.20
