[RunConfig] run_id=2 seed=1002
[OutputDir] /work/home/acn1eb8nfq/yuezhang46/UScode/US实验一：横向对比/aco_global_logs/run_02_seed_1002
[Info] #nodes = 4301
[Load] Reading scenarios ...
  - 2020: raw edges=5296, days=366
  - 2025: raw edges=5296, days=365
  - 2030: raw edges=5296, days=365
  - 2035: raw edges=5296, days=365
  - 2040: raw edges=5296, days=366
[Filter] EDGE_WEIGHT_MIN=1.0
  - active_nodes=2914  inactive_nodes(fixed NONE)=1387
  - 2020: removed=2048, kept=3248
  - 2025: removed=2048, kept=3248
  - 2030: removed=2048, kept=3248
  - 2035: removed=2048, kept=3248
  - 2040: removed=2048, kept=3248
  - 2020: filtered edges (active subgraph)=3248
  - 2025: filtered edges (active subgraph)=3248
  - 2030: filtered edges (active subgraph)=3248
  - 2035: filtered edges (active subgraph)=3248
  - 2040: filtered edges (active subgraph)=3248
[ACO] Pheromone and heuristic initialized.
[ACO] Iterate under FE budget ...
[Run 02 | Iter 1] iter_best: cost=13201808.22  viol=4159121806.1908  obj=4159135007999.05 | best_so_far: cost=13201808.22  viol=4159121806.1908  obj=4159135007999.05
[Run 02 | Iter 2] iter_best: cost=9601315.07  viol=4162185685.1908  obj=4162195286505.90 | best_so_far: cost=13201808.22  viol=4159121806.1908  obj=4159135007999.05
[Run 02 | Iter 3] iter_best: cost=11501589.04  viol=4161288628.1908  obj=4161300129779.87 | best_so_far: cost=13201808.22  viol=4159121806.1908  obj=4159135007999.05
[Run 02 | Iter 4] iter_best: cost=11201534.25  viol=4160848321.1908  obj=4160859522725.08 | best_so_far: cost=13201808.22  viol=4159121806.1908  obj=4159135007999.05
[Run 02 | Iter 5] iter_best: cost=11601589.04  viol=4160459170.1908  obj=4160470771779.87 | best_so_far: cost=13201808.22  viol=4159121806.1908  obj=4159135007999.05
[Run 02 | Iter 6] iter_best: cost=11201534.25  viol=4160848321.1908  obj=4160859522725.08 | best_so_far: cost=13201808.22  viol=4159121806.1908  obj=4159135007999.05
[Run 02 | Iter 7] iter_best: cost=12226671.23  viol=4159777699.1908  obj=4159789925862.06 | best_so_far: cost=13201808.22  viol=4159121806.1908  obj=4159135007999.05
[Run 02 | Iter 8] iter_best: cost=10626452.05  viol=4161115063.1908  obj=4161125689642.88 | best_so_far: cost=13201808.22  viol=4159121806.1908  obj=4159135007999.05
[Run 02 | FE 256] best_local_obj=4159135007999.05  best_local_cost=13201808.22  best_local_viol=4159121806.1908
[Run 02 | Iter 9] iter_best: cost=12226671.23  viol=4159777699.1908  obj=4159789925862.06 | best_so_far: cost=13201808.22  viol=4159121806.1908  obj=4159135007999.05
[Run 02 | Iter 10] iter_best: cost=12526726.03  viol=4160218006.1978  obj=4160230532923.86 | best_so_far: cost=13201808.22  viol=4159121806.1908  obj=4159135007999.05
[Run 02 | Iter 11] iter_best: cost=12226671.23  viol=4159777699.1908  obj=4159789925862.06 | best_so_far: cost=13201808.22  viol=4159121806.1908  obj=4159135007999.05
[Run 02 | Iter 12] iter_best: cost=13251808.22  viol=4158707077.1908  obj=4158720328999.05 | best_so_far: cost=13251808.22  viol=4158707077.1908  obj=4158720328999.05
[Run 02 | Iter 13] iter_best: cost=14176945.21  viol=4158465913.2208  obj=4158480090166.03 | best_so_far: cost=14176945.21  viol=4158465913.2208  obj=4158480090166.03
[Run 02 | Iter 14] iter_best: cost=12476726.03  viol=4160632735.1708  obj=4160645211896.86 | best_so_far: cost=14176945.21  viol=4158465913.2208  obj=4158480090166.03
[Run 02 | Iter 15] iter_best: cost=13251808.22  viol=4158707077.1908  obj=4158720328999.05 | best_so_far: cost=14176945.21  viol=4158465913.2208  obj=4158480090166.03
[Run 02 | Iter 16] iter_best: cost=14527000.00  viol=4158491491.1908  obj=4158506018190.83 | best_so_far: cost=14176945.21  viol=4158465913.2208  obj=4158480090166.03
[Run 02 | Iter 17] iter_best: cost=12176671.23  viol=4160192428.2208  obj=4160204604892.06 | best_so_far: cost=14176945.21  viol=4158465913.2208  obj=4158480090166.03
[Run 02 | FE 512] best_local_obj=4158480090166.03  best_local_cost=14176945.21  best_local_viol=4158465913.2208
[Run 02 | Iter 18] iter_best: cost=10526452.05  viol=4161944521.2208  obj=4161955047672.88 | best_so_far: cost=14176945.21  viol=4158465913.2208  obj=4158480090166.03
[Run 02 | Iter 19] iter_best: cost=12526726.03  viol=4160218006.1908  obj=4160230532916.86 | best_so_far: cost=14176945.21  viol=4158465913.2208  obj=4158480090166.03
[Run 02 | Iter 20] iter_best: cost=15452136.99  viol=4158250327.2208  obj=4158265779357.82 | best_so_far: cost=15452136.99  viol=4158250327.2208  obj=4158265779357.82
[Run 02 | Iter 21] iter_best: cost=13876890.41  viol=4158025606.1908  obj=4158039483081.24 | best_so_far: cost=13876890.41  viol=4158025606.1908  obj=4158039483081.24
[Run 02 | Iter 22] iter_best: cost=14126945.21  viol=4158880642.2408  obj=4158894769186.03 | best_so_far: cost=13876890.41  viol=4158025606.1908  obj=4158039483081.24
[Run 02 | Iter 23] iter_best: cost=11651589.04  viol=4160044441.1908  obj=4160056092779.87 | best_so_far: cost=13876890.41  viol=4158025606.1908  obj=4158039483081.24
[Run 02 | Iter 24] iter_best: cost=12526726.03  viol=4160218006.1908  obj=4160230532916.86 | best_so_far: cost=13876890.41  viol=4158025606.1908  obj=4158039483081.24
[Run 02 | Iter 25] iter_best: cost=11551589.04  viol=4160873899.1908  obj=4160885450779.87 | best_so_far: cost=13876890.41  viol=4158025606.1908  obj=4158039483081.24
[Run 02 | FE 768] best_local_obj=4158039483081.24  best_local_cost=13876890.41  best_local_viol=4158025606.1908
[Run 02 | Iter 26] iter_best: cost=13151808.22  viol=4159536535.1808  obj=4159549686989.05 | best_so_far: cost=13876890.41  viol=4158025606.1908  obj=4158039483081.24
[Run 02 | Iter 27] iter_best: cost=12176671.23  viol=4160192428.1908  obj=4160204604862.06 | best_so_far: cost=13876890.41  viol=4158025606.1908  obj=4158039483081.24
[Run 02 | Iter 28] iter_best: cost=12576726.03  viol=4159803277.1908  obj=4159815853916.86 | best_so_far: cost=13876890.41  viol=4158025606.1908  obj=4158039483081.24
[Run 02 | Iter 29] iter_best: cost=13201808.22  viol=4159121806.2008  obj=4159135008009.05 | best_so_far: cost=13876890.41  viol=4158025606.1908  obj=4158039483081.24
[Run 02 | Iter 30] iter_best: cost=13151808.22  viol=4159536535.1908  obj=4159549686999.05 | best_so_far: cost=13876890.41  viol=4158025606.1908  obj=4158039483081.24
[Run 02 | Iter 31] iter_best: cost=12476726.03  viol=4160632735.2208  obj=4160645211946.86 | best_so_far: cost=13876890.41  viol=4158025606.1908  obj=4158039483081.24
[Run 02 | Iter 32] iter_best: cost=14176945.21  viol=4158465913.1908  obj=4158480090136.03 | best_so_far: cost=13876890.41  viol=4158025606.1908  obj=4158039483081.24
[Run 02 | Iter 33] iter_best: cost=13851917.81  viol=4159587691.1908  obj=4159601543108.64 | best_so_far: cost=13876890.41  viol=4158025606.1908  obj=4158039483081.24
[Run 02 | Iter 34] iter_best: cost=13151808.22  viol=4159536535.1998  obj=4159549687008.05 | best_so_far: cost=13876890.41  viol=4158025606.1908  obj=4158039483081.24
[Run 02 | FE 1024] best_local_obj=4158039483081.24  best_local_cost=13876890.41  best_local_viol=4158025606.1908
[Run 02 | Iter 35] iter_best: cost=12476726.03  viol=4160632735.2308  obj=4160645211956.86 | best_so_far: cost=13876890.41  viol=4158025606.1908  obj=4158039483081.24
[Run 02 | Iter 36] iter_best: cost=10526452.05  viol=4161944521.1908  obj=4161955047642.88 | best_so_far: cost=13876890.41  viol=4158025606.1908  obj=4158039483081.24
[Run 02 | Iter 37] iter_best: cost=13451863.01  viol=4159976842.1948  obj=4159990294057.84 | best_so_far: cost=13876890.41  viol=4158025606.1908  obj=4158039483081.24
[Run 02 | Iter 38] iter_best: cost=12226671.23  viol=4159777699.1508  obj=4159789925822.06 | best_so_far: cost=13876890.41  viol=4158025606.1908  obj=4158039483081.24
[Run 02 | Iter 39] iter_best: cost=12526726.03  viol=4160218006.1908  obj=4160230532916.86 | best_so_far: cost=13876890.41  viol=4158025606.1908  obj=4158039483081.24
[Run 02 | Iter 40] iter_best: cost=14176945.21  viol=4158465913.2208  obj=4158480090166.03 | best_so_far: cost=13876890.41  viol=4158025606.1908  obj=4158039483081.24
[Run 02 | Iter 41] iter_best: cost=14226945.21  viol=4158051184.2208  obj=4158065411166.03 | best_so_far: cost=13876890.41  viol=4158025606.1908  obj=4158039483081.24
[Run 02 | Iter 42] iter_best: cost=11751643.84  viol=4162143664.1708  obj=4162155415814.66 | best_so_far: cost=13876890.41  viol=4158025606.1908  obj=4158039483081.24
[Run 02 | FE 1280] best_local_obj=4158039483081.24  best_local_cost=13876890.41  best_local_viol=4158025606.1908
[Run 02 | Iter 43] iter_best: cost=14126945.21  viol=4158880642.2008  obj=4158894769146.03 | best_so_far: cost=13876890.41  viol=4158025606.1908  obj=4158039483081.24
[Run 02 | Iter 44] iter_best: cost=11251534.25  viol=4160433592.1908  obj=4160444843725.08 | best_so_far: cost=13876890.41  viol=4158025606.1908  obj=4158039483081.24
[Run 02 | Iter 45] iter_best: cost=13151808.22  viol=4159536535.2208  obj=4159549687029.05 | best_so_far: cost=13876890.41  viol=4158025606.1908  obj=4158039483081.24
[Run 02 | Iter 46] iter_best: cost=12626726.03  viol=4159388548.1908  obj=4159401174916.86 | best_so_far: cost=13876890.41  viol=4158025606.1908  obj=4158039483081.24
[Run 02 | Iter 47] iter_best: cost=12526726.03  viol=4160218006.2208  obj=4160230532946.86 | best_so_far: cost=13876890.41  viol=4158025606.1908  obj=4158039483081.24
[Run 02 | Iter 48] iter_best: cost=14852027.40  viol=4157369713.1908  obj=4157384565218.23 | best_so_far: cost=14852027.40  viol=4157369713.1908  obj=4157384565218.23
[Run 02 | Iter 49] iter_best: cost=14176945.21  viol=4158465913.1908  obj=4158480090136.03 | best_so_far: cost=14852027.40  viol=4157369713.1908  obj=4157384565218.23
[Run 02 | Iter 50] iter_best: cost=12776780.82  viol=4161073042.1808  obj=4161085818961.65 | best_so_far: cost=14852027.40  viol=4157369713.1908  obj=4157384565218.23
[Run 02 | Iter 51] iter_best: cost=13501863.01  viol=4159562113.1908  obj=4159575615053.84 | best_so_far: cost=14852027.40  viol=4157369713.1908  obj=4157384565218.23
[Run 02 | FE 1536] best_local_obj=4157384565218.23  best_local_cost=14852027.40  best_local_viol=4157369713.1908
[Run 02 | Iter 52] iter_best: cost=13551863.01  viol=4159147384.1908  obj=4159160936053.84 | best_so_far: cost=14852027.40  viol=4157369713.1908  obj=4157384565218.23
[Run 02 | Iter 53] iter_best: cost=17202356.16  viol=4155668776.2188  obj=4155685978574.99 | best_so_far: cost=17202356.16  viol=4155668776.2188  obj=4155685978574.99
[Run 02 | Iter 54] iter_best: cost=10526452.05  viol=4161944521.2208  obj=4161955047672.88 | best_so_far: cost=17202356.16  viol=4155668776.2188  obj=4155685978574.99
[Run 02 | Iter 55] iter_best: cost=14176945.21  viol=4158465913.1908  obj=4158480090136.03 | best_so_far: cost=17202356.16  viol=4155668776.2188  obj=4155685978574.99
[Run 02 | Iter 56] iter_best: cost=12476726.03  viol=4160632735.2208  obj=4160645211946.86 | best_so_far: cost=17202356.16  viol=4155668776.2188  obj=4155685978574.99
[Run 02 | Iter 57] iter_best: cost=12526726.03  viol=4160218006.1908  obj=4160230532916.86 | best_so_far: cost=17202356.16  viol=4155668776.2188  obj=4155685978574.99
[Run 02 | Iter 58] iter_best: cost=12476726.03  viol=4160632735.1908  obj=4160645211916.86 | best_so_far: cost=17202356.16  viol=4155668776.2188  obj=4155685978574.99
[Run 02 | Iter 59] iter_best: cost=13201808.22  viol=4159121806.1908  obj=4159135007999.05 | best_so_far: cost=17202356.16  viol=4155668776.2188  obj=4155685978574.99
[Run 02 | FE 1792] best_local_obj=4155685978574.99  best_local_cost=17202356.16  best_local_viol=4155668776.2188
[Run 02 | Iter 60] iter_best: cost=12226671.23  viol=4159777699.1908  obj=4159789925862.06 | best_so_far: cost=17202356.16  viol=4155668776.2188  obj=4155685978574.99
[Run 02 | Iter 61] iter_best: cost=9551315.07  viol=4162600414.1908  obj=4162609965505.90 | best_so_far: cost=17202356.16  viol=4155668776.2188  obj=4155685978574.99
[Run 02 | Iter 62] iter_best: cost=10576452.05  viol=4161529792.1908  obj=4161540368642.88 | best_so_far: cost=17202356.16  viol=4155668776.2188  obj=4155685978574.99
[Run 02 | Iter 63] iter_best: cost=11901643.84  viol=4160899477.2308  obj=4160911378874.66 | best_so_far: cost=17202356.16  viol=4155668776.2188  obj=4155685978574.99
[Run 02 | Iter 64] iter_best: cost=14226945.21  viol=4158051184.1908  obj=4158065411136.03 | best_so_far: cost=17202356.16  viol=4155668776.2188  obj=4155685978574.99
[Run 02 | Iter 65] iter_best: cost=11901643.84  viol=4160899477.1908  obj=4160911378834.66 | best_so_far: cost=17202356.16  viol=4155668776.2188  obj=4155685978574.99
[Run 02 | Iter 66] iter_best: cost=12226671.23  viol=4159777699.1878  obj=4159789925859.06 | best_so_far: cost=17202356.16  viol=4155668776.2188  obj=4155685978574.99
[Run 02 | Iter 67] iter_best: cost=10226397.26  viol=4161504214.1908  obj=4161514440588.09 | best_so_far: cost=17202356.16  viol=4155668776.2188  obj=4155685978574.99
[Run 02 | Iter 68] iter_best: cost=10226397.26  viol=4161504214.1908  obj=4161514440588.09 | best_so_far: cost=17202356.16  viol=4155668776.2188  obj=4155685978574.99
[Run 02 | FE 2048] best_local_obj=4155685978574.99  best_local_cost=17202356.16  best_local_viol=4155668776.2188
[Run 02 | Iter 69] iter_best: cost=14527000.00  viol=4158491491.2208  obj=4158506018220.83 | best_so_far: cost=17202356.16  viol=4155668776.2188  obj=4155685978574.99
[Run 02 | Iter 70] iter_best: cost=12176671.23  viol=4160192428.1908  obj=4160204604862.06 | best_so_far: cost=17202356.16  viol=4155668776.2188  obj=4155685978574.99
[Run 02 | Iter 71] iter_best: cost=14852027.40  viol=4157369713.2208  obj=4157384565248.23 | best_so_far: cost=17202356.16  viol=4155668776.2188  obj=4155685978574.99
[Run 02 | Iter 72] iter_best: cost=12526726.03  viol=4160218006.1608  obj=4160230532886.86 | best_so_far: cost=17202356.16  viol=4155668776.2188  obj=4155685978574.99
[Run 02 | Iter 73] iter_best: cost=8576178.08  viol=4163256307.1908  obj=4163264883368.91 | best_so_far: cost=17202356.16  viol=4155668776.2188  obj=4155685978574.99
[Run 02 | Iter 74] iter_best: cost=12826780.82  viol=4160658313.2208  obj=4160671140001.65 | best_so_far: cost=17202356.16  viol=4155668776.2188  obj=4155685978574.99
[Run 02 | Iter 75] iter_best: cost=13751917.81  viol=4160417149.2208  obj=4160430901138.64 | best_so_far: cost=17202356.16  viol=4155668776.2188  obj=4155685978574.99
[Run 02 | Iter 76] iter_best: cost=13501863.01  viol=4159562113.2208  obj=4159575615083.84 | best_so_far: cost=17202356.16  viol=4155668776.2188  obj=4155685978574.99
[Run 02 | FE 2304] best_local_obj=4155685978574.99  best_local_cost=17202356.16  best_local_viol=4155668776.2188
[Run 02 | Iter 77] iter_best: cost=10876506.85  viol=4161970099.2208  obj=4161980975727.68 | best_so_far: cost=17202356.16  viol=4155668776.2188  obj=4155685978574.99
[Run 02 | Iter 78] iter_best: cost=10476452.05  viol=4162359250.1908  obj=4162369726642.88 | best_so_far: cost=17202356.16  viol=4155668776.2188  obj=4155685978574.99
[Run 02 | Iter 79] iter_best: cost=12176671.23  viol=4160192428.1908  obj=4160204604862.06 | best_so_far: cost=17202356.16  viol=4155668776.2188  obj=4155685978574.99
[Run 02 | Iter 80] iter_best: cost=15202082.19  viol=4157395291.1908  obj=4157410493273.02 | best_so_far: cost=17202356.16  viol=4155668776.2188  obj=4155685978574.99
[Run 02 | Iter 81] iter_best: cost=11851643.84  viol=4161314206.1708  obj=4161326057814.66 | best_so_far: cost=17202356.16  viol=4155668776.2188  obj=4155685978574.99
[Run 02 | Iter 82] iter_best: cost=10926506.85  viol=4161555370.1908  obj=4161566296697.68 | best_so_far: cost=17202356.16  viol=4155668776.2188  obj=4155685978574.99
[Run 02 | Iter 83] iter_best: cost=13551863.01  viol=4159147384.1908  obj=4159160936053.84 | best_so_far: cost=17202356.16  viol=4155668776.2188  obj=4155685978574.99
[Run 02 | Iter 84] iter_best: cost=12476726.03  viol=4160632735.1908  obj=4160645211916.86 | best_so_far: cost=17202356.16  viol=4155668776.2188  obj=4155685978574.99
[Run 02 | Iter 85] iter_best: cost=11201534.25  viol=4160848321.1908  obj=4160859522725.08 | best_so_far: cost=17202356.16  viol=4155668776.2188  obj=4155685978574.99
[Run 02 | FE 2560] best_local_obj=4155685978574.99  best_local_cost=17202356.16  best_local_viol=4155668776.2188
[Run 02 | Iter 86] iter_best: cost=13251808.22  viol=4158707077.1908  obj=4158720328999.05 | best_so_far: cost=17202356.16  viol=4155668776.2188  obj=4155685978574.99
[Run 02 | Iter 87] iter_best: cost=13501863.01  viol=4159562113.1508  obj=4159575615013.84 | best_so_far: cost=17202356.16  viol=4155668776.2188  obj=4155685978574.99
[Run 02 | Iter 88] iter_best: cost=14377000.00  viol=4159735678.2732  obj=4159750055273.23 | best_so_far: cost=17202356.16  viol=4155668776.2188  obj=4155685978574.99
[Run 02 | Iter 89] iter_best: cost=12526726.03  viol=4160218006.1908  obj=4160230532916.86 | best_so_far: cost=17202356.16  viol=4155668776.2188  obj=4155685978574.99
[Run 02 | Iter 90] iter_best: cost=11551589.04  viol=4160873899.1923  obj=4160885450781.37 | best_so_far: cost=17202356.16  viol=4155668776.2188  obj=4155685978574.99
[Run 02 | Iter 91] iter_best: cost=13451863.01  viol=4159976842.1908  obj=4159990294053.84 | best_so_far: cost=17202356.16  viol=4155668776.2188  obj=4155685978574.99
[Run 02 | Iter 92] iter_best: cost=10576452.05  viol=4161529792.1908  obj=4161540368642.88 | best_so_far: cost=17202356.16  viol=4155668776.2188  obj=4155685978574.99
[Run 02 | Iter 93] iter_best: cost=9601315.07  viol=4162185685.1908  obj=4162195286505.90 | best_so_far: cost=17202356.16  viol=4155668776.2188  obj=4155685978574.99
[Run 02 | FE 2816] best_local_obj=4155685978574.99  best_local_cost=17202356.16  best_local_viol=4155668776.2188
[Run 02 | Iter 94] iter_best: cost=16277219.18  viol=4155909940.1908  obj=4155926217410.01 | best_so_far: cost=17202356.16  viol=4155668776.2188  obj=4155685978574.99
[Run 02 | Iter 95] iter_best: cost=12226671.23  viol=4159777699.2208  obj=4159789925892.06 | best_so_far: cost=17202356.16  viol=4155668776.2188  obj=4155685978574.99
[Run 02 | Iter 96] iter_best: cost=13251808.22  viol=4158707077.1908  obj=4158720328999.05 | best_so_far: cost=17202356.16  viol=4155668776.2188  obj=4155685978574.99
[Run 02 | Iter 97] iter_best: cost=13501863.01  viol=4159562113.1908  obj=4159575615053.84 | best_so_far: cost=17202356.16  viol=4155668776.2188  obj=4155685978574.99
[Run 02 | Iter 98] iter_best: cost=11201534.25  viol=4160848321.1908  obj=4160859522725.08 | best_so_far: cost=17202356.16  viol=4155668776.2188  obj=4155685978574.99
[Run 02 | Iter 99] iter_best: cost=14176945.21  viol=4158465913.1908  obj=4158480090136.03 | best_so_far: cost=17202356.16  viol=4155668776.2188  obj=4155685978574.99
[Run 02 | Iter 100] iter_best: cost=15152082.19  viol=4157810020.1908  obj=4157825172273.02 | best_so_far: cost=17202356.16  viol=4155668776.2188  obj=4155685978574.99
[Run 02 | Iter 101] iter_best: cost=12776780.82  viol=4161073042.2208  obj=4161085819001.65 | best_so_far: cost=17202356.16  viol=4155668776.2188  obj=4155685978574.99
[Run 02 | Iter 102] iter_best: cost=17802465.75  viol=4156549390.1918  obj=4156567192657.58 | best_so_far: cost=17202356.16  viol=4155668776.2188  obj=4155685978574.99
[Run 02 | FE 3072] best_local_obj=4155685978574.99  best_local_cost=17202356.16  best_local_viol=4155668776.2188
[Run 02 | Iter 103] iter_best: cost=17452410.96  viol=4156523812.2208  obj=4156541264631.79 | best_so_far: cost=17202356.16  viol=4155668776.2188  obj=4155685978574.99
[Run 02 | Iter 104] iter_best: cost=13251808.22  viol=4158707077.1908  obj=4158720328999.05 | best_so_far: cost=17202356.16  viol=4155668776.2188  obj=4155685978574.99
[Run 02 | Iter 105] iter_best: cost=12176671.23  viol=4160192428.1908  obj=4160204604862.06 | best_so_far: cost=17202356.16  viol=4155668776.2188  obj=4155685978574.99
[Run 02 | Iter 106] iter_best: cost=14527000.00  viol=4158491491.1908  obj=4158506018190.83 | best_so_far: cost=17202356.16  viol=4155668776.2188  obj=4155685978574.99
[Run 02 | Iter 107] iter_best: cost=11201534.25  viol=4160848321.1908  obj=4160859522725.08 | best_so_far: cost=17202356.16  viol=4155668776.2188  obj=4155685978574.99
[Run 02 | Iter 108] iter_best: cost=13201808.22  viol=4159121806.1908  obj=4159135007999.05 | best_so_far: cost=17202356.16  viol=4155668776.2188  obj=4155685978574.99
[Run 02 | Iter 109] iter_best: cost=13851917.81  viol=4159587691.2208  obj=4159601543138.64 | best_so_far: cost=17202356.16  viol=4155668776.2188  obj=4155685978574.99
[Run 02 | Iter 110] iter_best: cost=12526726.03  viol=4160218006.1908  obj=4160230532916.86 | best_so_far: cost=17202356.16  viol=4155668776.2188  obj=4155685978574.99
[Run 02 | FE 3328] best_local_obj=4155685978574.99  best_local_cost=17202356.16  best_local_viol=4155668776.2188
[Run 02 | Iter 111] iter_best: cost=11501589.04  viol=4161288628.2208  obj=4161300129809.87 | best_so_far: cost=17202356.16  viol=4155668776.2188  obj=4155685978574.99
[Run 02 | Iter 112] iter_best: cost=15102082.19  viol=4158224749.2208  obj=4158239851303.02 | best_so_far: cost=17202356.16  viol=4155668776.2188  obj=4155685978574.99
[Run 02 | Iter 113] iter_best: cost=16227219.18  viol=4156324669.2208  obj=4156340896440.01 | best_so_far: cost=17202356.16  viol=4155668776.2188  obj=4155685978574.99
[Run 02 | Iter 114] iter_best: cost=13201808.22  viol=4159121806.2208  obj=4159135008029.05 | best_so_far: cost=17202356.16  viol=4155668776.2188  obj=4155685978574.99
[Run 02 | Iter 115] iter_best: cost=12476726.03  viol=4160632735.1908  obj=4160645211916.86 | best_so_far: cost=17202356.16  viol=4155668776.2188  obj=4155685978574.99
[Run 02 | Iter 116] iter_best: cost=19052630.14  viol=4155186448.1918  obj=4155205500821.97 | best_so_far: cost=19052630.14  viol=4155186448.1918  obj=4155205500821.97
[Run 02 | Iter 117] iter_best: cost=11551589.04  viol=4160873899.1908  obj=4160885450779.87 | best_so_far: cost=19052630.14  viol=4155186448.1918  obj=4155205500821.97
[Run 02 | Iter 118] iter_best: cost=12526726.03  viol=4160218006.1908  obj=4160230532916.86 | best_so_far: cost=19052630.14  viol=4155186448.1918  obj=4155205500821.97
[Run 02 | Iter 119] iter_best: cost=12526726.03  viol=4160218006.2208  obj=4160230532946.86 | best_so_far: cost=19052630.14  viol=4155186448.1918  obj=4155205500821.97
[Run 02 | FE 3584] best_local_obj=4155205500821.97  best_local_cost=19052630.14  best_local_viol=4155186448.1918
[Run 02 | Iter 120] iter_best: cost=12276671.23  viol=4159362970.1908  obj=4159375246862.06 | best_so_far: cost=19052630.14  viol=4155186448.1918  obj=4155205500821.97
[Run 02 | Iter 121] iter_best: cost=11551589.04  viol=4160873899.1608  obj=4160885450749.87 | best_so_far: cost=19052630.14  viol=4155186448.1918  obj=4155205500821.97
[Run 02 | Iter 122] iter_best: cost=12476726.03  viol=4160632735.1908  obj=4160645211916.86 | best_so_far: cost=19052630.14  viol=4155186448.1918  obj=4155205500821.97
[Run 02 | Iter 123] iter_best: cost=11501589.04  viol=4161288628.1908  obj=4161300129779.87 | best_so_far: cost=19052630.14  viol=4155186448.1918  obj=4155205500821.97
[Run 02 | Iter 124] iter_best: cost=12526726.03  viol=4160218006.2208  obj=4160230532946.86 | best_so_far: cost=19052630.14  viol=4155186448.1918  obj=4155205500821.97
[Run 02 | Iter 125] iter_best: cost=12526726.03  viol=4160218006.2208  obj=4160230532946.86 | best_so_far: cost=19052630.14  viol=4155186448.1918  obj=4155205500821.97
[Run 02 | Iter 126] iter_best: cost=12576726.03  viol=4159803277.1908  obj=4159815853916.86 | best_so_far: cost=19052630.14  viol=4155186448.1918  obj=4155205500821.97
[Run 02 | Iter 127] iter_best: cost=13201808.22  viol=4159121806.1908  obj=4159135007999.05 | best_so_far: cost=19052630.14  viol=4155186448.1918  obj=4155205500821.97
[Run 02 | FE 3840] best_local_obj=4155205500821.97  best_local_cost=19052630.14  best_local_viol=4155186448.1918
[Run 02 | Iter 128] iter_best: cost=10576452.05  viol=4161529792.1908  obj=4161540368642.88 | best_so_far: cost=19052630.14  viol=4155186448.1918  obj=4155205500821.97
[Run 02 | Iter 129] iter_best: cost=13201808.22  viol=4159121806.1708  obj=4159135007979.05 | best_so_far: cost=19052630.14  viol=4155186448.1918  obj=4155205500821.97
[Run 02 | Iter 130] iter_best: cost=14176945.21  viol=4158465913.1808  obj=4158480090126.03 | best_so_far: cost=19052630.14  viol=4155186448.1918  obj=4155205500821.97
[Run 02 | Iter 131] iter_best: cost=10576452.05  viol=4161529792.1908  obj=4161540368642.88 | best_so_far: cost=19052630.14  viol=4155186448.1918  obj=4155205500821.97
[Run 02 | Iter 132] iter_best: cost=11551589.04  viol=4160873899.1908  obj=4160885450779.87 | best_so_far: cost=19052630.14  viol=4155186448.1918  obj=4155205500821.97
[Run 02 | Iter 133] iter_best: cost=12176671.23  viol=4160192428.1908  obj=4160204604862.06 | best_so_far: cost=19052630.14  viol=4155186448.1918  obj=4155205500821.97
[Run 02 | Iter 134] iter_best: cost=12526726.03  viol=4160218006.1908  obj=4160230532916.86 | best_so_far: cost=19052630.14  viol=4155186448.1918  obj=4155205500821.97
[Run 02 | Iter 135] iter_best: cost=13501863.01  viol=4159562113.2208  obj=4159575615083.84 | best_so_far: cost=19052630.14  viol=4155186448.1918  obj=4155205500821.97
[Run 02 | Iter 136] iter_best: cost=14176945.21  viol=4158465913.1908  obj=4158480090136.03 | best_so_far: cost=19052630.14  viol=4155186448.1918  obj=4155205500821.97
[Run 02 | FE 4096] best_local_obj=4155205500821.97  best_local_cost=19052630.14  best_local_viol=4155186448.1918
[Run 02 | Iter 137] iter_best: cost=9551315.07  viol=4162600414.1908  obj=4162609965505.90 | best_so_far: cost=19052630.14  viol=4155186448.1918  obj=4155205500821.97
[Run 02 | Iter 138] iter_best: cost=13551863.01  viol=4159147384.1908  obj=4159160936053.84 | best_so_far: cost=19052630.14  viol=4155186448.1918  obj=4155205500821.97
[Run 02 | Iter 139] iter_best: cost=14527000.00  viol=4158491491.2208  obj=4158506018220.83 | best_so_far: cost=19052630.14  viol=4155186448.1918  obj=4155205500821.97
[Run 02 | Iter 140] iter_best: cost=15252082.19  viol=4156980562.1908  obj=4156995814273.02 | best_so_far: cost=19052630.14  viol=4155186448.1918  obj=4155205500821.97
[Run 02 | Iter 141] iter_best: cost=11501589.04  viol=4161288628.1708  obj=4161300129759.87 | best_so_far: cost=19052630.14  viol=4155186448.1918  obj=4155205500821.97
[Run 02 | Iter 142] iter_best: cost=13551863.01  viol=4159147384.1908  obj=4159160936053.84 | best_so_far: cost=19052630.14  viol=4155186448.1918  obj=4155205500821.97
[Run 02 | Iter 143] iter_best: cost=11201534.25  viol=4160848321.1918  obj=4160859522726.08 | best_so_far: cost=19052630.14  viol=4155186448.1918  obj=4155205500821.97
[Run 02 | Iter 144] iter_best: cost=12176671.23  viol=4160192428.1908  obj=4160204604862.06 | best_so_far: cost=19052630.14  viol=4155186448.1918  obj=4155205500821.97
[Run 02 | Iter 145] iter_best: cost=12576726.03  viol=4159803277.2208  obj=4159815853946.86 | best_so_far: cost=19052630.14  viol=4155186448.1918  obj=4155205500821.97
[Run 02 | FE 4352] best_local_obj=4155205500821.97  best_local_cost=19052630.14  best_local_viol=4155186448.1918
[Run 02 | Iter 146] iter_best: cost=12526726.03  viol=4160218006.1708  obj=4160230532896.86 | best_so_far: cost=19052630.14  viol=4155186448.1918  obj=4155205500821.97
[Run 02 | Iter 147] iter_best: cost=13451863.01  viol=4159976842.1908  obj=4159990294053.84 | best_so_far: cost=19052630.14  viol=4155186448.1918  obj=4155205500821.97
[Run 02 | Iter 148] iter_best: cost=12576726.03  viol=4159803277.1808  obj=4159815853906.86 | best_so_far: cost=19052630.14  viol=4155186448.1918  obj=4155205500821.97
[Run 02 | Iter 149] iter_best: cost=13926890.41  viol=4157610877.1908  obj=4157624804081.24 | best_so_far: cost=19052630.14  viol=4155186448.1918  obj=4155205500821.97
[Run 02 | Iter 150] iter_best: cost=12526726.03  viol=4160218006.1908  obj=4160230532916.86 | best_so_far: cost=19052630.14  viol=4155186448.1918  obj=4155205500821.97
[Run 02 | Iter 151] iter_best: cost=14627000.00  viol=4157662033.1908  obj=4157676660190.83 | best_so_far: cost=19052630.14  viol=4155186448.1918  obj=4155205500821.97
[Run 02 | Iter 152] iter_best: cost=13251808.22  viol=4158707077.2208  obj=4158720329029.05 | best_so_far: cost=19052630.14  viol=4155186448.1918  obj=4155205500821.97
[Run 02 | Iter 153] iter_best: cost=12226671.23  viol=4159777699.1908  obj=4159789925862.06 | best_so_far: cost=19052630.14  viol=4155186448.1918  obj=4155205500821.97
[Run 02 | FE 4608] best_local_obj=4155205500821.97  best_local_cost=19052630.14  best_local_viol=4155186448.1918
[Run 02 | Iter 154] iter_best: cost=10226397.26  viol=4161504214.1908  obj=4161514440588.09 | best_so_far: cost=19052630.14  viol=4155186448.1918  obj=4155205500821.97
[Run 02 | Iter 155] iter_best: cost=16177219.18  viol=4156739398.1908  obj=4156755575410.01 | best_so_far: cost=19052630.14  viol=4155186448.1918  obj=4155205500821.97
[Run 02 | Iter 156] iter_best: cost=10576452.05  viol=4161529792.1908  obj=4161540368642.88 | best_so_far: cost=19052630.14  viol=4155186448.1918  obj=4155205500821.97
[Run 02 | Iter 157] iter_best: cost=16127219.18  viol=4157154127.1908  obj=4157170254410.01 | best_so_far: cost=19052630.14  viol=4155186448.1918  obj=4155205500821.97
[Run 02 | Iter 158] iter_best: cost=11201534.25  viol=4160848321.2208  obj=4160859522755.08 | best_so_far: cost=19052630.14  viol=4155186448.1918  obj=4155205500821.97
[Run 02 | Iter 159] iter_best: cost=11601589.04  viol=4160459170.1908  obj=4160470771779.87 | best_so_far: cost=19052630.14  viol=4155186448.1918  obj=4155205500821.97
[Run 02 | Iter 160] iter_best: cost=12526726.03  viol=4160218006.1908  obj=4160230532916.86 | best_so_far: cost=19052630.14  viol=4155186448.1918  obj=4155205500821.97
[Run 02 | Iter 161] iter_best: cost=11551589.04  viol=4160873899.1908  obj=4160885450779.87 | best_so_far: cost=19052630.14  viol=4155186448.1918  obj=4155205500821.97
[Run 02 | Iter 162] iter_best: cost=10476452.05  viol=4162359250.1728  obj=4162369726624.88 | best_so_far: cost=19052630.14  viol=4155186448.1918  obj=4155205500821.97
[Run 02 | FE 4864] best_local_obj=4155205500821.97  best_local_cost=19052630.14  best_local_viol=4155186448.1918
[Run 02 | Iter 163] iter_best: cost=15152082.19  viol=4157810020.1908  obj=4157825172273.02 | best_so_far: cost=19052630.14  viol=4155186448.1918  obj=4155205500821.97
[Run 02 | Iter 164] iter_best: cost=13151808.22  viol=4159536535.1808  obj=4159549686989.05 | best_so_far: cost=19052630.14  viol=4155186448.1918  obj=4155205500821.97
[Run 02 | Iter 165] iter_best: cost=16227219.18  viol=4156324669.1908  obj=4156340896410.01 | best_so_far: cost=19052630.14  viol=4155186448.1918  obj=4155205500821.97
[Run 02 | Iter 166] iter_best: cost=12176671.23  viol=4160192428.1908  obj=4160204604862.06 | best_so_far: cost=19052630.14  viol=4155186448.1918  obj=4155205500821.97
[Run 02 | Iter 167] iter_best: cost=12526726.03  viol=4160218006.1908  obj=4160230532916.86 | best_so_far: cost=19052630.14  viol=4155186448.1918  obj=4155205500821.97
[Run 02 | Iter 168] iter_best: cost=12176671.23  viol=4160192428.1908  obj=4160204604862.06 | best_so_far: cost=19052630.14  viol=4155186448.1918  obj=4155205500821.97
[Run 02 | Iter 169] iter_best: cost=16802301.37  viol=4156057927.2208  obj=4156074729522.20 | best_so_far: cost=19052630.14  viol=4155186448.1918  obj=4155205500821.97
[Run 02 | Iter 170] iter_best: cost=10526452.05  viol=4161944521.1908  obj=4161955047642.88 | best_so_far: cost=19052630.14  viol=4155186448.1918  obj=4155205500821.97
[Run 02 | FE 5120] best_local_obj=4155205500821.97  best_local_cost=19052630.14  best_local_viol=4155186448.1918
[Run 02 | Iter 171] iter_best: cost=12476726.03  viol=4160632735.1908  obj=4160645211916.86 | best_so_far: cost=19052630.14  viol=4155186448.1918  obj=4155205500821.97
[Run 02 | Iter 172] iter_best: cost=10826506.85  viol=4162384828.1308  obj=4162395654637.68 | best_so_far: cost=19052630.14  viol=4155186448.1918  obj=4155205500821.97
[Run 02 | Iter 173] iter_best: cost=12226671.23  viol=4159777699.1908  obj=4159789925862.06 | best_so_far: cost=19052630.14  viol=4155186448.1918  obj=4155205500821.97
[Run 02 | Iter 174] iter_best: cost=11551589.04  viol=4160873899.1708  obj=4160885450759.87 | best_so_far: cost=19052630.14  viol=4155186448.1918  obj=4155205500821.97
[Run 02 | Iter 175] iter_best: cost=11551589.04  viol=4160873899.2208  obj=4160885450809.87 | best_so_far: cost=19052630.14  viol=4155186448.1918  obj=4155205500821.97
[Run 02 | Iter 176] iter_best: cost=14176945.21  viol=4158465913.1908  obj=4158480090136.03 | best_so_far: cost=19052630.14  viol=4155186448.1918  obj=4155205500821.97
[Run 02 | Iter 177] iter_best: cost=12276671.23  viol=4159362970.1908  obj=4159375246862.06 | best_so_far: cost=19052630.14  viol=4155186448.1918  obj=4155205500821.97
[Run 02 | Iter 178] iter_best: cost=12476726.03  viol=4160632735.1616  obj=4160645211887.66 | best_so_far: cost=19052630.14  viol=4155186448.1918  obj=4155205500821.97
[Run 02 | Iter 179] iter_best: cost=12776780.82  viol=4161073042.1508  obj=4161085818931.65 | best_so_far: cost=19052630.14  viol=4155186448.1918  obj=4155205500821.97
[Run 02 | FE 5376] best_local_obj=4155205500821.97  best_local_cost=19052630.14  best_local_viol=4155186448.1918
[Run 02 | Iter 180] iter_best: cost=12526726.03  viol=4160218006.1908  obj=4160230532916.86 | best_so_far: cost=19052630.14  viol=4155186448.1918  obj=4155205500821.97
[Run 02 | Iter 181] iter_best: cost=14852027.40  viol=4157369713.1908  obj=4157384565218.23 | best_so_far: cost=19052630.14  viol=4155186448.1918  obj=4155205500821.97
[Run 02 | Iter 182] iter_best: cost=11901643.84  viol=4160899477.1908  obj=4160911378834.66 | best_so_far: cost=19052630.14  viol=4155186448.1918  obj=4155205500821.97
[Run 02 | Iter 183] iter_best: cost=12226671.23  viol=4159777699.1908  obj=4159789925862.06 | best_so_far: cost=19052630.14  viol=4155186448.1918  obj=4155205500821.97
[Run 02 | Iter 184] iter_best: cost=10526452.05  viol=4161944521.1908  obj=4161955047642.88 | best_so_far: cost=19052630.14  viol=4155186448.1918  obj=4155205500821.97
[Run 02 | Iter 185] iter_best: cost=11551589.04  viol=4160873899.1908  obj=4160885450779.87 | best_so_far: cost=19052630.14  viol=4155186448.1918  obj=4155205500821.97
[Run 02 | Iter 186] iter_best: cost=11851643.84  viol=4161314206.1908  obj=4161326057834.66 | best_so_far: cost=19052630.14  viol=4155186448.1918  obj=4155205500821.97
[Run 02 | Iter 187] iter_best: cost=11551589.04  viol=4160873899.1908  obj=4160885450779.87 | best_so_far: cost=19052630.14  viol=4155186448.1918  obj=4155205500821.97
[Run 02 | FE 5632] best_local_obj=4155205500821.97  best_local_cost=19052630.14  best_local_viol=4155186448.1918
[Run 02 | Iter 188] iter_best: cost=17152356.16  viol=4156083505.2008  obj=4156100657556.99 | best_so_far: cost=19052630.14  viol=4155186448.1918  obj=4155205500821.97
[Run 02 | Iter 189] iter_best: cost=12426726.03  viol=4161047464.2608  obj=4161059890986.86 | best_so_far: cost=19052630.14  viol=4155186448.1918  obj=4155205500821.97
[Run 02 | Iter 190] iter_best: cost=10576452.05  viol=4161529792.2208  obj=4161540368672.88 | best_so_far: cost=19052630.14  viol=4155186448.1918  obj=4155205500821.97
[Run 02 | Iter 191] iter_best: cost=12476726.03  viol=4160632735.2308  obj=4160645211956.86 | best_so_far: cost=19052630.14  viol=4155186448.1918  obj=4155205500821.97
[Run 02 | Iter 192] iter_best: cost=14527000.00  viol=4158510007.0927  obj=4158524534092.73 | best_so_far: cost=19052630.14  viol=4155186448.1918  obj=4155205500821.97
[Run 02 | Iter 193] iter_best: cost=11901643.84  viol=4160899477.1908  obj=4160911378834.66 | best_so_far: cost=19052630.14  viol=4155186448.1918  obj=4155205500821.97
[Run 02 | Iter 194] iter_best: cost=11551589.04  viol=4160873899.1908  obj=4160885450779.87 | best_so_far: cost=19052630.14  viol=4155186448.1918  obj=4155205500821.97
[Run 02 | Iter 195] iter_best: cost=13201808.22  viol=4159121806.1908  obj=4159135007999.05 | best_so_far: cost=19052630.14  viol=4155186448.1918  obj=4155205500821.97
[Run 02 | Iter 196] iter_best: cost=16177219.18  viol=4156739398.1908  obj=4156755575410.01 | best_so_far: cost=19052630.14  viol=4155186448.1918  obj=4155205500821.97
[Run 02 | FE 5888] best_local_obj=4155205500821.97  best_local_cost=19052630.14  best_local_viol=4155186448.1918
[Run 02 | Iter 197] iter_best: cost=10576452.05  viol=4161529792.2208  obj=4161540368672.88 | best_so_far: cost=19052630.14  viol=4155186448.1918  obj=4155205500821.97
[Run 02 | Iter 198] iter_best: cost=13151808.22  viol=4159536535.1308  obj=4159549686939.05 | best_so_far: cost=19052630.14  viol=4155186448.1918  obj=4155205500821.97
[Run 02 | Iter 199] iter_best: cost=11851643.84  viol=4161314206.1408  obj=4161326057784.66 | best_so_far: cost=19052630.14  viol=4155186448.1918  obj=4155205500821.97
[Run 02 | Iter 200] iter_best: cost=11601589.04  viol=4160459170.2208  obj=4160470771809.87 | best_so_far: cost=19052630.14  viol=4155186448.1918  obj=4155205500821.97
[Run 02 | Iter 201] iter_best: cost=13201808.22  viol=4159121806.1608  obj=4159135007969.05 | best_so_far: cost=19052630.14  viol=4155186448.1918  obj=4155205500821.97
[Run 02 | Iter 202] iter_best: cost=12576726.03  viol=4159803277.1908  obj=4159815853916.86 | best_so_far: cost=19052630.14  viol=4155186448.1918  obj=4155205500821.97
[Run 02 | Iter 203] iter_best: cost=10526452.05  viol=4161944521.1908  obj=4161955047642.88 | best_so_far: cost=19052630.14  viol=4155186448.1918  obj=4155205500821.97
[Run 02 | Iter 204] iter_best: cost=13551863.01  viol=4159147384.1858  obj=4159160936048.84 | best_so_far: cost=19052630.14  viol=4155186448.1918  obj=4155205500821.97
[Run 02 | FE 6144] best_local_obj=4155205500821.97  best_local_cost=19052630.14  best_local_viol=4155186448.1918
[Run 02 | Iter 205] iter_best: cost=12526726.03  viol=4160218006.2228  obj=4160230532948.86 | best_so_far: cost=19052630.14  viol=4155186448.1918  obj=4155205500821.97
[Run 02 | Iter 206] iter_best: cost=11501589.04  viol=4161288628.1908  obj=4161300129779.87 | best_so_far: cost=19052630.14  viol=4155186448.1918  obj=4155205500821.97
[Run 02 | Iter 207] iter_best: cost=11551589.04  viol=4160873899.1808  obj=4160885450769.87 | best_so_far: cost=19052630.14  viol=4155186448.1918  obj=4155205500821.97
[Run 02 | Iter 208] iter_best: cost=12476726.03  viol=4160632735.2208  obj=4160645211946.86 | best_so_far: cost=19052630.14  viol=4155186448.1918  obj=4155205500821.97
[Run 02 | Iter 209] iter_best: cost=13251808.22  viol=4158707077.1908  obj=4158720328999.05 | best_so_far: cost=19052630.14  viol=4155186448.1918  obj=4155205500821.97
[Run 02 | Iter 210] iter_best: cost=9601315.07  viol=4162185685.1908  obj=4162195286505.90 | best_so_far: cost=19052630.14  viol=4155186448.1918  obj=4155205500821.97
[Run 02 | Iter 211] iter_best: cost=12526726.03  viol=4160218006.2308  obj=4160230532956.86 | best_so_far: cost=19052630.14  viol=4155186448.1918  obj=4155205500821.97
[Run 02 | Iter 212] iter_best: cost=12876780.82  viol=4160243584.1868  obj=4160256460967.65 | best_so_far: cost=19052630.14  viol=4155186448.1918  obj=4155205500821.97
[Run 02 | Iter 213] iter_best: cost=13201808.22  viol=4159121806.1908  obj=4159135007999.05 | best_so_far: cost=19052630.14  viol=4155186448.1918  obj=4155205500821.97
[Run 02 | FE 6400] best_local_obj=4155205500821.97  best_local_cost=19052630.14  best_local_viol=4155186448.1918
[Run 02 | Iter 214] iter_best: cost=13551863.01  viol=4159147384.2208  obj=4159160936083.84 | best_so_far: cost=19052630.14  viol=4155186448.1918  obj=4155205500821.97
[Run 02 | Iter 215] iter_best: cost=13201808.22  viol=4159121806.2208  obj=4159135008029.05 | best_so_far: cost=19052630.14  viol=4155186448.1918  obj=4155205500821.97
[Run 02 | Iter 216] iter_best: cost=10576452.05  viol=4161529792.1908  obj=4161540368642.88 | best_so_far: cost=19052630.14  viol=4155186448.1918  obj=4155205500821.97
[Run 02 | Iter 217] iter_best: cost=16177219.18  viol=4156739398.1908  obj=4156755575410.01 | best_so_far: cost=19052630.14  viol=4155186448.1918  obj=4155205500821.97
[Run 02 | Iter 218] iter_best: cost=12476726.03  viol=4160632735.1908  obj=4160645211916.86 | best_so_far: cost=19052630.14  viol=4155186448.1918  obj=4155205500821.97
[Run 02 | Iter 219] iter_best: cost=11501589.04  viol=4161288628.2208  obj=4161300129809.87 | best_so_far: cost=19052630.14  viol=4155186448.1918  obj=4155205500821.97
[Run 02 | Iter 220] iter_best: cost=12526726.03  viol=4160218006.1908  obj=4160230532916.86 | best_so_far: cost=19052630.14  viol=4155186448.1918  obj=4155205500821.97
[Run 02 | Iter 221] iter_best: cost=13251808.22  viol=4158707077.1908  obj=4158720328999.05 | best_so_far: cost=19052630.14  viol=4155186448.1918  obj=4155205500821.97
[Run 02 | FE 6656] best_local_obj=4155205500821.97  best_local_cost=19052630.14  best_local_viol=4155186448.1918
[Run 02 | Iter 222] iter_best: cost=10526452.05  viol=4161944521.1708  obj=4161955047622.88 | best_so_far: cost=19052630.14  viol=4155186448.1918  obj=4155205500821.97
[Run 02 | Iter 223] iter_best: cost=10476452.05  viol=4162359250.1908  obj=4162369726642.88 | best_so_far: cost=19052630.14  viol=4155186448.1918  obj=4155205500821.97
[Run 02 | Iter 224] iter_best: cost=14176945.21  viol=4158465913.1908  obj=4158480090136.03 | best_so_far: cost=19052630.14  viol=4155186448.1918  obj=4155205500821.97
[Run 02 | Iter 225] iter_best: cost=10526452.05  viol=4161944521.2208  obj=4161955047672.88 | best_so_far: cost=19052630.14  viol=4155186448.1918  obj=4155205500821.97
[Run 02 | Iter 226] iter_best: cost=12226671.23  viol=4159777699.1908  obj=4159789925862.06 | best_so_far: cost=19052630.14  viol=4155186448.1918  obj=4155205500821.97
[Run 02 | Iter 227] iter_best: cost=15202082.19  viol=4157395291.1708  obj=4157410493253.02 | best_so_far: cost=19052630.14  viol=4155186448.1918  obj=4155205500821.97
[Run 02 | Iter 228] iter_best: cost=15202082.19  viol=4157395291.1908  obj=4157410493273.02 | best_so_far: cost=19052630.14  viol=4155186448.1918  obj=4155205500821.97
[Run 02 | Iter 229] iter_best: cost=13201808.22  viol=4159121806.2208  obj=4159135008029.05 | best_so_far: cost=19052630.14  viol=4155186448.1918  obj=4155205500821.97
[Run 02 | Iter 230] iter_best: cost=13551863.01  viol=4159147384.2408  obj=4159160936103.84 | best_so_far: cost=19052630.14  viol=4155186448.1918  obj=4155205500821.97
[Run 02 | FE 6912] best_local_obj=4155205500821.97  best_local_cost=19052630.14  best_local_viol=4155186448.1918
[Run 02 | Iter 231] iter_best: cost=14176945.21  viol=4158465913.1908  obj=4158480090136.03 | best_so_far: cost=19052630.14  viol=4155186448.1918  obj=4155205500821.97
[Run 02 | Iter 232] iter_best: cost=13451863.01  viol=4159976842.2308  obj=4159990294093.84 | best_so_far: cost=19052630.14  viol=4155186448.1918  obj=4155205500821.97
[Run 02 | Iter 233] iter_best: cost=12526726.03  viol=4160218006.2008  obj=4160230532926.86 | best_so_far: cost=19052630.14  viol=4155186448.1918  obj=4155205500821.97
[Run 02 | Iter 234] iter_best: cost=10526452.05  viol=4161944521.2308  obj=4161955047682.88 | best_so_far: cost=19052630.14  viol=4155186448.1918  obj=4155205500821.97
[Run 02 | Iter 235] iter_best: cost=11201534.25  viol=4160848321.1908  obj=4160859522725.08 | best_so_far: cost=19052630.14  viol=4155186448.1918  obj=4155205500821.97
[Run 02 | Iter 236] iter_best: cost=12176671.23  viol=4160192428.1908  obj=4160204604862.06 | best_so_far: cost=19052630.14  viol=4155186448.1918  obj=4155205500821.97
[Run 02 | Iter 237] iter_best: cost=13901917.81  viol=4159172962.1908  obj=4159186864108.64 | best_so_far: cost=19052630.14  viol=4155186448.1918  obj=4155205500821.97
[Run 02 | Iter 238] iter_best: cost=14852027.40  viol=4157369713.2008  obj=4157384565228.23 | best_so_far: cost=19052630.14  viol=4155186448.1918  obj=4155205500821.97
[Run 02 | FE 7168] best_local_obj=4155205500821.97  best_local_cost=19052630.14  best_local_viol=4155186448.1918
[Run 02 | Iter 239] iter_best: cost=12626726.03  viol=4159388548.1908  obj=4159401174916.86 | best_so_far: cost=19052630.14  viol=4155186448.1918  obj=4155205500821.97
[Run 02 | Iter 240] iter_best: cost=11601589.04  viol=4160459170.1908  obj=4160470771779.87 | best_so_far: cost=19052630.14  viol=4155186448.1918  obj=4155205500821.97
[Run 02 | Iter 241] iter_best: cost=11551589.04  viol=4160873899.2208  obj=4160885450809.87 | best_so_far: cost=19052630.14  viol=4155186448.1918  obj=4155205500821.97
[Run 02 | Iter 242] iter_best: cost=14126945.21  viol=4158880642.1708  obj=4158894769116.03 | best_so_far: cost=19052630.14  viol=4155186448.1918  obj=4155205500821.97
[Run 02 | Iter 243] iter_best: cost=11551589.04  viol=4160873899.1908  obj=4160885450779.87 | best_so_far: cost=19052630.14  viol=4155186448.1918  obj=4155205500821.97
[Run 02 | Iter 244] iter_best: cost=13251808.22  viol=4158707077.2208  obj=4158720329029.05 | best_so_far: cost=19052630.14  viol=4155186448.1918  obj=4155205500821.97
[Run 02 | Iter 245] iter_best: cost=16852301.37  viol=4155643198.1908  obj=4155660050492.20 | best_so_far: cost=19052630.14  viol=4155186448.1918  obj=4155205500821.97
[Run 02 | Iter 246] iter_best: cost=11501589.04  viol=4161288628.1908  obj=4161300129779.87 | best_so_far: cost=19052630.14  viol=4155186448.1918  obj=4155205500821.97
[Run 02 | Iter 247] iter_best: cost=11251534.25  viol=4160433592.1908  obj=4160444843725.08 | best_so_far: cost=19052630.14  viol=4155186448.1918  obj=4155205500821.97
[Run 02 | FE 7424] best_local_obj=4155205500821.97  best_local_cost=19052630.14  best_local_viol=4155186448.1918
[Run 02 | Iter 248] iter_best: cost=11201534.25  viol=4160848321.1508  obj=4160859522685.08 | best_so_far: cost=19052630.14  viol=4155186448.1918  obj=4155205500821.97
[Run 02 | Iter 249] iter_best: cost=13501863.01  viol=4159562113.1908  obj=4159575615053.84 | best_so_far: cost=19052630.14  viol=4155186448.1918  obj=4155205500821.97
[Run 02 | Iter 250] iter_best: cost=17827438.36  viol=4154987305.2208  obj=4155005132659.19 | best_so_far: cost=17827438.36  viol=4154987305.2208  obj=4155005132659.19
[Run 02 | Iter 251] iter_best: cost=9601315.07  viol=4162185685.1908  obj=4162195286505.90 | best_so_far: cost=17827438.36  viol=4154987305.2208  obj=4155005132659.19
[Run 02 | Iter 252] iter_best: cost=11801643.84  viol=4161728935.2248  obj=4161740736868.67 | best_so_far: cost=17827438.36  viol=4154987305.2208  obj=4155005132659.19
[Run 02 | Iter 253] iter_best: cost=13201808.22  viol=4159121806.1908  obj=4159135007999.05 | best_so_far: cost=17827438.36  viol=4154987305.2208  obj=4155005132659.19
[Run 02 | Iter 254] iter_best: cost=12476726.03  viol=4160632735.2208  obj=4160645211946.86 | best_so_far: cost=17827438.36  viol=4154987305.2208  obj=4155005132659.19
[Run 02 | Iter 255] iter_best: cost=13551863.01  viol=4159147384.1708  obj=4159160936033.84 | best_so_far: cost=17827438.36  viol=4154987305.2208  obj=4155005132659.19
[Run 02 | FE 7680] best_local_obj=4155005132659.19  best_local_cost=17827438.36  best_local_viol=4154987305.2208
[Run 02 | Iter 256] iter_best: cost=11551589.04  viol=4160873899.1908  obj=4160885450779.87 | best_so_far: cost=17827438.36  viol=4154987305.2208  obj=4155005132659.19
[Run 02 | Iter 257] iter_best: cost=12476726.03  viol=4160632735.2208  obj=4160645211946.86 | best_so_far: cost=17827438.36  viol=4154987305.2208  obj=4155005132659.19
[Run 02 | Iter 258] iter_best: cost=11551589.04  viol=4160873899.1908  obj=4160885450779.87 | best_so_far: cost=17827438.36  viol=4154987305.2208  obj=4155005132659.19
[Run 02 | Iter 259] iter_best: cost=12576726.03  viol=4159803277.2208  obj=4159815853946.86 | best_so_far: cost=17827438.36  viol=4154987305.2208  obj=4155005132659.19
[Run 02 | Iter 260] iter_best: cost=11251534.25  viol=4160433592.1908  obj=4160444843725.08 | best_so_far: cost=17827438.36  viol=4154987305.2208  obj=4155005132659.19
[Run 02 | Iter 261] iter_best: cost=13501863.01  viol=4159562113.1908  obj=4159575615053.84 | best_so_far: cost=17827438.36  viol=4154987305.2208  obj=4155005132659.19
[Run 02 | Iter 262] iter_best: cost=13151808.22  viol=4159536535.2148  obj=4159549687023.05 | best_so_far: cost=17827438.36  viol=4154987305.2208  obj=4155005132659.19
[Run 02 | Iter 263] iter_best: cost=10576452.05  viol=4161529792.1908  obj=4161540368642.88 | best_so_far: cost=17827438.36  viol=4154987305.2208  obj=4155005132659.19
[Run 02 | Iter 264] iter_best: cost=13501863.01  viol=4159562113.1708  obj=4159575615033.84 | best_so_far: cost=17827438.36  viol=4154987305.2208  obj=4155005132659.19
[Run 02 | FE 7936] best_local_obj=4155005132659.19  best_local_cost=17827438.36  best_local_viol=4154987305.2208
[Run 02 | Iter 265] iter_best: cost=13551863.01  viol=4159147384.1608  obj=4159160936023.84 | best_so_far: cost=17827438.36  viol=4154987305.2208  obj=4155005132659.19
[Run 02 | Iter 266] iter_best: cost=13451863.01  viol=4159976842.1208  obj=4159990293983.84 | best_so_far: cost=17827438.36  viol=4154987305.2208  obj=4155005132659.19
[Run 02 | Iter 267] iter_best: cost=12226671.23  viol=4159777699.1908  obj=4159789925862.06 | best_so_far: cost=17827438.36  viol=4154987305.2208  obj=4155005132659.19
[Run 02 | Iter 268] iter_best: cost=14176945.21  viol=4158465913.1908  obj=4158480090136.03 | best_so_far: cost=17827438.36  viol=4154987305.2208  obj=4155005132659.19
[Run 02 | Iter 269] iter_best: cost=11251534.25  viol=4160433592.1908  obj=4160444843725.08 | best_so_far: cost=17827438.36  viol=4154987305.2208  obj=4155005132659.19
[Run 02 | Iter 270] iter_best: cost=13551863.01  viol=4159147384.1768  obj=4159160936039.84 | best_so_far: cost=17827438.36  viol=4154987305.2208  obj=4155005132659.19
[Run 02 | Iter 271] iter_best: cost=14176945.21  viol=4158465913.1848  obj=4158480090130.03 | best_so_far: cost=17827438.36  viol=4154987305.2208  obj=4155005132659.19
[Run 02 | Iter 272] iter_best: cost=13551863.01  viol=4159147384.2208  obj=4159160936083.84 | best_so_far: cost=17827438.36  viol=4154987305.2208  obj=4155005132659.19
[Run 02 | Iter 273] iter_best: cost=11551589.04  viol=4160873899.1908  obj=4160885450779.87 | best_so_far: cost=17827438.36  viol=4154987305.2208  obj=4155005132659.19
[Run 02 | FE 8192] best_local_obj=4155005132659.19  best_local_cost=17827438.36  best_local_viol=4154987305.2208
[Run 02 | Iter 274] iter_best: cost=9551315.07  viol=4162600414.1908  obj=4162609965505.90 | best_so_far: cost=17827438.36  viol=4154987305.2208  obj=4155005132659.19
[Run 02 | Iter 275] iter_best: cost=10576452.05  viol=4161529792.1908  obj=4161540368642.88 | best_so_far: cost=17827438.36  viol=4154987305.2208  obj=4155005132659.19
[Run 02 | Iter 276] iter_best: cost=11551589.04  viol=4160873899.1908  obj=4160885450779.87 | best_so_far: cost=17827438.36  viol=4154987305.2208  obj=4155005132659.19
[Run 02 | Iter 277] iter_best: cost=12901753.42  viol=4158681499.1908  obj=4158694400944.25 | best_so_far: cost=17827438.36  viol=4154987305.2208  obj=4155005132659.19
[Run 02 | Iter 278] iter_best: cost=13901917.81  viol=4159172962.1908  obj=4159186864108.64 | best_so_far: cost=17827438.36  viol=4154987305.2208  obj=4155005132659.19
[Run 02 | Iter 279] iter_best: cost=14176945.21  viol=4158465913.2208  obj=4158480090166.03 | best_so_far: cost=17827438.36  viol=4154987305.2208  obj=4155005132659.19
[Run 02 | Iter 280] iter_best: cost=13551863.01  viol=4159147384.1908  obj=4159160936053.84 | best_so_far: cost=17827438.36  viol=4154987305.2208  obj=4155005132659.19
[Run 02 | Iter 281] iter_best: cost=11201534.25  viol=4160848321.1908  obj=4160859522725.08 | best_so_far: cost=17827438.36  viol=4154987305.2208  obj=4155005132659.19
[Run 02 | FE 8448] best_local_obj=4155005132659.19  best_local_cost=17827438.36  best_local_viol=4154987305.2208
[Run 02 | Iter 282] iter_best: cost=12476726.03  viol=4160632735.1908  obj=4160645211916.86 | best_so_far: cost=17827438.36  viol=4154987305.2208  obj=4155005132659.19
[Run 02 | Iter 283] iter_best: cost=15202082.19  viol=4157395291.1908  obj=4157410493273.02 | best_so_far: cost=17827438.36  viol=4154987305.2208  obj=4155005132659.19
[Run 02 | Iter 284] iter_best: cost=11851643.84  viol=4161314206.1908  obj=4161326057834.66 | best_so_far: cost=17827438.36  viol=4154987305.2208  obj=4155005132659.19
[Run 02 | Iter 285] iter_best: cost=11551589.04  viol=4160873899.1908  obj=4160885450779.87 | best_so_far: cost=17827438.36  viol=4154987305.2208  obj=4155005132659.19
[Run 02 | Iter 286] iter_best: cost=13501863.01  viol=4159562113.1908  obj=4159575615053.84 | best_so_far: cost=17827438.36  viol=4154987305.2208  obj=4155005132659.19
[Run 02 | Iter 287] iter_best: cost=12576726.03  viol=4159803277.1908  obj=4159815853916.86 | best_so_far: cost=17827438.36  viol=4154987305.2208  obj=4155005132659.19
[Run 02 | Iter 288] iter_best: cost=11201534.25  viol=4160848321.1908  obj=4160859522725.08 | best_so_far: cost=17827438.36  viol=4154987305.2208  obj=4155005132659.19
[Run 02 | Iter 289] iter_best: cost=11501589.04  viol=4161288628.2168  obj=4161300129805.87 | best_so_far: cost=17827438.36  viol=4154987305.2208  obj=4155005132659.19
[Run 02 | Iter 290] iter_best: cost=17152356.16  viol=4156083505.2308  obj=4156100657586.99 | best_so_far: cost=17827438.36  viol=4154987305.2208  obj=4155005132659.19
[Run 02 | FE 8704] best_local_obj=4155005132659.19  best_local_cost=17827438.36  best_local_viol=4154987305.2208
[Run 02 | Iter 291] iter_best: cost=10526452.05  viol=4161944521.2208  obj=4161955047672.88 | best_so_far: cost=17827438.36  viol=4154987305.2208  obj=4155005132659.19
[Run 02 | Iter 292] iter_best: cost=13151808.22  viol=4159536535.1508  obj=4159549686959.05 | best_so_far: cost=17827438.36  viol=4154987305.2208  obj=4155005132659.19
[Run 02 | Iter 293] iter_best: cost=12476726.03  viol=4160632735.2208  obj=4160645211946.86 | best_so_far: cost=17827438.36  viol=4154987305.2208  obj=4155005132659.19
[Run 02 | Iter 294] iter_best: cost=13151808.22  viol=4159536535.1908  obj=4159549686999.05 | best_so_far: cost=17827438.36  viol=4154987305.2208  obj=4155005132659.19
[Run 02 | Iter 295] iter_best: cost=11851643.84  viol=4161314206.1908  obj=4161326057834.66 | best_so_far: cost=17827438.36  viol=4154987305.2208  obj=4155005132659.19
[Run 02 | Iter 296] iter_best: cost=12476726.03  viol=4160632735.1908  obj=4160645211916.86 | best_so_far: cost=17827438.36  viol=4154987305.2208  obj=4155005132659.19
[Run 02 | Iter 297] iter_best: cost=11201534.25  viol=4160848321.1908  obj=4160859522725.08 | best_so_far: cost=17827438.36  viol=4154987305.2208  obj=4155005132659.19
[Run 02 | Iter 298] iter_best: cost=11501589.04  viol=4161288628.1908  obj=4161300129779.87 | best_so_far: cost=17827438.36  viol=4154987305.2208  obj=4155005132659.19
[Run 02 | FE 8960] best_local_obj=4155005132659.19  best_local_cost=17827438.36  best_local_viol=4154987305.2208
[Run 02 | Iter 299] iter_best: cost=11601589.04  viol=4160459170.1908  obj=4160470771779.87 | best_so_far: cost=17827438.36  viol=4154987305.2208  obj=4155005132659.19
[Run 02 | Iter 300] iter_best: cost=12226671.23  viol=4159777699.1908  obj=4159789925862.06 | best_so_far: cost=17827438.36  viol=4154987305.2208  obj=4155005132659.19
[Run 02 | Iter 301] iter_best: cost=10526452.05  viol=4161944521.1908  obj=4161955047642.88 | best_so_far: cost=17827438.36  viol=4154987305.2208  obj=4155005132659.19
[Run 02 | Iter 302] iter_best: cost=10526452.05  viol=4161944521.1908  obj=4161955047642.88 | best_so_far: cost=17827438.36  viol=4154987305.2208  obj=4155005132659.19
[Run 02 | Iter 303] iter_best: cost=13251808.22  viol=4158707077.1908  obj=4158720328999.05 | best_so_far: cost=17827438.36  viol=4154987305.2208  obj=4155005132659.19
[Run 02 | Iter 304] iter_best: cost=12176671.23  viol=4160192428.1908  obj=4160204604862.06 | best_so_far: cost=17827438.36  viol=4154987305.2208  obj=4155005132659.19
[Run 02 | Iter 305] iter_best: cost=11901643.84  viol=4160899477.1908  obj=4160911378834.66 | best_so_far: cost=17827438.36  viol=4154987305.2208  obj=4155005132659.19
[Run 02 | Iter 306] iter_best: cost=11201534.25  viol=4160848321.1908  obj=4160859522725.08 | best_so_far: cost=17827438.36  viol=4154987305.2208  obj=4155005132659.19
[Run 02 | Iter 307] iter_best: cost=12226671.23  viol=4159777699.2208  obj=4159789925892.06 | best_so_far: cost=17827438.36  viol=4154987305.2208  obj=4155005132659.19
[Run 02 | FE 9216] best_local_obj=4155005132659.19  best_local_cost=17827438.36  best_local_viol=4154987305.2208
[Run 02 | Iter 308] iter_best: cost=11601589.04  viol=4160459170.1708  obj=4160470771759.87 | best_so_far: cost=17827438.36  viol=4154987305.2208  obj=4155005132659.19
[Run 02 | Iter 309] iter_best: cost=9601315.07  viol=4162185685.1908  obj=4162195286505.90 | best_so_far: cost=17827438.36  viol=4154987305.2208  obj=4155005132659.19
[Run 02 | Iter 310] iter_best: cost=12526726.03  viol=4160218006.1908  obj=4160230532916.86 | best_so_far: cost=17827438.36  viol=4154987305.2208  obj=4155005132659.19
[Run 02 | Iter 311] iter_best: cost=12576726.03  viol=4159803277.1908  obj=4159815853916.86 | best_so_far: cost=17827438.36  viol=4154987305.2208  obj=4155005132659.19
[Run 02 | Iter 312] iter_best: cost=12526726.03  viol=4160218006.1908  obj=4160230532916.86 | best_so_far: cost=17827438.36  viol=4154987305.2208  obj=4155005132659.19
[Run 02 | Iter 313] iter_best: cost=12176671.23  viol=4160192428.1908  obj=4160204604862.06 | best_so_far: cost=17827438.36  viol=4154987305.2208  obj=4155005132659.19
[Run 02 | Iter 314] iter_best: cost=11551589.04  viol=4160873899.1708  obj=4160885450759.87 | best_so_far: cost=17827438.36  viol=4154987305.2208  obj=4155005132659.19
[Run 02 | Iter 315] iter_best: cost=12476726.03  viol=4160632735.2167  obj=4160645211942.76 | best_so_far: cost=17827438.36  viol=4154987305.2208  obj=4155005132659.19
[Run 02 | FE 9472] best_local_obj=4155005132659.19  best_local_cost=17827438.36  best_local_viol=4154987305.2208
[Run 02 | Iter 316] iter_best: cost=10826506.85  viol=4162384828.0438  obj=4162395654550.68 | best_so_far: cost=17827438.36  viol=4154987305.2208  obj=4155005132659.19
[Run 02 | Iter 317] iter_best: cost=12526726.03  viol=4160218006.1908  obj=4160230532916.86 | best_so_far: cost=17827438.36  viol=4154987305.2208  obj=4155005132659.19
[Run 02 | Iter 318] iter_best: cost=10526452.05  viol=4161944521.1908  obj=4161955047642.88 | best_so_far: cost=17827438.36  viol=4154987305.2208  obj=4155005132659.19
[Run 02 | Iter 319] iter_best: cost=11551589.04  viol=4160873899.2208  obj=4160885450809.87 | best_so_far: cost=17827438.36  viol=4154987305.2208  obj=4155005132659.19
[Run 02 | Iter 320] iter_best: cost=17527383.56  viol=4154546998.1908  obj=4154564525574.39 | best_so_far: cost=17527383.56  viol=4154546998.1908  obj=4154564525574.39
[Run 02 | Iter 321] iter_best: cost=10926506.85  viol=4161555370.1908  obj=4161566296697.68 | best_so_far: cost=17527383.56  viol=4154546998.1908  obj=4154564525574.39
[Run 02 | Iter 322] iter_best: cost=12576726.03  viol=4159803277.2208  obj=4159815853946.86 | best_so_far: cost=17527383.56  viol=4154546998.1908  obj=4154564525574.39
[Run 02 | Iter 323] iter_best: cost=15202082.19  viol=4157395291.1908  obj=4157410493273.02 | best_so_far: cost=17527383.56  viol=4154546998.1908  obj=4154564525574.39
[Run 02 | Iter 324] iter_best: cost=15552136.99  viol=4157420869.1708  obj=4157436421307.81 | best_so_far: cost=17527383.56  viol=4154546998.1908  obj=4154564525574.39
[Run 02 | FE 9728] best_local_obj=4154564525574.39  best_local_cost=17527383.56  best_local_viol=4154546998.1908
[Run 02 | Iter 325] iter_best: cost=12901753.42  viol=4158681499.1908  obj=4158694400944.25 | best_so_far: cost=17527383.56  viol=4154546998.1908  obj=4154564525574.39
[Run 02 | Iter 326] iter_best: cost=10526452.05  viol=4161944521.1908  obj=4161955047642.88 | best_so_far: cost=17527383.56  viol=4154546998.1908  obj=4154564525574.39
[Run 02 | Iter 327] iter_best: cost=12226671.23  viol=4159777699.1908  obj=4159789925862.06 | best_so_far: cost=17527383.56  viol=4154546998.1908  obj=4154564525574.39
[Run 02 | Iter 328] iter_best: cost=11601589.04  viol=4160459170.2108  obj=4160470771799.87 | best_so_far: cost=17527383.56  viol=4154546998.1908  obj=4154564525574.39
[Run 02 | Iter 329] iter_best: cost=12576726.03  viol=4159803277.1908  obj=4159815853916.86 | best_so_far: cost=17527383.56  viol=4154546998.1908  obj=4154564525574.39
[Run 02 | Iter 330] iter_best: cost=18802575.34  viol=4154331412.1908  obj=4154350214766.17 | best_so_far: cost=18802575.34  viol=4154331412.1908  obj=4154350214766.17
[Run 02 | Iter 331] iter_best: cost=11551589.04  viol=4160873899.1908  obj=4160885450779.87 | best_so_far: cost=18802575.34  viol=4154331412.1908  obj=4154350214766.17
[Run 02 | Iter 332] iter_best: cost=13401863.01  viol=4160502717.1241  obj=4160516118987.13 | best_so_far: cost=18802575.34  viol=4154331412.1908  obj=4154350214766.17
[Run 02 | FE 9984] best_local_obj=4154350214766.17  best_local_cost=18802575.34  best_local_viol=4154331412.1908
[Run 02 | Iter 333] iter_best: cost=10526452.05  viol=4161944521.1908  obj=4161955047642.88 | best_so_far: cost=18802575.34  viol=4154331412.1908  obj=4154350214766.17
[Run 02 | Iter 334] iter_best: cost=14176945.21  viol=4158465913.1908  obj=4158480090136.03 | best_so_far: cost=18802575.34  viol=4154331412.1908  obj=4154350214766.17
[Run 02 | Iter 335] iter_best: cost=13501863.01  viol=4159562113.1884  obj=4159575615051.44 | best_so_far: cost=18802575.34  viol=4154331412.1908  obj=4154350214766.17
[Run 02 | Iter 336] iter_best: cost=13201808.22  viol=4159121806.1908  obj=4159135007999.05 | best_so_far: cost=18802575.34  viol=4154331412.1908  obj=4154350214766.17
[Run 02 | Iter 337] iter_best: cost=12526726.03  viol=4160218006.1608  obj=4160230532886.86 | best_so_far: cost=18802575.34  viol=4154331412.1908  obj=4154350214766.17
[Run 02 | Iter 338] iter_best: cost=11251534.25  viol=4160433592.1908  obj=4160444843725.08 | best_so_far: cost=18802575.34  viol=4154331412.1908  obj=4154350214766.17
[Run 02 | Iter 339] iter_best: cost=12226671.23  viol=4159777699.1808  obj=4159789925852.06 | best_so_far: cost=18802575.34  viol=4154331412.1908  obj=4154350214766.17
[Run 02 | Iter 340] iter_best: cost=12476726.03  viol=4160632735.0778  obj=4160645211803.86 | best_so_far: cost=18802575.34  viol=4154331412.1908  obj=4154350214766.17
[Run 02 | Iter 341] iter_best: cost=12226671.23  viol=4159777699.2208  obj=4159789925892.06 | best_so_far: cost=18802575.34  viol=4154331412.1908  obj=4154350214766.17
[Run 02 | FE 10240] best_local_obj=4154350214766.17  best_local_cost=18802575.34  best_local_viol=4154331412.1908
[Run 02 | Iter 342] iter_best: cost=11801643.84  viol=4161728935.1868  obj=4161740736830.66 | best_so_far: cost=18802575.34  viol=4154331412.1908  obj=4154350214766.17
[Run 02 | Iter 343] iter_best: cost=14477000.00  viol=4158906220.1908  obj=4158920697190.83 | best_so_far: cost=18802575.34  viol=4154331412.1908  obj=4154350214766.17
[Run 02 | Iter 344] iter_best: cost=12226671.23  viol=4159777699.1908  obj=4159789925862.06 | best_so_far: cost=18802575.34  viol=4154331412.1908  obj=4154350214766.17
[Run 02 | Iter 345] iter_best: cost=11551589.04  viol=4160873899.1908  obj=4160885450779.87 | best_so_far: cost=18802575.34  viol=4154331412.1908  obj=4154350214766.17
[Run 02 | Iter 346] iter_best: cost=10226397.26  viol=4161504214.1908  obj=4161514440588.09 | best_so_far: cost=18802575.34  viol=4154331412.1908  obj=4154350214766.17
[Run 02 | Iter 347] iter_best: cost=11551589.04  viol=4160873899.1908  obj=4160885450779.87 | best_so_far: cost=18802575.34  viol=4154331412.1908  obj=4154350214766.17
[Run 02 | Iter 348] iter_best: cost=11551589.04  viol=4160873899.1908  obj=4160885450779.87 | best_so_far: cost=18802575.34  viol=4154331412.1908  obj=4154350214766.17
[Run 02 | Iter 349] iter_best: cost=14176945.21  viol=4158465913.2208  obj=4158480090166.03 | best_so_far: cost=18802575.34  viol=4154331412.1908  obj=4154350214766.17
[Run 02 | FE 10496] best_local_obj=4154350214766.17  best_local_cost=18802575.34  best_local_viol=4154331412.1908
[Run 02 | Iter 350] iter_best: cost=12576726.03  viol=4159803277.1908  obj=4159815853916.86 | best_so_far: cost=18802575.34  viol=4154331412.1908  obj=4154350214766.17
[Run 02 | Iter 351] iter_best: cost=10626452.05  viol=4161115063.1908  obj=4161125689642.88 | best_so_far: cost=18802575.34  viol=4154331412.1908  obj=4154350214766.17
[Run 02 | Iter 352] iter_best: cost=11601589.04  viol=4160459170.1908  obj=4160470771779.87 | best_so_far: cost=18802575.34  viol=4154331412.1908  obj=4154350214766.17
[Run 02 | Iter 353] iter_best: cost=11551589.04  viol=4160873899.1908  obj=4160885450779.87 | best_so_far: cost=18802575.34  viol=4154331412.1908  obj=4154350214766.17
[Run 02 | Iter 354] iter_best: cost=13551863.01  viol=4159147384.2108  obj=4159160936073.84 | best_so_far: cost=18802575.34  viol=4154331412.1908  obj=4154350214766.17
[Run 02 | Iter 355] iter_best: cost=11551589.04  viol=4160873899.1918  obj=4160885450780.87 | best_so_far: cost=18802575.34  viol=4154331412.1908  obj=4154350214766.17
[Run 02 | Iter 356] iter_best: cost=13501863.01  viol=4159562113.1908  obj=4159575615053.84 | best_so_far: cost=18802575.34  viol=4154331412.1908  obj=4154350214766.17
[Run 02 | Iter 357] iter_best: cost=12226671.23  viol=4159777699.1908  obj=4159789925862.06 | best_so_far: cost=18802575.34  viol=4154331412.1908  obj=4154350214766.17
[Run 02 | Iter 358] iter_best: cost=13926890.41  viol=4157610877.1908  obj=4157624804081.24 | best_so_far: cost=18802575.34  viol=4154331412.1908  obj=4154350214766.17
[Run 02 | FE 10752] best_local_obj=4154350214766.17  best_local_cost=18802575.34  best_local_viol=4154331412.1908
[Run 02 | Iter 359] iter_best: cost=13251808.22  viol=4158707077.2808  obj=4158720329089.05 | best_so_far: cost=18802575.34  viol=4154331412.1908  obj=4154350214766.17
[Run 02 | Iter 360] iter_best: cost=10276397.26  viol=4161089485.1908  obj=4161099761588.09 | best_so_far: cost=18802575.34  viol=4154331412.1908  obj=4154350214766.17
[Run 02 | Iter 361] iter_best: cost=10226397.26  viol=4161504214.1908  obj=4161514440588.09 | best_so_far: cost=18802575.34  viol=4154331412.1908  obj=4154350214766.17
[Run 02 | Iter 362] iter_best: cost=13201808.22  viol=4159121806.1908  obj=4159135007999.05 | best_so_far: cost=18802575.34  viol=4154331412.1908  obj=4154350214766.17
[Run 02 | Iter 363] iter_best: cost=11451589.04  viol=4161703357.1708  obj=4161714808759.87 | best_so_far: cost=18802575.34  viol=4154331412.1908  obj=4154350214766.17
[Run 02 | Iter 364] iter_best: cost=10576452.05  viol=4161529792.1508  obj=4161540368602.88 | best_so_far: cost=18802575.34  viol=4154331412.1908  obj=4154350214766.17
[Run 02 | Iter 365] iter_best: cost=10576452.05  viol=4161529792.1908  obj=4161540368642.88 | best_so_far: cost=18802575.34  viol=4154331412.1908  obj=4154350214766.17
[Run 02 | Iter 366] iter_best: cost=11501589.04  viol=4161288628.1908  obj=4161300129779.87 | best_so_far: cost=18802575.34  viol=4154331412.1908  obj=4154350214766.17
[Run 02 | FE 11008] best_local_obj=4154350214766.17  best_local_cost=18802575.34  best_local_viol=4154331412.1908
[Run 02 | Iter 367] iter_best: cost=14176945.21  viol=4158465913.1908  obj=4158480090136.03 | best_so_far: cost=18802575.34  viol=4154331412.1908  obj=4154350214766.17
[Run 02 | Iter 368] iter_best: cost=12526726.03  viol=4160218006.1908  obj=4160230532916.86 | best_so_far: cost=18802575.34  viol=4154331412.1908  obj=4154350214766.17
[Run 02 | Iter 369] iter_best: cost=14226945.21  viol=4158051184.1908  obj=4158065411136.03 | best_so_far: cost=18802575.34  viol=4154331412.1908  obj=4154350214766.17
[Run 02 | Iter 370] iter_best: cost=13201808.22  viol=4159121806.1908  obj=4159135007999.05 | best_so_far: cost=18802575.34  viol=4154331412.1908  obj=4154350214766.17
[Run 02 | Iter 371] iter_best: cost=14126945.21  viol=4158880642.1808  obj=4158894769126.03 | best_so_far: cost=18802575.34  viol=4154331412.1908  obj=4154350214766.17
[Run 02 | Iter 372] iter_best: cost=13926890.41  viol=4157610877.1908  obj=4157624804081.24 | best_so_far: cost=18802575.34  viol=4154331412.1908  obj=4154350214766.17
[Run 02 | Iter 373] iter_best: cost=12476726.03  viol=4160632735.1908  obj=4160645211916.86 | best_so_far: cost=18802575.34  viol=4154331412.1908  obj=4154350214766.17
[Run 02 | Iter 374] iter_best: cost=12476726.03  viol=4160632735.2608  obj=4160645211986.86 | best_so_far: cost=18802575.34  viol=4154331412.1908  obj=4154350214766.17
[Run 02 | Iter 375] iter_best: cost=11551589.04  viol=4160873899.1908  obj=4160885450779.87 | best_so_far: cost=18802575.34  viol=4154331412.1908  obj=4154350214766.17
[Run 02 | FE 11264] best_local_obj=4154350214766.17  best_local_cost=18802575.34  best_local_viol=4154331412.1908
[Run 02 | Iter 376] iter_best: cost=13551863.01  viol=4159147384.1908  obj=4159160936053.84 | best_so_far: cost=18802575.34  viol=4154331412.1908  obj=4154350214766.17
[Run 02 | Iter 377] iter_best: cost=12476726.03  viol=4160632735.2208  obj=4160645211946.86 | best_so_far: cost=18802575.34  viol=4154331412.1908  obj=4154350214766.17
[Run 02 | Iter 378] iter_best: cost=14852027.40  viol=4157369713.1508  obj=4157384565178.23 | best_so_far: cost=18802575.34  viol=4154331412.1908  obj=4154350214766.17
[Run 02 | Iter 379] iter_best: cost=11501589.04  viol=4161288628.1908  obj=4161300129779.87 | best_so_far: cost=18802575.34  viol=4154331412.1908  obj=4154350214766.17
[Run 02 | Iter 380] iter_best: cost=12526726.03  viol=4160218006.1908  obj=4160230532916.86 | best_so_far: cost=18802575.34  viol=4154331412.1908  obj=4154350214766.17
[Run 02 | Iter 381] iter_best: cost=10576452.05  viol=4161529792.1908  obj=4161540368642.88 | best_so_far: cost=18802575.34  viol=4154331412.1908  obj=4154350214766.17
[Run 02 | Iter 382] iter_best: cost=9851369.86  viol=4163040721.2208  obj=4163050572590.69 | best_so_far: cost=18802575.34  viol=4154331412.1908  obj=4154350214766.17
[Run 02 | Iter 383] iter_best: cost=12476726.03  viol=4160632735.2208  obj=4160645211946.86 | best_so_far: cost=18802575.34  viol=4154331412.1908  obj=4154350214766.17
[Run 02 | FE 11520] best_local_obj=4154350214766.17  best_local_cost=18802575.34  best_local_viol=4154331412.1908
[Run 02 | Iter 384] iter_best: cost=12426726.03  viol=4161047464.1908  obj=4161059890916.86 | best_so_far: cost=18802575.34  viol=4154331412.1908  obj=4154350214766.17
[Run 02 | Iter 385] iter_best: cost=11201534.25  viol=4160848321.1908  obj=4160859522725.08 | best_so_far: cost=18802575.34  viol=4154331412.1908  obj=4154350214766.17
[Run 02 | Iter 386] iter_best: cost=14577000.00  viol=4158076762.1508  obj=4158091339150.83 | best_so_far: cost=18802575.34  viol=4154331412.1908  obj=4154350214766.17
[Run 02 | Iter 387] iter_best: cost=13201808.22  viol=4159121806.1908  obj=4159135007999.05 | best_so_far: cost=18802575.34  viol=4154331412.1908  obj=4154350214766.17
[Run 02 | Iter 388] iter_best: cost=12826780.82  viol=4160658313.1908  obj=4160671139971.65 | best_so_far: cost=18802575.34  viol=4154331412.1908  obj=4154350214766.17
[Run 02 | Iter 389] iter_best: cost=11501589.04  viol=4161288628.2008  obj=4161300129789.87 | best_so_far: cost=18802575.34  viol=4154331412.1908  obj=4154350214766.17
[Run 02 | Iter 390] iter_best: cost=9601315.07  viol=4162185685.1908  obj=4162195286505.90 | best_so_far: cost=18802575.34  viol=4154331412.1908  obj=4154350214766.17
[Run 02 | Iter 391] iter_best: cost=12526726.03  viol=4160218006.2208  obj=4160230532946.86 | best_so_far: cost=18802575.34  viol=4154331412.1908  obj=4154350214766.17
[Run 02 | Iter 392] iter_best: cost=17202356.16  viol=4155668776.2208  obj=4155685978576.99 | best_so_far: cost=18802575.34  viol=4154331412.1908  obj=4154350214766.17
[Run 02 | FE 11776] best_local_obj=4154350214766.17  best_local_cost=18802575.34  best_local_viol=4154331412.1908
[Run 02 | Iter 393] iter_best: cost=13801917.81  viol=4160002420.1908  obj=4160016222108.64 | best_so_far: cost=18802575.34  viol=4154331412.1908  obj=4154350214766.17
[Run 02 | Iter 394] iter_best: cost=16852301.37  viol=4155643198.1956  obj=4155660050497.00 | best_so_far: cost=18802575.34  viol=4154331412.1908  obj=4154350214766.17
[Run 02 | Iter 395] iter_best: cost=10576452.05  viol=4161529792.1908  obj=4161540368642.88 | best_so_far: cost=18802575.34  viol=4154331412.1908  obj=4154350214766.17
[Run 02 | Iter 396] iter_best: cost=11501589.04  viol=4161288628.1984  obj=4161300129787.47 | best_so_far: cost=18802575.34  viol=4154331412.1908  obj=4154350214766.17
[Run 02 | Iter 397] iter_best: cost=15102082.19  viol=4158224749.2208  obj=4158239851303.02 | best_so_far: cost=18802575.34  viol=4154331412.1908  obj=4154350214766.17
[Run 02 | Iter 398] iter_best: cost=11201534.25  viol=4160848321.1908  obj=4160859522725.08 | best_so_far: cost=18802575.34  viol=4154331412.1908  obj=4154350214766.17
[Run 02 | Iter 399] iter_best: cost=10926506.85  viol=4161555370.1908  obj=4161566296697.68 | best_so_far: cost=18802575.34  viol=4154331412.1908  obj=4154350214766.17
[Run 02 | Iter 400] iter_best: cost=14477000.00  viol=4158906220.1908  obj=4158920697190.83 | best_so_far: cost=18802575.34  viol=4154331412.1908  obj=4154350214766.17
[Run 02 | Iter 401] iter_best: cost=11201534.25  viol=4160848321.2208  obj=4160859522755.08 | best_so_far: cost=18802575.34  viol=4154331412.1908  obj=4154350214766.17
[Run 02 | FE 12032] best_local_obj=4154350214766.17  best_local_cost=18802575.34  best_local_viol=4154331412.1908
[Run 02 | Iter 402] iter_best: cost=12176671.23  viol=4160192428.1908  obj=4160204604862.06 | best_so_far: cost=18802575.34  viol=4154331412.1908  obj=4154350214766.17
[Run 02 | Iter 403] iter_best: cost=14477000.00  viol=4158906220.2208  obj=4158920697220.83 | best_so_far: cost=18802575.34  viol=4154331412.1908  obj=4154350214766.17
[Run 02 | Iter 404] iter_best: cost=12226671.23  viol=4159777699.1908  obj=4159789925862.06 | best_so_far: cost=18802575.34  viol=4154331412.1908  obj=4154350214766.17
[Run 02 | Iter 405] iter_best: cost=11501589.04  viol=4161288628.2208  obj=4161300129809.87 | best_so_far: cost=18802575.34  viol=4154331412.1908  obj=4154350214766.17
[Run 02 | Iter 406] iter_best: cost=15877164.38  viol=4156299091.1908  obj=4156314968355.21 | best_so_far: cost=18802575.34  viol=4154331412.1908  obj=4154350214766.17
[Run 02 | Iter 407] iter_best: cost=14176945.21  viol=4158465913.1908  obj=4158480090136.03 | best_so_far: cost=18802575.34  viol=4154331412.1908  obj=4154350214766.17
[Run 02 | Iter 408] iter_best: cost=11201534.25  viol=4160848321.1908  obj=4160859522725.08 | best_so_far: cost=18802575.34  viol=4154331412.1908  obj=4154350214766.17
[Run 02 | Iter 409] iter_best: cost=11551589.04  viol=4160873899.1908  obj=4160885450779.87 | best_so_far: cost=18802575.34  viol=4154331412.1908  obj=4154350214766.17
[Run 02 | FE 12288] best_local_obj=4154350214766.17  best_local_cost=18802575.34  best_local_viol=4154331412.1908
[Run 02 | Iter 410] iter_best: cost=13501863.01  viol=4159562113.1908  obj=4159575615053.84 | best_so_far: cost=18802575.34  viol=4154331412.1908  obj=4154350214766.17
[Run 02 | Iter 411] iter_best: cost=11601589.04  viol=4160459170.1908  obj=4160470771779.87 | best_so_far: cost=18802575.34  viol=4154331412.1908  obj=4154350214766.17
[Run 02 | Iter 412] iter_best: cost=11201534.25  viol=4160848321.1908  obj=4160859522725.08 | best_so_far: cost=18802575.34  viol=4154331412.1908  obj=4154350214766.17
[Run 02 | Iter 413] iter_best: cost=11551589.04  viol=4160873899.1908  obj=4160885450779.87 | best_so_far: cost=18802575.34  viol=4154331412.1908  obj=4154350214766.17
[Run 02 | Iter 414] iter_best: cost=16827328.77  viol=4157205283.1648  obj=4157222110493.60 | best_so_far: cost=18802575.34  viol=4154331412.1908  obj=4154350214766.17
[Run 02 | Iter 415] iter_best: cost=15452136.99  viol=4158250327.2208  obj=4158265779357.82 | best_so_far: cost=18802575.34  viol=4154331412.1908  obj=4154350214766.17
[Run 02 | Iter 416] iter_best: cost=10826506.85  viol=4162384828.1908  obj=4162395654697.68 | best_so_far: cost=18802575.34  viol=4154331412.1908  obj=4154350214766.17
[Run 02 | Iter 417] iter_best: cost=10576452.05  viol=4161529792.1908  obj=4161540368642.88 | best_so_far: cost=18802575.34  viol=4154331412.1908  obj=4154350214766.17
[Run 02 | Iter 418] iter_best: cost=9601315.07  viol=4162185685.1908  obj=4162195286505.90 | best_so_far: cost=18802575.34  viol=4154331412.1908  obj=4154350214766.17
[Run 02 | FE 12544] best_local_obj=4154350214766.17  best_local_cost=18802575.34  best_local_viol=4154331412.1908
[Run 02 | Iter 419] iter_best: cost=10526452.05  viol=4161944521.1508  obj=4161955047602.88 | best_so_far: cost=18802575.34  viol=4154331412.1908  obj=4154350214766.17
[Run 02 | Iter 420] iter_best: cost=10576452.05  viol=4161529792.1908  obj=4161540368642.88 | best_so_far: cost=18802575.34  viol=4154331412.1908  obj=4154350214766.17
[Run 02 | Iter 421] iter_best: cost=14527000.00  viol=4158491491.1808  obj=4158506018180.83 | best_so_far: cost=18802575.34  viol=4154331412.1908  obj=4154350214766.17
[Run 02 | Iter 422] iter_best: cost=14126945.21  viol=4158880642.2208  obj=4158894769166.03 | best_so_far: cost=18802575.34  viol=4154331412.1908  obj=4154350214766.17
[Run 02 | Iter 423] iter_best: cost=11201534.25  viol=4160848321.1708  obj=4160859522705.08 | best_so_far: cost=18802575.34  viol=4154331412.1908  obj=4154350214766.17
[Run 02 | Iter 424] iter_best: cost=11551589.04  viol=4160873899.1908  obj=4160885450779.87 | best_so_far: cost=18802575.34  viol=4154331412.1908  obj=4154350214766.17
[Run 02 | Iter 425] iter_best: cost=11601589.04  viol=4160459170.1408  obj=4160470771729.87 | best_so_far: cost=18802575.34  viol=4154331412.1908  obj=4154350214766.17
[Run 02 | Iter 426] iter_best: cost=13151808.22  viol=4159536535.1308  obj=4159549686939.05 | best_so_far: cost=18802575.34  viol=4154331412.1908  obj=4154350214766.17
[Run 02 | FE 12800] best_local_obj=4154350214766.17  best_local_cost=18802575.34  best_local_viol=4154331412.1908
[Run 02 | Iter 427] iter_best: cost=14477000.00  viol=4158906220.2208  obj=4158920697220.83 | best_so_far: cost=18802575.34  viol=4154331412.1908  obj=4154350214766.17

[Stop] reached max_total_fe=12800.

[Run 02] best_global_cost=18802575.3425, best_global_viol=4154331412.190829, best_global_obj=4154350214766.1709
[Done] summary=/work/home/acn1eb8nfq/yuezhang46/UScode/US实验一：横向对比/aco_global_logs/run_02_seed_1002/runs_summary.csv
