[RunConfig] run_id=18 seed=1018
[OutputDir] /work/home/acn1eb8nfq/yuezhang46/UScode/US实验一：横向对比/aco_global_logs/run_18_seed_1018
[Info] #nodes = 4301
[Load] Reading scenarios ...
  - 2020: raw edges=5296, days=366
  - 2025: raw edges=5296, days=365
  - 2030: raw edges=5296, days=365
  - 2035: raw edges=5296, days=365
  - 2040: raw edges=5296, days=366
[Filter] EDGE_WEIGHT_MIN=1.0
  - active_nodes=2914  inactive_nodes(fixed NONE)=1387
  - 2020: removed=2048, kept=3248
  - 2025: removed=2048, kept=3248
  - 2030: removed=2048, kept=3248
  - 2035: removed=2048, kept=3248
  - 2040: removed=2048, kept=3248
  - 2020: filtered edges (active subgraph)=3248
  - 2025: filtered edges (active subgraph)=3248
  - 2030: filtered edges (active subgraph)=3248
  - 2035: filtered edges (active subgraph)=3248
  - 2040: filtered edges (active subgraph)=3248
[ACO] Pheromone and heuristic initialized.
[ACO] Iterate under FE budget ...
[Run 18 | Iter 1] iter_best: cost=10226397.26  viol=4161504214.2208  obj=4161514440618.09 | best_so_far: cost=10226397.26  viol=4161504214.2208  obj=4161514440618.09
[Run 18 | Iter 2] iter_best: cost=13201808.22  viol=4159121806.1908  obj=4159135007999.05 | best_so_far: cost=13201808.22  viol=4159121806.1908  obj=4159135007999.05
[Run 18 | Iter 3] iter_best: cost=13301808.22  viol=4158292348.1908  obj=4158305649999.05 | best_so_far: cost=13301808.22  viol=4158292348.1908  obj=4158305649999.05
[Run 18 | Iter 4] iter_best: cost=10226397.26  viol=4161504214.1908  obj=4161514440588.09 | best_so_far: cost=13301808.22  viol=4158292348.1908  obj=4158305649999.05
[Run 18 | Iter 5] iter_best: cost=13451863.01  viol=4159976842.1508  obj=4159990294013.84 | best_so_far: cost=13301808.22  viol=4158292348.1908  obj=4158305649999.05
[Run 18 | Iter 6] iter_best: cost=12226671.23  viol=4159777699.1908  obj=4159789925862.06 | best_so_far: cost=13301808.22  viol=4158292348.1908  obj=4158305649999.05
[Run 18 | Iter 7] iter_best: cost=11901643.84  viol=4160899477.2208  obj=4160911378864.66 | best_so_far: cost=13301808.22  viol=4158292348.1908  obj=4158305649999.05
[Run 18 | Iter 8] iter_best: cost=11801643.84  viol=4161728935.2308  obj=4161740736874.66 | best_so_far: cost=13301808.22  viol=4158292348.1908  obj=4158305649999.05
[Run 18 | FE 256] best_local_obj=4158305649999.05  best_local_cost=13301808.22  best_local_viol=4158292348.1908
[Run 18 | Iter 9] iter_best: cost=14276945.21  viol=4157636455.1908  obj=4157650732136.03 | best_so_far: cost=14276945.21  viol=4157636455.1908  obj=4157650732136.03
[Run 18 | Iter 10] iter_best: cost=12476726.03  viol=4160632735.1908  obj=4160645211916.86 | best_so_far: cost=14276945.21  viol=4157636455.1908  obj=4157650732136.03
[Run 18 | Iter 11] iter_best: cost=10226397.26  viol=4161504214.2308  obj=4161514440628.09 | best_so_far: cost=14276945.21  viol=4157636455.1908  obj=4157650732136.03
[Run 18 | Iter 12] iter_best: cost=13251808.22  viol=4158707077.1908  obj=4158720328999.05 | best_so_far: cost=14276945.21  viol=4157636455.1908  obj=4157650732136.03
[Run 18 | Iter 13] iter_best: cost=10576452.05  viol=4161529792.1908  obj=4161540368642.88 | best_so_far: cost=14276945.21  viol=4157636455.1908  obj=4157650732136.03
[Run 18 | Iter 14] iter_best: cost=14126945.21  viol=4158880642.2008  obj=4158894769146.03 | best_so_far: cost=14276945.21  viol=4157636455.1908  obj=4157650732136.03
[Run 18 | Iter 15] iter_best: cost=11201534.25  viol=4160848321.1808  obj=4160859522715.08 | best_so_far: cost=14276945.21  viol=4157636455.1908  obj=4157650732136.03
[Run 18 | Iter 16] iter_best: cost=13501863.01  viol=4159562113.1608  obj=4159575615023.84 | best_so_far: cost=14276945.21  viol=4157636455.1908  obj=4157650732136.03
[Run 18 | Iter 17] iter_best: cost=11901643.84  viol=4160899477.2008  obj=4160911378844.66 | best_so_far: cost=14276945.21  viol=4157636455.1908  obj=4157650732136.03
[Run 18 | FE 512] best_local_obj=4157650732136.03  best_local_cost=14276945.21  best_local_viol=4157636455.1908
[Run 18 | Iter 18] iter_best: cost=12526726.03  viol=4160218006.1508  obj=4160230532876.86 | best_so_far: cost=14276945.21  viol=4157636455.1908  obj=4157650732136.03
[Run 18 | Iter 19] iter_best: cost=11551589.04  viol=4160873899.1708  obj=4160885450759.87 | best_so_far: cost=14276945.21  viol=4157636455.1908  obj=4157650732136.03
[Run 18 | Iter 20] iter_best: cost=11451589.04  viol=4161703357.2208  obj=4161714808809.87 | best_so_far: cost=14276945.21  viol=4157636455.1908  obj=4157650732136.03
[Run 18 | Iter 21] iter_best: cost=12576726.03  viol=4159803277.2208  obj=4159815853946.86 | best_so_far: cost=14276945.21  viol=4157636455.1908  obj=4157650732136.03
[Run 18 | Iter 22] iter_best: cost=12476726.03  viol=4160653520.1125  obj=4160665996838.56 | best_so_far: cost=14276945.21  viol=4157636455.1908  obj=4157650732136.03
[Run 18 | Iter 23] iter_best: cost=14226945.21  viol=4158051184.1908  obj=4158065411136.03 | best_so_far: cost=14276945.21  viol=4157636455.1908  obj=4157650732136.03
[Run 18 | Iter 24] iter_best: cost=13201808.22  viol=4159121806.2308  obj=4159135008039.05 | best_so_far: cost=14276945.21  viol=4157636455.1908  obj=4157650732136.03
[Run 18 | Iter 25] iter_best: cost=12226671.23  viol=4159777699.1908  obj=4159789925862.06 | best_so_far: cost=14276945.21  viol=4157636455.1908  obj=4157650732136.03
[Run 18 | FE 768] best_local_obj=4157650732136.03  best_local_cost=14276945.21  best_local_viol=4157636455.1908
[Run 18 | Iter 26] iter_best: cost=11551589.04  viol=4160873899.1708  obj=4160885450759.87 | best_so_far: cost=14276945.21  viol=4157636455.1908  obj=4157650732136.03
[Run 18 | Iter 27] iter_best: cost=13201808.22  viol=4159121806.1908  obj=4159135007999.05 | best_so_far: cost=14276945.21  viol=4157636455.1908  obj=4157650732136.03
[Run 18 | Iter 28] iter_best: cost=11551589.04  viol=4160873899.1908  obj=4160885450779.87 | best_so_far: cost=14276945.21  viol=4157636455.1908  obj=4157650732136.03
[Run 18 | Iter 29] iter_best: cost=13151808.22  viol=4159536535.1908  obj=4159549686999.05 | best_so_far: cost=14276945.21  viol=4157636455.1908  obj=4157650732136.03
[Run 18 | Iter 30] iter_best: cost=14276945.21  viol=4157636455.1908  obj=4157650732136.03 | best_so_far: cost=14276945.21  viol=4157636455.1908  obj=4157650732136.03
[Run 18 | Iter 31] iter_best: cost=12576726.03  viol=4159803277.2208  obj=4159815853946.86 | best_so_far: cost=14276945.21  viol=4157636455.1908  obj=4157650732136.03
[Run 18 | Iter 32] iter_best: cost=14176945.21  viol=4158465913.1908  obj=4158480090136.03 | best_so_far: cost=14276945.21  viol=4157636455.1908  obj=4157650732136.03
[Run 18 | Iter 33] iter_best: cost=13201808.22  viol=4159121806.2208  obj=4159135008029.05 | best_so_far: cost=14276945.21  viol=4157636455.1908  obj=4157650732136.03
[Run 18 | Iter 34] iter_best: cost=10826506.85  viol=4162384828.1908  obj=4162395654697.68 | best_so_far: cost=14276945.21  viol=4157636455.1908  obj=4157650732136.03
[Run 18 | FE 1024] best_local_obj=4157650732136.03  best_local_cost=14276945.21  best_local_viol=4157636455.1908
[Run 18 | Iter 35] iter_best: cost=11551589.04  viol=4160873899.1908  obj=4160885450779.87 | best_so_far: cost=14276945.21  viol=4157636455.1908  obj=4157650732136.03
[Run 18 | Iter 36] iter_best: cost=14226945.21  viol=4158051184.1908  obj=4158065411136.03 | best_so_far: cost=14276945.21  viol=4157636455.1908  obj=4157650732136.03
[Run 18 | Iter 37] iter_best: cost=11551589.04  viol=4160873899.1908  obj=4160885450779.87 | best_so_far: cost=14276945.21  viol=4157636455.1908  obj=4157650732136.03
[Run 18 | Iter 38] iter_best: cost=13201808.22  viol=4159121806.1908  obj=4159135007999.05 | best_so_far: cost=14276945.21  viol=4157636455.1908  obj=4157650732136.03
[Run 18 | Iter 39] iter_best: cost=12576726.03  viol=4159803277.1908  obj=4159815853916.86 | best_so_far: cost=14276945.21  viol=4157636455.1908  obj=4157650732136.03
[Run 18 | Iter 40] iter_best: cost=9551315.07  viol=4162600414.1208  obj=4162609965435.90 | best_so_far: cost=14276945.21  viol=4157636455.1908  obj=4157650732136.03
[Run 18 | Iter 41] iter_best: cost=11501589.04  viol=4161288628.1908  obj=4161300129779.87 | best_so_far: cost=14276945.21  viol=4157636455.1908  obj=4157650732136.03
[Run 18 | Iter 42] iter_best: cost=12526726.03  viol=4160218006.1908  obj=4160230532916.86 | best_so_far: cost=14276945.21  viol=4157636455.1908  obj=4157650732136.03
[Run 18 | FE 1280] best_local_obj=4157650732136.03  best_local_cost=14276945.21  best_local_viol=4157636455.1908
[Run 18 | Iter 43] iter_best: cost=11551589.04  viol=4160873899.1908  obj=4160885450779.87 | best_so_far: cost=14276945.21  viol=4157636455.1908  obj=4157650732136.03
[Run 18 | Iter 44] iter_best: cost=13551863.01  viol=4159147384.1908  obj=4159160936053.84 | best_so_far: cost=14276945.21  viol=4157636455.1908  obj=4157650732136.03
[Run 18 | Iter 45] iter_best: cost=15552136.99  viol=4157420869.2208  obj=4157436421357.82 | best_so_far: cost=15552136.99  viol=4157420869.2208  obj=4157436421357.82
[Run 18 | Iter 46] iter_best: cost=11551589.04  viol=4160873899.1908  obj=4160885450779.87 | best_so_far: cost=15552136.99  viol=4157420869.2208  obj=4157436421357.82
[Run 18 | Iter 47] iter_best: cost=13451863.01  viol=4159976842.2008  obj=4159990294063.84 | best_so_far: cost=15552136.99  viol=4157420869.2208  obj=4157436421357.82
[Run 18 | Iter 48] iter_best: cost=15552136.99  viol=4157420869.2163  obj=4157436421353.32 | best_so_far: cost=15552136.99  viol=4157420869.2163  obj=4157436421353.32
[Run 18 | Iter 49] iter_best: cost=12426726.03  viol=4161047464.2208  obj=4161059890946.86 | best_so_far: cost=15552136.99  viol=4157420869.2163  obj=4157436421353.32
[Run 18 | Iter 50] iter_best: cost=11501589.04  viol=4161288628.2208  obj=4161300129809.87 | best_so_far: cost=15552136.99  viol=4157420869.2163  obj=4157436421353.32
[Run 18 | Iter 51] iter_best: cost=12226671.23  viol=4159777699.1908  obj=4159789925862.06 | best_so_far: cost=15552136.99  viol=4157420869.2163  obj=4157436421353.32
[Run 18 | FE 1536] best_local_obj=4157436421353.32  best_local_cost=15552136.99  best_local_viol=4157420869.2163
[Run 18 | Iter 52] iter_best: cost=13451863.01  viol=4159976842.1908  obj=4159990294053.84 | best_so_far: cost=15552136.99  viol=4157420869.2163  obj=4157436421353.32
[Run 18 | Iter 53] iter_best: cost=11551589.04  viol=4160873899.1908  obj=4160885450779.87 | best_so_far: cost=15552136.99  viol=4157420869.2163  obj=4157436421353.32
[Run 18 | Iter 54] iter_best: cost=14477000.00  viol=4158906220.2208  obj=4158920697220.83 | best_so_far: cost=15552136.99  viol=4157420869.2163  obj=4157436421353.32
[Run 18 | Iter 55] iter_best: cost=14126945.21  viol=4158880642.2208  obj=4158894769166.03 | best_so_far: cost=15552136.99  viol=4157420869.2163  obj=4157436421353.32
[Run 18 | Iter 56] iter_best: cost=13151808.22  viol=4159536535.1908  obj=4159549686999.05 | best_so_far: cost=15552136.99  viol=4157420869.2163  obj=4157436421353.32
[Run 18 | Iter 57] iter_best: cost=11501589.04  viol=4161288628.1838  obj=4161300129772.87 | best_so_far: cost=15552136.99  viol=4157420869.2163  obj=4157436421353.32
[Run 18 | Iter 58] iter_best: cost=11501589.04  viol=4161288628.1908  obj=4161300129779.87 | best_so_far: cost=15552136.99  viol=4157420869.2163  obj=4157436421353.32
[Run 18 | Iter 59] iter_best: cost=11251534.25  viol=4160433592.1908  obj=4160444843725.08 | best_so_far: cost=15552136.99  viol=4157420869.2163  obj=4157436421353.32
[Run 18 | FE 1792] best_local_obj=4157436421353.32  best_local_cost=15552136.99  best_local_viol=4157420869.2163
[Run 18 | Iter 60] iter_best: cost=9501315.07  viol=4163015143.1908  obj=4163024644505.90 | best_so_far: cost=15552136.99  viol=4157420869.2163  obj=4157436421353.32
[Run 18 | Iter 61] iter_best: cost=13501863.01  viol=4159562113.1908  obj=4159575615053.84 | best_so_far: cost=15552136.99  viol=4157420869.2163  obj=4157436421353.32
[Run 18 | Iter 62] iter_best: cost=13151808.22  viol=4159536535.2808  obj=4159549687089.05 | best_so_far: cost=15552136.99  viol=4157420869.2163  obj=4157436421353.32
[Run 18 | Iter 63] iter_best: cost=12176671.23  viol=4160192428.2308  obj=4160204604902.06 | best_so_far: cost=15552136.99  viol=4157420869.2163  obj=4157436421353.32
[Run 18 | Iter 64] iter_best: cost=12226671.23  viol=4159777699.1908  obj=4159789925862.06 | best_so_far: cost=15552136.99  viol=4157420869.2163  obj=4157436421353.32
[Run 18 | Iter 65] iter_best: cost=12476726.03  viol=4160632735.1648  obj=4160645211890.86 | best_so_far: cost=15552136.99  viol=4157420869.2163  obj=4157436421353.32
[Run 18 | Iter 66] iter_best: cost=12176671.23  viol=4160192428.2208  obj=4160204604892.06 | best_so_far: cost=15552136.99  viol=4157420869.2163  obj=4157436421353.32
[Run 18 | Iter 67] iter_best: cost=13551863.01  viol=4159147384.1908  obj=4159160936053.84 | best_so_far: cost=15552136.99  viol=4157420869.2163  obj=4157436421353.32
[Run 18 | Iter 68] iter_best: cost=13501863.01  viol=4159562113.2308  obj=4159575615093.84 | best_so_far: cost=15552136.99  viol=4157420869.2163  obj=4157436421353.32
[Run 18 | FE 2048] best_local_obj=4157436421353.32  best_local_cost=15552136.99  best_local_viol=4157420869.2163
[Run 18 | Iter 69] iter_best: cost=10926506.85  viol=4161555370.2208  obj=4161566296727.68 | best_so_far: cost=15552136.99  viol=4157420869.2163  obj=4157436421353.32
[Run 18 | Iter 70] iter_best: cost=10576452.05  viol=4161529792.1908  obj=4161540368642.88 | best_so_far: cost=15552136.99  viol=4157420869.2163  obj=4157436421353.32
[Run 18 | Iter 71] iter_best: cost=13551863.01  viol=4159147384.2308  obj=4159160936093.84 | best_so_far: cost=15552136.99  viol=4157420869.2163  obj=4157436421353.32
[Run 18 | Iter 72] iter_best: cost=10576452.05  viol=4161529792.1908  obj=4161540368642.88 | best_so_far: cost=15552136.99  viol=4157420869.2163  obj=4157436421353.32
[Run 18 | Iter 73] iter_best: cost=13201808.22  viol=4159121806.1908  obj=4159135007999.05 | best_so_far: cost=15552136.99  viol=4157420869.2163  obj=4157436421353.32
[Run 18 | Iter 74] iter_best: cost=13501863.01  viol=4159562113.2808  obj=4159575615143.84 | best_so_far: cost=15552136.99  viol=4157420869.2163  obj=4157436421353.32
[Run 18 | Iter 75] iter_best: cost=12526726.03  viol=4160218006.1908  obj=4160230532916.86 | best_so_far: cost=15552136.99  viol=4157420869.2163  obj=4157436421353.32
[Run 18 | Iter 76] iter_best: cost=15827164.38  viol=4156713820.1908  obj=4156729647355.21 | best_so_far: cost=15827164.38  viol=4156713820.1908  obj=4156729647355.21
[Run 18 | FE 2304] best_local_obj=4155660050492.20  best_local_cost=16852301.37  best_local_viol=4155643198.1908
[Run 18 | Iter 77] iter_best: cost=16852301.37  viol=4155643198.1908  obj=4155660050492.20 | best_so_far: cost=16852301.37  viol=4155643198.1908  obj=4155660050492.20
[Run 18 | Iter 78] iter_best: cost=11201534.25  viol=4160848321.1908  obj=4160859522725.08 | best_so_far: cost=16852301.37  viol=4155643198.1908  obj=4155660050492.20
[Run 18 | Iter 79] iter_best: cost=13501863.01  viol=4159562113.1608  obj=4159575615023.84 | best_so_far: cost=16852301.37  viol=4155643198.1908  obj=4155660050492.20
[Run 18 | Iter 80] iter_best: cost=14126945.21  viol=4158880642.1908  obj=4158894769136.03 | best_so_far: cost=16852301.37  viol=4155643198.1908  obj=4155660050492.20
[Run 18 | Iter 81] iter_best: cost=12226671.23  viol=4159777699.1508  obj=4159789925822.06 | best_so_far: cost=16852301.37  viol=4155643198.1908  obj=4155660050492.20
[Run 18 | Iter 82] iter_best: cost=15202082.19  viol=4157395291.0798  obj=4157410493162.02 | best_so_far: cost=16852301.37  viol=4155643198.1908  obj=4155660050492.20
[Run 18 | Iter 83] iter_best: cost=14226945.21  viol=4158051184.1908  obj=4158065411136.03 | best_so_far: cost=16852301.37  viol=4155643198.1908  obj=4155660050492.20
[Run 18 | Iter 84] iter_best: cost=11251534.25  viol=4160433592.1908  obj=4160444843725.08 | best_so_far: cost=16852301.37  viol=4155643198.1908  obj=4155660050492.20
[Run 18 | Iter 85] iter_best: cost=13801917.81  viol=4160002420.2808  obj=4160016222198.64 | best_so_far: cost=16852301.37  viol=4155643198.1908  obj=4155660050492.20
[Run 18 | FE 2560] best_local_obj=4155660050492.20  best_local_cost=16852301.37  best_local_viol=4155643198.1908
[Run 18 | Iter 86] iter_best: cost=12876780.82  viol=4160243584.1928  obj=4160256460973.65 | best_so_far: cost=16852301.37  viol=4155643198.1908  obj=4155660050492.20
[Run 18 | Iter 87] iter_best: cost=12526726.03  viol=4160218006.1908  obj=4160230532916.86 | best_so_far: cost=16852301.37  viol=4155643198.1908  obj=4155660050492.20
[Run 18 | Iter 88] iter_best: cost=11551589.04  viol=4160873899.1908  obj=4160885450779.87 | best_so_far: cost=16852301.37  viol=4155643198.1908  obj=4155660050492.20
[Run 18 | Iter 89] iter_best: cost=11901643.84  viol=4160899477.2608  obj=4160911378904.66 | best_so_far: cost=16852301.37  viol=4155643198.1908  obj=4155660050492.20
[Run 18 | Iter 90] iter_best: cost=11201534.25  viol=4160848321.1908  obj=4160859522725.08 | best_so_far: cost=16852301.37  viol=4155643198.1908  obj=4155660050492.20
[Run 18 | Iter 91] iter_best: cost=15252082.19  viol=4156980562.1908  obj=4156995814273.02 | best_so_far: cost=16852301.37  viol=4155643198.1908  obj=4155660050492.20
[Run 18 | Iter 92] iter_best: cost=13501863.01  viol=4159562113.1908  obj=4159575615053.84 | best_so_far: cost=16852301.37  viol=4155643198.1908  obj=4155660050492.20
[Run 18 | Iter 93] iter_best: cost=10576452.05  viol=4161529792.1868  obj=4161540368638.88 | best_so_far: cost=16852301.37  viol=4155643198.1908  obj=4155660050492.20
[Run 18 | FE 2816] best_local_obj=4155660050492.20  best_local_cost=16852301.37  best_local_viol=4155643198.1908
[Run 18 | Iter 94] iter_best: cost=13876890.41  viol=4158025606.1908  obj=4158039483081.24 | best_so_far: cost=16852301.37  viol=4155643198.1908  obj=4155660050492.20
[Run 18 | Iter 95] iter_best: cost=11551589.04  viol=4160873899.1908  obj=4160885450779.87 | best_so_far: cost=16852301.37  viol=4155643198.1908  obj=4155660050492.20
[Run 18 | Iter 96] iter_best: cost=14527000.00  viol=4158491491.1908  obj=4158506018190.83 | best_so_far: cost=16852301.37  viol=4155643198.1908  obj=4155660050492.20
[Run 18 | Iter 97] iter_best: cost=13201808.22  viol=4159121806.1908  obj=4159135007999.05 | best_so_far: cost=16852301.37  viol=4155643198.1908  obj=4155660050492.20
[Run 18 | Iter 98] iter_best: cost=9551315.07  viol=4162600414.1708  obj=4162609965485.90 | best_so_far: cost=16852301.37  viol=4155643198.1908  obj=4155660050492.20
[Run 18 | Iter 99] iter_best: cost=11551589.04  viol=4160873899.1908  obj=4160885450779.87 | best_so_far: cost=16852301.37  viol=4155643198.1908  obj=4155660050492.20
[Run 18 | Iter 100] iter_best: cost=10526452.05  viol=4161944521.2208  obj=4161955047672.88 | best_so_far: cost=16852301.37  viol=4155643198.1908  obj=4155660050492.20
[Run 18 | Iter 101] iter_best: cost=12476726.03  viol=4160632735.1908  obj=4160645211916.86 | best_so_far: cost=16852301.37  viol=4155643198.1908  obj=4155660050492.20
[Run 18 | Iter 102] iter_best: cost=13201808.22  viol=4159121806.1908  obj=4159135007999.05 | best_so_far: cost=16852301.37  viol=4155643198.1908  obj=4155660050492.20
[Run 18 | FE 3072] best_local_obj=4155660050492.20  best_local_cost=16852301.37  best_local_viol=4155643198.1908
[Run 18 | Iter 103] iter_best: cost=14226945.21  viol=4158051184.1508  obj=4158065411096.03 | best_so_far: cost=16852301.37  viol=4155643198.1908  obj=4155660050492.20
[Run 18 | Iter 104] iter_best: cost=11251534.25  viol=4160433592.1908  obj=4160444843725.08 | best_so_far: cost=16852301.37  viol=4155643198.1908  obj=4155660050492.20
[Run 18 | Iter 105] iter_best: cost=13201808.22  viol=4159121806.1908  obj=4159135007999.05 | best_so_far: cost=16852301.37  viol=4155643198.1908  obj=4155660050492.20
[Run 18 | Iter 106] iter_best: cost=11601589.04  viol=4160459170.1908  obj=4160470771779.87 | best_so_far: cost=16852301.37  viol=4155643198.1908  obj=4155660050492.20
[Run 18 | Iter 107] iter_best: cost=14226945.21  viol=4158051184.2208  obj=4158065411166.03 | best_so_far: cost=16852301.37  viol=4155643198.1908  obj=4155660050492.20
[Run 18 | Iter 108] iter_best: cost=12526726.03  viol=4160218006.1908  obj=4160230532916.86 | best_so_far: cost=16852301.37  viol=4155643198.1908  obj=4155660050492.20
[Run 18 | Iter 109] iter_best: cost=11551589.04  viol=4160873899.1708  obj=4160885450759.87 | best_so_far: cost=16852301.37  viol=4155643198.1908  obj=4155660050492.20
[Run 18 | Iter 110] iter_best: cost=12226671.23  viol=4159777699.1208  obj=4159789925792.06 | best_so_far: cost=16852301.37  viol=4155643198.1908  obj=4155660050492.20
[Run 18 | FE 3328] best_local_obj=4155660050492.20  best_local_cost=16852301.37  best_local_viol=4155643198.1908
[Run 18 | Iter 111] iter_best: cost=13201808.22  viol=4159121806.1908  obj=4159135007999.05 | best_so_far: cost=16852301.37  viol=4155643198.1908  obj=4155660050492.20
[Run 18 | Iter 112] iter_best: cost=12876780.82  viol=4160243584.1908  obj=4160256460971.65 | best_so_far: cost=16852301.37  viol=4155643198.1908  obj=4155660050492.20
[Run 18 | Iter 113] iter_best: cost=13151808.22  viol=4159536535.2208  obj=4159549687029.05 | best_so_far: cost=16852301.37  viol=4155643198.1908  obj=4155660050492.20
[Run 18 | Iter 114] iter_best: cost=13151808.22  viol=4159536535.2208  obj=4159549687029.05 | best_so_far: cost=16852301.37  viol=4155643198.1908  obj=4155660050492.20
[Run 18 | Iter 115] iter_best: cost=12576726.03  viol=4159803277.1908  obj=4159815853916.86 | best_so_far: cost=16852301.37  viol=4155643198.1908  obj=4155660050492.20
[Run 18 | Iter 116] iter_best: cost=9601315.07  viol=4162185685.1908  obj=4162195286505.90 | best_so_far: cost=16852301.37  viol=4155643198.1908  obj=4155660050492.20
[Run 18 | Iter 117] iter_best: cost=10226397.26  viol=4161504214.1908  obj=4161514440588.09 | best_so_far: cost=16852301.37  viol=4155643198.1908  obj=4155660050492.20
[Run 18 | Iter 118] iter_best: cost=14276945.21  viol=4157636455.1508  obj=4157650732096.03 | best_so_far: cost=16852301.37  viol=4155643198.1908  obj=4155660050492.20
[Run 18 | Iter 119] iter_best: cost=12476726.03  viol=4160632735.1908  obj=4160645211916.86 | best_so_far: cost=16852301.37  viol=4155643198.1908  obj=4155660050492.20
[Run 18 | FE 3584] best_local_obj=4155660050492.20  best_local_cost=16852301.37  best_local_viol=4155643198.1908
[Run 18 | Iter 120] iter_best: cost=15827164.38  viol=4156713820.2208  obj=4156729647385.21 | best_so_far: cost=16852301.37  viol=4155643198.1908  obj=4155660050492.20
[Run 18 | Iter 121] iter_best: cost=10276397.26  viol=4161089485.1908  obj=4161099761588.09 | best_so_far: cost=16852301.37  viol=4155643198.1908  obj=4155660050492.20
[Run 18 | Iter 122] iter_best: cost=13151808.22  viol=4159536535.2348  obj=4159549687043.05 | best_so_far: cost=16852301.37  viol=4155643198.1908  obj=4155660050492.20
[Run 18 | Iter 123] iter_best: cost=12226671.23  viol=4159777699.1408  obj=4159789925812.06 | best_so_far: cost=16852301.37  viol=4155643198.1908  obj=4155660050492.20
[Run 18 | Iter 124] iter_best: cost=12526726.03  viol=4160218006.1908  obj=4160230532916.86 | best_so_far: cost=16852301.37  viol=4155643198.1908  obj=4155660050492.20
[Run 18 | Iter 125] iter_best: cost=12876780.82  viol=4160243584.1908  obj=4160256460971.65 | best_so_far: cost=16852301.37  viol=4155643198.1908  obj=4155660050492.20
[Run 18 | Iter 126] iter_best: cost=8626178.08  viol=4162841578.1908  obj=4162850204368.91 | best_so_far: cost=16852301.37  viol=4155643198.1908  obj=4155660050492.20
[Run 18 | Iter 127] iter_best: cost=13201808.22  viol=4159121806.1908  obj=4159135007999.05 | best_so_far: cost=16852301.37  viol=4155643198.1908  obj=4155660050492.20
[Run 18 | FE 3840] best_local_obj=4155660050492.20  best_local_cost=16852301.37  best_local_viol=4155643198.1908
[Run 18 | Iter 128] iter_best: cost=11551589.04  viol=4160873899.1908  obj=4160885450779.87 | best_so_far: cost=16852301.37  viol=4155643198.1908  obj=4155660050492.20
[Run 18 | Iter 129] iter_best: cost=10526452.05  viol=4161944521.2208  obj=4161955047672.88 | best_so_far: cost=16852301.37  viol=4155643198.1908  obj=4155660050492.20
[Run 18 | Iter 130] iter_best: cost=11201534.25  viol=4160848321.1908  obj=4160859522725.08 | best_so_far: cost=16852301.37  viol=4155643198.1908  obj=4155660050492.20
[Run 18 | Iter 131] iter_best: cost=13201808.22  viol=4159121806.2008  obj=4159135008009.05 | best_so_far: cost=16852301.37  viol=4155643198.1908  obj=4155660050492.20
[Run 18 | Iter 132] iter_best: cost=10226397.26  viol=4161504214.1908  obj=4161514440588.09 | best_so_far: cost=16852301.37  viol=4155643198.1908  obj=4155660050492.20
[Run 18 | Iter 133] iter_best: cost=12526726.03  viol=4160218006.1908  obj=4160230532916.86 | best_so_far: cost=16852301.37  viol=4155643198.1908  obj=4155660050492.20
[Run 18 | Iter 134] iter_best: cost=15152082.19  viol=4157810020.2208  obj=4157825172303.02 | best_so_far: cost=16852301.37  viol=4155643198.1908  obj=4155660050492.20
[Run 18 | Iter 135] iter_best: cost=12176671.23  viol=4160192428.1608  obj=4160204604832.06 | best_so_far: cost=16852301.37  viol=4155643198.1908  obj=4155660050492.20
[Run 18 | Iter 136] iter_best: cost=13551863.01  viol=4159147384.2208  obj=4159160936083.84 | best_so_far: cost=16852301.37  viol=4155643198.1908  obj=4155660050492.20
[Run 18 | FE 4096] best_local_obj=4155660050492.20  best_local_cost=16852301.37  best_local_viol=4155643198.1908
[Run 18 | Iter 137] iter_best: cost=10626452.05  viol=4161115063.2208  obj=4161125689672.88 | best_so_far: cost=16852301.37  viol=4155643198.1908  obj=4155660050492.20
[Run 18 | Iter 138] iter_best: cost=12426726.03  viol=4161047464.2432  obj=4161059890969.26 | best_so_far: cost=16852301.37  viol=4155643198.1908  obj=4155660050492.20
[Run 18 | Iter 139] iter_best: cost=11501589.04  viol=4161288628.1908  obj=4161300129779.87 | best_so_far: cost=16852301.37  viol=4155643198.1908  obj=4155660050492.20
[Run 18 | Iter 140] iter_best: cost=14852027.40  viol=4157369713.1868  obj=4157384565214.23 | best_so_far: cost=16852301.37  viol=4155643198.1908  obj=4155660050492.20
[Run 18 | Iter 141] iter_best: cost=11201534.25  viol=4160848321.1908  obj=4160859522725.08 | best_so_far: cost=16852301.37  viol=4155643198.1908  obj=4155660050492.20
[Run 18 | Iter 142] iter_best: cost=15202082.19  viol=4157395291.2208  obj=4157410493303.02 | best_so_far: cost=16852301.37  viol=4155643198.1908  obj=4155660050492.20
[Run 18 | Iter 143] iter_best: cost=9551315.07  viol=4162600414.1908  obj=4162609965505.90 | best_so_far: cost=16852301.37  viol=4155643198.1908  obj=4155660050492.20
[Run 18 | Iter 144] iter_best: cost=15202082.19  viol=4157395291.2208  obj=4157410493303.02 | best_so_far: cost=16852301.37  viol=4155643198.1908  obj=4155660050492.20
[Run 18 | Iter 145] iter_best: cost=12476726.03  viol=4160632735.1908  obj=4160645211916.86 | best_so_far: cost=16852301.37  viol=4155643198.1908  obj=4155660050492.20
[Run 18 | FE 4352] best_local_obj=4155660050492.20  best_local_cost=16852301.37  best_local_viol=4155643198.1908
[Run 18 | Iter 146] iter_best: cost=14427000.00  viol=4159320949.1208  obj=4159335376120.83 | best_so_far: cost=16852301.37  viol=4155643198.1908  obj=4155660050492.20
[Run 18 | Iter 147] iter_best: cost=10576452.05  viol=4161529792.1908  obj=4161540368642.88 | best_so_far: cost=16852301.37  viol=4155643198.1908  obj=4155660050492.20
[Run 18 | Iter 148] iter_best: cost=13551863.01  viol=4159147384.2008  obj=4159160936063.84 | best_so_far: cost=16852301.37  viol=4155643198.1908  obj=4155660050492.20
[Run 18 | Iter 149] iter_best: cost=11251534.25  viol=4160433592.1908  obj=4160444843725.08 | best_so_far: cost=16852301.37  viol=4155643198.1908  obj=4155660050492.20
[Run 18 | Iter 150] iter_best: cost=13451863.01  viol=4159976842.1608  obj=4159990294023.84 | best_so_far: cost=16852301.37  viol=4155643198.1908  obj=4155660050492.20
[Run 18 | Iter 151] iter_best: cost=14226945.21  viol=4158051184.1708  obj=4158065411116.03 | best_so_far: cost=16852301.37  viol=4155643198.1908  obj=4155660050492.20
[Run 18 | Iter 152] iter_best: cost=11501589.04  viol=4161288628.1758  obj=4161300129764.87 | best_so_far: cost=16852301.37  viol=4155643198.1908  obj=4155660050492.20
[Run 18 | Iter 153] iter_best: cost=12576726.03  viol=4159803277.1908  obj=4159815853916.86 | best_so_far: cost=16852301.37  viol=4155643198.1908  obj=4155660050492.20
[Run 18 | FE 4608] best_local_obj=4155660050492.20  best_local_cost=16852301.37  best_local_viol=4155643198.1908
[Run 18 | Iter 154] iter_best: cost=16127219.18  viol=4157154127.1908  obj=4157170254410.01 | best_so_far: cost=16852301.37  viol=4155643198.1908  obj=4155660050492.20
[Run 18 | Iter 155] iter_best: cost=14176945.21  viol=4158465913.1908  obj=4158480090136.03 | best_so_far: cost=16852301.37  viol=4155643198.1908  obj=4155660050492.20
[Run 18 | Iter 156] iter_best: cost=13201808.22  viol=4159121806.1908  obj=4159135007999.05 | best_so_far: cost=16852301.37  viol=4155643198.1908  obj=4155660050492.20
[Run 18 | Iter 157] iter_best: cost=11951643.84  viol=4160484748.1908  obj=4160496699834.66 | best_so_far: cost=16852301.37  viol=4155643198.1908  obj=4155660050492.20
[Run 18 | Iter 158] iter_best: cost=14902027.40  viol=4156954984.1908  obj=4156969886218.23 | best_so_far: cost=16852301.37  viol=4155643198.1908  obj=4155660050492.20
[Run 18 | Iter 159] iter_best: cost=11201534.25  viol=4160848321.1908  obj=4160859522725.08 | best_so_far: cost=16852301.37  viol=4155643198.1908  obj=4155660050492.20
[Run 18 | Iter 160] iter_best: cost=11251534.25  viol=4160433592.1908  obj=4160444843725.08 | best_so_far: cost=16852301.37  viol=4155643198.1908  obj=4155660050492.20
[Run 18 | Iter 161] iter_best: cost=13251808.22  viol=4158707077.1908  obj=4158720328999.05 | best_so_far: cost=16852301.37  viol=4155643198.1908  obj=4155660050492.20
[Run 18 | Iter 162] iter_best: cost=13801917.81  viol=4160002420.1708  obj=4160016222088.64 | best_so_far: cost=16852301.37  viol=4155643198.1908  obj=4155660050492.20
[Run 18 | FE 4864] best_local_obj=4155660050492.20  best_local_cost=16852301.37  best_local_viol=4155643198.1908
[Run 18 | Iter 163] iter_best: cost=10826506.85  viol=4162384828.1908  obj=4162395654697.68 | best_so_far: cost=16852301.37  viol=4155643198.1908  obj=4155660050492.20
[Run 18 | Iter 164] iter_best: cost=13151808.22  viol=4159536535.1908  obj=4159549686999.05 | best_so_far: cost=16852301.37  viol=4155643198.1908  obj=4155660050492.20
[Run 18 | Iter 165] iter_best: cost=12176671.23  viol=4160192428.1908  obj=4160204604862.06 | best_so_far: cost=16852301.37  viol=4155643198.1908  obj=4155660050492.20
[Run 18 | Iter 166] iter_best: cost=16277219.18  viol=4155909940.1908  obj=4155926217410.01 | best_so_far: cost=16852301.37  viol=4155643198.1908  obj=4155660050492.20
[Run 18 | Iter 167] iter_best: cost=14226945.21  viol=4158051184.1708  obj=4158065411116.03 | best_so_far: cost=16852301.37  viol=4155643198.1908  obj=4155660050492.20
[Run 18 | Iter 168] iter_best: cost=12226671.23  viol=4159777699.1908  obj=4159789925862.06 | best_so_far: cost=16852301.37  viol=4155643198.1908  obj=4155660050492.20
[Run 18 | Iter 169] iter_best: cost=10526452.05  viol=4161944521.2208  obj=4161955047672.88 | best_so_far: cost=16852301.37  viol=4155643198.1908  obj=4155660050492.20
[Run 18 | Iter 170] iter_best: cost=11551589.04  viol=4160873899.1908  obj=4160885450779.87 | best_so_far: cost=16852301.37  viol=4155643198.1908  obj=4155660050492.20
[Run 18 | FE 5120] best_local_obj=4155660050492.20  best_local_cost=16852301.37  best_local_viol=4155643198.1908
[Run 18 | Iter 171] iter_best: cost=13151808.22  viol=4159536535.1908  obj=4159549686999.05 | best_so_far: cost=16852301.37  viol=4155643198.1908  obj=4155660050492.20
[Run 18 | Iter 172] iter_best: cost=14176945.21  viol=4158465913.1908  obj=4158480090136.03 | best_so_far: cost=16852301.37  viol=4155643198.1908  obj=4155660050492.20
[Run 18 | Iter 173] iter_best: cost=14427000.00  viol=4159320949.2008  obj=4159335376200.83 | best_so_far: cost=16852301.37  viol=4155643198.1908  obj=4155660050492.20
[Run 18 | Iter 174] iter_best: cost=15202082.19  viol=4157395291.1708  obj=4157410493253.02 | best_so_far: cost=16852301.37  viol=4155643198.1908  obj=4155660050492.20
[Run 18 | Iter 175] iter_best: cost=13151808.22  viol=4159536535.1908  obj=4159549686999.05 | best_so_far: cost=16852301.37  viol=4155643198.1908  obj=4155660050492.20
[Run 18 | Iter 176] iter_best: cost=10876506.85  viol=4161970099.1508  obj=4161980975657.68 | best_so_far: cost=16852301.37  viol=4155643198.1908  obj=4155660050492.20
[Run 18 | Iter 177] iter_best: cost=16427273.97  viol=4157594434.2208  obj=4157610861494.80 | best_so_far: cost=16852301.37  viol=4155643198.1908  obj=4155660050492.20
[Run 18 | Iter 178] iter_best: cost=12476726.03  viol=4160632735.1908  obj=4160645211916.86 | best_so_far: cost=16852301.37  viol=4155643198.1908  obj=4155660050492.20
[Run 18 | Iter 179] iter_best: cost=13501863.01  viol=4159562113.1789  obj=4159575615041.94 | best_so_far: cost=16852301.37  viol=4155643198.1908  obj=4155660050492.20
[Run 18 | FE 5376] best_local_obj=4155660050492.20  best_local_cost=16852301.37  best_local_viol=4155643198.1908
[Run 18 | Iter 180] iter_best: cost=11501589.04  viol=4161288628.1908  obj=4161300129779.87 | best_so_far: cost=16852301.37  viol=4155643198.1908  obj=4155660050492.20
[Run 18 | Iter 181] iter_best: cost=14577000.00  viol=4158076762.1908  obj=4158091339190.83 | best_so_far: cost=16852301.37  viol=4155643198.1908  obj=4155660050492.20
[Run 18 | Iter 182] iter_best: cost=15552136.99  viol=4157420869.1908  obj=4157436421327.81 | best_so_far: cost=16852301.37  viol=4155643198.1908  obj=4155660050492.20
[Run 18 | Iter 183] iter_best: cost=12176671.23  viol=4160192428.1908  obj=4160204604862.06 | best_so_far: cost=16852301.37  viol=4155643198.1908  obj=4155660050492.20
[Run 18 | Iter 184] iter_best: cost=13201808.22  viol=4159121806.1908  obj=4159135007999.05 | best_so_far: cost=16852301.37  viol=4155643198.1908  obj=4155660050492.20
[Run 18 | Iter 185] iter_best: cost=13251808.22  viol=4158707077.2208  obj=4158720329029.05 | best_so_far: cost=16852301.37  viol=4155643198.1908  obj=4155660050492.20
[Run 18 | Iter 186] iter_best: cost=13251808.22  viol=4158707077.1908  obj=4158720328999.05 | best_so_far: cost=16852301.37  viol=4155643198.1908  obj=4155660050492.20
[Run 18 | Iter 187] iter_best: cost=12276671.23  viol=4159362970.1908  obj=4159375246862.06 | best_so_far: cost=16852301.37  viol=4155643198.1908  obj=4155660050492.20
[Run 18 | FE 5632] best_local_obj=4155660050492.20  best_local_cost=16852301.37  best_local_viol=4155643198.1908
[Run 18 | Iter 188] iter_best: cost=16852301.37  viol=4155643198.1908  obj=4155660050492.20 | best_so_far: cost=16852301.37  viol=4155643198.1908  obj=4155660050492.20
[Run 18 | Iter 189] iter_best: cost=11901643.84  viol=4160899477.2208  obj=4160911378864.66 | best_so_far: cost=16852301.37  viol=4155643198.1908  obj=4155660050492.20
[Run 18 | Iter 190] iter_best: cost=12226671.23  viol=4159777699.1908  obj=4159789925862.06 | best_so_far: cost=16852301.37  viol=4155643198.1908  obj=4155660050492.20
[Run 18 | Iter 191] iter_best: cost=13801917.81  viol=4160002420.1908  obj=4160016222108.64 | best_so_far: cost=16852301.37  viol=4155643198.1908  obj=4155660050492.20
[Run 18 | Iter 192] iter_best: cost=11201534.25  viol=4160848321.1908  obj=4160859522725.08 | best_so_far: cost=16852301.37  viol=4155643198.1908  obj=4155660050492.20
[Run 18 | Iter 193] iter_best: cost=15202082.19  viol=4157395291.1948  obj=4157410493277.02 | best_so_far: cost=16852301.37  viol=4155643198.1908  obj=4155660050492.20
[Run 18 | Iter 194] iter_best: cost=12576726.03  viol=4159803277.1908  obj=4159815853916.86 | best_so_far: cost=16852301.37  viol=4155643198.1908  obj=4155660050492.20
[Run 18 | Iter 195] iter_best: cost=13501863.01  viol=4159562113.1908  obj=4159575615053.84 | best_so_far: cost=16852301.37  viol=4155643198.1908  obj=4155660050492.20
[Run 18 | Iter 196] iter_best: cost=11551589.04  viol=4160873899.1908  obj=4160885450779.87 | best_so_far: cost=16852301.37  viol=4155643198.1908  obj=4155660050492.20
[Run 18 | FE 5888] best_local_obj=4155660050492.20  best_local_cost=16852301.37  best_local_viol=4155643198.1908
[Run 18 | Iter 197] iter_best: cost=14226945.21  viol=4158051184.1708  obj=4158065411116.03 | best_so_far: cost=16852301.37  viol=4155643198.1908  obj=4155660050492.20
[Run 18 | Iter 198] iter_best: cost=10626452.05  viol=4161115063.1908  obj=4161125689642.88 | best_so_far: cost=16852301.37  viol=4155643198.1908  obj=4155660050492.20
[Run 18 | Iter 199] iter_best: cost=12476726.03  viol=4160632735.1908  obj=4160645211916.86 | best_so_far: cost=16852301.37  viol=4155643198.1908  obj=4155660050492.20
[Run 18 | Iter 200] iter_best: cost=14226945.21  viol=4158051184.1908  obj=4158065411136.03 | best_so_far: cost=16852301.37  viol=4155643198.1908  obj=4155660050492.20
[Run 18 | Iter 201] iter_best: cost=12576726.03  viol=4159803277.1908  obj=4159815853916.86 | best_so_far: cost=16852301.37  viol=4155643198.1908  obj=4155660050492.20
[Run 18 | Iter 202] iter_best: cost=13601863.01  viol=4158732655.1908  obj=4158746257053.84 | best_so_far: cost=16852301.37  viol=4155643198.1908  obj=4155660050492.20
[Run 18 | Iter 203] iter_best: cost=10526452.05  viol=4161944521.1908  obj=4161955047642.88 | best_so_far: cost=16852301.37  viol=4155643198.1908  obj=4155660050492.20
[Run 18 | Iter 204] iter_best: cost=10526452.05  viol=4161944521.1908  obj=4161955047642.88 | best_so_far: cost=16852301.37  viol=4155643198.1908  obj=4155660050492.20
[Run 18 | FE 6144] best_local_obj=4155660050492.20  best_local_cost=16852301.37  best_local_viol=4155643198.1908
[Run 18 | Iter 205] iter_best: cost=12226671.23  viol=4159777699.1908  obj=4159789925862.06 | best_so_far: cost=16852301.37  viol=4155643198.1908  obj=4155660050492.20
[Run 18 | Iter 206] iter_best: cost=11201534.25  viol=4160848321.2208  obj=4160859522755.08 | best_so_far: cost=16852301.37  viol=4155643198.1908  obj=4155660050492.20
[Run 18 | Iter 207] iter_best: cost=16552246.58  viol=4155202891.1908  obj=4155219443437.40 | best_so_far: cost=16552246.58  viol=4155202891.1908  obj=4155219443437.40
[Run 18 | Iter 208] iter_best: cost=12176671.23  viol=4160192428.1908  obj=4160204604862.06 | best_so_far: cost=16552246.58  viol=4155202891.1908  obj=4155219443437.40
[Run 18 | Iter 209] iter_best: cost=12526726.03  viol=4160218006.1608  obj=4160230532886.86 | best_so_far: cost=16552246.58  viol=4155202891.1908  obj=4155219443437.40
[Run 18 | Iter 210] iter_best: cost=12476726.03  viol=4160632735.2308  obj=4160645211956.86 | best_so_far: cost=16552246.58  viol=4155202891.1908  obj=4155219443437.40
[Run 18 | Iter 211] iter_best: cost=11251534.25  viol=4160433592.1908  obj=4160444843725.08 | best_so_far: cost=16552246.58  viol=4155202891.1908  obj=4155219443437.40
[Run 18 | Iter 212] iter_best: cost=11501589.04  viol=4161288628.1908  obj=4161300129779.87 | best_so_far: cost=16552246.58  viol=4155202891.1908  obj=4155219443437.40
[Run 18 | Iter 213] iter_best: cost=11551589.04  viol=4160873899.2208  obj=4160885450809.87 | best_so_far: cost=16552246.58  viol=4155202891.1908  obj=4155219443437.40
[Run 18 | FE 6400] best_local_obj=4155219443437.40  best_local_cost=16552246.58  best_local_viol=4155202891.1908
[Run 18 | Iter 214] iter_best: cost=14176945.21  viol=4158465913.1908  obj=4158480090136.03 | best_so_far: cost=16552246.58  viol=4155202891.1908  obj=4155219443437.40
[Run 18 | Iter 215] iter_best: cost=12926780.82  viol=4159828855.2208  obj=4159841782001.65 | best_so_far: cost=16552246.58  viol=4155202891.1908  obj=4155219443437.40
[Run 18 | Iter 216] iter_best: cost=10926506.85  viol=4161555370.2208  obj=4161566296727.68 | best_so_far: cost=16552246.58  viol=4155202891.1908  obj=4155219443437.40
[Run 18 | Iter 217] iter_best: cost=11551589.04  viol=4160873899.1508  obj=4160885450739.87 | best_so_far: cost=16552246.58  viol=4155202891.1908  obj=4155219443437.40
[Run 18 | Iter 218] iter_best: cost=13201808.22  viol=4159121806.1908  obj=4159135007999.05 | best_so_far: cost=16552246.58  viol=4155202891.1908  obj=4155219443437.40
[Run 18 | Iter 219] iter_best: cost=13151808.22  viol=4159536535.1908  obj=4159549686999.05 | best_so_far: cost=16552246.58  viol=4155202891.1908  obj=4155219443437.40
[Run 18 | Iter 220] iter_best: cost=12476726.03  viol=4160632735.2208  obj=4160645211946.86 | best_so_far: cost=16552246.58  viol=4155202891.1908  obj=4155219443437.40
[Run 18 | Iter 221] iter_best: cost=11551589.04  viol=4160873899.1908  obj=4160885450779.87 | best_so_far: cost=16552246.58  viol=4155202891.1908  obj=4155219443437.40
[Run 18 | FE 6656] best_local_obj=4155219443437.40  best_local_cost=16552246.58  best_local_viol=4155202891.1908
[Run 18 | Iter 222] iter_best: cost=12576726.03  viol=4159803277.1908  obj=4159815853916.86 | best_so_far: cost=16552246.58  viol=4155202891.1908  obj=4155219443437.40
[Run 18 | Iter 223] iter_best: cost=13451863.01  viol=4159976842.1908  obj=4159990294053.84 | best_so_far: cost=16552246.58  viol=4155202891.1908  obj=4155219443437.40
[Run 18 | Iter 224] iter_best: cost=15152082.19  viol=4157810020.1908  obj=4157825172273.02 | best_so_far: cost=16552246.58  viol=4155202891.1908  obj=4155219443437.40
[Run 18 | Iter 225] iter_best: cost=12226671.23  viol=4159777699.1908  obj=4159789925862.06 | best_so_far: cost=16552246.58  viol=4155202891.1908  obj=4155219443437.40
[Run 18 | Iter 226] iter_best: cost=11801643.84  viol=4161728935.1908  obj=4161740736834.66 | best_so_far: cost=16552246.58  viol=4155202891.1908  obj=4155219443437.40
[Run 18 | Iter 227] iter_best: cost=11501589.04  viol=4161288628.1908  obj=4161300129779.87 | best_so_far: cost=16552246.58  viol=4155202891.1908  obj=4155219443437.40
[Run 18 | Iter 228] iter_best: cost=11251534.25  viol=4160433592.1071  obj=4160444843641.40 | best_so_far: cost=16552246.58  viol=4155202891.1908  obj=4155219443437.40
[Run 18 | Iter 229] iter_best: cost=13876890.41  viol=4158025606.1908  obj=4158039483081.24 | best_so_far: cost=16552246.58  viol=4155202891.1908  obj=4155219443437.40
[Run 18 | Iter 230] iter_best: cost=11551589.04  viol=4160873899.2208  obj=4160885450809.87 | best_so_far: cost=16552246.58  viol=4155202891.1908  obj=4155219443437.40
[Run 18 | FE 6912] best_local_obj=4155219443437.40  best_local_cost=16552246.58  best_local_viol=4155202891.1908
[Run 18 | Iter 231] iter_best: cost=13151808.22  viol=4159536535.1908  obj=4159549686999.05 | best_so_far: cost=16552246.58  viol=4155202891.1908  obj=4155219443437.40
[Run 18 | Iter 232] iter_best: cost=11801643.84  viol=4161728935.1508  obj=4161740736794.66 | best_so_far: cost=16552246.58  viol=4155202891.1908  obj=4155219443437.40
[Run 18 | Iter 233] iter_best: cost=14226945.21  viol=4158051184.1908  obj=4158065411136.03 | best_so_far: cost=16552246.58  viol=4155202891.1908  obj=4155219443437.40
[Run 18 | Iter 234] iter_best: cost=10526452.05  viol=4161944521.1858  obj=4161955047637.88 | best_so_far: cost=16552246.58  viol=4155202891.1908  obj=4155219443437.40
[Run 18 | Iter 235] iter_best: cost=14176945.21  viol=4158465913.1908  obj=4158480090136.03 | best_so_far: cost=16552246.58  viol=4155202891.1908  obj=4155219443437.40
[Run 18 | Iter 236] iter_best: cost=12526726.03  viol=4160218006.2208  obj=4160230532946.86 | best_so_far: cost=16552246.58  viol=4155202891.1908  obj=4155219443437.40
[Run 18 | Iter 237] iter_best: cost=11201534.25  viol=4160848321.1908  obj=4160859522725.08 | best_so_far: cost=16552246.58  viol=4155202891.1908  obj=4155219443437.40
[Run 18 | Iter 238] iter_best: cost=13551863.01  viol=4159147384.1908  obj=4159160936053.84 | best_so_far: cost=16552246.58  viol=4155202891.1908  obj=4155219443437.40
[Run 18 | FE 7168] best_local_obj=4155219443437.40  best_local_cost=16552246.58  best_local_viol=4155202891.1908
[Run 18 | Iter 239] iter_best: cost=13251808.22  viol=4158707077.2208  obj=4158720329029.05 | best_so_far: cost=16552246.58  viol=4155202891.1908  obj=4155219443437.40
[Run 18 | Iter 240] iter_best: cost=13201808.22  viol=4159121806.1908  obj=4159135007999.05 | best_so_far: cost=16552246.58  viol=4155202891.1908  obj=4155219443437.40
[Run 18 | Iter 241] iter_best: cost=12901753.42  viol=4158681499.1908  obj=4158694400944.25 | best_so_far: cost=16552246.58  viol=4155202891.1908  obj=4155219443437.40
[Run 18 | Iter 242] iter_best: cost=11926616.44  viol=4159337392.1908  obj=4159349318807.27 | best_so_far: cost=16552246.58  viol=4155202891.1908  obj=4155219443437.40
[Run 18 | Iter 243] iter_best: cost=9551315.07  viol=4162600414.1908  obj=4162609965505.90 | best_so_far: cost=16552246.58  viol=4155202891.1908  obj=4155219443437.40
[Run 18 | Iter 244] iter_best: cost=15552136.99  viol=4157420869.1608  obj=4157436421297.81 | best_so_far: cost=16552246.58  viol=4155202891.1908  obj=4155219443437.40
[Run 18 | Iter 245] iter_best: cost=14176945.21  viol=4158465913.1908  obj=4158480090136.03 | best_so_far: cost=16552246.58  viol=4155202891.1908  obj=4155219443437.40
[Run 18 | Iter 246] iter_best: cost=16177219.18  viol=4156739398.1908  obj=4156755575410.01 | best_so_far: cost=16552246.58  viol=4155202891.1908  obj=4155219443437.40
[Run 18 | Iter 247] iter_best: cost=12226671.23  viol=4159777699.1908  obj=4159789925862.06 | best_so_far: cost=16552246.58  viol=4155202891.1908  obj=4155219443437.40
[Run 18 | FE 7424] best_local_obj=4155219443437.40  best_local_cost=16552246.58  best_local_viol=4155202891.1908
[Run 18 | Iter 248] iter_best: cost=11551589.04  viol=4160873899.1908  obj=4160885450779.87 | best_so_far: cost=16552246.58  viol=4155202891.1908  obj=4155219443437.40
[Run 18 | Iter 249] iter_best: cost=11851643.84  viol=4161314206.2108  obj=4161326057854.66 | best_so_far: cost=16552246.58  viol=4155202891.1908  obj=4155219443437.40
[Run 18 | Iter 250] iter_best: cost=10526452.05  viol=4161944521.1908  obj=4161955047642.88 | best_so_far: cost=16552246.58  viol=4155202891.1908  obj=4155219443437.40
[Run 18 | Iter 251] iter_best: cost=10626452.05  viol=4161115063.1908  obj=4161125689642.88 | best_so_far: cost=16552246.58  viol=4155202891.1908  obj=4155219443437.40
[Run 18 | Iter 252] iter_best: cost=11926616.44  viol=4159337392.1908  obj=4159349318807.27 | best_so_far: cost=16552246.58  viol=4155202891.1908  obj=4155219443437.40
[Run 18 | Iter 253] iter_best: cost=14852027.40  viol=4157369713.1908  obj=4157384565218.23 | best_so_far: cost=16552246.58  viol=4155202891.1908  obj=4155219443437.40
[Run 18 | Iter 254] iter_best: cost=13501863.01  viol=4159562113.1908  obj=4159575615053.84 | best_so_far: cost=16552246.58  viol=4155202891.1908  obj=4155219443437.40
[Run 18 | Iter 255] iter_best: cost=13201808.22  viol=4159121806.1508  obj=4159135007959.05 | best_so_far: cost=16552246.58  viol=4155202891.1908  obj=4155219443437.40
[Run 18 | FE 7680] best_local_obj=4155219443437.40  best_local_cost=16552246.58  best_local_viol=4155202891.1908
[Run 18 | Iter 256] iter_best: cost=14176945.21  viol=4158465913.2208  obj=4158480090166.03 | best_so_far: cost=16552246.58  viol=4155202891.1908  obj=4155219443437.40
[Run 18 | Iter 257] iter_best: cost=10576452.05  viol=4161529792.1908  obj=4161540368642.88 | best_so_far: cost=16552246.58  viol=4155202891.1908  obj=4155219443437.40
[Run 18 | Iter 258] iter_best: cost=11501589.04  viol=4161288628.1918  obj=4161300129780.87 | best_so_far: cost=16552246.58  viol=4155202891.1908  obj=4155219443437.40
[Run 18 | Iter 259] iter_best: cost=12176671.23  viol=4160192428.2308  obj=4160204604902.06 | best_so_far: cost=16552246.58  viol=4155202891.1908  obj=4155219443437.40
[Run 18 | Iter 260] iter_best: cost=11501589.04  viol=4161288628.1908  obj=4161300129779.87 | best_so_far: cost=16552246.58  viol=4155202891.1908  obj=4155219443437.40
[Run 18 | Iter 261] iter_best: cost=11501589.04  viol=4161288628.2208  obj=4161300129809.87 | best_so_far: cost=16552246.58  viol=4155202891.1908  obj=4155219443437.40
[Run 18 | Iter 262] iter_best: cost=11201534.25  viol=4160848321.2308  obj=4160859522765.08 | best_so_far: cost=16552246.58  viol=4155202891.1908  obj=4155219443437.40
[Run 18 | Iter 263] iter_best: cost=16177219.18  viol=4156739398.0808  obj=4156755575300.01 | best_so_far: cost=16552246.58  viol=4155202891.1908  obj=4155219443437.40
[Run 18 | Iter 264] iter_best: cost=9601315.07  viol=4162185685.2208  obj=4162195286535.90 | best_so_far: cost=16552246.58  viol=4155202891.1908  obj=4155219443437.40
[Run 18 | FE 7936] best_local_obj=4155219443437.40  best_local_cost=16552246.58  best_local_viol=4155202891.1908
[Run 18 | Iter 265] iter_best: cost=11201534.25  viol=4160848321.1908  obj=4160859522725.08 | best_so_far: cost=16552246.58  viol=4155202891.1908  obj=4155219443437.40
[Run 18 | Iter 266] iter_best: cost=14176945.21  viol=4158465913.1908  obj=4158480090136.03 | best_so_far: cost=16552246.58  viol=4155202891.1908  obj=4155219443437.40
[Run 18 | Iter 267] iter_best: cost=11551589.04  viol=4160873899.2208  obj=4160885450809.87 | best_so_far: cost=16552246.58  viol=4155202891.1908  obj=4155219443437.40
[Run 18 | Iter 268] iter_best: cost=13251808.22  viol=4158707077.1908  obj=4158720328999.05 | best_so_far: cost=16552246.58  viol=4155202891.1908  obj=4155219443437.40
[Run 18 | Iter 269] iter_best: cost=11501589.04  viol=4161288628.1908  obj=4161300129779.87 | best_so_far: cost=16552246.58  viol=4155202891.1908  obj=4155219443437.40
[Run 18 | Iter 270] iter_best: cost=11851643.84  viol=4161314206.2208  obj=4161326057864.66 | best_so_far: cost=16552246.58  viol=4155202891.1908  obj=4155219443437.40
[Run 18 | Iter 271] iter_best: cost=13551863.01  viol=4159147384.1908  obj=4159160936053.84 | best_so_far: cost=16552246.58  viol=4155202891.1908  obj=4155219443437.40
[Run 18 | Iter 272] iter_best: cost=10226397.26  viol=4161504214.1908  obj=4161514440588.09 | best_so_far: cost=16552246.58  viol=4155202891.1908  obj=4155219443437.40
[Run 18 | Iter 273] iter_best: cost=13501863.01  viol=4159562113.1868  obj=4159575615049.84 | best_so_far: cost=16552246.58  viol=4155202891.1908  obj=4155219443437.40
[Run 18 | FE 8192] best_local_obj=4155219443437.40  best_local_cost=16552246.58  best_local_viol=4155202891.1908
[Run 18 | Iter 274] iter_best: cost=14226945.21  viol=4158051184.1908  obj=4158065411136.03 | best_so_far: cost=16552246.58  viol=4155202891.1908  obj=4155219443437.40
[Run 18 | Iter 275] iter_best: cost=14226945.21  viol=4158051184.1908  obj=4158065411136.03 | best_so_far: cost=16552246.58  viol=4155202891.1908  obj=4155219443437.40
[Run 18 | Iter 276] iter_best: cost=16227219.18  viol=4156324669.2208  obj=4156340896440.01 | best_so_far: cost=16552246.58  viol=4155202891.1908  obj=4155219443437.40
[Run 18 | Iter 277] iter_best: cost=12476726.03  viol=4160632735.2208  obj=4160645211946.86 | best_so_far: cost=16552246.58  viol=4155202891.1908  obj=4155219443437.40
[Run 18 | Iter 278] iter_best: cost=12526726.03  viol=4160218006.1908  obj=4160230532916.86 | best_so_far: cost=16552246.58  viol=4155202891.1908  obj=4155219443437.40
[Run 18 | Iter 279] iter_best: cost=11251534.25  viol=4160433592.1908  obj=4160444843725.08 | best_so_far: cost=16552246.58  viol=4155202891.1908  obj=4155219443437.40
[Run 18 | Iter 280] iter_best: cost=10576452.05  viol=4161529792.1908  obj=4161540368642.88 | best_so_far: cost=16552246.58  viol=4155202891.1908  obj=4155219443437.40
[Run 18 | Iter 281] iter_best: cost=15252082.19  viol=4156980562.1908  obj=4156995814273.02 | best_so_far: cost=16552246.58  viol=4155202891.1908  obj=4155219443437.40
[Run 18 | FE 8448] best_local_obj=4155219443437.40  best_local_cost=16552246.58  best_local_viol=4155202891.1908
[Run 18 | Iter 282] iter_best: cost=15152082.19  viol=4157810020.2208  obj=4157825172303.02 | best_so_far: cost=16552246.58  viol=4155202891.1908  obj=4155219443437.40
[Run 18 | Iter 283] iter_best: cost=13201808.22  viol=4159121806.1908  obj=4159135007999.05 | best_so_far: cost=16552246.58  viol=4155202891.1908  obj=4155219443437.40
[Run 18 | Iter 284] iter_best: cost=11601589.04  viol=4160459170.2208  obj=4160470771809.87 | best_so_far: cost=16552246.58  viol=4155202891.1908  obj=4155219443437.40
[Run 18 | Iter 285] iter_best: cost=10876506.85  viol=4161970099.2008  obj=4161980975707.68 | best_so_far: cost=16552246.58  viol=4155202891.1908  obj=4155219443437.40
[Run 18 | Iter 286] iter_best: cost=10226397.26  viol=4161504214.1908  obj=4161514440588.09 | best_so_far: cost=16552246.58  viol=4155202891.1908  obj=4155219443437.40
[Run 18 | Iter 287] iter_best: cost=14176945.21  viol=4158465913.2308  obj=4158480090176.03 | best_so_far: cost=16552246.58  viol=4155202891.1908  obj=4155219443437.40
[Run 18 | Iter 288] iter_best: cost=10926506.85  viol=4161555370.2208  obj=4161566296727.68 | best_so_far: cost=16552246.58  viol=4155202891.1908  obj=4155219443437.40
[Run 18 | Iter 289] iter_best: cost=14226945.21  viol=4158051184.2018  obj=4158065411147.03 | best_so_far: cost=16552246.58  viol=4155202891.1908  obj=4155219443437.40
[Run 18 | Iter 290] iter_best: cost=13451863.01  viol=4159976842.2208  obj=4159990294083.84 | best_so_far: cost=16552246.58  viol=4155202891.1908  obj=4155219443437.40
[Run 18 | FE 8704] best_local_obj=4155219443437.40  best_local_cost=16552246.58  best_local_viol=4155202891.1908
[Run 18 | Iter 291] iter_best: cost=15502136.99  viol=4157835598.2308  obj=4157851100367.81 | best_so_far: cost=16552246.58  viol=4155202891.1908  obj=4155219443437.40
[Run 18 | Iter 292] iter_best: cost=17827438.36  viol=4154987305.1908  obj=4155005132629.18 | best_so_far: cost=17827438.36  viol=4154987305.1908  obj=4155005132629.18
[Run 18 | Iter 293] iter_best: cost=13851917.81  viol=4159587691.1808  obj=4159601543098.64 | best_so_far: cost=17827438.36  viol=4154987305.1908  obj=4155005132629.18
[Run 18 | Iter 294] iter_best: cost=14176945.21  viol=4158465913.1908  obj=4158480090136.03 | best_so_far: cost=17827438.36  viol=4154987305.1908  obj=4155005132629.18
[Run 18 | Iter 295] iter_best: cost=11901643.84  viol=4160899477.1908  obj=4160911378834.66 | best_so_far: cost=17827438.36  viol=4154987305.1908  obj=4155005132629.18
[Run 18 | Iter 296] iter_best: cost=10576452.05  viol=4161529792.1908  obj=4161540368642.88 | best_so_far: cost=17827438.36  viol=4154987305.1908  obj=4155005132629.18
[Run 18 | Iter 297] iter_best: cost=12526726.03  viol=4160218006.1908  obj=4160230532916.86 | best_so_far: cost=17827438.36  viol=4154987305.1908  obj=4155005132629.18
[Run 18 | Iter 298] iter_best: cost=12226671.23  viol=4159777699.1908  obj=4159789925862.06 | best_so_far: cost=17827438.36  viol=4154987305.1908  obj=4155005132629.18
[Run 18 | FE 8960] best_local_obj=4155005132629.18  best_local_cost=17827438.36  best_local_viol=4154987305.1908
[Run 18 | Iter 299] iter_best: cost=14176945.21  viol=4158465913.3038  obj=4158480090249.03 | best_so_far: cost=17827438.36  viol=4154987305.1908  obj=4155005132629.18
[Run 18 | Iter 300] iter_best: cost=11251534.25  viol=4160433592.1908  obj=4160444843725.08 | best_so_far: cost=17827438.36  viol=4154987305.1908  obj=4155005132629.18
[Run 18 | Iter 301] iter_best: cost=12226671.23  viol=4159777699.1908  obj=4159789925862.06 | best_so_far: cost=17827438.36  viol=4154987305.1908  obj=4155005132629.18
[Run 18 | Iter 302] iter_best: cost=15152082.19  viol=4157810020.1908  obj=4157825172273.02 | best_so_far: cost=17827438.36  viol=4154987305.1908  obj=4155005132629.18
[Run 18 | Iter 303] iter_best: cost=13251808.22  viol=4158707077.1908  obj=4158720328999.05 | best_so_far: cost=17827438.36  viol=4154987305.1908  obj=4155005132629.18
[Run 18 | Iter 304] iter_best: cost=10576452.05  viol=4161529792.1908  obj=4161540368642.88 | best_so_far: cost=17827438.36  viol=4154987305.1908  obj=4155005132629.18
[Run 18 | Iter 305] iter_best: cost=13501863.01  viol=4159562113.1908  obj=4159575615053.84 | best_so_far: cost=17827438.36  viol=4154987305.1908  obj=4155005132629.18
[Run 18 | Iter 306] iter_best: cost=13251808.22  viol=4158707077.1908  obj=4158720328999.05 | best_so_far: cost=17827438.36  viol=4154987305.1908  obj=4155005132629.18
[Run 18 | Iter 307] iter_best: cost=15502136.99  viol=4157835598.2208  obj=4157851100357.82 | best_so_far: cost=17827438.36  viol=4154987305.1908  obj=4155005132629.18
[Run 18 | FE 9216] best_local_obj=4155005132629.18  best_local_cost=17827438.36  best_local_viol=4154987305.1908
[Run 18 | Iter 308] iter_best: cost=13201808.22  viol=4159121806.1908  obj=4159135007999.05 | best_so_far: cost=17827438.36  viol=4154987305.1908  obj=4155005132629.18
[Run 18 | Iter 309] iter_best: cost=11551589.04  viol=4160873899.2208  obj=4160885450809.87 | best_so_far: cost=17827438.36  viol=4154987305.1908  obj=4155005132629.18
[Run 18 | Iter 310] iter_best: cost=15202082.19  viol=4157395291.2208  obj=4157410493303.02 | best_so_far: cost=17827438.36  viol=4154987305.1908  obj=4155005132629.18
[Run 18 | Iter 311] iter_best: cost=13251808.22  viol=4158707077.1908  obj=4158720328999.05 | best_so_far: cost=17827438.36  viol=4154987305.1908  obj=4155005132629.18
[Run 18 | Iter 312] iter_best: cost=11501589.04  viol=4161288628.1308  obj=4161300129719.87 | best_so_far: cost=17827438.36  viol=4154987305.1908  obj=4155005132629.18
[Run 18 | Iter 313] iter_best: cost=11551589.04  viol=4160873899.1908  obj=4160885450779.87 | best_so_far: cost=17827438.36  viol=4154987305.1908  obj=4155005132629.18
[Run 18 | Iter 314] iter_best: cost=13201808.22  viol=4159121806.1908  obj=4159135007999.05 | best_so_far: cost=17827438.36  viol=4154987305.1908  obj=4155005132629.18
[Run 18 | Iter 315] iter_best: cost=10576452.05  viol=4161529792.1908  obj=4161540368642.88 | best_so_far: cost=17827438.36  viol=4154987305.1908  obj=4155005132629.18
[Run 18 | FE 9472] best_local_obj=4155005132629.18  best_local_cost=17827438.36  best_local_viol=4154987305.1908
[Run 18 | Iter 316] iter_best: cost=11601589.04  viol=4160459170.1908  obj=4160470771779.87 | best_so_far: cost=17827438.36  viol=4154987305.1908  obj=4155005132629.18
[Run 18 | Iter 317] iter_best: cost=12526726.03  viol=4160218006.1908  obj=4160230532916.86 | best_so_far: cost=17827438.36  viol=4154987305.1908  obj=4155005132629.18
[Run 18 | Iter 318] iter_best: cost=12576726.03  viol=4159803277.1908  obj=4159815853916.86 | best_so_far: cost=17827438.36  viol=4154987305.1908  obj=4155005132629.18
[Run 18 | Iter 319] iter_best: cost=11901643.84  viol=4160899477.1908  obj=4160911378834.66 | best_so_far: cost=17827438.36  viol=4154987305.1908  obj=4155005132629.18
[Run 18 | Iter 320] iter_best: cost=13151808.22  viol=4159536535.1908  obj=4159549686999.05 | best_so_far: cost=17827438.36  viol=4154987305.1908  obj=4155005132629.18
[Run 18 | Iter 321] iter_best: cost=12176671.23  viol=4160192428.1908  obj=4160204604862.06 | best_so_far: cost=17827438.36  viol=4154987305.1908  obj=4155005132629.18
[Run 18 | Iter 322] iter_best: cost=14427000.00  viol=4159320949.1508  obj=4159335376150.83 | best_so_far: cost=17827438.36  viol=4154987305.1908  obj=4155005132629.18
[Run 18 | Iter 323] iter_best: cost=12226671.23  viol=4159777699.1908  obj=4159789925862.06 | best_so_far: cost=17827438.36  viol=4154987305.1908  obj=4155005132629.18
[Run 18 | Iter 324] iter_best: cost=11901643.84  viol=4160899477.1908  obj=4160911378834.66 | best_so_far: cost=17827438.36  viol=4154987305.1908  obj=4155005132629.18
[Run 18 | FE 9728] best_local_obj=4155005132629.18  best_local_cost=17827438.36  best_local_viol=4154987305.1908
[Run 18 | Iter 325] iter_best: cost=13201808.22  viol=4159121806.1908  obj=4159135007999.05 | best_so_far: cost=17827438.36  viol=4154987305.1908  obj=4155005132629.18
[Run 18 | Iter 326] iter_best: cost=12576726.03  viol=4159803277.1908  obj=4159815853916.86 | best_so_far: cost=17827438.36  viol=4154987305.1908  obj=4155005132629.18
[Run 18 | Iter 327] iter_best: cost=14477000.00  viol=4158906220.1908  obj=4158920697190.83 | best_so_far: cost=17827438.36  viol=4154987305.1908  obj=4155005132629.18
[Run 18 | Iter 328] iter_best: cost=11551589.04  viol=4160873899.1908  obj=4160885450779.87 | best_so_far: cost=17827438.36  viol=4154987305.1908  obj=4155005132629.18
[Run 18 | Iter 329] iter_best: cost=12276671.23  viol=4159362970.1908  obj=4159375246862.06 | best_so_far: cost=17827438.36  viol=4154987305.1908  obj=4155005132629.18
[Run 18 | Iter 330] iter_best: cost=15152082.19  viol=4157810020.1608  obj=4157825172243.02 | best_so_far: cost=17827438.36  viol=4154987305.1908  obj=4155005132629.18
[Run 18 | Iter 331] iter_best: cost=12176671.23  viol=4160192428.1908  obj=4160204604862.06 | best_so_far: cost=17827438.36  viol=4154987305.1908  obj=4155005132629.18
[Run 18 | Iter 332] iter_best: cost=16177219.18  viol=4156739398.1908  obj=4156755575410.01 | best_so_far: cost=17827438.36  viol=4154987305.1908  obj=4155005132629.18
[Run 18 | FE 9984] best_local_obj=4155005132629.18  best_local_cost=17827438.36  best_local_viol=4154987305.1908
[Run 18 | Iter 333] iter_best: cost=10526452.05  viol=4161944521.1908  obj=4161955047642.88 | best_so_far: cost=17827438.36  viol=4154987305.1908  obj=4155005132629.18
[Run 18 | Iter 334] iter_best: cost=13201808.22  viol=4159121806.1908  obj=4159135007999.05 | best_so_far: cost=17827438.36  viol=4154987305.1908  obj=4155005132629.18
[Run 18 | Iter 335] iter_best: cost=14627000.00  viol=4157662033.2008  obj=4157676660200.83 | best_so_far: cost=17827438.36  viol=4154987305.1908  obj=4155005132629.18
[Run 18 | Iter 336] iter_best: cost=13501863.01  viol=4159562113.2208  obj=4159575615083.84 | best_so_far: cost=17827438.36  viol=4154987305.1908  obj=4155005132629.18
[Run 18 | Iter 337] iter_best: cost=13151808.22  viol=4159536535.1908  obj=4159549686999.05 | best_so_far: cost=17827438.36  viol=4154987305.1908  obj=4155005132629.18
[Run 18 | Iter 338] iter_best: cost=10576452.05  viol=4161529792.1908  obj=4161540368642.88 | best_so_far: cost=17827438.36  viol=4154987305.1908  obj=4155005132629.18
[Run 18 | Iter 339] iter_best: cost=13201808.22  viol=4159121806.1908  obj=4159135007999.05 | best_so_far: cost=17827438.36  viol=4154987305.1908  obj=4155005132629.18
[Run 18 | Iter 340] iter_best: cost=12226671.23  viol=4159777699.1908  obj=4159789925862.06 | best_so_far: cost=17827438.36  viol=4154987305.1908  obj=4155005132629.18
[Run 18 | Iter 341] iter_best: cost=14427000.00  viol=4159320949.2008  obj=4159335376200.83 | best_so_far: cost=17827438.36  viol=4154987305.1908  obj=4155005132629.18
[Run 18 | FE 10240] best_local_obj=4155005132629.18  best_local_cost=17827438.36  best_local_viol=4154987305.1908
[Run 18 | Iter 342] iter_best: cost=11801643.84  viol=4161728935.1508  obj=4161740736794.66 | best_so_far: cost=17827438.36  viol=4154987305.1908  obj=4155005132629.18
[Run 18 | Iter 343] iter_best: cost=10926506.85  viol=4161555370.1908  obj=4161566296697.68 | best_so_far: cost=17827438.36  viol=4154987305.1908  obj=4155005132629.18
[Run 18 | Iter 344] iter_best: cost=12276671.23  viol=4159362970.1908  obj=4159375246862.06 | best_so_far: cost=17827438.36  viol=4154987305.1908  obj=4155005132629.18
[Run 18 | Iter 345] iter_best: cost=15152082.19  viol=4157810020.1908  obj=4157825172273.02 | best_so_far: cost=17827438.36  viol=4154987305.1908  obj=4155005132629.18
[Run 18 | Iter 346] iter_best: cost=11901643.84  viol=4160899477.1908  obj=4160911378834.66 | best_so_far: cost=17827438.36  viol=4154987305.1908  obj=4155005132629.18
[Run 18 | Iter 347] iter_best: cost=10526452.05  viol=4161944521.2208  obj=4161955047672.88 | best_so_far: cost=17827438.36  viol=4154987305.1908  obj=4155005132629.18
[Run 18 | Iter 348] iter_best: cost=12226671.23  viol=4159777699.1908  obj=4159789925862.06 | best_so_far: cost=17827438.36  viol=4154987305.1908  obj=4155005132629.18
[Run 18 | Iter 349] iter_best: cost=13251808.22  viol=4158707077.1908  obj=4158720328999.05 | best_so_far: cost=17827438.36  viol=4154987305.1908  obj=4155005132629.18
[Run 18 | FE 10496] best_local_obj=4155005132629.18  best_local_cost=17827438.36  best_local_viol=4154987305.1908
[Run 18 | Iter 350] iter_best: cost=13501863.01  viol=4159562113.2008  obj=4159575615063.84 | best_so_far: cost=17827438.36  viol=4154987305.1908  obj=4155005132629.18
[Run 18 | Iter 351] iter_best: cost=10226397.26  viol=4161504214.1908  obj=4161514440588.09 | best_so_far: cost=17827438.36  viol=4154987305.1908  obj=4155005132629.18
[Run 18 | Iter 352] iter_best: cost=12526726.03  viol=4160218006.2208  obj=4160230532946.86 | best_so_far: cost=17827438.36  viol=4154987305.1908  obj=4155005132629.18
[Run 18 | Iter 353] iter_best: cost=16127219.18  viol=4157154127.1908  obj=4157170254410.01 | best_so_far: cost=17827438.36  viol=4154987305.1908  obj=4155005132629.18
[Run 18 | Iter 354] iter_best: cost=12226671.23  viol=4159777699.1898  obj=4159789925861.06 | best_so_far: cost=17827438.36  viol=4154987305.1908  obj=4155005132629.18
[Run 18 | Iter 355] iter_best: cost=13501863.01  viol=4159562113.1908  obj=4159575615053.84 | best_so_far: cost=17827438.36  viol=4154987305.1908  obj=4155005132629.18
[Run 18 | Iter 356] iter_best: cost=10526452.05  viol=4161944521.1908  obj=4161955047642.88 | best_so_far: cost=17827438.36  viol=4154987305.1908  obj=4155005132629.18
[Run 18 | Iter 357] iter_best: cost=12226671.23  viol=4159777699.1908  obj=4159789925862.06 | best_so_far: cost=17827438.36  viol=4154987305.1908  obj=4155005132629.18
[Run 18 | Iter 358] iter_best: cost=11501589.04  viol=4161288628.1908  obj=4161300129779.87 | best_so_far: cost=17827438.36  viol=4154987305.1908  obj=4155005132629.18
[Run 18 | FE 10752] best_local_obj=4155005132629.18  best_local_cost=17827438.36  best_local_viol=4154987305.1908
[Run 18 | Iter 359] iter_best: cost=14176945.21  viol=4158465913.1908  obj=4158480090136.03 | best_so_far: cost=17827438.36  viol=4154987305.1908  obj=4155005132629.18
[Run 18 | Iter 360] iter_best: cost=12576726.03  viol=4159803277.2208  obj=4159815853946.86 | best_so_far: cost=17827438.36  viol=4154987305.1908  obj=4155005132629.18
[Run 18 | Iter 361] iter_best: cost=11601589.04  viol=4160459170.2808  obj=4160470771869.87 | best_so_far: cost=17827438.36  viol=4154987305.1908  obj=4155005132629.18
[Run 18 | Iter 362] iter_best: cost=15502136.99  viol=4157835598.0738  obj=4157851100210.82 | best_so_far: cost=17827438.36  viol=4154987305.1908  obj=4155005132629.18
[Run 18 | Iter 363] iter_best: cost=11201534.25  viol=4160848321.1908  obj=4160859522725.08 | best_so_far: cost=17827438.36  viol=4154987305.1908  obj=4155005132629.18
[Run 18 | Iter 364] iter_best: cost=11601589.04  viol=4160459170.1908  obj=4160470771779.87 | best_so_far: cost=17827438.36  viol=4154987305.1908  obj=4155005132629.18
[Run 18 | Iter 365] iter_best: cost=12476726.03  viol=4160632735.1984  obj=4160645211924.46 | best_so_far: cost=17827438.36  viol=4154987305.1908  obj=4155005132629.18
[Run 18 | Iter 366] iter_best: cost=12526726.03  viol=4160218006.2248  obj=4160230532950.86 | best_so_far: cost=17827438.36  viol=4154987305.1908  obj=4155005132629.18
[Run 18 | FE 11008] best_local_obj=4155005132629.18  best_local_cost=17827438.36  best_local_viol=4154987305.1908
[Run 18 | Iter 367] iter_best: cost=13451863.01  viol=4159976842.1908  obj=4159990294053.84 | best_so_far: cost=17827438.36  viol=4154987305.1908  obj=4155005132629.18
[Run 18 | Iter 368] iter_best: cost=10476452.05  viol=4162359250.1908  obj=4162369726642.88 | best_so_far: cost=17827438.36  viol=4154987305.1908  obj=4155005132629.18
[Run 18 | Iter 369] iter_best: cost=12176671.23  viol=4160192428.1908  obj=4160204604862.06 | best_so_far: cost=17827438.36  viol=4154987305.1908  obj=4155005132629.18
[Run 18 | Iter 370] iter_best: cost=11551589.04  viol=4160873899.1908  obj=4160885450779.87 | best_so_far: cost=17827438.36  viol=4154987305.1908  obj=4155005132629.18
[Run 18 | Iter 371] iter_best: cost=12576726.03  viol=4159803277.1908  obj=4159815853916.86 | best_so_far: cost=17827438.36  viol=4154987305.1908  obj=4155005132629.18
[Run 18 | Iter 372] iter_best: cost=12476726.03  viol=4160632735.1808  obj=4160645211906.86 | best_so_far: cost=17827438.36  viol=4154987305.1908  obj=4155005132629.18
[Run 18 | Iter 373] iter_best: cost=13151808.22  viol=4159536535.2208  obj=4159549687029.05 | best_so_far: cost=17827438.36  viol=4154987305.1908  obj=4155005132629.18
[Run 18 | Iter 374] iter_best: cost=13201808.22  viol=4159121806.2008  obj=4159135008009.05 | best_so_far: cost=17827438.36  viol=4154987305.1908  obj=4155005132629.18
[Run 18 | Iter 375] iter_best: cost=11851643.84  viol=4161314206.2208  obj=4161326057864.67 | best_so_far: cost=17827438.36  viol=4154987305.1908  obj=4155005132629.18
[Run 18 | FE 11264] best_local_obj=4155005132629.18  best_local_cost=17827438.36  best_local_viol=4154987305.1908
[Run 18 | Iter 376] iter_best: cost=13201808.22  viol=4159121806.2208  obj=4159135008029.05 | best_so_far: cost=17827438.36  viol=4154987305.1908  obj=4155005132629.18
[Run 18 | Iter 377] iter_best: cost=10576452.05  viol=4161529792.1908  obj=4161540368642.88 | best_so_far: cost=17827438.36  viol=4154987305.1908  obj=4155005132629.18
[Run 18 | Iter 378] iter_best: cost=14226945.21  viol=4158051184.1908  obj=4158065411136.03 | best_so_far: cost=17827438.36  viol=4154987305.1908  obj=4155005132629.18
[Run 18 | Iter 379] iter_best: cost=14527000.00  viol=4158491491.1908  obj=4158506018190.83 | best_so_far: cost=17827438.36  viol=4154987305.1908  obj=4155005132629.18
[Run 18 | Iter 380] iter_best: cost=14877054.79  viol=4158517069.1908  obj=4158531946245.62 | best_so_far: cost=17827438.36  viol=4154987305.1908  obj=4155005132629.18
[Run 18 | Iter 381] iter_best: cost=12576726.03  viol=4159803277.2708  obj=4159815853996.86 | best_so_far: cost=17827438.36  viol=4154987305.1908  obj=4155005132629.18
[Run 18 | Iter 382] iter_best: cost=13201808.22  viol=4159121806.1908  obj=4159135007999.05 | best_so_far: cost=17827438.36  viol=4154987305.1908  obj=4155005132629.18
[Run 18 | Iter 383] iter_best: cost=13551863.01  viol=4159147384.1308  obj=4159160935993.84 | best_so_far: cost=17827438.36  viol=4154987305.1908  obj=4155005132629.18
[Run 18 | FE 11520] best_local_obj=4155005132629.18  best_local_cost=17827438.36  best_local_viol=4154987305.1908
[Run 18 | Iter 384] iter_best: cost=10576452.05  viol=4161529792.1908  obj=4161540368642.88 | best_so_far: cost=17827438.36  viol=4154987305.1908  obj=4155005132629.18
[Run 18 | Iter 385] iter_best: cost=12576726.03  viol=4159803277.2208  obj=4159815853946.86 | best_so_far: cost=17827438.36  viol=4154987305.1908  obj=4155005132629.18
[Run 18 | Iter 386] iter_best: cost=12226671.23  viol=4159777699.2108  obj=4159789925882.06 | best_so_far: cost=17827438.36  viol=4154987305.1908  obj=4155005132629.18
[Run 18 | Iter 387] iter_best: cost=11501589.04  viol=4161288628.1908  obj=4161300129779.87 | best_so_far: cost=17827438.36  viol=4154987305.1908  obj=4155005132629.18
[Run 18 | Iter 388] iter_best: cost=12476726.03  viol=4160632735.1408  obj=4160645211866.86 | best_so_far: cost=17827438.36  viol=4154987305.1908  obj=4155005132629.18
[Run 18 | Iter 389] iter_best: cost=13151808.22  viol=4159536535.1908  obj=4159549686999.05 | best_so_far: cost=17827438.36  viol=4154987305.1908  obj=4155005132629.18
[Run 18 | Iter 390] iter_best: cost=12826780.82  viol=4160658313.1908  obj=4160671139971.65 | best_so_far: cost=17827438.36  viol=4154987305.1908  obj=4155005132629.18
[Run 18 | Iter 391] iter_best: cost=12226671.23  viol=4159777699.1908  obj=4159789925862.06 | best_so_far: cost=17827438.36  viol=4154987305.1908  obj=4155005132629.18
[Run 18 | Iter 392] iter_best: cost=11551589.04  viol=4160873899.2208  obj=4160885450809.87 | best_so_far: cost=17827438.36  viol=4154987305.1908  obj=4155005132629.18
[Run 18 | FE 11776] best_local_obj=4155005132629.18  best_local_cost=17827438.36  best_local_viol=4154987305.1908
[Run 18 | Iter 393] iter_best: cost=12176671.23  viol=4160192428.2208  obj=4160204604892.06 | best_so_far: cost=17827438.36  viol=4154987305.1908  obj=4155005132629.18
[Run 18 | Iter 394] iter_best: cost=13151808.22  viol=4159536535.1928  obj=4159549687001.05 | best_so_far: cost=17827438.36  viol=4154987305.1908  obj=4155005132629.18
[Run 18 | Iter 395] iter_best: cost=11901643.84  viol=4160899477.1908  obj=4160911378834.66 | best_so_far: cost=17827438.36  viol=4154987305.1908  obj=4155005132629.18
[Run 18 | Iter 396] iter_best: cost=13551863.01  viol=4159147384.1908  obj=4159160936053.84 | best_so_far: cost=17827438.36  viol=4154987305.1908  obj=4155005132629.18
[Run 18 | Iter 397] iter_best: cost=10526452.05  viol=4161944521.1908  obj=4161955047642.88 | best_so_far: cost=17827438.36  viol=4154987305.1908  obj=4155005132629.18
[Run 18 | Iter 398] iter_best: cost=10576452.05  viol=4161529792.1908  obj=4161540368642.88 | best_so_far: cost=17827438.36  viol=4154987305.1908  obj=4155005132629.18
[Run 18 | Iter 399] iter_best: cost=11251534.25  viol=4160433592.1908  obj=4160444843725.08 | best_so_far: cost=17827438.36  viol=4154987305.1908  obj=4155005132629.18
[Run 18 | Iter 400] iter_best: cost=10226397.26  viol=4161504214.1908  obj=4161514440588.09 | best_so_far: cost=17827438.36  viol=4154987305.1908  obj=4155005132629.18
[Run 18 | Iter 401] iter_best: cost=10476452.05  viol=4162359250.1908  obj=4162369726642.88 | best_so_far: cost=17827438.36  viol=4154987305.1908  obj=4155005132629.18
[Run 18 | FE 12032] best_local_obj=4155005132629.18  best_local_cost=17827438.36  best_local_viol=4154987305.1908
[Run 18 | Iter 402] iter_best: cost=13926890.41  viol=4157610877.1908  obj=4157624804081.24 | best_so_far: cost=17827438.36  viol=4154987305.1908  obj=4155005132629.18
[Run 18 | Iter 403] iter_best: cost=11601589.04  viol=4160459170.1908  obj=4160470771779.87 | best_so_far: cost=17827438.36  viol=4154987305.1908  obj=4155005132629.18
[Run 18 | Iter 404] iter_best: cost=10576452.05  viol=4161529792.1908  obj=4161540368642.88 | best_so_far: cost=17827438.36  viol=4154987305.1908  obj=4155005132629.18
[Run 18 | Iter 405] iter_best: cost=10576452.05  viol=4161529792.1908  obj=4161540368642.88 | best_so_far: cost=17827438.36  viol=4154987305.1908  obj=4155005132629.18
[Run 18 | Iter 406] iter_best: cost=14276945.21  viol=4157636455.1908  obj=4157650732136.03 | best_so_far: cost=17827438.36  viol=4154987305.1908  obj=4155005132629.18
[Run 18 | Iter 407] iter_best: cost=14226945.21  viol=4158051184.2208  obj=4158065411166.03 | best_so_far: cost=17827438.36  viol=4154987305.1908  obj=4155005132629.18
[Run 18 | Iter 408] iter_best: cost=11501589.04  viol=4161288628.1908  obj=4161300129779.87 | best_so_far: cost=17827438.36  viol=4154987305.1908  obj=4155005132629.18
[Run 18 | Iter 409] iter_best: cost=13451863.01  viol=4159976842.2008  obj=4159990294063.84 | best_so_far: cost=17827438.36  viol=4154987305.1908  obj=4155005132629.18
[Run 18 | FE 12288] best_local_obj=4155005132629.18  best_local_cost=17827438.36  best_local_viol=4154987305.1908
[Run 18 | Iter 410] iter_best: cost=13201808.22  viol=4159121806.1908  obj=4159135007999.05 | best_so_far: cost=17827438.36  viol=4154987305.1908  obj=4155005132629.18
[Run 18 | Iter 411] iter_best: cost=12526726.03  viol=4160218006.1908  obj=4160230532916.86 | best_so_far: cost=17827438.36  viol=4154987305.1908  obj=4155005132629.18
[Run 18 | Iter 412] iter_best: cost=12476726.03  viol=4160632735.1908  obj=4160645211916.86 | best_so_far: cost=17827438.36  viol=4154987305.1908  obj=4155005132629.18
[Run 18 | Iter 413] iter_best: cost=13151808.22  viol=4159536535.2208  obj=4159549687029.05 | best_so_far: cost=17827438.36  viol=4154987305.1908  obj=4155005132629.18
[Run 18 | Iter 414] iter_best: cost=10526452.05  viol=4161944521.2208  obj=4161955047672.88 | best_so_far: cost=17827438.36  viol=4154987305.1908  obj=4155005132629.18
[Run 18 | Iter 415] iter_best: cost=12226671.23  viol=4159777699.1908  obj=4159789925862.06 | best_so_far: cost=17827438.36  viol=4154987305.1908  obj=4155005132629.18
[Run 18 | Iter 416] iter_best: cost=14176945.21  viol=4158465913.2208  obj=4158480090166.03 | best_so_far: cost=17827438.36  viol=4154987305.1908  obj=4155005132629.18
[Run 18 | Iter 417] iter_best: cost=13551863.01  viol=4159147384.1908  obj=4159160936053.84 | best_so_far: cost=17827438.36  viol=4154987305.1908  obj=4155005132629.18
[Run 18 | Iter 418] iter_best: cost=12476726.03  viol=4160632735.1908  obj=4160645211916.86 | best_so_far: cost=17827438.36  viol=4154987305.1908  obj=4155005132629.18
[Run 18 | FE 12544] best_local_obj=4155005132629.18  best_local_cost=17827438.36  best_local_viol=4154987305.1908
[Run 18 | Iter 419] iter_best: cost=11201534.25  viol=4160848321.1908  obj=4160859522725.08 | best_so_far: cost=17827438.36  viol=4154987305.1908  obj=4155005132629.18
[Run 18 | Iter 420] iter_best: cost=14477000.00  viol=4158906220.1628  obj=4158920697162.83 | best_so_far: cost=17827438.36  viol=4154987305.1908  obj=4155005132629.18
[Run 18 | Iter 421] iter_best: cost=11201534.25  viol=4160848321.1908  obj=4160859522725.08 | best_so_far: cost=17827438.36  viol=4154987305.1908  obj=4155005132629.18
[Run 18 | Iter 422] iter_best: cost=13851917.81  viol=4159587691.1908  obj=4159601543108.64 | best_so_far: cost=17827438.36  viol=4154987305.1908  obj=4155005132629.18
[Run 18 | Iter 423] iter_best: cost=12226671.23  viol=4159777699.2208  obj=4159789925892.06 | best_so_far: cost=17827438.36  viol=4154987305.1908  obj=4155005132629.18
[Run 18 | Iter 424] iter_best: cost=11501589.04  viol=4161288628.1908  obj=4161300129779.87 | best_so_far: cost=17827438.36  viol=4154987305.1908  obj=4155005132629.18
[Run 18 | Iter 425] iter_best: cost=11251534.25  viol=4160433592.2808  obj=4160444843815.08 | best_so_far: cost=17827438.36  viol=4154987305.1908  obj=4155005132629.18
[Run 18 | Iter 426] iter_best: cost=11801643.84  viol=4161728935.1908  obj=4161740736834.66 | best_so_far: cost=17827438.36  viol=4154987305.1908  obj=4155005132629.18
[Run 18 | FE 12800] best_local_obj=4155005132629.18  best_local_cost=17827438.36  best_local_viol=4154987305.1908
[Run 18 | Iter 427] iter_best: cost=11551589.04  viol=4160873899.1908  obj=4160885450779.87 | best_so_far: cost=17827438.36  viol=4154987305.1908  obj=4155005132629.18

[Stop] reached max_total_fe=12800.

[Run 18] best_global_cost=17827438.3562, best_global_viol=4154987305.190829, best_global_obj=4155005132629.1846
[Done] summary=/work/home/acn1eb8nfq/yuezhang46/UScode/US实验一：横向对比/aco_global_logs/run_18_seed_1018/runs_summary.csv
