[RunConfig] run_id=16 seed=1016
[OutputDir] /work/home/acn1eb8nfq/yuezhang46/UScode/US实验一：横向对比/aco_global_logs/run_16_seed_1016
[Info] #nodes = 4301
[Load] Reading scenarios ...
  - 2020: raw edges=5296, days=366
  - 2025: raw edges=5296, days=365
  - 2030: raw edges=5296, days=365
  - 2035: raw edges=5296, days=365
  - 2040: raw edges=5296, days=366
[Filter] EDGE_WEIGHT_MIN=1.0
  - active_nodes=2914  inactive_nodes(fixed NONE)=1387
  - 2020: removed=2048, kept=3248
  - 2025: removed=2048, kept=3248
  - 2030: removed=2048, kept=3248
  - 2035: removed=2048, kept=3248
  - 2040: removed=2048, kept=3248
  - 2020: filtered edges (active subgraph)=3248
  - 2025: filtered edges (active subgraph)=3248
  - 2030: filtered edges (active subgraph)=3248
  - 2035: filtered edges (active subgraph)=3248
  - 2040: filtered edges (active subgraph)=3248
[ACO] Pheromone and heuristic initialized.
[ACO] Iterate under FE budget ...
[Run 16 | Iter 1] iter_best: cost=11501589.04  viol=4161288628.2208  obj=4161300129809.87 | best_so_far: cost=11501589.04  viol=4161288628.2208  obj=4161300129809.87
[Run 16 | Iter 2] iter_best: cost=10576452.05  viol=4161529792.1908  obj=4161540368642.88 | best_so_far: cost=11501589.04  viol=4161288628.2208  obj=4161300129809.87
[Run 16 | Iter 3] iter_best: cost=13551863.01  viol=4159147384.1908  obj=4159160936053.84 | best_so_far: cost=13551863.01  viol=4159147384.1908  obj=4159160936053.84
[Run 16 | Iter 4] iter_best: cost=15452136.99  viol=4158250327.1958  obj=4158265779332.82 | best_so_far: cost=15452136.99  viol=4158250327.1958  obj=4158265779332.82
[Run 16 | Iter 5] iter_best: cost=12276671.23  viol=4159362970.1908  obj=4159375246862.06 | best_so_far: cost=15452136.99  viol=4158250327.1958  obj=4158265779332.82
[Run 16 | Iter 6] iter_best: cost=12526726.03  viol=4160218006.1908  obj=4160230532916.86 | best_so_far: cost=15452136.99  viol=4158250327.1958  obj=4158265779332.82
[Run 16 | Iter 7] iter_best: cost=11551589.04  viol=4160873899.2208  obj=4160885450809.87 | best_so_far: cost=15452136.99  viol=4158250327.1958  obj=4158265779332.82
[Run 16 | Iter 8] iter_best: cost=14477000.00  viol=4158906220.1908  obj=4158920697190.83 | best_so_far: cost=15452136.99  viol=4158250327.1958  obj=4158265779332.82
[Run 16 | FE 256] best_local_obj=4158265779332.82  best_local_cost=15452136.99  best_local_viol=4158250327.1958
[Run 16 | Iter 9] iter_best: cost=12426726.03  viol=4161047464.1708  obj=4161059890896.86 | best_so_far: cost=15452136.99  viol=4158250327.1958  obj=4158265779332.82
[Run 16 | Iter 10] iter_best: cost=11601589.04  viol=4160459170.2308  obj=4160470771819.87 | best_so_far: cost=15452136.99  viol=4158250327.1958  obj=4158265779332.82
[Run 16 | Iter 11] iter_best: cost=15202082.19  viol=4157395291.1908  obj=4157410493273.02 | best_so_far: cost=15202082.19  viol=4157395291.1908  obj=4157410493273.02
[Run 16 | Iter 12] iter_best: cost=11901643.84  viol=4160899477.1508  obj=4160911378794.66 | best_so_far: cost=15202082.19  viol=4157395291.1908  obj=4157410493273.02
[Run 16 | Iter 13] iter_best: cost=12476726.03  viol=4160632735.1908  obj=4160645211916.86 | best_so_far: cost=15202082.19  viol=4157395291.1908  obj=4157410493273.02
[Run 16 | Iter 14] iter_best: cost=12226671.23  viol=4159777699.2208  obj=4159789925892.06 | best_so_far: cost=15202082.19  viol=4157395291.1908  obj=4157410493273.02
[Run 16 | Iter 15] iter_best: cost=13201808.22  viol=4159121806.1908  obj=4159135007999.05 | best_so_far: cost=15202082.19  viol=4157395291.1908  obj=4157410493273.02
[Run 16 | Iter 16] iter_best: cost=12226671.23  viol=4159777699.2308  obj=4159789925902.06 | best_so_far: cost=15202082.19  viol=4157395291.1908  obj=4157410493273.02
[Run 16 | Iter 17] iter_best: cost=15152082.19  viol=4157810020.1908  obj=4157825172273.02 | best_so_far: cost=15202082.19  viol=4157395291.1908  obj=4157410493273.02
[Run 16 | FE 512] best_local_obj=4157410493273.02  best_local_cost=15202082.19  best_local_viol=4157395291.1908
[Run 16 | Iter 18] iter_best: cost=14226945.21  viol=4158051184.2208  obj=4158065411166.03 | best_so_far: cost=15202082.19  viol=4157395291.1908  obj=4157410493273.02
[Run 16 | Iter 19] iter_best: cost=12576726.03  viol=4159803277.1908  obj=4159815853916.86 | best_so_far: cost=15202082.19  viol=4157395291.1908  obj=4157410493273.02
[Run 16 | Iter 20] iter_best: cost=12176671.23  viol=4160192428.1908  obj=4160204604862.06 | best_so_far: cost=15202082.19  viol=4157395291.1908  obj=4157410493273.02
[Run 16 | Iter 21] iter_best: cost=16577273.97  viol=4156350247.1908  obj=4156366824464.80 | best_so_far: cost=16577273.97  viol=4156350247.1908  obj=4156366824464.80
[Run 16 | Iter 22] iter_best: cost=9551315.07  viol=4162600414.1908  obj=4162609965505.90 | best_so_far: cost=16577273.97  viol=4156350247.1908  obj=4156366824464.80
[Run 16 | Iter 23] iter_best: cost=14927054.79  viol=4158102340.2208  obj=4158117267275.62 | best_so_far: cost=16577273.97  viol=4156350247.1908  obj=4156366824464.80
[Run 16 | Iter 24] iter_best: cost=12526726.03  viol=4160218006.1908  obj=4160230532916.86 | best_so_far: cost=16577273.97  viol=4156350247.1908  obj=4156366824464.80
[Run 16 | Iter 25] iter_best: cost=13876890.41  viol=4158025606.2208  obj=4158039483111.24 | best_so_far: cost=16577273.97  viol=4156350247.1908  obj=4156366824464.80
[Run 16 | FE 768] best_local_obj=4156366824464.80  best_local_cost=16577273.97  best_local_viol=4156350247.1908
[Run 16 | Iter 26] iter_best: cost=11551589.04  viol=4160873899.1908  obj=4160885450779.87 | best_so_far: cost=16577273.97  viol=4156350247.1908  obj=4156366824464.80
[Run 16 | Iter 27] iter_best: cost=15152082.19  viol=4157810020.2208  obj=4157825172303.02 | best_so_far: cost=16577273.97  viol=4156350247.1908  obj=4156366824464.80
[Run 16 | Iter 28] iter_best: cost=11801643.84  viol=4161728935.1708  obj=4161740736814.66 | best_so_far: cost=16577273.97  viol=4156350247.1908  obj=4156366824464.80
[Run 16 | Iter 29] iter_best: cost=12226671.23  viol=4159777699.1908  obj=4159789925862.06 | best_so_far: cost=16577273.97  viol=4156350247.1908  obj=4156366824464.80
[Run 16 | Iter 30] iter_best: cost=13601863.01  viol=4158732655.2208  obj=4158746257083.84 | best_so_far: cost=16577273.97  viol=4156350247.1908  obj=4156366824464.80
[Run 16 | Iter 31] iter_best: cost=10576452.05  viol=4161529792.1908  obj=4161540368642.88 | best_so_far: cost=16577273.97  viol=4156350247.1908  obj=4156366824464.80
[Run 16 | Iter 32] iter_best: cost=14902027.40  viol=4156954984.1308  obj=4156969886158.23 | best_so_far: cost=16577273.97  viol=4156350247.1908  obj=4156366824464.80
[Run 16 | Iter 33] iter_best: cost=10526452.05  viol=4161944521.2208  obj=4161955047672.88 | best_so_far: cost=16577273.97  viol=4156350247.1908  obj=4156366824464.80
[Run 16 | Iter 34] iter_best: cost=12776780.82  viol=4161073042.1608  obj=4161085818941.65 | best_so_far: cost=16577273.97  viol=4156350247.1908  obj=4156366824464.80
[Run 16 | FE 1024] best_local_obj=4156366824464.80  best_local_cost=16577273.97  best_local_viol=4156350247.1908
[Run 16 | Iter 35] iter_best: cost=11501589.04  viol=4161288628.2208  obj=4161300129809.87 | best_so_far: cost=16577273.97  viol=4156350247.1908  obj=4156366824464.80
[Run 16 | Iter 36] iter_best: cost=13401863.01  viol=4160391571.2208  obj=4160404973083.84 | best_so_far: cost=16577273.97  viol=4156350247.1908  obj=4156366824464.80
[Run 16 | Iter 37] iter_best: cost=14176945.21  viol=4158465913.1908  obj=4158480090136.03 | best_so_far: cost=16577273.97  viol=4156350247.1908  obj=4156366824464.80
[Run 16 | Iter 38] iter_best: cost=11251534.25  viol=4160433592.1908  obj=4160444843725.08 | best_so_far: cost=16577273.97  viol=4156350247.1908  obj=4156366824464.80
[Run 16 | Iter 39] iter_best: cost=11251534.25  viol=4160433592.1908  obj=4160444843725.08 | best_so_far: cost=16577273.97  viol=4156350247.1908  obj=4156366824464.80
[Run 16 | Iter 40] iter_best: cost=12176671.23  viol=4160192428.1708  obj=4160204604842.06 | best_so_far: cost=16577273.97  viol=4156350247.1908  obj=4156366824464.80
[Run 16 | Iter 41] iter_best: cost=12176671.23  viol=4160192428.1908  obj=4160204604862.06 | best_so_far: cost=16577273.97  viol=4156350247.1908  obj=4156366824464.80
[Run 16 | Iter 42] iter_best: cost=13601863.01  viol=4158732655.1908  obj=4158746257053.84 | best_so_far: cost=16577273.97  viol=4156350247.1908  obj=4156366824464.80
[Run 16 | FE 1280] best_local_obj=4156366824464.80  best_local_cost=16577273.97  best_local_viol=4156350247.1908
[Run 16 | Iter 43] iter_best: cost=11201534.25  viol=4160848321.1908  obj=4160859522725.08 | best_so_far: cost=16577273.97  viol=4156350247.1908  obj=4156366824464.80
[Run 16 | Iter 44] iter_best: cost=12526726.03  viol=4160218006.2248  obj=4160230532950.86 | best_so_far: cost=16577273.97  viol=4156350247.1908  obj=4156366824464.80
[Run 16 | Iter 45] iter_best: cost=11501589.04  viol=4161288628.1958  obj=4161300129784.87 | best_so_far: cost=16577273.97  viol=4156350247.1908  obj=4156366824464.80
[Run 16 | Iter 46] iter_best: cost=11501589.04  viol=4161288628.1908  obj=4161300129779.87 | best_so_far: cost=16577273.97  viol=4156350247.1908  obj=4156366824464.80
[Run 16 | Iter 47] iter_best: cost=13251808.22  viol=4158707077.1708  obj=4158720328979.05 | best_so_far: cost=16577273.97  viol=4156350247.1908  obj=4156366824464.80
[Run 16 | Iter 48] iter_best: cost=11551589.04  viol=4160873899.1908  obj=4160885450779.87 | best_so_far: cost=16577273.97  viol=4156350247.1908  obj=4156366824464.80
[Run 16 | Iter 49] iter_best: cost=12476726.03  viol=4160632735.2208  obj=4160645211946.86 | best_so_far: cost=16577273.97  viol=4156350247.1908  obj=4156366824464.80
[Run 16 | Iter 50] iter_best: cost=13601863.01  viol=4158732655.1908  obj=4158746257053.84 | best_so_far: cost=16577273.97  viol=4156350247.1908  obj=4156366824464.80
[Run 16 | Iter 51] iter_best: cost=14577000.00  viol=4158076762.1908  obj=4158091339190.83 | best_so_far: cost=16577273.97  viol=4156350247.1908  obj=4156366824464.80
[Run 16 | FE 1536] best_local_obj=4156366824464.80  best_local_cost=16577273.97  best_local_viol=4156350247.1908
[Run 16 | Iter 52] iter_best: cost=11501589.04  viol=4161288628.1368  obj=4161300129725.87 | best_so_far: cost=16577273.97  viol=4156350247.1908  obj=4156366824464.80
[Run 16 | Iter 53] iter_best: cost=14176945.21  viol=4158465913.1708  obj=4158480090116.03 | best_so_far: cost=16577273.97  viol=4156350247.1908  obj=4156366824464.80
[Run 16 | Iter 54] iter_best: cost=14902027.40  viol=4156954984.1908  obj=4156969886218.23 | best_so_far: cost=16577273.97  viol=4156350247.1908  obj=4156366824464.80
[Run 16 | Iter 55] iter_best: cost=12176671.23  viol=4160192428.1908  obj=4160204604862.06 | best_so_far: cost=16577273.97  viol=4156350247.1908  obj=4156366824464.80
[Run 16 | Iter 56] iter_best: cost=13251808.22  viol=4158707077.1908  obj=4158720328999.05 | best_so_far: cost=16577273.97  viol=4156350247.1908  obj=4156366824464.80
[Run 16 | Iter 57] iter_best: cost=11201534.25  viol=4160848321.1908  obj=4160859522725.08 | best_so_far: cost=16577273.97  viol=4156350247.1908  obj=4156366824464.80
[Run 16 | Iter 58] iter_best: cost=11501589.04  viol=4161288628.1758  obj=4161300129764.87 | best_so_far: cost=16577273.97  viol=4156350247.1908  obj=4156366824464.80
[Run 16 | Iter 59] iter_best: cost=15202082.19  viol=4157395291.1808  obj=4157410493263.02 | best_so_far: cost=16577273.97  viol=4156350247.1908  obj=4156366824464.80
[Run 16 | FE 1792] best_local_obj=4156366824464.80  best_local_cost=16577273.97  best_local_viol=4156350247.1908
[Run 16 | Iter 60] iter_best: cost=11201534.25  viol=4160848321.1908  obj=4160859522725.08 | best_so_far: cost=16577273.97  viol=4156350247.1908  obj=4156366824464.80
[Run 16 | Iter 61] iter_best: cost=11601589.04  viol=4160459170.1908  obj=4160470771779.87 | best_so_far: cost=16577273.97  viol=4156350247.1908  obj=4156366824464.80
[Run 16 | Iter 62] iter_best: cost=11551589.04  viol=4160873899.1908  obj=4160885450779.87 | best_so_far: cost=16577273.97  viol=4156350247.1908  obj=4156366824464.80
[Run 16 | Iter 63] iter_best: cost=14477000.00  viol=4158906220.1508  obj=4158920697150.83 | best_so_far: cost=16577273.97  viol=4156350247.1908  obj=4156366824464.80
[Run 16 | Iter 64] iter_best: cost=14226945.21  viol=4158051184.1908  obj=4158065411136.03 | best_so_far: cost=16577273.97  viol=4156350247.1908  obj=4156366824464.80
[Run 16 | Iter 65] iter_best: cost=10226397.26  viol=4161504214.1908  obj=4161514440588.09 | best_so_far: cost=16577273.97  viol=4156350247.1908  obj=4156366824464.80
[Run 16 | Iter 66] iter_best: cost=12176671.23  viol=4160192428.1908  obj=4160204604862.06 | best_so_far: cost=16577273.97  viol=4156350247.1908  obj=4156366824464.80
[Run 16 | Iter 67] iter_best: cost=13501863.01  viol=4159562113.1908  obj=4159575615053.84 | best_so_far: cost=16577273.97  viol=4156350247.1908  obj=4156366824464.80
[Run 16 | Iter 68] iter_best: cost=13201808.22  viol=4159121806.1508  obj=4159135007959.05 | best_so_far: cost=16577273.97  viol=4156350247.1908  obj=4156366824464.80
[Run 16 | FE 2048] best_local_obj=4156366824464.80  best_local_cost=16577273.97  best_local_viol=4156350247.1908
[Run 16 | Iter 69] iter_best: cost=12526726.03  viol=4160218006.1908  obj=4160230532916.86 | best_so_far: cost=16577273.97  viol=4156350247.1908  obj=4156366824464.80
[Run 16 | Iter 70] iter_best: cost=11501589.04  viol=4161288628.2208  obj=4161300129809.87 | best_so_far: cost=16577273.97  viol=4156350247.1908  obj=4156366824464.80
[Run 16 | Iter 71] iter_best: cost=13201808.22  viol=4159121806.1908  obj=4159135007999.05 | best_so_far: cost=16577273.97  viol=4156350247.1908  obj=4156366824464.80
[Run 16 | Iter 72] iter_best: cost=12626726.03  viol=4159388548.1908  obj=4159401174916.86 | best_so_far: cost=16577273.97  viol=4156350247.1908  obj=4156366824464.80
[Run 16 | Iter 73] iter_best: cost=19727712.33  viol=4154090248.2308  obj=4154109975943.16 | best_so_far: cost=19727712.33  viol=4154090248.2308  obj=4154109975943.16
[Run 16 | Iter 74] iter_best: cost=12826780.82  viol=4160658313.1914  obj=4160671139972.25 | best_so_far: cost=19727712.33  viol=4154090248.2308  obj=4154109975943.16
[Run 16 | Iter 75] iter_best: cost=14276945.21  viol=4157636455.1908  obj=4157650732136.03 | best_so_far: cost=19727712.33  viol=4154090248.2308  obj=4154109975943.16
[Run 16 | Iter 76] iter_best: cost=15552136.99  viol=4157420869.1908  obj=4157436421327.81 | best_so_far: cost=19727712.33  viol=4154090248.2308  obj=4154109975943.16
[Run 16 | FE 2304] best_local_obj=4154109975943.16  best_local_cost=19727712.33  best_local_viol=4154090248.2308
[Run 16 | Iter 77] iter_best: cost=15502136.99  viol=4157835598.1908  obj=4157851100327.81 | best_so_far: cost=19727712.33  viol=4154090248.2308  obj=4154109975943.16
[Run 16 | Iter 78] iter_best: cost=12576726.03  viol=4159803277.1908  obj=4159815853916.86 | best_so_far: cost=19727712.33  viol=4154090248.2308  obj=4154109975943.16
[Run 16 | Iter 79] iter_best: cost=12526726.03  viol=4160218006.2208  obj=4160230532946.86 | best_so_far: cost=19727712.33  viol=4154090248.2308  obj=4154109975943.16
[Run 16 | Iter 80] iter_best: cost=11201534.25  viol=4160848321.1908  obj=4160859522725.08 | best_so_far: cost=19727712.33  viol=4154090248.2308  obj=4154109975943.16
[Run 16 | Iter 81] iter_best: cost=11551589.04  viol=4160873899.1908  obj=4160885450779.87 | best_so_far: cost=19727712.33  viol=4154090248.2308  obj=4154109975943.16
[Run 16 | Iter 82] iter_best: cost=9551315.07  viol=4162600414.1908  obj=4162609965505.90 | best_so_far: cost=19727712.33  viol=4154090248.2308  obj=4154109975943.16
[Run 16 | Iter 83] iter_best: cost=14226945.21  viol=4158051184.1908  obj=4158065411136.03 | best_so_far: cost=19727712.33  viol=4154090248.2308  obj=4154109975943.16
[Run 16 | Iter 84] iter_best: cost=12576726.03  viol=4159803277.1908  obj=4159815853916.86 | best_so_far: cost=19727712.33  viol=4154090248.2308  obj=4154109975943.16
[Run 16 | Iter 85] iter_best: cost=11551589.04  viol=4160873899.1908  obj=4160885450779.87 | best_so_far: cost=19727712.33  viol=4154090248.2308  obj=4154109975943.16
[Run 16 | FE 2560] best_local_obj=4154109975943.16  best_local_cost=19727712.33  best_local_viol=4154090248.2308
[Run 16 | Iter 86] iter_best: cost=12476726.03  viol=4160632735.1937  obj=4160645211919.76 | best_so_far: cost=19727712.33  viol=4154090248.2308  obj=4154109975943.16
[Run 16 | Iter 87] iter_best: cost=12226671.23  viol=4159777699.1908  obj=4159789925862.06 | best_so_far: cost=19727712.33  viol=4154090248.2308  obj=4154109975943.16
[Run 16 | Iter 88] iter_best: cost=11601589.04  viol=4160459170.1908  obj=4160470771779.87 | best_so_far: cost=19727712.33  viol=4154090248.2308  obj=4154109975943.16
[Run 16 | Iter 89] iter_best: cost=11801643.84  viol=4161728935.2798  obj=4161740736923.67 | best_so_far: cost=19727712.33  viol=4154090248.2308  obj=4154109975943.16
[Run 16 | Iter 90] iter_best: cost=11501589.04  viol=4161288628.1908  obj=4161300129779.87 | best_so_far: cost=19727712.33  viol=4154090248.2308  obj=4154109975943.16
[Run 16 | Iter 91] iter_best: cost=12926780.82  viol=4159828855.1908  obj=4159841781971.65 | best_so_far: cost=19727712.33  viol=4154090248.2308  obj=4154109975943.16
[Run 16 | Iter 92] iter_best: cost=11551589.04  viol=4160873899.2208  obj=4160885450809.87 | best_so_far: cost=19727712.33  viol=4154090248.2308  obj=4154109975943.16
[Run 16 | Iter 93] iter_best: cost=11251534.25  viol=4160433592.1908  obj=4160444843725.08 | best_so_far: cost=19727712.33  viol=4154090248.2308  obj=4154109975943.16
[Run 16 | FE 2816] best_local_obj=4154109975943.16  best_local_cost=19727712.33  best_local_viol=4154090248.2308
[Run 16 | Iter 94] iter_best: cost=12526726.03  viol=4160218006.2208  obj=4160230532946.86 | best_so_far: cost=19727712.33  viol=4154090248.2308  obj=4154109975943.16
[Run 16 | Iter 95] iter_best: cost=16227219.18  viol=4156324669.1408  obj=4156340896360.01 | best_so_far: cost=19727712.33  viol=4154090248.2308  obj=4154109975943.16
[Run 16 | Iter 96] iter_best: cost=17202356.16  viol=4155668776.1408  obj=4155685978496.99 | best_so_far: cost=19727712.33  viol=4154090248.2308  obj=4154109975943.16
[Run 16 | Iter 97] iter_best: cost=14176945.21  viol=4158465913.1908  obj=4158480090136.03 | best_so_far: cost=19727712.33  viol=4154090248.2308  obj=4154109975943.16
[Run 16 | Iter 98] iter_best: cost=13251808.22  viol=4158707077.1908  obj=4158720328999.05 | best_so_far: cost=19727712.33  viol=4154090248.2308  obj=4154109975943.16
[Run 16 | Iter 99] iter_best: cost=13551863.01  viol=4159147384.1908  obj=4159160936053.84 | best_so_far: cost=19727712.33  viol=4154090248.2308  obj=4154109975943.16
[Run 16 | Iter 100] iter_best: cost=15252082.19  viol=4156980562.1908  obj=4156995814273.02 | best_so_far: cost=19727712.33  viol=4154090248.2308  obj=4154109975943.16
[Run 16 | Iter 101] iter_best: cost=11501589.04  viol=4161288628.1908  obj=4161300129779.87 | best_so_far: cost=19727712.33  viol=4154090248.2308  obj=4154109975943.16
[Run 16 | Iter 102] iter_best: cost=12526726.03  viol=4160218006.1908  obj=4160230532916.86 | best_so_far: cost=19727712.33  viol=4154090248.2308  obj=4154109975943.16
[Run 16 | FE 3072] best_local_obj=4154109975943.16  best_local_cost=19727712.33  best_local_viol=4154090248.2308
[Run 16 | Iter 103] iter_best: cost=10526452.05  viol=4161944521.1308  obj=4161955047582.88 | best_so_far: cost=19727712.33  viol=4154090248.2308  obj=4154109975943.16
[Run 16 | Iter 104] iter_best: cost=12176671.23  viol=4160192428.1908  obj=4160204604862.06 | best_so_far: cost=19727712.33  viol=4154090248.2308  obj=4154109975943.16
[Run 16 | Iter 105] iter_best: cost=12476726.03  viol=4160632735.2038  obj=4160645211929.86 | best_so_far: cost=19727712.33  viol=4154090248.2308  obj=4154109975943.16
[Run 16 | Iter 106] iter_best: cost=10576452.05  viol=4161529792.1908  obj=4161540368642.88 | best_so_far: cost=19727712.33  viol=4154090248.2308  obj=4154109975943.16
[Run 16 | Iter 107] iter_best: cost=14176945.21  viol=4158465913.2208  obj=4158480090166.03 | best_so_far: cost=19727712.33  viol=4154090248.2308  obj=4154109975943.16
[Run 16 | Iter 108] iter_best: cost=12926780.82  viol=4159828855.1928  obj=4159841781973.65 | best_so_far: cost=19727712.33  viol=4154090248.2308  obj=4154109975943.16
[Run 16 | Iter 109] iter_best: cost=11551589.04  viol=4160873899.1908  obj=4160885450779.87 | best_so_far: cost=19727712.33  viol=4154090248.2308  obj=4154109975943.16
[Run 16 | Iter 110] iter_best: cost=13451863.01  viol=4159976842.2308  obj=4159990294093.84 | best_so_far: cost=19727712.33  viol=4154090248.2308  obj=4154109975943.16
[Run 16 | FE 3328] best_local_obj=4154109975943.16  best_local_cost=19727712.33  best_local_viol=4154090248.2308
[Run 16 | Iter 111] iter_best: cost=14126945.21  viol=4158880642.1908  obj=4158894769136.03 | best_so_far: cost=19727712.33  viol=4154090248.2308  obj=4154109975943.16
[Run 16 | Iter 112] iter_best: cost=10526452.05  viol=4161944521.1508  obj=4161955047602.88 | best_so_far: cost=19727712.33  viol=4154090248.2308  obj=4154109975943.16
[Run 16 | Iter 113] iter_best: cost=13451863.01  viol=4159976842.1808  obj=4159990294043.84 | best_so_far: cost=19727712.33  viol=4154090248.2308  obj=4154109975943.16
[Run 16 | Iter 114] iter_best: cost=11551589.04  viol=4160873899.2318  obj=4160885450820.87 | best_so_far: cost=19727712.33  viol=4154090248.2308  obj=4154109975943.16
[Run 16 | Iter 115] iter_best: cost=14477000.00  viol=4158906220.2308  obj=4158920697230.83 | best_so_far: cost=19727712.33  viol=4154090248.2308  obj=4154109975943.16
[Run 16 | Iter 116] iter_best: cost=10626452.05  viol=4161115063.1908  obj=4161125689642.88 | best_so_far: cost=19727712.33  viol=4154090248.2308  obj=4154109975943.16
[Run 16 | Iter 117] iter_best: cost=10926506.85  viol=4161555370.1908  obj=4161566296697.68 | best_so_far: cost=19727712.33  viol=4154090248.2308  obj=4154109975943.16
[Run 16 | Iter 118] iter_best: cost=10576452.05  viol=4161529792.1608  obj=4161540368612.88 | best_so_far: cost=19727712.33  viol=4154090248.2308  obj=4154109975943.16
[Run 16 | Iter 119] iter_best: cost=13901917.81  viol=4159172962.1408  obj=4159186864058.64 | best_so_far: cost=19727712.33  viol=4154090248.2308  obj=4154109975943.16
[Run 16 | FE 3584] best_local_obj=4154109975943.16  best_local_cost=19727712.33  best_local_viol=4154090248.2308
[Run 16 | Iter 120] iter_best: cost=14427000.00  viol=4159320949.2008  obj=4159335376200.83 | best_so_far: cost=19727712.33  viol=4154090248.2308  obj=4154109975943.16
[Run 16 | Iter 121] iter_best: cost=10926506.85  viol=4161555370.1908  obj=4161566296697.68 | best_so_far: cost=19727712.33  viol=4154090248.2308  obj=4154109975943.16
[Run 16 | Iter 122] iter_best: cost=15877164.38  viol=4156299091.1908  obj=4156314968355.21 | best_so_far: cost=19727712.33  viol=4154090248.2308  obj=4154109975943.16
[Run 16 | Iter 123] iter_best: cost=10576452.05  viol=4161529792.1908  obj=4161540368642.88 | best_so_far: cost=19727712.33  viol=4154090248.2308  obj=4154109975943.16
[Run 16 | Iter 124] iter_best: cost=11851643.84  viol=4161314206.1908  obj=4161326057834.66 | best_so_far: cost=19727712.33  viol=4154090248.2308  obj=4154109975943.16
[Run 16 | Iter 125] iter_best: cost=14226945.21  viol=4158051184.1908  obj=4158065411136.03 | best_so_far: cost=19727712.33  viol=4154090248.2308  obj=4154109975943.16
[Run 16 | Iter 126] iter_best: cost=11251534.25  viol=4160433592.1908  obj=4160444843725.08 | best_so_far: cost=19727712.33  viol=4154090248.2308  obj=4154109975943.16
[Run 16 | Iter 127] iter_best: cost=11501589.04  viol=4161288628.1908  obj=4161300129779.87 | best_so_far: cost=19727712.33  viol=4154090248.2308  obj=4154109975943.16
[Run 16 | FE 3840] best_local_obj=4154109975943.16  best_local_cost=19727712.33  best_local_viol=4154090248.2308
[Run 16 | Iter 128] iter_best: cost=10226397.26  viol=4161504214.1908  obj=4161514440588.09 | best_so_far: cost=19727712.33  viol=4154090248.2308  obj=4154109975943.16
[Run 16 | Iter 129] iter_best: cost=13551863.01  viol=4159147384.2208  obj=4159160936083.84 | best_so_far: cost=19727712.33  viol=4154090248.2308  obj=4154109975943.16
[Run 16 | Iter 130] iter_best: cost=9601315.07  viol=4162185685.1908  obj=4162195286505.90 | best_so_far: cost=19727712.33  viol=4154090248.2308  obj=4154109975943.16
[Run 16 | Iter 131] iter_best: cost=12526726.03  viol=4160218006.2908  obj=4160230533016.86 | best_so_far: cost=19727712.33  viol=4154090248.2308  obj=4154109975943.16
[Run 16 | Iter 132] iter_best: cost=11601589.04  viol=4160459170.1908  obj=4160470771779.87 | best_so_far: cost=19727712.33  viol=4154090248.2308  obj=4154109975943.16
[Run 16 | Iter 133] iter_best: cost=13601863.01  viol=4158732655.1908  obj=4158746257053.84 | best_so_far: cost=19727712.33  viol=4154090248.2308  obj=4154109975943.16
[Run 16 | Iter 134] iter_best: cost=14176945.21  viol=4158465913.1888  obj=4158480090134.04 | best_so_far: cost=19727712.33  viol=4154090248.2308  obj=4154109975943.16
[Run 16 | Iter 135] iter_best: cost=12526726.03  viol=4160218006.1868  obj=4160230532912.86 | best_so_far: cost=19727712.33  viol=4154090248.2308  obj=4154109975943.16
[Run 16 | Iter 136] iter_best: cost=13201808.22  viol=4159121806.1908  obj=4159135007999.05 | best_so_far: cost=19727712.33  viol=4154090248.2308  obj=4154109975943.16
[Run 16 | FE 4096] best_local_obj=4154109975943.16  best_local_cost=19727712.33  best_local_viol=4154090248.2308
[Run 16 | Iter 137] iter_best: cost=11201534.25  viol=4160848321.2208  obj=4160859522755.08 | best_so_far: cost=19727712.33  viol=4154090248.2308  obj=4154109975943.16
[Run 16 | Iter 138] iter_best: cost=14176945.21  viol=4158465913.1908  obj=4158480090136.03 | best_so_far: cost=19727712.33  viol=4154090248.2308  obj=4154109975943.16
[Run 16 | Iter 139] iter_best: cost=14527000.00  viol=4158491491.1808  obj=4158506018180.83 | best_so_far: cost=19727712.33  viol=4154090248.2308  obj=4154109975943.16
[Run 16 | Iter 140] iter_best: cost=13201808.22  viol=4159121806.1408  obj=4159135007949.05 | best_so_far: cost=19727712.33  viol=4154090248.2308  obj=4154109975943.16
[Run 16 | Iter 141] iter_best: cost=11501589.04  viol=4161288628.1808  obj=4161300129769.87 | best_so_far: cost=19727712.33  viol=4154090248.2308  obj=4154109975943.16
[Run 16 | Iter 142] iter_best: cost=12526726.03  viol=4160218006.1908  obj=4160230532916.86 | best_so_far: cost=19727712.33  viol=4154090248.2308  obj=4154109975943.16
[Run 16 | Iter 143] iter_best: cost=11851643.84  viol=4161314206.1908  obj=4161326057834.66 | best_so_far: cost=19727712.33  viol=4154090248.2308  obj=4154109975943.16
[Run 16 | Iter 144] iter_best: cost=12526726.03  viol=4160218006.1908  obj=4160230532916.86 | best_so_far: cost=19727712.33  viol=4154090248.2308  obj=4154109975943.16
[Run 16 | Iter 145] iter_best: cost=12776780.82  viol=4161073042.1858  obj=4161085818966.65 | best_so_far: cost=19727712.33  viol=4154090248.2308  obj=4154109975943.16
[Run 16 | FE 4352] best_local_obj=4154109975943.16  best_local_cost=19727712.33  best_local_viol=4154090248.2308
[Run 16 | Iter 146] iter_best: cost=13501863.01  viol=4159562113.1908  obj=4159575615053.84 | best_so_far: cost=19727712.33  viol=4154090248.2308  obj=4154109975943.16
[Run 16 | Iter 147] iter_best: cost=13551863.01  viol=4159147384.1908  obj=4159160936053.84 | best_so_far: cost=19727712.33  viol=4154090248.2308  obj=4154109975943.16
[Run 16 | Iter 148] iter_best: cost=11551589.04  viol=4160873899.1908  obj=4160885450779.87 | best_so_far: cost=19727712.33  viol=4154090248.2308  obj=4154109975943.16
[Run 16 | Iter 149] iter_best: cost=13201808.22  viol=4159121806.1908  obj=4159135007999.05 | best_so_far: cost=19727712.33  viol=4154090248.2308  obj=4154109975943.16
[Run 16 | Iter 150] iter_best: cost=12476726.03  viol=4160632735.1708  obj=4160645211896.86 | best_so_far: cost=19727712.33  viol=4154090248.2308  obj=4154109975943.16
[Run 16 | Iter 151] iter_best: cost=13551863.01  viol=4159147384.1908  obj=4159160936053.84 | best_so_far: cost=19727712.33  viol=4154090248.2308  obj=4154109975943.16
[Run 16 | Iter 152] iter_best: cost=10476452.05  viol=4162359250.2208  obj=4162369726672.88 | best_so_far: cost=19727712.33  viol=4154090248.2308  obj=4154109975943.16
[Run 16 | Iter 153] iter_best: cost=11501589.04  viol=4161288628.2208  obj=4161300129809.87 | best_so_far: cost=19727712.33  viol=4154090248.2308  obj=4154109975943.16
[Run 16 | FE 4608] best_local_obj=4154109975943.16  best_local_cost=19727712.33  best_local_viol=4154090248.2308
[Run 16 | Iter 154] iter_best: cost=12526726.03  viol=4160218006.1508  obj=4160230532876.86 | best_so_far: cost=19727712.33  viol=4154090248.2308  obj=4154109975943.16
[Run 16 | Iter 155] iter_best: cost=11551589.04  viol=4160873899.2208  obj=4160885450809.87 | best_so_far: cost=19727712.33  viol=4154090248.2308  obj=4154109975943.16
[Run 16 | Iter 156] iter_best: cost=10626452.05  viol=4161115063.1908  obj=4161125689642.88 | best_so_far: cost=19727712.33  viol=4154090248.2308  obj=4154109975943.16
[Run 16 | Iter 157] iter_best: cost=12576726.03  viol=4159803277.0438  obj=4159815853769.86 | best_so_far: cost=19727712.33  viol=4154090248.2308  obj=4154109975943.16
[Run 16 | Iter 158] iter_best: cost=14276945.21  viol=4157636455.1908  obj=4157650732136.03 | best_so_far: cost=19727712.33  viol=4154090248.2308  obj=4154109975943.16
[Run 16 | Iter 159] iter_best: cost=11201534.25  viol=4160848321.1908  obj=4160859522725.08 | best_so_far: cost=19727712.33  viol=4154090248.2308  obj=4154109975943.16
[Run 16 | Iter 160] iter_best: cost=13201808.22  viol=4159121806.1908  obj=4159135007999.05 | best_so_far: cost=19727712.33  viol=4154090248.2308  obj=4154109975943.16
[Run 16 | Iter 161] iter_best: cost=13151808.22  viol=4159536535.1608  obj=4159549686969.05 | best_so_far: cost=19727712.33  viol=4154090248.2308  obj=4154109975943.16
[Run 16 | Iter 162] iter_best: cost=14527000.00  viol=4158491491.1908  obj=4158506018190.83 | best_so_far: cost=19727712.33  viol=4154090248.2308  obj=4154109975943.16
[Run 16 | FE 4864] best_local_obj=4154109975943.16  best_local_cost=19727712.33  best_local_viol=4154090248.2308
[Run 16 | Iter 163] iter_best: cost=14176945.21  viol=4158465913.1908  obj=4158480090136.03 | best_so_far: cost=19727712.33  viol=4154090248.2308  obj=4154109975943.16
[Run 16 | Iter 164] iter_best: cost=10226397.26  viol=4161504214.1908  obj=4161514440588.09 | best_so_far: cost=19727712.33  viol=4154090248.2308  obj=4154109975943.16
[Run 16 | Iter 165] iter_best: cost=13501863.01  viol=4159562113.2208  obj=4159575615083.84 | best_so_far: cost=19727712.33  viol=4154090248.2308  obj=4154109975943.16
[Run 16 | Iter 166] iter_best: cost=17827438.36  viol=4154987305.1908  obj=4155005132629.18 | best_so_far: cost=19727712.33  viol=4154090248.2308  obj=4154109975943.16
[Run 16 | Iter 167] iter_best: cost=11501589.04  viol=4161288628.2489  obj=4161300129837.97 | best_so_far: cost=19727712.33  viol=4154090248.2308  obj=4154109975943.16
[Run 16 | Iter 168] iter_best: cost=12276671.23  viol=4159362970.1908  obj=4159375246862.06 | best_so_far: cost=19727712.33  viol=4154090248.2308  obj=4154109975943.16
[Run 16 | Iter 169] iter_best: cost=12226671.23  viol=4159777699.1908  obj=4159789925862.06 | best_so_far: cost=19727712.33  viol=4154090248.2308  obj=4154109975943.16
[Run 16 | Iter 170] iter_best: cost=9501315.07  viol=4163015143.1908  obj=4163024644505.90 | best_so_far: cost=19727712.33  viol=4154090248.2308  obj=4154109975943.16
[Run 16 | FE 5120] best_local_obj=4154109975943.16  best_local_cost=19727712.33  best_local_viol=4154090248.2308
[Run 16 | Iter 171] iter_best: cost=15852191.78  viol=4157861176.2128  obj=4157877028404.61 | best_so_far: cost=19727712.33  viol=4154090248.2308  obj=4154109975943.16
[Run 16 | Iter 172] iter_best: cost=10576452.05  viol=4161529792.1908  obj=4161540368642.88 | best_so_far: cost=19727712.33  viol=4154090248.2308  obj=4154109975943.16
[Run 16 | Iter 173] iter_best: cost=13551863.01  viol=4159147384.1908  obj=4159160936053.84 | best_so_far: cost=19727712.33  viol=4154090248.2308  obj=4154109975943.16
[Run 16 | Iter 174] iter_best: cost=13876890.41  viol=4158025606.1904  obj=4158039483080.82 | best_so_far: cost=19727712.33  viol=4154090248.2308  obj=4154109975943.16
[Run 16 | Iter 175] iter_best: cost=12576726.03  viol=4159803277.1908  obj=4159815853916.86 | best_so_far: cost=19727712.33  viol=4154090248.2308  obj=4154109975943.16
[Run 16 | Iter 176] iter_best: cost=10526452.05  viol=4161944521.1908  obj=4161955047642.88 | best_so_far: cost=19727712.33  viol=4154090248.2308  obj=4154109975943.16
[Run 16 | Iter 177] iter_best: cost=12526726.03  viol=4160218006.2208  obj=4160230532946.86 | best_so_far: cost=19727712.33  viol=4154090248.2308  obj=4154109975943.16
[Run 16 | Iter 178] iter_best: cost=12526726.03  viol=4160218006.1908  obj=4160230532916.86 | best_so_far: cost=19727712.33  viol=4154090248.2308  obj=4154109975943.16
[Run 16 | Iter 179] iter_best: cost=11551589.04  viol=4160873899.1908  obj=4160885450779.87 | best_so_far: cost=19727712.33  viol=4154090248.2308  obj=4154109975943.16
[Run 16 | FE 5376] best_local_obj=4154109975943.16  best_local_cost=19727712.33  best_local_viol=4154090248.2308
[Run 16 | Iter 180] iter_best: cost=12476726.03  viol=4160632735.1908  obj=4160645211916.86 | best_so_far: cost=19727712.33  viol=4154090248.2308  obj=4154109975943.16
[Run 16 | Iter 181] iter_best: cost=16477273.97  viol=4157179705.1908  obj=4157196182464.80 | best_so_far: cost=19727712.33  viol=4154090248.2308  obj=4154109975943.16
[Run 16 | Iter 182] iter_best: cost=13201808.22  viol=4159121806.2208  obj=4159135008029.05 | best_so_far: cost=19727712.33  viol=4154090248.2308  obj=4154109975943.16
[Run 16 | Iter 183] iter_best: cost=14477000.00  viol=4158906220.1908  obj=4158920697190.83 | best_so_far: cost=19727712.33  viol=4154090248.2308  obj=4154109975943.16
[Run 16 | Iter 184] iter_best: cost=13251808.22  viol=4158707077.1908  obj=4158720328999.05 | best_so_far: cost=19727712.33  viol=4154090248.2308  obj=4154109975943.16
[Run 16 | Iter 185] iter_best: cost=11201534.25  viol=4160848321.1908  obj=4160859522725.08 | best_so_far: cost=19727712.33  viol=4154090248.2308  obj=4154109975943.16
[Run 16 | Iter 186] iter_best: cost=11551589.04  viol=4160873899.1908  obj=4160885450779.87 | best_so_far: cost=19727712.33  viol=4154090248.2308  obj=4154109975943.16
[Run 16 | Iter 187] iter_best: cost=11201534.25  viol=4160848321.2208  obj=4160859522755.08 | best_so_far: cost=19727712.33  viol=4154090248.2308  obj=4154109975943.16
[Run 16 | FE 5632] best_local_obj=4154109975943.16  best_local_cost=19727712.33  best_local_viol=4154090248.2308
[Run 16 | Iter 188] iter_best: cost=10526452.05  viol=4161944521.1874  obj=4161955047639.48 | best_so_far: cost=19727712.33  viol=4154090248.2308  obj=4154109975943.16
[Run 16 | Iter 189] iter_best: cost=12576726.03  viol=4159803277.2608  obj=4159815853986.86 | best_so_far: cost=19727712.33  viol=4154090248.2308  obj=4154109975943.16
[Run 16 | Iter 190] iter_best: cost=14126945.21  viol=4158880642.2008  obj=4158894769146.03 | best_so_far: cost=19727712.33  viol=4154090248.2308  obj=4154109975943.16
[Run 16 | Iter 191] iter_best: cost=12176671.23  viol=4160192428.1508  obj=4160204604822.06 | best_so_far: cost=19727712.33  viol=4154090248.2308  obj=4154109975943.16
[Run 16 | Iter 192] iter_best: cost=10526452.05  viol=4161944521.1208  obj=4161955047572.88 | best_so_far: cost=19727712.33  viol=4154090248.2308  obj=4154109975943.16
[Run 16 | Iter 193] iter_best: cost=10576452.05  viol=4161529792.1908  obj=4161540368642.88 | best_so_far: cost=19727712.33  viol=4154090248.2308  obj=4154109975943.16
[Run 16 | Iter 194] iter_best: cost=13551863.01  viol=4159147384.1908  obj=4159160936053.84 | best_so_far: cost=19727712.33  viol=4154090248.2308  obj=4154109975943.16
[Run 16 | Iter 195] iter_best: cost=15552136.99  viol=4157420869.1608  obj=4157436421297.81 | best_so_far: cost=19727712.33  viol=4154090248.2308  obj=4154109975943.16
[Run 16 | Iter 196] iter_best: cost=12476726.03  viol=4160632735.2208  obj=4160645211946.86 | best_so_far: cost=19727712.33  viol=4154090248.2308  obj=4154109975943.16
[Run 16 | FE 5888] best_local_obj=4154109975943.16  best_local_cost=19727712.33  best_local_viol=4154090248.2308
[Run 16 | Iter 197] iter_best: cost=10526452.05  viol=4161944521.1908  obj=4161955047642.88 | best_so_far: cost=19727712.33  viol=4154090248.2308  obj=4154109975943.16
[Run 16 | Iter 198] iter_best: cost=14176945.21  viol=4158465913.1908  obj=4158480090136.03 | best_so_far: cost=19727712.33  viol=4154090248.2308  obj=4154109975943.16
[Run 16 | Iter 199] iter_best: cost=10476452.05  viol=4162359250.1918  obj=4162369726643.88 | best_so_far: cost=19727712.33  viol=4154090248.2308  obj=4154109975943.16
[Run 16 | Iter 200] iter_best: cost=12576726.03  viol=4159803277.1908  obj=4159815853916.86 | best_so_far: cost=19727712.33  viol=4154090248.2308  obj=4154109975943.16
[Run 16 | Iter 201] iter_best: cost=13501863.01  viol=4159562113.1908  obj=4159575615053.84 | best_so_far: cost=19727712.33  viol=4154090248.2308  obj=4154109975943.16
[Run 16 | Iter 202] iter_best: cost=13551863.01  viol=4159147384.1908  obj=4159160936053.84 | best_so_far: cost=19727712.33  viol=4154090248.2308  obj=4154109975943.16
[Run 16 | Iter 203] iter_best: cost=12926780.82  viol=4159828855.2208  obj=4159841782001.65 | best_so_far: cost=19727712.33  viol=4154090248.2308  obj=4154109975943.16
[Run 16 | Iter 204] iter_best: cost=12826780.82  viol=4160658313.2208  obj=4160671140001.65 | best_so_far: cost=19727712.33  viol=4154090248.2308  obj=4154109975943.16
[Run 16 | FE 6144] best_local_obj=4154109975943.16  best_local_cost=19727712.33  best_local_viol=4154090248.2308
[Run 16 | Iter 205] iter_best: cost=14126945.21  viol=4158880642.1868  obj=4158894769132.03 | best_so_far: cost=19727712.33  viol=4154090248.2308  obj=4154109975943.16
[Run 16 | Iter 206] iter_best: cost=15552136.99  viol=4157420869.2208  obj=4157436421357.82 | best_so_far: cost=19727712.33  viol=4154090248.2308  obj=4154109975943.16
[Run 16 | Iter 207] iter_best: cost=13551863.01  viol=4159147384.1908  obj=4159160936053.84 | best_so_far: cost=19727712.33  viol=4154090248.2308  obj=4154109975943.16
[Run 16 | Iter 208] iter_best: cost=12526726.03  viol=4160218006.1808  obj=4160230532906.86 | best_so_far: cost=19727712.33  viol=4154090248.2308  obj=4154109975943.16
[Run 16 | Iter 209] iter_best: cost=10226397.26  viol=4161504214.1908  obj=4161514440588.09 | best_so_far: cost=19727712.33  viol=4154090248.2308  obj=4154109975943.16
[Run 16 | Iter 210] iter_best: cost=12476726.03  viol=4160632735.2008  obj=4160645211926.86 | best_so_far: cost=19727712.33  viol=4154090248.2308  obj=4154109975943.16
[Run 16 | Iter 211] iter_best: cost=11851643.84  viol=4161314206.1708  obj=4161326057814.66 | best_so_far: cost=19727712.33  viol=4154090248.2308  obj=4154109975943.16
[Run 16 | Iter 212] iter_best: cost=14176945.21  viol=4158465913.2128  obj=4158480090158.04 | best_so_far: cost=19727712.33  viol=4154090248.2308  obj=4154109975943.16
[Run 16 | Iter 213] iter_best: cost=11501589.04  viol=4161288628.1708  obj=4161300129759.87 | best_so_far: cost=19727712.33  viol=4154090248.2308  obj=4154109975943.16
[Run 16 | FE 6400] best_local_obj=4154109975943.16  best_local_cost=19727712.33  best_local_viol=4154090248.2308
[Run 16 | Iter 214] iter_best: cost=11551589.04  viol=4160873899.1908  obj=4160885450779.87 | best_so_far: cost=19727712.33  viol=4154090248.2308  obj=4154109975943.16
[Run 16 | Iter 215] iter_best: cost=13201808.22  viol=4159121806.1908  obj=4159135007999.05 | best_so_far: cost=19727712.33  viol=4154090248.2308  obj=4154109975943.16
[Run 16 | Iter 216] iter_best: cost=13251808.22  viol=4158707077.1908  obj=4158720328999.05 | best_so_far: cost=19727712.33  viol=4154090248.2308  obj=4154109975943.16
[Run 16 | Iter 217] iter_best: cost=10576452.05  viol=4161529792.1908  obj=4161540368642.88 | best_so_far: cost=19727712.33  viol=4154090248.2308  obj=4154109975943.16
[Run 16 | Iter 218] iter_best: cost=13501863.01  viol=4159562113.1908  obj=4159575615053.84 | best_so_far: cost=19727712.33  viol=4154090248.2308  obj=4154109975943.16
[Run 16 | Iter 219] iter_best: cost=15152082.19  viol=4157810020.2188  obj=4157825172301.02 | best_so_far: cost=19727712.33  viol=4154090248.2308  obj=4154109975943.16
[Run 16 | Iter 220] iter_best: cost=10526452.05  viol=4161944521.1908  obj=4161955047642.88 | best_so_far: cost=19727712.33  viol=4154090248.2308  obj=4154109975943.16
[Run 16 | Iter 221] iter_best: cost=11501589.04  viol=4161288628.1908  obj=4161300129779.87 | best_so_far: cost=19727712.33  viol=4154090248.2308  obj=4154109975943.16
[Run 16 | FE 6656] best_local_obj=4154109975943.16  best_local_cost=19727712.33  best_local_viol=4154090248.2308
[Run 16 | Iter 222] iter_best: cost=14527000.00  viol=4158491491.2508  obj=4158506018250.83 | best_so_far: cost=19727712.33  viol=4154090248.2308  obj=4154109975943.16
[Run 16 | Iter 223] iter_best: cost=12476726.03  viol=4160632735.1908  obj=4160645211916.86 | best_so_far: cost=19727712.33  viol=4154090248.2308  obj=4154109975943.16
[Run 16 | Iter 224] iter_best: cost=12226671.23  viol=4159777699.1908  obj=4159789925862.06 | best_so_far: cost=19727712.33  viol=4154090248.2308  obj=4154109975943.16
[Run 16 | Iter 225] iter_best: cost=11501589.04  viol=4161288628.2158  obj=4161300129804.87 | best_so_far: cost=19727712.33  viol=4154090248.2308  obj=4154109975943.16
[Run 16 | Iter 226] iter_best: cost=12476726.03  viol=4160632735.1908  obj=4160645211916.86 | best_so_far: cost=19727712.33  viol=4154090248.2308  obj=4154109975943.16
[Run 16 | Iter 227] iter_best: cost=12226671.23  viol=4159777699.1928  obj=4159789925864.06 | best_so_far: cost=19727712.33  viol=4154090248.2308  obj=4154109975943.16
[Run 16 | Iter 228] iter_best: cost=10576452.05  viol=4161529792.1908  obj=4161540368642.88 | best_so_far: cost=19727712.33  viol=4154090248.2308  obj=4154109975943.16
[Run 16 | Iter 229] iter_best: cost=14902027.40  viol=4156954984.1908  obj=4156969886218.23 | best_so_far: cost=19727712.33  viol=4154090248.2308  obj=4154109975943.16
[Run 16 | Iter 230] iter_best: cost=12476726.03  viol=4160632735.1908  obj=4160645211916.86 | best_so_far: cost=19727712.33  viol=4154090248.2308  obj=4154109975943.16
[Run 16 | FE 6912] best_local_obj=4154109975943.16  best_local_cost=19727712.33  best_local_viol=4154090248.2308
[Run 16 | Iter 231] iter_best: cost=13551863.01  viol=4159188731.6864  obj=4159202283549.39 | best_so_far: cost=19727712.33  viol=4154090248.2308  obj=4154109975943.16
[Run 16 | Iter 232] iter_best: cost=10526452.05  viol=4161944521.1408  obj=4161955047592.88 | best_so_far: cost=19727712.33  viol=4154090248.2308  obj=4154109975943.16
[Run 16 | Iter 233] iter_best: cost=11551589.04  viol=4160873899.1868  obj=4160885450775.87 | best_so_far: cost=19727712.33  viol=4154090248.2308  obj=4154109975943.16
[Run 16 | Iter 234] iter_best: cost=11451589.04  viol=4161703357.1908  obj=4161714808779.87 | best_so_far: cost=19727712.33  viol=4154090248.2308  obj=4154109975943.16
[Run 16 | Iter 235] iter_best: cost=11601589.04  viol=4160459170.1908  obj=4160470771779.87 | best_so_far: cost=19727712.33  viol=4154090248.2308  obj=4154109975943.16
[Run 16 | Iter 236] iter_best: cost=11901643.84  viol=4160899477.1508  obj=4160911378794.66 | best_so_far: cost=19727712.33  viol=4154090248.2308  obj=4154109975943.16
[Run 16 | Iter 237] iter_best: cost=13551863.01  viol=4159147384.1408  obj=4159160936003.84 | best_so_far: cost=19727712.33  viol=4154090248.2308  obj=4154109975943.16
[Run 16 | Iter 238] iter_best: cost=12176671.23  viol=4160192428.1908  obj=4160204604862.06 | best_so_far: cost=19727712.33  viol=4154090248.2308  obj=4154109975943.16
[Run 16 | FE 7168] best_local_obj=4154109975943.16  best_local_cost=19727712.33  best_local_viol=4154090248.2308
[Run 16 | Iter 239] iter_best: cost=13151808.22  viol=4159536535.1808  obj=4159549686989.05 | best_so_far: cost=19727712.33  viol=4154090248.2308  obj=4154109975943.16
[Run 16 | Iter 240] iter_best: cost=11501589.04  viol=4161288628.2208  obj=4161300129809.87 | best_so_far: cost=19727712.33  viol=4154090248.2308  obj=4154109975943.16
[Run 16 | Iter 241] iter_best: cost=10576452.05  viol=4161529792.1908  obj=4161540368642.88 | best_so_far: cost=19727712.33  viol=4154090248.2308  obj=4154109975943.16
[Run 16 | Iter 242] iter_best: cost=10626452.05  viol=4161115063.1908  obj=4161125689642.88 | best_so_far: cost=19727712.33  viol=4154090248.2308  obj=4154109975943.16
[Run 16 | Iter 243] iter_best: cost=11251534.25  viol=4160433592.1908  obj=4160444843725.08 | best_so_far: cost=19727712.33  viol=4154090248.2308  obj=4154109975943.16
[Run 16 | Iter 244] iter_best: cost=10576452.05  viol=4161529792.1708  obj=4161540368622.88 | best_so_far: cost=19727712.33  viol=4154090248.2308  obj=4154109975943.16
[Run 16 | Iter 245] iter_best: cost=14226945.21  viol=4158051184.2308  obj=4158065411176.03 | best_so_far: cost=19727712.33  viol=4154090248.2308  obj=4154109975943.16
[Run 16 | Iter 246] iter_best: cost=10576452.05  viol=4161529792.1908  obj=4161540368642.88 | best_so_far: cost=19727712.33  viol=4154090248.2308  obj=4154109975943.16
[Run 16 | Iter 247] iter_best: cost=10576452.05  viol=4161529792.2208  obj=4161540368672.88 | best_so_far: cost=19727712.33  viol=4154090248.2308  obj=4154109975943.16
[Run 16 | FE 7424] best_local_obj=4154109975943.16  best_local_cost=19727712.33  best_local_viol=4154090248.2308
[Run 16 | Iter 248] iter_best: cost=14427000.00  viol=4159320949.2028  obj=4159335376202.83 | best_so_far: cost=19727712.33  viol=4154090248.2308  obj=4154109975943.16
[Run 16 | Iter 249] iter_best: cost=15202082.19  viol=4157395291.1908  obj=4157410493273.02 | best_so_far: cost=19727712.33  viol=4154090248.2308  obj=4154109975943.16
[Run 16 | Iter 250] iter_best: cost=14427000.00  viol=4159320949.1908  obj=4159335376190.83 | best_so_far: cost=19727712.33  viol=4154090248.2308  obj=4154109975943.16
[Run 16 | Iter 251] iter_best: cost=9551315.07  viol=4162600414.1868  obj=4162609965501.90 | best_so_far: cost=19727712.33  viol=4154090248.2308  obj=4154109975943.16
[Run 16 | Iter 252] iter_best: cost=11501589.04  viol=4161288628.1908  obj=4161300129779.87 | best_so_far: cost=19727712.33  viol=4154090248.2308  obj=4154109975943.16
[Run 16 | Iter 253] iter_best: cost=14226945.21  viol=4158051184.2208  obj=4158065411166.03 | best_so_far: cost=19727712.33  viol=4154090248.2308  obj=4154109975943.16
[Run 16 | Iter 254] iter_best: cost=14226945.21  viol=4158051184.1908  obj=4158065411136.03 | best_so_far: cost=19727712.33  viol=4154090248.2308  obj=4154109975943.16
[Run 16 | Iter 255] iter_best: cost=14226945.21  viol=4158051184.1908  obj=4158065411136.03 | best_so_far: cost=19727712.33  viol=4154090248.2308  obj=4154109975943.16
[Run 16 | FE 7680] best_local_obj=4154109975943.16  best_local_cost=19727712.33  best_local_viol=4154090248.2308
[Run 16 | Iter 256] iter_best: cost=12276671.23  viol=4159362970.1908  obj=4159375246862.06 | best_so_far: cost=19727712.33  viol=4154090248.2308  obj=4154109975943.16
[Run 16 | Iter 257] iter_best: cost=14902027.40  viol=4156954984.2208  obj=4156969886248.23 | best_so_far: cost=19727712.33  viol=4154090248.2308  obj=4154109975943.16
[Run 16 | Iter 258] iter_best: cost=12526726.03  viol=4160218006.1908  obj=4160230532916.86 | best_so_far: cost=19727712.33  viol=4154090248.2308  obj=4154109975943.16
[Run 16 | Iter 259] iter_best: cost=15502136.99  viol=4157835598.1918  obj=4157851100328.82 | best_so_far: cost=19727712.33  viol=4154090248.2308  obj=4154109975943.16
[Run 16 | Iter 260] iter_best: cost=12226671.23  viol=4159777699.1908  obj=4159789925862.06 | best_so_far: cost=19727712.33  viol=4154090248.2308  obj=4154109975943.16
[Run 16 | Iter 261] iter_best: cost=13151808.22  viol=4159536535.1908  obj=4159549686999.05 | best_so_far: cost=19727712.33  viol=4154090248.2308  obj=4154109975943.16
[Run 16 | Iter 262] iter_best: cost=12576726.03  viol=4159803277.1908  obj=4159815853916.86 | best_so_far: cost=19727712.33  viol=4154090248.2308  obj=4154109975943.16
[Run 16 | Iter 263] iter_best: cost=13851917.81  viol=4159587691.1908  obj=4159601543108.64 | best_so_far: cost=19727712.33  viol=4154090248.2308  obj=4154109975943.16
[Run 16 | Iter 264] iter_best: cost=14852027.40  viol=4157369713.1908  obj=4157384565218.23 | best_so_far: cost=19727712.33  viol=4154090248.2308  obj=4154109975943.16
[Run 16 | FE 7936] best_local_obj=4154109975943.16  best_local_cost=19727712.33  best_local_viol=4154090248.2308
[Run 16 | Iter 265] iter_best: cost=14126945.21  viol=4158880642.1908  obj=4158894769136.03 | best_so_far: cost=19727712.33  viol=4154090248.2308  obj=4154109975943.16
[Run 16 | Iter 266] iter_best: cost=12476726.03  viol=4160632735.1908  obj=4160645211916.86 | best_so_far: cost=19727712.33  viol=4154090248.2308  obj=4154109975943.16
[Run 16 | Iter 267] iter_best: cost=14527000.00  viol=4158491491.1718  obj=4158506018171.83 | best_so_far: cost=19727712.33  viol=4154090248.2308  obj=4154109975943.16
[Run 16 | Iter 268] iter_best: cost=12176671.23  viol=4160192428.1908  obj=4160204604862.06 | best_so_far: cost=19727712.33  viol=4154090248.2308  obj=4154109975943.16
[Run 16 | Iter 269] iter_best: cost=11501589.04  viol=4161288628.1908  obj=4161300129779.87 | best_so_far: cost=19727712.33  viol=4154090248.2308  obj=4154109975943.16
[Run 16 | Iter 270] iter_best: cost=12276671.23  viol=4159362970.1908  obj=4159375246862.06 | best_so_far: cost=19727712.33  viol=4154090248.2308  obj=4154109975943.16
[Run 16 | Iter 271] iter_best: cost=11551589.04  viol=4160873899.1908  obj=4160885450779.87 | best_so_far: cost=19727712.33  viol=4154090248.2308  obj=4154109975943.16
[Run 16 | Iter 272] iter_best: cost=13551863.01  viol=4159147384.1508  obj=4159160936013.84 | best_so_far: cost=19727712.33  viol=4154090248.2308  obj=4154109975943.16
[Run 16 | Iter 273] iter_best: cost=11251534.25  viol=4160433592.1908  obj=4160444843725.08 | best_so_far: cost=19727712.33  viol=4154090248.2308  obj=4154109975943.16
[Run 16 | FE 8192] best_local_obj=4154109975943.16  best_local_cost=19727712.33  best_local_viol=4154090248.2308
[Run 16 | Iter 274] iter_best: cost=9601315.07  viol=4162185685.1908  obj=4162195286505.90 | best_so_far: cost=19727712.33  viol=4154090248.2308  obj=4154109975943.16
[Run 16 | Iter 275] iter_best: cost=13601863.01  viol=4158732655.1408  obj=4158746257003.84 | best_so_far: cost=19727712.33  viol=4154090248.2308  obj=4154109975943.16
[Run 16 | Iter 276] iter_best: cost=18127493.15  viol=4155427612.2208  obj=4155445739713.98 | best_so_far: cost=19727712.33  viol=4154090248.2308  obj=4154109975943.16
[Run 16 | Iter 277] iter_best: cost=12526726.03  viol=4160218006.2108  obj=4160230532936.86 | best_so_far: cost=19727712.33  viol=4154090248.2308  obj=4154109975943.16
[Run 16 | Iter 278] iter_best: cost=15202082.19  viol=4157395291.1708  obj=4157410493253.02 | best_so_far: cost=19727712.33  viol=4154090248.2308  obj=4154109975943.16
[Run 16 | Iter 279] iter_best: cost=16852301.37  viol=4155643198.1908  obj=4155660050492.20 | best_so_far: cost=19727712.33  viol=4154090248.2308  obj=4154109975943.16
[Run 16 | Iter 280] iter_best: cost=12226671.23  viol=4159777699.1908  obj=4159789925862.06 | best_so_far: cost=19727712.33  viol=4154090248.2308  obj=4154109975943.16
[Run 16 | Iter 281] iter_best: cost=13501863.01  viol=4159562113.1908  obj=4159575615053.84 | best_so_far: cost=19727712.33  viol=4154090248.2308  obj=4154109975943.16
[Run 16 | FE 8448] best_local_obj=4154109975943.16  best_local_cost=19727712.33  best_local_viol=4154090248.2308
[Run 16 | Iter 282] iter_best: cost=13851917.81  viol=4159587691.1908  obj=4159601543108.64 | best_so_far: cost=19727712.33  viol=4154090248.2308  obj=4154109975943.16
[Run 16 | Iter 283] iter_best: cost=14527000.00  viol=4158491491.2208  obj=4158506018220.83 | best_so_far: cost=19727712.33  viol=4154090248.2308  obj=4154109975943.16
[Run 16 | Iter 284] iter_best: cost=12526726.03  viol=4160218006.1908  obj=4160230532916.86 | best_so_far: cost=19727712.33  viol=4154090248.2308  obj=4154109975943.16
[Run 16 | Iter 285] iter_best: cost=15152082.19  viol=4157810020.1908  obj=4157825172273.02 | best_so_far: cost=19727712.33  viol=4154090248.2308  obj=4154109975943.16
[Run 16 | Iter 286] iter_best: cost=13501863.01  viol=4159562113.1908  obj=4159575615053.84 | best_so_far: cost=19727712.33  viol=4154090248.2308  obj=4154109975943.16
[Run 16 | Iter 287] iter_best: cost=13551863.01  viol=4159147384.2308  obj=4159160936093.84 | best_so_far: cost=19727712.33  viol=4154090248.2308  obj=4154109975943.16
[Run 16 | Iter 288] iter_best: cost=16077219.18  viol=4157568856.1908  obj=4157584933410.01 | best_so_far: cost=19727712.33  viol=4154090248.2308  obj=4154109975943.16
[Run 16 | Iter 289] iter_best: cost=12476726.03  viol=4160632735.1908  obj=4160645211916.86 | best_so_far: cost=19727712.33  viol=4154090248.2308  obj=4154109975943.16
[Run 16 | Iter 290] iter_best: cost=13251808.22  viol=4158707077.1908  obj=4158720328999.05 | best_so_far: cost=19727712.33  viol=4154090248.2308  obj=4154109975943.16
[Run 16 | FE 8704] best_local_obj=4154109975943.16  best_local_cost=19727712.33  best_local_viol=4154090248.2308
[Run 16 | Iter 291] iter_best: cost=11201534.25  viol=4160848321.1908  obj=4160859522725.08 | best_so_far: cost=19727712.33  viol=4154090248.2308  obj=4154109975943.16
[Run 16 | Iter 292] iter_best: cost=12176671.23  viol=4160192428.1908  obj=4160204604862.06 | best_so_far: cost=19727712.33  viol=4154090248.2308  obj=4154109975943.16
[Run 16 | Iter 293] iter_best: cost=12226671.23  viol=4159777699.1708  obj=4159789925842.06 | best_so_far: cost=19727712.33  viol=4154090248.2308  obj=4154109975943.16
[Run 16 | Iter 294] iter_best: cost=9601315.07  viol=4162185685.1908  obj=4162195286505.90 | best_so_far: cost=19727712.33  viol=4154090248.2308  obj=4154109975943.16
[Run 16 | Iter 295] iter_best: cost=11601589.04  viol=4160459170.1908  obj=4160470771779.87 | best_so_far: cost=19727712.33  viol=4154090248.2308  obj=4154109975943.16
[Run 16 | Iter 296] iter_best: cost=11601589.04  viol=4160459170.1908  obj=4160470771779.87 | best_so_far: cost=19727712.33  viol=4154090248.2308  obj=4154109975943.16
[Run 16 | Iter 297] iter_best: cost=12476726.03  viol=4160632735.2208  obj=4160645211946.86 | best_so_far: cost=19727712.33  viol=4154090248.2308  obj=4154109975943.16
[Run 16 | Iter 298] iter_best: cost=15202082.19  viol=4157395291.1908  obj=4157410493273.02 | best_so_far: cost=19727712.33  viol=4154090248.2308  obj=4154109975943.16
[Run 16 | FE 8960] best_local_obj=4154109975943.16  best_local_cost=19727712.33  best_local_viol=4154090248.2308
[Run 16 | Iter 299] iter_best: cost=10626452.05  viol=4161115063.1908  obj=4161125689642.88 | best_so_far: cost=19727712.33  viol=4154090248.2308  obj=4154109975943.16
[Run 16 | Iter 300] iter_best: cost=13201808.22  viol=4159121806.1908  obj=4159135007999.05 | best_so_far: cost=19727712.33  viol=4154090248.2308  obj=4154109975943.16
[Run 16 | Iter 301] iter_best: cost=15152082.19  viol=4157810020.2208  obj=4157825172303.02 | best_so_far: cost=19727712.33  viol=4154090248.2308  obj=4154109975943.16
[Run 16 | Iter 302] iter_best: cost=12176671.23  viol=4160192428.2208  obj=4160204604892.06 | best_so_far: cost=19727712.33  viol=4154090248.2308  obj=4154109975943.16
[Run 16 | Iter 303] iter_best: cost=12426726.03  viol=4161047464.1908  obj=4161059890916.86 | best_so_far: cost=19727712.33  viol=4154090248.2308  obj=4154109975943.16
[Run 16 | Iter 304] iter_best: cost=11501589.04  viol=4161288628.1908  obj=4161300129779.87 | best_so_far: cost=19727712.33  viol=4154090248.2308  obj=4154109975943.16
