[RunConfig] run_id=10 seed=1010
[OutputDir] /work/home/acn1eb8nfq/yuezhang46/UScode/US实验一：横向对比/aco_global_logs/run_10_seed_1010
[Info] #nodes = 4301
[Load] Reading scenarios ...
  - 2020: raw edges=5296, days=366
  - 2025: raw edges=5296, days=365
  - 2030: raw edges=5296, days=365
  - 2035: raw edges=5296, days=365
  - 2040: raw edges=5296, days=366
[Filter] EDGE_WEIGHT_MIN=1.0
  - active_nodes=2914  inactive_nodes(fixed NONE)=1387
  - 2020: removed=2048, kept=3248
  - 2025: removed=2048, kept=3248
  - 2030: removed=2048, kept=3248
  - 2035: removed=2048, kept=3248
  - 2040: removed=2048, kept=3248
  - 2020: filtered edges (active subgraph)=3248
  - 2025: filtered edges (active subgraph)=3248
  - 2030: filtered edges (active subgraph)=3248
  - 2035: filtered edges (active subgraph)=3248
  - 2040: filtered edges (active subgraph)=3248
[ACO] Pheromone and heuristic initialized.
[ACO] Iterate under FE budget ...
[Run 10 | Iter 1] iter_best: cost=13251808.22  viol=4158707077.1908  obj=4158720328999.05 | best_so_far: cost=13251808.22  viol=4158707077.1908  obj=4158720328999.05
[Run 10 | Iter 2] iter_best: cost=14952027.40  viol=4156540255.1908  obj=4156555207218.23 | best_so_far: cost=14952027.40  viol=4156540255.1908  obj=4156555207218.23
[Run 10 | Iter 3] iter_best: cost=12476726.03  viol=4160632735.2208  obj=4160645211946.86 | best_so_far: cost=14952027.40  viol=4156540255.1908  obj=4156555207218.23
[Run 10 | Iter 4] iter_best: cost=14176945.21  viol=4158465913.1868  obj=4158480090132.03 | best_so_far: cost=14952027.40  viol=4156540255.1908  obj=4156555207218.23
[Run 10 | Iter 5] iter_best: cost=11201534.25  viol=4160848321.1908  obj=4160859522725.08 | best_so_far: cost=14952027.40  viol=4156540255.1908  obj=4156555207218.23
[Run 10 | Iter 6] iter_best: cost=13201808.22  viol=4159121806.1608  obj=4159135007969.05 | best_so_far: cost=14952027.40  viol=4156540255.1908  obj=4156555207218.23
[Run 10 | Iter 7] iter_best: cost=13451863.01  viol=4159976842.1908  obj=4159990294053.84 | best_so_far: cost=14952027.40  viol=4156540255.1908  obj=4156555207218.23
[Run 10 | Iter 8] iter_best: cost=14577000.00  viol=4158076762.2208  obj=4158091339220.83 | best_so_far: cost=14952027.40  viol=4156540255.1908  obj=4156555207218.23
[Run 10 | FE 256] best_local_obj=4156555207218.23  best_local_cost=14952027.40  best_local_viol=4156540255.1908
[Run 10 | Iter 9] iter_best: cost=12526726.03  viol=4160218006.1908  obj=4160230532916.86 | best_so_far: cost=14952027.40  viol=4156540255.1908  obj=4156555207218.23
[Run 10 | Iter 10] iter_best: cost=13201808.22  viol=4159121806.1908  obj=4159135007999.05 | best_so_far: cost=14952027.40  viol=4156540255.1908  obj=4156555207218.23
[Run 10 | Iter 11] iter_best: cost=15877164.38  viol=4156299091.1908  obj=4156314968355.21 | best_so_far: cost=15877164.38  viol=4156299091.1908  obj=4156314968355.21
[Run 10 | Iter 12] iter_best: cost=12176671.23  viol=4160192428.1908  obj=4160204604862.06 | best_so_far: cost=15877164.38  viol=4156299091.1908  obj=4156314968355.21
[Run 10 | Iter 13] iter_best: cost=13151808.22  viol=4159536535.1908  obj=4159549686999.05 | best_so_far: cost=15877164.38  viol=4156299091.1908  obj=4156314968355.21
[Run 10 | Iter 14] iter_best: cost=17452410.96  viol=4156523812.2608  obj=4156541264671.79 | best_so_far: cost=15877164.38  viol=4156299091.1908  obj=4156314968355.21
[Run 10 | Iter 15] iter_best: cost=12176671.23  viol=4160192428.1890  obj=4160204604860.26 | best_so_far: cost=15877164.38  viol=4156299091.1908  obj=4156314968355.21
[Run 10 | Iter 16] iter_best: cost=14226945.21  viol=4158051184.1908  obj=4158065411136.03 | best_so_far: cost=15877164.38  viol=4156299091.1908  obj=4156314968355.21
[Run 10 | Iter 17] iter_best: cost=10476452.05  viol=4162359250.1908  obj=4162369726642.88 | best_so_far: cost=15877164.38  viol=4156299091.1908  obj=4156314968355.21
[Run 10 | FE 512] best_local_obj=4156314968355.21  best_local_cost=15877164.38  best_local_viol=4156299091.1908
[Run 10 | Iter 18] iter_best: cost=13201808.22  viol=4159121806.1908  obj=4159135007999.05 | best_so_far: cost=15877164.38  viol=4156299091.1908  obj=4156314968355.21
[Run 10 | Iter 19] iter_best: cost=15152082.19  viol=4157810020.2208  obj=4157825172303.02 | best_so_far: cost=15877164.38  viol=4156299091.1908  obj=4156314968355.21
[Run 10 | Iter 20] iter_best: cost=11251534.25  viol=4160433592.1908  obj=4160444843725.08 | best_so_far: cost=15877164.38  viol=4156299091.1908  obj=4156314968355.21
[Run 10 | Iter 21] iter_best: cost=12901753.42  viol=4158681499.1908  obj=4158694400944.25 | best_so_far: cost=15877164.38  viol=4156299091.1908  obj=4156314968355.21
[Run 10 | Iter 22] iter_best: cost=12826780.82  viol=4160658313.2208  obj=4160671140001.65 | best_so_far: cost=15877164.38  viol=4156299091.1908  obj=4156314968355.21
[Run 10 | Iter 23] iter_best: cost=14176945.21  viol=4158465913.1908  obj=4158480090136.03 | best_so_far: cost=15877164.38  viol=4156299091.1908  obj=4156314968355.21
[Run 10 | Iter 24] iter_best: cost=12476726.03  viol=4160632735.2208  obj=4160645211946.86 | best_so_far: cost=15877164.38  viol=4156299091.1908  obj=4156314968355.21
[Run 10 | Iter 25] iter_best: cost=12226671.23  viol=4159777699.1908  obj=4159789925862.06 | best_so_far: cost=15877164.38  viol=4156299091.1908  obj=4156314968355.21
[Run 10 | FE 768] best_local_obj=4156314968355.21  best_local_cost=15877164.38  best_local_viol=4156299091.1908
[Run 10 | Iter 26] iter_best: cost=12226671.23  viol=4159777699.1908  obj=4159789925862.06 | best_so_far: cost=15877164.38  viol=4156299091.1908  obj=4156314968355.21
[Run 10 | Iter 27] iter_best: cost=12426726.03  viol=4161047464.1908  obj=4161059890916.86 | best_so_far: cost=15877164.38  viol=4156299091.1908  obj=4156314968355.21
[Run 10 | Iter 28] iter_best: cost=12876780.82  viol=4160243584.1808  obj=4160256460961.65 | best_so_far: cost=15877164.38  viol=4156299091.1908  obj=4156314968355.21
[Run 10 | Iter 29] iter_best: cost=13451863.01  viol=4159976842.1908  obj=4159990294053.84 | best_so_far: cost=15877164.38  viol=4156299091.1908  obj=4156314968355.21
[Run 10 | Iter 30] iter_best: cost=13551863.01  viol=4159147384.2208  obj=4159160936083.84 | best_so_far: cost=15877164.38  viol=4156299091.1908  obj=4156314968355.21
[Run 10 | Iter 31] iter_best: cost=13201808.22  viol=4159121806.1708  obj=4159135007979.05 | best_so_far: cost=15877164.38  viol=4156299091.1908  obj=4156314968355.21
[Run 10 | Iter 32] iter_best: cost=12226671.23  viol=4159777699.1908  obj=4159789925862.06 | best_so_far: cost=15877164.38  viol=4156299091.1908  obj=4156314968355.21
[Run 10 | Iter 33] iter_best: cost=15102082.19  viol=4158224749.1868  obj=4158239851269.02 | best_so_far: cost=15877164.38  viol=4156299091.1908  obj=4156314968355.21
[Run 10 | Iter 34] iter_best: cost=12226671.23  viol=4159777699.1908  obj=4159789925862.06 | best_so_far: cost=15877164.38  viol=4156299091.1908  obj=4156314968355.21
[Run 10 | FE 1024] best_local_obj=4156314968355.21  best_local_cost=15877164.38  best_local_viol=4156299091.1908
[Run 10 | Iter 35] iter_best: cost=13501863.01  viol=4159562113.2008  obj=4159575615063.84 | best_so_far: cost=15877164.38  viol=4156299091.1908  obj=4156314968355.21
[Run 10 | Iter 36] iter_best: cost=11501589.04  viol=4161288628.1908  obj=4161300129779.87 | best_so_far: cost=15877164.38  viol=4156299091.1908  obj=4156314968355.21
[Run 10 | Iter 37] iter_best: cost=11201534.25  viol=4160848321.1908  obj=4160859522725.08 | best_so_far: cost=15877164.38  viol=4156299091.1908  obj=4156314968355.21
[Run 10 | Iter 38] iter_best: cost=12526726.03  viol=4160218006.1908  obj=4160230532916.86 | best_so_far: cost=15877164.38  viol=4156299091.1908  obj=4156314968355.21
[Run 10 | Iter 39] iter_best: cost=11251534.25  viol=4160433592.1908  obj=4160444843725.08 | best_so_far: cost=15877164.38  viol=4156299091.1908  obj=4156314968355.21
[Run 10 | Iter 40] iter_best: cost=9901369.86  viol=4162625992.1908  obj=4162635893560.69 | best_so_far: cost=15877164.38  viol=4156299091.1908  obj=4156314968355.21
[Run 10 | Iter 41] iter_best: cost=10526452.05  viol=4161944521.1908  obj=4161955047642.88 | best_so_far: cost=15877164.38  viol=4156299091.1908  obj=4156314968355.21
[Run 10 | Iter 42] iter_best: cost=11501589.04  viol=4161288628.1708  obj=4161300129759.87 | best_so_far: cost=15877164.38  viol=4156299091.1908  obj=4156314968355.21
[Run 10 | FE 1280] best_local_obj=4156314968355.21  best_local_cost=15877164.38  best_local_viol=4156299091.1908
[Run 10 | Iter 43] iter_best: cost=11551589.04  viol=4160873899.1908  obj=4160885450779.87 | best_so_far: cost=15877164.38  viol=4156299091.1908  obj=4156314968355.21
[Run 10 | Iter 44] iter_best: cost=15102082.19  viol=4158224749.1610  obj=4158239851243.22 | best_so_far: cost=15877164.38  viol=4156299091.1908  obj=4156314968355.21
[Run 10 | Iter 45] iter_best: cost=11251534.25  viol=4160433592.1908  obj=4160444843725.08 | best_so_far: cost=15877164.38  viol=4156299091.1908  obj=4156314968355.21
[Run 10 | Iter 46] iter_best: cost=12526726.03  viol=4160218006.1908  obj=4160230532916.86 | best_so_far: cost=15877164.38  viol=4156299091.1908  obj=4156314968355.21
[Run 10 | Iter 47] iter_best: cost=15152082.19  viol=4157810020.1908  obj=4157825172273.02 | best_so_far: cost=15877164.38  viol=4156299091.1908  obj=4156314968355.21
[Run 10 | Iter 48] iter_best: cost=13451863.01  viol=4159976842.1908  obj=4159990294053.84 | best_so_far: cost=15877164.38  viol=4156299091.1908  obj=4156314968355.21
[Run 10 | Iter 49] iter_best: cost=11501589.04  viol=4161288628.2208  obj=4161300129809.87 | best_so_far: cost=15877164.38  viol=4156299091.1908  obj=4156314968355.21
[Run 10 | Iter 50] iter_best: cost=11451589.04  viol=4161703357.2308  obj=4161714808819.87 | best_so_far: cost=15877164.38  viol=4156299091.1908  obj=4156314968355.21
[Run 10 | Iter 51] iter_best: cost=13151808.22  viol=4159536535.1908  obj=4159549686999.05 | best_so_far: cost=15877164.38  viol=4156299091.1908  obj=4156314968355.21
[Run 10 | FE 1536] best_local_obj=4156314968355.21  best_local_cost=15877164.38  best_local_viol=4156299091.1908
[Run 10 | Iter 52] iter_best: cost=11551589.04  viol=4160873899.2208  obj=4160885450809.87 | best_so_far: cost=15877164.38  viol=4156299091.1908  obj=4156314968355.21
[Run 10 | Iter 53] iter_best: cost=12576726.03  viol=4159803277.1908  obj=4159815853916.86 | best_so_far: cost=15877164.38  viol=4156299091.1908  obj=4156314968355.21
[Run 10 | Iter 54] iter_best: cost=11901643.84  viol=4160899477.1508  obj=4160911378794.66 | best_so_far: cost=15877164.38  viol=4156299091.1908  obj=4156314968355.21
[Run 10 | Iter 55] iter_best: cost=15252082.19  viol=4156980562.1908  obj=4156995814273.02 | best_so_far: cost=15877164.38  viol=4156299091.1908  obj=4156314968355.21
[Run 10 | Iter 56] iter_best: cost=10826506.85  viol=4162384828.2208  obj=4162395654727.68 | best_so_far: cost=15877164.38  viol=4156299091.1908  obj=4156314968355.21
[Run 10 | Iter 57] iter_best: cost=12576726.03  viol=4159803277.1908  obj=4159815853916.86 | best_so_far: cost=15877164.38  viol=4156299091.1908  obj=4156314968355.21
[Run 10 | Iter 58] iter_best: cost=11551589.04  viol=4160873899.1908  obj=4160885450779.87 | best_so_far: cost=15877164.38  viol=4156299091.1908  obj=4156314968355.21
[Run 10 | Iter 59] iter_best: cost=10526452.05  viol=4161944521.1908  obj=4161955047642.88 | best_so_far: cost=15877164.38  viol=4156299091.1908  obj=4156314968355.21
[Run 10 | FE 1792] best_local_obj=4156314968355.21  best_local_cost=15877164.38  best_local_viol=4156299091.1908
[Run 10 | Iter 60] iter_best: cost=13151808.22  viol=4159536535.1908  obj=4159549686999.05 | best_so_far: cost=15877164.38  viol=4156299091.1908  obj=4156314968355.21
[Run 10 | Iter 61] iter_best: cost=14477000.00  viol=4158906220.1908  obj=4158920697190.83 | best_so_far: cost=15877164.38  viol=4156299091.1908  obj=4156314968355.21
[Run 10 | Iter 62] iter_best: cost=13851917.81  viol=4159587691.2308  obj=4159601543148.64 | best_so_far: cost=15877164.38  viol=4156299091.1908  obj=4156314968355.21
[Run 10 | Iter 63] iter_best: cost=11801643.84  viol=4161728935.2308  obj=4161740736874.66 | best_so_far: cost=15877164.38  viol=4156299091.1908  obj=4156314968355.21
[Run 10 | Iter 64] iter_best: cost=10826506.85  viol=4162384828.1908  obj=4162395654697.68 | best_so_far: cost=15877164.38  viol=4156299091.1908  obj=4156314968355.21
[Run 10 | Iter 65] iter_best: cost=13201808.22  viol=4159121806.1908  obj=4159135007999.05 | best_so_far: cost=15877164.38  viol=4156299091.1908  obj=4156314968355.21
[Run 10 | Iter 66] iter_best: cost=10576452.05  viol=4161529792.1908  obj=4161540368642.88 | best_so_far: cost=15877164.38  viol=4156299091.1908  obj=4156314968355.21
[Run 10 | Iter 67] iter_best: cost=14126945.21  viol=4158880642.1908  obj=4158894769136.03 | best_so_far: cost=15877164.38  viol=4156299091.1908  obj=4156314968355.21
[Run 10 | Iter 68] iter_best: cost=10626452.05  viol=4161115063.1908  obj=4161125689642.88 | best_so_far: cost=15877164.38  viol=4156299091.1908  obj=4156314968355.21
[Run 10 | FE 2048] best_local_obj=4156314968355.21  best_local_cost=15877164.38  best_local_viol=4156299091.1908
[Run 10 | Iter 69] iter_best: cost=13501863.01  viol=4159562113.1908  obj=4159575615053.84 | best_so_far: cost=15877164.38  viol=4156299091.1908  obj=4156314968355.21
[Run 10 | Iter 70] iter_best: cost=13551863.01  viol=4159147384.2208  obj=4159160936083.84 | best_so_far: cost=15877164.38  viol=4156299091.1908  obj=4156314968355.21
[Run 10 | Iter 71] iter_best: cost=13751917.81  viol=4160417149.1908  obj=4160430901108.64 | best_so_far: cost=15877164.38  viol=4156299091.1908  obj=4156314968355.21
[Run 10 | Iter 72] iter_best: cost=12226671.23  viol=4159777699.1908  obj=4159789925862.06 | best_so_far: cost=15877164.38  viol=4156299091.1908  obj=4156314968355.21
[Run 10 | Iter 73] iter_best: cost=13201808.22  viol=4159121806.1908  obj=4159135007999.05 | best_so_far: cost=15877164.38  viol=4156299091.1908  obj=4156314968355.21
[Run 10 | Iter 74] iter_best: cost=12526726.03  viol=4160218006.1908  obj=4160230532916.86 | best_so_far: cost=15877164.38  viol=4156299091.1908  obj=4156314968355.21
[Run 10 | Iter 75] iter_best: cost=14176945.21  viol=4158465913.1908  obj=4158480090136.03 | best_so_far: cost=15877164.38  viol=4156299091.1908  obj=4156314968355.21
[Run 10 | Iter 76] iter_best: cost=11501589.04  viol=4161288628.1908  obj=4161300129779.87 | best_so_far: cost=15877164.38  viol=4156299091.1908  obj=4156314968355.21
[Run 10 | FE 2304] best_local_obj=4156314968355.21  best_local_cost=15877164.38  best_local_viol=4156299091.1908
[Run 10 | Iter 77] iter_best: cost=14527000.00  viol=4158491491.1908  obj=4158506018190.83 | best_so_far: cost=15877164.38  viol=4156299091.1908  obj=4156314968355.21
[Run 10 | Iter 78] iter_best: cost=11501589.04  viol=4161288628.1908  obj=4161300129779.87 | best_so_far: cost=15877164.38  viol=4156299091.1908  obj=4156314968355.21
[Run 10 | Iter 79] iter_best: cost=12526726.03  viol=4160218006.1908  obj=4160230532916.86 | best_so_far: cost=15877164.38  viol=4156299091.1908  obj=4156314968355.21
[Run 10 | Iter 80] iter_best: cost=13251808.22  viol=4158707077.1908  obj=4158720328999.05 | best_so_far: cost=15877164.38  viol=4156299091.1908  obj=4156314968355.21
[Run 10 | Iter 81] iter_best: cost=11501589.04  viol=4161288628.1508  obj=4161300129739.87 | best_so_far: cost=15877164.38  viol=4156299091.1908  obj=4156314968355.21
[Run 10 | Iter 82] iter_best: cost=14852027.40  viol=4157369713.1608  obj=4157384565188.23 | best_so_far: cost=15877164.38  viol=4156299091.1908  obj=4156314968355.21
[Run 10 | Iter 83] iter_best: cost=13451863.01  viol=4159976842.2208  obj=4159990294083.84 | best_so_far: cost=15877164.38  viol=4156299091.1908  obj=4156314968355.21
[Run 10 | Iter 84] iter_best: cost=10476452.05  viol=4162359250.1908  obj=4162369726642.88 | best_so_far: cost=15877164.38  viol=4156299091.1908  obj=4156314968355.21
[Run 10 | Iter 85] iter_best: cost=13201808.22  viol=4159121806.1708  obj=4159135007979.05 | best_so_far: cost=15877164.38  viol=4156299091.1908  obj=4156314968355.21
[Run 10 | FE 2560] best_local_obj=4156314968355.21  best_local_cost=15877164.38  best_local_viol=4156299091.1908
[Run 10 | Iter 86] iter_best: cost=11551589.04  viol=4160873899.1908  obj=4160885450779.87 | best_so_far: cost=15877164.38  viol=4156299091.1908  obj=4156314968355.21
[Run 10 | Iter 87] iter_best: cost=15202082.19  viol=4157395291.1908  obj=4157410493273.02 | best_so_far: cost=15877164.38  viol=4156299091.1908  obj=4156314968355.21
[Run 10 | Iter 88] iter_best: cost=11801643.84  viol=4161728935.1918  obj=4161740736835.66 | best_so_far: cost=15877164.38  viol=4156299091.1908  obj=4156314968355.21
[Run 10 | Iter 89] iter_best: cost=16552246.58  viol=4155202891.1908  obj=4155219443437.40 | best_so_far: cost=16552246.58  viol=4155202891.1908  obj=4155219443437.40
[Run 10 | Iter 90] iter_best: cost=13201808.22  viol=4159121806.2331  obj=4159135008041.35 | best_so_far: cost=16552246.58  viol=4155202891.1908  obj=4155219443437.40
[Run 10 | Iter 91] iter_best: cost=13251808.22  viol=4158707077.1908  obj=4158720328999.05 | best_so_far: cost=16552246.58  viol=4155202891.1908  obj=4155219443437.40
[Run 10 | Iter 92] iter_best: cost=12526726.03  viol=4160218006.2208  obj=4160230532946.86 | best_so_far: cost=16552246.58  viol=4155202891.1908  obj=4155219443437.40
[Run 10 | Iter 93] iter_best: cost=9601315.07  viol=4162185685.1908  obj=4162195286505.90 | best_so_far: cost=16552246.58  viol=4155202891.1908  obj=4155219443437.40
[Run 10 | FE 2816] best_local_obj=4155219443437.40  best_local_cost=16552246.58  best_local_viol=4155202891.1908
[Run 10 | Iter 94] iter_best: cost=12826780.82  viol=4160658313.1908  obj=4160671139971.65 | best_so_far: cost=16552246.58  viol=4155202891.1908  obj=4155219443437.40
[Run 10 | Iter 95] iter_best: cost=12526726.03  viol=4160218006.1908  obj=4160230532916.86 | best_so_far: cost=16552246.58  viol=4155202891.1908  obj=4155219443437.40
[Run 10 | Iter 96] iter_best: cost=13551863.01  viol=4159147384.1908  obj=4159160936053.84 | best_so_far: cost=16552246.58  viol=4155202891.1908  obj=4155219443437.40
[Run 10 | Iter 97] iter_best: cost=12576726.03  viol=4159803277.2808  obj=4159815854006.86 | best_so_far: cost=16552246.58  viol=4155202891.1908  obj=4155219443437.40
[Run 10 | Iter 98] iter_best: cost=14226945.21  viol=4158051184.1908  obj=4158065411136.03 | best_so_far: cost=16552246.58  viol=4155202891.1908  obj=4155219443437.40
[Run 10 | Iter 99] iter_best: cost=12226671.23  viol=4159777699.1908  obj=4159789925862.06 | best_so_far: cost=16552246.58  viol=4155202891.1908  obj=4155219443437.40
[Run 10 | Iter 100] iter_best: cost=11601589.04  viol=4160459170.1908  obj=4160470771779.87 | best_so_far: cost=16552246.58  viol=4155202891.1908  obj=4155219443437.40
[Run 10 | Iter 101] iter_best: cost=13501863.01  viol=4159562113.1908  obj=4159575615053.84 | best_so_far: cost=16552246.58  viol=4155202891.1908  obj=4155219443437.40
[Run 10 | Iter 102] iter_best: cost=13551863.01  viol=4159147384.1868  obj=4159160936049.84 | best_so_far: cost=16552246.58  viol=4155202891.1908  obj=4155219443437.40
[Run 10 | FE 3072] best_local_obj=4155219443437.40  best_local_cost=16552246.58  best_local_viol=4155202891.1908
[Run 10 | Iter 103] iter_best: cost=12526726.03  viol=4160218006.1908  obj=4160230532916.86 | best_so_far: cost=16552246.58  viol=4155202891.1908  obj=4155219443437.40
[Run 10 | Iter 104] iter_best: cost=11851643.84  viol=4161314206.1908  obj=4161326057834.66 | best_so_far: cost=16552246.58  viol=4155202891.1908  obj=4155219443437.40
[Run 10 | Iter 105] iter_best: cost=12576726.03  viol=4159803277.2208  obj=4159815853946.86 | best_so_far: cost=16552246.58  viol=4155202891.1908  obj=4155219443437.40
[Run 10 | Iter 106] iter_best: cost=10526452.05  viol=4161944521.1908  obj=4161955047642.88 | best_so_far: cost=16552246.58  viol=4155202891.1908  obj=4155219443437.40
[Run 10 | Iter 107] iter_best: cost=12226671.23  viol=4159777699.1908  obj=4159789925862.06 | best_so_far: cost=16552246.58  viol=4155202891.1908  obj=4155219443437.40
[Run 10 | Iter 108] iter_best: cost=11501589.04  viol=4161288628.1908  obj=4161300129779.87 | best_so_far: cost=16552246.58  viol=4155202891.1908  obj=4155219443437.40
[Run 10 | Iter 109] iter_best: cost=11251534.25  viol=4160433592.1908  obj=4160444843725.08 | best_so_far: cost=16552246.58  viol=4155202891.1908  obj=4155219443437.40
[Run 10 | Iter 110] iter_best: cost=12176671.23  viol=4160192428.1908  obj=4160204604862.06 | best_so_far: cost=16552246.58  viol=4155202891.1908  obj=4155219443437.40
[Run 10 | FE 3328] best_local_obj=4155219443437.40  best_local_cost=16552246.58  best_local_viol=4155202891.1908
[Run 10 | Iter 111] iter_best: cost=14527000.00  viol=4158491491.1908  obj=4158506018190.83 | best_so_far: cost=16552246.58  viol=4155202891.1908  obj=4155219443437.40
[Run 10 | Iter 112] iter_best: cost=14577000.00  viol=4158076762.1908  obj=4158091339190.83 | best_so_far: cost=16552246.58  viol=4155202891.1908  obj=4155219443437.40
[Run 10 | Iter 113] iter_best: cost=11551589.04  viol=4160873899.1908  obj=4160885450779.87 | best_so_far: cost=16552246.58  viol=4155202891.1908  obj=4155219443437.40
[Run 10 | Iter 114] iter_best: cost=12526726.03  viol=4160218006.1688  obj=4160230532894.86 | best_so_far: cost=16552246.58  viol=4155202891.1908  obj=4155219443437.40
[Run 10 | Iter 115] iter_best: cost=11501589.04  viol=4161288628.1908  obj=4161300129779.87 | best_so_far: cost=16552246.58  viol=4155202891.1908  obj=4155219443437.40
[Run 10 | Iter 116] iter_best: cost=11501589.04  viol=4161288628.1688  obj=4161300129757.87 | best_so_far: cost=16552246.58  viol=4155202891.1908  obj=4155219443437.40
[Run 10 | Iter 117] iter_best: cost=12576726.03  viol=4159803277.1808  obj=4159815853906.86 | best_so_far: cost=16552246.58  viol=4155202891.1908  obj=4155219443437.40
[Run 10 | Iter 118] iter_best: cost=11251534.25  viol=4160433592.1908  obj=4160444843725.08 | best_so_far: cost=16552246.58  viol=4155202891.1908  obj=4155219443437.40
[Run 10 | Iter 119] iter_best: cost=12276671.23  viol=4159362970.1908  obj=4159375246862.06 | best_so_far: cost=16552246.58  viol=4155202891.1908  obj=4155219443437.40
[Run 10 | FE 3584] best_local_obj=4155219443437.40  best_local_cost=16552246.58  best_local_viol=4155202891.1908
[Run 10 | Iter 120] iter_best: cost=18377547.95  viol=4156282648.2332  obj=4156301025781.17 | best_so_far: cost=16552246.58  viol=4155202891.1908  obj=4155219443437.40
[Run 10 | Iter 121] iter_best: cost=15202082.19  viol=4157395291.2208  obj=4157410493303.02 | best_so_far: cost=16552246.58  viol=4155202891.1908  obj=4155219443437.40
[Run 10 | Iter 122] iter_best: cost=11901643.84  viol=4160899477.1608  obj=4160911378804.66 | best_so_far: cost=16552246.58  viol=4155202891.1908  obj=4155219443437.40
[Run 10 | Iter 123] iter_best: cost=13501863.01  viol=4159562113.1608  obj=4159575615023.84 | best_so_far: cost=16552246.58  viol=4155202891.1908  obj=4155219443437.40
[Run 10 | Iter 124] iter_best: cost=13201808.22  viol=4159121806.1808  obj=4159135007989.05 | best_so_far: cost=16552246.58  viol=4155202891.1908  obj=4155219443437.40
[Run 10 | Iter 125] iter_best: cost=11251534.25  viol=4160433592.1908  obj=4160444843725.08 | best_so_far: cost=16552246.58  viol=4155202891.1908  obj=4155219443437.40
[Run 10 | Iter 126] iter_best: cost=18477547.95  viol=4155453190.1908  obj=4155471667738.77 | best_so_far: cost=16552246.58  viol=4155202891.1908  obj=4155219443437.40
[Run 10 | Iter 127] iter_best: cost=9651315.07  viol=4161770956.1908  obj=4161780607505.90 | best_so_far: cost=16552246.58  viol=4155202891.1908  obj=4155219443437.40
[Run 10 | FE 3840] best_local_obj=4155219443437.40  best_local_cost=16552246.58  best_local_viol=4155202891.1908
[Run 10 | Iter 128] iter_best: cost=16177219.18  viol=4156739398.1808  obj=4156755575400.01 | best_so_far: cost=16552246.58  viol=4155202891.1908  obj=4155219443437.40
[Run 10 | Iter 129] iter_best: cost=11551589.04  viol=4160873899.1868  obj=4160885450775.87 | best_so_far: cost=16552246.58  viol=4155202891.1908  obj=4155219443437.40
[Run 10 | Iter 130] iter_best: cost=15252082.19  viol=4156980562.1908  obj=4156995814273.02 | best_so_far: cost=16552246.58  viol=4155202891.1908  obj=4155219443437.40
[Run 10 | Iter 131] iter_best: cost=11501589.04  viol=4161288628.1908  obj=4161300129779.87 | best_so_far: cost=16552246.58  viol=4155202891.1908  obj=4155219443437.40
[Run 10 | Iter 132] iter_best: cost=18127493.15  viol=4155427612.1808  obj=4155445739673.98 | best_so_far: cost=16552246.58  viol=4155202891.1908  obj=4155219443437.40
[Run 10 | Iter 133] iter_best: cost=11251534.25  viol=4160433592.1908  obj=4160444843725.08 | best_so_far: cost=16552246.58  viol=4155202891.1908  obj=4155219443437.40
[Run 10 | Iter 134] iter_best: cost=13501863.01  viol=4159562113.1908  obj=4159575615053.84 | best_so_far: cost=16552246.58  viol=4155202891.1908  obj=4155219443437.40
[Run 10 | Iter 135] iter_best: cost=13501863.01  viol=4159562113.1071  obj=4159575614970.16 | best_so_far: cost=16552246.58  viol=4155202891.1908  obj=4155219443437.40
[Run 10 | Iter 136] iter_best: cost=14477000.00  viol=4158906220.1908  obj=4158920697190.83 | best_so_far: cost=16552246.58  viol=4155202891.1908  obj=4155219443437.40
[Run 10 | FE 4096] best_local_obj=4155219443437.40  best_local_cost=16552246.58  best_local_viol=4155202891.1908
[Run 10 | Iter 137] iter_best: cost=12526726.03  viol=4160218006.2208  obj=4160230532946.86 | best_so_far: cost=16552246.58  viol=4155202891.1908  obj=4155219443437.40
[Run 10 | Iter 138] iter_best: cost=11501589.04  viol=4161288628.1908  obj=4161300129779.87 | best_so_far: cost=16552246.58  viol=4155202891.1908  obj=4155219443437.40
[Run 10 | Iter 139] iter_best: cost=11551589.04  viol=4160873899.1908  obj=4160885450779.87 | best_so_far: cost=16552246.58  viol=4155202891.1908  obj=4155219443437.40
[Run 10 | Iter 140] iter_best: cost=12526726.03  viol=4160218006.1908  obj=4160230532916.86 | best_so_far: cost=16552246.58  viol=4155202891.1908  obj=4155219443437.40
[Run 10 | Iter 141] iter_best: cost=10526452.05  viol=4161944521.2108  obj=4161955047662.88 | best_so_far: cost=16552246.58  viol=4155202891.1908  obj=4155219443437.40
[Run 10 | Iter 142] iter_best: cost=10626452.05  viol=4161115063.1908  obj=4161125689642.88 | best_so_far: cost=16552246.58  viol=4155202891.1908  obj=4155219443437.40
[Run 10 | Iter 143] iter_best: cost=10576452.05  viol=4161529792.2208  obj=4161540368672.88 | best_so_far: cost=16552246.58  viol=4155202891.1908  obj=4155219443437.40
[Run 10 | Iter 144] iter_best: cost=12176671.23  viol=4160192428.1908  obj=4160204604862.06 | best_so_far: cost=16552246.58  viol=4155202891.1908  obj=4155219443437.40
[Run 10 | Iter 145] iter_best: cost=13251808.22  viol=4158707077.1908  obj=4158720328999.05 | best_so_far: cost=16552246.58  viol=4155202891.1908  obj=4155219443437.40
[Run 10 | FE 4352] best_local_obj=4155219443437.40  best_local_cost=16552246.58  best_local_viol=4155202891.1908
[Run 10 | Iter 146] iter_best: cost=12526726.03  viol=4160218006.1908  obj=4160230532916.86 | best_so_far: cost=16552246.58  viol=4155202891.1908  obj=4155219443437.40
[Run 10 | Iter 147] iter_best: cost=13501863.01  viol=4159562113.1908  obj=4159575615053.84 | best_so_far: cost=16552246.58  viol=4155202891.1908  obj=4155219443437.40
[Run 10 | Iter 148] iter_best: cost=12526726.03  viol=4160218006.1908  obj=4160230532916.86 | best_so_far: cost=16552246.58  viol=4155202891.1908  obj=4155219443437.40
[Run 10 | Iter 149] iter_best: cost=14477000.00  viol=4158906220.1708  obj=4158920697170.83 | best_so_far: cost=16552246.58  viol=4155202891.1908  obj=4155219443437.40
[Run 10 | Iter 150] iter_best: cost=12226671.23  viol=4159777699.1608  obj=4159789925832.06 | best_so_far: cost=16552246.58  viol=4155202891.1908  obj=4155219443437.40
[Run 10 | Iter 151] iter_best: cost=12876780.82  viol=4160243584.2168  obj=4160256460997.65 | best_so_far: cost=16552246.58  viol=4155202891.1908  obj=4155219443437.40
[Run 10 | Iter 152] iter_best: cost=11801643.84  viol=4161728935.2208  obj=4161740736864.66 | best_so_far: cost=16552246.58  viol=4155202891.1908  obj=4155219443437.40
[Run 10 | Iter 153] iter_best: cost=12176671.23  viol=4160192428.1908  obj=4160204604862.06 | best_so_far: cost=16552246.58  viol=4155202891.1908  obj=4155219443437.40
[Run 10 | FE 4608] best_local_obj=4155219443437.40  best_local_cost=16552246.58  best_local_viol=4155202891.1908
[Run 10 | Iter 154] iter_best: cost=13251808.22  viol=4158707077.2218  obj=4158720329030.05 | best_so_far: cost=16552246.58  viol=4155202891.1908  obj=4155219443437.40
[Run 10 | Iter 155] iter_best: cost=11551589.04  viol=4160873899.1908  obj=4160885450779.87 | best_so_far: cost=16552246.58  viol=4155202891.1908  obj=4155219443437.40
[Run 10 | Iter 156] iter_best: cost=12576726.03  viol=4159803277.2208  obj=4159815853946.86 | best_so_far: cost=16552246.58  viol=4155202891.1908  obj=4155219443437.40
[Run 10 | Iter 157] iter_best: cost=12476726.03  viol=4160632735.1548  obj=4160645211880.86 | best_so_far: cost=16552246.58  viol=4155202891.1908  obj=4155219443437.40
[Run 10 | Iter 158] iter_best: cost=11251534.25  viol=4160433592.1908  obj=4160444843725.08 | best_so_far: cost=16552246.58  viol=4155202891.1908  obj=4155219443437.40
[Run 10 | Iter 159] iter_best: cost=13601863.01  viol=4158732655.1808  obj=4158746257043.84 | best_so_far: cost=16552246.58  viol=4155202891.1908  obj=4155219443437.40
[Run 10 | Iter 160] iter_best: cost=10576452.05  viol=4161529792.1908  obj=4161540368642.88 | best_so_far: cost=16552246.58  viol=4155202891.1908  obj=4155219443437.40
[Run 10 | Iter 161] iter_best: cost=12526726.03  viol=4160218006.0778  obj=4160230532803.86 | best_so_far: cost=16552246.58  viol=4155202891.1908  obj=4155219443437.40
[Run 10 | Iter 162] iter_best: cost=13501863.01  viol=4159562113.2208  obj=4159575615083.84 | best_so_far: cost=16552246.58  viol=4155202891.1908  obj=4155219443437.40
[Run 10 | FE 4864] best_local_obj=4155219443437.40  best_local_cost=16552246.58  best_local_viol=4155202891.1908
[Run 10 | Iter 163] iter_best: cost=11601589.04  viol=4160459170.1908  obj=4160470771779.87 | best_so_far: cost=16552246.58  viol=4155202891.1908  obj=4155219443437.40
[Run 10 | Iter 164] iter_best: cost=11201534.25  viol=4160848321.2208  obj=4160859522755.08 | best_so_far: cost=16552246.58  viol=4155202891.1908  obj=4155219443437.40
[Run 10 | Iter 165] iter_best: cost=10526452.05  viol=4161944521.1908  obj=4161955047642.88 | best_so_far: cost=16552246.58  viol=4155202891.1908  obj=4155219443437.40
[Run 10 | Iter 166] iter_best: cost=12726780.82  viol=4161487771.1868  obj=4161500497967.65 | best_so_far: cost=16552246.58  viol=4155202891.1908  obj=4155219443437.40
[Run 10 | Iter 167] iter_best: cost=10576452.05  viol=4161529792.1908  obj=4161540368642.88 | best_so_far: cost=16552246.58  viol=4155202891.1908  obj=4155219443437.40
[Run 10 | Iter 168] iter_best: cost=14226945.21  viol=4158051184.1908  obj=4158065411136.03 | best_so_far: cost=16552246.58  viol=4155202891.1908  obj=4155219443437.40
[Run 10 | Iter 169] iter_best: cost=12476726.03  viol=4160632735.1908  obj=4160645211916.86 | best_so_far: cost=16552246.58  viol=4155202891.1908  obj=4155219443437.40
[Run 10 | Iter 170] iter_best: cost=11201534.25  viol=4160848321.1908  obj=4160859522725.08 | best_so_far: cost=16552246.58  viol=4155202891.1908  obj=4155219443437.40
[Run 10 | FE 5120] best_local_obj=4155219443437.40  best_local_cost=16552246.58  best_local_viol=4155202891.1908
[Run 10 | Iter 171] iter_best: cost=12826780.82  viol=4160658313.1808  obj=4160671139961.65 | best_so_far: cost=16552246.58  viol=4155202891.1908  obj=4155219443437.40
[Run 10 | Iter 172] iter_best: cost=13876890.41  viol=4158025606.1868  obj=4158039483077.24 | best_so_far: cost=16552246.58  viol=4155202891.1908  obj=4155219443437.40
[Run 10 | Iter 173] iter_best: cost=10226397.26  viol=4161504214.1908  obj=4161514440588.09 | best_so_far: cost=16552246.58  viol=4155202891.1908  obj=4155219443437.40
[Run 10 | Iter 174] iter_best: cost=16852301.37  viol=4155643198.1908  obj=4155660050492.20 | best_so_far: cost=16552246.58  viol=4155202891.1908  obj=4155219443437.40
[Run 10 | Iter 175] iter_best: cost=9901369.86  viol=4162625992.1908  obj=4162635893560.69 | best_so_far: cost=16552246.58  viol=4155202891.1908  obj=4155219443437.40
[Run 10 | Iter 176] iter_best: cost=13501863.01  viol=4159562113.2208  obj=4159575615083.84 | best_so_far: cost=16552246.58  viol=4155202891.1908  obj=4155219443437.40
[Run 10 | Iter 177] iter_best: cost=10576452.05  viol=4161529792.1908  obj=4161540368642.88 | best_so_far: cost=16552246.58  viol=4155202891.1908  obj=4155219443437.40
[Run 10 | Iter 178] iter_best: cost=11801643.84  viol=4161728935.2208  obj=4161740736864.66 | best_so_far: cost=16552246.58  viol=4155202891.1908  obj=4155219443437.40
[Run 10 | Iter 179] iter_best: cost=13201808.22  viol=4159121806.1708  obj=4159135007979.05 | best_so_far: cost=16552246.58  viol=4155202891.1908  obj=4155219443437.40
[Run 10 | FE 5376] best_local_obj=4155219443437.40  best_local_cost=16552246.58  best_local_viol=4155202891.1908
[Run 10 | Iter 180] iter_best: cost=13201808.22  viol=4159121806.1908  obj=4159135007999.05 | best_so_far: cost=16552246.58  viol=4155202891.1908  obj=4155219443437.40
[Run 10 | Iter 181] iter_best: cost=11251534.25  viol=4160433592.1908  obj=4160444843725.08 | best_so_far: cost=16552246.58  viol=4155202891.1908  obj=4155219443437.40
[Run 10 | Iter 182] iter_best: cost=12526726.03  viol=4160218006.1908  obj=4160230532916.86 | best_so_far: cost=16552246.58  viol=4155202891.1908  obj=4155219443437.40
[Run 10 | Iter 183] iter_best: cost=10576452.05  viol=4161529792.1908  obj=4161540368642.88 | best_so_far: cost=16552246.58  viol=4155202891.1908  obj=4155219443437.40
[Run 10 | Iter 184] iter_best: cost=12226671.23  viol=4159777699.1908  obj=4159789925862.06 | best_so_far: cost=16552246.58  viol=4155202891.1908  obj=4155219443437.40
[Run 10 | Iter 185] iter_best: cost=14477000.00  viol=4158906220.2208  obj=4158920697220.83 | best_so_far: cost=16552246.58  viol=4155202891.1908  obj=4155219443437.40
[Run 10 | Iter 186] iter_best: cost=9601315.07  viol=4162185685.1908  obj=4162195286505.90 | best_so_far: cost=16552246.58  viol=4155202891.1908  obj=4155219443437.40
[Run 10 | Iter 187] iter_best: cost=10576452.05  viol=4161529792.1908  obj=4161540368642.88 | best_so_far: cost=16552246.58  viol=4155202891.1908  obj=4155219443437.40
[Run 10 | FE 5632] best_local_obj=4155219443437.40  best_local_cost=16552246.58  best_local_viol=4155202891.1908
[Run 10 | Iter 188] iter_best: cost=14427000.00  viol=4159345809.0314  obj=4159360236031.38 | best_so_far: cost=16552246.58  viol=4155202891.1908  obj=4155219443437.40
[Run 10 | Iter 189] iter_best: cost=13451863.01  viol=4159976842.2208  obj=4159990294083.84 | best_so_far: cost=16552246.58  viol=4155202891.1908  obj=4155219443437.40
[Run 10 | Iter 190] iter_best: cost=13201808.22  viol=4159121806.1858  obj=4159135007994.05 | best_so_far: cost=16552246.58  viol=4155202891.1908  obj=4155219443437.40
[Run 10 | Iter 191] iter_best: cost=15152082.19  viol=4157810020.2308  obj=4157825172313.02 | best_so_far: cost=16552246.58  viol=4155202891.1908  obj=4155219443437.40
[Run 10 | Iter 192] iter_best: cost=11501589.04  viol=4161288628.1908  obj=4161300129779.87 | best_so_far: cost=16552246.58  viol=4155202891.1908  obj=4155219443437.40
[Run 10 | Iter 193] iter_best: cost=10526452.05  viol=4161944521.1908  obj=4161955047642.88 | best_so_far: cost=16552246.58  viol=4155202891.1908  obj=4155219443437.40
[Run 10 | Iter 194] iter_best: cost=11201534.25  viol=4160848321.1908  obj=4160859522725.08 | best_so_far: cost=16552246.58  viol=4155202891.1908  obj=4155219443437.40
[Run 10 | Iter 195] iter_best: cost=14176945.21  viol=4158465913.1908  obj=4158480090136.03 | best_so_far: cost=16552246.58  viol=4155202891.1908  obj=4155219443437.40
[Run 10 | Iter 196] iter_best: cost=10576452.05  viol=4161529792.2608  obj=4161540368712.88 | best_so_far: cost=16552246.58  viol=4155202891.1908  obj=4155219443437.40
[Run 10 | FE 5888] best_local_obj=4155219443437.40  best_local_cost=16552246.58  best_local_viol=4155202891.1908
[Run 10 | Iter 197] iter_best: cost=11251534.25  viol=4160433592.1908  obj=4160444843725.08 | best_so_far: cost=16552246.58  viol=4155202891.1908  obj=4155219443437.40
[Run 10 | Iter 198] iter_best: cost=10526452.05  viol=4161944521.1908  obj=4161955047642.88 | best_so_far: cost=16552246.58  viol=4155202891.1908  obj=4155219443437.40
[Run 10 | Iter 199] iter_best: cost=14176945.21  viol=4158465913.2208  obj=4158480090166.03 | best_so_far: cost=16552246.58  viol=4155202891.1908  obj=4155219443437.40
[Run 10 | Iter 200] iter_best: cost=13201808.22  viol=4159121806.1908  obj=4159135007999.05 | best_so_far: cost=16552246.58  viol=4155202891.1908  obj=4155219443437.40
[Run 10 | Iter 201] iter_best: cost=9601315.07  viol=4162185685.1908  obj=4162195286505.90 | best_so_far: cost=16552246.58  viol=4155202891.1908  obj=4155219443437.40
[Run 10 | Iter 202] iter_best: cost=11601589.04  viol=4160459170.1908  obj=4160470771779.87 | best_so_far: cost=16552246.58  viol=4155202891.1908  obj=4155219443437.40
[Run 10 | Iter 203] iter_best: cost=12876780.82  viol=4160243584.2208  obj=4160256461001.65 | best_so_far: cost=16552246.58  viol=4155202891.1908  obj=4155219443437.40
[Run 10 | Iter 204] iter_best: cost=11251534.25  viol=4160433592.1908  obj=4160444843725.08 | best_so_far: cost=16552246.58  viol=4155202891.1908  obj=4155219443437.40
[Run 10 | FE 6144] best_local_obj=4155219443437.40  best_local_cost=16552246.58  best_local_viol=4155202891.1908
[Run 10 | Iter 205] iter_best: cost=14176945.21  viol=4158465913.1908  obj=4158480090136.03 | best_so_far: cost=16552246.58  viol=4155202891.1908  obj=4155219443437.40
[Run 10 | Iter 206] iter_best: cost=15502136.99  viol=4157835598.1908  obj=4157851100327.81 | best_so_far: cost=16552246.58  viol=4155202891.1908  obj=4155219443437.40
[Run 10 | Iter 207] iter_best: cost=14176945.21  viol=4158465913.1908  obj=4158480090136.03 | best_so_far: cost=16552246.58  viol=4155202891.1908  obj=4155219443437.40
[Run 10 | Iter 208] iter_best: cost=9551315.07  viol=4162600414.1608  obj=4162609965475.90 | best_so_far: cost=16552246.58  viol=4155202891.1908  obj=4155219443437.40
[Run 10 | Iter 209] iter_best: cost=10526452.05  viol=4161944521.1908  obj=4161955047642.88 | best_so_far: cost=16552246.58  viol=4155202891.1908  obj=4155219443437.40
[Run 10 | Iter 210] iter_best: cost=12526726.03  viol=4160218006.1908  obj=4160230532916.86 | best_so_far: cost=16552246.58  viol=4155202891.1908  obj=4155219443437.40
[Run 10 | Iter 211] iter_best: cost=12176671.23  viol=4160192428.2208  obj=4160204604892.06 | best_so_far: cost=16552246.58  viol=4155202891.1908  obj=4155219443437.40
[Run 10 | Iter 212] iter_best: cost=13601863.01  viol=4158732655.1108  obj=4158746256973.84 | best_so_far: cost=16552246.58  viol=4155202891.1908  obj=4155219443437.40
[Run 10 | Iter 213] iter_best: cost=11451589.04  viol=4161703357.1908  obj=4161714808779.87 | best_so_far: cost=16552246.58  viol=4155202891.1908  obj=4155219443437.40
[Run 10 | FE 6400] best_local_obj=4155219443437.40  best_local_cost=16552246.58  best_local_viol=4155202891.1908
[Run 10 | Iter 214] iter_best: cost=12476726.03  viol=4160632735.1992  obj=4160645211925.26 | best_so_far: cost=16552246.58  viol=4155202891.1908  obj=4155219443437.40
[Run 10 | Iter 215] iter_best: cost=15827164.38  viol=4156713820.2208  obj=4156729647385.21 | best_so_far: cost=16552246.58  viol=4155202891.1908  obj=4155219443437.40
[Run 10 | Iter 216] iter_best: cost=12226671.23  viol=4159777699.2208  obj=4159789925892.06 | best_so_far: cost=16552246.58  viol=4155202891.1908  obj=4155219443437.40
[Run 10 | Iter 217] iter_best: cost=12426726.03  viol=4161047464.1908  obj=4161059890916.86 | best_so_far: cost=16552246.58  viol=4155202891.1908  obj=4155219443437.40
[Run 10 | Iter 218] iter_best: cost=11551589.04  viol=4160873899.1708  obj=4160885450759.87 | best_so_far: cost=16552246.58  viol=4155202891.1908  obj=4155219443437.40
[Run 10 | Iter 219] iter_best: cost=13501863.01  viol=4159562113.2108  obj=4159575615073.84 | best_so_far: cost=16552246.58  viol=4155202891.1908  obj=4155219443437.40
[Run 10 | Iter 220] iter_best: cost=12576726.03  viol=4159803277.1908  obj=4159815853916.86 | best_so_far: cost=16552246.58  viol=4155202891.1908  obj=4155219443437.40
[Run 10 | Iter 221] iter_best: cost=13151808.22  viol=4159536535.2208  obj=4159549687029.05 | best_so_far: cost=16552246.58  viol=4155202891.1908  obj=4155219443437.40
[Run 10 | FE 6656] best_local_obj=4155219443437.40  best_local_cost=16552246.58  best_local_viol=4155202891.1908
[Run 10 | Iter 222] iter_best: cost=10526452.05  viol=4161944521.1908  obj=4161955047642.88 | best_so_far: cost=16552246.58  viol=4155202891.1908  obj=4155219443437.40
[Run 10 | Iter 223] iter_best: cost=12526726.03  viol=4160218006.1908  obj=4160230532916.86 | best_so_far: cost=16552246.58  viol=4155202891.1908  obj=4155219443437.40
[Run 10 | Iter 224] iter_best: cost=13201808.22  viol=4159121806.1908  obj=4159135007999.05 | best_so_far: cost=16552246.58  viol=4155202891.1908  obj=4155219443437.40
[Run 10 | Iter 225] iter_best: cost=12176671.23  viol=4160192428.1908  obj=4160204604862.06 | best_so_far: cost=16552246.58  viol=4155202891.1908  obj=4155219443437.40
[Run 10 | Iter 226] iter_best: cost=11201534.25  viol=4160848321.1908  obj=4160859522725.08 | best_so_far: cost=16552246.58  viol=4155202891.1908  obj=4155219443437.40
[Run 10 | Iter 227] iter_best: cost=11251534.25  viol=4160433592.1908  obj=4160444843725.08 | best_so_far: cost=16552246.58  viol=4155202891.1908  obj=4155219443437.40
[Run 10 | Iter 228] iter_best: cost=11501589.04  viol=4161288628.1958  obj=4161300129784.87 | best_so_far: cost=16552246.58  viol=4155202891.1908  obj=4155219443437.40
[Run 10 | Iter 229] iter_best: cost=12526726.03  viol=4160218006.1908  obj=4160230532916.86 | best_so_far: cost=16552246.58  viol=4155202891.1908  obj=4155219443437.40
[Run 10 | Iter 230] iter_best: cost=10526452.05  viol=4161944521.1508  obj=4161955047602.88 | best_so_far: cost=16552246.58  viol=4155202891.1908  obj=4155219443437.40
[Run 10 | FE 6912] best_local_obj=4155219443437.40  best_local_cost=16552246.58  best_local_viol=4155202891.1908
[Run 10 | Iter 231] iter_best: cost=10226397.26  viol=4161504214.1908  obj=4161514440588.09 | best_so_far: cost=16552246.58  viol=4155202891.1908  obj=4155219443437.40
[Run 10 | Iter 232] iter_best: cost=10526452.05  viol=4161944521.1908  obj=4161955047642.88 | best_so_far: cost=16552246.58  viol=4155202891.1908  obj=4155219443437.40
[Run 10 | Iter 233] iter_best: cost=11501589.04  viol=4161288628.2268  obj=4161300129815.87 | best_so_far: cost=16552246.58  viol=4155202891.1908  obj=4155219443437.40
[Run 10 | Iter 234] iter_best: cost=16177219.18  viol=4156739398.1908  obj=4156755575410.01 | best_so_far: cost=16552246.58  viol=4155202891.1908  obj=4155219443437.40
[Run 10 | Iter 235] iter_best: cost=12226671.23  viol=4159777699.1908  obj=4159789925862.06 | best_so_far: cost=16552246.58  viol=4155202891.1908  obj=4155219443437.40
[Run 10 | Iter 236] iter_best: cost=13501863.01  viol=4159562113.2808  obj=4159575615143.84 | best_so_far: cost=16552246.58  viol=4155202891.1908  obj=4155219443437.40
[Run 10 | Iter 237] iter_best: cost=10526452.05  viol=4161944521.1908  obj=4161955047642.88 | best_so_far: cost=16552246.58  viol=4155202891.1908  obj=4155219443437.40
[Run 10 | Iter 238] iter_best: cost=12526726.03  viol=4160218006.2308  obj=4160230532956.86 | best_so_far: cost=16552246.58  viol=4155202891.1908  obj=4155219443437.40
[Run 10 | FE 7168] best_local_obj=4155219443437.40  best_local_cost=16552246.58  best_local_viol=4155202891.1908
[Run 10 | Iter 239] iter_best: cost=12226671.23  viol=4159777699.1908  obj=4159789925862.06 | best_so_far: cost=16552246.58  viol=4155202891.1908  obj=4155219443437.40
[Run 10 | Iter 240] iter_best: cost=11601589.04  viol=4160459170.1908  obj=4160470771779.87 | best_so_far: cost=16552246.58  viol=4155202891.1908  obj=4155219443437.40
[Run 10 | Iter 241] iter_best: cost=18177493.15  viol=4155012883.2208  obj=4155031060713.98 | best_so_far: cost=18177493.15  viol=4155012883.2208  obj=4155031060713.98
[Run 10 | Iter 242] iter_best: cost=11251534.25  viol=4160433592.1908  obj=4160444843725.08 | best_so_far: cost=18177493.15  viol=4155012883.2208  obj=4155031060713.98
[Run 10 | Iter 243] iter_best: cost=13751917.81  viol=4160417149.1608  obj=4160430901078.64 | best_so_far: cost=18177493.15  viol=4155012883.2208  obj=4155031060713.98
[Run 10 | Iter 244] iter_best: cost=11901643.84  viol=4160899477.1908  obj=4160911378834.66 | best_so_far: cost=18177493.15  viol=4155012883.2208  obj=4155031060713.98
[Run 10 | Iter 245] iter_best: cost=10476452.05  viol=4162359250.2208  obj=4162369726672.88 | best_so_far: cost=18177493.15  viol=4155012883.2208  obj=4155031060713.98
[Run 10 | Iter 246] iter_best: cost=15502136.99  viol=4157835598.2608  obj=4157851100397.82 | best_so_far: cost=18177493.15  viol=4155012883.2208  obj=4155031060713.98
[Run 10 | Iter 247] iter_best: cost=13201808.22  viol=4159121806.1908  obj=4159135007999.05 | best_so_far: cost=18177493.15  viol=4155012883.2208  obj=4155031060713.98
[Run 10 | FE 7424] best_local_obj=4155031060713.98  best_local_cost=18177493.15  best_local_viol=4155012883.2208
[Run 10 | Iter 248] iter_best: cost=12176671.23  viol=4160192428.1908  obj=4160204604862.06 | best_so_far: cost=18177493.15  viol=4155012883.2208  obj=4155031060713.98
[Run 10 | Iter 249] iter_best: cost=11201534.25  viol=4160848321.1908  obj=4160859522725.08 | best_so_far: cost=18177493.15  viol=4155012883.2208  obj=4155031060713.98
[Run 10 | Iter 250] iter_best: cost=15502136.99  viol=4157835598.2008  obj=4157851100337.81 | best_so_far: cost=18177493.15  viol=4155012883.2208  obj=4155031060713.98
[Run 10 | Iter 251] iter_best: cost=11201534.25  viol=4160848321.1908  obj=4160859522725.08 | best_so_far: cost=18177493.15  viol=4155012883.2208  obj=4155031060713.98
[Run 10 | Iter 252] iter_best: cost=11551589.04  viol=4160873899.1908  obj=4160885450779.87 | best_so_far: cost=18177493.15  viol=4155012883.2208  obj=4155031060713.98
[Run 10 | Iter 253] iter_best: cost=10576452.05  viol=4161529792.1908  obj=4161540368642.88 | best_so_far: cost=18177493.15  viol=4155012883.2208  obj=4155031060713.98
[Run 10 | Iter 254] iter_best: cost=13501863.01  viol=4159562113.1908  obj=4159575615053.84 | best_so_far: cost=18177493.15  viol=4155012883.2208  obj=4155031060713.98
[Run 10 | Iter 255] iter_best: cost=14176945.21  viol=4158465913.2208  obj=4158480090166.03 | best_so_far: cost=18177493.15  viol=4155012883.2208  obj=4155031060713.98
[Run 10 | FE 7680] best_local_obj=4155031060713.98  best_local_cost=18177493.15  best_local_viol=4155012883.2208
[Run 10 | Iter 256] iter_best: cost=14226945.21  viol=4158051184.2108  obj=4158065411156.03 | best_so_far: cost=18177493.15  viol=4155012883.2208  obj=4155031060713.98
[Run 10 | Iter 257] iter_best: cost=14226945.21  viol=4158051184.1908  obj=4158065411136.03 | best_so_far: cost=18177493.15  viol=4155012883.2208  obj=4155031060713.98
[Run 10 | Iter 258] iter_best: cost=11201534.25  viol=4160848321.1908  obj=4160859522725.08 | best_so_far: cost=18177493.15  viol=4155012883.2208  obj=4155031060713.98
[Run 10 | Iter 259] iter_best: cost=12576726.03  viol=4159803277.1908  obj=4159815853916.86 | best_so_far: cost=18177493.15  viol=4155012883.2208  obj=4155031060713.98
[Run 10 | Iter 260] iter_best: cost=11551589.04  viol=4160873899.1708  obj=4160885450759.87 | best_so_far: cost=18177493.15  viol=4155012883.2208  obj=4155031060713.98
[Run 10 | Iter 261] iter_best: cost=13501863.01  viol=4159562113.1708  obj=4159575615033.84 | best_so_far: cost=18177493.15  viol=4155012883.2208  obj=4155031060713.98
[Run 10 | Iter 262] iter_best: cost=11551589.04  viol=4160873899.1908  obj=4160885450779.87 | best_so_far: cost=18177493.15  viol=4155012883.2208  obj=4155031060713.98
[Run 10 | Iter 263] iter_best: cost=11551589.04  viol=4160873899.1708  obj=4160885450759.87 | best_so_far: cost=18177493.15  viol=4155012883.2208  obj=4155031060713.98
[Run 10 | Iter 264] iter_best: cost=15202082.19  viol=4157395291.1908  obj=4157410493273.02 | best_so_far: cost=18177493.15  viol=4155012883.2208  obj=4155031060713.98
[Run 10 | FE 7936] best_local_obj=4155031060713.98  best_local_cost=18177493.15  best_local_viol=4155012883.2208
[Run 10 | Iter 265] iter_best: cost=13501863.01  viol=4159562113.1908  obj=4159575615053.84 | best_so_far: cost=18177493.15  viol=4155012883.2208  obj=4155031060713.98
[Run 10 | Iter 266] iter_best: cost=11501589.04  viol=4161288628.1908  obj=4161300129779.87 | best_so_far: cost=18177493.15  viol=4155012883.2208  obj=4155031060713.98
[Run 10 | Iter 267] iter_best: cost=11501589.04  viol=4161288628.1508  obj=4161300129739.87 | best_so_far: cost=18177493.15  viol=4155012883.2208  obj=4155031060713.98
[Run 10 | Iter 268] iter_best: cost=11601589.04  viol=4160459170.1908  obj=4160470771779.87 | best_so_far: cost=18177493.15  viol=4155012883.2208  obj=4155031060713.98
[Run 10 | Iter 269] iter_best: cost=13551863.01  viol=4159147384.1908  obj=4159160936053.84 | best_so_far: cost=18177493.15  viol=4155012883.2208  obj=4155031060713.98
[Run 10 | Iter 270] iter_best: cost=10576452.05  viol=4161529792.1908  obj=4161540368642.88 | best_so_far: cost=18177493.15  viol=4155012883.2208  obj=4155031060713.98
[Run 10 | Iter 271] iter_best: cost=11551589.04  viol=4160873899.1908  obj=4160885450779.87 | best_so_far: cost=18177493.15  viol=4155012883.2208  obj=4155031060713.98
[Run 10 | Iter 272] iter_best: cost=13451863.01  viol=4159976842.1908  obj=4159990294053.84 | best_so_far: cost=18177493.15  viol=4155012883.2208  obj=4155031060713.98
[Run 10 | Iter 273] iter_best: cost=12226671.23  viol=4159777699.1908  obj=4159789925862.06 | best_so_far: cost=18177493.15  viol=4155012883.2208  obj=4155031060713.98
[Run 10 | FE 8192] best_local_obj=4155031060713.98  best_local_cost=18177493.15  best_local_viol=4155012883.2208
[Run 10 | Iter 274] iter_best: cost=12226671.23  viol=4159777699.1908  obj=4159789925862.06 | best_so_far: cost=18177493.15  viol=4155012883.2208  obj=4155031060713.98
[Run 10 | Iter 275] iter_best: cost=12426726.03  viol=4161047464.1508  obj=4161059890876.86 | best_so_far: cost=18177493.15  viol=4155012883.2208  obj=4155031060713.98
[Run 10 | Iter 276] iter_best: cost=19152630.14  viol=4154356990.1908  obj=4154376142820.97 | best_so_far: cost=19152630.14  viol=4154356990.1908  obj=4154376142820.97
[Run 10 | Iter 277] iter_best: cost=13201808.22  viol=4159121806.1908  obj=4159135007999.05 | best_so_far: cost=19152630.14  viol=4154356990.1908  obj=4154376142820.97
[Run 10 | Iter 278] iter_best: cost=13151808.22  viol=4159536535.1908  obj=4159549686999.05 | best_so_far: cost=19152630.14  viol=4154356990.1908  obj=4154376142820.97
[Run 10 | Iter 279] iter_best: cost=12226671.23  viol=4159777699.1908  obj=4159789925862.06 | best_so_far: cost=19152630.14  viol=4154356990.1908  obj=4154376142820.97
[Run 10 | Iter 280] iter_best: cost=10576452.05  viol=4161529792.1908  obj=4161540368642.88 | best_so_far: cost=19152630.14  viol=4154356990.1908  obj=4154376142820.97
[Run 10 | Iter 281] iter_best: cost=12876780.82  viol=4160243584.1908  obj=4160256460971.65 | best_so_far: cost=19152630.14  viol=4154356990.1908  obj=4154376142820.97
[Run 10 | FE 8448] best_local_obj=4154376142820.97  best_local_cost=19152630.14  best_local_viol=4154356990.1908
[Run 10 | Iter 282] iter_best: cost=12926780.82  viol=4159828855.1908  obj=4159841781971.65 | best_so_far: cost=19152630.14  viol=4154356990.1908  obj=4154376142820.97
[Run 10 | Iter 283] iter_best: cost=11501589.04  viol=4161288628.1908  obj=4161300129779.87 | best_so_far: cost=19152630.14  viol=4154356990.1908  obj=4154376142820.97
[Run 10 | Iter 284] iter_best: cost=12176671.23  viol=4160192428.2208  obj=4160204604892.06 | best_so_far: cost=19152630.14  viol=4154356990.1908  obj=4154376142820.97
[Run 10 | Iter 285] iter_best: cost=10576452.05  viol=4161529792.2208  obj=4161540368672.88 | best_so_far: cost=19152630.14  viol=4154356990.1908  obj=4154376142820.97
[Run 10 | Iter 286] iter_best: cost=13201808.22  viol=4159121806.1908  obj=4159135007999.05 | best_so_far: cost=19152630.14  viol=4154356990.1908  obj=4154376142820.97
[Run 10 | Iter 287] iter_best: cost=13251808.22  viol=4158707077.1908  obj=4158720328999.05 | best_so_far: cost=19152630.14  viol=4154356990.1908  obj=4154376142820.97
[Run 10 | Iter 288] iter_best: cost=13501863.01  viol=4159562113.1808  obj=4159575615043.84 | best_so_far: cost=19152630.14  viol=4154356990.1908  obj=4154376142820.97
[Run 10 | Iter 289] iter_best: cost=13201808.22  viol=4159121806.1908  obj=4159135007999.05 | best_so_far: cost=19152630.14  viol=4154356990.1908  obj=4154376142820.97
[Run 10 | Iter 290] iter_best: cost=12226671.23  viol=4159777699.1908  obj=4159789925862.06 | best_so_far: cost=19152630.14  viol=4154356990.1908  obj=4154376142820.97
[Run 10 | FE 8704] best_local_obj=4154376142820.97  best_local_cost=19152630.14  best_local_viol=4154356990.1908
[Run 10 | Iter 291] iter_best: cost=10576452.05  viol=4161529792.2208  obj=4161540368672.88 | best_so_far: cost=19152630.14  viol=4154356990.1908  obj=4154376142820.97
[Run 10 | Iter 292] iter_best: cost=11501589.04  viol=4161288628.1908  obj=4161300129779.87 | best_so_far: cost=19152630.14  viol=4154356990.1908  obj=4154376142820.97
[Run 10 | Iter 293] iter_best: cost=12576726.03  viol=4159803277.1908  obj=4159815853916.86 | best_so_far: cost=19152630.14  viol=4154356990.1908  obj=4154376142820.97
[Run 10 | Iter 294] iter_best: cost=13251808.22  viol=4158707077.1808  obj=4158720328989.05 | best_so_far: cost=19152630.14  viol=4154356990.1908  obj=4154376142820.97
[Run 10 | Iter 295] iter_best: cost=14126945.21  viol=4158880642.2208  obj=4158894769166.03 | best_so_far: cost=19152630.14  viol=4154356990.1908  obj=4154376142820.97
[Run 10 | Iter 296] iter_best: cost=14477000.00  viol=4158906220.2008  obj=4158920697200.83 | best_so_far: cost=19152630.14  viol=4154356990.1908  obj=4154376142820.97
[Run 10 | Iter 297] iter_best: cost=10826506.85  viol=4162384828.1908  obj=4162395654697.68 | best_so_far: cost=19152630.14  viol=4154356990.1908  obj=4154376142820.97
[Run 10 | Iter 298] iter_best: cost=11951643.84  viol=4160484748.1908  obj=4160496699834.66 | best_so_far: cost=19152630.14  viol=4154356990.1908  obj=4154376142820.97
[Run 10 | FE 8960] best_local_obj=4154376142820.97  best_local_cost=19152630.14  best_local_viol=4154356990.1908
[Run 10 | Iter 299] iter_best: cost=11551589.04  viol=4160873899.1908  obj=4160885450779.87 | best_so_far: cost=19152630.14  viol=4154356990.1908  obj=4154376142820.97
[Run 10 | Iter 300] iter_best: cost=12226671.23  viol=4159777699.1908  obj=4159789925862.06 | best_so_far: cost=19152630.14  viol=4154356990.1908  obj=4154376142820.97
[Run 10 | Iter 301] iter_best: cost=11201534.25  viol=4160848321.1908  obj=4160859522725.08 | best_so_far: cost=19152630.14  viol=4154356990.1908  obj=4154376142820.97
[Run 10 | Iter 302] iter_best: cost=14126945.21  viol=4158880642.1608  obj=4158894769106.03 | best_so_far: cost=19152630.14  viol=4154356990.1908  obj=4154376142820.97
