[RunConfig] run_id=5 seed=1005
[OutputDir] /work/home/acn1eb8nfq/yuezhang46/UScode/US实验一：横向对比/aco_global_logs/run_05_seed_1005
[Info] #nodes = 4301
[Load] Reading scenarios ...
  - 2020: raw edges=5296, days=366
  - 2025: raw edges=5296, days=365
  - 2030: raw edges=5296, days=365
  - 2035: raw edges=5296, days=365
  - 2040: raw edges=5296, days=366
[Filter] EDGE_WEIGHT_MIN=1.0
  - active_nodes=2914  inactive_nodes(fixed NONE)=1387
  - 2020: removed=2048, kept=3248
  - 2025: removed=2048, kept=3248
  - 2030: removed=2048, kept=3248
  - 2035: removed=2048, kept=3248
  - 2040: removed=2048, kept=3248
  - 2020: filtered edges (active subgraph)=3248
  - 2025: filtered edges (active subgraph)=3248
  - 2030: filtered edges (active subgraph)=3248
  - 2035: filtered edges (active subgraph)=3248
  - 2040: filtered edges (active subgraph)=3248
[ACO] Pheromone and heuristic initialized.
[ACO] Iterate under FE budget ...
[Run 05 | Iter 1] iter_best: cost=14477000.00  viol=4158906220.2208  obj=4158920697220.83 | best_so_far: cost=14477000.00  viol=4158906220.2208  obj=4158920697220.83
[Run 05 | Iter 2] iter_best: cost=14577000.00  viol=4158076762.1908  obj=4158091339190.83 | best_so_far: cost=14577000.00  viol=4158076762.1908  obj=4158091339190.83
[Run 05 | Iter 3] iter_best: cost=16902301.37  viol=4155228469.2208  obj=4155245371522.20 | best_so_far: cost=16902301.37  viol=4155228469.2208  obj=4155245371522.20
[Run 05 | Iter 4] iter_best: cost=13501863.01  viol=4159562113.2208  obj=4159575615083.84 | best_so_far: cost=16902301.37  viol=4155228469.2208  obj=4155245371522.20
[Run 05 | Iter 5] iter_best: cost=11251534.25  viol=4160433592.1908  obj=4160444843725.08 | best_so_far: cost=16902301.37  viol=4155228469.2208  obj=4155245371522.20
[Run 05 | Iter 6] iter_best: cost=14126945.21  viol=4158880642.1908  obj=4158894769136.03 | best_so_far: cost=16902301.37  viol=4155228469.2208  obj=4155245371522.20
[Run 05 | Iter 7] iter_best: cost=14176945.21  viol=4158465913.2308  obj=4158480090176.03 | best_so_far: cost=16902301.37  viol=4155228469.2208  obj=4155245371522.20
[Run 05 | Iter 8] iter_best: cost=14226945.21  viol=4158051184.2208  obj=4158065411166.03 | best_so_far: cost=16902301.37  viol=4155228469.2208  obj=4155245371522.20
[Run 05 | FE 256] best_local_obj=4155245371522.20  best_local_cost=16902301.37  best_local_viol=4155228469.2208
[Run 05 | Iter 9] iter_best: cost=11551589.04  viol=4160873899.1508  obj=4160885450739.87 | best_so_far: cost=16902301.37  viol=4155228469.2208  obj=4155245371522.20
[Run 05 | Iter 10] iter_best: cost=10526452.05  viol=4161944521.2208  obj=4161955047672.88 | best_so_far: cost=16902301.37  viol=4155228469.2208  obj=4155245371522.20
[Run 05 | Iter 11] iter_best: cost=13251808.22  viol=4158707077.1908  obj=4158720328999.05 | best_so_far: cost=16902301.37  viol=4155228469.2208  obj=4155245371522.20
[Run 05 | Iter 12] iter_best: cost=9501315.07  viol=4163015143.1908  obj=4163024644505.90 | best_so_far: cost=16902301.37  viol=4155228469.2208  obj=4155245371522.20
[Run 05 | Iter 13] iter_best: cost=12526726.03  viol=4160218006.1908  obj=4160230532916.86 | best_so_far: cost=16902301.37  viol=4155228469.2208  obj=4155245371522.20
[Run 05 | Iter 14] iter_best: cost=11501589.04  viol=4161288628.1908  obj=4161300129779.87 | best_so_far: cost=16902301.37  viol=4155228469.2208  obj=4155245371522.20
[Run 05 | Iter 15] iter_best: cost=10476452.05  viol=4162359250.1908  obj=4162369726642.88 | best_so_far: cost=16902301.37  viol=4155228469.2208  obj=4155245371522.20
[Run 05 | Iter 16] iter_best: cost=12576726.03  viol=4159803277.1908  obj=4159815853916.86 | best_so_far: cost=16902301.37  viol=4155228469.2208  obj=4155245371522.20
[Run 05 | Iter 17] iter_best: cost=13451863.01  viol=4159976842.1908  obj=4159990294053.84 | best_so_far: cost=16902301.37  viol=4155228469.2208  obj=4155245371522.20
[Run 05 | FE 512] best_local_obj=4155245371522.20  best_local_cost=16902301.37  best_local_viol=4155228469.2208
[Run 05 | Iter 18] iter_best: cost=11201534.25  viol=4160848321.1908  obj=4160859522725.08 | best_so_far: cost=16902301.37  viol=4155228469.2208  obj=4155245371522.20
[Run 05 | Iter 19] iter_best: cost=13451863.01  viol=4159976842.1908  obj=4159990294053.84 | best_so_far: cost=16902301.37  viol=4155228469.2208  obj=4155245371522.20
[Run 05 | Iter 20] iter_best: cost=9901369.86  viol=4162625992.1908  obj=4162635893560.69 | best_so_far: cost=16902301.37  viol=4155228469.2208  obj=4155245371522.20
[Run 05 | Iter 21] iter_best: cost=12226671.23  viol=4159777699.1908  obj=4159789925862.06 | best_so_far: cost=16902301.37  viol=4155228469.2208  obj=4155245371522.20
[Run 05 | Iter 22] iter_best: cost=11551589.04  viol=4160873899.1908  obj=4160885450779.87 | best_so_far: cost=16902301.37  viol=4155228469.2208  obj=4155245371522.20
[Run 05 | Iter 23] iter_best: cost=16127219.18  viol=4157154127.2808  obj=4157170254500.01 | best_so_far: cost=16902301.37  viol=4155228469.2208  obj=4155245371522.20
[Run 05 | Iter 24] iter_best: cost=12776780.82  viol=4161073042.1898  obj=4161085818970.65 | best_so_far: cost=16902301.37  viol=4155228469.2208  obj=4155245371522.20
[Run 05 | Iter 25] iter_best: cost=13201808.22  viol=4159121806.1908  obj=4159135007999.05 | best_so_far: cost=16902301.37  viol=4155228469.2208  obj=4155245371522.20
[Run 05 | FE 768] best_local_obj=4155245371522.20  best_local_cost=16902301.37  best_local_viol=4155228469.2208
[Run 05 | Iter 26] iter_best: cost=10576452.05  viol=4161529792.1908  obj=4161540368642.88 | best_so_far: cost=16902301.37  viol=4155228469.2208  obj=4155245371522.20
[Run 05 | Iter 27] iter_best: cost=11201534.25  viol=4160848321.1908  obj=4160859522725.08 | best_so_far: cost=16902301.37  viol=4155228469.2208  obj=4155245371522.20
[Run 05 | Iter 28] iter_best: cost=11601589.04  viol=4160459170.2208  obj=4160470771809.87 | best_so_far: cost=16902301.37  viol=4155228469.2208  obj=4155245371522.20
[Run 05 | Iter 29] iter_best: cost=11601589.04  viol=4160459170.2308  obj=4160470771819.87 | best_so_far: cost=16902301.37  viol=4155228469.2208  obj=4155245371522.20
[Run 05 | Iter 30] iter_best: cost=14176945.21  viol=4158465913.1908  obj=4158480090136.03 | best_so_far: cost=16902301.37  viol=4155228469.2208  obj=4155245371522.20
[Run 05 | Iter 31] iter_best: cost=9601315.07  viol=4162185685.2208  obj=4162195286535.90 | best_so_far: cost=16902301.37  viol=4155228469.2208  obj=4155245371522.20
[Run 05 | Iter 32] iter_best: cost=12826780.82  viol=4160658313.1708  obj=4160671139951.65 | best_so_far: cost=16902301.37  viol=4155228469.2208  obj=4155245371522.20
[Run 05 | Iter 33] iter_best: cost=11601589.04  viol=4160459170.1908  obj=4160470771779.87 | best_so_far: cost=16902301.37  viol=4155228469.2208  obj=4155245371522.20
[Run 05 | Iter 34] iter_best: cost=13201808.22  viol=4159121806.1908  obj=4159135007999.05 | best_so_far: cost=16902301.37  viol=4155228469.2208  obj=4155245371522.20
[Run 05 | FE 1024] best_local_obj=4155245371522.20  best_local_cost=16902301.37  best_local_viol=4155228469.2208
[Run 05 | Iter 35] iter_best: cost=13151808.22  viol=4159536535.1908  obj=4159549686999.05 | best_so_far: cost=16902301.37  viol=4155228469.2208  obj=4155245371522.20
[Run 05 | Iter 36] iter_best: cost=10876506.85  viol=4161970099.1908  obj=4161980975697.68 | best_so_far: cost=16902301.37  viol=4155228469.2208  obj=4155245371522.20
[Run 05 | Iter 37] iter_best: cost=17202356.16  viol=4155668776.1708  obj=4155685978526.99 | best_so_far: cost=16902301.37  viol=4155228469.2208  obj=4155245371522.20
[Run 05 | Iter 38] iter_best: cost=14176945.21  viol=4158465913.2208  obj=4158480090166.03 | best_so_far: cost=16902301.37  viol=4155228469.2208  obj=4155245371522.20
[Run 05 | Iter 39] iter_best: cost=11601589.04  viol=4160459170.2208  obj=4160470771809.87 | best_so_far: cost=16902301.37  viol=4155228469.2208  obj=4155245371522.20
[Run 05 | Iter 40] iter_best: cost=12226671.23  viol=4159777699.1908  obj=4159789925862.06 | best_so_far: cost=16902301.37  viol=4155228469.2208  obj=4155245371522.20
[Run 05 | Iter 41] iter_best: cost=10876506.85  viol=4161970099.2308  obj=4161980975737.68 | best_so_far: cost=16902301.37  viol=4155228469.2208  obj=4155245371522.20
[Run 05 | Iter 42] iter_best: cost=13301808.22  viol=4158292348.2208  obj=4158305650029.05 | best_so_far: cost=16902301.37  viol=4155228469.2208  obj=4155245371522.20
[Run 05 | FE 1280] best_local_obj=4155245371522.20  best_local_cost=16902301.37  best_local_viol=4155228469.2208
[Run 05 | Iter 43] iter_best: cost=11551589.04  viol=4160873899.1908  obj=4160885450779.87 | best_so_far: cost=16902301.37  viol=4155228469.2208  obj=4155245371522.20
[Run 05 | Iter 44] iter_best: cost=13201808.22  viol=4159121806.1908  obj=4159135007999.05 | best_so_far: cost=16902301.37  viol=4155228469.2208  obj=4155245371522.20
[Run 05 | Iter 45] iter_best: cost=11251534.25  viol=4160433592.1908  obj=4160444843725.08 | best_so_far: cost=16902301.37  viol=4155228469.2208  obj=4155245371522.20
[Run 05 | Iter 46] iter_best: cost=13151808.22  viol=4159536535.1908  obj=4159549686999.05 | best_so_far: cost=16902301.37  viol=4155228469.2208  obj=4155245371522.20
[Run 05 | Iter 47] iter_best: cost=13451863.01  viol=4159976842.1908  obj=4159990294053.84 | best_so_far: cost=16902301.37  viol=4155228469.2208  obj=4155245371522.20
[Run 05 | Iter 48] iter_best: cost=10926506.85  viol=4161555370.1978  obj=4161566296704.68 | best_so_far: cost=16902301.37  viol=4155228469.2208  obj=4155245371522.20
[Run 05 | Iter 49] iter_best: cost=13201808.22  viol=4159121806.2208  obj=4159135008029.05 | best_so_far: cost=16902301.37  viol=4155228469.2208  obj=4155245371522.20
[Run 05 | Iter 50] iter_best: cost=12526726.03  viol=4160218006.2108  obj=4160230532936.86 | best_so_far: cost=16902301.37  viol=4155228469.2208  obj=4155245371522.20
[Run 05 | Iter 51] iter_best: cost=14477000.00  viol=4158906220.1608  obj=4158920697160.83 | best_so_far: cost=16902301.37  viol=4155228469.2208  obj=4155245371522.20
[Run 05 | FE 1536] best_local_obj=4155245371522.20  best_local_cost=16902301.37  best_local_viol=4155228469.2208
[Run 05 | Iter 52] iter_best: cost=11901643.84  viol=4160899477.1908  obj=4160911378834.66 | best_so_far: cost=16902301.37  viol=4155228469.2208  obj=4155245371522.20
[Run 05 | Iter 53] iter_best: cost=16177219.18  viol=4156739398.2208  obj=4156755575440.01 | best_so_far: cost=16902301.37  viol=4155228469.2208  obj=4155245371522.20
[Run 05 | Iter 54] iter_best: cost=15152082.19  viol=4157810020.2208  obj=4157825172303.02 | best_so_far: cost=16902301.37  viol=4155228469.2208  obj=4155245371522.20
[Run 05 | Iter 55] iter_best: cost=14477000.00  viol=4158906220.1908  obj=4158920697190.83 | best_so_far: cost=16902301.37  viol=4155228469.2208  obj=4155245371522.20
[Run 05 | Iter 56] iter_best: cost=13501863.01  viol=4159562113.1908  obj=4159575615053.84 | best_so_far: cost=16902301.37  viol=4155228469.2208  obj=4155245371522.20
[Run 05 | Iter 57] iter_best: cost=14176945.21  viol=4158465913.2208  obj=4158480090166.03 | best_so_far: cost=16902301.37  viol=4155228469.2208  obj=4155245371522.20
[Run 05 | Iter 58] iter_best: cost=15202082.19  viol=4157395291.2008  obj=4157410493283.02 | best_so_far: cost=16902301.37  viol=4155228469.2208  obj=4155245371522.20
[Run 05 | Iter 59] iter_best: cost=14877054.79  viol=4158517069.1908  obj=4158531946245.62 | best_so_far: cost=16902301.37  viol=4155228469.2208  obj=4155245371522.20
[Run 05 | FE 1792] best_local_obj=4155245371522.20  best_local_cost=16902301.37  best_local_viol=4155228469.2208
[Run 05 | Iter 60] iter_best: cost=12176671.23  viol=4160192428.1908  obj=4160204604862.06 | best_so_far: cost=16902301.37  viol=4155228469.2208  obj=4155245371522.20
[Run 05 | Iter 61] iter_best: cost=11551589.04  viol=4160873899.1908  obj=4160885450779.87 | best_so_far: cost=16902301.37  viol=4155228469.2208  obj=4155245371522.20
[Run 05 | Iter 62] iter_best: cost=16427273.97  viol=4157594434.1748  obj=4157610861448.80 | best_so_far: cost=16902301.37  viol=4155228469.2208  obj=4155245371522.20
[Run 05 | Iter 63] iter_best: cost=12526726.03  viol=4160218006.1908  obj=4160230532916.86 | best_so_far: cost=16902301.37  viol=4155228469.2208  obj=4155245371522.20
[Run 05 | Iter 64] iter_best: cost=13151808.22  viol=4159536535.1508  obj=4159549686959.05 | best_so_far: cost=16902301.37  viol=4155228469.2208  obj=4155245371522.20
[Run 05 | Iter 65] iter_best: cost=13501863.01  viol=4159562113.1878  obj=4159575615050.84 | best_so_far: cost=16902301.37  viol=4155228469.2208  obj=4155245371522.20
[Run 05 | Iter 66] iter_best: cost=11551589.04  viol=4160873899.1908  obj=4160885450779.87 | best_so_far: cost=16902301.37  viol=4155228469.2208  obj=4155245371522.20
[Run 05 | Iter 67] iter_best: cost=10526452.05  viol=4161944521.1908  obj=4161955047642.88 | best_so_far: cost=16902301.37  viol=4155228469.2208  obj=4155245371522.20
[Run 05 | Iter 68] iter_best: cost=12476726.03  viol=4160632735.2208  obj=4160645211946.86 | best_so_far: cost=16902301.37  viol=4155228469.2208  obj=4155245371522.20
[Run 05 | FE 2048] best_local_obj=4155245371522.20  best_local_cost=16902301.37  best_local_viol=4155228469.2208
[Run 05 | Iter 69] iter_best: cost=12176671.23  viol=4160192428.2648  obj=4160204604936.06 | best_so_far: cost=16902301.37  viol=4155228469.2208  obj=4155245371522.20
[Run 05 | Iter 70] iter_best: cost=9601315.07  viol=4162185685.1908  obj=4162195286505.90 | best_so_far: cost=16902301.37  viol=4155228469.2208  obj=4155245371522.20
[Run 05 | Iter 71] iter_best: cost=10576452.05  viol=4161529792.1908  obj=4161540368642.88 | best_so_far: cost=16902301.37  viol=4155228469.2208  obj=4155245371522.20
[Run 05 | Iter 72] iter_best: cost=11501589.04  viol=4161288628.1908  obj=4161300129779.87 | best_so_far: cost=16902301.37  viol=4155228469.2208  obj=4155245371522.20
[Run 05 | Iter 73] iter_best: cost=14126945.21  viol=4158880642.1908  obj=4158894769136.03 | best_so_far: cost=16902301.37  viol=4155228469.2208  obj=4155245371522.20
[Run 05 | Iter 74] iter_best: cost=14477000.00  viol=4158906220.1508  obj=4158920697150.83 | best_so_far: cost=16902301.37  viol=4155228469.2208  obj=4155245371522.20
[Run 05 | Iter 75] iter_best: cost=11551589.04  viol=4160873899.1908  obj=4160885450779.87 | best_so_far: cost=16902301.37  viol=4155228469.2208  obj=4155245371522.20
[Run 05 | Iter 76] iter_best: cost=13251808.22  viol=4158707077.1908  obj=4158720328999.05 | best_so_far: cost=16902301.37  viol=4155228469.2208  obj=4155245371522.20
[Run 05 | FE 2304] best_local_obj=4155245371522.20  best_local_cost=16902301.37  best_local_viol=4155228469.2208
[Run 05 | Iter 77] iter_best: cost=12476726.03  viol=4160632735.1908  obj=4160645211916.86 | best_so_far: cost=16902301.37  viol=4155228469.2208  obj=4155245371522.20
[Run 05 | Iter 78] iter_best: cost=12526726.03  viol=4160218006.1808  obj=4160230532906.86 | best_so_far: cost=16902301.37  viol=4155228469.2208  obj=4155245371522.20
[Run 05 | Iter 79] iter_best: cost=15702191.78  viol=4159105363.1508  obj=4159121065342.61 | best_so_far: cost=16902301.37  viol=4155228469.2208  obj=4155245371522.20
[Run 05 | Iter 80] iter_best: cost=13876890.41  viol=4158025606.1508  obj=4158039483041.24 | best_so_far: cost=16902301.37  viol=4155228469.2208  obj=4155245371522.20
[Run 05 | Iter 81] iter_best: cost=14527000.00  viol=4158491491.1908  obj=4158506018190.83 | best_so_far: cost=16902301.37  viol=4155228469.2208  obj=4155245371522.20
[Run 05 | Iter 82] iter_best: cost=11551589.04  viol=4160873899.1908  obj=4160885450779.87 | best_so_far: cost=16902301.37  viol=4155228469.2208  obj=4155245371522.20
[Run 05 | Iter 83] iter_best: cost=13201808.22  viol=4159121806.1608  obj=4159135007969.05 | best_so_far: cost=16902301.37  viol=4155228469.2208  obj=4155245371522.20
[Run 05 | Iter 84] iter_best: cost=12176671.23  viol=4160192428.1908  obj=4160204604862.06 | best_so_far: cost=16902301.37  viol=4155228469.2208  obj=4155245371522.20
[Run 05 | Iter 85] iter_best: cost=14427000.00  viol=4159320949.1908  obj=4159335376190.83 | best_so_far: cost=16902301.37  viol=4155228469.2208  obj=4155245371522.20
[Run 05 | FE 2560] best_local_obj=4155245371522.20  best_local_cost=16902301.37  best_local_viol=4155228469.2208
[Run 05 | Iter 86] iter_best: cost=13201808.22  viol=4159121806.1908  obj=4159135007999.05 | best_so_far: cost=16902301.37  viol=4155228469.2208  obj=4155245371522.20
[Run 05 | Iter 87] iter_best: cost=16177219.18  viol=4156739398.1908  obj=4156755575410.01 | best_so_far: cost=16902301.37  viol=4155228469.2208  obj=4155245371522.20
[Run 05 | Iter 88] iter_best: cost=13201808.22  viol=4159121806.1908  obj=4159135007999.05 | best_so_far: cost=16902301.37  viol=4155228469.2208  obj=4155245371522.20
[Run 05 | Iter 89] iter_best: cost=13501863.01  viol=4159562113.2208  obj=4159575615083.84 | best_so_far: cost=16902301.37  viol=4155228469.2208  obj=4155245371522.20
[Run 05 | Iter 90] iter_best: cost=14226945.21  viol=4158051184.1908  obj=4158065411136.03 | best_so_far: cost=16902301.37  viol=4155228469.2208  obj=4155245371522.20
[Run 05 | Iter 91] iter_best: cost=13501863.01  viol=4159562113.1308  obj=4159575614993.84 | best_so_far: cost=16902301.37  viol=4155228469.2208  obj=4155245371522.20
[Run 05 | Iter 92] iter_best: cost=13151808.22  viol=4159536535.1908  obj=4159549686999.05 | best_so_far: cost=16902301.37  viol=4155228469.2208  obj=4155245371522.20
[Run 05 | Iter 93] iter_best: cost=10876506.85  viol=4161970099.1908  obj=4161980975697.68 | best_so_far: cost=16902301.37  viol=4155228469.2208  obj=4155245371522.20
[Run 05 | FE 2816] best_local_obj=4155245371522.20  best_local_cost=16902301.37  best_local_viol=4155228469.2208
[Run 05 | Iter 94] iter_best: cost=12626726.03  viol=4159388548.2208  obj=4159401174946.86 | best_so_far: cost=16902301.37  viol=4155228469.2208  obj=4155245371522.20
[Run 05 | Iter 95] iter_best: cost=13551863.01  viol=4159147384.2208  obj=4159160936083.84 | best_so_far: cost=16902301.37  viol=4155228469.2208  obj=4155245371522.20
[Run 05 | Iter 96] iter_best: cost=13501863.01  viol=4159562113.1908  obj=4159575615053.84 | best_so_far: cost=16902301.37  viol=4155228469.2208  obj=4155245371522.20
[Run 05 | Iter 97] iter_best: cost=12826780.82  viol=4160658313.1908  obj=4160671139971.65 | best_so_far: cost=16902301.37  viol=4155228469.2208  obj=4155245371522.20
[Run 05 | Iter 98] iter_best: cost=12876780.82  viol=4160243584.2208  obj=4160256461001.65 | best_so_far: cost=16902301.37  viol=4155228469.2208  obj=4155245371522.20
[Run 05 | Iter 99] iter_best: cost=12826780.82  viol=4160658313.1508  obj=4160671139931.65 | best_so_far: cost=16902301.37  viol=4155228469.2208  obj=4155245371522.20
[Run 05 | Iter 100] iter_best: cost=12226671.23  viol=4159777699.1908  obj=4159789925862.06 | best_so_far: cost=16902301.37  viol=4155228469.2208  obj=4155245371522.20
[Run 05 | Iter 101] iter_best: cost=14827054.79  viol=4158931798.2408  obj=4158946625295.62 | best_so_far: cost=16902301.37  viol=4155228469.2208  obj=4155245371522.20
[Run 05 | Iter 102] iter_best: cost=10226397.26  viol=4161504214.1908  obj=4161514440588.09 | best_so_far: cost=16902301.37  viol=4155228469.2208  obj=4155245371522.20
[Run 05 | FE 3072] best_local_obj=4155245371522.20  best_local_cost=16902301.37  best_local_viol=4155228469.2208
[Run 05 | Iter 103] iter_best: cost=11251534.25  viol=4160433592.2208  obj=4160444843755.08 | best_so_far: cost=16902301.37  viol=4155228469.2208  obj=4155245371522.20
[Run 05 | Iter 104] iter_best: cost=13201808.22  viol=4159121806.1808  obj=4159135007989.05 | best_so_far: cost=16902301.37  viol=4155228469.2208  obj=4155245371522.20
[Run 05 | Iter 105] iter_best: cost=14477000.00  viol=4158906220.1908  obj=4158920697190.83 | best_so_far: cost=16902301.37  viol=4155228469.2208  obj=4155245371522.20
[Run 05 | Iter 106] iter_best: cost=14527000.00  viol=4158491491.1908  obj=4158506018190.83 | best_so_far: cost=16902301.37  viol=4155228469.2208  obj=4155245371522.20
[Run 05 | Iter 107] iter_best: cost=13501863.01  viol=4159562113.1888  obj=4159575615051.84 | best_so_far: cost=16902301.37  viol=4155228469.2208  obj=4155245371522.20
[Run 05 | Iter 108] iter_best: cost=14577000.00  viol=4158076762.1908  obj=4158091339190.83 | best_so_far: cost=16902301.37  viol=4155228469.2208  obj=4155245371522.20
[Run 05 | Iter 109] iter_best: cost=12576726.03  viol=4159803277.1908  obj=4159815853916.86 | best_so_far: cost=16902301.37  viol=4155228469.2208  obj=4155245371522.20
[Run 05 | Iter 110] iter_best: cost=13201808.22  viol=4159121806.2208  obj=4159135008029.05 | best_so_far: cost=16902301.37  viol=4155228469.2208  obj=4155245371522.20
[Run 05 | FE 3328] best_local_obj=4155245371522.20  best_local_cost=16902301.37  best_local_viol=4155228469.2208
[Run 05 | Iter 111] iter_best: cost=11901643.84  viol=4160899477.1908  obj=4160911378834.66 | best_so_far: cost=16902301.37  viol=4155228469.2208  obj=4155245371522.20
[Run 05 | Iter 112] iter_best: cost=11551589.04  viol=4160873899.1908  obj=4160885450779.87 | best_so_far: cost=16902301.37  viol=4155228469.2208  obj=4155245371522.20
[Run 05 | Iter 113] iter_best: cost=11551589.04  viol=4160873899.1908  obj=4160885450779.87 | best_so_far: cost=16902301.37  viol=4155228469.2208  obj=4155245371522.20
[Run 05 | Iter 114] iter_best: cost=12926780.82  viol=4159828855.2008  obj=4159841781981.65 | best_so_far: cost=16902301.37  viol=4155228469.2208  obj=4155245371522.20
[Run 05 | Iter 115] iter_best: cost=10576452.05  viol=4161529792.1908  obj=4161540368642.88 | best_so_far: cost=16902301.37  viol=4155228469.2208  obj=4155245371522.20
[Run 05 | Iter 116] iter_best: cost=13451863.01  viol=4159976842.1508  obj=4159990294013.84 | best_so_far: cost=16902301.37  viol=4155228469.2208  obj=4155245371522.20
[Run 05 | Iter 117] iter_best: cost=15552136.99  viol=4157420869.1908  obj=4157436421327.81 | best_so_far: cost=16902301.37  viol=4155228469.2208  obj=4155245371522.20
[Run 05 | Iter 118] iter_best: cost=11551589.04  viol=4160873899.1908  obj=4160885450779.87 | best_so_far: cost=16902301.37  viol=4155228469.2208  obj=4155245371522.20
[Run 05 | Iter 119] iter_best: cost=14477000.00  viol=4158906220.2208  obj=4158920697220.83 | best_so_far: cost=16902301.37  viol=4155228469.2208  obj=4155245371522.20
[Run 05 | FE 3584] best_local_obj=4155245371522.20  best_local_cost=16902301.37  best_local_viol=4155228469.2208
[Run 05 | Iter 120] iter_best: cost=15202082.19  viol=4157395291.1908  obj=4157410493273.02 | best_so_far: cost=16902301.37  viol=4155228469.2208  obj=4155245371522.20
[Run 05 | Iter 121] iter_best: cost=11201534.25  viol=4160848321.1908  obj=4160859522725.08 | best_so_far: cost=16902301.37  viol=4155228469.2208  obj=4155245371522.20
[Run 05 | Iter 122] iter_best: cost=13551863.01  viol=4159147384.1908  obj=4159160936053.84 | best_so_far: cost=16902301.37  viol=4155228469.2208  obj=4155245371522.20
[Run 05 | Iter 123] iter_best: cost=15252082.19  viol=4156980562.2208  obj=4156995814303.02 | best_so_far: cost=16902301.37  viol=4155228469.2208  obj=4155245371522.20
[Run 05 | Iter 124] iter_best: cost=14226945.21  viol=4158051184.1908  obj=4158065411136.03 | best_so_far: cost=16902301.37  viol=4155228469.2208  obj=4155245371522.20
[Run 05 | Iter 125] iter_best: cost=13551863.01  viol=4159147384.1908  obj=4159160936053.84 | best_so_far: cost=16902301.37  viol=4155228469.2208  obj=4155245371522.20
[Run 05 | Iter 126] iter_best: cost=12226671.23  viol=4159777699.1908  obj=4159789925862.06 | best_so_far: cost=16902301.37  viol=4155228469.2208  obj=4155245371522.20
[Run 05 | Iter 127] iter_best: cost=13501863.01  viol=4159562113.2308  obj=4159575615093.84 | best_so_far: cost=16902301.37  viol=4155228469.2208  obj=4155245371522.20
[Run 05 | FE 3840] best_local_obj=4155245371522.20  best_local_cost=16902301.37  best_local_viol=4155228469.2208
[Run 05 | Iter 128] iter_best: cost=13501863.01  viol=4159562113.1908  obj=4159575615053.84 | best_so_far: cost=16902301.37  viol=4155228469.2208  obj=4155245371522.20
[Run 05 | Iter 129] iter_best: cost=12576726.03  viol=4159803277.1908  obj=4159815853916.86 | best_so_far: cost=16902301.37  viol=4155228469.2208  obj=4155245371522.20
[Run 05 | Iter 130] iter_best: cost=10576452.05  viol=4161529792.1308  obj=4161540368582.88 | best_so_far: cost=16902301.37  viol=4155228469.2208  obj=4155245371522.20
[Run 05 | Iter 131] iter_best: cost=9901369.86  viol=4162625992.1408  obj=4162635893510.69 | best_so_far: cost=16902301.37  viol=4155228469.2208  obj=4155245371522.20
[Run 05 | Iter 132] iter_best: cost=10276397.26  viol=4161089485.1908  obj=4161099761588.09 | best_so_far: cost=16902301.37  viol=4155228469.2208  obj=4155245371522.20
[Run 05 | Iter 133] iter_best: cost=10526452.05  viol=4161944521.1828  obj=4161955047634.88 | best_so_far: cost=16902301.37  viol=4155228469.2208  obj=4155245371522.20
[Run 05 | Iter 134] iter_best: cost=13251808.22  viol=4158707077.1908  obj=4158720328999.05 | best_so_far: cost=16902301.37  viol=4155228469.2208  obj=4155245371522.20
[Run 05 | Iter 135] iter_best: cost=12876780.82  viol=4160243584.2208  obj=4160256461001.65 | best_so_far: cost=16902301.37  viol=4155228469.2208  obj=4155245371522.20
[Run 05 | Iter 136] iter_best: cost=14226945.21  viol=4158051184.2208  obj=4158065411166.03 | best_so_far: cost=16902301.37  viol=4155228469.2208  obj=4155245371522.20
[Run 05 | FE 4096] best_local_obj=4155245371522.20  best_local_cost=16902301.37  best_local_viol=4155228469.2208
[Run 05 | Iter 137] iter_best: cost=11201534.25  viol=4160848321.1908  obj=4160859522725.08 | best_so_far: cost=16902301.37  viol=4155228469.2208  obj=4155245371522.20
[Run 05 | Iter 138] iter_best: cost=13551863.01  viol=4159147384.2208  obj=4159160936083.84 | best_so_far: cost=16902301.37  viol=4155228469.2208  obj=4155245371522.20
[Run 05 | Iter 139] iter_best: cost=11201534.25  viol=4160848321.1908  obj=4160859522725.08 | best_so_far: cost=16902301.37  viol=4155228469.2208  obj=4155245371522.20
[Run 05 | Iter 140] iter_best: cost=11601589.04  viol=4160459170.1908  obj=4160470771779.87 | best_so_far: cost=16902301.37  viol=4155228469.2208  obj=4155245371522.20
[Run 05 | Iter 141] iter_best: cost=13451863.01  viol=4159976842.1908  obj=4159990294053.84 | best_so_far: cost=16902301.37  viol=4155228469.2208  obj=4155245371522.20
[Run 05 | Iter 142] iter_best: cost=10576452.05  viol=4161529792.1508  obj=4161540368602.88 | best_so_far: cost=16902301.37  viol=4155228469.2208  obj=4155245371522.20
[Run 05 | Iter 143] iter_best: cost=12176671.23  viol=4160192428.1908  obj=4160204604862.06 | best_so_far: cost=16902301.37  viol=4155228469.2208  obj=4155245371522.20
[Run 05 | Iter 144] iter_best: cost=11601589.04  viol=4160459170.1908  obj=4160470771779.87 | best_so_far: cost=16902301.37  viol=4155228469.2208  obj=4155245371522.20
[Run 05 | Iter 145] iter_best: cost=14527000.00  viol=4158491491.2208  obj=4158506018220.83 | best_so_far: cost=16902301.37  viol=4155228469.2208  obj=4155245371522.20
[Run 05 | FE 4352] best_local_obj=4155245371522.20  best_local_cost=16902301.37  best_local_viol=4155228469.2208
[Run 05 | Iter 146] iter_best: cost=14852027.40  viol=4157369713.1908  obj=4157384565218.23 | best_so_far: cost=16902301.37  viol=4155228469.2208  obj=4155245371522.20
[Run 05 | Iter 147] iter_best: cost=11551589.04  viol=4160873899.1908  obj=4160885450779.87 | best_so_far: cost=16902301.37  viol=4155228469.2208  obj=4155245371522.20
[Run 05 | Iter 148] iter_best: cost=14226945.21  viol=4158051184.1908  obj=4158065411136.03 | best_so_far: cost=16902301.37  viol=4155228469.2208  obj=4155245371522.20
[Run 05 | Iter 149] iter_best: cost=12226671.23  viol=4159777699.1908  obj=4159789925862.06 | best_so_far: cost=16902301.37  viol=4155228469.2208  obj=4155245371522.20
[Run 05 | Iter 150] iter_best: cost=14527000.00  viol=4158491491.2208  obj=4158506018220.83 | best_so_far: cost=16902301.37  viol=4155228469.2208  obj=4155245371522.20
[Run 05 | Iter 151] iter_best: cost=14427000.00  viol=4159320949.1208  obj=4159335376120.83 | best_so_far: cost=16902301.37  viol=4155228469.2208  obj=4155245371522.20
[Run 05 | Iter 152] iter_best: cost=10576452.05  viol=4161529792.1908  obj=4161540368642.88 | best_so_far: cost=16902301.37  viol=4155228469.2208  obj=4155245371522.20
[Run 05 | Iter 153] iter_best: cost=11551589.04  viol=4160873899.1908  obj=4160885450779.87 | best_so_far: cost=16902301.37  viol=4155228469.2208  obj=4155245371522.20
[Run 05 | FE 4608] best_local_obj=4155245371522.20  best_local_cost=16902301.37  best_local_viol=4155228469.2208
[Run 05 | Iter 154] iter_best: cost=13501863.01  viol=4159562113.2158  obj=4159575615078.84 | best_so_far: cost=16902301.37  viol=4155228469.2208  obj=4155245371522.20
[Run 05 | Iter 155] iter_best: cost=11251534.25  viol=4160433592.1908  obj=4160444843725.08 | best_so_far: cost=16902301.37  viol=4155228469.2208  obj=4155245371522.20
[Run 05 | Iter 156] iter_best: cost=10526452.05  viol=4161944521.1908  obj=4161955047642.88 | best_so_far: cost=16902301.37  viol=4155228469.2208  obj=4155245371522.20
[Run 05 | Iter 157] iter_best: cost=9501315.07  viol=4163015143.1868  obj=4163024644501.90 | best_so_far: cost=16902301.37  viol=4155228469.2208  obj=4155245371522.20
[Run 05 | Iter 158] iter_best: cost=12526726.03  viol=4160218006.2208  obj=4160230532946.86 | best_so_far: cost=16902301.37  viol=4155228469.2208  obj=4155245371522.20
[Run 05 | Iter 159] iter_best: cost=12476726.03  viol=4160632735.1708  obj=4160645211896.86 | best_so_far: cost=16902301.37  viol=4155228469.2208  obj=4155245371522.20
[Run 05 | Iter 160] iter_best: cost=11501589.04  viol=4161288628.1908  obj=4161300129779.87 | best_so_far: cost=16902301.37  viol=4155228469.2208  obj=4155245371522.20
[Run 05 | Iter 161] iter_best: cost=14527000.00  viol=4158491491.2208  obj=4158506018220.83 | best_so_far: cost=16902301.37  viol=4155228469.2208  obj=4155245371522.20
[Run 05 | Iter 162] iter_best: cost=11551589.04  viol=4160873899.1788  obj=4160885450767.87 | best_so_far: cost=16902301.37  viol=4155228469.2208  obj=4155245371522.20
[Run 05 | FE 4864] best_local_obj=4155245371522.20  best_local_cost=16902301.37  best_local_viol=4155228469.2208
[Run 05 | Iter 163] iter_best: cost=13201808.22  viol=4159121806.1908  obj=4159135007999.05 | best_so_far: cost=16902301.37  viol=4155228469.2208  obj=4155245371522.20
[Run 05 | Iter 164] iter_best: cost=12476726.03  viol=4160632735.1908  obj=4160645211916.86 | best_so_far: cost=16902301.37  viol=4155228469.2208  obj=4155245371522.20
[Run 05 | Iter 165] iter_best: cost=13751917.81  viol=4160417149.1908  obj=4160430901108.64 | best_so_far: cost=16902301.37  viol=4155228469.2208  obj=4155245371522.20
[Run 05 | Iter 166] iter_best: cost=10226397.26  viol=4161504214.1908  obj=4161514440588.09 | best_so_far: cost=16902301.37  viol=4155228469.2208  obj=4155245371522.20
[Run 05 | Iter 167] iter_best: cost=13551863.01  viol=4159147384.1908  obj=4159160936053.84 | best_so_far: cost=16902301.37  viol=4155228469.2208  obj=4155245371522.20
[Run 05 | Iter 168] iter_best: cost=10226397.26  viol=4161504214.1908  obj=4161514440588.09 | best_so_far: cost=16902301.37  viol=4155228469.2208  obj=4155245371522.20
[Run 05 | Iter 169] iter_best: cost=11601589.04  viol=4160459170.1908  obj=4160470771779.87 | best_so_far: cost=16902301.37  viol=4155228469.2208  obj=4155245371522.20
[Run 05 | Iter 170] iter_best: cost=12826780.82  viol=4160658313.1508  obj=4160671139931.65 | best_so_far: cost=16902301.37  viol=4155228469.2208  obj=4155245371522.20
[Run 05 | FE 5120] best_local_obj=4155245371522.20  best_local_cost=16902301.37  best_local_viol=4155228469.2208
[Run 05 | Iter 171] iter_best: cost=11251534.25  viol=4160433592.1908  obj=4160444843725.08 | best_so_far: cost=16902301.37  viol=4155228469.2208  obj=4155245371522.20
[Run 05 | Iter 172] iter_best: cost=15877164.38  viol=4156299091.1908  obj=4156314968355.21 | best_so_far: cost=16902301.37  viol=4155228469.2208  obj=4155245371522.20
[Run 05 | Iter 173] iter_best: cost=13501863.01  viol=4159562113.2208  obj=4159575615083.84 | best_so_far: cost=16902301.37  viol=4155228469.2208  obj=4155245371522.20
[Run 05 | Iter 174] iter_best: cost=14527000.00  viol=4158491491.1908  obj=4158506018190.83 | best_so_far: cost=16902301.37  viol=4155228469.2208  obj=4155245371522.20
[Run 05 | Iter 175] iter_best: cost=10926506.85  viol=4161555370.1908  obj=4161566296697.68 | best_so_far: cost=16902301.37  viol=4155228469.2208  obj=4155245371522.20
[Run 05 | Iter 176] iter_best: cost=12176671.23  viol=4160192428.1908  obj=4160204604862.06 | best_so_far: cost=16902301.37  viol=4155228469.2208  obj=4155245371522.20
[Run 05 | Iter 177] iter_best: cost=11601589.04  viol=4160459170.1908  obj=4160470771779.87 | best_so_far: cost=16902301.37  viol=4155228469.2208  obj=4155245371522.20
[Run 05 | Iter 178] iter_best: cost=15502136.99  viol=4157835598.1908  obj=4157851100327.81 | best_so_far: cost=16902301.37  viol=4155228469.2208  obj=4155245371522.20
[Run 05 | Iter 179] iter_best: cost=10576452.05  viol=4161529792.1908  obj=4161540368642.88 | best_so_far: cost=16902301.37  viol=4155228469.2208  obj=4155245371522.20
[Run 05 | FE 5376] best_local_obj=4155245371522.20  best_local_cost=16902301.37  best_local_viol=4155228469.2208
[Run 05 | Iter 180] iter_best: cost=12476726.03  viol=4160632735.1908  obj=4160645211916.86 | best_so_far: cost=16902301.37  viol=4155228469.2208  obj=4155245371522.20
[Run 05 | Iter 181] iter_best: cost=12526726.03  viol=4160218006.1908  obj=4160230532916.86 | best_so_far: cost=16902301.37  viol=4155228469.2208  obj=4155245371522.20
[Run 05 | Iter 182] iter_best: cost=12476726.03  viol=4160632735.2208  obj=4160645211946.86 | best_so_far: cost=16902301.37  viol=4155228469.2208  obj=4155245371522.20
[Run 05 | Iter 183] iter_best: cost=12176671.23  viol=4160192428.1908  obj=4160204604862.06 | best_so_far: cost=16902301.37  viol=4155228469.2208  obj=4155245371522.20
[Run 05 | Iter 184] iter_best: cost=12526726.03  viol=4160218006.1908  obj=4160230532916.86 | best_so_far: cost=16902301.37  viol=4155228469.2208  obj=4155245371522.20
[Run 05 | Iter 185] iter_best: cost=13201808.22  viol=4159121806.1908  obj=4159135007999.05 | best_so_far: cost=16902301.37  viol=4155228469.2208  obj=4155245371522.20
[Run 05 | Iter 186] iter_best: cost=10526452.05  viol=4161944521.1908  obj=4161955047642.88 | best_so_far: cost=16902301.37  viol=4155228469.2208  obj=4155245371522.20
[Run 05 | Iter 187] iter_best: cost=11201534.25  viol=4160848321.2208  obj=4160859522755.08 | best_so_far: cost=16902301.37  viol=4155228469.2208  obj=4155245371522.20
[Run 05 | FE 5632] best_local_obj=4155245371522.20  best_local_cost=16902301.37  best_local_viol=4155228469.2208
[Run 05 | Iter 188] iter_best: cost=13501863.01  viol=4159562113.2208  obj=4159575615083.84 | best_so_far: cost=16902301.37  viol=4155228469.2208  obj=4155245371522.20
[Run 05 | Iter 189] iter_best: cost=11551589.04  viol=4160873899.1908  obj=4160885450779.87 | best_so_far: cost=16902301.37  viol=4155228469.2208  obj=4155245371522.20
[Run 05 | Iter 190] iter_best: cost=15152082.19  viol=4157810020.1908  obj=4157825172273.02 | best_so_far: cost=16902301.37  viol=4155228469.2208  obj=4155245371522.20
[Run 05 | Iter 191] iter_best: cost=15502136.99  viol=4157835598.2208  obj=4157851100357.82 | best_so_far: cost=16902301.37  viol=4155228469.2208  obj=4155245371522.20
[Run 05 | Iter 192] iter_best: cost=13201808.22  viol=4159121806.1898  obj=4159135007998.05 | best_so_far: cost=16902301.37  viol=4155228469.2208  obj=4155245371522.20
[Run 05 | Iter 193] iter_best: cost=11551589.04  viol=4160873899.2208  obj=4160885450809.87 | best_so_far: cost=16902301.37  viol=4155228469.2208  obj=4155245371522.20
[Run 05 | Iter 194] iter_best: cost=11251534.25  viol=4160433592.1908  obj=4160444843725.08 | best_so_far: cost=16902301.37  viol=4155228469.2208  obj=4155245371522.20
[Run 05 | Iter 195] iter_best: cost=13401863.01  viol=4160391571.1908  obj=4160404973053.84 | best_so_far: cost=16902301.37  viol=4155228469.2208  obj=4155245371522.20
[Run 05 | Iter 196] iter_best: cost=14176945.21  viol=4158465913.1908  obj=4158480090136.03 | best_so_far: cost=16902301.37  viol=4155228469.2208  obj=4155245371522.20
[Run 05 | FE 5888] best_local_obj=4155245371522.20  best_local_cost=16902301.37  best_local_viol=4155228469.2208
[Run 05 | Iter 197] iter_best: cost=12526726.03  viol=4160218006.1908  obj=4160230532916.86 | best_so_far: cost=16902301.37  viol=4155228469.2208  obj=4155245371522.20
[Run 05 | Iter 198] iter_best: cost=15152082.19  viol=4157810020.1908  obj=4157825172273.02 | best_so_far: cost=16902301.37  viol=4155228469.2208  obj=4155245371522.20
[Run 05 | Iter 199] iter_best: cost=11551589.04  viol=4160873899.1908  obj=4160885450779.87 | best_so_far: cost=16902301.37  viol=4155228469.2208  obj=4155245371522.20
[Run 05 | Iter 200] iter_best: cost=11251534.25  viol=4160433592.1908  obj=4160444843725.08 | best_so_far: cost=16902301.37  viol=4155228469.2208  obj=4155245371522.20
[Run 05 | Iter 201] iter_best: cost=13201808.22  viol=4159121806.2208  obj=4159135008029.05 | best_so_far: cost=16902301.37  viol=4155228469.2208  obj=4155245371522.20
[Run 05 | Iter 202] iter_best: cost=11801643.84  viol=4161728935.1908  obj=4161740736834.66 | best_so_far: cost=16902301.37  viol=4155228469.2208  obj=4155245371522.20
[Run 05 | Iter 203] iter_best: cost=10626452.05  viol=4161115063.2408  obj=4161125689692.88 | best_so_far: cost=16902301.37  viol=4155228469.2208  obj=4155245371522.20
[Run 05 | Iter 204] iter_best: cost=11251534.25  viol=4160433592.1908  obj=4160444843725.08 | best_so_far: cost=16902301.37  viol=4155228469.2208  obj=4155245371522.20
[Run 05 | FE 6144] best_local_obj=4155245371522.20  best_local_cost=16902301.37  best_local_viol=4155228469.2208
[Run 05 | Iter 205] iter_best: cost=10576452.05  viol=4161529792.1908  obj=4161540368642.88 | best_so_far: cost=16902301.37  viol=4155228469.2208  obj=4155245371522.20
[Run 05 | Iter 206] iter_best: cost=10626452.05  viol=4161115063.1908  obj=4161125689642.88 | best_so_far: cost=16902301.37  viol=4155228469.2208  obj=4155245371522.20
[Run 05 | Iter 207] iter_best: cost=12901753.42  viol=4158681499.1908  obj=4158694400944.25 | best_so_far: cost=16902301.37  viol=4155228469.2208  obj=4155245371522.20
[Run 05 | Iter 208] iter_best: cost=14176945.21  viol=4158465913.1908  obj=4158480090136.03 | best_so_far: cost=16902301.37  viol=4155228469.2208  obj=4155245371522.20
[Run 05 | Iter 209] iter_best: cost=14226945.21  viol=4158051184.1908  obj=4158065411136.03 | best_so_far: cost=16902301.37  viol=4155228469.2208  obj=4155245371522.20
[Run 05 | Iter 210] iter_best: cost=14527000.00  viol=4158491491.1908  obj=4158506018190.83 | best_so_far: cost=16902301.37  viol=4155228469.2208  obj=4155245371522.20
[Run 05 | Iter 211] iter_best: cost=15202082.19  viol=4157395291.2208  obj=4157410493303.02 | best_so_far: cost=16902301.37  viol=4155228469.2208  obj=4155245371522.20
[Run 05 | Iter 212] iter_best: cost=15502136.99  viol=4157835598.1908  obj=4157851100327.81 | best_so_far: cost=16902301.37  viol=4155228469.2208  obj=4155245371522.20
[Run 05 | Iter 213] iter_best: cost=10576452.05  viol=4161529792.1908  obj=4161540368642.88 | best_so_far: cost=16902301.37  viol=4155228469.2208  obj=4155245371522.20
[Run 05 | FE 6400] best_local_obj=4155245371522.20  best_local_cost=16902301.37  best_local_viol=4155228469.2208
[Run 05 | Iter 214] iter_best: cost=10576452.05  viol=4161529792.1908  obj=4161540368642.88 | best_so_far: cost=16902301.37  viol=4155228469.2208  obj=4155245371522.20
[Run 05 | Iter 215] iter_best: cost=13201808.22  viol=4159121806.1908  obj=4159135007999.05 | best_so_far: cost=16902301.37  viol=4155228469.2208  obj=4155245371522.20
[Run 05 | Iter 216] iter_best: cost=16552246.58  viol=4155202891.1908  obj=4155219443437.40 | best_so_far: cost=16552246.58  viol=4155202891.1908  obj=4155219443437.40
[Run 05 | Iter 217] iter_best: cost=12226671.23  viol=4159777699.1908  obj=4159789925862.06 | best_so_far: cost=16552246.58  viol=4155202891.1908  obj=4155219443437.40
[Run 05 | Iter 218] iter_best: cost=12176671.23  viol=4160192428.2208  obj=4160204604892.06 | best_so_far: cost=16552246.58  viol=4155202891.1908  obj=4155219443437.40
[Run 05 | Iter 219] iter_best: cost=15202082.19  viol=4157395291.2208  obj=4157410493303.02 | best_so_far: cost=16552246.58  viol=4155202891.1908  obj=4155219443437.40
[Run 05 | Iter 220] iter_best: cost=11501589.04  viol=4161288628.2308  obj=4161300129819.87 | best_so_far: cost=16552246.58  viol=4155202891.1908  obj=4155219443437.40
[Run 05 | Iter 221] iter_best: cost=12476726.03  viol=4160632735.1608  obj=4160645211886.86 | best_so_far: cost=16552246.58  viol=4155202891.1908  obj=4155219443437.40
[Run 05 | FE 6656] best_local_obj=4155219443437.40  best_local_cost=16552246.58  best_local_viol=4155202891.1908
[Run 05 | Iter 222] iter_best: cost=9551315.07  viol=4162600414.2208  obj=4162609965535.90 | best_so_far: cost=16552246.58  viol=4155202891.1908  obj=4155219443437.40
[Run 05 | Iter 223] iter_best: cost=11451589.04  viol=4161703357.2208  obj=4161714808809.87 | best_so_far: cost=16552246.58  viol=4155202891.1908  obj=4155219443437.40
[Run 05 | Iter 224] iter_best: cost=13201808.22  viol=4159121806.2208  obj=4159135008029.05 | best_so_far: cost=16552246.58  viol=4155202891.1908  obj=4155219443437.40
[Run 05 | Iter 225] iter_best: cost=15202082.19  viol=4157395291.1908  obj=4157410493273.02 | best_so_far: cost=16552246.58  viol=4155202891.1908  obj=4155219443437.40
[Run 05 | Iter 226] iter_best: cost=13601863.01  viol=4158732655.1908  obj=4158746257053.84 | best_so_far: cost=16552246.58  viol=4155202891.1908  obj=4155219443437.40
[Run 05 | Iter 227] iter_best: cost=13801917.81  viol=4160002420.2178  obj=4160016222135.64 | best_so_far: cost=16552246.58  viol=4155202891.1908  obj=4155219443437.40
[Run 05 | Iter 228] iter_best: cost=14226945.21  viol=4158051184.1908  obj=4158065411136.03 | best_so_far: cost=16552246.58  viol=4155202891.1908  obj=4155219443437.40
[Run 05 | Iter 229] iter_best: cost=10526452.05  viol=4161944521.1908  obj=4161955047642.88 | best_so_far: cost=16552246.58  viol=4155202891.1908  obj=4155219443437.40
[Run 05 | Iter 230] iter_best: cost=11201534.25  viol=4160848321.1908  obj=4160859522725.08 | best_so_far: cost=16552246.58  viol=4155202891.1908  obj=4155219443437.40
[Run 05 | FE 6912] best_local_obj=4155219443437.40  best_local_cost=16552246.58  best_local_viol=4155202891.1908
[Run 05 | Iter 231] iter_best: cost=12526726.03  viol=4160218006.1908  obj=4160230532916.86 | best_so_far: cost=16552246.58  viol=4155202891.1908  obj=4155219443437.40
[Run 05 | Iter 232] iter_best: cost=12276671.23  viol=4159362970.1908  obj=4159375246862.06 | best_so_far: cost=16552246.58  viol=4155202891.1908  obj=4155219443437.40
[Run 05 | Iter 233] iter_best: cost=11851643.84  viol=4161314206.2308  obj=4161326057874.66 | best_so_far: cost=16552246.58  viol=4155202891.1908  obj=4155219443437.40
[Run 05 | Iter 234] iter_best: cost=15502136.99  viol=4157835598.1832  obj=4157851100320.22 | best_so_far: cost=16552246.58  viol=4155202891.1908  obj=4155219443437.40
[Run 05 | Iter 235] iter_best: cost=15827164.38  viol=4156713820.1208  obj=4156729647285.21 | best_so_far: cost=16552246.58  viol=4155202891.1908  obj=4155219443437.40
[Run 05 | Iter 236] iter_best: cost=11601589.04  viol=4160459170.1908  obj=4160470771779.87 | best_so_far: cost=16552246.58  viol=4155202891.1908  obj=4155219443437.40
[Run 05 | Iter 237] iter_best: cost=11501589.04  viol=4161288628.2208  obj=4161300129809.87 | best_so_far: cost=16552246.58  viol=4155202891.1908  obj=4155219443437.40
[Run 05 | Iter 238] iter_best: cost=11501589.04  viol=4161288628.1908  obj=4161300129779.87 | best_so_far: cost=16552246.58  viol=4155202891.1908  obj=4155219443437.40
[Run 05 | FE 7168] best_local_obj=4155219443437.40  best_local_cost=16552246.58  best_local_viol=4155202891.1908
[Run 05 | Iter 239] iter_best: cost=13201808.22  viol=4159121806.1908  obj=4159135007999.05 | best_so_far: cost=16552246.58  viol=4155202891.1908  obj=4155219443437.40
[Run 05 | Iter 240] iter_best: cost=12226671.23  viol=4159777699.1508  obj=4159789925822.06 | best_so_far: cost=16552246.58  viol=4155202891.1908  obj=4155219443437.40
[Run 05 | Iter 241] iter_best: cost=12576726.03  viol=4159803277.1908  obj=4159815853916.86 | best_so_far: cost=16552246.58  viol=4155202891.1908  obj=4155219443437.40
[Run 05 | Iter 242] iter_best: cost=11251534.25  viol=4160433592.1908  obj=4160444843725.08 | best_so_far: cost=16552246.58  viol=4155202891.1908  obj=4155219443437.40
[Run 05 | Iter 243] iter_best: cost=9551315.07  viol=4162600414.1508  obj=4162609965465.90 | best_so_far: cost=16552246.58  viol=4155202891.1908  obj=4155219443437.40
[Run 05 | Iter 244] iter_best: cost=13901917.81  viol=4159172962.2208  obj=4159186864138.64 | best_so_far: cost=16552246.58  viol=4155202891.1908  obj=4155219443437.40
[Run 05 | Iter 245] iter_best: cost=12426726.03  viol=4161047464.1908  obj=4161059890916.86 | best_so_far: cost=16552246.58  viol=4155202891.1908  obj=4155219443437.40
[Run 05 | Iter 246] iter_best: cost=13551863.01  viol=4159147384.1508  obj=4159160936013.84 | best_so_far: cost=16552246.58  viol=4155202891.1908  obj=4155219443437.40
[Run 05 | Iter 247] iter_best: cost=9551315.07  viol=4162600414.1708  obj=4162609965485.90 | best_so_far: cost=16552246.58  viol=4155202891.1908  obj=4155219443437.40
[Run 05 | FE 7424] best_local_obj=4155219443437.40  best_local_cost=16552246.58  best_local_viol=4155202891.1908
[Run 05 | Iter 248] iter_best: cost=16177219.18  viol=4156739398.1908  obj=4156755575410.01 | best_so_far: cost=16552246.58  viol=4155202891.1908  obj=4155219443437.40
[Run 05 | Iter 249] iter_best: cost=14126945.21  viol=4158880642.2208  obj=4158894769166.03 | best_so_far: cost=16552246.58  viol=4155202891.1908  obj=4155219443437.40
[Run 05 | Iter 250] iter_best: cost=11201534.25  viol=4160848321.1908  obj=4160859522725.08 | best_so_far: cost=16552246.58  viol=4155202891.1908  obj=4155219443437.40
[Run 05 | Iter 251] iter_best: cost=11551589.04  viol=4160873899.2008  obj=4160885450789.87 | best_so_far: cost=16552246.58  viol=4155202891.1908  obj=4155219443437.40
[Run 05 | Iter 252] iter_best: cost=10926506.85  viol=4161555370.1908  obj=4161566296697.68 | best_so_far: cost=16552246.58  viol=4155202891.1908  obj=4155219443437.40
[Run 05 | Iter 253] iter_best: cost=14176945.21  viol=4158465913.1908  obj=4158480090136.03 | best_so_far: cost=16552246.58  viol=4155202891.1908  obj=4155219443437.40
[Run 05 | Iter 254] iter_best: cost=11851643.84  viol=4161314206.2408  obj=4161326057884.66 | best_so_far: cost=16552246.58  viol=4155202891.1908  obj=4155219443437.40
[Run 05 | Iter 255] iter_best: cost=11201534.25  viol=4160848321.1908  obj=4160859522725.08 | best_so_far: cost=16552246.58  viol=4155202891.1908  obj=4155219443437.40
[Run 05 | FE 7680] best_local_obj=4155219443437.40  best_local_cost=16552246.58  best_local_viol=4155202891.1908
[Run 05 | Iter 256] iter_best: cost=10876506.85  viol=4161970099.1908  obj=4161980975697.68 | best_so_far: cost=16552246.58  viol=4155202891.1908  obj=4155219443437.40
[Run 05 | Iter 257] iter_best: cost=17152356.16  viol=4156083505.2530  obj=4156100657609.19 | best_so_far: cost=16552246.58  viol=4155202891.1908  obj=4155219443437.40
[Run 05 | Iter 258] iter_best: cost=11551589.04  viol=4160873899.1308  obj=4160885450719.87 | best_so_far: cost=16552246.58  viol=4155202891.1908  obj=4155219443437.40
[Run 05 | Iter 259] iter_best: cost=12626726.03  viol=4159388548.1908  obj=4159401174916.86 | best_so_far: cost=16552246.58  viol=4155202891.1908  obj=4155219443437.40
[Run 05 | Iter 260] iter_best: cost=13501863.01  viol=4159562113.1708  obj=4159575615033.84 | best_so_far: cost=16552246.58  viol=4155202891.1908  obj=4155219443437.40
[Run 05 | Iter 261] iter_best: cost=11451589.04  viol=4161703357.2708  obj=4161714808859.87 | best_so_far: cost=16552246.58  viol=4155202891.1908  obj=4155219443437.40
[Run 05 | Iter 262] iter_best: cost=15252082.19  viol=4156980562.1908  obj=4156995814273.02 | best_so_far: cost=16552246.58  viol=4155202891.1908  obj=4155219443437.40
[Run 05 | Iter 263] iter_best: cost=12476726.03  viol=4160632735.2308  obj=4160645211956.86 | best_so_far: cost=16552246.58  viol=4155202891.1908  obj=4155219443437.40
[Run 05 | Iter 264] iter_best: cost=11551589.04  viol=4160873899.2208  obj=4160885450809.87 | best_so_far: cost=16552246.58  viol=4155202891.1908  obj=4155219443437.40
[Run 05 | FE 7936] best_local_obj=4155219443437.40  best_local_cost=16552246.58  best_local_viol=4155202891.1908
[Run 05 | Iter 265] iter_best: cost=11501589.04  viol=4161288628.2808  obj=4161300129869.87 | best_so_far: cost=16552246.58  viol=4155202891.1908  obj=4155219443437.40
[Run 05 | Iter 266] iter_best: cost=10576452.05  viol=4161529792.2008  obj=4161540368652.88 | best_so_far: cost=16552246.58  viol=4155202891.1908  obj=4155219443437.40
[Run 05 | Iter 267] iter_best: cost=14176945.21  viol=4158465913.2308  obj=4158480090176.03 | best_so_far: cost=16552246.58  viol=4155202891.1908  obj=4155219443437.40
[Run 05 | Iter 268] iter_best: cost=13151808.22  viol=4159536535.1908  obj=4159549686999.05 | best_so_far: cost=16552246.58  viol=4155202891.1908  obj=4155219443437.40
[Run 05 | Iter 269] iter_best: cost=13751917.81  viol=4160417149.0908  obj=4160430901008.64 | best_so_far: cost=16552246.58  viol=4155202891.1908  obj=4155219443437.40
[Run 05 | Iter 270] iter_best: cost=10476452.05  viol=4162359250.1728  obj=4162369726624.88 | best_so_far: cost=16552246.58  viol=4155202891.1908  obj=4155219443437.40
[Run 05 | Iter 271] iter_best: cost=16127219.18  viol=4157154127.2408  obj=4157170254460.01 | best_so_far: cost=16552246.58  viol=4155202891.1908  obj=4155219443437.40
[Run 05 | Iter 272] iter_best: cost=12476726.03  viol=4160632735.2208  obj=4160645211946.86 | best_so_far: cost=16552246.58  viol=4155202891.1908  obj=4155219443437.40
[Run 05 | Iter 273] iter_best: cost=11501589.04  viol=4161288628.2208  obj=4161300129809.87 | best_so_far: cost=16552246.58  viol=4155202891.1908  obj=4155219443437.40
[Run 05 | FE 8192] best_local_obj=4155219443437.40  best_local_cost=16552246.58  best_local_viol=4155202891.1908
[Run 05 | Iter 274] iter_best: cost=12526726.03  viol=4160218006.2208  obj=4160230532946.86 | best_so_far: cost=16552246.58  viol=4155202891.1908  obj=4155219443437.40
[Run 05 | Iter 275] iter_best: cost=10526452.05  viol=4161944521.1908  obj=4161955047642.88 | best_so_far: cost=16552246.58  viol=4155202891.1908  obj=4155219443437.40
[Run 05 | Iter 276] iter_best: cost=11951643.84  viol=4160484748.1908  obj=4160496699834.66 | best_so_far: cost=16552246.58  viol=4155202891.1908  obj=4155219443437.40
[Run 05 | Iter 277] iter_best: cost=12526726.03  viol=4160218006.1908  obj=4160230532916.86 | best_so_far: cost=16552246.58  viol=4155202891.1908  obj=4155219443437.40
[Run 05 | Iter 278] iter_best: cost=11251534.25  viol=4160433592.1908  obj=4160444843725.08 | best_so_far: cost=16552246.58  viol=4155202891.1908  obj=4155219443437.40
[Run 05 | Iter 279] iter_best: cost=14477000.00  viol=4158906220.2208  obj=4158920697220.83 | best_so_far: cost=16552246.58  viol=4155202891.1908  obj=4155219443437.40
[Run 05 | Iter 280] iter_best: cost=9501315.07  viol=4163015143.1908  obj=4163024644505.90 | best_so_far: cost=16552246.58  viol=4155202891.1908  obj=4155219443437.40
[Run 05 | Iter 281] iter_best: cost=17877438.36  viol=4154572576.1408  obj=4154590453579.19 | best_so_far: cost=17877438.36  viol=4154572576.1408  obj=4154590453579.19
[Run 05 | FE 8448] best_local_obj=4154590453579.19  best_local_cost=17877438.36  best_local_viol=4154572576.1408
[Run 05 | Iter 282] iter_best: cost=11551589.04  viol=4160873899.1608  obj=4160885450749.87 | best_so_far: cost=17877438.36  viol=4154572576.1408  obj=4154590453579.19
[Run 05 | Iter 283] iter_best: cost=15502136.99  viol=4157835598.1708  obj=4157851100307.82 | best_so_far: cost=17877438.36  viol=4154572576.1408  obj=4154590453579.19
[Run 05 | Iter 284] iter_best: cost=14527000.00  viol=4158491491.1908  obj=4158506018190.83 | best_so_far: cost=17877438.36  viol=4154572576.1408  obj=4154590453579.19
[Run 05 | Iter 285] iter_best: cost=9551315.07  viol=4162600414.1708  obj=4162609965485.90 | best_so_far: cost=17877438.36  viol=4154572576.1408  obj=4154590453579.19
[Run 05 | Iter 286] iter_best: cost=11851643.84  viol=4161314206.2208  obj=4161326057864.66 | best_so_far: cost=17877438.36  viol=4154572576.1408  obj=4154590453579.19
[Run 05 | Iter 287] iter_best: cost=12876780.82  viol=4160243584.1908  obj=4160256460971.65 | best_so_far: cost=17877438.36  viol=4154572576.1408  obj=4154590453579.19
[Run 05 | Iter 288] iter_best: cost=12576726.03  viol=4159803277.2308  obj=4159815853956.86 | best_so_far: cost=17877438.36  viol=4154572576.1408  obj=4154590453579.19
[Run 05 | Iter 289] iter_best: cost=11901643.84  viol=4160899477.1908  obj=4160911378834.66 | best_so_far: cost=17877438.36  viol=4154572576.1408  obj=4154590453579.19
[Run 05 | Iter 290] iter_best: cost=12826780.82  viol=4160658313.1908  obj=4160671139971.65 | best_so_far: cost=17877438.36  viol=4154572576.1408  obj=4154590453579.19
[Run 05 | FE 8704] best_local_obj=4154590453579.19  best_local_cost=17877438.36  best_local_viol=4154572576.1408
[Run 05 | Iter 291] iter_best: cost=10976506.85  viol=4161140641.1908  obj=4161151617697.68 | best_so_far: cost=17877438.36  viol=4154572576.1408  obj=4154590453579.19
[Run 05 | Iter 292] iter_best: cost=13151808.22  viol=4159536535.1508  obj=4159549686959.05 | best_so_far: cost=17877438.36  viol=4154572576.1408  obj=4154590453579.19
[Run 05 | Iter 293] iter_best: cost=11501589.04  viol=4161288628.1408  obj=4161300129729.87 | best_so_far: cost=17877438.36  viol=4154572576.1408  obj=4154590453579.19
[Run 05 | Iter 294] iter_best: cost=12576726.03  viol=4159803277.2308  obj=4159815853956.86 | best_so_far: cost=17877438.36  viol=4154572576.1408  obj=4154590453579.19
[Run 05 | Iter 295] iter_best: cost=12876780.82  viol=4160243584.1908  obj=4160256460971.65 | best_so_far: cost=17877438.36  viol=4154572576.1408  obj=4154590453579.19
[Run 05 | Iter 296] iter_best: cost=11551589.04  viol=4160873899.1908  obj=4160885450779.87 | best_so_far: cost=17877438.36  viol=4154572576.1408  obj=4154590453579.19
[Run 05 | Iter 297] iter_best: cost=12176671.23  viol=4160192428.1508  obj=4160204604822.06 | best_so_far: cost=17877438.36  viol=4154572576.1408  obj=4154590453579.19
[Run 05 | Iter 298] iter_best: cost=13751917.81  viol=4160417149.2208  obj=4160430901138.64 | best_so_far: cost=17877438.36  viol=4154572576.1408  obj=4154590453579.19
[Run 05 | FE 8960] best_local_obj=4154590453579.19  best_local_cost=17877438.36  best_local_viol=4154572576.1408
[Run 05 | Iter 299] iter_best: cost=15827164.38  viol=4156713820.1908  obj=4156729647355.21 | best_so_far: cost=17877438.36  viol=4154572576.1408  obj=4154590453579.19
[Run 05 | Iter 300] iter_best: cost=12226671.23  viol=4159777699.1908  obj=4159789925862.06 | best_so_far: cost=17877438.36  viol=4154572576.1408  obj=4154590453579.19
[Run 05 | Iter 301] iter_best: cost=14477000.00  viol=4158906220.1908  obj=4158920697190.83 | best_so_far: cost=17877438.36  viol=4154572576.1408  obj=4154590453579.19
