[RunConfig] run_id=1 seed=1001
[OutputDir] /work/home/acn1eb8nfq/yuezhang46/UScode/US实验一：横向对比/de_global_logs/run_01_seed_1001
[Info] #nodes = 4301
[Load] Reading scenarios ...
  - 2020: raw edges=5296, days=366
  - 2025: raw edges=5296, days=365
  - 2030: raw edges=5296, days=365
  - 2035: raw edges=5296, days=365
  - 2040: raw edges=5296, days=366
[Filter] EDGE_WEIGHT_MIN=1.0
  - active_nodes=2914  inactive_nodes(fixed NONE)=1387
  - 2020: removed=2048, kept=3248
  - 2025: removed=2048, kept=3248
  - 2030: removed=2048, kept=3248
  - 2035: removed=2048, kept=3248
  - 2040: removed=2048, kept=3248
  - 2020: filtered edges (active subgraph)=3248
  - 2025: filtered edges (active subgraph)=3248
  - 2030: filtered edges (active subgraph)=3248
  - 2035: filtered edges (active subgraph)=3248
  - 2040: filtered edges (active subgraph)=3248
[DE] Evaluate initial population ...
[DE] Init snapshot: best_cost=1223670465.75  best_viol=3408729164.2185  best_obj=3409952834684.26
[DE] Evolve under FE budget ...
[Run 01 | Gen 1] gen_best: cost=1688059164.38  viol=3112487006.6135  obj=3114175065777.88 | best_so_far: cost=1688059164.38  viol=3112487006.6135  obj=3114175065777.88 (improved)
[Run 01 | Gen 2] gen_best: cost=2349473890.41  viol=2769366406.3879  obj=2771715880278.35 | best_so_far: cost=2349473890.41  viol=2769366406.3879  obj=2771715880278.35 (improved)
[Run 01 | Gen 3] gen_best: cost=2831589205.48  viol=2600381792.0969  obj=2603213381302.42 | best_so_far: cost=2831589205.48  viol=2600381792.0969  obj=2603213381302.42 (improved)
[Run 01 | Gen 4] gen_best: cost=3337082452.05  viol=2408610408.6673  obj=2411947491119.34 | best_so_far: cost=3337082452.05  viol=2408610408.6673  obj=2411947491119.34 (improved)
[Run 01 | FE 256] best_local_obj=2285614263490.28  best_local_cost=3697181054.79  best_local_viol=2281917082.4355
[Run 01 | Gen 5] gen_best: cost=3839823452.05  viol=2219754653.4513  obj=2223594476903.40 | best_so_far: cost=3839823452.05  viol=2219754653.4513  obj=2223594476903.40 (improved)
[Run 01 | Gen 6] gen_best: cost=4188521123.29  viol=2104716031.0190  obj=2108904552142.32 | best_so_far: cost=4188521123.29  viol=2104716031.0190  obj=2108904552142.32 (improved)
[Run 01 | Gen 7] gen_best: cost=4225576657.53  viol=2076113201.7268  obj=2080338778384.33 | best_so_far: cost=4225576657.53  viol=2076113201.7268  obj=2080338778384.33 (improved)
[Run 01 | Gen 8] gen_best: cost=4225576657.53  viol=2076113201.7268  obj=2080338778384.33 | best_so_far: cost=4225576657.53  viol=2076113201.7268  obj=2080338778384.33 
[Run 01 | Gen 9] gen_best: cost=4347593534.25  viol=2040422220.6166  obj=2044769814150.81 | best_so_far: cost=4347593534.25  viol=2040422220.6166  obj=2044769814150.81 (improved)
[Run 01 | FE 512] best_local_obj=2020170318793.33  best_local_cost=4350543150.68  best_local_viol=2015819775.6426
[Run 01 | Gen 10] gen_best: cost=4350543150.68  viol=2015819775.6426  obj=2020170318793.33 | best_so_far: cost=4350543150.68  viol=2015819775.6426  obj=2020170318793.33 (improved)
[Run 01 | Gen 11] gen_best: cost=4333092657.53  viol=1989337373.4022  obj=1993670466059.74 | best_so_far: cost=4333092657.53  viol=1989337373.4022  obj=1993670466059.74 (improved)
[Run 01 | Gen 12] gen_best: cost=4333092657.53  viol=1989337373.4022  obj=1993670466059.74 | best_so_far: cost=4333092657.53  viol=1989337373.4022  obj=1993670466059.74 
[Run 01 | Gen 13] gen_best: cost=4517992178.08  viol=1954981127.5964  obj=1959499119774.46 | best_so_far: cost=4517992178.08  viol=1954981127.5964  obj=1959499119774.46 (improved)
[Run 01 | Gen 14] gen_best: cost=4517992178.08  viol=1954981127.5964  obj=1959499119774.46 | best_so_far: cost=4517992178.08  viol=1954981127.5964  obj=1959499119774.46 
[Run 01 | FE 768] best_local_obj=1959499119774.46  best_local_cost=4517992178.08  best_local_viol=1954981127.5964
[Run 01 | Gen 15] gen_best: cost=4529344589.04  viol=1953487218.0289  obj=1958016562617.95 | best_so_far: cost=4529344589.04  viol=1953487218.0289  obj=1958016562617.95 (improved)
[Run 01 | Gen 16] gen_best: cost=4758099424.66  viol=1919816563.7223  obj=1924574663146.95 | best_so_far: cost=4758099424.66  viol=1919816563.7223  obj=1924574663146.95 (improved)
[Run 01 | Gen 17] gen_best: cost=4978177424.66  viol=1885259397.0093  obj=1890237574433.94 | best_so_far: cost=4978177424.66  viol=1885259397.0093  obj=1890237574433.94 (improved)
[Run 01 | Gen 18] gen_best: cost=4978177424.66  viol=1885259397.0093  obj=1890237574433.94 | best_so_far: cost=4978177424.66  viol=1885259397.0093  obj=1890237574433.94 
[Run 01 | Gen 19] gen_best: cost=4978177424.66  viol=1885259397.0093  obj=1890237574433.94 | best_so_far: cost=4978177424.66  viol=1885259397.0093  obj=1890237574433.94 
[Run 01 | FE 1024] best_local_obj=1876449446085.55  best_local_cost=4897543356.16  best_local_viol=1871551902.7294
[Run 01 | Gen 20] gen_best: cost=4753798821.92  viol=1865166434.5408  obj=1869920233362.70 | best_so_far: cost=4753798821.92  viol=1865166434.5408  obj=1869920233362.70 (improved)
[Run 01 | Gen 21] gen_best: cost=4753798821.92  viol=1865166434.5408  obj=1869920233362.70 | best_so_far: cost=4753798821.92  viol=1865166434.5408  obj=1869920233362.70 
[Run 01 | Gen 22] gen_best: cost=5007931753.42  viol=1860207175.3998  obj=1865215107153.20 | best_so_far: cost=5007931753.42  viol=1860207175.3998  obj=1865215107153.20 (improved)
[Run 01 | Gen 23] gen_best: cost=4959050643.84  viol=1846618103.1804  obj=1851577153824.26 | best_so_far: cost=4959050643.84  viol=1846618103.1804  obj=1851577153824.26 (improved)
[Run 01 | Gen 24] gen_best: cost=4747848383.56  viol=1837687669.7091  obj=1842435518092.65 | best_so_far: cost=4747848383.56  viol=1837687669.7091  obj=1842435518092.65 (improved)
[Run 01 | FE 1280] best_local_obj=1842435518092.65  best_local_cost=4747848383.56  best_local_viol=1837687669.7091
[Run 01 | Gen 25] gen_best: cost=4747848383.56  viol=1837687669.7091  obj=1842435518092.65 | best_so_far: cost=4747848383.56  viol=1837687669.7091  obj=1842435518092.65 
[Run 01 | Gen 26] gen_best: cost=4747848383.56  viol=1837687669.7091  obj=1842435518092.65 | best_so_far: cost=4747848383.56  viol=1837687669.7091  obj=1842435518092.65 
[Run 01 | Gen 27] gen_best: cost=4867989958.90  viol=1831563841.9404  obj=1836431831899.26 | best_so_far: cost=4867989958.90  viol=1831563841.9404  obj=1836431831899.26 (improved)
[Run 01 | Gen 28] gen_best: cost=4893467287.67  viol=1830607524.5001  obj=1835500991787.75 | best_so_far: cost=4893467287.67  viol=1830607524.5001  obj=1835500991787.75 (improved)
[Run 01 | Gen 29] gen_best: cost=4893467287.67  viol=1830607524.5001  obj=1835500991787.75 | best_so_far: cost=4893467287.67  viol=1830607524.5001  obj=1835500991787.75 
[Run 01 | FE 1536] best_local_obj=1830790833038.30  best_local_cost=4791129383.56  best_local_viol=1825999703.6547
[Run 01 | Gen 30] gen_best: cost=4791129383.56  viol=1825999703.6547  obj=1830790833038.30 | best_so_far: cost=4791129383.56  viol=1825999703.6547  obj=1830790833038.30 (improved)
[Run 01 | Gen 31] gen_best: cost=4791129383.56  viol=1825999703.6547  obj=1830790833038.30 | best_so_far: cost=4791129383.56  viol=1825999703.6547  obj=1830790833038.30 
[Run 01 | Gen 32] gen_best: cost=4791129383.56  viol=1825999703.6547  obj=1830790833038.30 | best_so_far: cost=4791129383.56  viol=1825999703.6547  obj=1830790833038.30 
[Run 01 | Gen 33] gen_best: cost=4805255616.44  viol=1824051101.0265  obj=1828856356642.97 | best_so_far: cost=4805255616.44  viol=1824051101.0265  obj=1828856356642.97 (improved)
[Run 01 | Gen 34] gen_best: cost=4842785136.99  viol=1795371391.8183  obj=1800214176955.25 | best_so_far: cost=4842785136.99  viol=1795371391.8183  obj=1800214176955.25 (improved)
[Run 01 | FE 1792] best_local_obj=1800214176955.25  best_local_cost=4842785136.99  best_local_viol=1795371391.8183
[Run 01 | Gen 35] gen_best: cost=4842785136.99  viol=1795371391.8183  obj=1800214176955.25 | best_so_far: cost=4842785136.99  viol=1795371391.8183  obj=1800214176955.25 
[Run 01 | Gen 36] gen_best: cost=4842785136.99  viol=1795371391.8183  obj=1800214176955.25 | best_so_far: cost=4842785136.99  viol=1795371391.8183  obj=1800214176955.25 
[Run 01 | Gen 37] gen_best: cost=4923146534.25  viol=1784494174.1132  obj=1789417320647.48 | best_so_far: cost=4923146534.25  viol=1784494174.1132  obj=1789417320647.48 (improved)
[Run 01 | Gen 38] gen_best: cost=4923146534.25  viol=1784494174.1132  obj=1789417320647.48 | best_so_far: cost=4923146534.25  viol=1784494174.1132  obj=1789417320647.48 
[Run 01 | Gen 39] gen_best: cost=4923146534.25  viol=1784494174.1132  obj=1789417320647.48 | best_so_far: cost=4923146534.25  viol=1784494174.1132  obj=1789417320647.48 
[Run 01 | FE 2048] best_local_obj=1789417320647.48  best_local_cost=4923146534.25  best_local_viol=1784494174.1132
[Run 01 | Gen 40] gen_best: cost=4923146534.25  viol=1784494174.1132  obj=1789417320647.48 | best_so_far: cost=4923146534.25  viol=1784494174.1132  obj=1789417320647.48 
[Run 01 | Gen 41] gen_best: cost=4923146534.25  viol=1784494174.1132  obj=1789417320647.48 | best_so_far: cost=4923146534.25  viol=1784494174.1132  obj=1789417320647.48 
[Run 01 | Gen 42] gen_best: cost=4923146534.25  viol=1784494174.1132  obj=1789417320647.48 | best_so_far: cost=4923146534.25  viol=1784494174.1132  obj=1789417320647.48 
[Run 01 | Gen 43] gen_best: cost=4923146534.25  viol=1784494174.1132  obj=1789417320647.48 | best_so_far: cost=4923146534.25  viol=1784494174.1132  obj=1789417320647.48 
[Run 01 | Gen 44] gen_best: cost=4923146534.25  viol=1784494174.1132  obj=1789417320647.48 | best_so_far: cost=4923146534.25  viol=1784494174.1132  obj=1789417320647.48 
[Run 01 | Gen 45] gen_best: cost=4927897082.19  viol=1766982945.0931  obj=1771910842175.31 | best_so_far: cost=4927897082.19  viol=1766982945.0931  obj=1771910842175.31 (improved)
[Run 01 | FE 2304] best_local_obj=1771910842175.31  best_local_cost=4927897082.19  best_local_viol=1766982945.0931
[Run 01 | Gen 46] gen_best: cost=4927897082.19  viol=1766982945.0931  obj=1771910842175.31 | best_so_far: cost=4927897082.19  viol=1766982945.0931  obj=1771910842175.31 
[Run 01 | Gen 47] gen_best: cost=4927897082.19  viol=1766982945.0931  obj=1771910842175.31 | best_so_far: cost=4927897082.19  viol=1766982945.0931  obj=1771910842175.31 
[Run 01 | Gen 48] gen_best: cost=4927897082.19  viol=1766982945.0931  obj=1771910842175.31 | best_so_far: cost=4927897082.19  viol=1766982945.0931  obj=1771910842175.31 
[Run 01 | Gen 49] gen_best: cost=4927897082.19  viol=1766982945.0931  obj=1771910842175.31 | best_so_far: cost=4927897082.19  viol=1766982945.0931  obj=1771910842175.31 
[Run 01 | Gen 50] gen_best: cost=4927897082.19  viol=1766982945.0931  obj=1771910842175.31 | best_so_far: cost=4927897082.19  viol=1766982945.0931  obj=1771910842175.31 
[Run 01 | FE 2560] best_local_obj=1771910842175.31  best_local_cost=4927897082.19  best_local_viol=1766982945.0931
[Run 01 | Gen 51] gen_best: cost=4927897082.19  viol=1766982945.0931  obj=1771910842175.31 | best_so_far: cost=4927897082.19  viol=1766982945.0931  obj=1771910842175.31 
[Run 01 | Gen 52] gen_best: cost=4985904698.63  viol=1750761801.2629  obj=1755747705961.53 | best_so_far: cost=4985904698.63  viol=1750761801.2629  obj=1755747705961.53 (improved)
[Run 01 | Gen 53] gen_best: cost=4893718273.97  viol=1741173863.1302  obj=1746067581404.17 | best_so_far: cost=4893718273.97  viol=1741173863.1302  obj=1746067581404.17 (improved)
[Run 01 | Gen 54] gen_best: cost=4893718273.97  viol=1741173863.1302  obj=1746067581404.17 | best_so_far: cost=4893718273.97  viol=1741173863.1302  obj=1746067581404.17 
[Run 01 | Gen 55] gen_best: cost=4893718273.97  viol=1741173863.1302  obj=1746067581404.17 | best_so_far: cost=4893718273.97  viol=1741173863.1302  obj=1746067581404.17 
[Run 01 | FE 2816] best_local_obj=1746067581404.17  best_local_cost=4893718273.97  best_local_viol=1741173863.1302
[Run 01 | Gen 56] gen_best: cost=4893718273.97  viol=1741173863.1302  obj=1746067581404.17 | best_so_far: cost=4893718273.97  viol=1741173863.1302  obj=1746067581404.17 
[Run 01 | Gen 57] gen_best: cost=4893718273.97  viol=1741173863.1302  obj=1746067581404.17 | best_so_far: cost=4893718273.97  viol=1741173863.1302  obj=1746067581404.17 
[Run 01 | Gen 58] gen_best: cost=5018084328.77  viol=1716493826.1267  obj=1721511910455.43 | best_so_far: cost=5018084328.77  viol=1716493826.1267  obj=1721511910455.43 (improved)
[Run 01 | Gen 59] gen_best: cost=5018084328.77  viol=1716493826.1267  obj=1721511910455.43 | best_so_far: cost=5018084328.77  viol=1716493826.1267  obj=1721511910455.43 
[Run 01 | Gen 60] gen_best: cost=5000556342.47  viol=1713826871.1396  obj=1718827427482.02 | best_so_far: cost=5000556342.47  viol=1713826871.1396  obj=1718827427482.02 (improved)
[Run 01 | FE 3072] best_local_obj=1718827427482.02  best_local_cost=5000556342.47  best_local_viol=1713826871.1396
[Run 01 | Gen 61] gen_best: cost=5000556342.47  viol=1713826871.1396  obj=1718827427482.02 | best_so_far: cost=5000556342.47  viol=1713826871.1396  obj=1718827427482.02 
[Run 01 | Gen 62] gen_best: cost=5000556342.47  viol=1713826871.1396  obj=1718827427482.02 | best_so_far: cost=5000556342.47  viol=1713826871.1396  obj=1718827427482.02 
[Run 01 | Gen 63] gen_best: cost=5008182794.52  viol=1704612042.5790  obj=1709620225373.55 | best_so_far: cost=5008182794.52  viol=1704612042.5790  obj=1709620225373.55 (improved)
[Run 01 | Gen 64] gen_best: cost=5008182794.52  viol=1704612042.5790  obj=1709620225373.55 | best_so_far: cost=5008182794.52  viol=1704612042.5790  obj=1709620225373.55 
[Run 01 | Gen 65] gen_best: cost=5008182794.52  viol=1704612042.5790  obj=1709620225373.55 | best_so_far: cost=5008182794.52  viol=1704612042.5790  obj=1709620225373.55 
[Run 01 | FE 3328] best_local_obj=1709620225373.55  best_local_cost=5008182794.52  best_local_viol=1704612042.5790
[Run 01 | Gen 66] gen_best: cost=5060739753.42  viol=1702229827.7625  obj=1707290567515.93 | best_so_far: cost=5060739753.42  viol=1702229827.7625  obj=1707290567515.93 (improved)
[Run 01 | Gen 67] gen_best: cost=5060739753.42  viol=1702229827.7625  obj=1707290567515.93 | best_so_far: cost=5060739753.42  viol=1702229827.7625  obj=1707290567515.93 
[Run 01 | Gen 68] gen_best: cost=5060739753.42  viol=1702229827.7625  obj=1707290567515.93 | best_so_far: cost=5060739753.42  viol=1702229827.7625  obj=1707290567515.93 
[Run 01 | Gen 69] gen_best: cost=5060739753.42  viol=1702229827.7625  obj=1707290567515.93 | best_so_far: cost=5060739753.42  viol=1702229827.7625  obj=1707290567515.93 
[Run 01 | Gen 70] gen_best: cost=5060739753.42  viol=1702229827.7625  obj=1707290567515.93 | best_so_far: cost=5060739753.42  viol=1702229827.7625  obj=1707290567515.93 
[Run 01 | FE 3584] best_local_obj=1707290567515.93  best_local_cost=5060739753.42  best_local_viol=1702229827.7625
[Run 01 | Gen 71] gen_best: cost=5060739753.42  viol=1702229827.7625  obj=1707290567515.93 | best_so_far: cost=5060739753.42  viol=1702229827.7625  obj=1707290567515.93 
[Run 01 | Gen 72] gen_best: cost=5060739753.42  viol=1702229827.7625  obj=1707290567515.93 | best_so_far: cost=5060739753.42  viol=1702229827.7625  obj=1707290567515.93 
[Run 01 | Gen 73] gen_best: cost=5144300219.18  viol=1692104938.8811  obj=1697249239100.24 | best_so_far: cost=5144300219.18  viol=1692104938.8811  obj=1697249239100.24 (improved)
[Run 01 | Gen 74] gen_best: cost=5180179301.37  viol=1682832004.8078  obj=1688012184109.13 | best_so_far: cost=5180179301.37  viol=1682832004.8078  obj=1688012184109.13 (improved)
[Run 01 | Gen 75] gen_best: cost=5180179301.37  viol=1682832004.8078  obj=1688012184109.13 | best_so_far: cost=5180179301.37  viol=1682832004.8078  obj=1688012184109.13 
[Run 01 | FE 3840] best_local_obj=1688012184109.13  best_local_cost=5180179301.37  best_local_viol=1682832004.8078
[Run 01 | Gen 76] gen_best: cost=5180179301.37  viol=1682832004.8078  obj=1688012184109.13 | best_so_far: cost=5180179301.37  viol=1682832004.8078  obj=1688012184109.13 
[Run 01 | Gen 77] gen_best: cost=5210683630.14  viol=1653557824.9473  obj=1658768508577.40 | best_so_far: cost=5210683630.14  viol=1653557824.9473  obj=1658768508577.40 (improved)
[Run 01 | Gen 78] gen_best: cost=5210683630.14  viol=1653557824.9473  obj=1658768508577.40 | best_so_far: cost=5210683630.14  viol=1653557824.9473  obj=1658768508577.40 
[Run 01 | Gen 79] gen_best: cost=5210683630.14  viol=1653557824.9473  obj=1658768508577.40 | best_so_far: cost=5210683630.14  viol=1653557824.9473  obj=1658768508577.40 
[Run 01 | Gen 80] gen_best: cost=5210683630.14  viol=1653557824.9473  obj=1658768508577.40 | best_so_far: cost=5210683630.14  viol=1653557824.9473  obj=1658768508577.40 
[Run 01 | FE 4096] best_local_obj=1658768508577.40  best_local_cost=5210683630.14  best_local_viol=1653557824.9473
[Run 01 | Gen 81] gen_best: cost=5210683630.14  viol=1653557824.9473  obj=1658768508577.40 | best_so_far: cost=5210683630.14  viol=1653557824.9473  obj=1658768508577.40 
[Run 01 | Gen 82] gen_best: cost=5210683630.14  viol=1653557824.9473  obj=1658768508577.40 | best_so_far: cost=5210683630.14  viol=1653557824.9473  obj=1658768508577.40 
[Run 01 | Gen 83] gen_best: cost=5210683630.14  viol=1653557824.9473  obj=1658768508577.40 | best_so_far: cost=5210683630.14  viol=1653557824.9473  obj=1658768508577.40 
[Run 01 | Gen 84] gen_best: cost=5210683630.14  viol=1653557824.9473  obj=1658768508577.40 | best_so_far: cost=5210683630.14  viol=1653557824.9473  obj=1658768508577.40 
[Run 01 | Gen 85] gen_best: cost=5210683630.14  viol=1653557824.9473  obj=1658768508577.40 | best_so_far: cost=5210683630.14  viol=1653557824.9473  obj=1658768508577.40 
[Run 01 | Gen 86] gen_best: cost=5210683630.14  viol=1653557824.9473  obj=1658768508577.40 | best_so_far: cost=5210683630.14  viol=1653557824.9473  obj=1658768508577.40 
[Run 01 | FE 4352] best_local_obj=1658768508577.40  best_local_cost=5210683630.14  best_local_viol=1653557824.9473
[Run 01 | Gen 87] gen_best: cost=5210683630.14  viol=1653557824.9473  obj=1658768508577.40 | best_so_far: cost=5210683630.14  viol=1653557824.9473  obj=1658768508577.40 
[Run 01 | Gen 88] gen_best: cost=5210683630.14  viol=1653557824.9473  obj=1658768508577.40 | best_so_far: cost=5210683630.14  viol=1653557824.9473  obj=1658768508577.40 
[Run 01 | Gen 89] gen_best: cost=5210683630.14  viol=1653557824.9473  obj=1658768508577.40 | best_so_far: cost=5210683630.14  viol=1653557824.9473  obj=1658768508577.40 
[Run 01 | Gen 90] gen_best: cost=5210683630.14  viol=1653557824.9473  obj=1658768508577.40 | best_so_far: cost=5210683630.14  viol=1653557824.9473  obj=1658768508577.40 
[Run 01 | Gen 91] gen_best: cost=5210683630.14  viol=1653557824.9473  obj=1658768508577.40 | best_so_far: cost=5210683630.14  viol=1653557824.9473  obj=1658768508577.40 
[Run 01 | FE 4608] best_local_obj=1658768508577.40  best_local_cost=5210683630.14  best_local_viol=1653557824.9473
[Run 01 | Gen 92] gen_best: cost=5210683630.14  viol=1653557824.9473  obj=1658768508577.40 | best_so_far: cost=5210683630.14  viol=1653557824.9473  obj=1658768508577.40 
[Run 01 | Gen 93] gen_best: cost=5210683630.14  viol=1653557824.9473  obj=1658768508577.40 | best_so_far: cost=5210683630.14  viol=1653557824.9473  obj=1658768508577.40 
[Run 01 | Gen 94] gen_best: cost=5210683630.14  viol=1653557824.9473  obj=1658768508577.40 | best_so_far: cost=5210683630.14  viol=1653557824.9473  obj=1658768508577.40 
[Run 01 | Gen 95] gen_best: cost=5210683630.14  viol=1653557824.9473  obj=1658768508577.40 | best_so_far: cost=5210683630.14  viol=1653557824.9473  obj=1658768508577.40 
[Run 01 | Gen 96] gen_best: cost=5299720164.38  viol=1641796502.9162  obj=1647096223080.59 | best_so_far: cost=5299720164.38  viol=1641796502.9162  obj=1647096223080.59 (improved)
[Run 01 | FE 4864] best_local_obj=1647096223080.59  best_local_cost=5299720164.38  best_local_viol=1641796502.9162
[Run 01 | Gen 97] gen_best: cost=5299720164.38  viol=1641796502.9162  obj=1647096223080.59 | best_so_far: cost=5299720164.38  viol=1641796502.9162  obj=1647096223080.59 
[Run 01 | Gen 98] gen_best: cost=5299720164.38  viol=1641796502.9162  obj=1647096223080.59 | best_so_far: cost=5299720164.38  viol=1641796502.9162  obj=1647096223080.59 
[Run 01 | Gen 99] gen_best: cost=5299720164.38  viol=1641796502.9162  obj=1647096223080.59 | best_so_far: cost=5299720164.38  viol=1641796502.9162  obj=1647096223080.59 
[Run 01 | Gen 100] gen_best: cost=5299720164.38  viol=1641796502.9162  obj=1647096223080.59 | best_so_far: cost=5299720164.38  viol=1641796502.9162  obj=1647096223080.59 
[Run 01 | Gen 101] gen_best: cost=5299720164.38  viol=1641796502.9162  obj=1647096223080.59 | best_so_far: cost=5299720164.38  viol=1641796502.9162  obj=1647096223080.59 
[Run 01 | FE 5120] best_local_obj=1647096223080.59  best_local_cost=5299720164.38  best_local_viol=1641796502.9162
[Run 01 | Gen 102] gen_best: cost=5299720164.38  viol=1641796502.9162  obj=1647096223080.59 | best_so_far: cost=5299720164.38  viol=1641796502.9162  obj=1647096223080.59 
[Run 01 | Gen 103] gen_best: cost=5299720164.38  viol=1641796502.9162  obj=1647096223080.59 | best_so_far: cost=5299720164.38  viol=1641796502.9162  obj=1647096223080.59 
[Run 01 | Gen 104] gen_best: cost=5299720164.38  viol=1641796502.9162  obj=1647096223080.59 | best_so_far: cost=5299720164.38  viol=1641796502.9162  obj=1647096223080.59 
[Run 01 | Gen 105] gen_best: cost=5299720164.38  viol=1641796502.9162  obj=1647096223080.59 | best_so_far: cost=5299720164.38  viol=1641796502.9162  obj=1647096223080.59 
[Run 01 | Gen 106] gen_best: cost=5299720164.38  viol=1641796502.9162  obj=1647096223080.59 | best_so_far: cost=5299720164.38  viol=1641796502.9162  obj=1647096223080.59 
[Run 01 | FE 5376] best_local_obj=1647096223080.59  best_local_cost=5299720164.38  best_local_viol=1641796502.9162
[Run 01 | Gen 107] gen_best: cost=5299720164.38  viol=1641796502.9162  obj=1647096223080.59 | best_so_far: cost=5299720164.38  viol=1641796502.9162  obj=1647096223080.59 
[Run 01 | Gen 108] gen_best: cost=5280093767.12  viol=1640482211.9437  obj=1645762305710.86 | best_so_far: cost=5280093767.12  viol=1640482211.9437  obj=1645762305710.86 (improved)
[Run 01 | Gen 109] gen_best: cost=5280093767.12  viol=1640482211.9437  obj=1645762305710.86 | best_so_far: cost=5280093767.12  viol=1640482211.9437  obj=1645762305710.86 
[Run 01 | Gen 110] gen_best: cost=5280093767.12  viol=1640482211.9437  obj=1645762305710.86 | best_so_far: cost=5280093767.12  viol=1640482211.9437  obj=1645762305710.86 
[Run 01 | Gen 111] gen_best: cost=5235988342.47  viol=1613173172.6031  obj=1618409160945.54 | best_so_far: cost=5235988342.47  viol=1613173172.6031  obj=1618409160945.54 (improved)
[Run 01 | FE 5632] best_local_obj=1618409160945.54  best_local_cost=5235988342.47  best_local_viol=1613173172.6031
[Run 01 | Gen 112] gen_best: cost=5235988342.47  viol=1613173172.6031  obj=1618409160945.54 | best_so_far: cost=5235988342.47  viol=1613173172.6031  obj=1618409160945.54 
[Run 01 | Gen 113] gen_best: cost=5235988342.47  viol=1613173172.6031  obj=1618409160945.54 | best_so_far: cost=5235988342.47  viol=1613173172.6031  obj=1618409160945.54 
[Run 01 | Gen 114] gen_best: cost=5220361287.67  viol=1597792186.9137  obj=1603012548201.40 | best_so_far: cost=5220361287.67  viol=1597792186.9137  obj=1603012548201.40 (improved)
[Run 01 | Gen 115] gen_best: cost=5220361287.67  viol=1597792186.9137  obj=1603012548201.40 | best_so_far: cost=5220361287.67  viol=1597792186.9137  obj=1603012548201.40 
[Run 01 | Gen 116] gen_best: cost=5220361287.67  viol=1597792186.9137  obj=1603012548201.40 | best_so_far: cost=5220361287.67  viol=1597792186.9137  obj=1603012548201.40 
[Run 01 | FE 5888] best_local_obj=1601860011149.97  best_local_cost=5300221205.48  best_local_viol=1596559789.9445
[Run 01 | Gen 117] gen_best: cost=5300221205.48  viol=1596559789.9445  obj=1601860011149.97 | best_so_far: cost=5300221205.48  viol=1596559789.9445  obj=1601860011149.97 (improved)
[Run 01 | Gen 118] gen_best: cost=5300221205.48  viol=1596559789.9445  obj=1601860011149.97 | best_so_far: cost=5300221205.48  viol=1596559789.9445  obj=1601860011149.97 
[Run 01 | Gen 119] gen_best: cost=5300221205.48  viol=1596559789.9445  obj=1601860011149.97 | best_so_far: cost=5300221205.48  viol=1596559789.9445  obj=1601860011149.97 
[Run 01 | Gen 120] gen_best: cost=5300221205.48  viol=1596559789.9445  obj=1601860011149.97 | best_so_far: cost=5300221205.48  viol=1596559789.9445  obj=1601860011149.97 
[Run 01 | Gen 121] gen_best: cost=5300221205.48  viol=1596559789.9445  obj=1601860011149.97 | best_so_far: cost=5300221205.48  viol=1596559789.9445  obj=1601860011149.97 
[Run 01 | FE 6144] best_local_obj=1601860011149.97  best_local_cost=5300221205.48  best_local_viol=1596559789.9445
[Run 01 | Gen 122] gen_best: cost=5300221205.48  viol=1596559789.9445  obj=1601860011149.97 | best_so_far: cost=5300221205.48  viol=1596559789.9445  obj=1601860011149.97 
[Run 01 | Gen 123] gen_best: cost=5300221205.48  viol=1596559789.9445  obj=1601860011149.97 | best_so_far: cost=5300221205.48  viol=1596559789.9445  obj=1601860011149.97 
[Run 01 | Gen 124] gen_best: cost=5300221205.48  viol=1596559789.9445  obj=1601860011149.97 | best_so_far: cost=5300221205.48  viol=1596559789.9445  obj=1601860011149.97 
[Run 01 | Gen 125] gen_best: cost=5300221205.48  viol=1596559789.9445  obj=1601860011149.97 | best_so_far: cost=5300221205.48  viol=1596559789.9445  obj=1601860011149.97 
[Run 01 | Gen 126] gen_best: cost=5300221205.48  viol=1596559789.9445  obj=1601860011149.97 | best_so_far: cost=5300221205.48  viol=1596559789.9445  obj=1601860011149.97 
[Run 01 | FE 6400] best_local_obj=1595633496035.76  best_local_cost=5301021753.42  best_local_viol=1590332474.2823
[Run 01 | Gen 127] gen_best: cost=5301021753.42  viol=1590332474.2823  obj=1595633496035.76 | best_so_far: cost=5301021753.42  viol=1590332474.2823  obj=1595633496035.76 (improved)
[Run 01 | Gen 128] gen_best: cost=5301021753.42  viol=1590332474.2823  obj=1595633496035.76 | best_so_far: cost=5301021753.42  viol=1590332474.2823  obj=1595633496035.76 
[Run 01 | Gen 129] gen_best: cost=5301021753.42  viol=1590332474.2823  obj=1595633496035.76 | best_so_far: cost=5301021753.42  viol=1590332474.2823  obj=1595633496035.76 
[Run 01 | Gen 130] gen_best: cost=5301021753.42  viol=1590332474.2823  obj=1595633496035.76 | best_so_far: cost=5301021753.42  viol=1590332474.2823  obj=1595633496035.76 
[Run 01 | Gen 131] gen_best: cost=5301021753.42  viol=1590332474.2823  obj=1595633496035.76 | best_so_far: cost=5301021753.42  viol=1590332474.2823  obj=1595633496035.76 
[Run 01 | Gen 132] gen_best: cost=5341427342.47  viol=1582973092.2620  obj=1588314519604.49 | best_so_far: cost=5341427342.47  viol=1582973092.2620  obj=1588314519604.49 (improved)
[Run 01 | FE 6656] best_local_obj=1588314519604.49  best_local_cost=5341427342.47  best_local_viol=1582973092.2620
[Run 01 | Gen 133] gen_best: cost=5341427342.47  viol=1582973092.2620  obj=1588314519604.49 | best_so_far: cost=5341427342.47  viol=1582973092.2620  obj=1588314519604.49 
[Run 01 | Gen 134] gen_best: cost=5319299356.16  viol=1567061095.4188  obj=1572380394774.94 | best_so_far: cost=5319299356.16  viol=1567061095.4188  obj=1572380394774.94 (improved)
[Run 01 | Gen 135] gen_best: cost=5319299356.16  viol=1567061095.4188  obj=1572380394774.94 | best_so_far: cost=5319299356.16  viol=1567061095.4188  obj=1572380394774.94 
[Run 01 | Gen 136] gen_best: cost=5319299356.16  viol=1567061095.4188  obj=1572380394774.94 | best_so_far: cost=5319299356.16  viol=1567061095.4188  obj=1572380394774.94 
[Run 01 | Gen 137] gen_best: cost=5319299356.16  viol=1567061095.4188  obj=1572380394774.94 | best_so_far: cost=5319299356.16  viol=1567061095.4188  obj=1572380394774.94 
[Run 01 | FE 6912] best_local_obj=1572380394774.94  best_local_cost=5319299356.16  best_local_viol=1567061095.4188
[Run 01 | Gen 138] gen_best: cost=5319299356.16  viol=1567061095.4188  obj=1572380394774.94 | best_so_far: cost=5319299356.16  viol=1567061095.4188  obj=1572380394774.94 
[Run 01 | Gen 139] gen_best: cost=5319299356.16  viol=1567061095.4188  obj=1572380394774.94 | best_so_far: cost=5319299356.16  viol=1567061095.4188  obj=1572380394774.94 
[Run 01 | Gen 140] gen_best: cost=5319299356.16  viol=1567061095.4188  obj=1572380394774.94 | best_so_far: cost=5319299356.16  viol=1567061095.4188  obj=1572380394774.94 
[Run 01 | Gen 141] gen_best: cost=5319299356.16  viol=1567061095.4188  obj=1572380394774.94 | best_so_far: cost=5319299356.16  viol=1567061095.4188  obj=1572380394774.94 
[Run 01 | Gen 142] gen_best: cost=5319299356.16  viol=1567061095.4188  obj=1572380394774.94 | best_so_far: cost=5319299356.16  viol=1567061095.4188  obj=1572380394774.94 
[Run 01 | FE 7168] best_local_obj=1572380394774.94  best_local_cost=5319299356.16  best_local_viol=1567061095.4188
[Run 01 | Gen 143] gen_best: cost=5301897328.77  viol=1561213380.1851  obj=1566515277513.88 | best_so_far: cost=5301897328.77  viol=1561213380.1851  obj=1566515277513.88 (improved)
[Run 01 | Gen 144] gen_best: cost=5301897328.77  viol=1561213380.1851  obj=1566515277513.88 | best_so_far: cost=5301897328.77  viol=1561213380.1851  obj=1566515277513.88 
[Run 01 | Gen 145] gen_best: cost=5301897328.77  viol=1561213380.1851  obj=1566515277513.88 | best_so_far: cost=5301897328.77  viol=1561213380.1851  obj=1566515277513.88 
[Run 01 | Gen 146] gen_best: cost=5301897328.77  viol=1561213380.1851  obj=1566515277513.88 | best_so_far: cost=5301897328.77  viol=1561213380.1851  obj=1566515277513.88 
[Run 01 | Gen 147] gen_best: cost=5279744917.81  viol=1557931879.8331  obj=1563211624750.86 | best_so_far: cost=5279744917.81  viol=1557931879.8331  obj=1563211624750.86 (improved)
[Run 01 | FE 7424] best_local_obj=1563211624750.86  best_local_cost=5279744917.81  best_local_viol=1557931879.8331
[Run 01 | Gen 148] gen_best: cost=5279744917.81  viol=1557931879.8331  obj=1563211624750.86 | best_so_far: cost=5279744917.81  viol=1557931879.8331  obj=1563211624750.86 
[Run 01 | Gen 149] gen_best: cost=5279744917.81  viol=1557931879.8331  obj=1563211624750.86 | best_so_far: cost=5279744917.81  viol=1557931879.8331  obj=1563211624750.86 
[Run 01 | Gen 150] gen_best: cost=5330876136.99  viol=1557355920.6713  obj=1562686796808.26 | best_so_far: cost=5330876136.99  viol=1557355920.6713  obj=1562686796808.26 (improved)
[Run 01 | Gen 151] gen_best: cost=5330876136.99  viol=1557355920.6713  obj=1562686796808.26 | best_so_far: cost=5330876136.99  viol=1557355920.6713  obj=1562686796808.26 
[Run 01 | Gen 152] gen_best: cost=5330876136.99  viol=1557355920.6713  obj=1562686796808.26 | best_so_far: cost=5330876136.99  viol=1557355920.6713  obj=1562686796808.26 
[Run 01 | FE 7680] best_local_obj=1562686796808.26  best_local_cost=5330876136.99  best_local_viol=1557355920.6713
[Run 01 | Gen 153] gen_best: cost=5330876136.99  viol=1557355920.6713  obj=1562686796808.26 | best_so_far: cost=5330876136.99  viol=1557355920.6713  obj=1562686796808.26 
[Run 01 | Gen 154] gen_best: cost=5311923945.21  viol=1551029494.5065  obj=1556341418451.67 | best_so_far: cost=5311923945.21  viol=1551029494.5065  obj=1556341418451.67 (improved)
[Run 01 | Gen 155] gen_best: cost=5311923945.21  viol=1551029494.5065  obj=1556341418451.67 | best_so_far: cost=5311923945.21  viol=1551029494.5065  obj=1556341418451.67 
[Run 01 | Gen 156] gen_best: cost=5311923945.21  viol=1551029494.5065  obj=1556341418451.67 | best_so_far: cost=5311923945.21  viol=1551029494.5065  obj=1556341418451.67 
[Run 01 | Gen 157] gen_best: cost=5311923945.21  viol=1551029494.5065  obj=1556341418451.67 | best_so_far: cost=5311923945.21  viol=1551029494.5065  obj=1556341418451.67 
[Run 01 | FE 7936] best_local_obj=1556341418451.67  best_local_cost=5311923945.21  best_local_viol=1551029494.5065
[Run 01 | Gen 158] gen_best: cost=5311923945.21  viol=1551029494.5065  obj=1556341418451.67 | best_so_far: cost=5311923945.21  viol=1551029494.5065  obj=1556341418451.67 
[Run 01 | Gen 159] gen_best: cost=5378632767.12  viol=1530342681.9026  obj=1535721314669.75 | best_so_far: cost=5378632767.12  viol=1530342681.9026  obj=1535721314669.75 (improved)
[Run 01 | Gen 160] gen_best: cost=5378632767.12  viol=1530342681.9026  obj=1535721314669.75 | best_so_far: cost=5378632767.12  viol=1530342681.9026  obj=1535721314669.75 
[Run 01 | Gen 161] gen_best: cost=5378632767.12  viol=1530342681.9026  obj=1535721314669.75 | best_so_far: cost=5378632767.12  viol=1530342681.9026  obj=1535721314669.75 
[Run 01 | Gen 162] gen_best: cost=5378632767.12  viol=1530342681.9026  obj=1535721314669.75 | best_so_far: cost=5378632767.12  viol=1530342681.9026  obj=1535721314669.75 
[Run 01 | FE 8192] best_local_obj=1535721314669.75  best_local_cost=5378632767.12  best_local_viol=1530342681.9026
[Run 01 | Gen 163] gen_best: cost=5378632767.12  viol=1530342681.9026  obj=1535721314669.75 | best_so_far: cost=5378632767.12  viol=1530342681.9026  obj=1535721314669.75 
[Run 01 | Gen 164] gen_best: cost=5378632767.12  viol=1530342681.9026  obj=1535721314669.75 | best_so_far: cost=5378632767.12  viol=1530342681.9026  obj=1535721314669.75 
[Run 01 | Gen 165] gen_best: cost=5378632767.12  viol=1530342681.9026  obj=1535721314669.75 | best_so_far: cost=5378632767.12  viol=1530342681.9026  obj=1535721314669.75 
[Run 01 | Gen 166] gen_best: cost=5378632767.12  viol=1530342681.9026  obj=1535721314669.75 | best_so_far: cost=5378632767.12  viol=1530342681.9026  obj=1535721314669.75 
[Run 01 | Gen 167] gen_best: cost=5378632767.12  viol=1530342681.9026  obj=1535721314669.75 | best_so_far: cost=5378632767.12  viol=1530342681.9026  obj=1535721314669.75 
[Run 01 | FE 8448] best_local_obj=1535721314669.75  best_local_cost=5378632767.12  best_local_viol=1530342681.9026
[Run 01 | Gen 168] gen_best: cost=5378632767.12  viol=1530342681.9026  obj=1535721314669.75 | best_so_far: cost=5378632767.12  viol=1530342681.9026  obj=1535721314669.75 
[Run 01 | Gen 169] gen_best: cost=5378632767.12  viol=1530342681.9026  obj=1535721314669.75 | best_so_far: cost=5378632767.12  viol=1530342681.9026  obj=1535721314669.75 
[Run 01 | Gen 170] gen_best: cost=5378632767.12  viol=1530342681.9026  obj=1535721314669.75 | best_so_far: cost=5378632767.12  viol=1530342681.9026  obj=1535721314669.75 
[Run 01 | Gen 171] gen_best: cost=5378632767.12  viol=1530342681.9026  obj=1535721314669.75 | best_so_far: cost=5378632767.12  viol=1530342681.9026  obj=1535721314669.75 
[Run 01 | Gen 172] gen_best: cost=5378632767.12  viol=1530342681.9026  obj=1535721314669.75 | best_so_far: cost=5378632767.12  viol=1530342681.9026  obj=1535721314669.75 
[Run 01 | Gen 173] gen_best: cost=5378632767.12  viol=1530342681.9026  obj=1535721314669.75 | best_so_far: cost=5378632767.12  viol=1530342681.9026  obj=1535721314669.75 
[Run 01 | FE 8704] best_local_obj=1535721314669.75  best_local_cost=5378632767.12  best_local_viol=1530342681.9026
[Run 01 | Gen 174] gen_best: cost=5323400397.26  viol=1525946857.7838  obj=1531270258181.06 | best_so_far: cost=5323400397.26  viol=1525946857.7838  obj=1531270258181.06 (improved)
[Run 01 | Gen 175] gen_best: cost=5323400397.26  viol=1525946857.7838  obj=1531270258181.06 | best_so_far: cost=5323400397.26  viol=1525946857.7838  obj=1531270258181.06 
[Run 01 | Gen 176] gen_best: cost=5323400397.26  viol=1525946857.7838  obj=1531270258181.06 | best_so_far: cost=5323400397.26  viol=1525946857.7838  obj=1531270258181.06 
[Run 01 | Gen 177] gen_best: cost=5323400397.26  viol=1525946857.7838  obj=1531270258181.06 | best_so_far: cost=5323400397.26  viol=1525946857.7838  obj=1531270258181.06 
[Run 01 | Gen 178] gen_best: cost=5323400397.26  viol=1525946857.7838  obj=1531270258181.06 | best_so_far: cost=5323400397.26  viol=1525946857.7838  obj=1531270258181.06 
[Run 01 | FE 8960] best_local_obj=1531270258181.06  best_local_cost=5323400397.26  best_local_viol=1525946857.7838
[Run 01 | Gen 179] gen_best: cost=5323400397.26  viol=1525946857.7838  obj=1531270258181.06 | best_so_far: cost=5323400397.26  viol=1525946857.7838  obj=1531270258181.06 
[Run 01 | Gen 180] gen_best: cost=5323400397.26  viol=1525946857.7838  obj=1531270258181.06 | best_so_far: cost=5323400397.26  viol=1525946857.7838  obj=1531270258181.06 
[Run 01 | Gen 181] gen_best: cost=5323400397.26  viol=1525946857.7838  obj=1531270258181.06 | best_so_far: cost=5323400397.26  viol=1525946857.7838  obj=1531270258181.06 
[Run 01 | Gen 182] gen_best: cost=5334176904.11  viol=1520630553.0777  obj=1525964729981.76 | best_so_far: cost=5334176904.11  viol=1520630553.0777  obj=1525964729981.76 (improved)
[Run 01 | Gen 183] gen_best: cost=5334176904.11  viol=1520630553.0777  obj=1525964729981.76 | best_so_far: cost=5334176904.11  viol=1520630553.0777  obj=1525964729981.76 
[Run 01 | FE 9216] best_local_obj=1525964729981.76  best_local_cost=5334176904.11  best_local_viol=1520630553.0777
[Run 01 | Gen 184] gen_best: cost=5334176904.11  viol=1520630553.0777  obj=1525964729981.76 | best_so_far: cost=5334176904.11  viol=1520630553.0777  obj=1525964729981.76 
[Run 01 | Gen 185] gen_best: cost=5447341479.45  viol=1518131492.8110  obj=1523578834290.49 | best_so_far: cost=5447341479.45  viol=1518131492.8110  obj=1523578834290.49 (improved)
[Run 01 | Gen 186] gen_best: cost=5447341479.45  viol=1518131492.8110  obj=1523578834290.49 | best_so_far: cost=5447341479.45  viol=1518131492.8110  obj=1523578834290.49 
[Run 01 | Gen 187] gen_best: cost=5447341479.45  viol=1518131492.8110  obj=1523578834290.49 | best_so_far: cost=5447341479.45  viol=1518131492.8110  obj=1523578834290.49 
[Run 01 | Gen 188] gen_best: cost=5447341479.45  viol=1518131492.8110  obj=1523578834290.49 | best_so_far: cost=5447341479.45  viol=1518131492.8110  obj=1523578834290.49 
[Run 01 | FE 9472] best_local_obj=1523578834290.49  best_local_cost=5447341479.45  best_local_viol=1518131492.8110
[Run 01 | Gen 189] gen_best: cost=5342352863.01  viol=1514335781.5005  obj=1519678134363.47 | best_so_far: cost=5342352863.01  viol=1514335781.5005  obj=1519678134363.47 (improved)
[Run 01 | Gen 190] gen_best: cost=5342352863.01  viol=1514335781.5005  obj=1519678134363.47 | best_so_far: cost=5342352863.01  viol=1514335781.5005  obj=1519678134363.47 
[Run 01 | Gen 191] gen_best: cost=5342352863.01  viol=1514335781.5005  obj=1519678134363.47 | best_so_far: cost=5342352863.01  viol=1514335781.5005  obj=1519678134363.47 
[Run 01 | Gen 192] gen_best: cost=5342352863.01  viol=1514335781.5005  obj=1519678134363.47 | best_so_far: cost=5342352863.01  viol=1514335781.5005  obj=1519678134363.47 
[Run 01 | Gen 193] gen_best: cost=5400885506.85  viol=1514076298.8008  obj=1519477184307.66 | best_so_far: cost=5400885506.85  viol=1514076298.8008  obj=1519477184307.66 (improved)
[Run 01 | FE 9728] best_local_obj=1519477184307.66  best_local_cost=5400885506.85  best_local_viol=1514076298.8008
[Run 01 | Gen 194] gen_best: cost=5536278287.67  viol=1509318629.0705  obj=1514854907358.22 | best_so_far: cost=5536278287.67  viol=1509318629.0705  obj=1514854907358.22 (improved)
[Run 01 | Gen 195] gen_best: cost=5536278287.67  viol=1509318629.0705  obj=1514854907358.22 | best_so_far: cost=5536278287.67  viol=1509318629.0705  obj=1514854907358.22 
