[RunConfig] run_id=20 seed=1020
[OutputDir] /work/home/acn1eb8nfq/yuezhang46/UScode/US实验一：横向对比/de_global_logs/run_20_seed_1020
[Info] #nodes = 4301
[Load] Reading scenarios ...
  - 2020: raw edges=5296, days=366
  - 2025: raw edges=5296, days=365
  - 2030: raw edges=5296, days=365
  - 2035: raw edges=5296, days=365
  - 2040: raw edges=5296, days=366
[Filter] EDGE_WEIGHT_MIN=1.0
  - active_nodes=2914  inactive_nodes(fixed NONE)=1387
  - 2020: removed=2048, kept=3248
  - 2025: removed=2048, kept=3248
  - 2030: removed=2048, kept=3248
  - 2035: removed=2048, kept=3248
  - 2040: removed=2048, kept=3248
  - 2020: filtered edges (active subgraph)=3248
  - 2025: filtered edges (active subgraph)=3248
  - 2030: filtered edges (active subgraph)=3248
  - 2035: filtered edges (active subgraph)=3248
  - 2040: filtered edges (active subgraph)=3248
[DE] Evaluate initial population ...
[DE] Init snapshot: best_cost=1235897191.78  best_viol=3389573841.1396  best_obj=3390809738331.42
[DE] Evolve under FE budget ...
[Run 20 | Gen 1] gen_best: cost=1969122931.51  viol=2986597059.8695  obj=2988566182801.06 | best_so_far: cost=1969122931.51  viol=2986597059.8695  obj=2988566182801.06 (improved)
[Run 20 | Gen 2] gen_best: cost=2317044315.07  viol=2808538057.7790  obj=2810855102094.07 | best_so_far: cost=2317044315.07  viol=2808538057.7790  obj=2810855102094.07 (improved)
[Run 20 | Gen 3] gen_best: cost=2745279013.70  viol=2551622749.5178  obj=2554368028531.51 | best_so_far: cost=2745279013.70  viol=2551622749.5178  obj=2554368028531.51 (improved)
[Run 20 | Gen 4] gen_best: cost=3049643054.79  viol=2477593989.4550  obj=2480643632509.76 | best_so_far: cost=3049643054.79  viol=2477593989.4550  obj=2480643632509.76 (improved)
[Run 20 | FE 256] best_local_obj=2453000749359.47  best_local_cost=3045918684.93  best_local_viol=2449954830.6745
[Run 20 | Gen 5] gen_best: cost=3290250575.34  viol=2354593659.5321  obj=2357883910107.44 | best_so_far: cost=3290250575.34  viol=2354593659.5321  obj=2357883910107.44 (improved)
[Run 20 | Gen 6] gen_best: cost=3814946945.21  viol=2187798916.0084  obj=2191613862953.63 | best_so_far: cost=3814946945.21  viol=2187798916.0084  obj=2191613862953.63 (improved)
[Run 20 | Gen 7] gen_best: cost=4071506547.95  viol=2096299657.5609  obj=2100371164108.82 | best_so_far: cost=4071506547.95  viol=2096299657.5609  obj=2100371164108.82 (improved)
[Run 20 | Gen 8] gen_best: cost=4430804931.51  viol=2032865034.7504  obj=2037295839681.89 | best_so_far: cost=4430804931.51  viol=2032865034.7504  obj=2037295839681.89 (improved)
[Run 20 | Gen 9] gen_best: cost=4430804931.51  viol=2032865034.7504  obj=2037295839681.89 | best_so_far: cost=4430804931.51  viol=2032865034.7504  obj=2037295839681.89 
[Run 20 | FE 512] best_local_obj=2024866773226.89  best_local_cost=4412777109.59  best_local_viol=2020453996.1173
[Run 20 | Gen 10] gen_best: cost=4446782917.81  viol=2020262405.0665  obj=2024709187984.34 | best_so_far: cost=4446782917.81  viol=2020262405.0665  obj=2024709187984.34 (improved)
[Run 20 | Gen 11] gen_best: cost=4427553780.82  viol=2000609307.7953  obj=2005036861576.12 | best_so_far: cost=4427553780.82  viol=2000609307.7953  obj=2005036861576.12 (improved)
[Run 20 | Gen 12] gen_best: cost=4451833520.55  viol=1996622938.6595  obj=2001074772180.04 | best_so_far: cost=4451833520.55  viol=1996622938.6595  obj=2001074772180.04 (improved)
[Run 20 | Gen 13] gen_best: cost=4580173616.44  viol=1924759740.3453  obj=1929339913961.75 | best_so_far: cost=4580173616.44  viol=1924759740.3453  obj=1929339913961.75 (improved)
[Run 20 | Gen 14] gen_best: cost=4580173616.44  viol=1924759740.3453  obj=1929339913961.75 | best_so_far: cost=4580173616.44  viol=1924759740.3453  obj=1929339913961.75 
[Run 20 | FE 768] best_local_obj=1929339913961.75  best_local_cost=4580173616.44  best_local_viol=1924759740.3453
[Run 20 | Gen 15] gen_best: cost=4580173616.44  viol=1924759740.3453  obj=1929339913961.75 | best_so_far: cost=4580173616.44  viol=1924759740.3453  obj=1929339913961.75 
[Run 20 | Gen 16] gen_best: cost=4915120684.93  viol=1900257834.3181  obj=1905172955003.04 | best_so_far: cost=4915120684.93  viol=1900257834.3181  obj=1905172955003.04 (improved)
[Run 20 | Gen 17] gen_best: cost=4915120684.93  viol=1900257834.3181  obj=1905172955003.04 | best_so_far: cost=4915120684.93  viol=1900257834.3181  obj=1905172955003.04 
[Run 20 | Gen 18] gen_best: cost=4915120684.93  viol=1900257834.3181  obj=1905172955003.04 | best_so_far: cost=4915120684.93  viol=1900257834.3181  obj=1905172955003.04 
[Run 20 | Gen 19] gen_best: cost=4673087205.48  viol=1872988565.8567  obj=1877661653062.16 | best_so_far: cost=4673087205.48  viol=1872988565.8567  obj=1877661653062.16 (improved)
[Run 20 | FE 1024] best_local_obj=1877661653062.16  best_local_cost=4673087205.48  best_local_viol=1872988565.8567
[Run 20 | Gen 20] gen_best: cost=4673087205.48  viol=1872988565.8567  obj=1877661653062.16 | best_so_far: cost=4673087205.48  viol=1872988565.8567  obj=1877661653062.16 
[Run 20 | Gen 21] gen_best: cost=4855960876.71  viol=1863045187.6302  obj=1867901148506.93 | best_so_far: cost=4855960876.71  viol=1863045187.6302  obj=1867901148506.93 (improved)
[Run 20 | Gen 22] gen_best: cost=4913693246.58  viol=1856750333.8012  obj=1861664027047.74 | best_so_far: cost=4913693246.58  viol=1856750333.8012  obj=1861664027047.74 (improved)
[Run 20 | Gen 23] gen_best: cost=4913693246.58  viol=1856750333.8012  obj=1861664027047.74 | best_so_far: cost=4913693246.58  viol=1856750333.8012  obj=1861664027047.74 
[Run 20 | Gen 24] gen_best: cost=4736623191.78  viol=1847878103.4213  obj=1852614726613.08 | best_so_far: cost=4736623191.78  viol=1847878103.4213  obj=1852614726613.08 (improved)
[Run 20 | FE 1280] best_local_obj=1852614726613.08  best_local_cost=4736623191.78  best_local_viol=1847878103.4213
[Run 20 | Gen 25] gen_best: cost=5000704917.81  viol=1844315669.1834  obj=1849316374101.25 | best_so_far: cost=5000704917.81  viol=1844315669.1834  obj=1849316374101.25 (improved)
[Run 20 | Gen 26] gen_best: cost=5000704917.81  viol=1844315669.1834  obj=1849316374101.25 | best_so_far: cost=5000704917.81  viol=1844315669.1834  obj=1849316374101.25 
[Run 20 | Gen 27] gen_best: cost=5000704917.81  viol=1844315669.1834  obj=1849316374101.25 | best_so_far: cost=5000704917.81  viol=1844315669.1834  obj=1849316374101.25 
[Run 20 | Gen 28] gen_best: cost=5000704917.81  viol=1844315669.1834  obj=1849316374101.25 | best_so_far: cost=5000704917.81  viol=1844315669.1834  obj=1849316374101.25 
[Run 20 | Gen 29] gen_best: cost=4941597520.55  viol=1838589043.3686  obj=1843530640889.13 | best_so_far: cost=4941597520.55  viol=1838589043.3686  obj=1843530640889.13 (improved)
[Run 20 | FE 1536] best_local_obj=1837547320294.76  best_local_cost=4945898671.23  best_local_viol=1832601421.6235
[Run 20 | Gen 30] gen_best: cost=4945898671.23  viol=1832601421.6235  obj=1837547320294.76 | best_so_far: cost=4945898671.23  viol=1832601421.6235  obj=1837547320294.76 (improved)
[Run 20 | Gen 31] gen_best: cost=4994305520.55  viol=1801645132.9069  obj=1806639438427.41 | best_so_far: cost=4994305520.55  viol=1801645132.9069  obj=1806639438427.41 (improved)
[Run 20 | Gen 32] gen_best: cost=4906244890.41  viol=1793611735.8485  obj=1798517980738.88 | best_so_far: cost=4906244890.41  viol=1793611735.8485  obj=1798517980738.88 (improved)
[Run 20 | Gen 33] gen_best: cost=4906244890.41  viol=1793611735.8485  obj=1798517980738.88 | best_so_far: cost=4906244890.41  viol=1793611735.8485  obj=1798517980738.88 
[Run 20 | Gen 34] gen_best: cost=5106269876.71  viol=1763477352.2353  obj=1768583622111.99 | best_so_far: cost=5106269876.71  viol=1763477352.2353  obj=1768583622111.99 (improved)
[Run 20 | FE 1792] best_local_obj=1768583622111.99  best_local_cost=5106269876.71  best_local_viol=1763477352.2353
[Run 20 | Gen 35] gen_best: cost=5106269876.71  viol=1763477352.2353  obj=1768583622111.99 | best_so_far: cost=5106269876.71  viol=1763477352.2353  obj=1768583622111.99 
[Run 20 | Gen 36] gen_best: cost=5106269876.71  viol=1763477352.2353  obj=1768583622111.99 | best_so_far: cost=5106269876.71  viol=1763477352.2353  obj=1768583622111.99 
[Run 20 | Gen 37] gen_best: cost=5106269876.71  viol=1763477352.2353  obj=1768583622111.99 | best_so_far: cost=5106269876.71  viol=1763477352.2353  obj=1768583622111.99 
[Run 20 | Gen 38] gen_best: cost=5106269876.71  viol=1763477352.2353  obj=1768583622111.99 | best_so_far: cost=5106269876.71  viol=1763477352.2353  obj=1768583622111.99 
[Run 20 | Gen 39] gen_best: cost=5106269876.71  viol=1763477352.2353  obj=1768583622111.99 | best_so_far: cost=5106269876.71  viol=1763477352.2353  obj=1768583622111.99 
[Run 20 | FE 2048] best_local_obj=1755925341499.04  best_local_cost=5093493534.25  best_local_viol=1750831847.9648
[Run 20 | Gen 40] gen_best: cost=5093493534.25  viol=1750831847.9648  obj=1755925341499.04 | best_so_far: cost=5093493534.25  viol=1750831847.9648  obj=1755925341499.04 (improved)
[Run 20 | Gen 41] gen_best: cost=5108295780.82  viol=1741175748.3297  obj=1746284044110.48 | best_so_far: cost=5108295780.82  viol=1741175748.3297  obj=1746284044110.48 (improved)
[Run 20 | Gen 42] gen_best: cost=5108295780.82  viol=1741175748.3297  obj=1746284044110.48 | best_so_far: cost=5108295780.82  viol=1741175748.3297  obj=1746284044110.48 
[Run 20 | Gen 43] gen_best: cost=5121623219.18  viol=1732012874.0939  obj=1737134497313.07 | best_so_far: cost=5121623219.18  viol=1732012874.0939  obj=1737134497313.07 (improved)
[Run 20 | Gen 44] gen_best: cost=5121623219.18  viol=1732012874.0939  obj=1737134497313.07 | best_so_far: cost=5121623219.18  viol=1732012874.0939  obj=1737134497313.07 
[Run 20 | Gen 45] gen_best: cost=5121623219.18  viol=1732012874.0939  obj=1737134497313.07 | best_so_far: cost=5121623219.18  viol=1732012874.0939  obj=1737134497313.07 
[Run 20 | FE 2304] best_local_obj=1737134497313.07  best_local_cost=5121623219.18  best_local_viol=1732012874.0939
[Run 20 | Gen 46] gen_best: cost=5057364616.44  viol=1730191940.8684  obj=1735249305484.86 | best_so_far: cost=5057364616.44  viol=1730191940.8684  obj=1735249305484.86 (improved)
[Run 20 | Gen 47] gen_best: cost=5078191342.47  viol=1726984621.0788  obj=1732062812421.22 | best_so_far: cost=5078191342.47  viol=1726984621.0788  obj=1732062812421.22 (improved)
[Run 20 | Gen 48] gen_best: cost=5078191342.47  viol=1726984621.0788  obj=1732062812421.22 | best_so_far: cost=5078191342.47  viol=1726984621.0788  obj=1732062812421.22 
[Run 20 | Gen 49] gen_best: cost=5123823383.56  viol=1704687419.2361  obj=1709811242619.66 | best_so_far: cost=5123823383.56  viol=1704687419.2361  obj=1709811242619.66 (improved)
[Run 20 | Gen 50] gen_best: cost=5123823383.56  viol=1704687419.2361  obj=1709811242619.66 | best_so_far: cost=5123823383.56  viol=1704687419.2361  obj=1709811242619.66 
[Run 20 | FE 2560] best_local_obj=1709811242619.66  best_local_cost=5123823383.56  best_local_viol=1704687419.2361
[Run 20 | Gen 51] gen_best: cost=5123823383.56  viol=1704687419.2361  obj=1709811242619.66 | best_so_far: cost=5123823383.56  viol=1704687419.2361  obj=1709811242619.66 
[Run 20 | Gen 52] gen_best: cost=5123823383.56  viol=1704687419.2361  obj=1709811242619.66 | best_so_far: cost=5123823383.56  viol=1704687419.2361  obj=1709811242619.66 
[Run 20 | Gen 53] gen_best: cost=5047588821.92  viol=1701023867.5332  obj=1706071456355.13 | best_so_far: cost=5047588821.92  viol=1701023867.5332  obj=1706071456355.13 (improved)
[Run 20 | Gen 54] gen_best: cost=5047588821.92  viol=1701023867.5332  obj=1706071456355.13 | best_so_far: cost=5047588821.92  viol=1701023867.5332  obj=1706071456355.13 
[Run 20 | Gen 55] gen_best: cost=5006508698.63  viol=1695377648.6982  obj=1700384157396.82 | best_so_far: cost=5006508698.63  viol=1695377648.6982  obj=1700384157396.82 (improved)
[Run 20 | FE 2816] best_local_obj=1700384157396.82  best_local_cost=5006508698.63  best_local_viol=1695377648.6982
[Run 20 | Gen 56] gen_best: cost=5006508698.63  viol=1695377648.6982  obj=1700384157396.82 | best_so_far: cost=5006508698.63  viol=1695377648.6982  obj=1700384157396.82 
[Run 20 | Gen 57] gen_best: cost=5115472616.44  viol=1694982626.9816  obj=1700098099598.02 | best_so_far: cost=5115472616.44  viol=1694982626.9816  obj=1700098099598.02 (improved)
[Run 20 | Gen 58] gen_best: cost=5025585753.42  viol=1688761760.3157  obj=1693787346069.10 | best_so_far: cost=5025585753.42  viol=1688761760.3157  obj=1693787346069.10 (improved)
[Run 20 | Gen 59] gen_best: cost=5025585753.42  viol=1688761760.3157  obj=1693787346069.10 | best_so_far: cost=5025585753.42  viol=1688761760.3157  obj=1693787346069.10 
[Run 20 | Gen 60] gen_best: cost=5025585753.42  viol=1688761760.3157  obj=1693787346069.10 | best_so_far: cost=5025585753.42  viol=1688761760.3157  obj=1693787346069.10 
[Run 20 | FE 3072] best_local_obj=1690665290673.40  best_local_cost=5081518616.44  best_local_viol=1685583772.0570
[Run 20 | Gen 61] gen_best: cost=5081518616.44  viol=1685583772.0570  obj=1690665290673.40 | best_so_far: cost=5081518616.44  viol=1685583772.0570  obj=1690665290673.40 (improved)
[Run 20 | Gen 62] gen_best: cost=5105646328.77  viol=1683855179.3301  obj=1688960825658.85 | best_so_far: cost=5105646328.77  viol=1683855179.3301  obj=1688960825658.85 (improved)
[Run 20 | Gen 63] gen_best: cost=5098270863.01  viol=1679410788.8701  obj=1684509059733.07 | best_so_far: cost=5098270863.01  viol=1679410788.8701  obj=1684509059733.07 (improved)
[Run 20 | Gen 64] gen_best: cost=5098270863.01  viol=1679410788.8701  obj=1684509059733.07 | best_so_far: cost=5098270863.01  viol=1679410788.8701  obj=1684509059733.07 
[Run 20 | Gen 65] gen_best: cost=5098270863.01  viol=1679410788.8701  obj=1684509059733.07 | best_so_far: cost=5098270863.01  viol=1679410788.8701  obj=1684509059733.07 
[Run 20 | FE 3328] best_local_obj=1684509059733.07  best_local_cost=5098270863.01  best_local_viol=1679410788.8701
[Run 20 | Gen 66] gen_best: cost=5076143041.10  viol=1670858052.6206  obj=1675934195661.72 | best_so_far: cost=5076143041.10  viol=1670858052.6206  obj=1675934195661.72 (improved)
[Run 20 | Gen 67] gen_best: cost=5082368671.23  viol=1668079359.8731  obj=1673161728544.33 | best_so_far: cost=5082368671.23  viol=1668079359.8731  obj=1673161728544.33 (improved)
[Run 20 | Gen 68] gen_best: cost=5082368671.23  viol=1668079359.8731  obj=1673161728544.33 | best_so_far: cost=5082368671.23  viol=1668079359.8731  obj=1673161728544.33 
[Run 20 | Gen 69] gen_best: cost=5078468068.49  viol=1663920726.0388  obj=1668999194107.26 | best_so_far: cost=5078468068.49  viol=1663920726.0388  obj=1668999194107.26 (improved)
[Run 20 | Gen 70] gen_best: cost=5078468068.49  viol=1663920726.0388  obj=1668999194107.26 | best_so_far: cost=5078468068.49  viol=1663920726.0388  obj=1668999194107.26 
[Run 20 | FE 3584] best_local_obj=1668999194107.26  best_local_cost=5078468068.49  best_local_viol=1663920726.0388
[Run 20 | Gen 71] gen_best: cost=5078468068.49  viol=1663920726.0388  obj=1668999194107.26 | best_so_far: cost=5078468068.49  viol=1663920726.0388  obj=1668999194107.26 
[Run 20 | Gen 72] gen_best: cost=5078468068.49  viol=1663920726.0388  obj=1668999194107.26 | best_so_far: cost=5078468068.49  viol=1663920726.0388  obj=1668999194107.26 
[Run 20 | Gen 73] gen_best: cost=5078468068.49  viol=1663920726.0388  obj=1668999194107.26 | best_so_far: cost=5078468068.49  viol=1663920726.0388  obj=1668999194107.26 
[Run 20 | Gen 74] gen_best: cost=5078468068.49  viol=1663920726.0388  obj=1668999194107.26 | best_so_far: cost=5078468068.49  viol=1663920726.0388  obj=1668999194107.26 
[Run 20 | Gen 75] gen_best: cost=5172729356.16  viol=1654040682.0782  obj=1659213411434.40 | best_so_far: cost=5172729356.16  viol=1654040682.0782  obj=1659213411434.40 (improved)
[Run 20 | FE 3840] best_local_obj=1659213411434.40  best_local_cost=5172729356.16  best_local_viol=1654040682.0782
[Run 20 | Gen 76] gen_best: cost=5172729356.16  viol=1654040682.0782  obj=1659213411434.40 | best_so_far: cost=5172729356.16  viol=1654040682.0782  obj=1659213411434.40 
[Run 20 | Gen 77] gen_best: cost=5172729356.16  viol=1654040682.0782  obj=1659213411434.40 | best_so_far: cost=5172729356.16  viol=1654040682.0782  obj=1659213411434.40 
[Run 20 | Gen 78] gen_best: cost=5172729356.16  viol=1654040682.0782  obj=1659213411434.40 | best_so_far: cost=5172729356.16  viol=1654040682.0782  obj=1659213411434.40 
[Run 20 | Gen 79] gen_best: cost=5172729356.16  viol=1654040682.0782  obj=1659213411434.40 | best_so_far: cost=5172729356.16  viol=1654040682.0782  obj=1659213411434.40 
[Run 20 | Gen 80] gen_best: cost=5180755698.63  viol=1642150364.8067  obj=1647331120505.36 | best_so_far: cost=5180755698.63  viol=1642150364.8067  obj=1647331120505.36 (improved)
[Run 20 | FE 4096] best_local_obj=1647331120505.36  best_local_cost=5180755698.63  best_local_viol=1642150364.8067
[Run 20 | Gen 81] gen_best: cost=5180755698.63  viol=1642150364.8067  obj=1647331120505.36 | best_so_far: cost=5180755698.63  viol=1642150364.8067  obj=1647331120505.36 
[Run 20 | Gen 82] gen_best: cost=5078693205.48  viol=1641964890.5597  obj=1647043583765.13 | best_so_far: cost=5078693205.48  viol=1641964890.5597  obj=1647043583765.13 (improved)
[Run 20 | Gen 83] gen_best: cost=5078693205.48  viol=1641964890.5597  obj=1647043583765.13 | best_so_far: cost=5078693205.48  viol=1641964890.5597  obj=1647043583765.13 
[Run 20 | Gen 84] gen_best: cost=5078693205.48  viol=1641964890.5597  obj=1647043583765.13 | best_so_far: cost=5078693205.48  viol=1641964890.5597  obj=1647043583765.13 
[Run 20 | Gen 85] gen_best: cost=5188007013.70  viol=1640465218.5926  obj=1645653225606.30 | best_so_far: cost=5188007013.70  viol=1640465218.5926  obj=1645653225606.30 (improved)
[Run 20 | Gen 86] gen_best: cost=5188007013.70  viol=1640465218.5926  obj=1645653225606.30 | best_so_far: cost=5188007013.70  viol=1640465218.5926  obj=1645653225606.30 
[Run 20 | FE 4352] best_local_obj=1645653225606.30  best_local_cost=5188007013.70  best_local_viol=1640465218.5926
[Run 20 | Gen 87] gen_best: cost=5188007013.70  viol=1640465218.5926  obj=1645653225606.30 | best_so_far: cost=5188007013.70  viol=1640465218.5926  obj=1645653225606.30 
[Run 20 | Gen 88] gen_best: cost=5188007013.70  viol=1640465218.5926  obj=1645653225606.30 | best_so_far: cost=5188007013.70  viol=1640465218.5926  obj=1645653225606.30 
[Run 20 | Gen 89] gen_best: cost=5135750164.38  viol=1635045974.3127  obj=1640181724477.13 | best_so_far: cost=5135750164.38  viol=1635045974.3127  obj=1640181724477.13 (improved)
[Run 20 | Gen 90] gen_best: cost=5200958547.95  viol=1624082906.1828  obj=1629283864730.72 | best_so_far: cost=5200958547.95  viol=1624082906.1828  obj=1629283864730.72 (improved)
[Run 20 | Gen 91] gen_best: cost=5200958547.95  viol=1624082906.1828  obj=1629283864730.72 | best_so_far: cost=5200958547.95  viol=1624082906.1828  obj=1629283864730.72 
[Run 20 | FE 4608] best_local_obj=1629283864730.72  best_local_cost=5200958547.95  best_local_viol=1624082906.1828
[Run 20 | Gen 92] gen_best: cost=5197158712.33  viol=1622487706.9660  obj=1627684865678.31 | best_so_far: cost=5197158712.33  viol=1622487706.9660  obj=1627684865678.31 (improved)
[Run 20 | Gen 93] gen_best: cost=5102546164.38  viol=1617331426.3384  obj=1622433972502.74 | best_so_far: cost=5102546164.38  viol=1617331426.3384  obj=1622433972502.74 (improved)
[Run 20 | Gen 94] gen_best: cost=5102546164.38  viol=1617331426.3384  obj=1622433972502.74 | best_so_far: cost=5102546164.38  viol=1617331426.3384  obj=1622433972502.74 
[Run 20 | Gen 95] gen_best: cost=5102546164.38  viol=1617331426.3384  obj=1622433972502.74 | best_so_far: cost=5102546164.38  viol=1617331426.3384  obj=1622433972502.74 
[Run 20 | Gen 96] gen_best: cost=5102546164.38  viol=1617331426.3384  obj=1622433972502.74 | best_so_far: cost=5102546164.38  viol=1617331426.3384  obj=1622433972502.74 
[Run 20 | FE 4864] best_local_obj=1622433972502.74  best_local_cost=5102546164.38  best_local_viol=1617331426.3384
[Run 20 | Gen 97] gen_best: cost=5102546164.38  viol=1617331426.3384  obj=1622433972502.74 | best_so_far: cost=5102546164.38  viol=1617331426.3384  obj=1622433972502.74 
[Run 20 | Gen 98] gen_best: cost=5102546164.38  viol=1617331426.3384  obj=1622433972502.74 | best_so_far: cost=5102546164.38  viol=1617331426.3384  obj=1622433972502.74 
[Run 20 | Gen 99] gen_best: cost=5102546164.38  viol=1617331426.3384  obj=1622433972502.74 | best_so_far: cost=5102546164.38  viol=1617331426.3384  obj=1622433972502.74 
[Run 20 | Gen 100] gen_best: cost=5194808602.74  viol=1610311179.6094  obj=1615505988212.15 | best_so_far: cost=5194808602.74  viol=1610311179.6094  obj=1615505988212.15 (improved)
[Run 20 | Gen 101] gen_best: cost=5194808602.74  viol=1610311179.6094  obj=1615505988212.15 | best_so_far: cost=5194808602.74  viol=1610311179.6094  obj=1615505988212.15 
[Run 20 | FE 5120] best_local_obj=1615505988212.15  best_local_cost=5194808602.74  best_local_viol=1610311179.6094
[Run 20 | Gen 102] gen_best: cost=5194808602.74  viol=1610311179.6094  obj=1615505988212.15 | best_so_far: cost=5194808602.74  viol=1610311179.6094  obj=1615505988212.15 
[Run 20 | Gen 103] gen_best: cost=5194808602.74  viol=1610311179.6094  obj=1615505988212.15 | best_so_far: cost=5194808602.74  viol=1610311179.6094  obj=1615505988212.15 
[Run 20 | Gen 104] gen_best: cost=5194808602.74  viol=1610311179.6094  obj=1615505988212.15 | best_so_far: cost=5194808602.74  viol=1610311179.6094  obj=1615505988212.15 
[Run 20 | Gen 105] gen_best: cost=5218836589.04  viol=1607967780.0880  obj=1613186616677.01 | best_so_far: cost=5218836589.04  viol=1607967780.0880  obj=1613186616677.01 (improved)
[Run 20 | Gen 106] gen_best: cost=5218836589.04  viol=1607967780.0880  obj=1613186616677.01 | best_so_far: cost=5218836589.04  viol=1607967780.0880  obj=1613186616677.01 
[Run 20 | FE 5376] best_local_obj=1613186616677.01  best_local_cost=5218836589.04  best_local_viol=1607967780.0880
[Run 20 | Gen 107] gen_best: cost=5163629520.55  viol=1604888788.3106  obj=1610052417831.16 | best_so_far: cost=5163629520.55  viol=1604888788.3106  obj=1610052417831.16 (improved)
[Run 20 | Gen 108] gen_best: cost=5163629520.55  viol=1604888788.3106  obj=1610052417831.16 | best_so_far: cost=5163629520.55  viol=1604888788.3106  obj=1610052417831.16 
[Run 20 | Gen 109] gen_best: cost=5161854383.56  viol=1604819004.6801  obj=1609980859063.65 | best_so_far: cost=5161854383.56  viol=1604819004.6801  obj=1609980859063.65 (improved)
[Run 20 | Gen 110] gen_best: cost=5161854383.56  viol=1604819004.6801  obj=1609980859063.65 | best_so_far: cost=5161854383.56  viol=1604819004.6801  obj=1609980859063.65 
[Run 20 | Gen 111] gen_best: cost=5218086643.84  viol=1600849544.0616  obj=1606067630705.39 | best_so_far: cost=5218086643.84  viol=1600849544.0616  obj=1606067630705.39 (improved)
[Run 20 | FE 5632] best_local_obj=1606067630705.39  best_local_cost=5218086643.84  best_local_viol=1600849544.0616
[Run 20 | Gen 112] gen_best: cost=5218086643.84  viol=1600849544.0616  obj=1606067630705.39 | best_so_far: cost=5218086643.84  viol=1600849544.0616  obj=1606067630705.39 
[Run 20 | Gen 113] gen_best: cost=5201634123.29  viol=1598818015.5663  obj=1604019649689.61 | best_so_far: cost=5201634123.29  viol=1598818015.5663  obj=1604019649689.61 (improved)
[Run 20 | Gen 114] gen_best: cost=5201634123.29  viol=1598818015.5663  obj=1604019649689.61 | best_so_far: cost=5201634123.29  viol=1598818015.5663  obj=1604019649689.61 
[Run 20 | Gen 115] gen_best: cost=5237588780.82  viol=1594868129.5712  obj=1600105718352.06 | best_so_far: cost=5237588780.82  viol=1594868129.5712  obj=1600105718352.06 (improved)
[Run 20 | Gen 116] gen_best: cost=5237588780.82  viol=1594868129.5712  obj=1600105718352.06 | best_so_far: cost=5237588780.82  viol=1594868129.5712  obj=1600105718352.06 
[Run 20 | FE 5888] best_local_obj=1600105718352.06  best_local_cost=5237588780.82  best_local_viol=1594868129.5712
[Run 20 | Gen 117] gen_best: cost=5197634013.70  viol=1592955740.3646  obj=1598153374378.30 | best_so_far: cost=5197634013.70  viol=1592955740.3646  obj=1598153374378.30 (improved)
[Run 20 | Gen 118] gen_best: cost=5197634013.70  viol=1592955740.3646  obj=1598153374378.30 | best_so_far: cost=5197634013.70  viol=1592955740.3646  obj=1598153374378.30 
[Run 20 | Gen 119] gen_best: cost=5197634013.70  viol=1592955740.3646  obj=1598153374378.30 | best_so_far: cost=5197634013.70  viol=1592955740.3646  obj=1598153374378.30 
[Run 20 | Gen 120] gen_best: cost=5197634013.70  viol=1592955740.3646  obj=1598153374378.30 | best_so_far: cost=5197634013.70  viol=1592955740.3646  obj=1598153374378.30 
[Run 20 | Gen 121] gen_best: cost=5197634013.70  viol=1592955740.3646  obj=1598153374378.30 | best_so_far: cost=5197634013.70  viol=1592955740.3646  obj=1598153374378.30 
[Run 20 | FE 6144] best_local_obj=1584048932371.47  best_local_cost=5186707616.44  best_local_viol=1578862224.7550
[Run 20 | Gen 122] gen_best: cost=5186707616.44  viol=1578862224.7550  obj=1584048932371.47 | best_so_far: cost=5186707616.44  viol=1578862224.7550  obj=1584048932371.47 (improved)
[Run 20 | Gen 123] gen_best: cost=5186707616.44  viol=1578862224.7550  obj=1584048932371.47 | best_so_far: cost=5186707616.44  viol=1578862224.7550  obj=1584048932371.47 
[Run 20 | Gen 124] gen_best: cost=5155153616.44  viol=1575614258.7283  obj=1580769412344.71 | best_so_far: cost=5155153616.44  viol=1575614258.7283  obj=1580769412344.71 (improved)
[Run 20 | Gen 125] gen_best: cost=5209110575.34  viol=1560426958.6007  obj=1565636069176.03 | best_so_far: cost=5209110575.34  viol=1560426958.6007  obj=1565636069176.03 (improved)
[Run 20 | Gen 126] gen_best: cost=5209110575.34  viol=1560426958.6007  obj=1565636069176.03 | best_so_far: cost=5209110575.34  viol=1560426958.6007  obj=1565636069176.03 
[Run 20 | FE 6400] best_local_obj=1565636069176.03  best_local_cost=5209110575.34  best_local_viol=1560426958.6007
[Run 20 | Gen 127] gen_best: cost=5209110575.34  viol=1560426958.6007  obj=1565636069176.03 | best_so_far: cost=5209110575.34  viol=1560426958.6007  obj=1565636069176.03 
[Run 20 | Gen 128] gen_best: cost=5209110575.34  viol=1560426958.6007  obj=1565636069176.03 | best_so_far: cost=5209110575.34  viol=1560426958.6007  obj=1565636069176.03 
[Run 20 | Gen 129] gen_best: cost=5209110575.34  viol=1560426958.6007  obj=1565636069176.03 | best_so_far: cost=5209110575.34  viol=1560426958.6007  obj=1565636069176.03 
[Run 20 | Gen 130] gen_best: cost=5209110575.34  viol=1560426958.6007  obj=1565636069176.03 | best_so_far: cost=5209110575.34  viol=1560426958.6007  obj=1565636069176.03 
[Run 20 | Gen 131] gen_best: cost=5209110575.34  viol=1560426958.6007  obj=1565636069176.03 | best_so_far: cost=5209110575.34  viol=1560426958.6007  obj=1565636069176.03 
[Run 20 | Gen 132] gen_best: cost=5209110575.34  viol=1560426958.6007  obj=1565636069176.03 | best_so_far: cost=5209110575.34  viol=1560426958.6007  obj=1565636069176.03 
[Run 20 | FE 6656] best_local_obj=1565636069176.03  best_local_cost=5209110575.34  best_local_viol=1560426958.6007
[Run 20 | Gen 133] gen_best: cost=5311073835.62  viol=1550532372.1169  obj=1555843445952.56 | best_so_far: cost=5311073835.62  viol=1550532372.1169  obj=1555843445952.56 (improved)
[Run 20 | Gen 134] gen_best: cost=5311073835.62  viol=1550532372.1169  obj=1555843445952.56 | best_so_far: cost=5311073835.62  viol=1550532372.1169  obj=1555843445952.56 
[Run 20 | Gen 135] gen_best: cost=5311073835.62  viol=1550532372.1169  obj=1555843445952.56 | best_so_far: cost=5311073835.62  viol=1550532372.1169  obj=1555843445952.56 
[Run 20 | Gen 136] gen_best: cost=5311073835.62  viol=1550532372.1169  obj=1555843445952.56 | best_so_far: cost=5311073835.62  viol=1550532372.1169  obj=1555843445952.56 
[Run 20 | Gen 137] gen_best: cost=5311073835.62  viol=1550532372.1169  obj=1555843445952.56 | best_so_far: cost=5311073835.62  viol=1550532372.1169  obj=1555843445952.56 
[Run 20 | FE 6912] best_local_obj=1555843445952.56  best_local_cost=5311073835.62  best_local_viol=1550532372.1169
[Run 20 | Gen 138] gen_best: cost=5311073835.62  viol=1550532372.1169  obj=1555843445952.56 | best_so_far: cost=5311073835.62  viol=1550532372.1169  obj=1555843445952.56 
[Run 20 | Gen 139] gen_best: cost=5311073835.62  viol=1550532372.1169  obj=1555843445952.56 | best_so_far: cost=5311073835.62  viol=1550532372.1169  obj=1555843445952.56 
[Run 20 | Gen 140] gen_best: cost=5340652863.01  viol=1544708741.7520  obj=1550049394615.00 | best_so_far: cost=5340652863.01  viol=1544708741.7520  obj=1550049394615.00 (improved)
[Run 20 | Gen 141] gen_best: cost=5340652863.01  viol=1544708741.7520  obj=1550049394615.00 | best_so_far: cost=5340652863.01  viol=1544708741.7520  obj=1550049394615.00 
[Run 20 | Gen 142] gen_best: cost=5340652863.01  viol=1544708741.7520  obj=1550049394615.00 | best_so_far: cost=5340652863.01  viol=1544708741.7520  obj=1550049394615.00 
[Run 20 | FE 7168] best_local_obj=1550049394615.00  best_local_cost=5340652863.01  best_local_viol=1544708741.7520
[Run 20 | Gen 143] gen_best: cost=5340652863.01  viol=1544708741.7520  obj=1550049394615.00 | best_so_far: cost=5340652863.01  viol=1544708741.7520  obj=1550049394615.00 
[Run 20 | Gen 144] gen_best: cost=5340652863.01  viol=1544708741.7520  obj=1550049394615.00 | best_so_far: cost=5340652863.01  viol=1544708741.7520  obj=1550049394615.00 
[Run 20 | Gen 145] gen_best: cost=5360055109.59  viol=1532248964.4877  obj=1537609019597.34 | best_so_far: cost=5360055109.59  viol=1532248964.4877  obj=1537609019597.34 (improved)
[Run 20 | Gen 146] gen_best: cost=5360055109.59  viol=1532248964.4877  obj=1537609019597.34 | best_so_far: cost=5360055109.59  viol=1532248964.4877  obj=1537609019597.34 
[Run 20 | Gen 147] gen_best: cost=5360055109.59  viol=1532248964.4877  obj=1537609019597.34 | best_so_far: cost=5360055109.59  viol=1532248964.4877  obj=1537609019597.34 
[Run 20 | FE 7424] best_local_obj=1537609019597.34  best_local_cost=5360055109.59  best_local_viol=1532248964.4877
[Run 20 | Gen 148] gen_best: cost=5360055109.59  viol=1532248964.4877  obj=1537609019597.34 | best_so_far: cost=5360055109.59  viol=1532248964.4877  obj=1537609019597.34 
[Run 20 | Gen 149] gen_best: cost=5360055109.59  viol=1532248964.4877  obj=1537609019597.34 | best_so_far: cost=5360055109.59  viol=1532248964.4877  obj=1537609019597.34 
[Run 20 | Gen 150] gen_best: cost=5339252753.42  viol=1523900289.7874  obj=1529239542540.79 | best_so_far: cost=5339252753.42  viol=1523900289.7874  obj=1529239542540.79 (improved)
[Run 20 | Gen 151] gen_best: cost=5339252753.42  viol=1523900289.7874  obj=1529239542540.79 | best_so_far: cost=5339252753.42  viol=1523900289.7874  obj=1529239542540.79 
[Run 20 | Gen 152] gen_best: cost=5339252753.42  viol=1523900289.7874  obj=1529239542540.79 | best_so_far: cost=5339252753.42  viol=1523900289.7874  obj=1529239542540.79 
[Run 20 | FE 7680] best_local_obj=1529239542540.79  best_local_cost=5339252753.42  best_local_viol=1523900289.7874
[Run 20 | Gen 153] gen_best: cost=5339252753.42  viol=1523900289.7874  obj=1529239542540.79 | best_so_far: cost=5339252753.42  viol=1523900289.7874  obj=1529239542540.79 
[Run 20 | Gen 154] gen_best: cost=5339252753.42  viol=1523900289.7874  obj=1529239542540.79 | best_so_far: cost=5339252753.42  viol=1523900289.7874  obj=1529239542540.79 
[Run 20 | Gen 155] gen_best: cost=5339252753.42  viol=1523900289.7874  obj=1529239542540.79 | best_so_far: cost=5339252753.42  viol=1523900289.7874  obj=1529239542540.79 
[Run 20 | Gen 156] gen_best: cost=5339252753.42  viol=1523900289.7874  obj=1529239542540.79 | best_so_far: cost=5339252753.42  viol=1523900289.7874  obj=1529239542540.79 
[Run 20 | Gen 157] gen_best: cost=5339252753.42  viol=1523900289.7874  obj=1529239542540.79 | best_so_far: cost=5339252753.42  viol=1523900289.7874  obj=1529239542540.79 
[Run 20 | FE 7936] best_local_obj=1523544987401.90  best_local_cost=5308323780.82  best_local_viol=1518236663.6211
[Run 20 | Gen 158] gen_best: cost=5308323780.82  viol=1518236663.6211  obj=1523544987401.90 | best_so_far: cost=5308323780.82  viol=1518236663.6211  obj=1523544987401.90 (improved)
[Run 20 | Gen 159] gen_best: cost=5308323780.82  viol=1518236663.6211  obj=1523544987401.90 | best_so_far: cost=5308323780.82  viol=1518236663.6211  obj=1523544987401.90 
[Run 20 | Gen 160] gen_best: cost=5308323780.82  viol=1518236663.6211  obj=1523544987401.90 | best_so_far: cost=5308323780.82  viol=1518236663.6211  obj=1523544987401.90 
[Run 20 | Gen 161] gen_best: cost=5308323780.82  viol=1518236663.6211  obj=1523544987401.90 | best_so_far: cost=5308323780.82  viol=1518236663.6211  obj=1523544987401.90 
[Run 20 | Gen 162] gen_best: cost=5308323780.82  viol=1518236663.6211  obj=1523544987401.90 | best_so_far: cost=5308323780.82  viol=1518236663.6211  obj=1523544987401.90 
[Run 20 | FE 8192] best_local_obj=1523544987401.90  best_local_cost=5308323780.82  best_local_viol=1518236663.6211
[Run 20 | Gen 163] gen_best: cost=5308323780.82  viol=1518236663.6211  obj=1523544987401.90 | best_so_far: cost=5308323780.82  viol=1518236663.6211  obj=1523544987401.90 
[Run 20 | Gen 164] gen_best: cost=5308323780.82  viol=1518236663.6211  obj=1523544987401.90 | best_so_far: cost=5308323780.82  viol=1518236663.6211  obj=1523544987401.90 
[Run 20 | Gen 165] gen_best: cost=5308323780.82  viol=1518236663.6211  obj=1523544987401.90 | best_so_far: cost=5308323780.82  viol=1518236663.6211  obj=1523544987401.90 
[Run 20 | Gen 166] gen_best: cost=5328175808.22  viol=1515521386.3341  obj=1520849562142.31 | best_so_far: cost=5328175808.22  viol=1515521386.3341  obj=1520849562142.31 (improved)
[Run 20 | Gen 167] gen_best: cost=5328175808.22  viol=1515521386.3341  obj=1520849562142.31 | best_so_far: cost=5328175808.22  viol=1515521386.3341  obj=1520849562142.31 
[Run 20 | FE 8448] best_local_obj=1520849562142.31  best_local_cost=5328175808.22  best_local_viol=1515521386.3341
[Run 20 | Gen 168] gen_best: cost=5328175808.22  viol=1515521386.3341  obj=1520849562142.31 | best_so_far: cost=5328175808.22  viol=1515521386.3341  obj=1520849562142.31 
[Run 20 | Gen 169] gen_best: cost=5494322643.84  viol=1515036138.5469  obj=1520530461190.77 | best_so_far: cost=5494322643.84  viol=1515036138.5469  obj=1520530461190.77 (improved)
[Run 20 | Gen 170] gen_best: cost=5494322643.84  viol=1515036138.5469  obj=1520530461190.77 | best_so_far: cost=5494322643.84  viol=1515036138.5469  obj=1520530461190.77 
[Run 20 | Gen 171] gen_best: cost=5494322643.84  viol=1515036138.5469  obj=1520530461190.77 | best_so_far: cost=5494322643.84  viol=1515036138.5469  obj=1520530461190.77 
[Run 20 | Gen 172] gen_best: cost=5363930904.11  viol=1504014310.0964  obj=1509378241000.52 | best_so_far: cost=5363930904.11  viol=1504014310.0964  obj=1509378241000.52 (improved)
[Run 20 | Gen 173] gen_best: cost=5363930904.11  viol=1504014310.0964  obj=1509378241000.52 | best_so_far: cost=5363930904.11  viol=1504014310.0964  obj=1509378241000.52 
[Run 20 | FE 8704] best_local_obj=1509378241000.52  best_local_cost=5363930904.11  best_local_viol=1504014310.0964
[Run 20 | Gen 174] gen_best: cost=5363930904.11  viol=1504014310.0964  obj=1509378241000.52 | best_so_far: cost=5363930904.11  viol=1504014310.0964  obj=1509378241000.52 
[Run 20 | Gen 175] gen_best: cost=5363930904.11  viol=1504014310.0964  obj=1509378241000.52 | best_so_far: cost=5363930904.11  viol=1504014310.0964  obj=1509378241000.52 
[Run 20 | Gen 176] gen_best: cost=5363930904.11  viol=1504014310.0964  obj=1509378241000.52 | best_so_far: cost=5363930904.11  viol=1504014310.0964  obj=1509378241000.52 
[Run 20 | Gen 177] gen_best: cost=5347203958.90  viol=1501693827.3960  obj=1507041031354.91 | best_so_far: cost=5347203958.90  viol=1501693827.3960  obj=1507041031354.91 (improved)
[Run 20 | Gen 178] gen_best: cost=5349504561.64  viol=1491296791.2485  obj=1496646295810.12 | best_so_far: cost=5349504561.64  viol=1491296791.2485  obj=1496646295810.12 (improved)
[Run 20 | FE 8960] best_local_obj=1496646295810.12  best_local_cost=5349504561.64  best_local_viol=1491296791.2485
[Run 20 | Gen 179] gen_best: cost=5401936164.38  viol=1485127304.6784  obj=1490529240842.76 | best_so_far: cost=5401936164.38  viol=1485127304.6784  obj=1490529240842.76 (improved)
[Run 20 | Gen 180] gen_best: cost=5401936164.38  viol=1485127304.6784  obj=1490529240842.76 | best_so_far: cost=5401936164.38  viol=1485127304.6784  obj=1490529240842.76 
[Run 20 | Gen 181] gen_best: cost=5436015794.52  viol=1474987225.7051  obj=1480423241499.65 | best_so_far: cost=5436015794.52  viol=1474987225.7051  obj=1480423241499.65 (improved)
[Run 20 | Gen 182] gen_best: cost=5436015794.52  viol=1474987225.7051  obj=1480423241499.65 | best_so_far: cost=5436015794.52  viol=1474987225.7051  obj=1480423241499.65 
[Run 20 | Gen 183] gen_best: cost=5436015794.52  viol=1474987225.7051  obj=1480423241499.65 | best_so_far: cost=5436015794.52  viol=1474987225.7051  obj=1480423241499.65 
[Run 20 | FE 9216] best_local_obj=1480423241499.65  best_local_cost=5436015794.52  best_local_viol=1474987225.7051
[Run 20 | Gen 184] gen_best: cost=5436015794.52  viol=1474987225.7051  obj=1480423241499.65 | best_so_far: cost=5436015794.52  viol=1474987225.7051  obj=1480423241499.65 
[Run 20 | Gen 185] gen_best: cost=5436015794.52  viol=1474987225.7051  obj=1480423241499.65 | best_so_far: cost=5436015794.52  viol=1474987225.7051  obj=1480423241499.65 
[Run 20 | Gen 186] gen_best: cost=5436015794.52  viol=1474987225.7051  obj=1480423241499.65 | best_so_far: cost=5436015794.52  viol=1474987225.7051  obj=1480423241499.65 
[Run 20 | Gen 187] gen_best: cost=5331202315.07  viol=1474932050.6409  obj=1480263252955.97 | best_so_far: cost=5331202315.07  viol=1474932050.6409  obj=1480263252955.97 (improved)
[Run 20 | Gen 188] gen_best: cost=5331202315.07  viol=1474932050.6409  obj=1480263252955.97 | best_so_far: cost=5331202315.07  viol=1474932050.6409  obj=1480263252955.97 
[Run 20 | FE 9472] best_local_obj=1472923027517.90  best_local_cost=5366081561.64  best_local_viol=1467556945.9563
[Run 20 | Gen 189] gen_best: cost=5366081561.64  viol=1467556945.9563  obj=1472923027517.90 | best_so_far: cost=5366081561.64  viol=1467556945.9563  obj=1472923027517.90 (improved)
[Run 20 | Gen 190] gen_best: cost=5366081561.64  viol=1467556945.9563  obj=1472923027517.90 | best_so_far: cost=5366081561.64  viol=1467556945.9563  obj=1472923027517.90 
