[RunConfig] run_id=24 seed=1024
[OutputDir] /work/home/acn1eb8nfq/yuezhang46/UScode/US实验一：横向对比/de_global_logs/run_24_seed_1024
[Info] #nodes = 4301
[Load] Reading scenarios ...
  - 2020: raw edges=5296, days=366
  - 2025: raw edges=5296, days=365
  - 2030: raw edges=5296, days=365
  - 2035: raw edges=5296, days=365
  - 2040: raw edges=5296, days=366
[Filter] EDGE_WEIGHT_MIN=1.0
  - active_nodes=2914  inactive_nodes(fixed NONE)=1387
  - 2020: removed=2048, kept=3248
  - 2025: removed=2048, kept=3248
  - 2030: removed=2048, kept=3248
  - 2035: removed=2048, kept=3248
  - 2040: removed=2048, kept=3248
  - 2020: filtered edges (active subgraph)=3248
  - 2025: filtered edges (active subgraph)=3248
  - 2030: filtered edges (active subgraph)=3248
  - 2035: filtered edges (active subgraph)=3248
  - 2040: filtered edges (active subgraph)=3248
[DE] Evaluate initial population ...
[DE] Init snapshot: best_cost=1205367890.41  best_viol=3402409268.3456  best_obj=3403614636236.00
[DE] Evolve under FE budget ...
[Run 24 | Gen 1] gen_best: cost=2217479794.52  viol=2913886111.5730  obj=2916103591367.51 | best_so_far: cost=2217479794.52  viol=2913886111.5730  obj=2916103591367.51 (improved)
[Run 24 | Gen 2] gen_best: cost=2730275178.08  viol=2624162901.1168  obj=2626893176294.84 | best_so_far: cost=2730275178.08  viol=2624162901.1168  obj=2626893176294.84 (improved)
[Run 24 | Gen 3] gen_best: cost=2976557123.29  viol=2559326198.2334  obj=2562302755356.70 | best_so_far: cost=2976557123.29  viol=2559326198.2334  obj=2562302755356.70 (improved)
[Run 24 | Gen 4] gen_best: cost=3381114109.59  viol=2351014158.6226  obj=2354395272732.15 | best_so_far: cost=3381114109.59  viol=2351014158.6226  obj=2354395272732.15 (improved)
[Run 24 | FE 256] best_local_obj=2313511019286.03  best_local_cost=3520057054.79  best_local_viol=2309990962.2312
[Run 24 | Gen 5] gen_best: cost=3797594479.45  viol=2187160157.7792  obj=2190957752258.62 | best_so_far: cost=3797594479.45  viol=2187160157.7792  obj=2190957752258.62 (improved)
[Run 24 | Gen 6] gen_best: cost=4245779452.05  viol=2073915468.8569  obj=2078161248308.93 | best_so_far: cost=4245779452.05  viol=2073915468.8569  obj=2078161248308.93 (improved)
[Run 24 | Gen 7] gen_best: cost=4410227602.74  viol=2022925941.1339  obj=2027336168736.63 | best_so_far: cost=4410227602.74  viol=2022925941.1339  obj=2027336168736.63 (improved)
[Run 24 | Gen 8] gen_best: cost=4410227602.74  viol=2022925941.1339  obj=2027336168736.63 | best_so_far: cost=4410227602.74  viol=2022925941.1339  obj=2027336168736.63 
[Run 24 | Gen 9] gen_best: cost=4621655109.59  viol=1982933829.6559  obj=1987555484765.48 | best_so_far: cost=4621655109.59  viol=1982933829.6559  obj=1987555484765.48 (improved)
[Run 24 | FE 512] best_local_obj=1987555484765.48  best_local_cost=4621655109.59  best_local_viol=1982933829.6559
[Run 24 | Gen 10] gen_best: cost=4621655109.59  viol=1982933829.6559  obj=1987555484765.48 | best_so_far: cost=4621655109.59  viol=1982933829.6559  obj=1987555484765.48 
[Run 24 | Gen 11] gen_best: cost=4621655109.59  viol=1982933829.6559  obj=1987555484765.48 | best_so_far: cost=4621655109.59  viol=1982933829.6559  obj=1987555484765.48 
[Run 24 | Gen 12] gen_best: cost=4674837095.89  viol=1937832645.3081  obj=1942507482403.94 | best_so_far: cost=4674837095.89  viol=1937832645.3081  obj=1942507482403.94 (improved)
[Run 24 | Gen 13] gen_best: cost=4674837095.89  viol=1937832645.3081  obj=1942507482403.94 | best_so_far: cost=4674837095.89  viol=1937832645.3081  obj=1942507482403.94 
[Run 24 | Gen 14] gen_best: cost=4582026191.78  viol=1931574044.2664  obj=1936156070458.14 | best_so_far: cost=4582026191.78  viol=1931574044.2664  obj=1936156070458.14 (improved)
[Run 24 | FE 768] best_local_obj=1936156070458.14  best_local_cost=4582026191.78  best_local_viol=1931574044.2664
[Run 24 | Gen 15] gen_best: cost=4789078068.49  viol=1907597547.7579  obj=1912386625826.37 | best_so_far: cost=4789078068.49  viol=1907597547.7579  obj=1912386625826.37 (improved)
[Run 24 | Gen 16] gen_best: cost=4789078068.49  viol=1907597547.7579  obj=1912386625826.37 | best_so_far: cost=4789078068.49  viol=1907597547.7579  obj=1912386625826.37 
[Run 24 | Gen 17] gen_best: cost=4819580863.01  viol=1892704140.7000  obj=1897523721562.98 | best_so_far: cost=4819580863.01  viol=1892704140.7000  obj=1897523721562.98 (improved)
[Run 24 | Gen 18] gen_best: cost=4818681301.37  viol=1887435487.4333  obj=1892254168734.70 | best_so_far: cost=4818681301.37  viol=1887435487.4333  obj=1892254168734.70 (improved)
[Run 24 | Gen 19] gen_best: cost=4818681301.37  viol=1887435487.4333  obj=1892254168734.70 | best_so_far: cost=4818681301.37  viol=1887435487.4333  obj=1892254168734.70 
[Run 24 | FE 1024] best_local_obj=1892254168734.70  best_local_cost=4818681301.37  best_local_viol=1887435487.4333
[Run 24 | Gen 20] gen_best: cost=4818681301.37  viol=1887435487.4333  obj=1892254168734.70 | best_so_far: cost=4818681301.37  viol=1887435487.4333  obj=1892254168734.70 
[Run 24 | Gen 21] gen_best: cost=4994480109.59  viol=1876185367.9909  obj=1881179848100.48 | best_so_far: cost=4994480109.59  viol=1876185367.9909  obj=1881179848100.48 (improved)
[Run 24 | Gen 22] gen_best: cost=4822108739.73  viol=1874764494.2589  obj=1879586602998.58 | best_so_far: cost=4822108739.73  viol=1874764494.2589  obj=1879586602998.58 (improved)
[Run 24 | Gen 23] gen_best: cost=4822108739.73  viol=1874764494.2589  obj=1879586602998.58 | best_so_far: cost=4822108739.73  viol=1874764494.2589  obj=1879586602998.58 
[Run 24 | Gen 24] gen_best: cost=4897243136.99  viol=1853185947.3173  obj=1858083190454.33 | best_so_far: cost=4897243136.99  viol=1853185947.3173  obj=1858083190454.33 (improved)
[Run 24 | FE 1280] best_local_obj=1847439359583.47  best_local_cost=4924870958.90  best_local_viol=1842514488.6246
[Run 24 | Gen 25] gen_best: cost=4924870958.90  viol=1842514488.6246  obj=1847439359583.47 | best_so_far: cost=4924870958.90  viol=1842514488.6246  obj=1847439359583.47 (improved)
[Run 24 | Gen 26] gen_best: cost=5072390410.96  viol=1835214381.1859  obj=1840286771596.89 | best_so_far: cost=5072390410.96  viol=1835214381.1859  obj=1840286771596.89 (improved)
[Run 24 | Gen 27] gen_best: cost=5072390410.96  viol=1835214381.1859  obj=1840286771596.89 | best_so_far: cost=5072390410.96  viol=1835214381.1859  obj=1840286771596.89 
[Run 24 | Gen 28] gen_best: cost=4988554369.86  viol=1830210553.6196  obj=1835199107989.45 | best_so_far: cost=4988554369.86  viol=1830210553.6196  obj=1835199107989.45 (improved)
[Run 24 | Gen 29] gen_best: cost=4988554369.86  viol=1830210553.6196  obj=1835199107989.45 | best_so_far: cost=4988554369.86  viol=1830210553.6196  obj=1835199107989.45 
[Run 24 | FE 1536] best_local_obj=1819410362223.32  best_local_cost=5033911000.00  best_local_viol=1814376451.2233
[Run 24 | Gen 30] gen_best: cost=5033911000.00  viol=1814376451.2233  obj=1819410362223.32 | best_so_far: cost=5033911000.00  viol=1814376451.2233  obj=1819410362223.32 (improved)
[Run 24 | Gen 31] gen_best: cost=5033911000.00  viol=1814376451.2233  obj=1819410362223.32 | best_so_far: cost=5033911000.00  viol=1814376451.2233  obj=1819410362223.32 
[Run 24 | Gen 32] gen_best: cost=5033911000.00  viol=1814376451.2233  obj=1819410362223.32 | best_so_far: cost=5033911000.00  viol=1814376451.2233  obj=1819410362223.32 
[Run 24 | Gen 33] gen_best: cost=5033911000.00  viol=1814376451.2233  obj=1819410362223.32 | best_so_far: cost=5033911000.00  viol=1814376451.2233  obj=1819410362223.32 
[Run 24 | Gen 34] gen_best: cost=5140049287.67  viol=1801332860.0522  obj=1806472909339.84 | best_so_far: cost=5140049287.67  viol=1801332860.0522  obj=1806472909339.84 (improved)
[Run 24 | FE 1792] best_local_obj=1806472909339.84  best_local_cost=5140049287.67  best_local_viol=1801332860.0522
[Run 24 | Gen 35] gen_best: cost=5140049287.67  viol=1801332860.0522  obj=1806472909339.84 | best_so_far: cost=5140049287.67  viol=1801332860.0522  obj=1806472909339.84 
[Run 24 | Gen 36] gen_best: cost=5161576726.03  viol=1791565117.3523  obj=1796726694078.32 | best_so_far: cost=5161576726.03  viol=1791565117.3523  obj=1796726694078.32 (improved)
[Run 24 | Gen 37] gen_best: cost=5161576726.03  viol=1791565117.3523  obj=1796726694078.32 | best_so_far: cost=5161576726.03  viol=1791565117.3523  obj=1796726694078.32 
[Run 24 | Gen 38] gen_best: cost=5161576726.03  viol=1791565117.3523  obj=1796726694078.32 | best_so_far: cost=5161576726.03  viol=1791565117.3523  obj=1796726694078.32 
[Run 24 | Gen 39] gen_best: cost=5161576726.03  viol=1791565117.3523  obj=1796726694078.32 | best_so_far: cost=5161576726.03  viol=1791565117.3523  obj=1796726694078.32 
[Run 24 | FE 2048] best_local_obj=1796726694078.32  best_local_cost=5161576726.03  best_local_viol=1791565117.3523
[Run 24 | Gen 40] gen_best: cost=5161576726.03  viol=1791565117.3523  obj=1796726694078.32 | best_so_far: cost=5161576726.03  viol=1791565117.3523  obj=1796726694078.32 
[Run 24 | Gen 41] gen_best: cost=5051463136.99  viol=1777013097.5823  obj=1782064560719.30 | best_so_far: cost=5051463136.99  viol=1777013097.5823  obj=1782064560719.30 (improved)
[Run 24 | Gen 42] gen_best: cost=5051463136.99  viol=1777013097.5823  obj=1782064560719.30 | best_so_far: cost=5051463136.99  viol=1777013097.5823  obj=1782064560719.30 
[Run 24 | Gen 43] gen_best: cost=4883641712.33  viol=1776644709.9581  obj=1781528351670.43 | best_so_far: cost=4883641712.33  viol=1776644709.9581  obj=1781528351670.43 (improved)
[Run 24 | Gen 44] gen_best: cost=4938849164.38  viol=1774373191.3428  obj=1779312040507.15 | best_so_far: cost=4938849164.38  viol=1774373191.3428  obj=1779312040507.15 (improved)
[Run 24 | Gen 45] gen_best: cost=4938849164.38  viol=1774373191.3428  obj=1779312040507.15 | best_so_far: cost=4938849164.38  viol=1774373191.3428  obj=1779312040507.15 
[Run 24 | FE 2304] best_local_obj=1779312040507.15  best_local_cost=4938849164.38  best_local_viol=1774373191.3428
[Run 24 | Gen 46] gen_best: cost=4938849164.38  viol=1774373191.3428  obj=1779312040507.15 | best_so_far: cost=4938849164.38  viol=1774373191.3428  obj=1779312040507.15 
[Run 24 | Gen 47] gen_best: cost=4938849164.38  viol=1774373191.3428  obj=1779312040507.15 | best_so_far: cost=4938849164.38  viol=1774373191.3428  obj=1779312040507.15 
[Run 24 | Gen 48] gen_best: cost=4938849164.38  viol=1774373191.3428  obj=1779312040507.15 | best_so_far: cost=4938849164.38  viol=1774373191.3428  obj=1779312040507.15 
[Run 24 | Gen 49] gen_best: cost=5022235643.84  viol=1761871249.2382  obj=1766893484882.05 | best_so_far: cost=5022235643.84  viol=1761871249.2382  obj=1766893484882.05 (improved)
[Run 24 | Gen 50] gen_best: cost=5022235643.84  viol=1761871249.2382  obj=1766893484882.05 | best_so_far: cost=5022235643.84  viol=1761871249.2382  obj=1766893484882.05 
[Run 24 | FE 2560] best_local_obj=1766893484882.05  best_local_cost=5022235643.84  best_local_viol=1761871249.2382
[Run 24 | Gen 51] gen_best: cost=5123897424.66  viol=1759008247.4708  obj=1764132144895.50 | best_so_far: cost=5123897424.66  viol=1759008247.4708  obj=1764132144895.50 (improved)
[Run 24 | Gen 52] gen_best: cost=5188630506.85  viol=1742577116.5515  obj=1747765747058.36 | best_so_far: cost=5188630506.85  viol=1742577116.5515  obj=1747765747058.36 (improved)
[Run 24 | Gen 53] gen_best: cost=5040362863.01  viol=1742342291.6227  obj=1747382654485.71 | best_so_far: cost=5040362863.01  viol=1742342291.6227  obj=1747382654485.71 (improved)
[Run 24 | Gen 54] gen_best: cost=5258164410.96  viol=1712226351.2502  obj=1717484515661.12 | best_so_far: cost=5258164410.96  viol=1712226351.2502  obj=1717484515661.12 (improved)
[Run 24 | Gen 55] gen_best: cost=5258164410.96  viol=1712226351.2502  obj=1717484515661.12 | best_so_far: cost=5258164410.96  viol=1712226351.2502  obj=1717484515661.12 
[Run 24 | FE 2816] best_local_obj=1717484515661.12  best_local_cost=5258164410.96  best_local_viol=1712226351.2502
[Run 24 | Gen 56] gen_best: cost=5258164410.96  viol=1712226351.2502  obj=1717484515661.12 | best_so_far: cost=5258164410.96  viol=1712226351.2502  obj=1717484515661.12 
[Run 24 | Gen 57] gen_best: cost=5258164410.96  viol=1712226351.2502  obj=1717484515661.12 | best_so_far: cost=5258164410.96  viol=1712226351.2502  obj=1717484515661.12 
[Run 24 | Gen 58] gen_best: cost=5177629958.90  viol=1705772889.8796  obj=1710950519838.51 | best_so_far: cost=5177629958.90  viol=1705772889.8796  obj=1710950519838.51 (improved)
[Run 24 | Gen 59] gen_best: cost=5177629958.90  viol=1705772889.8796  obj=1710950519838.51 | best_so_far: cost=5177629958.90  viol=1705772889.8796  obj=1710950519838.51 
[Run 24 | Gen 60] gen_best: cost=5177629958.90  viol=1705772889.8796  obj=1710950519838.51 | best_so_far: cost=5177629958.90  viol=1705772889.8796  obj=1710950519838.51 
[Run 24 | FE 3072] best_local_obj=1710950519838.51  best_local_cost=5177629958.90  best_local_viol=1705772889.8796
[Run 24 | Gen 61] gen_best: cost=5177629958.90  viol=1705772889.8796  obj=1710950519838.51 | best_so_far: cost=5177629958.90  viol=1705772889.8796  obj=1710950519838.51 
[Run 24 | Gen 62] gen_best: cost=5177629958.90  viol=1705772889.8796  obj=1710950519838.51 | best_so_far: cost=5177629958.90  viol=1705772889.8796  obj=1710950519838.51 
[Run 24 | Gen 63] gen_best: cost=5177629958.90  viol=1705772889.8796  obj=1710950519838.51 | best_so_far: cost=5177629958.90  viol=1705772889.8796  obj=1710950519838.51 
[Run 24 | Gen 64] gen_best: cost=5177629958.90  viol=1705772889.8796  obj=1710950519838.51 | best_so_far: cost=5177629958.90  viol=1705772889.8796  obj=1710950519838.51 
[Run 24 | Gen 65] gen_best: cost=5177629958.90  viol=1705772889.8796  obj=1710950519838.51 | best_so_far: cost=5177629958.90  viol=1705772889.8796  obj=1710950519838.51 
[Run 24 | FE 3328] best_local_obj=1710950519838.51  best_local_cost=5177629958.90  best_local_viol=1705772889.8796
[Run 24 | Gen 66] gen_best: cost=5070917356.16  viol=1698464620.5581  obj=1703535537914.27 | best_so_far: cost=5070917356.16  viol=1698464620.5581  obj=1703535537914.27 (improved)
[Run 24 | Gen 67] gen_best: cost=5070917356.16  viol=1698464620.5581  obj=1703535537914.27 | best_so_far: cost=5070917356.16  viol=1698464620.5581  obj=1703535537914.27 
[Run 24 | Gen 68] gen_best: cost=5074241945.21  viol=1693571429.9109  obj=1698645671856.08 | best_so_far: cost=5074241945.21  viol=1693571429.9109  obj=1698645671856.08 (improved)
[Run 24 | Gen 69] gen_best: cost=5074241945.21  viol=1693571429.9109  obj=1698645671856.08 | best_so_far: cost=5074241945.21  viol=1693571429.9109  obj=1698645671856.08 
[Run 24 | Gen 70] gen_best: cost=5102845835.62  viol=1685586802.5354  obj=1690689648371.01 | best_so_far: cost=5102845835.62  viol=1685586802.5354  obj=1690689648371.01 (improved)
[Run 24 | FE 3584] best_local_obj=1690689648371.01  best_local_cost=5102845835.62  best_local_viol=1685586802.5354
[Run 24 | Gen 71] gen_best: cost=5102845835.62  viol=1685586802.5354  obj=1690689648371.01 | best_so_far: cost=5102845835.62  viol=1685586802.5354  obj=1690689648371.01 
[Run 24 | Gen 72] gen_best: cost=5223636041.10  viol=1685164322.9646  obj=1690387959005.72 | best_so_far: cost=5223636041.10  viol=1685164322.9646  obj=1690387959005.72 (improved)
[Run 24 | Gen 73] gen_best: cost=5223636041.10  viol=1685164322.9646  obj=1690387959005.72 | best_so_far: cost=5223636041.10  viol=1685164322.9646  obj=1690387959005.72 
[Run 24 | Gen 74] gen_best: cost=5099395397.26  viol=1666182310.0205  obj=1671281705417.79 | best_so_far: cost=5099395397.26  viol=1666182310.0205  obj=1671281705417.79 (improved)
[Run 24 | Gen 75] gen_best: cost=5099395397.26  viol=1666182310.0205  obj=1671281705417.79 | best_so_far: cost=5099395397.26  viol=1666182310.0205  obj=1671281705417.79 
[Run 24 | FE 3840] best_local_obj=1671281705417.79  best_local_cost=5099395397.26  best_local_viol=1666182310.0205
[Run 24 | Gen 76] gen_best: cost=5099395397.26  viol=1666182310.0205  obj=1671281705417.79 | best_so_far: cost=5099395397.26  viol=1666182310.0205  obj=1671281705417.79 
[Run 24 | Gen 77] gen_best: cost=5099395397.26  viol=1666182310.0205  obj=1671281705417.79 | best_so_far: cost=5099395397.26  viol=1666182310.0205  obj=1671281705417.79 
[Run 24 | Gen 78] gen_best: cost=5099395397.26  viol=1666182310.0205  obj=1671281705417.79 | best_so_far: cost=5099395397.26  viol=1666182310.0205  obj=1671281705417.79 
[Run 24 | Gen 79] gen_best: cost=5099395397.26  viol=1666182310.0205  obj=1671281705417.79 | best_so_far: cost=5099395397.26  viol=1666182310.0205  obj=1671281705417.79 
[Run 24 | Gen 80] gen_best: cost=5099395397.26  viol=1666182310.0205  obj=1671281705417.79 | best_so_far: cost=5099395397.26  viol=1666182310.0205  obj=1671281705417.79 
[Run 24 | FE 4096] best_local_obj=1668102430415.85  best_local_cost=5167129356.16  best_local_viol=1662935301.0597
[Run 24 | Gen 81] gen_best: cost=5167129356.16  viol=1662935301.0597  obj=1668102430415.85 | best_so_far: cost=5167129356.16  viol=1662935301.0597  obj=1668102430415.85 (improved)
[Run 24 | Gen 82] gen_best: cost=5167129356.16  viol=1662935301.0597  obj=1668102430415.85 | best_so_far: cost=5167129356.16  viol=1662935301.0597  obj=1668102430415.85 
[Run 24 | Gen 83] gen_best: cost=5167129356.16  viol=1662935301.0597  obj=1668102430415.85 | best_so_far: cost=5167129356.16  viol=1662935301.0597  obj=1668102430415.85 
[Run 24 | Gen 84] gen_best: cost=5167129356.16  viol=1662935301.0597  obj=1668102430415.85 | best_so_far: cost=5167129356.16  viol=1662935301.0597  obj=1668102430415.85 
[Run 24 | Gen 85] gen_best: cost=5281369178.08  viol=1651079487.8224  obj=1656360857000.49 | best_so_far: cost=5281369178.08  viol=1651079487.8224  obj=1656360857000.49 (improved)
[Run 24 | Gen 86] gen_best: cost=5169004876.71  viol=1623649134.9223  obj=1628818139799.02 | best_so_far: cost=5169004876.71  viol=1623649134.9223  obj=1628818139799.02 (improved)
[Run 24 | FE 4352] best_local_obj=1628818139799.02  best_local_cost=5169004876.71  best_local_viol=1623649134.9223
[Run 24 | Gen 87] gen_best: cost=5266467972.60  viol=1615959315.4631  obj=1621225783435.69 | best_so_far: cost=5266467972.60  viol=1615959315.4631  obj=1621225783435.69 (improved)
[Run 24 | Gen 88] gen_best: cost=5266467972.60  viol=1615959315.4631  obj=1621225783435.69 | best_so_far: cost=5266467972.60  viol=1615959315.4631  obj=1621225783435.69 
[Run 24 | Gen 89] gen_best: cost=5266467972.60  viol=1615959315.4631  obj=1621225783435.69 | best_so_far: cost=5266467972.60  viol=1615959315.4631  obj=1621225783435.69 
[Run 24 | Gen 90] gen_best: cost=5266467972.60  viol=1615959315.4631  obj=1621225783435.69 | best_so_far: cost=5266467972.60  viol=1615959315.4631  obj=1621225783435.69 
[Run 24 | Gen 91] gen_best: cost=5266467972.60  viol=1615959315.4631  obj=1621225783435.69 | best_so_far: cost=5266467972.60  viol=1615959315.4631  obj=1621225783435.69 
[Run 24 | FE 4608] best_local_obj=1621225783435.69  best_local_cost=5266467972.60  best_local_viol=1615959315.4631
[Run 24 | Gen 92] gen_best: cost=5266467972.60  viol=1615959315.4631  obj=1621225783435.69 | best_so_far: cost=5266467972.60  viol=1615959315.4631  obj=1621225783435.69 
[Run 24 | Gen 93] gen_best: cost=5266467972.60  viol=1615959315.4631  obj=1621225783435.69 | best_so_far: cost=5266467972.60  viol=1615959315.4631  obj=1621225783435.69 
[Run 24 | Gen 94] gen_best: cost=5266467972.60  viol=1615959315.4631  obj=1621225783435.69 | best_so_far: cost=5266467972.60  viol=1615959315.4631  obj=1621225783435.69 
[Run 24 | Gen 95] gen_best: cost=5266467972.60  viol=1615959315.4631  obj=1621225783435.69 | best_so_far: cost=5266467972.60  viol=1615959315.4631  obj=1621225783435.69 
[Run 24 | Gen 96] gen_best: cost=5251565780.82  viol=1603633847.7442  obj=1608885413525.05 | best_so_far: cost=5251565780.82  viol=1603633847.7442  obj=1608885413525.05 (improved)
[Run 24 | FE 4864] best_local_obj=1608885413525.05  best_local_cost=5251565780.82  best_local_viol=1603633847.7442
[Run 24 | Gen 97] gen_best: cost=5251565780.82  viol=1603633847.7442  obj=1608885413525.05 | best_so_far: cost=5251565780.82  viol=1603633847.7442  obj=1608885413525.05 
[Run 24 | Gen 98] gen_best: cost=5290420547.95  viol=1582920840.8337  obj=1588211261381.67 | best_so_far: cost=5290420547.95  viol=1582920840.8337  obj=1588211261381.67 (improved)
[Run 24 | Gen 99] gen_best: cost=5290420547.95  viol=1582920840.8337  obj=1588211261381.67 | best_so_far: cost=5290420547.95  viol=1582920840.8337  obj=1588211261381.67 
[Run 24 | Gen 100] gen_best: cost=5290420547.95  viol=1582920840.8337  obj=1588211261381.67 | best_so_far: cost=5290420547.95  viol=1582920840.8337  obj=1588211261381.67 
[Run 24 | Gen 101] gen_best: cost=5290420547.95  viol=1582920840.8337  obj=1588211261381.67 | best_so_far: cost=5290420547.95  viol=1582920840.8337  obj=1588211261381.67 
[Run 24 | FE 5120] best_local_obj=1588211261381.67  best_local_cost=5290420547.95  best_local_viol=1582920840.8337
[Run 24 | Gen 102] gen_best: cost=5290420547.95  viol=1582920840.8337  obj=1588211261381.67 | best_so_far: cost=5290420547.95  viol=1582920840.8337  obj=1588211261381.67 
[Run 24 | Gen 103] gen_best: cost=5290420547.95  viol=1582920840.8337  obj=1588211261381.67 | best_so_far: cost=5290420547.95  viol=1582920840.8337  obj=1588211261381.67 
[Run 24 | Gen 104] gen_best: cost=5290420547.95  viol=1582920840.8337  obj=1588211261381.67 | best_so_far: cost=5290420547.95  viol=1582920840.8337  obj=1588211261381.67 
[Run 24 | Gen 105] gen_best: cost=5290420547.95  viol=1582920840.8337  obj=1588211261381.67 | best_so_far: cost=5290420547.95  viol=1582920840.8337  obj=1588211261381.67 
[Run 24 | Gen 106] gen_best: cost=5290420547.95  viol=1582920840.8337  obj=1588211261381.67 | best_so_far: cost=5290420547.95  viol=1582920840.8337  obj=1588211261381.67 
[Run 24 | FE 5376] best_local_obj=1588211261381.67  best_local_cost=5290420547.95  best_local_viol=1582920840.8337
[Run 24 | Gen 107] gen_best: cost=5290420547.95  viol=1582920840.8337  obj=1588211261381.67 | best_so_far: cost=5290420547.95  viol=1582920840.8337  obj=1588211261381.67 
[Run 24 | Gen 108] gen_best: cost=5290420547.95  viol=1582920840.8337  obj=1588211261381.67 | best_so_far: cost=5290420547.95  viol=1582920840.8337  obj=1588211261381.67 
[Run 24 | Gen 109] gen_best: cost=5290420547.95  viol=1582920840.8337  obj=1588211261381.67 | best_so_far: cost=5290420547.95  viol=1582920840.8337  obj=1588211261381.67 
[Run 24 | Gen 110] gen_best: cost=5290420547.95  viol=1582920840.8337  obj=1588211261381.67 | best_so_far: cost=5290420547.95  viol=1582920840.8337  obj=1588211261381.67 
[Run 24 | Gen 111] gen_best: cost=5290420547.95  viol=1582920840.8337  obj=1588211261381.67 | best_so_far: cost=5290420547.95  viol=1582920840.8337  obj=1588211261381.67 
[Run 24 | FE 5632] best_local_obj=1588211261381.67  best_local_cost=5290420547.95  best_local_viol=1582920840.8337
[Run 24 | Gen 112] gen_best: cost=5290420547.95  viol=1582920840.8337  obj=1588211261381.67 | best_so_far: cost=5290420547.95  viol=1582920840.8337  obj=1588211261381.67 
[Run 24 | Gen 113] gen_best: cost=5290420547.95  viol=1582920840.8337  obj=1588211261381.67 | best_so_far: cost=5290420547.95  viol=1582920840.8337  obj=1588211261381.67 
[Run 24 | Gen 114] gen_best: cost=5290420547.95  viol=1582920840.8337  obj=1588211261381.67 | best_so_far: cost=5290420547.95  viol=1582920840.8337  obj=1588211261381.67 
[Run 24 | Gen 115] gen_best: cost=5290420547.95  viol=1582920840.8337  obj=1588211261381.67 | best_so_far: cost=5290420547.95  viol=1582920840.8337  obj=1588211261381.67 
[Run 24 | Gen 116] gen_best: cost=5290420547.95  viol=1582920840.8337  obj=1588211261381.67 | best_so_far: cost=5290420547.95  viol=1582920840.8337  obj=1588211261381.67 
[Run 24 | FE 5888] best_local_obj=1588211261381.67  best_local_cost=5290420547.95  best_local_viol=1582920840.8337
[Run 24 | Gen 117] gen_best: cost=5290420547.95  viol=1582920840.8337  obj=1588211261381.67 | best_so_far: cost=5290420547.95  viol=1582920840.8337  obj=1588211261381.67 
[Run 24 | Gen 118] gen_best: cost=5290420547.95  viol=1582920840.8337  obj=1588211261381.67 | best_so_far: cost=5290420547.95  viol=1582920840.8337  obj=1588211261381.67 
[Run 24 | Gen 119] gen_best: cost=5290420547.95  viol=1582920840.8337  obj=1588211261381.67 | best_so_far: cost=5290420547.95  viol=1582920840.8337  obj=1588211261381.67 
[Run 24 | Gen 120] gen_best: cost=5290420547.95  viol=1582920840.8337  obj=1588211261381.67 | best_so_far: cost=5290420547.95  viol=1582920840.8337  obj=1588211261381.67 
[Run 24 | Gen 121] gen_best: cost=5290420547.95  viol=1582920840.8337  obj=1588211261381.67 | best_so_far: cost=5290420547.95  viol=1582920840.8337  obj=1588211261381.67 
[Run 24 | FE 6144] best_local_obj=1588211261381.67  best_local_cost=5290420547.95  best_local_viol=1582920840.8337
[Run 24 | Gen 122] gen_best: cost=5290420547.95  viol=1582920840.8337  obj=1588211261381.67 | best_so_far: cost=5290420547.95  viol=1582920840.8337  obj=1588211261381.67 
[Run 24 | Gen 123] gen_best: cost=5290420547.95  viol=1582920840.8337  obj=1588211261381.67 | best_so_far: cost=5290420547.95  viol=1582920840.8337  obj=1588211261381.67 
[Run 24 | Gen 124] gen_best: cost=5290420547.95  viol=1582920840.8337  obj=1588211261381.67 | best_so_far: cost=5290420547.95  viol=1582920840.8337  obj=1588211261381.67 
[Run 24 | Gen 125] gen_best: cost=5290420547.95  viol=1582920840.8337  obj=1588211261381.67 | best_so_far: cost=5290420547.95  viol=1582920840.8337  obj=1588211261381.67 
[Run 24 | Gen 126] gen_best: cost=5290420547.95  viol=1582920840.8337  obj=1588211261381.67 | best_so_far: cost=5290420547.95  viol=1582920840.8337  obj=1588211261381.67 
[Run 24 | FE 6400] best_local_obj=1588211261381.67  best_local_cost=5290420547.95  best_local_viol=1582920840.8337
[Run 24 | Gen 127] gen_best: cost=5290420547.95  viol=1582920840.8337  obj=1588211261381.67 | best_so_far: cost=5290420547.95  viol=1582920840.8337  obj=1588211261381.67 
[Run 24 | Gen 128] gen_best: cost=5290420547.95  viol=1582920840.8337  obj=1588211261381.67 | best_so_far: cost=5290420547.95  viol=1582920840.8337  obj=1588211261381.67 
[Run 24 | Gen 129] gen_best: cost=5290420547.95  viol=1582920840.8337  obj=1588211261381.67 | best_so_far: cost=5290420547.95  viol=1582920840.8337  obj=1588211261381.67 
[Run 24 | Gen 130] gen_best: cost=5290420547.95  viol=1582920840.8337  obj=1588211261381.67 | best_so_far: cost=5290420547.95  viol=1582920840.8337  obj=1588211261381.67 
[Run 24 | Gen 131] gen_best: cost=5290420547.95  viol=1582920840.8337  obj=1588211261381.67 | best_so_far: cost=5290420547.95  viol=1582920840.8337  obj=1588211261381.67 
[Run 24 | Gen 132] gen_best: cost=5295921808.22  viol=1581682709.5616  obj=1586978631369.83 | best_so_far: cost=5295921808.22  viol=1581682709.5616  obj=1586978631369.83 (improved)
[Run 24 | FE 6656] best_local_obj=1586978631369.83  best_local_cost=5295921808.22  best_local_viol=1581682709.5616
[Run 24 | Gen 133] gen_best: cost=5295921808.22  viol=1581682709.5616  obj=1586978631369.83 | best_so_far: cost=5295921808.22  viol=1581682709.5616  obj=1586978631369.83 
[Run 24 | Gen 134] gen_best: cost=5295921808.22  viol=1581682709.5616  obj=1586978631369.83 | best_so_far: cost=5295921808.22  viol=1581682709.5616  obj=1586978631369.83 
[Run 24 | Gen 135] gen_best: cost=5310872630.14  viol=1568851356.3483  obj=1574162228978.47 | best_so_far: cost=5310872630.14  viol=1568851356.3483  obj=1574162228978.47 (improved)
[Run 24 | Gen 136] gen_best: cost=5310872630.14  viol=1568851356.3483  obj=1574162228978.47 | best_so_far: cost=5310872630.14  viol=1568851356.3483  obj=1574162228978.47 
[Run 24 | Gen 137] gen_best: cost=5310872630.14  viol=1568851356.3483  obj=1574162228978.47 | best_so_far: cost=5310872630.14  viol=1568851356.3483  obj=1574162228978.47 
[Run 24 | FE 6912] best_local_obj=1574162228978.47  best_local_cost=5310872630.14  best_local_viol=1568851356.3483
[Run 24 | Gen 138] gen_best: cost=5310872630.14  viol=1568851356.3483  obj=1574162228978.47 | best_so_far: cost=5310872630.14  viol=1568851356.3483  obj=1574162228978.47 
[Run 24 | Gen 139] gen_best: cost=5310872630.14  viol=1568851356.3483  obj=1574162228978.47 | best_so_far: cost=5310872630.14  viol=1568851356.3483  obj=1574162228978.47 
[Run 24 | Gen 140] gen_best: cost=5310872630.14  viol=1568851356.3483  obj=1574162228978.47 | best_so_far: cost=5310872630.14  viol=1568851356.3483  obj=1574162228978.47 
[Run 24 | Gen 141] gen_best: cost=5381357794.52  viol=1558956292.3793  obj=1564337650173.81 | best_so_far: cost=5381357794.52  viol=1558956292.3793  obj=1564337650173.81 (improved)
[Run 24 | Gen 142] gen_best: cost=5381357794.52  viol=1558956292.3793  obj=1564337650173.81 | best_so_far: cost=5381357794.52  viol=1558956292.3793  obj=1564337650173.81 
[Run 24 | FE 7168] best_local_obj=1564337650173.81  best_local_cost=5381357794.52  best_local_viol=1558956292.3793
[Run 24 | Gen 143] gen_best: cost=5381357794.52  viol=1558956292.3793  obj=1564337650173.81 | best_so_far: cost=5381357794.52  viol=1558956292.3793  obj=1564337650173.81 
[Run 24 | Gen 144] gen_best: cost=5381357794.52  viol=1558956292.3793  obj=1564337650173.81 | best_so_far: cost=5381357794.52  viol=1558956292.3793  obj=1564337650173.81 
[Run 24 | Gen 145] gen_best: cost=5381357794.52  viol=1558956292.3793  obj=1564337650173.81 | best_so_far: cost=5381357794.52  viol=1558956292.3793  obj=1564337650173.81 
[Run 24 | Gen 146] gen_best: cost=5381357794.52  viol=1558956292.3793  obj=1564337650173.81 | best_so_far: cost=5381357794.52  viol=1558956292.3793  obj=1564337650173.81 
[Run 24 | Gen 147] gen_best: cost=5381357794.52  viol=1558956292.3793  obj=1564337650173.81 | best_so_far: cost=5381357794.52  viol=1558956292.3793  obj=1564337650173.81 
[Run 24 | FE 7424] best_local_obj=1564337650173.81  best_local_cost=5381357794.52  best_local_viol=1558956292.3793
[Run 24 | Gen 148] gen_best: cost=5376206534.25  viol=1556023144.4565  obj=1561399350990.79 | best_so_far: cost=5376206534.25  viol=1556023144.4565  obj=1561399350990.79 (improved)
[Run 24 | Gen 149] gen_best: cost=5376206534.25  viol=1556023144.4565  obj=1561399350990.79 | best_so_far: cost=5376206534.25  viol=1556023144.4565  obj=1561399350990.79 
[Run 24 | Gen 150] gen_best: cost=5376206534.25  viol=1556023144.4565  obj=1561399350990.79 | best_so_far: cost=5376206534.25  viol=1556023144.4565  obj=1561399350990.79 
[Run 24 | Gen 151] gen_best: cost=5279694534.25  viol=1548195360.8969  obj=1553475055431.11 | best_so_far: cost=5279694534.25  viol=1548195360.8969  obj=1553475055431.11 (improved)
[Run 24 | Gen 152] gen_best: cost=5279694534.25  viol=1548195360.8969  obj=1553475055431.11 | best_so_far: cost=5279694534.25  viol=1548195360.8969  obj=1553475055431.11 
[Run 24 | FE 7680] best_local_obj=1553475055431.11  best_local_cost=5279694534.25  best_local_viol=1548195360.8969
[Run 24 | Gen 153] gen_best: cost=5279694534.25  viol=1548195360.8969  obj=1553475055431.11 | best_so_far: cost=5279694534.25  viol=1548195360.8969  obj=1553475055431.11 
[Run 24 | Gen 154] gen_best: cost=5309248315.07  viol=1544404090.5733  obj=1549713338888.37 | best_so_far: cost=5309248315.07  viol=1544404090.5733  obj=1549713338888.37 (improved)
[Run 24 | Gen 155] gen_best: cost=5358455164.38  viol=1530610093.9793  obj=1535968549143.72 | best_so_far: cost=5358455164.38  viol=1530610093.9793  obj=1535968549143.72 (improved)
[Run 24 | Gen 156] gen_best: cost=5358455164.38  viol=1530610093.9793  obj=1535968549143.72 | best_so_far: cost=5358455164.38  viol=1530610093.9793  obj=1535968549143.72 
[Run 24 | Gen 157] gen_best: cost=5358455164.38  viol=1530610093.9793  obj=1535968549143.72 | best_so_far: cost=5358455164.38  viol=1530610093.9793  obj=1535968549143.72 
[Run 24 | FE 7936] best_local_obj=1535968549143.72  best_local_cost=5358455164.38  best_local_viol=1530610093.9793
[Run 24 | Gen 158] gen_best: cost=5358455164.38  viol=1530610093.9793  obj=1535968549143.72 | best_so_far: cost=5358455164.38  viol=1530610093.9793  obj=1535968549143.72 
[Run 24 | Gen 159] gen_best: cost=5358455164.38  viol=1530610093.9793  obj=1535968549143.72 | best_so_far: cost=5358455164.38  viol=1530610093.9793  obj=1535968549143.72 
[Run 24 | Gen 160] gen_best: cost=5358455164.38  viol=1530610093.9793  obj=1535968549143.72 | best_so_far: cost=5358455164.38  viol=1530610093.9793  obj=1535968549143.72 
[Run 24 | Gen 161] gen_best: cost=5358455164.38  viol=1530610093.9793  obj=1535968549143.72 | best_so_far: cost=5358455164.38  viol=1530610093.9793  obj=1535968549143.72 
[Run 24 | Gen 162] gen_best: cost=5358455164.38  viol=1530610093.9793  obj=1535968549143.72 | best_so_far: cost=5358455164.38  viol=1530610093.9793  obj=1535968549143.72 
[Run 24 | FE 8192] best_local_obj=1535968549143.72  best_local_cost=5358455164.38  best_local_viol=1530610093.9793
[Run 24 | Gen 163] gen_best: cost=5358455164.38  viol=1530610093.9793  obj=1535968549143.72 | best_so_far: cost=5358455164.38  viol=1530610093.9793  obj=1535968549143.72 
[Run 24 | Gen 164] gen_best: cost=5358455164.38  viol=1530610093.9793  obj=1535968549143.72 | best_so_far: cost=5358455164.38  viol=1530610093.9793  obj=1535968549143.72 
[Run 24 | Gen 165] gen_best: cost=5358455164.38  viol=1530610093.9793  obj=1535968549143.72 | best_so_far: cost=5358455164.38  viol=1530610093.9793  obj=1535968549143.72 
[Run 24 | Gen 166] gen_best: cost=5358455164.38  viol=1530610093.9793  obj=1535968549143.72 | best_so_far: cost=5358455164.38  viol=1530610093.9793  obj=1535968549143.72 
[Run 24 | Gen 167] gen_best: cost=5358455164.38  viol=1530610093.9793  obj=1535968549143.72 | best_so_far: cost=5358455164.38  viol=1530610093.9793  obj=1535968549143.72 
[Run 24 | FE 8448] best_local_obj=1535968549143.72  best_local_cost=5358455164.38  best_local_viol=1530610093.9793
[Run 24 | Gen 168] gen_best: cost=5358455164.38  viol=1530610093.9793  obj=1535968549143.72 | best_so_far: cost=5358455164.38  viol=1530610093.9793  obj=1535968549143.72 
[Run 24 | Gen 169] gen_best: cost=5335551931.51  viol=1522256847.9788  obj=1527592399910.27 | best_so_far: cost=5335551931.51  viol=1522256847.9788  obj=1527592399910.27 (improved)
[Run 24 | Gen 170] gen_best: cost=5335551931.51  viol=1522256847.9788  obj=1527592399910.27 | best_so_far: cost=5335551931.51  viol=1522256847.9788  obj=1527592399910.27 
[Run 24 | Gen 171] gen_best: cost=5335551931.51  viol=1522256847.9788  obj=1527592399910.27 | best_so_far: cost=5335551931.51  viol=1522256847.9788  obj=1527592399910.27 
[Run 24 | Gen 172] gen_best: cost=5406536657.53  viol=1513736726.4951  obj=1519143263152.62 | best_so_far: cost=5406536657.53  viol=1513736726.4951  obj=1519143263152.62 (improved)
[Run 24 | Gen 173] gen_best: cost=5406536657.53  viol=1513736726.4951  obj=1519143263152.62 | best_so_far: cost=5406536657.53  viol=1513736726.4951  obj=1519143263152.62 
[Run 24 | FE 8704] best_local_obj=1519143263152.62  best_local_cost=5406536657.53  best_local_viol=1513736726.4951
[Run 24 | Gen 174] gen_best: cost=5406536657.53  viol=1513736726.4951  obj=1519143263152.62 | best_so_far: cost=5406536657.53  viol=1513736726.4951  obj=1519143263152.62 
[Run 24 | Gen 175] gen_best: cost=5406536657.53  viol=1513736726.4951  obj=1519143263152.62 | best_so_far: cost=5406536657.53  viol=1513736726.4951  obj=1519143263152.62 
[Run 24 | Gen 176] gen_best: cost=5406536657.53  viol=1513736726.4951  obj=1519143263152.62 | best_so_far: cost=5406536657.53  viol=1513736726.4951  obj=1519143263152.62 
[Run 24 | Gen 177] gen_best: cost=5406536657.53  viol=1513736726.4951  obj=1519143263152.62 | best_so_far: cost=5406536657.53  viol=1513736726.4951  obj=1519143263152.62 
[Run 24 | Gen 178] gen_best: cost=5406536657.53  viol=1513736726.4951  obj=1519143263152.62 | best_so_far: cost=5406536657.53  viol=1513736726.4951  obj=1519143263152.62 
[Run 24 | FE 8960] best_local_obj=1519143263152.62  best_local_cost=5406536657.53  best_local_viol=1513736726.4951
[Run 24 | Gen 179] gen_best: cost=5406536657.53  viol=1513736726.4951  obj=1519143263152.62 | best_so_far: cost=5406536657.53  viol=1513736726.4951  obj=1519143263152.62 
[Run 24 | Gen 180] gen_best: cost=5406536657.53  viol=1513736726.4951  obj=1519143263152.62 | best_so_far: cost=5406536657.53  viol=1513736726.4951  obj=1519143263152.62 
[Run 24 | Gen 181] gen_best: cost=5406536657.53  viol=1513736726.4951  obj=1519143263152.62 | best_so_far: cost=5406536657.53  viol=1513736726.4951  obj=1519143263152.62 
[Run 24 | Gen 182] gen_best: cost=5406536657.53  viol=1513736726.4951  obj=1519143263152.62 | best_so_far: cost=5406536657.53  viol=1513736726.4951  obj=1519143263152.62 
[Run 24 | Gen 183] gen_best: cost=5277294424.66  viol=1509881934.6781  obj=1515159229102.78 | best_so_far: cost=5277294424.66  viol=1509881934.6781  obj=1515159229102.78 (improved)
[Run 24 | FE 9216] best_local_obj=1515159229102.78  best_local_cost=5277294424.66  best_local_viol=1509881934.6781
[Run 24 | Gen 184] gen_best: cost=5277294424.66  viol=1509881934.6781  obj=1515159229102.78 | best_so_far: cost=5277294424.66  viol=1509881934.6781  obj=1515159229102.78 
[Run 24 | Gen 185] gen_best: cost=5277294424.66  viol=1509881934.6781  obj=1515159229102.78 | best_so_far: cost=5277294424.66  viol=1509881934.6781  obj=1515159229102.78 
[Run 24 | Gen 186] gen_best: cost=5277294424.66  viol=1509881934.6781  obj=1515159229102.78 | best_so_far: cost=5277294424.66  viol=1509881934.6781  obj=1515159229102.78 
[Run 24 | Gen 187] gen_best: cost=5277294424.66  viol=1509881934.6781  obj=1515159229102.78 | best_so_far: cost=5277294424.66  viol=1509881934.6781  obj=1515159229102.78 
[Run 24 | Gen 188] gen_best: cost=5287995630.14  viol=1509063798.8063  obj=1514351794436.45 | best_so_far: cost=5287995630.14  viol=1509063798.8063  obj=1514351794436.45 (improved)
[Run 24 | FE 9472] best_local_obj=1511227023977.70  best_local_cost=5338002753.42  best_local_viol=1505889021.2243
[Run 24 | Gen 189] gen_best: cost=5351654561.64  viol=1499856945.9307  obj=1505208600492.38 | best_so_far: cost=5351654561.64  viol=1499856945.9307  obj=1505208600492.38 (improved)
[Run 24 | Gen 190] gen_best: cost=5365956479.45  viol=1498615787.3457  obj=1503981743825.20 | best_so_far: cost=5365956479.45  viol=1498615787.3457  obj=1503981743825.20 (improved)
[Run 24 | Gen 191] gen_best: cost=5365956479.45  viol=1498615787.3457  obj=1503981743825.20 | best_so_far: cost=5365956479.45  viol=1498615787.3457  obj=1503981743825.20 
[Run 24 | Gen 192] gen_best: cost=5365956479.45  viol=1498615787.3457  obj=1503981743825.20 | best_so_far: cost=5365956479.45  viol=1498615787.3457  obj=1503981743825.20 
[Run 24 | Gen 193] gen_best: cost=5365956479.45  viol=1498615787.3457  obj=1503981743825.20 | best_so_far: cost=5365956479.45  viol=1498615787.3457  obj=1503981743825.20 
[Run 24 | FE 9728] best_local_obj=1503981743825.20  best_local_cost=5365956479.45  best_local_viol=1498615787.3457
[Run 24 | Gen 194] gen_best: cost=5365956479.45  viol=1498615787.3457  obj=1503981743825.20 | best_so_far: cost=5365956479.45  viol=1498615787.3457  obj=1503981743825.20 
[Run 24 | Gen 195] gen_best: cost=5365956479.45  viol=1498615787.3457  obj=1503981743825.20 | best_so_far: cost=5365956479.45  viol=1498615787.3457  obj=1503981743825.20 
[Run 24 | Gen 196] gen_best: cost=5365956479.45  viol=1498615787.3457  obj=1503981743825.20 | best_so_far: cost=5365956479.45  viol=1498615787.3457  obj=1503981743825.20 
[Run 24 | Gen 197] gen_best: cost=5365956479.45  viol=1498615787.3457  obj=1503981743825.20 | best_so_far: cost=5365956479.45  viol=1498615787.3457  obj=1503981743825.20 
[Run 24 | Gen 198] gen_best: cost=5365956479.45  viol=1498615787.3457  obj=1503981743825.20 | best_so_far: cost=5365956479.45  viol=1498615787.3457  obj=1503981743825.20 
[Run 24 | FE 9984] best_local_obj=1503981743825.20  best_local_cost=5365956479.45  best_local_viol=1498615787.3457
[Run 24 | Gen 199] gen_best: cost=5365956479.45  viol=1498615787.3457  obj=1503981743825.20 | best_so_far: cost=5365956479.45  viol=1498615787.3457  obj=1503981743825.20 
[Run 24 | Gen 200] gen_best: cost=5365956479.45  viol=1498615787.3457  obj=1503981743825.20 | best_so_far: cost=5365956479.45  viol=1498615787.3457  obj=1503981743825.20 
[Run 24 | Gen 201] gen_best: cost=5365956479.45  viol=1498615787.3457  obj=1503981743825.20 | best_so_far: cost=5365956479.45  viol=1498615787.3457  obj=1503981743825.20 
[Run 24 | Gen 202] gen_best: cost=5365956479.45  viol=1498615787.3457  obj=1503981743825.20 | best_so_far: cost=5365956479.45  viol=1498615787.3457  obj=1503981743825.20 
[Run 24 | Gen 203] gen_best: cost=5365956479.45  viol=1498615787.3457  obj=1503981743825.20 | best_so_far: cost=5365956479.45  viol=1498615787.3457  obj=1503981743825.20 
[Run 24 | FE 10240] best_local_obj=1501102812387.87  best_local_cost=5389234465.75  best_local_viol=1495713577.9221
[Run 24 | Gen 204] gen_best: cost=5389234465.75  viol=1495713577.9221  obj=1501102812387.87 | best_so_far: cost=5389234465.75  viol=1495713577.9221  obj=1501102812387.87 (improved)
[Run 24 | Gen 205] gen_best: cost=5389234465.75  viol=1495713577.9221  obj=1501102812387.87 | best_so_far: cost=5389234465.75  viol=1495713577.9221  obj=1501102812387.87 
[Run 24 | Gen 206] gen_best: cost=5389234465.75  viol=1495713577.9221  obj=1501102812387.87 | best_so_far: cost=5389234465.75  viol=1495713577.9221  obj=1501102812387.87 
[Run 24 | Gen 207] gen_best: cost=5435064534.25  viol=1491951036.7180  obj=1497386101252.28 | best_so_far: cost=5435064534.25  viol=1491951036.7180  obj=1497386101252.28 (improved)
[Run 24 | Gen 208] gen_best: cost=5332602589.04  viol=1491813780.5586  obj=1497146383147.60 | best_so_far: cost=5332602589.04  viol=1491813780.5586  obj=1497146383147.60 (improved)
[Run 24 | FE 10496] best_local_obj=1497146383147.60  best_local_cost=5332602589.04  best_local_viol=1491813780.5586
[Run 24 | Gen 209] gen_best: cost=5332602589.04  viol=1491813780.5586  obj=1497146383147.60 | best_so_far: cost=5332602589.04  viol=1491813780.5586  obj=1497146383147.60 
[Run 24 | Gen 210] gen_best: cost=5332602589.04  viol=1491813780.5586  obj=1497146383147.60 | best_so_far: cost=5332602589.04  viol=1491813780.5586  obj=1497146383147.60 
[Run 24 | Gen 211] gen_best: cost=5417212178.08  viol=1487502905.0441  obj=1492920117222.15 | best_so_far: cost=5417212178.08  viol=1487502905.0441  obj=1492920117222.15 (improved)
[Run 24 | Gen 212] gen_best: cost=5417212178.08  viol=1487502905.0441  obj=1492920117222.15 | best_so_far: cost=5417212178.08  viol=1487502905.0441  obj=1492920117222.15 
[Run 24 | Gen 213] gen_best: cost=5417212178.08  viol=1487502905.0441  obj=1492920117222.15 | best_so_far: cost=5417212178.08  viol=1487502905.0441  obj=1492920117222.15 
[Run 24 | Gen 214] gen_best: cost=5417212178.08  viol=1487502905.0441  obj=1492920117222.15 | best_so_far: cost=5417212178.08  viol=1487502905.0441  obj=1492920117222.15 
[Run 24 | FE 10752] best_local_obj=1492920117222.15  best_local_cost=5417212178.08  best_local_viol=1487502905.0441
[Run 24 | Gen 215] gen_best: cost=5385233808.22  viol=1487232816.1699  obj=1492618049978.11 | best_so_far: cost=5385233808.22  viol=1487232816.1699  obj=1492618049978.11 (improved)
[Run 24 | Gen 216] gen_best: cost=5377157575.34  viol=1477959596.2939  obj=1483336753869.22 | best_so_far: cost=5377157575.34  viol=1477959596.2939  obj=1483336753869.22 (improved)
[Run 24 | Gen 217] gen_best: cost=5377157575.34  viol=1477959596.2939  obj=1483336753869.22 | best_so_far: cost=5377157575.34  viol=1477959596.2939  obj=1483336753869.22 
[Run 24 | Gen 218] gen_best: cost=5377157575.34  viol=1477959596.2939  obj=1483336753869.22 | best_so_far: cost=5377157575.34  viol=1477959596.2939  obj=1483336753869.22 
[Run 24 | Gen 219] gen_best: cost=5377157575.34  viol=1477959596.2939  obj=1483336753869.22 | best_so_far: cost=5377157575.34  viol=1477959596.2939  obj=1483336753869.22 
[Run 24 | FE 11008] best_local_obj=1483336753869.22  best_local_cost=5377157575.34  best_local_viol=1477959596.2939
[Run 24 | Gen 220] gen_best: cost=5377157575.34  viol=1477959596.2939  obj=1483336753869.22 | best_so_far: cost=5377157575.34  viol=1477959596.2939  obj=1483336753869.22 
[Run 24 | Gen 221] gen_best: cost=5377157575.34  viol=1477959596.2939  obj=1483336753869.22 | best_so_far: cost=5377157575.34  viol=1477959596.2939  obj=1483336753869.22 
[Run 24 | Gen 222] gen_best: cost=5377157575.34  viol=1477959596.2939  obj=1483336753869.22 | best_so_far: cost=5377157575.34  viol=1477959596.2939  obj=1483336753869.22 
[Run 24 | Gen 223] gen_best: cost=5388158890.41  viol=1477095843.4444  obj=1482484002334.86 | best_so_far: cost=5388158890.41  viol=1477095843.4444  obj=1482484002334.86 (improved)
[Run 24 | Gen 224] gen_best: cost=5388158890.41  viol=1477095843.4444  obj=1482484002334.86 | best_so_far: cost=5388158890.41  viol=1477095843.4444  obj=1482484002334.86 
[Run 24 | FE 11264] best_local_obj=1482484002334.86  best_local_cost=5388158890.41  best_local_viol=1477095843.4444
[Run 24 | Gen 225] gen_best: cost=5388158890.41  viol=1477095843.4444  obj=1482484002334.86 | best_so_far: cost=5388158890.41  viol=1477095843.4444  obj=1482484002334.86 
[Run 24 | Gen 226] gen_best: cost=5388158890.41  viol=1477095843.4444  obj=1482484002334.86 | best_so_far: cost=5388158890.41  viol=1477095843.4444  obj=1482484002334.86 
[Run 24 | Gen 227] gen_best: cost=5388158890.41  viol=1477095843.4444  obj=1482484002334.86 | best_so_far: cost=5388158890.41  viol=1477095843.4444  obj=1482484002334.86 
[Run 24 | Gen 228] gen_best: cost=5350954890.41  viol=1466209132.3891  obj=1471560087279.46 | best_so_far: cost=5350954890.41  viol=1466209132.3891  obj=1471560087279.46 (improved)
[Run 24 | Gen 229] gen_best: cost=5350954890.41  viol=1466209132.3891  obj=1471560087279.46 | best_so_far: cost=5350954890.41  viol=1466209132.3891  obj=1471560087279.46 
[Run 24 | FE 11520] best_local_obj=1471560087279.46  best_local_cost=5350954890.41  best_local_viol=1466209132.3891
[Run 24 | Gen 230] gen_best: cost=5350954890.41  viol=1466209132.3891  obj=1471560087279.46 | best_so_far: cost=5350954890.41  viol=1466209132.3891  obj=1471560087279.46 
[Run 24 | Gen 231] gen_best: cost=5350954890.41  viol=1466209132.3891  obj=1471560087279.46 | best_so_far: cost=5350954890.41  viol=1466209132.3891  obj=1471560087279.46 
[Run 24 | Gen 232] gen_best: cost=5350954890.41  viol=1466209132.3891  obj=1471560087279.46 | best_so_far: cost=5350954890.41  viol=1466209132.3891  obj=1471560087279.46 
[Run 24 | Gen 233] gen_best: cost=5350954890.41  viol=1466209132.3891  obj=1471560087279.46 | best_so_far: cost=5350954890.41  viol=1466209132.3891  obj=1471560087279.46 
[Run 24 | Gen 234] gen_best: cost=5327451657.53  viol=1461478611.2970  obj=1466806062954.56 | best_so_far: cost=5327451657.53  viol=1461478611.2970  obj=1466806062954.56 (improved)
[Run 24 | FE 11776] best_local_obj=1466806062954.56  best_local_cost=5327451657.53  best_local_viol=1461478611.2970
[Run 24 | Gen 235] gen_best: cost=5327451657.53  viol=1461478611.2970  obj=1466806062954.56 | best_so_far: cost=5327451657.53  viol=1461478611.2970  obj=1466806062954.56 
[Run 24 | Gen 236] gen_best: cost=5327451657.53  viol=1461478611.2970  obj=1466806062954.56 | best_so_far: cost=5327451657.53  viol=1461478611.2970  obj=1466806062954.56 
[Run 24 | Gen 237] gen_best: cost=5327451657.53  viol=1461478611.2970  obj=1466806062954.56 | best_so_far: cost=5327451657.53  viol=1461478611.2970  obj=1466806062954.56 
[Run 24 | Gen 238] gen_best: cost=5327451657.53  viol=1461478611.2970  obj=1466806062954.56 | best_so_far: cost=5327451657.53  viol=1461478611.2970  obj=1466806062954.56 
[Run 24 | Gen 239] gen_best: cost=5327451657.53  viol=1461478611.2970  obj=1466806062954.56 | best_so_far: cost=5327451657.53  viol=1461478611.2970  obj=1466806062954.56 
[Run 24 | FE 12032] best_local_obj=1466806062954.56  best_local_cost=5327451657.53  best_local_viol=1461478611.2970
[Run 24 | Gen 240] gen_best: cost=5327451657.53  viol=1461478611.2970  obj=1466806062954.56 | best_so_far: cost=5327451657.53  viol=1461478611.2970  obj=1466806062954.56 
[Run 24 | Gen 241] gen_best: cost=5327451657.53  viol=1461478611.2970  obj=1466806062954.56 | best_so_far: cost=5327451657.53  viol=1461478611.2970  obj=1466806062954.56 
[Run 24 | Gen 242] gen_best: cost=5327451657.53  viol=1461478611.2970  obj=1466806062954.56 | best_so_far: cost=5327451657.53  viol=1461478611.2970  obj=1466806062954.56 
[Run 24 | Gen 243] gen_best: cost=5327451657.53  viol=1461478611.2970  obj=1466806062954.56 | best_so_far: cost=5327451657.53  viol=1461478611.2970  obj=1466806062954.56 
[Run 24 | Gen 244] gen_best: cost=5327451657.53  viol=1461478611.2970  obj=1466806062954.56 | best_so_far: cost=5327451657.53  viol=1461478611.2970  obj=1466806062954.56 
[Run 24 | FE 12288] best_local_obj=1466806062954.56  best_local_cost=5327451657.53  best_local_viol=1461478611.2970
[Run 24 | Gen 245] gen_best: cost=5327451657.53  viol=1461478611.2970  obj=1466806062954.56 | best_so_far: cost=5327451657.53  viol=1461478611.2970  obj=1466806062954.56 
[Run 24 | Gen 246] gen_best: cost=5367956808.22  viol=1449609332.2127  obj=1454977289020.94 | best_so_far: cost=5367956808.22  viol=1449609332.2127  obj=1454977289020.94 (improved)
[Run 24 | Gen 247] gen_best: cost=5367956808.22  viol=1449609332.2127  obj=1454977289020.94 | best_so_far: cost=5367956808.22  viol=1449609332.2127  obj=1454977289020.94 
[Run 24 | Gen 248] gen_best: cost=5367956808.22  viol=1449609332.2127  obj=1454977289020.94 | best_so_far: cost=5367956808.22  viol=1449609332.2127  obj=1454977289020.94 
[Run 24 | Gen 249] gen_best: cost=5367956808.22  viol=1449609332.2127  obj=1454977289020.94 | best_so_far: cost=5367956808.22  viol=1449609332.2127  obj=1454977289020.94 
[Run 24 | FE 12544] best_local_obj=1454977289020.94  best_local_cost=5367956808.22  best_local_viol=1449609332.2127
[Run 24 | Gen 250] gen_best: cost=5367956808.22  viol=1449609332.2127  obj=1454977289020.94 | best_so_far: cost=5367956808.22  viol=1449609332.2127  obj=1454977289020.94 
[Run 24 | Gen 251] gen_best: cost=5367956808.22  viol=1449609332.2127  obj=1454977289020.94 | best_so_far: cost=5367956808.22  viol=1449609332.2127  obj=1454977289020.94 
[Run 24 | Gen 252] gen_best: cost=5436890712.33  viol=1448971334.0919  obj=1454408224804.18 | best_so_far: cost=5436890712.33  viol=1448971334.0919  obj=1454408224804.18 (improved)
[Run 24 | Gen 253] gen_best: cost=5436890712.33  viol=1448971334.0919  obj=1454408224804.18 | best_so_far: cost=5436890712.33  viol=1448971334.0919  obj=1454408224804.18 
[Run 24 | Gen 254] gen_best: cost=5436890712.33  viol=1448971334.0919  obj=1454408224804.18 | best_so_far: cost=5436890712.33  viol=1448971334.0919  obj=1454408224804.18 
[Run 24 | FE 12800] best_local_obj=1454408224804.18  best_local_cost=5436890712.33  best_local_viol=1448971334.0919
[Run 24 | Gen 255] gen_best: cost=5436890712.33  viol=1448971334.0919  obj=1454408224804.18 | best_so_far: cost=5436890712.33  viol=1448971334.0919  obj=1454408224804.18 

[Stop] reached max_total_fe=12800.

[Run 24] best_global_cost=5436890712.3288, best_global_viol=1448971334.091855, best_global_obj=1454408224804.1833
[Done] summary=/work/home/acn1eb8nfq/yuezhang46/UScode/US实验一：横向对比/de_global_logs/run_24_seed_1024/runs_summary.csv
