[RunConfig] run_id=25 seed=1025
[OutputDir] /work/home/acn1eb8nfq/yuezhang46/UScode/US实验一：横向对比/de_global_logs/run_25_seed_1025
[Info] #nodes = 4301
[Load] Reading scenarios ...
  - 2020: raw edges=5296, days=366
  - 2025: raw edges=5296, days=365
  - 2030: raw edges=5296, days=365
  - 2035: raw edges=5296, days=365
  - 2040: raw edges=5296, days=366
[Filter] EDGE_WEIGHT_MIN=1.0
  - active_nodes=2914  inactive_nodes(fixed NONE)=1387
  - 2020: removed=2048, kept=3248
  - 2025: removed=2048, kept=3248
  - 2030: removed=2048, kept=3248
  - 2035: removed=2048, kept=3248
  - 2040: removed=2048, kept=3248
  - 2020: filtered edges (active subgraph)=3248
  - 2025: filtered edges (active subgraph)=3248
  - 2030: filtered edges (active subgraph)=3248
  - 2035: filtered edges (active subgraph)=3248
  - 2040: filtered edges (active subgraph)=3248
[DE] Evaluate initial population ...
[DE] Init snapshot: best_cost=1231471561.64  best_viol=3396034720.2210  best_obj=3397266191782.64
[DE] Evolve under FE budget ...
[Run 25 | Gen 1] gen_best: cost=1940968602.74  viol=2977929243.9289  obj=2979870212531.60 | best_so_far: cost=1940968602.74  viol=2977929243.9289  obj=2979870212531.60 (improved)
[Run 25 | Gen 2] gen_best: cost=2940104383.56  viol=2505523888.4637  obj=2508463992847.27 | best_so_far: cost=2940104383.56  viol=2505523888.4637  obj=2508463992847.27 (improved)
[Run 25 | Gen 3] gen_best: cost=3595442219.18  viol=2250274421.9528  obj=2253869864171.98 | best_so_far: cost=3595442219.18  viol=2250274421.9528  obj=2253869864171.98 (improved)
[Run 25 | Gen 4] gen_best: cost=3769764739.73  viol=2239155057.0588  obj=2242924821798.51 | best_so_far: cost=3769764739.73  viol=2239155057.0588  obj=2242924821798.51 (improved)
[Run 25 | FE 256] best_local_obj=2242924821798.51  best_local_cost=3769764739.73  best_local_viol=2239155057.0588
[Run 25 | Gen 5] gen_best: cost=3915335726.03  viol=2136664512.5680  obj=2140579848294.05 | best_so_far: cost=3915335726.03  viol=2136664512.5680  obj=2140579848294.05 (improved)
[Run 25 | Gen 6] gen_best: cost=4251280438.36  viol=2044405121.8954  obj=2048656402333.74 | best_so_far: cost=4251280438.36  viol=2044405121.8954  obj=2048656402333.74 (improved)
[Run 25 | Gen 7] gen_best: cost=4400774589.04  viol=2006777056.0199  obj=2011177830608.91 | best_so_far: cost=4400774589.04  viol=2006777056.0199  obj=2011177830608.91 (improved)
[Run 25 | Gen 8] gen_best: cost=4400774589.04  viol=2006777056.0199  obj=2011177830608.91 | best_so_far: cost=4400774589.04  viol=2006777056.0199  obj=2011177830608.91 
[Run 25 | Gen 9] gen_best: cost=4528691630.14  viol=1994694440.4750  obj=1999223132105.13 | best_so_far: cost=4528691630.14  viol=1994694440.4750  obj=1999223132105.13 (improved)
[Run 25 | FE 512] best_local_obj=1999223132105.13  best_local_cost=4528691630.14  best_local_viol=1994694440.4750
[Run 25 | Gen 10] gen_best: cost=4392500383.56  viol=1973064859.3374  obj=1977457359720.95 | best_so_far: cost=4392500383.56  viol=1973064859.3374  obj=1977457359720.95 (improved)
[Run 25 | Gen 11] gen_best: cost=4613603958.90  viol=1953008154.3741  obj=1957621758332.97 | best_so_far: cost=4613603958.90  viol=1953008154.3741  obj=1957621758332.97 (improved)
[Run 25 | Gen 12] gen_best: cost=4613603958.90  viol=1953008154.3741  obj=1957621758332.97 | best_so_far: cost=4613603958.90  viol=1953008154.3741  obj=1957621758332.97 
[Run 25 | Gen 13] gen_best: cost=4886240342.47  viol=1933280988.9352  obj=1938167229277.70 | best_so_far: cost=4886240342.47  viol=1933280988.9352  obj=1938167229277.70 (improved)
[Run 25 | Gen 14] gen_best: cost=4886240342.47  viol=1933280988.9352  obj=1938167229277.70 | best_so_far: cost=4886240342.47  viol=1933280988.9352  obj=1938167229277.70 
[Run 25 | FE 768] best_local_obj=1925777996181.01  best_local_cost=4670186931.51  best_local_viol=1921107809.2495
[Run 25 | Gen 15] gen_best: cost=4881889246.58  viol=1897862291.0501  obj=1902744180296.64 | best_so_far: cost=4881889246.58  viol=1897862291.0501  obj=1902744180296.64 (improved)
[Run 25 | Gen 16] gen_best: cost=4881889246.58  viol=1897862291.0501  obj=1902744180296.64 | best_so_far: cost=4881889246.58  viol=1897862291.0501  obj=1902744180296.64 
[Run 25 | Gen 17] gen_best: cost=4826633602.74  viol=1878263490.7180  obj=1883090124320.78 | best_so_far: cost=4826633602.74  viol=1878263490.7180  obj=1883090124320.78 (improved)
[Run 25 | Gen 18] gen_best: cost=4826633602.74  viol=1878263490.7180  obj=1883090124320.78 | best_so_far: cost=4826633602.74  viol=1878263490.7180  obj=1883090124320.78 
[Run 25 | Gen 19] gen_best: cost=4965925232.88  viol=1865804036.4663  obj=1870769961699.16 | best_so_far: cost=4965925232.88  viol=1865804036.4663  obj=1870769961699.16 (improved)
[Run 25 | FE 1024] best_local_obj=1868567893491.38  best_local_cost=4949274191.78  best_local_viol=1863618619.2996
[Run 25 | Gen 20] gen_best: cost=4949274191.78  viol=1863618619.2996  obj=1868567893491.38 | best_so_far: cost=4949274191.78  viol=1863618619.2996  obj=1868567893491.38 (improved)
[Run 25 | Gen 21] gen_best: cost=4798204465.75  viol=1861735478.4328  obj=1866533682898.59 | best_so_far: cost=4798204465.75  viol=1861735478.4328  obj=1866533682898.59 (improved)
[Run 25 | Gen 22] gen_best: cost=4893366958.90  viol=1850919851.1979  obj=1855813218156.81 | best_so_far: cost=4893366958.90  viol=1850919851.1979  obj=1855813218156.81 (improved)
[Run 25 | Gen 23] gen_best: cost=5008331369.86  viol=1821895610.2914  obj=1826903941661.24 | best_so_far: cost=5008331369.86  viol=1821895610.2914  obj=1826903941661.24 (improved)
[Run 25 | Gen 24] gen_best: cost=4977802342.47  viol=1816163584.2448  obj=1821141386587.25 | best_so_far: cost=4977802342.47  viol=1816163584.2448  obj=1821141386587.25 (improved)
[Run 25 | FE 1280] best_local_obj=1821141386587.25  best_local_cost=4977802342.47  best_local_viol=1816163584.2448
[Run 25 | Gen 25] gen_best: cost=4977802342.47  viol=1816163584.2448  obj=1821141386587.25 | best_so_far: cost=4977802342.47  viol=1816163584.2448  obj=1821141386587.25 
[Run 25 | Gen 26] gen_best: cost=4977802342.47  viol=1816163584.2448  obj=1821141386587.25 | best_so_far: cost=4977802342.47  viol=1816163584.2448  obj=1821141386587.25 
[Run 25 | Gen 27] gen_best: cost=4977802342.47  viol=1816163584.2448  obj=1821141386587.25 | best_so_far: cost=4977802342.47  viol=1816163584.2448  obj=1821141386587.25 
[Run 25 | Gen 28] gen_best: cost=4977802342.47  viol=1816163584.2448  obj=1821141386587.25 | best_so_far: cost=4977802342.47  viol=1816163584.2448  obj=1821141386587.25 
[Run 25 | Gen 29] gen_best: cost=5096968287.67  viol=1813945478.1024  obj=1819042446390.06 | best_so_far: cost=5096968287.67  viol=1813945478.1024  obj=1819042446390.06 (improved)
[Run 25 | FE 1536] best_local_obj=1819042446390.06  best_local_cost=5096968287.67  best_local_viol=1813945478.1024
[Run 25 | Gen 30] gen_best: cost=5096968287.67  viol=1813945478.1024  obj=1819042446390.06 | best_so_far: cost=5096968287.67  viol=1813945478.1024  obj=1819042446390.06 
[Run 25 | Gen 31] gen_best: cost=4946549493.15  viol=1794456406.1355  obj=1799402955628.65 | best_so_far: cost=4946549493.15  viol=1794456406.1355  obj=1799402955628.65 (improved)
[Run 25 | Gen 32] gen_best: cost=4946549493.15  viol=1794456406.1355  obj=1799402955628.65 | best_so_far: cost=4946549493.15  viol=1794456406.1355  obj=1799402955628.65 
[Run 25 | Gen 33] gen_best: cost=4946549493.15  viol=1794456406.1355  obj=1799402955628.65 | best_so_far: cost=4946549493.15  viol=1794456406.1355  obj=1799402955628.65 
[Run 25 | Gen 34] gen_best: cost=5045237561.64  viol=1791713194.6346  obj=1796758432196.24 | best_so_far: cost=5045237561.64  viol=1791713194.6346  obj=1796758432196.24 (improved)
[Run 25 | FE 1792] best_local_obj=1796758432196.24  best_local_cost=5045237561.64  best_local_viol=1791713194.6346
[Run 25 | Gen 35] gen_best: cost=5045237561.64  viol=1791713194.6346  obj=1796758432196.24 | best_so_far: cost=5045237561.64  viol=1791713194.6346  obj=1796758432196.24 
[Run 25 | Gen 36] gen_best: cost=4937399438.36  viol=1784914810.5857  obj=1789852210024.07 | best_so_far: cost=4937399438.36  viol=1784914810.5857  obj=1789852210024.07 (improved)
[Run 25 | Gen 37] gen_best: cost=5107269383.56  viol=1775313570.6624  obj=1780420840045.92 | best_so_far: cost=5107269383.56  viol=1775313570.6624  obj=1780420840045.92 (improved)
[Run 25 | Gen 38] gen_best: cost=5085466917.81  viol=1771477741.9941  obj=1776563208911.95 | best_so_far: cost=5085466917.81  viol=1771477741.9941  obj=1776563208911.95 (improved)
[Run 25 | Gen 39] gen_best: cost=5085466917.81  viol=1771477741.9941  obj=1776563208911.95 | best_so_far: cost=5085466917.81  viol=1771477741.9941  obj=1776563208911.95 
[Run 25 | FE 2048] best_local_obj=1776340713736.79  best_local_cost=4998556287.67  best_local_viol=1771342157.4491
[Run 25 | Gen 40] gen_best: cost=4998556287.67  viol=1771342157.4491  obj=1776340713736.79 | best_so_far: cost=4998556287.67  viol=1771342157.4491  obj=1776340713736.79 (improved)
[Run 25 | Gen 41] gen_best: cost=4998556287.67  viol=1771342157.4491  obj=1776340713736.79 | best_so_far: cost=4998556287.67  viol=1771342157.4491  obj=1776340713736.79 
[Run 25 | Gen 42] gen_best: cost=4859364712.33  viol=1765474850.7297  obj=1770334215442.05 | best_so_far: cost=4859364712.33  viol=1765474850.7297  obj=1770334215442.05 (improved)
[Run 25 | Gen 43] gen_best: cost=4859364712.33  viol=1765474850.7297  obj=1770334215442.05 | best_so_far: cost=4859364712.33  viol=1765474850.7297  obj=1770334215442.05 
[Run 25 | Gen 44] gen_best: cost=5024533945.21  viol=1754263351.4002  obj=1759287885345.41 | best_so_far: cost=5024533945.21  viol=1754263351.4002  obj=1759287885345.41 (improved)
[Run 25 | Gen 45] gen_best: cost=5024533945.21  viol=1754263351.4002  obj=1759287885345.41 | best_so_far: cost=5024533945.21  viol=1754263351.4002  obj=1759287885345.41 
[Run 25 | FE 2304] best_local_obj=1759287885345.41  best_local_cost=5024533945.21  best_local_viol=1754263351.4002
[Run 25 | Gen 46] gen_best: cost=5161602465.75  viol=1745247999.4066  obj=1750409601872.34 | best_so_far: cost=5161602465.75  viol=1745247999.4066  obj=1750409601872.34 (improved)
[Run 25 | Gen 47] gen_best: cost=4985555739.73  viol=1738020674.2723  obj=1743006230012.01 | best_so_far: cost=4985555739.73  viol=1738020674.2723  obj=1743006230012.01 (improved)
[Run 25 | Gen 48] gen_best: cost=5087292767.12  viol=1726410802.6613  obj=1731498095428.39 | best_so_far: cost=5087292767.12  viol=1726410802.6613  obj=1731498095428.39 (improved)
[Run 25 | Gen 49] gen_best: cost=5087292767.12  viol=1726410802.6613  obj=1731498095428.39 | best_so_far: cost=5087292767.12  viol=1726410802.6613  obj=1731498095428.39 
[Run 25 | Gen 50] gen_best: cost=5087292767.12  viol=1726410802.6613  obj=1731498095428.39 | best_so_far: cost=5087292767.12  viol=1726410802.6613  obj=1731498095428.39 
[Run 25 | FE 2560] best_local_obj=1731498095428.39  best_local_cost=5087292767.12  best_local_viol=1726410802.6613
[Run 25 | Gen 51] gen_best: cost=5087292767.12  viol=1726410802.6613  obj=1731498095428.39 | best_so_far: cost=5087292767.12  viol=1726410802.6613  obj=1731498095428.39 
[Run 25 | Gen 52] gen_best: cost=5087292767.12  viol=1726410802.6613  obj=1731498095428.39 | best_so_far: cost=5087292767.12  viol=1726410802.6613  obj=1731498095428.39 
[Run 25 | Gen 53] gen_best: cost=5087292767.12  viol=1726410802.6613  obj=1731498095428.39 | best_so_far: cost=5087292767.12  viol=1726410802.6613  obj=1731498095428.39 
[Run 25 | Gen 54] gen_best: cost=5166228369.86  viol=1705901855.2932  obj=1711068083663.10 | best_so_far: cost=5166228369.86  viol=1705901855.2932  obj=1711068083663.10 (improved)
[Run 25 | Gen 55] gen_best: cost=5166228369.86  viol=1705901855.2932  obj=1711068083663.10 | best_so_far: cost=5166228369.86  viol=1705901855.2932  obj=1711068083663.10 
[Run 25 | FE 2816] best_local_obj=1711068083663.10  best_local_cost=5166228369.86  best_local_viol=1705901855.2932
[Run 25 | Gen 56] gen_best: cost=5166228369.86  viol=1705901855.2932  obj=1711068083663.10 | best_so_far: cost=5166228369.86  viol=1705901855.2932  obj=1711068083663.10 
[Run 25 | Gen 57] gen_best: cost=5198481986.30  viol=1704816656.3066  obj=1710015138292.90 | best_so_far: cost=5198481986.30  viol=1704816656.3066  obj=1710015138292.90 (improved)
[Run 25 | Gen 58] gen_best: cost=5198481986.30  viol=1704816656.3066  obj=1710015138292.90 | best_so_far: cost=5198481986.30  viol=1704816656.3066  obj=1710015138292.90 
[Run 25 | Gen 59] gen_best: cost=5198481986.30  viol=1704816656.3066  obj=1710015138292.90 | best_so_far: cost=5198481986.30  viol=1704816656.3066  obj=1710015138292.90 
[Run 25 | Gen 60] gen_best: cost=5198481986.30  viol=1704816656.3066  obj=1710015138292.90 | best_so_far: cost=5198481986.30  viol=1704816656.3066  obj=1710015138292.90 
[Run 25 | FE 3072] best_local_obj=1710015138292.90  best_local_cost=5198481986.30  best_local_viol=1704816656.3066
[Run 25 | Gen 61] gen_best: cost=5198481986.30  viol=1704816656.3066  obj=1710015138292.90 | best_so_far: cost=5198481986.30  viol=1704816656.3066  obj=1710015138292.90 
[Run 25 | Gen 62] gen_best: cost=5112146000.00  viol=1700513918.4599  obj=1705626064459.87 | best_so_far: cost=5112146000.00  viol=1700513918.4599  obj=1705626064459.87 (improved)
[Run 25 | Gen 63] gen_best: cost=5112146000.00  viol=1700513918.4599  obj=1705626064459.87 | best_so_far: cost=5112146000.00  viol=1700513918.4599  obj=1705626064459.87 
[Run 25 | Gen 64] gen_best: cost=5112146000.00  viol=1700513918.4599  obj=1705626064459.87 | best_so_far: cost=5112146000.00  viol=1700513918.4599  obj=1705626064459.87 
[Run 25 | Gen 65] gen_best: cost=5112146000.00  viol=1700513918.4599  obj=1705626064459.87 | best_so_far: cost=5112146000.00  viol=1700513918.4599  obj=1705626064459.87 
[Run 25 | FE 3328] best_local_obj=1705626064459.87  best_local_cost=5112146000.00  best_local_viol=1700513918.4599
[Run 25 | Gen 66] gen_best: cost=5112146000.00  viol=1700513918.4599  obj=1705626064459.87 | best_so_far: cost=5112146000.00  viol=1700513918.4599  obj=1705626064459.87 
[Run 25 | Gen 67] gen_best: cost=5140125684.93  viol=1696211787.1112  obj=1701351912796.15 | best_so_far: cost=5140125684.93  viol=1696211787.1112  obj=1701351912796.15 (improved)
[Run 25 | Gen 68] gen_best: cost=5140125684.93  viol=1696211787.1112  obj=1701351912796.15 | best_so_far: cost=5140125684.93  viol=1696211787.1112  obj=1701351912796.15 
[Run 25 | Gen 69] gen_best: cost=5130523602.74  viol=1695509638.1489  obj=1700640161751.63 | best_so_far: cost=5130523602.74  viol=1695509638.1489  obj=1700640161751.63 (improved)
[Run 25 | Gen 70] gen_best: cost=5130523602.74  viol=1695509638.1489  obj=1700640161751.63 | best_so_far: cost=5130523602.74  viol=1695509638.1489  obj=1700640161751.63 
[Run 25 | FE 3584] best_local_obj=1700640161751.63  best_local_cost=5130523602.74  best_local_viol=1695509638.1489
[Run 25 | Gen 71] gen_best: cost=5130523602.74  viol=1695509638.1489  obj=1700640161751.63 | best_so_far: cost=5130523602.74  viol=1695509638.1489  obj=1700640161751.63 
[Run 25 | Gen 72] gen_best: cost=5130523602.74  viol=1695509638.1489  obj=1700640161751.63 | best_so_far: cost=5130523602.74  viol=1695509638.1489  obj=1700640161751.63 
[Run 25 | Gen 73] gen_best: cost=4950251191.78  viol=1692813212.4837  obj=1697763463675.45 | best_so_far: cost=4950251191.78  viol=1692813212.4837  obj=1697763463675.45 (improved)
[Run 25 | Gen 74] gen_best: cost=4950251191.78  viol=1692813212.4837  obj=1697763463675.45 | best_so_far: cost=4950251191.78  viol=1692813212.4837  obj=1697763463675.45 
[Run 25 | Gen 75] gen_best: cost=5007509082.19  viol=1683502165.3262  obj=1688509674408.37 | best_so_far: cost=5007509082.19  viol=1683502165.3262  obj=1688509674408.37 (improved)
[Run 25 | FE 3840] best_local_obj=1680722819654.03  best_local_cost=5053064780.82  best_local_viol=1675669754.8732
[Run 25 | Gen 76] gen_best: cost=5053064780.82  viol=1675669754.8732  obj=1680722819654.03 | best_so_far: cost=5053064780.82  viol=1675669754.8732  obj=1680722819654.03 (improved)
[Run 25 | Gen 77] gen_best: cost=5053064780.82  viol=1675669754.8732  obj=1680722819654.03 | best_so_far: cost=5053064780.82  viol=1675669754.8732  obj=1680722819654.03 
[Run 25 | Gen 78] gen_best: cost=5053064780.82  viol=1675669754.8732  obj=1680722819654.03 | best_so_far: cost=5053064780.82  viol=1675669754.8732  obj=1680722819654.03 
[Run 25 | Gen 79] gen_best: cost=5053064780.82  viol=1675669754.8732  obj=1680722819654.03 | best_so_far: cost=5053064780.82  viol=1675669754.8732  obj=1680722819654.03 
[Run 25 | Gen 80] gen_best: cost=5053064780.82  viol=1675669754.8732  obj=1680722819654.03 | best_so_far: cost=5053064780.82  viol=1675669754.8732  obj=1680722819654.03 
[Run 25 | FE 4096] best_local_obj=1680722819654.03  best_local_cost=5053064780.82  best_local_viol=1675669754.8732
[Run 25 | Gen 81] gen_best: cost=5053064780.82  viol=1675669754.8732  obj=1680722819654.03 | best_so_far: cost=5053064780.82  viol=1675669754.8732  obj=1680722819654.03 
[Run 25 | Gen 82] gen_best: cost=5053064780.82  viol=1675669754.8732  obj=1680722819654.03 | best_so_far: cost=5053064780.82  viol=1675669754.8732  obj=1680722819654.03 
[Run 25 | Gen 83] gen_best: cost=5053064780.82  viol=1675669754.8732  obj=1680722819654.03 | best_so_far: cost=5053064780.82  viol=1675669754.8732  obj=1680722819654.03 
[Run 25 | Gen 84] gen_best: cost=5053064780.82  viol=1675669754.8732  obj=1680722819654.03 | best_so_far: cost=5053064780.82  viol=1675669754.8732  obj=1680722819654.03 
[Run 25 | Gen 85] gen_best: cost=5053064780.82  viol=1675669754.8732  obj=1680722819654.03 | best_so_far: cost=5053064780.82  viol=1675669754.8732  obj=1680722819654.03 
[Run 25 | Gen 86] gen_best: cost=5078717904.11  viol=1662932391.0689  obj=1668011108973.05 | best_so_far: cost=5078717904.11  viol=1662932391.0689  obj=1668011108973.05 (improved)
[Run 25 | FE 4352] best_local_obj=1668011108973.05  best_local_cost=5078717904.11  best_local_viol=1662932391.0689
[Run 25 | Gen 87] gen_best: cost=5078717904.11  viol=1662932391.0689  obj=1668011108973.05 | best_so_far: cost=5078717904.11  viol=1662932391.0689  obj=1668011108973.05 
[Run 25 | Gen 88] gen_best: cost=5149977109.59  viol=1650132413.6770  obj=1655282390786.57 | best_so_far: cost=5149977109.59  viol=1650132413.6770  obj=1655282390786.57 (improved)
[Run 25 | Gen 89] gen_best: cost=5149977109.59  viol=1650132413.6770  obj=1655282390786.57 | best_so_far: cost=5149977109.59  viol=1650132413.6770  obj=1655282390786.57 
[Run 25 | Gen 90] gen_best: cost=5149977109.59  viol=1650132413.6770  obj=1655282390786.57 | best_so_far: cost=5149977109.59  viol=1650132413.6770  obj=1655282390786.57 
[Run 25 | Gen 91] gen_best: cost=5149977109.59  viol=1650132413.6770  obj=1655282390786.57 | best_so_far: cost=5149977109.59  viol=1650132413.6770  obj=1655282390786.57 
[Run 25 | FE 4608] best_local_obj=1655282390786.57  best_local_cost=5149977109.59  best_local_viol=1650132413.6770
[Run 25 | Gen 92] gen_best: cost=5149977109.59  viol=1650132413.6770  obj=1655282390786.57 | best_so_far: cost=5149977109.59  viol=1650132413.6770  obj=1655282390786.57 
[Run 25 | Gen 93] gen_best: cost=5149977109.59  viol=1650132413.6770  obj=1655282390786.57 | best_so_far: cost=5149977109.59  viol=1650132413.6770  obj=1655282390786.57 
[Run 25 | Gen 94] gen_best: cost=5106396383.56  viol=1643916658.7704  obj=1649023055153.95 | best_so_far: cost=5106396383.56  viol=1643916658.7704  obj=1649023055153.95 (improved)
[Run 25 | Gen 95] gen_best: cost=5106396383.56  viol=1643916658.7704  obj=1649023055153.95 | best_so_far: cost=5106396383.56  viol=1643916658.7704  obj=1649023055153.95 
[Run 25 | Gen 96] gen_best: cost=5153603013.70  viol=1638102016.9946  obj=1643255620008.29 | best_so_far: cost=5153603013.70  viol=1638102016.9946  obj=1643255620008.29 (improved)
[Run 25 | FE 4864] best_local_obj=1643255620008.29  best_local_cost=5153603013.70  best_local_viol=1638102016.9946
[Run 25 | Gen 97] gen_best: cost=5153603013.70  viol=1638102016.9946  obj=1643255620008.29 | best_so_far: cost=5153603013.70  viol=1638102016.9946  obj=1643255620008.29 
[Run 25 | Gen 98] gen_best: cost=5153603013.70  viol=1638102016.9946  obj=1643255620008.29 | best_so_far: cost=5153603013.70  viol=1638102016.9946  obj=1643255620008.29 
[Run 25 | Gen 99] gen_best: cost=5153603013.70  viol=1638102016.9946  obj=1643255620008.29 | best_so_far: cost=5153603013.70  viol=1638102016.9946  obj=1643255620008.29 
[Run 25 | Gen 100] gen_best: cost=5153603013.70  viol=1638102016.9946  obj=1643255620008.29 | best_so_far: cost=5153603013.70  viol=1638102016.9946  obj=1643255620008.29 
[Run 25 | Gen 101] gen_best: cost=5153603013.70  viol=1638102016.9946  obj=1643255620008.29 | best_so_far: cost=5153603013.70  viol=1638102016.9946  obj=1643255620008.29 
[Run 25 | FE 5120] best_local_obj=1642558027440.51  best_local_cost=5075493369.86  best_local_viol=1637482534.0706
[Run 25 | Gen 102] gen_best: cost=5075493369.86  viol=1637482534.0706  obj=1642558027440.51 | best_so_far: cost=5075493369.86  viol=1637482534.0706  obj=1642558027440.51 (improved)
[Run 25 | Gen 103] gen_best: cost=5285920383.56  viol=1623601269.5880  obj=1628887189971.61 | best_so_far: cost=5285920383.56  viol=1623601269.5880  obj=1628887189971.61 (improved)
[Run 25 | Gen 104] gen_best: cost=5285920383.56  viol=1623601269.5880  obj=1628887189971.61 | best_so_far: cost=5285920383.56  viol=1623601269.5880  obj=1628887189971.61 
[Run 25 | Gen 105] gen_best: cost=5285920383.56  viol=1623601269.5880  obj=1628887189971.61 | best_so_far: cost=5285920383.56  viol=1623601269.5880  obj=1628887189971.61 
[Run 25 | Gen 106] gen_best: cost=5285920383.56  viol=1623601269.5880  obj=1628887189971.61 | best_so_far: cost=5285920383.56  viol=1623601269.5880  obj=1628887189971.61 
[Run 25 | FE 5376] best_local_obj=1628887189971.61  best_local_cost=5285920383.56  best_local_viol=1623601269.5880
[Run 25 | Gen 107] gen_best: cost=5285920383.56  viol=1623601269.5880  obj=1628887189971.61 | best_so_far: cost=5285920383.56  viol=1623601269.5880  obj=1628887189971.61 
[Run 25 | Gen 108] gen_best: cost=5285920383.56  viol=1623601269.5880  obj=1628887189971.61 | best_so_far: cost=5285920383.56  viol=1623601269.5880  obj=1628887189971.61 
[Run 25 | Gen 109] gen_best: cost=5285920383.56  viol=1623601269.5880  obj=1628887189971.61 | best_so_far: cost=5285920383.56  viol=1623601269.5880  obj=1628887189971.61 
[Run 25 | Gen 110] gen_best: cost=5161779356.16  viol=1619218002.6559  obj=1624379782012.08 | best_so_far: cost=5161779356.16  viol=1619218002.6559  obj=1624379782012.08 (improved)
[Run 25 | Gen 111] gen_best: cost=5161779356.16  viol=1619218002.6559  obj=1624379782012.08 | best_so_far: cost=5161779356.16  viol=1619218002.6559  obj=1624379782012.08 
[Run 25 | FE 5632] best_local_obj=1624379782012.08  best_local_cost=5161779356.16  best_local_viol=1619218002.6559
[Run 25 | Gen 112] gen_best: cost=5161779356.16  viol=1619218002.6559  obj=1624379782012.08 | best_so_far: cost=5161779356.16  viol=1619218002.6559  obj=1624379782012.08 
[Run 25 | Gen 113] gen_best: cost=5139426616.44  viol=1612845931.3962  obj=1617985358012.61 | best_so_far: cost=5139426616.44  viol=1612845931.3962  obj=1617985358012.61 (improved)
[Run 25 | Gen 114] gen_best: cost=5139426616.44  viol=1612845931.3962  obj=1617985358012.61 | best_so_far: cost=5139426616.44  viol=1612845931.3962  obj=1617985358012.61 
[Run 25 | Gen 115] gen_best: cost=5139426616.44  viol=1612845931.3962  obj=1617985358012.61 | best_so_far: cost=5139426616.44  viol=1612845931.3962  obj=1617985358012.61 
[Run 25 | Gen 116] gen_best: cost=5139426616.44  viol=1612845931.3962  obj=1617985358012.61 | best_so_far: cost=5139426616.44  viol=1612845931.3962  obj=1617985358012.61 
[Run 25 | FE 5888] best_local_obj=1617985358012.61  best_local_cost=5139426616.44  best_local_viol=1612845931.3962
[Run 25 | Gen 117] gen_best: cost=5139426616.44  viol=1612845931.3962  obj=1617985358012.61 | best_so_far: cost=5139426616.44  viol=1612845931.3962  obj=1617985358012.61 
[Run 25 | Gen 118] gen_best: cost=5139426616.44  viol=1612845931.3962  obj=1617985358012.61 | best_so_far: cost=5139426616.44  viol=1612845931.3962  obj=1617985358012.61 
[Run 25 | Gen 119] gen_best: cost=5139426616.44  viol=1612845931.3962  obj=1617985358012.61 | best_so_far: cost=5139426616.44  viol=1612845931.3962  obj=1617985358012.61 
[Run 25 | Gen 120] gen_best: cost=5139426616.44  viol=1612845931.3962  obj=1617985358012.61 | best_so_far: cost=5139426616.44  viol=1612845931.3962  obj=1617985358012.61 
[Run 25 | Gen 121] gen_best: cost=5139426616.44  viol=1612845931.3962  obj=1617985358012.61 | best_so_far: cost=5139426616.44  viol=1612845931.3962  obj=1617985358012.61 
[Run 25 | FE 6144] best_local_obj=1617985358012.61  best_local_cost=5139426616.44  best_local_viol=1612845931.3962
[Run 25 | Gen 122] gen_best: cost=5139426616.44  viol=1612845931.3962  obj=1617985358012.61 | best_so_far: cost=5139426616.44  viol=1612845931.3962  obj=1617985358012.61 
[Run 25 | Gen 123] gen_best: cost=5139426616.44  viol=1612845931.3962  obj=1617985358012.61 | best_so_far: cost=5139426616.44  viol=1612845931.3962  obj=1617985358012.61 
[Run 25 | Gen 124] gen_best: cost=5139426616.44  viol=1612845931.3962  obj=1617985358012.61 | best_so_far: cost=5139426616.44  viol=1612845931.3962  obj=1617985358012.61 
[Run 25 | Gen 125] gen_best: cost=5139426616.44  viol=1612845931.3962  obj=1617985358012.61 | best_so_far: cost=5139426616.44  viol=1612845931.3962  obj=1617985358012.61 
[Run 25 | Gen 126] gen_best: cost=5139426616.44  viol=1612845931.3962  obj=1617985358012.61 | best_so_far: cost=5139426616.44  viol=1612845931.3962  obj=1617985358012.61 
[Run 25 | FE 6400] best_local_obj=1617985358012.61  best_local_cost=5139426616.44  best_local_viol=1612845931.3962
[Run 25 | Gen 127] gen_best: cost=5139426616.44  viol=1612845931.3962  obj=1617985358012.61 | best_so_far: cost=5139426616.44  viol=1612845931.3962  obj=1617985358012.61 
[Run 25 | Gen 128] gen_best: cost=5139426616.44  viol=1612845931.3962  obj=1617985358012.61 | best_so_far: cost=5139426616.44  viol=1612845931.3962  obj=1617985358012.61 
[Run 25 | Gen 129] gen_best: cost=5127525794.52  viol=1610398218.9998  obj=1615525744794.29 | best_so_far: cost=5127525794.52  viol=1610398218.9998  obj=1615525744794.29 (improved)
[Run 25 | Gen 130] gen_best: cost=5127525794.52  viol=1610398218.9998  obj=1615525744794.29 | best_so_far: cost=5127525794.52  viol=1610398218.9998  obj=1615525744794.29 
[Run 25 | Gen 131] gen_best: cost=5127525794.52  viol=1610398218.9998  obj=1615525744794.29 | best_so_far: cost=5127525794.52  viol=1610398218.9998  obj=1615525744794.29 
[Run 25 | Gen 132] gen_best: cost=5127525794.52  viol=1610398218.9998  obj=1615525744794.29 | best_so_far: cost=5127525794.52  viol=1610398218.9998  obj=1615525744794.29 
[Run 25 | FE 6656] best_local_obj=1615525744794.29  best_local_cost=5127525794.52  best_local_viol=1610398218.9998
[Run 25 | Gen 133] gen_best: cost=5247215671.23  viol=1602830346.9695  obj=1608077562640.74 | best_so_far: cost=5247215671.23  viol=1602830346.9695  obj=1608077562640.74 (improved)
[Run 25 | Gen 134] gen_best: cost=5195359315.07  viol=1601269002.8252  obj=1606464362140.27 | best_so_far: cost=5195359315.07  viol=1601269002.8252  obj=1606464362140.27 (improved)
[Run 25 | Gen 135] gen_best: cost=5195359315.07  viol=1601269002.8252  obj=1606464362140.27 | best_so_far: cost=5195359315.07  viol=1601269002.8252  obj=1606464362140.27 
[Run 25 | Gen 136] gen_best: cost=5195359315.07  viol=1601269002.8252  obj=1606464362140.27 | best_so_far: cost=5195359315.07  viol=1601269002.8252  obj=1606464362140.27 
[Run 25 | Gen 137] gen_best: cost=5288220876.71  viol=1597600744.2204  obj=1602888965097.07 | best_so_far: cost=5288220876.71  viol=1597600744.2204  obj=1602888965097.07 (improved)
[Run 25 | FE 6912] best_local_obj=1602888965097.07  best_local_cost=5288220876.71  best_local_viol=1597600744.2204
[Run 25 | Gen 138] gen_best: cost=5280369616.44  viol=1593312384.6426  obj=1598592754259.04 | best_so_far: cost=5280369616.44  viol=1593312384.6426  obj=1598592754259.04 (improved)
[Run 25 | Gen 139] gen_best: cost=5280369616.44  viol=1593312384.6426  obj=1598592754259.04 | best_so_far: cost=5280369616.44  viol=1593312384.6426  obj=1598592754259.04 
[Run 25 | Gen 140] gen_best: cost=5280369616.44  viol=1593312384.6426  obj=1598592754259.04 | best_so_far: cost=5280369616.44  viol=1593312384.6426  obj=1598592754259.04 
[Run 25 | Gen 141] gen_best: cost=5280369616.44  viol=1593312384.6426  obj=1598592754259.04 | best_so_far: cost=5280369616.44  viol=1593312384.6426  obj=1598592754259.04 
[Run 25 | Gen 142] gen_best: cost=5280369616.44  viol=1593312384.6426  obj=1598592754259.04 | best_so_far: cost=5280369616.44  viol=1593312384.6426  obj=1598592754259.04 
[Run 25 | FE 7168] best_local_obj=1598592754259.04  best_local_cost=5280369616.44  best_local_viol=1593312384.6426
[Run 25 | Gen 143] gen_best: cost=5280369616.44  viol=1593312384.6426  obj=1598592754259.04 | best_so_far: cost=5280369616.44  viol=1593312384.6426  obj=1598592754259.04 
[Run 25 | Gen 144] gen_best: cost=5269318246.58  viol=1592323431.7762  obj=1597592750022.78 | best_so_far: cost=5269318246.58  viol=1592323431.7762  obj=1597592750022.78 (improved)
[Run 25 | Gen 145] gen_best: cost=5269318246.58  viol=1592323431.7762  obj=1597592750022.78 | best_so_far: cost=5269318246.58  viol=1592323431.7762  obj=1597592750022.78 
[Run 25 | Gen 146] gen_best: cost=5269318246.58  viol=1592323431.7762  obj=1597592750022.78 | best_so_far: cost=5269318246.58  viol=1592323431.7762  obj=1597592750022.78 
[Run 25 | Gen 147] gen_best: cost=5269318246.58  viol=1592323431.7762  obj=1597592750022.78 | best_so_far: cost=5269318246.58  viol=1592323431.7762  obj=1597592750022.78 
[Run 25 | FE 7424] best_local_obj=1597592750022.78  best_local_cost=5269318246.58  best_local_viol=1592323431.7762
[Run 25 | Gen 148] gen_best: cost=5336552479.45  viol=1584381966.7092  obj=1589718519188.61 | best_so_far: cost=5336552479.45  viol=1584381966.7092  obj=1589718519188.61 (improved)
[Run 25 | Gen 149] gen_best: cost=5314574164.38  viol=1584149473.1655  obj=1589464047329.86 | best_so_far: cost=5314574164.38  viol=1584149473.1655  obj=1589464047329.86 (improved)
[Run 25 | Gen 150] gen_best: cost=5314574164.38  viol=1584149473.1655  obj=1589464047329.86 | best_so_far: cost=5314574164.38  viol=1584149473.1655  obj=1589464047329.86 
[Run 25 | Gen 151] gen_best: cost=5311774273.97  viol=1580449088.8966  obj=1585760863170.53 | best_so_far: cost=5311774273.97  viol=1580449088.8966  obj=1585760863170.53 (improved)
[Run 25 | Gen 152] gen_best: cost=5311774273.97  viol=1580449088.8966  obj=1585760863170.53 | best_so_far: cost=5311774273.97  viol=1580449088.8966  obj=1585760863170.53 
[Run 25 | FE 7680] best_local_obj=1585760863170.53  best_local_cost=5311774273.97  best_local_viol=1580449088.8966
[Run 25 | Gen 153] gen_best: cost=5311774273.97  viol=1580449088.8966  obj=1585760863170.53 | best_so_far: cost=5311774273.97  viol=1580449088.8966  obj=1585760863170.53 
[Run 25 | Gen 154] gen_best: cost=5345403136.99  viol=1578531932.6554  obj=1583877335792.34 | best_so_far: cost=5345403136.99  viol=1578531932.6554  obj=1583877335792.34 (improved)
[Run 25 | Gen 155] gen_best: cost=5345403136.99  viol=1578531932.6554  obj=1583877335792.34 | best_so_far: cost=5345403136.99  viol=1578531932.6554  obj=1583877335792.34 
[Run 25 | Gen 156] gen_best: cost=5327400616.44  viol=1577383962.2309  obj=1582711362847.34 | best_so_far: cost=5327400616.44  viol=1577383962.2309  obj=1582711362847.34 (improved)
[Run 25 | Gen 157] gen_best: cost=5327400616.44  viol=1577383962.2309  obj=1582711362847.34 | best_so_far: cost=5327400616.44  viol=1577383962.2309  obj=1582711362847.34 
[Run 25 | FE 7936] best_local_obj=1577742161976.67  best_local_cost=5336552917.81  best_local_viol=1572405609.0589
[Run 25 | Gen 158] gen_best: cost=5336552917.81  viol=1572405609.0589  obj=1577742161976.67 | best_so_far: cost=5336552917.81  viol=1572405609.0589  obj=1577742161976.67 (improved)
[Run 25 | Gen 159] gen_best: cost=5336552917.81  viol=1572405609.0589  obj=1577742161976.67 | best_so_far: cost=5336552917.81  viol=1572405609.0589  obj=1577742161976.67 
[Run 25 | Gen 160] gen_best: cost=5301097767.12  viol=1554587895.6033  obj=1559888993370.44 | best_so_far: cost=5301097767.12  viol=1554587895.6033  obj=1559888993370.44 (improved)
[Run 25 | Gen 161] gen_best: cost=5301097767.12  viol=1554587895.6033  obj=1559888993370.44 | best_so_far: cost=5301097767.12  viol=1554587895.6033  obj=1559888993370.44 
[Run 25 | Gen 162] gen_best: cost=5301097767.12  viol=1554587895.6033  obj=1559888993370.44 | best_so_far: cost=5301097767.12  viol=1554587895.6033  obj=1559888993370.44 
[Run 25 | FE 8192] best_local_obj=1559888993370.44  best_local_cost=5301097767.12  best_local_viol=1554587895.6033
[Run 25 | Gen 163] gen_best: cost=5301097767.12  viol=1554587895.6033  obj=1559888993370.44 | best_so_far: cost=5301097767.12  viol=1554587895.6033  obj=1559888993370.44 
[Run 25 | Gen 164] gen_best: cost=5301097767.12  viol=1554587895.6033  obj=1559888993370.44 | best_so_far: cost=5301097767.12  viol=1554587895.6033  obj=1559888993370.44 
[Run 25 | Gen 165] gen_best: cost=5344402863.01  viol=1553637730.9043  obj=1558982133767.29 | best_so_far: cost=5344402863.01  viol=1553637730.9043  obj=1558982133767.29 (improved)
[Run 25 | Gen 166] gen_best: cost=5348529315.07  viol=1528918446.2737  obj=1534266975588.74 | best_so_far: cost=5348529315.07  viol=1528918446.2737  obj=1534266975588.74 (improved)
[Run 25 | Gen 167] gen_best: cost=5348529315.07  viol=1528918446.2737  obj=1534266975588.74 | best_so_far: cost=5348529315.07  viol=1528918446.2737  obj=1534266975588.74 
[Run 25 | FE 8448] best_local_obj=1534266975588.74  best_local_cost=5348529315.07  best_local_viol=1528918446.2737
[Run 25 | Gen 168] gen_best: cost=5348529315.07  viol=1528918446.2737  obj=1534266975588.74 | best_so_far: cost=5348529315.07  viol=1528918446.2737  obj=1534266975588.74 
[Run 25 | Gen 169] gen_best: cost=5348529315.07  viol=1528918446.2737  obj=1534266975588.74 | best_so_far: cost=5348529315.07  viol=1528918446.2737  obj=1534266975588.74 
[Run 25 | Gen 170] gen_best: cost=5348529315.07  viol=1528918446.2737  obj=1534266975588.74 | best_so_far: cost=5348529315.07  viol=1528918446.2737  obj=1534266975588.74 
[Run 25 | Gen 171] gen_best: cost=5406361739.73  viol=1525454621.3055  obj=1530860983045.27 | best_so_far: cost=5406361739.73  viol=1525454621.3055  obj=1530860983045.27 (improved)
[Run 25 | Gen 172] gen_best: cost=5279870493.15  viol=1519722011.2162  obj=1525001881709.32 | best_so_far: cost=5279870493.15  viol=1519722011.2162  obj=1525001881709.32 (improved)
[Run 25 | Gen 173] gen_best: cost=5279870493.15  viol=1519722011.2162  obj=1525001881709.32 | best_so_far: cost=5279870493.15  viol=1519722011.2162  obj=1525001881709.32 
[Run 25 | FE 8704] best_local_obj=1525001881709.32  best_local_cost=5279870493.15  best_local_viol=1519722011.2162
[Run 25 | Gen 174] gen_best: cost=5279870493.15  viol=1519722011.2162  obj=1525001881709.32 | best_so_far: cost=5279870493.15  viol=1519722011.2162  obj=1525001881709.32 
[Run 25 | Gen 175] gen_best: cost=5279870493.15  viol=1519722011.2162  obj=1525001881709.32 | best_so_far: cost=5279870493.15  viol=1519722011.2162  obj=1525001881709.32 
[Run 25 | Gen 176] gen_best: cost=5279870493.15  viol=1519722011.2162  obj=1525001881709.32 | best_so_far: cost=5279870493.15  viol=1519722011.2162  obj=1525001881709.32 
[Run 25 | Gen 177] gen_best: cost=5279870493.15  viol=1519722011.2162  obj=1525001881709.32 | best_so_far: cost=5279870493.15  viol=1519722011.2162  obj=1525001881709.32 
[Run 25 | Gen 178] gen_best: cost=5279870493.15  viol=1519722011.2162  obj=1525001881709.32 | best_so_far: cost=5279870493.15  viol=1519722011.2162  obj=1525001881709.32 
[Run 25 | FE 8960] best_local_obj=1525001881709.32  best_local_cost=5279870493.15  best_local_viol=1519722011.2162
[Run 25 | Gen 179] gen_best: cost=5279870493.15  viol=1519722011.2162  obj=1525001881709.32 | best_so_far: cost=5279870493.15  viol=1519722011.2162  obj=1525001881709.32 
[Run 25 | Gen 180] gen_best: cost=5380382767.12  viol=1514067683.1878  obj=1519448065954.89 | best_so_far: cost=5380382767.12  viol=1514067683.1878  obj=1519448065954.89 (improved)
[Run 25 | Gen 181] gen_best: cost=5380382767.12  viol=1514067683.1878  obj=1519448065954.89 | best_so_far: cost=5380382767.12  viol=1514067683.1878  obj=1519448065954.89 
[Run 25 | Gen 182] gen_best: cost=5380382767.12  viol=1514067683.1878  obj=1519448065954.89 | best_so_far: cost=5380382767.12  viol=1514067683.1878  obj=1519448065954.89 
[Run 25 | Gen 183] gen_best: cost=5399710095.89  viol=1508307149.5328  obj=1513706859628.71 | best_so_far: cost=5399710095.89  viol=1508307149.5328  obj=1513706859628.71 (improved)
[Run 25 | FE 9216] best_local_obj=1513706859628.71  best_local_cost=5399710095.89  best_local_viol=1508307149.5328
[Run 25 | Gen 184] gen_best: cost=5399710095.89  viol=1508307149.5328  obj=1513706859628.71 | best_so_far: cost=5399710095.89  viol=1508307149.5328  obj=1513706859628.71 
[Run 25 | Gen 185] gen_best: cost=5399710095.89  viol=1508307149.5328  obj=1513706859628.71 | best_so_far: cost=5399710095.89  viol=1508307149.5328  obj=1513706859628.71 
[Run 25 | Gen 186] gen_best: cost=5399710095.89  viol=1508307149.5328  obj=1513706859628.71 | best_so_far: cost=5399710095.89  viol=1508307149.5328  obj=1513706859628.71 
[Run 25 | Gen 187] gen_best: cost=5544454356.16  viol=1493886170.0578  obj=1499430624413.93 | best_so_far: cost=5544454356.16  viol=1493886170.0578  obj=1499430624413.93 (improved)
[Run 25 | Gen 188] gen_best: cost=5544454356.16  viol=1493886170.0578  obj=1499430624413.93 | best_so_far: cost=5544454356.16  viol=1493886170.0578  obj=1499430624413.93 
[Run 25 | FE 9472] best_local_obj=1499430624413.93  best_local_cost=5544454356.16  best_local_viol=1493886170.0578
[Run 25 | Gen 189] gen_best: cost=5544454356.16  viol=1493886170.0578  obj=1499430624413.93 | best_so_far: cost=5544454356.16  viol=1493886170.0578  obj=1499430624413.93 
[Run 25 | Gen 190] gen_best: cost=5409136383.56  viol=1489664982.8303  obj=1495074119213.91 | best_so_far: cost=5409136383.56  viol=1489664982.8303  obj=1495074119213.91 (improved)
[Run 25 | Gen 191] gen_best: cost=5409136383.56  viol=1489664982.8303  obj=1495074119213.91 | best_so_far: cost=5409136383.56  viol=1489664982.8303  obj=1495074119213.91 
[Run 25 | Gen 192] gen_best: cost=5409136383.56  viol=1489664982.8303  obj=1495074119213.91 | best_so_far: cost=5409136383.56  viol=1489664982.8303  obj=1495074119213.91 
[Run 25 | Gen 193] gen_best: cost=5409136383.56  viol=1489664982.8303  obj=1495074119213.91 | best_so_far: cost=5409136383.56  viol=1489664982.8303  obj=1495074119213.91 
[Run 25 | FE 9728] best_local_obj=1495074119213.91  best_local_cost=5409136383.56  best_local_viol=1489664982.8303
[Run 25 | Gen 194] gen_best: cost=5409136383.56  viol=1489664982.8303  obj=1495074119213.91 | best_so_far: cost=5409136383.56  viol=1489664982.8303  obj=1495074119213.91 
[Run 25 | Gen 195] gen_best: cost=5409136383.56  viol=1489664982.8303  obj=1495074119213.91 | best_so_far: cost=5409136383.56  viol=1489664982.8303  obj=1495074119213.91 
[Run 25 | Gen 196] gen_best: cost=5428189232.88  viol=1483618745.7852  obj=1489046935018.09 | best_so_far: cost=5428189232.88  viol=1483618745.7852  obj=1489046935018.09 (improved)
[Run 25 | Gen 197] gen_best: cost=5428189232.88  viol=1483618745.7852  obj=1489046935018.09 | best_so_far: cost=5428189232.88  viol=1483618745.7852  obj=1489046935018.09 
[Run 25 | Gen 198] gen_best: cost=5428189232.88  viol=1483618745.7852  obj=1489046935018.09 | best_so_far: cost=5428189232.88  viol=1483618745.7852  obj=1489046935018.09 
