[RunConfig] run_id=15 seed=1015
[OutputDir] /work/home/acn1eb8nfq/yuezhang46/UScode/US实验一：横向对比/de_global_logs/run_15_seed_1015
[Info] #nodes = 4301
[Load] Reading scenarios ...
  - 2020: raw edges=5296, days=366
  - 2025: raw edges=5296, days=365
  - 2030: raw edges=5296, days=365
  - 2035: raw edges=5296, days=365
  - 2040: raw edges=5296, days=366
[Filter] EDGE_WEIGHT_MIN=1.0
  - active_nodes=2914  inactive_nodes(fixed NONE)=1387
  - 2020: removed=2048, kept=3248
  - 2025: removed=2048, kept=3248
  - 2030: removed=2048, kept=3248
  - 2035: removed=2048, kept=3248
  - 2040: removed=2048, kept=3248
  - 2020: filtered edges (active subgraph)=3248
  - 2025: filtered edges (active subgraph)=3248
  - 2030: filtered edges (active subgraph)=3248
  - 2035: filtered edges (active subgraph)=3248
  - 2040: filtered edges (active subgraph)=3248
[DE] Evaluate initial population ...
[DE] Init snapshot: best_cost=1236047356.16  best_viol=3394656692.8653  best_obj=3395892740221.48
[DE] Evolve under FE budget ...
[Run 15 | Gen 1] gen_best: cost=1866208246.58  viol=3057038477.8862  obj=3058904686132.77 | best_so_far: cost=1866208246.58  viol=3057038477.8862  obj=3058904686132.77 (improved)
[Run 15 | Gen 2] gen_best: cost=2454412671.23  viol=2773401837.5543  obj=2775856250225.51 | best_so_far: cost=2454412671.23  viol=2773401837.5543  obj=2775856250225.51 (improved)
[Run 15 | Gen 3] gen_best: cost=3047442945.21  viol=2494027105.8858  obj=2497074548830.98 | best_so_far: cost=3047442945.21  viol=2494027105.8858  obj=2497074548830.98 (improved)
[Run 15 | Gen 4] gen_best: cost=3340282232.88  viol=2419154948.3614  obj=2422495230594.25 | best_so_far: cost=3340282232.88  viol=2419154948.3614  obj=2422495230594.25 (improved)
[Run 15 | FE 256] best_local_obj=2420108488980.76  best_local_cost=3219567328.77  best_local_viol=2416888921.6520
[Run 15 | Gen 5] gen_best: cost=3858176849.32  viol=2230069359.8992  obj=2233927536748.52 | best_so_far: cost=3858176849.32  viol=2230069359.8992  obj=2233927536748.52 (improved)
[Run 15 | Gen 6] gen_best: cost=4055928616.44  viol=2157552429.9845  obj=2161608358600.95 | best_so_far: cost=4055928616.44  viol=2157552429.9845  obj=2161608358600.95 (improved)
[Run 15 | Gen 7] gen_best: cost=4227128520.55  viol=2097745282.1764  obj=2101972410696.97 | best_so_far: cost=4227128520.55  viol=2097745282.1764  obj=2101972410696.97 (improved)
[Run 15 | Gen 8] gen_best: cost=4296210561.64  viol=2066677325.3213  obj=2070973535882.97 | best_so_far: cost=4296210561.64  viol=2066677325.3213  obj=2070973535882.97 (improved)
[Run 15 | Gen 9] gen_best: cost=4756471712.33  viol=1966354027.7349  obj=1971110499447.19 | best_so_far: cost=4756471712.33  viol=1966354027.7349  obj=1971110499447.19 (improved)
[Run 15 | FE 512] best_local_obj=1971110499447.19  best_local_cost=4756471712.33  best_local_viol=1966354027.7349
[Run 15 | Gen 10] gen_best: cost=4651984410.96  viol=1960951605.6553  obj=1965603590066.27 | best_so_far: cost=4651984410.96  viol=1960951605.6553  obj=1965603590066.27 (improved)
[Run 15 | Gen 11] gen_best: cost=4928743739.73  viol=1960592743.3004  obj=1965521487040.08 | best_so_far: cost=4928743739.73  viol=1960592743.3004  obj=1965521487040.08 (improved)
[Run 15 | Gen 12] gen_best: cost=4770649150.68  viol=1929849524.0950  obj=1934620173245.68 | best_so_far: cost=4770649150.68  viol=1929849524.0950  obj=1934620173245.68 (improved)
[Run 15 | Gen 13] gen_best: cost=4770649150.68  viol=1929849524.0950  obj=1934620173245.68 | best_so_far: cost=4770649150.68  viol=1929849524.0950  obj=1934620173245.68 
[Run 15 | Gen 14] gen_best: cost=4836508356.16  viol=1911715392.5709  obj=1916551900927.09 | best_so_far: cost=4836508356.16  viol=1911715392.5709  obj=1916551900927.09 (improved)
[Run 15 | FE 768] best_local_obj=1916551900927.09  best_local_cost=4836508356.16  best_local_viol=1911715392.5709
[Run 15 | Gen 15] gen_best: cost=4856035684.93  viol=1900800897.1839  obj=1905656932868.85 | best_so_far: cost=4856035684.93  viol=1900800897.1839  obj=1905656932868.85 (improved)
[Run 15 | Gen 16] gen_best: cost=4856035684.93  viol=1900800897.1839  obj=1905656932868.85 | best_so_far: cost=4856035684.93  viol=1900800897.1839  obj=1905656932868.85 
[Run 15 | Gen 17] gen_best: cost=4870364657.53  viol=1875981484.1925  obj=1880851848850.06 | best_so_far: cost=4870364657.53  viol=1875981484.1925  obj=1880851848850.06 (improved)
[Run 15 | Gen 18] gen_best: cost=4870364657.53  viol=1875981484.1925  obj=1880851848850.06 | best_so_far: cost=4870364657.53  viol=1875981484.1925  obj=1880851848850.06 
[Run 15 | Gen 19] gen_best: cost=4870364657.53  viol=1875981484.1925  obj=1880851848850.06 | best_so_far: cost=4870364657.53  viol=1875981484.1925  obj=1880851848850.06 
[Run 15 | FE 1024] best_local_obj=1880851848850.06  best_local_cost=4870364657.53  best_local_viol=1875981484.1925
[Run 15 | Gen 20] gen_best: cost=4971952178.08  viol=1841655917.5037  obj=1846627869681.79 | best_so_far: cost=4971952178.08  viol=1841655917.5037  obj=1846627869681.79 (improved)
[Run 15 | Gen 21] gen_best: cost=4971952178.08  viol=1841655917.5037  obj=1846627869681.79 | best_so_far: cost=4971952178.08  viol=1841655917.5037  obj=1846627869681.79 
[Run 15 | Gen 22] gen_best: cost=4905543465.75  viol=1836311545.4183  obj=1841217088884.03 | best_so_far: cost=4905543465.75  viol=1836311545.4183  obj=1841217088884.03 (improved)
[Run 15 | Gen 23] gen_best: cost=4905543465.75  viol=1836311545.4183  obj=1841217088884.03 | best_so_far: cost=4905543465.75  viol=1836311545.4183  obj=1841217088884.03 
[Run 15 | Gen 24] gen_best: cost=4905543465.75  viol=1836311545.4183  obj=1841217088884.03 | best_so_far: cost=4905543465.75  viol=1836311545.4183  obj=1841217088884.03 
[Run 15 | FE 1280] best_local_obj=1824923621432.79  best_local_cost=5075265712.33  best_local_viol=1819848355.7205
[Run 15 | Gen 25] gen_best: cost=5075265712.33  viol=1819848355.7205  obj=1824923621432.79 | best_so_far: cost=5075265712.33  viol=1819848355.7205  obj=1824923621432.79 (improved)
[Run 15 | Gen 26] gen_best: cost=5075265712.33  viol=1819848355.7205  obj=1824923621432.79 | best_so_far: cost=5075265712.33  viol=1819848355.7205  obj=1824923621432.79 
[Run 15 | Gen 27] gen_best: cost=5075265712.33  viol=1819848355.7205  obj=1824923621432.79 | best_so_far: cost=5075265712.33  viol=1819848355.7205  obj=1824923621432.79 
[Run 15 | Gen 28] gen_best: cost=5086717794.52  viol=1802666875.6078  obj=1807753593402.31 | best_so_far: cost=5086717794.52  viol=1802666875.6078  obj=1807753593402.31 (improved)
[Run 15 | Gen 29] gen_best: cost=5086717794.52  viol=1802666875.6078  obj=1807753593402.31 | best_so_far: cost=5086717794.52  viol=1802666875.6078  obj=1807753593402.31 
[Run 15 | FE 1536] best_local_obj=1807753593402.31  best_local_cost=5086717794.52  best_local_viol=1802666875.6078
[Run 15 | Gen 30] gen_best: cost=5086717794.52  viol=1802666875.6078  obj=1807753593402.31 | best_so_far: cost=5086717794.52  viol=1802666875.6078  obj=1807753593402.31 
[Run 15 | Gen 31] gen_best: cost=5059788876.71  viol=1799431673.9802  obj=1804491462856.95 | best_so_far: cost=5059788876.71  viol=1799431673.9802  obj=1804491462856.95 (improved)
[Run 15 | Gen 32] gen_best: cost=4968602178.08  viol=1791903239.5794  obj=1796871841757.45 | best_so_far: cost=4968602178.08  viol=1791903239.5794  obj=1796871841757.45 (improved)
[Run 15 | Gen 33] gen_best: cost=4968602178.08  viol=1791903239.5794  obj=1796871841757.45 | best_so_far: cost=4968602178.08  viol=1791903239.5794  obj=1796871841757.45 
[Run 15 | Gen 34] gen_best: cost=4968602178.08  viol=1791903239.5794  obj=1796871841757.45 | best_so_far: cost=4968602178.08  viol=1791903239.5794  obj=1796871841757.45 
[Run 15 | FE 1792] best_local_obj=1779609665286.07  best_local_cost=5075466041.10  best_local_viol=1774534199.2450
[Run 15 | Gen 35] gen_best: cost=5075466041.10  viol=1774534199.2450  obj=1779609665286.07 | best_so_far: cost=5075466041.10  viol=1774534199.2450  obj=1779609665286.07 (improved)
[Run 15 | Gen 36] gen_best: cost=5075466041.10  viol=1774534199.2450  obj=1779609665286.07 | best_so_far: cost=5075466041.10  viol=1774534199.2450  obj=1779609665286.07 
[Run 15 | Gen 37] gen_best: cost=5178955315.07  viol=1769541822.3461  obj=1774720777661.13 | best_so_far: cost=5178955315.07  viol=1769541822.3461  obj=1774720777661.13 (improved)
[Run 15 | Gen 38] gen_best: cost=5178955315.07  viol=1769541822.3461  obj=1774720777661.13 | best_so_far: cost=5178955315.07  viol=1769541822.3461  obj=1774720777661.13 
[Run 15 | Gen 39] gen_best: cost=5199857835.62  viol=1764794324.9245  obj=1769994182760.08 | best_so_far: cost=5199857835.62  viol=1764794324.9245  obj=1769994182760.08 (improved)
[Run 15 | FE 2048] best_local_obj=1769994182760.08  best_local_cost=5199857835.62  best_local_viol=1764794324.9245
[Run 15 | Gen 40] gen_best: cost=5199857835.62  viol=1764794324.9245  obj=1769994182760.08 | best_so_far: cost=5199857835.62  viol=1764794324.9245  obj=1769994182760.08 
[Run 15 | Gen 41] gen_best: cost=5110921465.75  viol=1764831135.8535  obj=1769942057319.27 | best_so_far: cost=5110921465.75  viol=1764831135.8535  obj=1769942057319.27 (improved)
[Run 15 | Gen 42] gen_best: cost=5242463753.42  viol=1745987656.4463  obj=1751230120199.77 | best_so_far: cost=5242463753.42  viol=1745987656.4463  obj=1751230120199.77 (improved)
[Run 15 | Gen 43] gen_best: cost=5242463753.42  viol=1745987656.4463  obj=1751230120199.77 | best_so_far: cost=5242463753.42  viol=1745987656.4463  obj=1751230120199.77 
[Run 15 | Gen 44] gen_best: cost=5242463753.42  viol=1745987656.4463  obj=1751230120199.77 | best_so_far: cost=5242463753.42  viol=1745987656.4463  obj=1751230120199.77 
[Run 15 | Gen 45] gen_best: cost=5233586972.60  viol=1731688866.2617  obj=1736922453234.29 | best_so_far: cost=5233586972.60  viol=1731688866.2617  obj=1736922453234.29 (improved)
[Run 15 | FE 2304] best_local_obj=1736922453234.29  best_local_cost=5233586972.60  best_local_viol=1731688866.2617
[Run 15 | Gen 46] gen_best: cost=5233586972.60  viol=1731688866.2617  obj=1736922453234.29 | best_so_far: cost=5233586972.60  viol=1731688866.2617  obj=1736922453234.29 
[Run 15 | Gen 47] gen_best: cost=5233586972.60  viol=1731688866.2617  obj=1736922453234.29 | best_so_far: cost=5233586972.60  viol=1731688866.2617  obj=1736922453234.29 
[Run 15 | Gen 48] gen_best: cost=5233586972.60  viol=1731688866.2617  obj=1736922453234.29 | best_so_far: cost=5233586972.60  viol=1731688866.2617  obj=1736922453234.29 
[Run 15 | Gen 49] gen_best: cost=5188206575.34  viol=1730000583.3623  obj=1735188789937.65 | best_so_far: cost=5188206575.34  viol=1730000583.3623  obj=1735188789937.65 (improved)
[Run 15 | Gen 50] gen_best: cost=5188206575.34  viol=1730000583.3623  obj=1735188789937.65 | best_so_far: cost=5188206575.34  viol=1730000583.3623  obj=1735188789937.65 
[Run 15 | FE 2560] best_local_obj=1735188789937.65  best_local_cost=5188206575.34  best_local_viol=1730000583.3623
[Run 15 | Gen 51] gen_best: cost=5188206575.34  viol=1730000583.3623  obj=1735188789937.65 | best_so_far: cost=5188206575.34  viol=1730000583.3623  obj=1735188789937.65 
[Run 15 | Gen 52] gen_best: cost=5285393712.33  viol=1728728681.3621  obj=1734014075074.38 | best_so_far: cost=5285393712.33  viol=1728728681.3621  obj=1734014075074.38 (improved)
[Run 15 | Gen 53] gen_best: cost=5290444753.42  viol=1718609061.7137  obj=1723899506467.14 | best_so_far: cost=5290444753.42  viol=1718609061.7137  obj=1723899506467.14 (improved)
[Run 15 | Gen 54] gen_best: cost=5290444753.42  viol=1718609061.7137  obj=1723899506467.14 | best_so_far: cost=5290444753.42  viol=1718609061.7137  obj=1723899506467.14 
[Run 15 | Gen 55] gen_best: cost=5217486643.84  viol=1709365461.2087  obj=1714582947852.50 | best_so_far: cost=5217486643.84  viol=1709365461.2087  obj=1714582947852.50 (improved)
[Run 15 | FE 2816] best_local_obj=1714582947852.50  best_local_cost=5217486643.84  best_local_viol=1709365461.2087
[Run 15 | Gen 56] gen_best: cost=5286220328.77  viol=1670312159.6342  obj=1675598379962.92 | best_so_far: cost=5286220328.77  viol=1670312159.6342  obj=1675598379962.92 (improved)
[Run 15 | Gen 57] gen_best: cost=5286220328.77  viol=1670312159.6342  obj=1675598379962.92 | best_so_far: cost=5286220328.77  viol=1670312159.6342  obj=1675598379962.92 
[Run 15 | Gen 58] gen_best: cost=5286220328.77  viol=1670312159.6342  obj=1675598379962.92 | best_so_far: cost=5286220328.77  viol=1670312159.6342  obj=1675598379962.92 
[Run 15 | Gen 59] gen_best: cost=5273894150.68  viol=1659220796.4182  obj=1664494690568.89 | best_so_far: cost=5273894150.68  viol=1659220796.4182  obj=1664494690568.89 (improved)
[Run 15 | Gen 60] gen_best: cost=5273894150.68  viol=1659220796.4182  obj=1664494690568.89 | best_so_far: cost=5273894150.68  viol=1659220796.4182  obj=1664494690568.89 
[Run 15 | FE 3072] best_local_obj=1664494690568.89  best_local_cost=5273894150.68  best_local_viol=1659220796.4182
[Run 15 | Gen 61] gen_best: cost=5273894150.68  viol=1659220796.4182  obj=1664494690568.89 | best_so_far: cost=5273894150.68  viol=1659220796.4182  obj=1664494690568.89 
[Run 15 | Gen 62] gen_best: cost=5273894150.68  viol=1659220796.4182  obj=1664494690568.89 | best_so_far: cost=5273894150.68  viol=1659220796.4182  obj=1664494690568.89 
[Run 15 | Gen 63] gen_best: cost=5273894150.68  viol=1659220796.4182  obj=1664494690568.89 | best_so_far: cost=5273894150.68  viol=1659220796.4182  obj=1664494690568.89 
[Run 15 | Gen 64] gen_best: cost=5370880958.90  viol=1654496147.2515  obj=1659867028210.41 | best_so_far: cost=5370880958.90  viol=1654496147.2515  obj=1659867028210.41 (improved)
[Run 15 | Gen 65] gen_best: cost=5370880958.90  viol=1654496147.2515  obj=1659867028210.41 | best_so_far: cost=5370880958.90  viol=1654496147.2515  obj=1659867028210.41 
[Run 15 | FE 3328] best_local_obj=1659867028210.41  best_local_cost=5370880958.90  best_local_viol=1654496147.2515
[Run 15 | Gen 66] gen_best: cost=5370880958.90  viol=1654496147.2515  obj=1659867028210.41 | best_so_far: cost=5370880958.90  viol=1654496147.2515  obj=1659867028210.41 
[Run 15 | Gen 67] gen_best: cost=5340626739.73  viol=1647646565.3154  obj=1652987192055.09 | best_so_far: cost=5340626739.73  viol=1647646565.3154  obj=1652987192055.09 (improved)
[Run 15 | Gen 68] gen_best: cost=5340626739.73  viol=1647646565.3154  obj=1652987192055.09 | best_so_far: cost=5340626739.73  viol=1647646565.3154  obj=1652987192055.09 
[Run 15 | Gen 69] gen_best: cost=5293570986.30  viol=1640888590.5566  obj=1646182161542.95 | best_so_far: cost=5293570986.30  viol=1640888590.5566  obj=1646182161542.95 (improved)
[Run 15 | Gen 70] gen_best: cost=5293570986.30  viol=1640888590.5566  obj=1646182161542.95 | best_so_far: cost=5293570986.30  viol=1640888590.5566  obj=1646182161542.95 
[Run 15 | FE 3584] best_local_obj=1635474809745.41  best_local_cost=5365205438.36  best_local_viol=1630109604.3071
[Run 15 | Gen 71] gen_best: cost=5365205438.36  viol=1630109604.3071  obj=1635474809745.41 | best_so_far: cost=5365205438.36  viol=1630109604.3071  obj=1635474809745.41 (improved)
[Run 15 | Gen 72] gen_best: cost=5365205438.36  viol=1630109604.3071  obj=1635474809745.41 | best_so_far: cost=5365205438.36  viol=1630109604.3071  obj=1635474809745.41 
[Run 15 | Gen 73] gen_best: cost=5481895369.86  viol=1625404209.7426  obj=1630886105112.43 | best_so_far: cost=5481895369.86  viol=1625404209.7426  obj=1630886105112.43 (improved)
[Run 15 | Gen 74] gen_best: cost=5398010369.86  viol=1618944419.7623  obj=1624342430132.12 | best_so_far: cost=5398010369.86  viol=1618944419.7623  obj=1624342430132.12 (improved)
[Run 15 | Gen 75] gen_best: cost=5398010369.86  viol=1618944419.7623  obj=1624342430132.12 | best_so_far: cost=5398010369.86  viol=1618944419.7623  obj=1624342430132.12 
[Run 15 | FE 3840] best_local_obj=1624342430132.12  best_local_cost=5398010369.86  best_local_viol=1618944419.7623
[Run 15 | Gen 76] gen_best: cost=5398010369.86  viol=1618944419.7623  obj=1624342430132.12 | best_so_far: cost=5398010369.86  viol=1618944419.7623  obj=1624342430132.12 
[Run 15 | Gen 77] gen_best: cost=5398010369.86  viol=1618944419.7623  obj=1624342430132.12 | best_so_far: cost=5398010369.86  viol=1618944419.7623  obj=1624342430132.12 
[Run 15 | Gen 78] gen_best: cost=5398010369.86  viol=1618944419.7623  obj=1624342430132.12 | best_so_far: cost=5398010369.86  viol=1618944419.7623  obj=1624342430132.12 
[Run 15 | Gen 79] gen_best: cost=5422912890.41  viol=1613945401.2543  obj=1619368314144.75 | best_so_far: cost=5422912890.41  viol=1613945401.2543  obj=1619368314144.75 (improved)
[Run 15 | Gen 80] gen_best: cost=5422912890.41  viol=1613945401.2543  obj=1619368314144.75 | best_so_far: cost=5422912890.41  viol=1613945401.2543  obj=1619368314144.75 
[Run 15 | FE 4096] best_local_obj=1619368314144.75  best_local_cost=5422912890.41  best_local_viol=1613945401.2543
[Run 15 | Gen 81] gen_best: cost=5422912890.41  viol=1613945401.2543  obj=1619368314144.75 | best_so_far: cost=5422912890.41  viol=1613945401.2543  obj=1619368314144.75 
[Run 15 | Gen 82] gen_best: cost=5422912890.41  viol=1613945401.2543  obj=1619368314144.75 | best_so_far: cost=5422912890.41  viol=1613945401.2543  obj=1619368314144.75 
[Run 15 | Gen 83] gen_best: cost=5422912890.41  viol=1613945401.2543  obj=1619368314144.75 | best_so_far: cost=5422912890.41  viol=1613945401.2543  obj=1619368314144.75 
[Run 15 | Gen 84] gen_best: cost=5353829753.42  viol=1590278035.1371  obj=1595631864890.51 | best_so_far: cost=5353829753.42  viol=1590278035.1371  obj=1595631864890.51 (improved)
[Run 15 | Gen 85] gen_best: cost=5353829753.42  viol=1590278035.1371  obj=1595631864890.51 | best_so_far: cost=5353829753.42  viol=1590278035.1371  obj=1595631864890.51 
[Run 15 | Gen 86] gen_best: cost=5353829753.42  viol=1590278035.1371  obj=1595631864890.51 | best_so_far: cost=5353829753.42  viol=1590278035.1371  obj=1595631864890.51 
[Run 15 | FE 4352] best_local_obj=1595631864890.51  best_local_cost=5353829753.42  best_local_viol=1590278035.1371
[Run 15 | Gen 87] gen_best: cost=5353829753.42  viol=1590278035.1371  obj=1595631864890.51 | best_so_far: cost=5353829753.42  viol=1590278035.1371  obj=1595631864890.51 
[Run 15 | Gen 88] gen_best: cost=5353829753.42  viol=1590278035.1371  obj=1595631864890.51 | best_so_far: cost=5353829753.42  viol=1590278035.1371  obj=1595631864890.51 
[Run 15 | Gen 89] gen_best: cost=5353829753.42  viol=1590278035.1371  obj=1595631864890.51 | best_so_far: cost=5353829753.42  viol=1590278035.1371  obj=1595631864890.51 
[Run 15 | Gen 90] gen_best: cost=5353829753.42  viol=1590278035.1371  obj=1595631864890.51 | best_so_far: cost=5353829753.42  viol=1590278035.1371  obj=1595631864890.51 
[Run 15 | Gen 91] gen_best: cost=5353829753.42  viol=1590278035.1371  obj=1595631864890.51 | best_so_far: cost=5353829753.42  viol=1590278035.1371  obj=1595631864890.51 
[Run 15 | FE 4608] best_local_obj=1595631864890.51  best_local_cost=5353829753.42  best_local_viol=1590278035.1371
[Run 15 | Gen 92] gen_best: cost=5353829753.42  viol=1590278035.1371  obj=1595631864890.51 | best_so_far: cost=5353829753.42  viol=1590278035.1371  obj=1595631864890.51 
[Run 15 | Gen 93] gen_best: cost=5353829753.42  viol=1590278035.1371  obj=1595631864890.51 | best_so_far: cost=5353829753.42  viol=1590278035.1371  obj=1595631864890.51 
[Run 15 | Gen 94] gen_best: cost=5353829753.42  viol=1590278035.1371  obj=1595631864890.51 | best_so_far: cost=5353829753.42  viol=1590278035.1371  obj=1595631864890.51 
[Run 15 | Gen 95] gen_best: cost=5353829753.42  viol=1590278035.1371  obj=1595631864890.51 | best_so_far: cost=5353829753.42  viol=1590278035.1371  obj=1595631864890.51 
[Run 15 | Gen 96] gen_best: cost=5353829753.42  viol=1590278035.1371  obj=1595631864890.51 | best_so_far: cost=5353829753.42  viol=1590278035.1371  obj=1595631864890.51 
[Run 15 | FE 4864] best_local_obj=1595631864890.51  best_local_cost=5353829753.42  best_local_viol=1590278035.1371
[Run 15 | Gen 97] gen_best: cost=5304898369.86  viol=1579712897.0939  obj=1585017795463.76 | best_so_far: cost=5304898369.86  viol=1579712897.0939  obj=1585017795463.76 (improved)
[Run 15 | Gen 98] gen_best: cost=5304898369.86  viol=1579712897.0939  obj=1585017795463.76 | best_so_far: cost=5304898369.86  viol=1579712897.0939  obj=1585017795463.76 
[Run 15 | Gen 99] gen_best: cost=5304898369.86  viol=1579712897.0939  obj=1585017795463.76 | best_so_far: cost=5304898369.86  viol=1579712897.0939  obj=1585017795463.76 
[Run 15 | Gen 100] gen_best: cost=5450317493.15  viol=1576606038.1918  obj=1582056355684.97 | best_so_far: cost=5450317493.15  viol=1576606038.1918  obj=1582056355684.97 (improved)
[Run 15 | Gen 101] gen_best: cost=5450317493.15  viol=1576606038.1918  obj=1582056355684.97 | best_so_far: cost=5450317493.15  viol=1576606038.1918  obj=1582056355684.97 
[Run 15 | FE 5120] best_local_obj=1582056355684.97  best_local_cost=5450317493.15  best_local_viol=1576606038.1918
[Run 15 | Gen 102] gen_best: cost=5450317493.15  viol=1576606038.1918  obj=1582056355684.97 | best_so_far: cost=5450317493.15  viol=1576606038.1918  obj=1582056355684.97 
[Run 15 | Gen 103] gen_best: cost=5403811082.19  viol=1549418852.1820  obj=1554822663264.14 | best_so_far: cost=5403811082.19  viol=1549418852.1820  obj=1554822663264.14 (improved)
[Run 15 | Gen 104] gen_best: cost=5403811082.19  viol=1549418852.1820  obj=1554822663264.14 | best_so_far: cost=5403811082.19  viol=1549418852.1820  obj=1554822663264.14 
[Run 15 | Gen 105] gen_best: cost=5403811082.19  viol=1549418852.1820  obj=1554822663264.14 | best_so_far: cost=5403811082.19  viol=1549418852.1820  obj=1554822663264.14 
[Run 15 | Gen 106] gen_best: cost=5403811082.19  viol=1549418852.1820  obj=1554822663264.14 | best_so_far: cost=5403811082.19  viol=1549418852.1820  obj=1554822663264.14 
[Run 15 | FE 5376] best_local_obj=1554822663264.14  best_local_cost=5403811082.19  best_local_viol=1549418852.1820
[Run 15 | Gen 107] gen_best: cost=5403811082.19  viol=1549418852.1820  obj=1554822663264.14 | best_so_far: cost=5403811082.19  viol=1549418852.1820  obj=1554822663264.14 
[Run 15 | Gen 108] gen_best: cost=5403811082.19  viol=1549418852.1820  obj=1554822663264.14 | best_so_far: cost=5403811082.19  viol=1549418852.1820  obj=1554822663264.14 
[Run 15 | Gen 109] gen_best: cost=5403811082.19  viol=1549418852.1820  obj=1554822663264.14 | best_so_far: cost=5403811082.19  viol=1549418852.1820  obj=1554822663264.14 
[Run 15 | Gen 110] gen_best: cost=5403811082.19  viol=1549418852.1820  obj=1554822663264.14 | best_so_far: cost=5403811082.19  viol=1549418852.1820  obj=1554822663264.14 
[Run 15 | Gen 111] gen_best: cost=5403811082.19  viol=1549418852.1820  obj=1554822663264.14 | best_so_far: cost=5403811082.19  viol=1549418852.1820  obj=1554822663264.14 
[Run 15 | FE 5632] best_local_obj=1554822663264.14  best_local_cost=5403811082.19  best_local_viol=1549418852.1820
[Run 15 | Gen 112] gen_best: cost=5403811082.19  viol=1549418852.1820  obj=1554822663264.14 | best_so_far: cost=5403811082.19  viol=1549418852.1820  obj=1554822663264.14 
[Run 15 | Gen 113] gen_best: cost=5403811082.19  viol=1549418852.1820  obj=1554822663264.14 | best_so_far: cost=5403811082.19  viol=1549418852.1820  obj=1554822663264.14 
[Run 15 | Gen 114] gen_best: cost=5403811082.19  viol=1549418852.1820  obj=1554822663264.14 | best_so_far: cost=5403811082.19  viol=1549418852.1820  obj=1554822663264.14 
[Run 15 | Gen 115] gen_best: cost=5403811082.19  viol=1549418852.1820  obj=1554822663264.14 | best_so_far: cost=5403811082.19  viol=1549418852.1820  obj=1554822663264.14 
[Run 15 | Gen 116] gen_best: cost=5466368589.04  viol=1540509426.5242  obj=1545975795113.25 | best_so_far: cost=5466368589.04  viol=1540509426.5242  obj=1545975795113.25 (improved)
[Run 15 | FE 5888] best_local_obj=1545975795113.25  best_local_cost=5466368589.04  best_local_viol=1540509426.5242
[Run 15 | Gen 117] gen_best: cost=5466368589.04  viol=1540509426.5242  obj=1545975795113.25 | best_so_far: cost=5466368589.04  viol=1540509426.5242  obj=1545975795113.25 
[Run 15 | Gen 118] gen_best: cost=5466368589.04  viol=1540509426.5242  obj=1545975795113.25 | best_so_far: cost=5466368589.04  viol=1540509426.5242  obj=1545975795113.25 
[Run 15 | Gen 119] gen_best: cost=5466368589.04  viol=1540509426.5242  obj=1545975795113.25 | best_so_far: cost=5466368589.04  viol=1540509426.5242  obj=1545975795113.25 
[Run 15 | Gen 120] gen_best: cost=5466368589.04  viol=1540509426.5242  obj=1545975795113.25 | best_so_far: cost=5466368589.04  viol=1540509426.5242  obj=1545975795113.25 
[Run 15 | Gen 121] gen_best: cost=5466368589.04  viol=1540509426.5242  obj=1545975795113.25 | best_so_far: cost=5466368589.04  viol=1540509426.5242  obj=1545975795113.25 
[Run 15 | FE 6144] best_local_obj=1545975795113.25  best_local_cost=5466368589.04  best_local_viol=1540509426.5242
[Run 15 | Gen 122] gen_best: cost=5466368589.04  viol=1540509426.5242  obj=1545975795113.25 | best_so_far: cost=5466368589.04  viol=1540509426.5242  obj=1545975795113.25 
[Run 15 | Gen 123] gen_best: cost=5466368589.04  viol=1540509426.5242  obj=1545975795113.25 | best_so_far: cost=5466368589.04  viol=1540509426.5242  obj=1545975795113.25 
[Run 15 | Gen 124] gen_best: cost=5466368589.04  viol=1540509426.5242  obj=1545975795113.25 | best_so_far: cost=5466368589.04  viol=1540509426.5242  obj=1545975795113.25 
[Run 15 | Gen 125] gen_best: cost=5466368589.04  viol=1540509426.5242  obj=1545975795113.25 | best_so_far: cost=5466368589.04  viol=1540509426.5242  obj=1545975795113.25 
[Run 15 | Gen 126] gen_best: cost=5466368589.04  viol=1540509426.5242  obj=1545975795113.25 | best_so_far: cost=5466368589.04  viol=1540509426.5242  obj=1545975795113.25 
[Run 15 | FE 6400] best_local_obj=1540707508591.08  best_local_cost=5439215356.16  best_local_viol=1535268293.2349
[Run 15 | Gen 127] gen_best: cost=5439215356.16  viol=1535268293.2349  obj=1540707508591.08 | best_so_far: cost=5439215356.16  viol=1535268293.2349  obj=1540707508591.08 (improved)
[Run 15 | Gen 128] gen_best: cost=5439215356.16  viol=1535268293.2349  obj=1540707508591.08 | best_so_far: cost=5439215356.16  viol=1535268293.2349  obj=1540707508591.08 
[Run 15 | Gen 129] gen_best: cost=5439215356.16  viol=1535268293.2349  obj=1540707508591.08 | best_so_far: cost=5439215356.16  viol=1535268293.2349  obj=1540707508591.08 
[Run 15 | Gen 130] gen_best: cost=5439215356.16  viol=1535268293.2349  obj=1540707508591.08 | best_so_far: cost=5439215356.16  viol=1535268293.2349  obj=1540707508591.08 
[Run 15 | Gen 131] gen_best: cost=5495672260.27  viol=1533958367.8976  obj=1539454040157.88 | best_so_far: cost=5495672260.27  viol=1533958367.8976  obj=1539454040157.88 (improved)
[Run 15 | Gen 132] gen_best: cost=5495672260.27  viol=1533958367.8976  obj=1539454040157.88 | best_so_far: cost=5495672260.27  viol=1533958367.8976  obj=1539454040157.88 
[Run 15 | FE 6656] best_local_obj=1539454040157.88  best_local_cost=5495672260.27  best_local_viol=1533958367.8976
[Run 15 | Gen 133] gen_best: cost=5495672260.27  viol=1533958367.8976  obj=1539454040157.88 | best_so_far: cost=5495672260.27  viol=1533958367.8976  obj=1539454040157.88 
[Run 15 | Gen 134] gen_best: cost=5495672260.27  viol=1533958367.8976  obj=1539454040157.88 | best_so_far: cost=5495672260.27  viol=1533958367.8976  obj=1539454040157.88 
[Run 15 | Gen 135] gen_best: cost=5514225383.56  viol=1528393054.1472  obj=1533907279530.77 | best_so_far: cost=5514225383.56  viol=1528393054.1472  obj=1533907279530.77 (improved)
[Run 15 | Gen 136] gen_best: cost=5514225383.56  viol=1528393054.1472  obj=1533907279530.77 | best_so_far: cost=5514225383.56  viol=1528393054.1472  obj=1533907279530.77 
[Run 15 | Gen 137] gen_best: cost=5514225383.56  viol=1528393054.1472  obj=1533907279530.77 | best_so_far: cost=5514225383.56  viol=1528393054.1472  obj=1533907279530.77 
[Run 15 | FE 6912] best_local_obj=1533907279530.77  best_local_cost=5514225383.56  best_local_viol=1528393054.1472
[Run 15 | Gen 138] gen_best: cost=5514225383.56  viol=1528393054.1472  obj=1533907279530.77 | best_so_far: cost=5514225383.56  viol=1528393054.1472  obj=1533907279530.77 
[Run 15 | Gen 139] gen_best: cost=5514225383.56  viol=1528393054.1472  obj=1533907279530.77 | best_so_far: cost=5514225383.56  viol=1528393054.1472  obj=1533907279530.77 
[Run 15 | Gen 140] gen_best: cost=5514225383.56  viol=1528393054.1472  obj=1533907279530.77 | best_so_far: cost=5514225383.56  viol=1528393054.1472  obj=1533907279530.77 
[Run 15 | Gen 141] gen_best: cost=5531552767.12  viol=1525059980.4212  obj=1530591533188.28 | best_so_far: cost=5531552767.12  viol=1525059980.4212  obj=1530591533188.28 (improved)
[Run 15 | Gen 142] gen_best: cost=5609037383.56  viol=1512704601.1968  obj=1518313638580.32 | best_so_far: cost=5609037383.56  viol=1512704601.1968  obj=1518313638580.32 (improved)
[Run 15 | FE 7168] best_local_obj=1518313638580.32  best_local_cost=5609037383.56  best_local_viol=1512704601.1968
[Run 15 | Gen 143] gen_best: cost=5609037383.56  viol=1512704601.1968  obj=1518313638580.32 | best_so_far: cost=5609037383.56  viol=1512704601.1968  obj=1518313638580.32 
[Run 15 | Gen 144] gen_best: cost=5609037383.56  viol=1512704601.1968  obj=1518313638580.32 | best_so_far: cost=5609037383.56  viol=1512704601.1968  obj=1518313638580.32 
[Run 15 | Gen 145] gen_best: cost=5582383986.30  viol=1512690724.2944  obj=1518273108280.75 | best_so_far: cost=5582383986.30  viol=1512690724.2944  obj=1518273108280.75 (improved)
[Run 15 | Gen 146] gen_best: cost=5582383986.30  viol=1512690724.2944  obj=1518273108280.75 | best_so_far: cost=5582383986.30  viol=1512690724.2944  obj=1518273108280.75 
[Run 15 | Gen 147] gen_best: cost=5582383986.30  viol=1512690724.2944  obj=1518273108280.75 | best_so_far: cost=5582383986.30  viol=1512690724.2944  obj=1518273108280.75 
[Run 15 | FE 7424] best_local_obj=1518273108280.75  best_local_cost=5582383986.30  best_local_viol=1512690724.2944
[Run 15 | Gen 148] gen_best: cost=5582383986.30  viol=1512690724.2944  obj=1518273108280.75 | best_so_far: cost=5582383986.30  viol=1512690724.2944  obj=1518273108280.75 
[Run 15 | Gen 149] gen_best: cost=5582383986.30  viol=1512690724.2944  obj=1518273108280.75 | best_so_far: cost=5582383986.30  viol=1512690724.2944  obj=1518273108280.75 
[Run 15 | Gen 150] gen_best: cost=5582383986.30  viol=1512690724.2944  obj=1518273108280.75 | best_so_far: cost=5582383986.30  viol=1512690724.2944  obj=1518273108280.75 
[Run 15 | Gen 151] gen_best: cost=5582383986.30  viol=1512690724.2944  obj=1518273108280.75 | best_so_far: cost=5582383986.30  viol=1512690724.2944  obj=1518273108280.75 
[Run 15 | Gen 152] gen_best: cost=5508149589.04  viol=1511971221.7605  obj=1517479371349.58 | best_so_far: cost=5508149589.04  viol=1511971221.7605  obj=1517479371349.58 (improved)
[Run 15 | FE 7680] best_local_obj=1517479371349.58  best_local_cost=5508149589.04  best_local_viol=1511971221.7605
[Run 15 | Gen 153] gen_best: cost=5535753534.25  viol=1506473748.7166  obj=1512009502250.87 | best_so_far: cost=5535753534.25  viol=1506473748.7166  obj=1512009502250.87 (improved)
[Run 15 | Gen 154] gen_best: cost=5535753534.25  viol=1506473748.7166  obj=1512009502250.87 | best_so_far: cost=5535753534.25  viol=1506473748.7166  obj=1512009502250.87 
[Run 15 | Gen 155] gen_best: cost=5557805835.62  viol=1498607330.0615  obj=1504165135897.16 | best_so_far: cost=5557805835.62  viol=1498607330.0615  obj=1504165135897.16 (improved)
[Run 15 | Gen 156] gen_best: cost=5557805835.62  viol=1498607330.0615  obj=1504165135897.16 | best_so_far: cost=5557805835.62  viol=1498607330.0615  obj=1504165135897.16 
[Run 15 | Gen 157] gen_best: cost=5557805835.62  viol=1498607330.0615  obj=1504165135897.16 | best_so_far: cost=5557805835.62  viol=1498607330.0615  obj=1504165135897.16 
[Run 15 | FE 7936] best_local_obj=1504165135897.16  best_local_cost=5557805835.62  best_local_viol=1498607330.0615
[Run 15 | Gen 158] gen_best: cost=5557805835.62  viol=1498607330.0615  obj=1504165135897.16 | best_so_far: cost=5557805835.62  viol=1498607330.0615  obj=1504165135897.16 
[Run 15 | Gen 159] gen_best: cost=5557805835.62  viol=1498607330.0615  obj=1504165135897.16 | best_so_far: cost=5557805835.62  viol=1498607330.0615  obj=1504165135897.16 
[Run 15 | Gen 160] gen_best: cost=5421189397.26  viol=1489777046.6178  obj=1495198236015.08 | best_so_far: cost=5421189397.26  viol=1489777046.6178  obj=1495198236015.08 (improved)
[Run 15 | Gen 161] gen_best: cost=5421189397.26  viol=1489777046.6178  obj=1495198236015.08 | best_so_far: cost=5421189397.26  viol=1489777046.6178  obj=1495198236015.08 
[Run 15 | Gen 162] gen_best: cost=5421189397.26  viol=1489777046.6178  obj=1495198236015.08 | best_so_far: cost=5421189397.26  viol=1489777046.6178  obj=1495198236015.08 
[Run 15 | FE 8192] best_local_obj=1495198236015.08  best_local_cost=5421189397.26  best_local_viol=1489777046.6178
[Run 15 | Gen 163] gen_best: cost=5421189397.26  viol=1489777046.6178  obj=1495198236015.08 | best_so_far: cost=5421189397.26  viol=1489777046.6178  obj=1495198236015.08 
[Run 15 | Gen 164] gen_best: cost=5421189397.26  viol=1489777046.6178  obj=1495198236015.08 | best_so_far: cost=5421189397.26  viol=1489777046.6178  obj=1495198236015.08 
[Run 15 | Gen 165] gen_best: cost=5421189397.26  viol=1489777046.6178  obj=1495198236015.08 | best_so_far: cost=5421189397.26  viol=1489777046.6178  obj=1495198236015.08 
[Run 15 | Gen 166] gen_best: cost=5421189397.26  viol=1489777046.6178  obj=1495198236015.08 | best_so_far: cost=5421189397.26  viol=1489777046.6178  obj=1495198236015.08 
[Run 15 | Gen 167] gen_best: cost=5421189397.26  viol=1489777046.6178  obj=1495198236015.08 | best_so_far: cost=5421189397.26  viol=1489777046.6178  obj=1495198236015.08 
[Run 15 | FE 8448] best_local_obj=1495198236015.08  best_local_cost=5421189397.26  best_local_viol=1489777046.6178
[Run 15 | Gen 168] gen_best: cost=5421189397.26  viol=1489777046.6178  obj=1495198236015.08 | best_so_far: cost=5421189397.26  viol=1489777046.6178  obj=1495198236015.08 
[Run 15 | Gen 169] gen_best: cost=5421189397.26  viol=1489777046.6178  obj=1495198236015.08 | best_so_far: cost=5421189397.26  viol=1489777046.6178  obj=1495198236015.08 
[Run 15 | Gen 170] gen_best: cost=5481947013.70  viol=1486864078.2172  obj=1492346025230.87 | best_so_far: cost=5481947013.70  viol=1486864078.2172  obj=1492346025230.87 (improved)
[Run 15 | Gen 171] gen_best: cost=5481947013.70  viol=1486864078.2172  obj=1492346025230.87 | best_so_far: cost=5481947013.70  viol=1486864078.2172  obj=1492346025230.87 
[Run 15 | Gen 172] gen_best: cost=5477995917.81  viol=1483468702.0910  obj=1488946698008.80 | best_so_far: cost=5477995917.81  viol=1483468702.0910  obj=1488946698008.80 (improved)
[Run 15 | Gen 173] gen_best: cost=5477995917.81  viol=1483468702.0910  obj=1488946698008.80 | best_so_far: cost=5477995917.81  viol=1483468702.0910  obj=1488946698008.80 
[Run 15 | FE 8704] best_local_obj=1488946698008.80  best_local_cost=5477995917.81  best_local_viol=1483468702.0910
[Run 15 | Gen 174] gen_best: cost=5477995917.81  viol=1483468702.0910  obj=1488946698008.80 | best_so_far: cost=5477995917.81  viol=1483468702.0910  obj=1488946698008.80 
[Run 15 | Gen 175] gen_best: cost=5477995917.81  viol=1483468702.0910  obj=1488946698008.80 | best_so_far: cost=5477995917.81  viol=1483468702.0910  obj=1488946698008.80 
[Run 15 | Gen 176] gen_best: cost=5519151671.23  viol=1468409242.7771  obj=1473928394448.31 | best_so_far: cost=5519151671.23  viol=1468409242.7771  obj=1473928394448.31 (improved)
[Run 15 | Gen 177] gen_best: cost=5519151671.23  viol=1468409242.7771  obj=1473928394448.31 | best_so_far: cost=5519151671.23  viol=1468409242.7771  obj=1473928394448.31 
[Run 15 | Gen 178] gen_best: cost=5519151671.23  viol=1468409242.7771  obj=1473928394448.31 | best_so_far: cost=5519151671.23  viol=1468409242.7771  obj=1473928394448.31 
[Run 15 | FE 8960] best_local_obj=1473928394448.31  best_local_cost=5519151671.23  best_local_viol=1468409242.7771
[Run 15 | Gen 179] gen_best: cost=5519151671.23  viol=1468409242.7771  obj=1473928394448.31 | best_so_far: cost=5519151671.23  viol=1468409242.7771  obj=1473928394448.31 
[Run 15 | Gen 180] gen_best: cost=5519151671.23  viol=1468409242.7771  obj=1473928394448.31 | best_so_far: cost=5519151671.23  viol=1468409242.7771  obj=1473928394448.31 
[Run 15 | Gen 181] gen_best: cost=5519151671.23  viol=1468409242.7771  obj=1473928394448.31 | best_so_far: cost=5519151671.23  viol=1468409242.7771  obj=1473928394448.31 
[Run 15 | Gen 182] gen_best: cost=5519151671.23  viol=1468409242.7771  obj=1473928394448.31 | best_so_far: cost=5519151671.23  viol=1468409242.7771  obj=1473928394448.31 
[Run 15 | Gen 183] gen_best: cost=5613339136.99  viol=1467505637.6807  obj=1473118976817.64 | best_so_far: cost=5613339136.99  viol=1467505637.6807  obj=1473118976817.64 (improved)
[Run 15 | FE 9216] best_local_obj=1473118976817.64  best_local_cost=5613339136.99  best_local_viol=1467505637.6807
[Run 15 | Gen 184] gen_best: cost=5613339136.99  viol=1467505637.6807  obj=1473118976817.64 | best_so_far: cost=5613339136.99  viol=1467505637.6807  obj=1473118976817.64 
[Run 15 | Gen 185] gen_best: cost=5613339136.99  viol=1467505637.6807  obj=1473118976817.64 | best_so_far: cost=5613339136.99  viol=1467505637.6807  obj=1473118976817.64 
[Run 15 | Gen 186] gen_best: cost=5613339136.99  viol=1467505637.6807  obj=1473118976817.64 | best_so_far: cost=5613339136.99  viol=1467505637.6807  obj=1473118976817.64 
[Run 15 | Gen 187] gen_best: cost=5613339136.99  viol=1467505637.6807  obj=1473118976817.64 | best_so_far: cost=5613339136.99  viol=1467505637.6807  obj=1473118976817.64 
[Run 15 | Gen 188] gen_best: cost=5613339136.99  viol=1467505637.6807  obj=1473118976817.64 | best_so_far: cost=5613339136.99  viol=1467505637.6807  obj=1473118976817.64 
[Run 15 | FE 9472] best_local_obj=1473118976817.64  best_local_cost=5613339136.99  best_local_viol=1467505637.6807
[Run 15 | Gen 189] gen_best: cost=5613339136.99  viol=1467505637.6807  obj=1473118976817.64 | best_so_far: cost=5613339136.99  viol=1467505637.6807  obj=1473118976817.64 
[Run 15 | Gen 190] gen_best: cost=5613339136.99  viol=1467505637.6807  obj=1473118976817.64 | best_so_far: cost=5613339136.99  viol=1467505637.6807  obj=1473118976817.64 
[Run 15 | Gen 191] gen_best: cost=5613339136.99  viol=1467505637.6807  obj=1473118976817.64 | best_so_far: cost=5613339136.99  viol=1467505637.6807  obj=1473118976817.64 
[Run 15 | Gen 192] gen_best: cost=5500298821.92  viol=1466884716.1246  obj=1472385014946.53 | best_so_far: cost=5500298821.92  viol=1466884716.1246  obj=1472385014946.53 (improved)
[Run 15 | Gen 193] gen_best: cost=5569583493.15  viol=1455066027.2728  obj=1460635610765.97 | best_so_far: cost=5569583493.15  viol=1455066027.2728  obj=1460635610765.97 (improved)
[Run 15 | FE 9728] best_local_obj=1460635610765.97  best_local_cost=5569583493.15  best_local_viol=1455066027.2728
[Run 15 | Gen 194] gen_best: cost=5569583493.15  viol=1455066027.2728  obj=1460635610765.97 | best_so_far: cost=5569583493.15  viol=1455066027.2728  obj=1460635610765.97 
[Run 15 | Gen 195] gen_best: cost=5569583493.15  viol=1455066027.2728  obj=1460635610765.97 | best_so_far: cost=5569583493.15  viol=1455066027.2728  obj=1460635610765.97 
[Run 15 | Gen 196] gen_best: cost=5569583493.15  viol=1455066027.2728  obj=1460635610765.97 | best_so_far: cost=5569583493.15  viol=1455066027.2728  obj=1460635610765.97 
[Run 15 | Gen 197] gen_best: cost=5569583493.15  viol=1455066027.2728  obj=1460635610765.97 | best_so_far: cost=5569583493.15  viol=1455066027.2728  obj=1460635610765.97 
[Run 15 | Gen 198] gen_best: cost=5569583493.15  viol=1455066027.2728  obj=1460635610765.97 | best_so_far: cost=5569583493.15  viol=1455066027.2728  obj=1460635610765.97 
[Run 15 | FE 9984] best_local_obj=1460635610765.97  best_local_cost=5569583493.15  best_local_viol=1455066027.2728
[Run 15 | Gen 199] gen_best: cost=5569583493.15  viol=1455066027.2728  obj=1460635610765.97 | best_so_far: cost=5569583493.15  viol=1455066027.2728  obj=1460635610765.97 
[Run 15 | Gen 200] gen_best: cost=5480372369.86  viol=1454120248.0623  obj=1459600620432.18 | best_so_far: cost=5480372369.86  viol=1454120248.0623  obj=1459600620432.18 (improved)
[Run 15 | Gen 201] gen_best: cost=5480372369.86  viol=1454120248.0623  obj=1459600620432.18 | best_so_far: cost=5480372369.86  viol=1454120248.0623  obj=1459600620432.18 
[Run 15 | Gen 202] gen_best: cost=5480372369.86  viol=1454120248.0623  obj=1459600620432.18 | best_so_far: cost=5480372369.86  viol=1454120248.0623  obj=1459600620432.18 
[Run 15 | Gen 203] gen_best: cost=5480372369.86  viol=1454120248.0623  obj=1459600620432.18 | best_so_far: cost=5480372369.86  viol=1454120248.0623  obj=1459600620432.18 
[Run 15 | FE 10240] best_local_obj=1459600620432.18  best_local_cost=5480372369.86  best_local_viol=1454120248.0623
[Run 15 | Gen 204] gen_best: cost=5480372369.86  viol=1454120248.0623  obj=1459600620432.18 | best_so_far: cost=5480372369.86  viol=1454120248.0623  obj=1459600620432.18 
[Run 15 | Gen 205] gen_best: cost=5480372369.86  viol=1454120248.0623  obj=1459600620432.18 | best_so_far: cost=5480372369.86  viol=1454120248.0623  obj=1459600620432.18 
[Run 15 | Gen 206] gen_best: cost=5480372369.86  viol=1454120248.0623  obj=1459600620432.18 | best_so_far: cost=5480372369.86  viol=1454120248.0623  obj=1459600620432.18 
[Run 15 | Gen 207] gen_best: cost=5551756054.79  viol=1450973853.9839  obj=1456525610038.72 | best_so_far: cost=5551756054.79  viol=1450973853.9839  obj=1456525610038.72 (improved)
[Run 15 | Gen 208] gen_best: cost=5569182835.62  viol=1443301417.2636  obj=1448870600099.19 | best_so_far: cost=5569182835.62  viol=1443301417.2636  obj=1448870600099.19 (improved)
[Run 15 | FE 10496] best_local_obj=1448870600099.19  best_local_cost=5569182835.62  best_local_viol=1443301417.2636
[Run 15 | Gen 209] gen_best: cost=5569182835.62  viol=1443301417.2636  obj=1448870600099.19 | best_so_far: cost=5569182835.62  viol=1443301417.2636  obj=1448870600099.19 
[Run 15 | Gen 210] gen_best: cost=5569182835.62  viol=1443301417.2636  obj=1448870600099.19 | best_so_far: cost=5569182835.62  viol=1443301417.2636  obj=1448870600099.19 
[Run 15 | Gen 211] gen_best: cost=5569182835.62  viol=1443301417.2636  obj=1448870600099.19 | best_so_far: cost=5569182835.62  viol=1443301417.2636  obj=1448870600099.19 
[Run 15 | Gen 212] gen_best: cost=5569182835.62  viol=1443301417.2636  obj=1448870600099.19 | best_so_far: cost=5569182835.62  viol=1443301417.2636  obj=1448870600099.19 
[Run 15 | Gen 213] gen_best: cost=5569182835.62  viol=1443301417.2636  obj=1448870600099.19 | best_so_far: cost=5569182835.62  viol=1443301417.2636  obj=1448870600099.19 
[Run 15 | Gen 214] gen_best: cost=5569182835.62  viol=1443301417.2636  obj=1448870600099.19 | best_so_far: cost=5569182835.62  viol=1443301417.2636  obj=1448870600099.19 
[Run 15 | FE 10752] best_local_obj=1448870600099.19  best_local_cost=5569182835.62  best_local_viol=1443301417.2636
[Run 15 | Gen 215] gen_best: cost=5569182835.62  viol=1443301417.2636  obj=1448870600099.19 | best_so_far: cost=5569182835.62  viol=1443301417.2636  obj=1448870600099.19 
[Run 15 | Gen 216] gen_best: cost=5520327465.75  viol=1438402622.1110  obj=1443922949576.77 | best_so_far: cost=5520327465.75  viol=1438402622.1110  obj=1443922949576.77 (improved)
[Run 15 | Gen 217] gen_best: cost=5520327465.75  viol=1438402622.1110  obj=1443922949576.77 | best_so_far: cost=5520327465.75  viol=1438402622.1110  obj=1443922949576.77 
[Run 15 | Gen 218] gen_best: cost=5520327465.75  viol=1438402622.1110  obj=1443922949576.77 | best_so_far: cost=5520327465.75  viol=1438402622.1110  obj=1443922949576.77 
[Run 15 | Gen 219] gen_best: cost=5520327465.75  viol=1438402622.1110  obj=1443922949576.77 | best_so_far: cost=5520327465.75  viol=1438402622.1110  obj=1443922949576.77 
[Run 15 | FE 11008] best_local_obj=1443922949576.77  best_local_cost=5520327465.75  best_local_viol=1438402622.1110
[Run 15 | Gen 220] gen_best: cost=5596362082.19  viol=1436100715.6126  obj=1441697077694.78 | best_so_far: cost=5596362082.19  viol=1436100715.6126  obj=1441697077694.78 (improved)
[Run 15 | Gen 221] gen_best: cost=5596362082.19  viol=1436100715.6126  obj=1441697077694.78 | best_so_far: cost=5596362082.19  viol=1436100715.6126  obj=1441697077694.78 
[Run 15 | Gen 222] gen_best: cost=5592286342.47  viol=1432217435.3490  obj=1437809721691.42 | best_so_far: cost=5592286342.47  viol=1432217435.3490  obj=1437809721691.42 (improved)
[Run 15 | Gen 223] gen_best: cost=5592286342.47  viol=1432217435.3490  obj=1437809721691.42 | best_so_far: cost=5592286342.47  viol=1432217435.3490  obj=1437809721691.42 
[Run 15 | Gen 224] gen_best: cost=5592286342.47  viol=1432217435.3490  obj=1437809721691.42 | best_so_far: cost=5592286342.47  viol=1432217435.3490  obj=1437809721691.42 
[Run 15 | FE 11264] best_local_obj=1437809721691.42  best_local_cost=5592286342.47  best_local_viol=1432217435.3490
[Run 15 | Gen 225] gen_best: cost=5592286342.47  viol=1432217435.3490  obj=1437809721691.42 | best_so_far: cost=5592286342.47  viol=1432217435.3490  obj=1437809721691.42 
[Run 15 | Gen 226] gen_best: cost=5592286342.47  viol=1432217435.3490  obj=1437809721691.42 | best_so_far: cost=5592286342.47  viol=1432217435.3490  obj=1437809721691.42 
[Run 15 | Gen 227] gen_best: cost=5592286342.47  viol=1432217435.3490  obj=1437809721691.42 | best_so_far: cost=5592286342.47  viol=1432217435.3490  obj=1437809721691.42 
[Run 15 | Gen 228] gen_best: cost=5592286342.47  viol=1432217435.3490  obj=1437809721691.42 | best_so_far: cost=5592286342.47  viol=1432217435.3490  obj=1437809721691.42 
[Run 15 | Gen 229] gen_best: cost=5607513287.67  viol=1427889524.4795  obj=1433497037767.17 | best_so_far: cost=5607513287.67  viol=1427889524.4795  obj=1433497037767.17 (improved)
[Run 15 | FE 11520] best_local_obj=1432734921802.36  best_local_cost=5563182890.41  best_local_viol=1427171738.9120
[Run 15 | Gen 230] gen_best: cost=5563182890.41  viol=1427171738.9120  obj=1432734921802.36 | best_so_far: cost=5563182890.41  viol=1427171738.9120  obj=1432734921802.36 (improved)
[Run 15 | Gen 231] gen_best: cost=5563182890.41  viol=1427171738.9120  obj=1432734921802.36 | best_so_far: cost=5563182890.41  viol=1427171738.9120  obj=1432734921802.36 
[Run 15 | Gen 232] gen_best: cost=5563182890.41  viol=1427171738.9120  obj=1432734921802.36 | best_so_far: cost=5563182890.41  viol=1427171738.9120  obj=1432734921802.36 
[Run 15 | Gen 233] gen_best: cost=5563182890.41  viol=1427171738.9120  obj=1432734921802.36 | best_so_far: cost=5563182890.41  viol=1427171738.9120  obj=1432734921802.36 
[Run 15 | Gen 234] gen_best: cost=5563182890.41  viol=1427171738.9120  obj=1432734921802.36 | best_so_far: cost=5563182890.41  viol=1427171738.9120  obj=1432734921802.36 
[Run 15 | FE 11776] best_local_obj=1432734921802.36  best_local_cost=5563182890.41  best_local_viol=1427171738.9120
[Run 15 | Gen 235] gen_best: cost=5563182890.41  viol=1427171738.9120  obj=1432734921802.36 | best_so_far: cost=5563182890.41  viol=1427171738.9120  obj=1432734921802.36 
[Run 15 | Gen 236] gen_best: cost=5563182890.41  viol=1427171738.9120  obj=1432734921802.36 | best_so_far: cost=5563182890.41  viol=1427171738.9120  obj=1432734921802.36 
[Run 15 | Gen 237] gen_best: cost=5563182890.41  viol=1427171738.9120  obj=1432734921802.36 | best_so_far: cost=5563182890.41  viol=1427171738.9120  obj=1432734921802.36 
[Run 15 | Gen 238] gen_best: cost=5630516684.93  viol=1423666518.8956  obj=1429297035580.53 | best_so_far: cost=5630516684.93  viol=1423666518.8956  obj=1429297035580.53 (improved)
[Run 15 | Gen 239] gen_best: cost=5630516684.93  viol=1423666518.8956  obj=1429297035580.53 | best_so_far: cost=5630516684.93  viol=1423666518.8956  obj=1429297035580.53 
[Run 15 | FE 12032] best_local_obj=1429297035580.53  best_local_cost=5630516684.93  best_local_viol=1423666518.8956
[Run 15 | Gen 240] gen_best: cost=5630516684.93  viol=1423666518.8956  obj=1429297035580.53 | best_so_far: cost=5630516684.93  viol=1423666518.8956  obj=1429297035580.53 
[Run 15 | Gen 241] gen_best: cost=5630516684.93  viol=1423666518.8956  obj=1429297035580.53 | best_so_far: cost=5630516684.93  viol=1423666518.8956  obj=1429297035580.53 
[Run 15 | Gen 242] gen_best: cost=5630516684.93  viol=1423666518.8956  obj=1429297035580.53 | best_so_far: cost=5630516684.93  viol=1423666518.8956  obj=1429297035580.53 
[Run 15 | Gen 243] gen_best: cost=5630516684.93  viol=1423666518.8956  obj=1429297035580.53 | best_so_far: cost=5630516684.93  viol=1423666518.8956  obj=1429297035580.53 
[Run 15 | Gen 244] gen_best: cost=5630516684.93  viol=1423666518.8956  obj=1429297035580.53 | best_so_far: cost=5630516684.93  viol=1423666518.8956  obj=1429297035580.53 
[Run 15 | FE 12288] best_local_obj=1429297035580.53  best_local_cost=5630516684.93  best_local_viol=1423666518.8956
[Run 15 | Gen 245] gen_best: cost=5630516684.93  viol=1423666518.8956  obj=1429297035580.53 | best_so_far: cost=5630516684.93  viol=1423666518.8956  obj=1429297035580.53 
[Run 15 | Gen 246] gen_best: cost=5630516684.93  viol=1423666518.8956  obj=1429297035580.53 | best_so_far: cost=5630516684.93  viol=1423666518.8956  obj=1429297035580.53 
[Run 15 | Gen 247] gen_best: cost=5630516684.93  viol=1423666518.8956  obj=1429297035580.53 | best_so_far: cost=5630516684.93  viol=1423666518.8956  obj=1429297035580.53 
[Run 15 | Gen 248] gen_best: cost=5630516684.93  viol=1423666518.8956  obj=1429297035580.53 | best_so_far: cost=5630516684.93  viol=1423666518.8956  obj=1429297035580.53 
[Run 15 | Gen 249] gen_best: cost=5630516684.93  viol=1423666518.8956  obj=1429297035580.53 | best_so_far: cost=5630516684.93  viol=1423666518.8956  obj=1429297035580.53 
[Run 15 | FE 12544] best_local_obj=1429297035580.53  best_local_cost=5630516684.93  best_local_viol=1423666518.8956
[Run 15 | Gen 250] gen_best: cost=5630516684.93  viol=1423666518.8956  obj=1429297035580.53 | best_so_far: cost=5630516684.93  viol=1423666518.8956  obj=1429297035580.53 
[Run 15 | Gen 251] gen_best: cost=5579960054.79  viol=1415117386.5680  obj=1420697346622.76 | best_so_far: cost=5579960054.79  viol=1415117386.5680  obj=1420697346622.76 (improved)
[Run 15 | Gen 252] gen_best: cost=5579960054.79  viol=1415117386.5680  obj=1420697346622.76 | best_so_far: cost=5579960054.79  viol=1415117386.5680  obj=1420697346622.76 
[Run 15 | Gen 253] gen_best: cost=5579960054.79  viol=1415117386.5680  obj=1420697346622.76 | best_so_far: cost=5579960054.79  viol=1415117386.5680  obj=1420697346622.76 
[Run 15 | Gen 254] gen_best: cost=5579960054.79  viol=1415117386.5680  obj=1420697346622.76 | best_so_far: cost=5579960054.79  viol=1415117386.5680  obj=1420697346622.76 
[Run 15 | FE 12800] best_local_obj=1420697346622.76  best_local_cost=5579960054.79  best_local_viol=1415117386.5680
[Run 15 | Gen 255] gen_best: cost=5579960054.79  viol=1415117386.5680  obj=1420697346622.76 | best_so_far: cost=5579960054.79  viol=1415117386.5680  obj=1420697346622.76 

[Stop] reached max_total_fe=12800.

[Run 15] best_global_cost=5579960054.7945, best_global_viol=1415117386.567970, best_global_obj=1420697346622.7644
[Done] summary=/work/home/acn1eb8nfq/yuezhang46/UScode/US实验一：横向对比/de_global_logs/run_15_seed_1015/runs_summary.csv
