[RunConfig] run_id=23 seed=1023
[OutputDir] /work/home/acn1eb8nfq/yuezhang46/UScode/US实验一：横向对比/de_global_logs/run_23_seed_1023
[Info] #nodes = 4301
[Load] Reading scenarios ...
  - 2020: raw edges=5296, days=366
  - 2025: raw edges=5296, days=365
  - 2030: raw edges=5296, days=365
  - 2035: raw edges=5296, days=365
  - 2040: raw edges=5296, days=366
[Filter] EDGE_WEIGHT_MIN=1.0
  - active_nodes=2914  inactive_nodes(fixed NONE)=1387
  - 2020: removed=2048, kept=3248
  - 2025: removed=2048, kept=3248
  - 2030: removed=2048, kept=3248
  - 2035: removed=2048, kept=3248
  - 2040: removed=2048, kept=3248
  - 2020: filtered edges (active subgraph)=3248
  - 2025: filtered edges (active subgraph)=3248
  - 2030: filtered edges (active subgraph)=3248
  - 2035: filtered edges (active subgraph)=3248
  - 2040: filtered edges (active subgraph)=3248
[DE] Evaluate initial population ...
[DE] Init snapshot: best_cost=1260150589.04  best_viol=3389720541.7214  best_obj=3390980692310.42
[DE] Evolve under FE budget ...
[Run 23 | Gen 1] gen_best: cost=1876858904.11  viol=3018953794.5416  obj=3020830653445.70 | best_so_far: cost=1876858904.11  viol=3018953794.5416  obj=3020830653445.70 (improved)
[Run 23 | Gen 2] gen_best: cost=2526973575.34  viol=2674479309.4438  obj=2677006283019.10 | best_so_far: cost=2526973575.34  viol=2674479309.4438  obj=2677006283019.10 (improved)
[Run 23 | Gen 3] gen_best: cost=2924926780.82  viol=2551838911.0766  obj=2554763837857.39 | best_so_far: cost=2924926780.82  viol=2551838911.0766  obj=2554763837857.39 (improved)
[Run 23 | Gen 4] gen_best: cost=3836249904.11  viol=2203442990.1344  obj=2207279240038.50 | best_so_far: cost=3836249904.11  viol=2203442990.1344  obj=2207279240038.50 (improved)
[Run 23 | FE 256] best_local_obj=2207279240038.50  best_local_cost=3836249904.11  best_local_viol=2203442990.1344
[Run 23 | Gen 5] gen_best: cost=3929588410.96  viol=2141422086.1158  obj=2145351674526.75 | best_so_far: cost=3929588410.96  viol=2141422086.1158  obj=2145351674526.75 (improved)
[Run 23 | Gen 6] gen_best: cost=4487136095.89  viol=2010079136.0883  obj=2014566272184.21 | best_so_far: cost=4487136095.89  viol=2010079136.0883  obj=2014566272184.21 (improved)
[Run 23 | Gen 7] gen_best: cost=4621805273.97  viol=1981561580.2687  obj=1986183385542.65 | best_so_far: cost=4621805273.97  viol=1981561580.2687  obj=1986183385542.65 (improved)
[Run 23 | Gen 8] gen_best: cost=4740670561.64  viol=1959783630.8273  obj=1964524301388.99 | best_so_far: cost=4740670561.64  viol=1959783630.8273  obj=1964524301388.99 (improved)
[Run 23 | Gen 9] gen_best: cost=4619531780.82  viol=1936045130.6850  obj=1940664662465.81 | best_so_far: cost=4619531780.82  viol=1936045130.6850  obj=1940664662465.81 (improved)
[Run 23 | FE 512] best_local_obj=1940664662465.81  best_local_cost=4619531780.82  best_local_viol=1936045130.6850
[Run 23 | Gen 10] gen_best: cost=4619531780.82  viol=1936045130.6850  obj=1940664662465.81 | best_so_far: cost=4619531780.82  viol=1936045130.6850  obj=1940664662465.81 
[Run 23 | Gen 11] gen_best: cost=4865036287.67  viol=1926503704.8604  obj=1931368741148.03 | best_so_far: cost=4865036287.67  viol=1926503704.8604  obj=1931368741148.03 (improved)
[Run 23 | Gen 12] gen_best: cost=4700966726.03  viol=1899609963.4283  obj=1904310930154.37 | best_so_far: cost=4700966726.03  viol=1899609963.4283  obj=1904310930154.37 (improved)
[Run 23 | Gen 13] gen_best: cost=4700966726.03  viol=1899609963.4283  obj=1904310930154.37 | best_so_far: cost=4700966726.03  viol=1899609963.4283  obj=1904310930154.37 
[Run 23 | Gen 14] gen_best: cost=4700966726.03  viol=1899609963.4283  obj=1904310930154.37 | best_so_far: cost=4700966726.03  viol=1899609963.4283  obj=1904310930154.37 
[Run 23 | FE 768] best_local_obj=1904310930154.37  best_local_cost=4700966726.03  best_local_viol=1899609963.4283
[Run 23 | Gen 15] gen_best: cost=4700966726.03  viol=1899609963.4283  obj=1904310930154.37 | best_so_far: cost=4700966726.03  viol=1899609963.4283  obj=1904310930154.37 
[Run 23 | Gen 16] gen_best: cost=4700966726.03  viol=1899609963.4283  obj=1904310930154.37 | best_so_far: cost=4700966726.03  viol=1899609963.4283  obj=1904310930154.37 
[Run 23 | Gen 17] gen_best: cost=4718869246.58  viol=1894155334.3291  obj=1898874203575.66 | best_so_far: cost=4718869246.58  viol=1894155334.3291  obj=1898874203575.66 (improved)
[Run 23 | Gen 18] gen_best: cost=4761874178.08  viol=1890083679.3153  obj=1894845553493.36 | best_so_far: cost=4761874178.08  viol=1890083679.3153  obj=1894845553493.36 (improved)
[Run 23 | Gen 19] gen_best: cost=4755148657.53  viol=1886037616.9772  obj=1890792765634.69 | best_so_far: cost=4755148657.53  viol=1886037616.9772  obj=1890792765634.69 (improved)
[Run 23 | FE 1024] best_local_obj=1890792765634.69  best_local_cost=4755148657.53  best_local_viol=1886037616.9772
[Run 23 | Gen 20] gen_best: cost=4755148657.53  viol=1886037616.9772  obj=1890792765634.69 | best_so_far: cost=4755148657.53  viol=1886037616.9772  obj=1890792765634.69 
[Run 23 | Gen 21] gen_best: cost=4755148657.53  viol=1886037616.9772  obj=1890792765634.69 | best_so_far: cost=4755148657.53  viol=1886037616.9772  obj=1890792765634.69 
[Run 23 | Gen 22] gen_best: cost=4987053767.12  viol=1869625974.7119  obj=1874613028478.99 | best_so_far: cost=4987053767.12  viol=1869625974.7119  obj=1874613028478.99 (improved)
[Run 23 | Gen 23] gen_best: cost=4987053767.12  viol=1869625974.7119  obj=1874613028478.99 | best_so_far: cost=4987053767.12  viol=1869625974.7119  obj=1874613028478.99 
[Run 23 | Gen 24] gen_best: cost=4987053767.12  viol=1869625974.7119  obj=1874613028478.99 | best_so_far: cost=4987053767.12  viol=1869625974.7119  obj=1874613028478.99 
[Run 23 | FE 1280] best_local_obj=1860404231801.21  best_local_cost=4964875232.88  best_local_viol=1855439356.5683
[Run 23 | Gen 25] gen_best: cost=4964875232.88  viol=1855439356.5683  obj=1860404231801.21 | best_so_far: cost=4964875232.88  viol=1855439356.5683  obj=1860404231801.21 (improved)
[Run 23 | Gen 26] gen_best: cost=4964875232.88  viol=1855439356.5683  obj=1860404231801.21 | best_so_far: cost=4964875232.88  viol=1855439356.5683  obj=1860404231801.21 
[Run 23 | Gen 27] gen_best: cost=4964875232.88  viol=1855439356.5683  obj=1860404231801.21 | best_so_far: cost=4964875232.88  viol=1855439356.5683  obj=1860404231801.21 
[Run 23 | Gen 28] gen_best: cost=4989678849.32  viol=1851079512.9750  obj=1856069191824.34 | best_so_far: cost=4989678849.32  viol=1851079512.9750  obj=1856069191824.34 (improved)
[Run 23 | Gen 29] gen_best: cost=4769551671.23  viol=1846488823.4177  obj=1851258375088.97 | best_so_far: cost=4769551671.23  viol=1846488823.4177  obj=1851258375088.97 (improved)
[Run 23 | FE 1536] best_local_obj=1851258375088.97  best_local_cost=4769551671.23  best_local_viol=1846488823.4177
[Run 23 | Gen 30] gen_best: cost=4769551671.23  viol=1846488823.4177  obj=1851258375088.97 | best_so_far: cost=4769551671.23  viol=1846488823.4177  obj=1851258375088.97 
[Run 23 | Gen 31] gen_best: cost=4898367232.88  viol=1838351907.2062  obj=1843250274439.10 | best_so_far: cost=4898367232.88  viol=1838351907.2062  obj=1843250274439.10 (improved)
[Run 23 | Gen 32] gen_best: cost=4918320246.58  viol=1815114995.6980  obj=1820033315944.54 | best_so_far: cost=4918320246.58  viol=1815114995.6980  obj=1820033315944.54 (improved)
[Run 23 | Gen 33] gen_best: cost=4848411041.10  viol=1806904332.4320  obj=1811752743473.14 | best_so_far: cost=4848411041.10  viol=1806904332.4320  obj=1811752743473.14 (improved)
[Run 23 | Gen 34] gen_best: cost=4848411041.10  viol=1806904332.4320  obj=1811752743473.14 | best_so_far: cost=4848411041.10  viol=1806904332.4320  obj=1811752743473.14 
[Run 23 | FE 1792] best_local_obj=1811752743473.14  best_local_cost=4848411041.10  best_local_viol=1806904332.4320
[Run 23 | Gen 35] gen_best: cost=4848411041.10  viol=1806904332.4320  obj=1811752743473.14 | best_so_far: cost=4848411041.10  viol=1806904332.4320  obj=1811752743473.14 
[Run 23 | Gen 36] gen_best: cost=4848411041.10  viol=1806904332.4320  obj=1811752743473.14 | best_so_far: cost=4848411041.10  viol=1806904332.4320  obj=1811752743473.14 
[Run 23 | Gen 37] gen_best: cost=4848411041.10  viol=1806904332.4320  obj=1811752743473.14 | best_so_far: cost=4848411041.10  viol=1806904332.4320  obj=1811752743473.14 
[Run 23 | Gen 38] gen_best: cost=4827108191.78  viol=1805014486.6890  obj=1809841594880.83 | best_so_far: cost=4827108191.78  viol=1805014486.6890  obj=1809841594880.83 (improved)
[Run 23 | Gen 39] gen_best: cost=4827108191.78  viol=1805014486.6890  obj=1809841594880.83 | best_so_far: cost=4827108191.78  viol=1805014486.6890  obj=1809841594880.83 
[Run 23 | FE 2048] best_local_obj=1801816518277.81  best_local_cost=4876815095.89  best_local_viol=1796939703.1819
[Run 23 | Gen 40] gen_best: cost=4876815095.89  viol=1796939703.1819  obj=1801816518277.81 | best_so_far: cost=4876815095.89  viol=1796939703.1819  obj=1801816518277.81 (improved)
[Run 23 | Gen 41] gen_best: cost=4876815095.89  viol=1796939703.1819  obj=1801816518277.81 | best_so_far: cost=4876815095.89  viol=1796939703.1819  obj=1801816518277.81 
[Run 23 | Gen 42] gen_best: cost=4876815095.89  viol=1796939703.1819  obj=1801816518277.81 | best_so_far: cost=4876815095.89  viol=1796939703.1819  obj=1801816518277.81 
[Run 23 | Gen 43] gen_best: cost=4876815095.89  viol=1796939703.1819  obj=1801816518277.81 | best_so_far: cost=4876815095.89  viol=1796939703.1819  obj=1801816518277.81 
[Run 23 | Gen 44] gen_best: cost=4987278794.52  viol=1786585046.9457  obj=1791572325740.20 | best_so_far: cost=4987278794.52  viol=1786585046.9457  obj=1791572325740.20 (improved)
[Run 23 | Gen 45] gen_best: cost=4987278794.52  viol=1786585046.9457  obj=1791572325740.20 | best_so_far: cost=4987278794.52  viol=1786585046.9457  obj=1791572325740.20 
[Run 23 | FE 2304] best_local_obj=1791572325740.20  best_local_cost=4987278794.52  best_local_viol=1786585046.9457
[Run 23 | Gen 46] gen_best: cost=4987278794.52  viol=1786585046.9457  obj=1791572325740.20 | best_so_far: cost=4987278794.52  viol=1786585046.9457  obj=1791572325740.20 
[Run 23 | Gen 47] gen_best: cost=4987278794.52  viol=1786585046.9457  obj=1791572325740.20 | best_so_far: cost=4987278794.52  viol=1786585046.9457  obj=1791572325740.20 
[Run 23 | Gen 48] gen_best: cost=4987278794.52  viol=1786585046.9457  obj=1791572325740.20 | best_so_far: cost=4987278794.52  viol=1786585046.9457  obj=1791572325740.20 
[Run 23 | Gen 49] gen_best: cost=4987278794.52  viol=1786585046.9457  obj=1791572325740.20 | best_so_far: cost=4987278794.52  viol=1786585046.9457  obj=1791572325740.20 
[Run 23 | Gen 50] gen_best: cost=4987278794.52  viol=1786585046.9457  obj=1791572325740.20 | best_so_far: cost=4987278794.52  viol=1786585046.9457  obj=1791572325740.20 
[Run 23 | FE 2560] best_local_obj=1791572325740.20  best_local_cost=4987278794.52  best_local_viol=1786585046.9457
[Run 23 | Gen 51] gen_best: cost=4987278794.52  viol=1786585046.9457  obj=1791572325740.20 | best_so_far: cost=4987278794.52  viol=1786585046.9457  obj=1791572325740.20 
[Run 23 | Gen 52] gen_best: cost=5035110178.08  viol=1769467745.8265  obj=1774502856004.61 | best_so_far: cost=5035110178.08  viol=1769467745.8265  obj=1774502856004.61 (improved)
[Run 23 | Gen 53] gen_best: cost=5035110178.08  viol=1769467745.8265  obj=1774502856004.61 | best_so_far: cost=5035110178.08  viol=1769467745.8265  obj=1774502856004.61 
[Run 23 | Gen 54] gen_best: cost=5035110178.08  viol=1769467745.8265  obj=1774502856004.61 | best_so_far: cost=5035110178.08  viol=1769467745.8265  obj=1774502856004.61 
[Run 23 | Gen 55] gen_best: cost=5035110178.08  viol=1769467745.8265  obj=1774502856004.61 | best_so_far: cost=5035110178.08  viol=1769467745.8265  obj=1774502856004.61 
[Run 23 | FE 2816] best_local_obj=1774502856004.61  best_local_cost=5035110178.08  best_local_viol=1769467745.8265
[Run 23 | Gen 56] gen_best: cost=5035110178.08  viol=1769467745.8265  obj=1774502856004.61 | best_so_far: cost=5035110178.08  viol=1769467745.8265  obj=1774502856004.61 
[Run 23 | Gen 57] gen_best: cost=5052514178.08  viol=1745024581.0974  obj=1750077095275.44 | best_so_far: cost=5052514178.08  viol=1745024581.0974  obj=1750077095275.44 (improved)
[Run 23 | Gen 58] gen_best: cost=5052514178.08  viol=1745024581.0974  obj=1750077095275.44 | best_so_far: cost=5052514178.08  viol=1745024581.0974  obj=1750077095275.44 
[Run 23 | Gen 59] gen_best: cost=5052514178.08  viol=1745024581.0974  obj=1750077095275.44 | best_so_far: cost=5052514178.08  viol=1745024581.0974  obj=1750077095275.44 
[Run 23 | Gen 60] gen_best: cost=5052514178.08  viol=1745024581.0974  obj=1750077095275.44 | best_so_far: cost=5052514178.08  viol=1745024581.0974  obj=1750077095275.44 
[Run 23 | FE 3072] best_local_obj=1750077095275.44  best_local_cost=5052514178.08  best_local_viol=1745024581.0974
[Run 23 | Gen 61] gen_best: cost=5052514178.08  viol=1745024581.0974  obj=1750077095275.44 | best_so_far: cost=5052514178.08  viol=1745024581.0974  obj=1750077095275.44 
[Run 23 | Gen 62] gen_best: cost=5052514178.08  viol=1745024581.0974  obj=1750077095275.44 | best_so_far: cost=5052514178.08  viol=1745024581.0974  obj=1750077095275.44 
[Run 23 | Gen 63] gen_best: cost=5052514178.08  viol=1745024581.0974  obj=1750077095275.44 | best_so_far: cost=5052514178.08  viol=1745024581.0974  obj=1750077095275.44 
[Run 23 | Gen 64] gen_best: cost=5052514178.08  viol=1745024581.0974  obj=1750077095275.44 | best_so_far: cost=5052514178.08  viol=1745024581.0974  obj=1750077095275.44 
[Run 23 | Gen 65] gen_best: cost=5052514178.08  viol=1745024581.0974  obj=1750077095275.44 | best_so_far: cost=5052514178.08  viol=1745024581.0974  obj=1750077095275.44 
[Run 23 | FE 3328] best_local_obj=1750077095275.44  best_local_cost=5052514178.08  best_local_viol=1745024581.0974
[Run 23 | Gen 66] gen_best: cost=5052514178.08  viol=1745024581.0974  obj=1750077095275.44 | best_so_far: cost=5052514178.08  viol=1745024581.0974  obj=1750077095275.44 
[Run 23 | Gen 67] gen_best: cost=5114997095.89  viol=1742917654.5259  obj=1748032651621.81 | best_so_far: cost=5114997095.89  viol=1742917654.5259  obj=1748032651621.81 (improved)
[Run 23 | Gen 68] gen_best: cost=5114997095.89  viol=1742917654.5259  obj=1748032651621.81 | best_so_far: cost=5114997095.89  viol=1742917654.5259  obj=1748032651621.81 
[Run 23 | Gen 69] gen_best: cost=4987429780.82  viol=1739163852.1929  obj=1744151281973.73 | best_so_far: cost=4987429780.82  viol=1739163852.1929  obj=1744151281973.73 (improved)
[Run 23 | Gen 70] gen_best: cost=5071841671.23  viol=1729297940.5008  obj=1734369782172.05 | best_so_far: cost=5071841671.23  viol=1729297940.5008  obj=1734369782172.05 (improved)
[Run 23 | FE 3584] best_local_obj=1734369782172.05  best_local_cost=5071841671.23  best_local_viol=1729297940.5008
[Run 23 | Gen 71] gen_best: cost=5071841671.23  viol=1729297940.5008  obj=1734369782172.05 | best_so_far: cost=5071841671.23  viol=1729297940.5008  obj=1734369782172.05 
[Run 23 | Gen 72] gen_best: cost=5071841671.23  viol=1729297940.5008  obj=1734369782172.05 | best_so_far: cost=5071841671.23  viol=1729297940.5008  obj=1734369782172.05 
[Run 23 | Gen 73] gen_best: cost=5071841671.23  viol=1729297940.5008  obj=1734369782172.05 | best_so_far: cost=5071841671.23  viol=1729297940.5008  obj=1734369782172.05 
[Run 23 | Gen 74] gen_best: cost=5071841671.23  viol=1729297940.5008  obj=1734369782172.05 | best_so_far: cost=5071841671.23  viol=1729297940.5008  obj=1734369782172.05 
[Run 23 | Gen 75] gen_best: cost=5071841671.23  viol=1729297940.5008  obj=1734369782172.05 | best_so_far: cost=5071841671.23  viol=1729297940.5008  obj=1734369782172.05 
[Run 23 | FE 3840] best_local_obj=1734369782172.05  best_local_cost=5071841671.23  best_local_viol=1729297940.5008
[Run 23 | Gen 76] gen_best: cost=5071841671.23  viol=1729297940.5008  obj=1734369782172.05 | best_so_far: cost=5071841671.23  viol=1729297940.5008  obj=1734369782172.05 
[Run 23 | Gen 77] gen_best: cost=5029261054.79  viol=1720661074.3724  obj=1725690335427.24 | best_so_far: cost=5029261054.79  viol=1720661074.3724  obj=1725690335427.24 (improved)
[Run 23 | Gen 78] gen_best: cost=5029261054.79  viol=1720661074.3724  obj=1725690335427.24 | best_so_far: cost=5029261054.79  viol=1720661074.3724  obj=1725690335427.24 
[Run 23 | Gen 79] gen_best: cost=5128523109.59  viol=1698126469.3136  obj=1703254992423.21 | best_so_far: cost=5128523109.59  viol=1698126469.3136  obj=1703254992423.21 (improved)
[Run 23 | Gen 80] gen_best: cost=5128523109.59  viol=1698126469.3136  obj=1703254992423.21 | best_so_far: cost=5128523109.59  viol=1698126469.3136  obj=1703254992423.21 
[Run 23 | FE 4096] best_local_obj=1703254992423.21  best_local_cost=5128523109.59  best_local_viol=1698126469.3136
[Run 23 | Gen 81] gen_best: cost=5128523109.59  viol=1698126469.3136  obj=1703254992423.21 | best_so_far: cost=5128523109.59  viol=1698126469.3136  obj=1703254992423.21 
[Run 23 | Gen 82] gen_best: cost=5128523109.59  viol=1698126469.3136  obj=1703254992423.21 | best_so_far: cost=5128523109.59  viol=1698126469.3136  obj=1703254992423.21 
[Run 23 | Gen 83] gen_best: cost=5128523109.59  viol=1698126469.3136  obj=1703254992423.21 | best_so_far: cost=5128523109.59  viol=1698126469.3136  obj=1703254992423.21 
[Run 23 | Gen 84] gen_best: cost=5128523109.59  viol=1698126469.3136  obj=1703254992423.21 | best_so_far: cost=5128523109.59  viol=1698126469.3136  obj=1703254992423.21 
[Run 23 | Gen 85] gen_best: cost=5128523109.59  viol=1698126469.3136  obj=1703254992423.21 | best_so_far: cost=5128523109.59  viol=1698126469.3136  obj=1703254992423.21 
[Run 23 | Gen 86] gen_best: cost=5128523109.59  viol=1698126469.3136  obj=1703254992423.21 | best_so_far: cost=5128523109.59  viol=1698126469.3136  obj=1703254992423.21 
[Run 23 | FE 4352] best_local_obj=1703254992423.21  best_local_cost=5128523109.59  best_local_viol=1698126469.3136
[Run 23 | Gen 87] gen_best: cost=5128523109.59  viol=1698126469.3136  obj=1703254992423.21 | best_so_far: cost=5128523109.59  viol=1698126469.3136  obj=1703254992423.21 
[Run 23 | Gen 88] gen_best: cost=5128523109.59  viol=1698126469.3136  obj=1703254992423.21 | best_so_far: cost=5128523109.59  viol=1698126469.3136  obj=1703254992423.21 
[Run 23 | Gen 89] gen_best: cost=5076266753.42  viol=1687453405.9739  obj=1692529672727.36 | best_so_far: cost=5076266753.42  viol=1687453405.9739  obj=1692529672727.36 (improved)
[Run 23 | Gen 90] gen_best: cost=5041312424.66  viol=1682678216.0730  obj=1687719528497.65 | best_so_far: cost=5041312424.66  viol=1682678216.0730  obj=1687719528497.65 (improved)
[Run 23 | Gen 91] gen_best: cost=5041312424.66  viol=1682678216.0730  obj=1687719528497.65 | best_so_far: cost=5041312424.66  viol=1682678216.0730  obj=1687719528497.65 
[Run 23 | FE 4608] best_local_obj=1687719528497.65  best_local_cost=5041312424.66  best_local_viol=1682678216.0730
[Run 23 | Gen 92] gen_best: cost=5041312424.66  viol=1682678216.0730  obj=1687719528497.65 | best_so_far: cost=5041312424.66  viol=1682678216.0730  obj=1687719528497.65 
[Run 23 | Gen 93] gen_best: cost=4957627205.48  viol=1681365354.4725  obj=1686322981677.95 | best_so_far: cost=4957627205.48  viol=1681365354.4725  obj=1686322981677.95 (improved)
[Run 23 | Gen 94] gen_best: cost=5013509191.78  viol=1674255935.4534  obj=1679269444645.13 | best_so_far: cost=5013509191.78  viol=1674255935.4534  obj=1679269444645.13 (improved)
[Run 23 | Gen 95] gen_best: cost=5013509191.78  viol=1674255935.4534  obj=1679269444645.13 | best_so_far: cost=5013509191.78  viol=1674255935.4534  obj=1679269444645.13 
[Run 23 | Gen 96] gen_best: cost=5013509191.78  viol=1674255935.4534  obj=1679269444645.13 | best_so_far: cost=5013509191.78  viol=1674255935.4534  obj=1679269444645.13 
[Run 23 | FE 4864] best_local_obj=1679269444645.13  best_local_cost=5013509191.78  best_local_viol=1674255935.4534
[Run 23 | Gen 97] gen_best: cost=5013509191.78  viol=1674255935.4534  obj=1679269444645.13 | best_so_far: cost=5013509191.78  viol=1674255935.4534  obj=1679269444645.13 
[Run 23 | Gen 98] gen_best: cost=5139299452.05  viol=1667074515.1700  obj=1672213814622.05 | best_so_far: cost=5139299452.05  viol=1667074515.1700  obj=1672213814622.05 (improved)
[Run 23 | Gen 99] gen_best: cost=4966778520.55  viol=1664926873.0367  obj=1669893651557.27 | best_so_far: cost=4966778520.55  viol=1664926873.0367  obj=1669893651557.27 (improved)
[Run 23 | Gen 100] gen_best: cost=4966778520.55  viol=1664926873.0367  obj=1669893651557.27 | best_so_far: cost=4966778520.55  viol=1664926873.0367  obj=1669893651557.27 
[Run 23 | Gen 101] gen_best: cost=5101170863.01  viol=1656049940.9619  obj=1661151111824.88 | best_so_far: cost=5101170863.01  viol=1656049940.9619  obj=1661151111824.88 (improved)
[Run 23 | FE 5120] best_local_obj=1661151111824.88  best_local_cost=5101170863.01  best_local_viol=1656049940.9619
[Run 23 | Gen 102] gen_best: cost=5101170863.01  viol=1656049940.9619  obj=1661151111824.88 | best_so_far: cost=5101170863.01  viol=1656049940.9619  obj=1661151111824.88 
[Run 23 | Gen 103] gen_best: cost=5101170863.01  viol=1656049940.9619  obj=1661151111824.88 | best_so_far: cost=5101170863.01  viol=1656049940.9619  obj=1661151111824.88 
[Run 23 | Gen 104] gen_best: cost=5183156027.40  viol=1650865870.1179  obj=1656049026145.29 | best_so_far: cost=5183156027.40  viol=1650865870.1179  obj=1656049026145.29 (improved)
[Run 23 | Gen 105] gen_best: cost=5183156027.40  viol=1650865870.1179  obj=1656049026145.29 | best_so_far: cost=5183156027.40  viol=1650865870.1179  obj=1656049026145.29 
[Run 23 | Gen 106] gen_best: cost=5183156027.40  viol=1650865870.1179  obj=1656049026145.29 | best_so_far: cost=5183156027.40  viol=1650865870.1179  obj=1656049026145.29 
[Run 23 | FE 5376] best_local_obj=1656049026145.29  best_local_cost=5183156027.40  best_local_viol=1650865870.1179
[Run 23 | Gen 107] gen_best: cost=5183156027.40  viol=1650865870.1179  obj=1656049026145.29 | best_so_far: cost=5183156027.40  viol=1650865870.1179  obj=1656049026145.29 
[Run 23 | Gen 108] gen_best: cost=5034537342.47  viol=1646869912.0078  obj=1651904449350.29 | best_so_far: cost=5034537342.47  viol=1646869912.0078  obj=1651904449350.29 (improved)
[Run 23 | Gen 109] gen_best: cost=5034537342.47  viol=1646869912.0078  obj=1651904449350.29 | best_so_far: cost=5034537342.47  viol=1646869912.0078  obj=1651904449350.29 
[Run 23 | Gen 110] gen_best: cost=5034537342.47  viol=1646869912.0078  obj=1651904449350.29 | best_so_far: cost=5034537342.47  viol=1646869912.0078  obj=1651904449350.29 
[Run 23 | Gen 111] gen_best: cost=5034537342.47  viol=1646869912.0078  obj=1651904449350.29 | best_so_far: cost=5034537342.47  viol=1646869912.0078  obj=1651904449350.29 
[Run 23 | FE 5632] best_local_obj=1651904449350.29  best_local_cost=5034537342.47  best_local_viol=1646869912.0078
[Run 23 | Gen 112] gen_best: cost=5034537342.47  viol=1646869912.0078  obj=1651904449350.29 | best_so_far: cost=5034537342.47  viol=1646869912.0078  obj=1651904449350.29 
[Run 23 | Gen 113] gen_best: cost=5034537342.47  viol=1646869912.0078  obj=1651904449350.29 | best_so_far: cost=5034537342.47  viol=1646869912.0078  obj=1651904449350.29 
[Run 23 | Gen 114] gen_best: cost=5034537342.47  viol=1646869912.0078  obj=1651904449350.29 | best_so_far: cost=5034537342.47  viol=1646869912.0078  obj=1651904449350.29 
[Run 23 | Gen 115] gen_best: cost=5092319438.36  viol=1641515424.8891  obj=1646607744327.42 | best_so_far: cost=5092319438.36  viol=1641515424.8891  obj=1646607744327.42 (improved)
[Run 23 | Gen 116] gen_best: cost=5092319438.36  viol=1641515424.8891  obj=1646607744327.42 | best_so_far: cost=5092319438.36  viol=1641515424.8891  obj=1646607744327.42 
[Run 23 | FE 5888] best_local_obj=1646607744327.42  best_local_cost=5092319438.36  best_local_viol=1641515424.8891
[Run 23 | Gen 117] gen_best: cost=5092319438.36  viol=1641515424.8891  obj=1646607744327.42 | best_so_far: cost=5092319438.36  viol=1641515424.8891  obj=1646607744327.42 
[Run 23 | Gen 118] gen_best: cost=5092319438.36  viol=1641515424.8891  obj=1646607744327.42 | best_so_far: cost=5092319438.36  viol=1641515424.8891  obj=1646607744327.42 
[Run 23 | Gen 119] gen_best: cost=5092319438.36  viol=1641515424.8891  obj=1646607744327.42 | best_so_far: cost=5092319438.36  viol=1641515424.8891  obj=1646607744327.42 
[Run 23 | Gen 120] gen_best: cost=5092319438.36  viol=1641515424.8891  obj=1646607744327.42 | best_so_far: cost=5092319438.36  viol=1641515424.8891  obj=1646607744327.42 
[Run 23 | Gen 121] gen_best: cost=5092319438.36  viol=1641515424.8891  obj=1646607744327.42 | best_so_far: cost=5092319438.36  viol=1641515424.8891  obj=1646607744327.42 
[Run 23 | FE 6144] best_local_obj=1646607744327.42  best_local_cost=5092319438.36  best_local_viol=1641515424.8891
[Run 23 | Gen 122] gen_best: cost=5092319438.36  viol=1641515424.8891  obj=1646607744327.42 | best_so_far: cost=5092319438.36  viol=1641515424.8891  obj=1646607744327.42 
[Run 23 | Gen 123] gen_best: cost=5092319438.36  viol=1641515424.8891  obj=1646607744327.42 | best_so_far: cost=5092319438.36  viol=1641515424.8891  obj=1646607744327.42 
[Run 23 | Gen 124] gen_best: cost=5092319438.36  viol=1641515424.8891  obj=1646607744327.42 | best_so_far: cost=5092319438.36  viol=1641515424.8891  obj=1646607744327.42 
[Run 23 | Gen 125] gen_best: cost=5092319438.36  viol=1641515424.8891  obj=1646607744327.42 | best_so_far: cost=5092319438.36  viol=1641515424.8891  obj=1646607744327.42 
[Run 23 | Gen 126] gen_best: cost=5103195945.21  viol=1640267133.9134  obj=1645370329858.56 | best_so_far: cost=5103195945.21  viol=1640267133.9134  obj=1645370329858.56 (improved)
[Run 23 | FE 6400] best_local_obj=1640208118858.06  best_local_cost=5114648027.40  best_local_viol=1635093470.8307
[Run 23 | Gen 127] gen_best: cost=5114648027.40  viol=1635093470.8307  obj=1640208118858.06 | best_so_far: cost=5114648027.40  viol=1635093470.8307  obj=1640208118858.06 (improved)
[Run 23 | Gen 128] gen_best: cost=5171404876.71  viol=1620710530.8447  obj=1625881935721.38 | best_so_far: cost=5171404876.71  viol=1620710530.8447  obj=1625881935721.38 (improved)
[Run 23 | Gen 129] gen_best: cost=5171404876.71  viol=1620710530.8447  obj=1625881935721.38 | best_so_far: cost=5171404876.71  viol=1620710530.8447  obj=1625881935721.38 
[Run 23 | Gen 130] gen_best: cost=5171404876.71  viol=1620710530.8447  obj=1625881935721.38 | best_so_far: cost=5171404876.71  viol=1620710530.8447  obj=1625881935721.38 
[Run 23 | Gen 131] gen_best: cost=5171404876.71  viol=1620710530.8447  obj=1625881935721.38 | best_so_far: cost=5171404876.71  viol=1620710530.8447  obj=1625881935721.38 
[Run 23 | Gen 132] gen_best: cost=5214634890.41  viol=1620047271.3273  obj=1625261906217.68 | best_so_far: cost=5214634890.41  viol=1620047271.3273  obj=1625261906217.68 (improved)
[Run 23 | FE 6656] best_local_obj=1625261906217.68  best_local_cost=5214634890.41  best_local_viol=1620047271.3273
[Run 23 | Gen 133] gen_best: cost=5214634890.41  viol=1620047271.3273  obj=1625261906217.68 | best_so_far: cost=5214634890.41  viol=1620047271.3273  obj=1625261906217.68 
[Run 23 | Gen 134] gen_best: cost=5214634890.41  viol=1620047271.3273  obj=1625261906217.68 | best_so_far: cost=5214634890.41  viol=1620047271.3273  obj=1625261906217.68 
[Run 23 | Gen 135] gen_best: cost=5214634890.41  viol=1620047271.3273  obj=1625261906217.68 | best_so_far: cost=5214634890.41  viol=1620047271.3273  obj=1625261906217.68 
[Run 23 | Gen 136] gen_best: cost=5214634890.41  viol=1620047271.3273  obj=1625261906217.68 | best_so_far: cost=5214634890.41  viol=1620047271.3273  obj=1625261906217.68 
[Run 23 | Gen 137] gen_best: cost=5259190315.07  viol=1609040247.4292  obj=1614299437744.31 | best_so_far: cost=5259190315.07  viol=1609040247.4292  obj=1614299437744.31 (improved)
[Run 23 | FE 6912] best_local_obj=1614299437744.31  best_local_cost=5259190315.07  best_local_viol=1609040247.4292
[Run 23 | Gen 138] gen_best: cost=5259190315.07  viol=1609040247.4292  obj=1614299437744.31 | best_so_far: cost=5259190315.07  viol=1609040247.4292  obj=1614299437744.31 
[Run 23 | Gen 139] gen_best: cost=5259190315.07  viol=1609040247.4292  obj=1614299437744.31 | best_so_far: cost=5259190315.07  viol=1609040247.4292  obj=1614299437744.31 
[Run 23 | Gen 140] gen_best: cost=5259190315.07  viol=1609040247.4292  obj=1614299437744.31 | best_so_far: cost=5259190315.07  viol=1609040247.4292  obj=1614299437744.31 
[Run 23 | Gen 141] gen_best: cost=5279118849.32  viol=1606492967.6290  obj=1611772086478.33 | best_so_far: cost=5279118849.32  viol=1606492967.6290  obj=1611772086478.33 (improved)
[Run 23 | Gen 142] gen_best: cost=5279118849.32  viol=1606492967.6290  obj=1611772086478.33 | best_so_far: cost=5279118849.32  viol=1606492967.6290  obj=1611772086478.33 
[Run 23 | FE 7168] best_local_obj=1611772086478.33  best_local_cost=5279118849.32  best_local_viol=1606492967.6290
[Run 23 | Gen 143] gen_best: cost=5279118849.32  viol=1606492967.6290  obj=1611772086478.33 | best_so_far: cost=5279118849.32  viol=1606492967.6290  obj=1611772086478.33 
[Run 23 | Gen 144] gen_best: cost=5279118849.32  viol=1606492967.6290  obj=1611772086478.33 | best_so_far: cost=5279118849.32  viol=1606492967.6290  obj=1611772086478.33 
[Run 23 | Gen 145] gen_best: cost=5198633684.93  viol=1596145395.8618  obj=1601344029546.68 | best_so_far: cost=5198633684.93  viol=1596145395.8618  obj=1601344029546.68 (improved)
[Run 23 | Gen 146] gen_best: cost=5198633684.93  viol=1596145395.8618  obj=1601344029546.68 | best_so_far: cost=5198633684.93  viol=1596145395.8618  obj=1601344029546.68 
[Run 23 | Gen 147] gen_best: cost=5198633684.93  viol=1596145395.8618  obj=1601344029546.68 | best_so_far: cost=5198633684.93  viol=1596145395.8618  obj=1601344029546.68 
[Run 23 | FE 7424] best_local_obj=1601344029546.68  best_local_cost=5198633684.93  best_local_viol=1596145395.8618
[Run 23 | Gen 148] gen_best: cost=5198633684.93  viol=1596145395.8618  obj=1601344029546.68 | best_so_far: cost=5198633684.93  viol=1596145395.8618  obj=1601344029546.68 
[Run 23 | Gen 149] gen_best: cost=5198633684.93  viol=1596145395.8618  obj=1601344029546.68 | best_so_far: cost=5198633684.93  viol=1596145395.8618  obj=1601344029546.68 
[Run 23 | Gen 150] gen_best: cost=5198633684.93  viol=1596145395.8618  obj=1601344029546.68 | best_so_far: cost=5198633684.93  viol=1596145395.8618  obj=1601344029546.68 
[Run 23 | Gen 151] gen_best: cost=5198633684.93  viol=1596145395.8618  obj=1601344029546.68 | best_so_far: cost=5198633684.93  viol=1596145395.8618  obj=1601344029546.68 
[Run 23 | Gen 152] gen_best: cost=5235912986.30  viol=1584407585.4134  obj=1589643498399.70 | best_so_far: cost=5235912986.30  viol=1584407585.4134  obj=1589643498399.70 (improved)
[Run 23 | FE 7680] best_local_obj=1589643498399.70  best_local_cost=5235912986.30  best_local_viol=1584407585.4134
[Run 23 | Gen 153] gen_best: cost=5235912986.30  viol=1584407585.4134  obj=1589643498399.70 | best_so_far: cost=5235912986.30  viol=1584407585.4134  obj=1589643498399.70 
[Run 23 | Gen 154] gen_best: cost=5235912986.30  viol=1584407585.4134  obj=1589643498399.70 | best_so_far: cost=5235912986.30  viol=1584407585.4134  obj=1589643498399.70 
[Run 23 | Gen 155] gen_best: cost=5235912986.30  viol=1584407585.4134  obj=1589643498399.70 | best_so_far: cost=5235912986.30  viol=1584407585.4134  obj=1589643498399.70 
[Run 23 | Gen 156] gen_best: cost=5235912986.30  viol=1584407585.4134  obj=1589643498399.70 | best_so_far: cost=5235912986.30  viol=1584407585.4134  obj=1589643498399.70 
[Run 23 | Gen 157] gen_best: cost=5235912986.30  viol=1584407585.4134  obj=1589643498399.70 | best_so_far: cost=5235912986.30  viol=1584407585.4134  obj=1589643498399.70 
[Run 23 | FE 7936] best_local_obj=1589643498399.70  best_local_cost=5235912986.30  best_local_viol=1584407585.4134
[Run 23 | Gen 158] gen_best: cost=5235912986.30  viol=1584407585.4134  obj=1589643498399.70 | best_so_far: cost=5235912986.30  viol=1584407585.4134  obj=1589643498399.70 
[Run 23 | Gen 159] gen_best: cost=5230812931.51  viol=1583041520.5061  obj=1588272333437.59 | best_so_far: cost=5230812931.51  viol=1583041520.5061  obj=1588272333437.59 (improved)
[Run 23 | Gen 160] gen_best: cost=5194958273.97  viol=1571552540.3338  obj=1576747498607.77 | best_so_far: cost=5194958273.97  viol=1571552540.3338  obj=1576747498607.77 (improved)
[Run 23 | Gen 161] gen_best: cost=5194958273.97  viol=1571552540.3338  obj=1576747498607.77 | best_so_far: cost=5194958273.97  viol=1571552540.3338  obj=1576747498607.77 
[Run 23 | Gen 162] gen_best: cost=5194958273.97  viol=1571552540.3338  obj=1576747498607.77 | best_so_far: cost=5194958273.97  viol=1571552540.3338  obj=1576747498607.77 
[Run 23 | FE 8192] best_local_obj=1576747498607.77  best_local_cost=5194958273.97  best_local_viol=1571552540.3338
[Run 23 | Gen 163] gen_best: cost=5194958273.97  viol=1571552540.3338  obj=1576747498607.77 | best_so_far: cost=5194958273.97  viol=1571552540.3338  obj=1576747498607.77 
[Run 23 | Gen 164] gen_best: cost=5194958273.97  viol=1571552540.3338  obj=1576747498607.77 | best_so_far: cost=5194958273.97  viol=1571552540.3338  obj=1576747498607.77 
[Run 23 | Gen 165] gen_best: cost=5368555821.92  viol=1565553746.8856  obj=1570922302707.56 | best_so_far: cost=5368555821.92  viol=1565553746.8856  obj=1570922302707.56 (improved)
[Run 23 | Gen 166] gen_best: cost=5292820986.30  viol=1559994174.2512  obj=1565286995237.48 | best_so_far: cost=5292820986.30  viol=1559994174.2512  obj=1565286995237.48 (improved)
[Run 23 | Gen 167] gen_best: cost=5292820986.30  viol=1559994174.2512  obj=1565286995237.48 | best_so_far: cost=5292820986.30  viol=1559994174.2512  obj=1565286995237.48 
[Run 23 | FE 8448] best_local_obj=1558606682440.15  best_local_cost=5293721260.27  best_local_viol=1553312961.1799
[Run 23 | Gen 168] gen_best: cost=5293721260.27  viol=1553312961.1799  obj=1558606682440.15 | best_so_far: cost=5293721260.27  viol=1553312961.1799  obj=1558606682440.15 (improved)
[Run 23 | Gen 169] gen_best: cost=5293721260.27  viol=1553312961.1799  obj=1558606682440.15 | best_so_far: cost=5293721260.27  viol=1553312961.1799  obj=1558606682440.15 
[Run 23 | Gen 170] gen_best: cost=5294921424.66  viol=1545629570.1000  obj=1550924491524.70 | best_so_far: cost=5294921424.66  viol=1545629570.1000  obj=1550924491524.70 (improved)
[Run 23 | Gen 171] gen_best: cost=5294921424.66  viol=1545629570.1000  obj=1550924491524.70 | best_so_far: cost=5294921424.66  viol=1545629570.1000  obj=1550924491524.70 
[Run 23 | Gen 172] gen_best: cost=5294921424.66  viol=1545629570.1000  obj=1550924491524.70 | best_so_far: cost=5294921424.66  viol=1545629570.1000  obj=1550924491524.70 
[Run 23 | Gen 173] gen_best: cost=5294921424.66  viol=1545629570.1000  obj=1550924491524.70 | best_so_far: cost=5294921424.66  viol=1545629570.1000  obj=1550924491524.70 
[Run 23 | FE 8704] best_local_obj=1550924491524.70  best_local_cost=5294921424.66  best_local_viol=1545629570.1000
[Run 23 | Gen 174] gen_best: cost=5288095575.34  viol=1545465123.8214  obj=1550753219396.72 | best_so_far: cost=5288095575.34  viol=1545465123.8214  obj=1550753219396.72 (improved)
[Run 23 | Gen 175] gen_best: cost=5369856424.66  viol=1543056732.3829  obj=1548426588807.51 | best_so_far: cost=5369856424.66  viol=1543056732.3829  obj=1548426588807.51 (improved)
[Run 23 | Gen 176] gen_best: cost=5369856424.66  viol=1543056732.3829  obj=1548426588807.51 | best_so_far: cost=5369856424.66  viol=1543056732.3829  obj=1548426588807.51 
[Run 23 | Gen 177] gen_best: cost=5365830246.58  viol=1541170390.6779  obj=1546536220924.49 | best_so_far: cost=5365830246.58  viol=1541170390.6779  obj=1546536220924.49 (improved)
[Run 23 | Gen 178] gen_best: cost=5365830246.58  viol=1541170390.6779  obj=1546536220924.49 | best_so_far: cost=5365830246.58  viol=1541170390.6779  obj=1546536220924.49 
[Run 23 | FE 8960] best_local_obj=1546536220924.49  best_local_cost=5365830246.58  best_local_viol=1541170390.6779
[Run 23 | Gen 179] gen_best: cost=5365830246.58  viol=1541170390.6779  obj=1546536220924.49 | best_so_far: cost=5365830246.58  viol=1541170390.6779  obj=1546536220924.49 
[Run 23 | Gen 180] gen_best: cost=5365830246.58  viol=1541170390.6779  obj=1546536220924.49 | best_so_far: cost=5365830246.58  viol=1541170390.6779  obj=1546536220924.49 
[Run 23 | Gen 181] gen_best: cost=5348303630.14  viol=1535246051.0861  obj=1540594354716.26 | best_so_far: cost=5348303630.14  viol=1535246051.0861  obj=1540594354716.26 (improved)
[Run 23 | Gen 182] gen_best: cost=5348303630.14  viol=1535246051.0861  obj=1540594354716.26 | best_so_far: cost=5348303630.14  viol=1535246051.0861  obj=1540594354716.26 
[Run 23 | Gen 183] gen_best: cost=5348303630.14  viol=1535246051.0861  obj=1540594354716.26 | best_so_far: cost=5348303630.14  viol=1535246051.0861  obj=1540594354716.26 
[Run 23 | FE 9216] best_local_obj=1526121813852.78  best_local_cost=5313948972.60  best_local_viol=1520807864.8802
[Run 23 | Gen 184] gen_best: cost=5313948972.60  viol=1520807864.8802  obj=1526121813852.78 | best_so_far: cost=5313948972.60  viol=1520807864.8802  obj=1526121813852.78 (improved)
[Run 23 | Gen 185] gen_best: cost=5313948972.60  viol=1520807864.8802  obj=1526121813852.78 | best_so_far: cost=5313948972.60  viol=1520807864.8802  obj=1526121813852.78 
[Run 23 | Gen 186] gen_best: cost=5313948972.60  viol=1520807864.8802  obj=1526121813852.78 | best_so_far: cost=5313948972.60  viol=1520807864.8802  obj=1526121813852.78 
[Run 23 | Gen 187] gen_best: cost=5313948972.60  viol=1520807864.8802  obj=1526121813852.78 | best_so_far: cost=5313948972.60  viol=1520807864.8802  obj=1526121813852.78 
[Run 23 | Gen 188] gen_best: cost=5313948972.60  viol=1520807864.8802  obj=1526121813852.78 | best_so_far: cost=5313948972.60  viol=1520807864.8802  obj=1526121813852.78 
[Run 23 | FE 9472] best_local_obj=1526121813852.78  best_local_cost=5313948972.60  best_local_viol=1520807864.8802
[Run 23 | Gen 189] gen_best: cost=5313948972.60  viol=1520807864.8802  obj=1526121813852.78 | best_so_far: cost=5313948972.60  viol=1520807864.8802  obj=1526121813852.78 
[Run 23 | Gen 190] gen_best: cost=5313948972.60  viol=1520807864.8802  obj=1526121813852.78 | best_so_far: cost=5313948972.60  viol=1520807864.8802  obj=1526121813852.78 
[Run 23 | Gen 191] gen_best: cost=5313948972.60  viol=1520807864.8802  obj=1526121813852.78 | best_so_far: cost=5313948972.60  viol=1520807864.8802  obj=1526121813852.78 
[Run 23 | Gen 192] gen_best: cost=5313948972.60  viol=1520807864.8802  obj=1526121813852.78 | best_so_far: cost=5313948972.60  viol=1520807864.8802  obj=1526121813852.78 
[Run 23 | Gen 193] gen_best: cost=5313948972.60  viol=1520807864.8802  obj=1526121813852.78 | best_so_far: cost=5313948972.60  viol=1520807864.8802  obj=1526121813852.78 
[Run 23 | FE 9728] best_local_obj=1526121813852.78  best_local_cost=5313948972.60  best_local_viol=1520807864.8802
[Run 23 | Gen 194] gen_best: cost=5300522520.55  viol=1514762365.3691  obj=1520062887889.60 | best_so_far: cost=5300522520.55  viol=1514762365.3691  obj=1520062887889.60 (improved)
[Run 23 | Gen 195] gen_best: cost=5300522520.55  viol=1514762365.3691  obj=1520062887889.60 | best_so_far: cost=5300522520.55  viol=1514762365.3691  obj=1520062887889.60 
[Run 23 | Gen 196] gen_best: cost=5300522520.55  viol=1514762365.3691  obj=1520062887889.60 | best_so_far: cost=5300522520.55  viol=1514762365.3691  obj=1520062887889.60 
[Run 23 | Gen 197] gen_best: cost=5300522520.55  viol=1514762365.3691  obj=1520062887889.60 | best_so_far: cost=5300522520.55  viol=1514762365.3691  obj=1520062887889.60 
[Run 23 | Gen 198] gen_best: cost=5300522520.55  viol=1514762365.3691  obj=1520062887889.60 | best_so_far: cost=5300522520.55  viol=1514762365.3691  obj=1520062887889.60 
[Run 23 | FE 9984] best_local_obj=1518812844923.08  best_local_cost=5284320219.18  best_local_viol=1513528524.7039
[Run 23 | Gen 199] gen_best: cost=5284320219.18  viol=1513528524.7039  obj=1518812844923.08 | best_so_far: cost=5284320219.18  viol=1513528524.7039  obj=1518812844923.08 (improved)
[Run 23 | Gen 200] gen_best: cost=5284320219.18  viol=1513528524.7039  obj=1518812844923.08 | best_so_far: cost=5284320219.18  viol=1513528524.7039  obj=1518812844923.08 
[Run 23 | Gen 201] gen_best: cost=5348153301.37  viol=1498582719.6185  obj=1503930872919.88 | best_so_far: cost=5348153301.37  viol=1498582719.6185  obj=1503930872919.88 (improved)
[Run 23 | Gen 202] gen_best: cost=5271343986.30  viol=1493084082.8873  obj=1498355426873.59 | best_so_far: cost=5271343986.30  viol=1493084082.8873  obj=1498355426873.59 (improved)
[Run 23 | Gen 203] gen_best: cost=5271343986.30  viol=1493084082.8873  obj=1498355426873.59 | best_so_far: cost=5271343986.30  viol=1493084082.8873  obj=1498355426873.59 
[Run 23 | FE 10240] best_local_obj=1498355426873.59  best_local_cost=5271343986.30  best_local_viol=1493084082.8873
[Run 23 | Gen 204] gen_best: cost=5271343986.30  viol=1493084082.8873  obj=1498355426873.59 | best_so_far: cost=5271343986.30  viol=1493084082.8873  obj=1498355426873.59 
[Run 23 | Gen 205] gen_best: cost=5271343986.30  viol=1493084082.8873  obj=1498355426873.59 | best_so_far: cost=5271343986.30  viol=1493084082.8873  obj=1498355426873.59 
[Run 23 | Gen 206] gen_best: cost=5271343986.30  viol=1493084082.8873  obj=1498355426873.59 | best_so_far: cost=5271343986.30  viol=1493084082.8873  obj=1498355426873.59 
[Run 23 | Gen 207] gen_best: cost=5271343986.30  viol=1493084082.8873  obj=1498355426873.59 | best_so_far: cost=5271343986.30  viol=1493084082.8873  obj=1498355426873.59 
[Run 23 | Gen 208] gen_best: cost=5271343986.30  viol=1493084082.8873  obj=1498355426873.59 | best_so_far: cost=5271343986.30  viol=1493084082.8873  obj=1498355426873.59 
[Run 23 | FE 10496] best_local_obj=1498355426873.59  best_local_cost=5271343986.30  best_local_viol=1493084082.8873
[Run 23 | Gen 209] gen_best: cost=5271343986.30  viol=1493084082.8873  obj=1498355426873.59 | best_so_far: cost=5271343986.30  viol=1493084082.8873  obj=1498355426873.59 
[Run 23 | Gen 210] gen_best: cost=5271343986.30  viol=1493084082.8873  obj=1498355426873.59 | best_so_far: cost=5271343986.30  viol=1493084082.8873  obj=1498355426873.59 
[Run 23 | Gen 211] gen_best: cost=5271343986.30  viol=1493084082.8873  obj=1498355426873.59 | best_so_far: cost=5271343986.30  viol=1493084082.8873  obj=1498355426873.59 
[Run 23 | Gen 212] gen_best: cost=5271343986.30  viol=1493084082.8873  obj=1498355426873.59 | best_so_far: cost=5271343986.30  viol=1493084082.8873  obj=1498355426873.59 
[Run 23 | Gen 213] gen_best: cost=5271343986.30  viol=1493084082.8873  obj=1498355426873.59 | best_so_far: cost=5271343986.30  viol=1493084082.8873  obj=1498355426873.59 
[Run 23 | Gen 214] gen_best: cost=5271343986.30  viol=1493084082.8873  obj=1498355426873.59 | best_so_far: cost=5271343986.30  viol=1493084082.8873  obj=1498355426873.59 
[Run 23 | FE 10752] best_local_obj=1498355426873.59  best_local_cost=5271343986.30  best_local_viol=1493084082.8873
[Run 23 | Gen 215] gen_best: cost=5271343986.30  viol=1493084082.8873  obj=1498355426873.59 | best_so_far: cost=5271343986.30  viol=1493084082.8873  obj=1498355426873.59 
[Run 23 | Gen 216] gen_best: cost=5271343986.30  viol=1493084082.8873  obj=1498355426873.59 | best_so_far: cost=5271343986.30  viol=1493084082.8873  obj=1498355426873.59 
[Run 23 | Gen 217] gen_best: cost=5271343986.30  viol=1493084082.8873  obj=1498355426873.59 | best_so_far: cost=5271343986.30  viol=1493084082.8873  obj=1498355426873.59 
[Run 23 | Gen 218] gen_best: cost=5271343986.30  viol=1493084082.8873  obj=1498355426873.59 | best_so_far: cost=5271343986.30  viol=1493084082.8873  obj=1498355426873.59 
[Run 23 | Gen 219] gen_best: cost=5394109931.51  viol=1489534978.9312  obj=1494929088862.66 | best_so_far: cost=5394109931.51  viol=1489534978.9312  obj=1494929088862.66 (improved)
[Run 23 | FE 11008] best_local_obj=1494929088862.66  best_local_cost=5394109931.51  best_local_viol=1489534978.9312
[Run 23 | Gen 220] gen_best: cost=5394109931.51  viol=1489534978.9312  obj=1494929088862.66 | best_so_far: cost=5394109931.51  viol=1489534978.9312  obj=1494929088862.66 
[Run 23 | Gen 221] gen_best: cost=5394109931.51  viol=1489534978.9312  obj=1494929088862.66 | best_so_far: cost=5394109931.51  viol=1489534978.9312  obj=1494929088862.66 
[Run 23 | Gen 222] gen_best: cost=5394109931.51  viol=1489534978.9312  obj=1494929088862.66 | best_so_far: cost=5394109931.51  viol=1489534978.9312  obj=1494929088862.66 
[Run 23 | Gen 223] gen_best: cost=5394109931.51  viol=1489534978.9312  obj=1494929088862.66 | best_so_far: cost=5394109931.51  viol=1489534978.9312  obj=1494929088862.66 
[Run 23 | Gen 224] gen_best: cost=5394109931.51  viol=1489534978.9312  obj=1494929088862.66 | best_so_far: cost=5394109931.51  viol=1489534978.9312  obj=1494929088862.66 
[Run 23 | FE 11264] best_local_obj=1494929088862.66  best_local_cost=5394109931.51  best_local_viol=1489534978.9312
[Run 23 | Gen 225] gen_best: cost=5394109931.51  viol=1489534978.9312  obj=1494929088862.66 | best_so_far: cost=5394109931.51  viol=1489534978.9312  obj=1494929088862.66 
[Run 23 | Gen 226] gen_best: cost=5394109931.51  viol=1489534978.9312  obj=1494929088862.66 | best_so_far: cost=5394109931.51  viol=1489534978.9312  obj=1494929088862.66 
[Run 23 | Gen 227] gen_best: cost=5394109931.51  viol=1489534978.9312  obj=1494929088862.66 | best_so_far: cost=5394109931.51  viol=1489534978.9312  obj=1494929088862.66 
[Run 23 | Gen 228] gen_best: cost=5394109931.51  viol=1489534978.9312  obj=1494929088862.66 | best_so_far: cost=5394109931.51  viol=1489534978.9312  obj=1494929088862.66 
[Run 23 | Gen 229] gen_best: cost=5394109931.51  viol=1489534978.9312  obj=1494929088862.66 | best_so_far: cost=5394109931.51  viol=1489534978.9312  obj=1494929088862.66 
[Run 23 | FE 11520] best_local_obj=1494929088862.66  best_local_cost=5394109931.51  best_local_viol=1489534978.9312
[Run 23 | Gen 230] gen_best: cost=5394109931.51  viol=1489534978.9312  obj=1494929088862.66 | best_so_far: cost=5394109931.51  viol=1489534978.9312  obj=1494929088862.66 
[Run 23 | Gen 231] gen_best: cost=5394109931.51  viol=1489534978.9312  obj=1494929088862.66 | best_so_far: cost=5394109931.51  viol=1489534978.9312  obj=1494929088862.66 
[Run 23 | Gen 232] gen_best: cost=5394109931.51  viol=1489534978.9312  obj=1494929088862.66 | best_so_far: cost=5394109931.51  viol=1489534978.9312  obj=1494929088862.66 
[Run 23 | Gen 233] gen_best: cost=5394109931.51  viol=1489534978.9312  obj=1494929088862.66 | best_so_far: cost=5394109931.51  viol=1489534978.9312  obj=1494929088862.66 
[Run 23 | Gen 234] gen_best: cost=5394109931.51  viol=1489534978.9312  obj=1494929088862.66 | best_so_far: cost=5394109931.51  viol=1489534978.9312  obj=1494929088862.66 
[Run 23 | FE 11776] best_local_obj=1494929088862.66  best_local_cost=5394109931.51  best_local_viol=1489534978.9312
[Run 23 | Gen 235] gen_best: cost=5398535561.64  viol=1487645740.4756  obj=1493044276037.20 | best_so_far: cost=5398535561.64  viol=1487645740.4756  obj=1493044276037.20 (improved)
[Run 23 | Gen 236] gen_best: cost=5342253410.96  viol=1463264289.1162  obj=1468606542527.15 | best_so_far: cost=5342253410.96  viol=1463264289.1162  obj=1468606542527.15 (improved)
[Run 23 | Gen 237] gen_best: cost=5342253410.96  viol=1463264289.1162  obj=1468606542527.15 | best_so_far: cost=5342253410.96  viol=1463264289.1162  obj=1468606542527.15 
[Run 23 | Gen 238] gen_best: cost=5342253410.96  viol=1463264289.1162  obj=1468606542527.15 | best_so_far: cost=5342253410.96  viol=1463264289.1162  obj=1468606542527.15 
[Run 23 | Gen 239] gen_best: cost=5342253410.96  viol=1463264289.1162  obj=1468606542527.15 | best_so_far: cost=5342253410.96  viol=1463264289.1162  obj=1468606542527.15 
[Run 23 | FE 12032] best_local_obj=1468606542527.15  best_local_cost=5342253410.96  best_local_viol=1463264289.1162
[Run 23 | Gen 240] gen_best: cost=5342253410.96  viol=1463264289.1162  obj=1468606542527.15 | best_so_far: cost=5342253410.96  viol=1463264289.1162  obj=1468606542527.15 
[Run 23 | Gen 241] gen_best: cost=5342253410.96  viol=1463264289.1162  obj=1468606542527.15 | best_so_far: cost=5342253410.96  viol=1463264289.1162  obj=1468606542527.15 
[Run 23 | Gen 242] gen_best: cost=5342253410.96  viol=1463264289.1162  obj=1468606542527.15 | best_so_far: cost=5342253410.96  viol=1463264289.1162  obj=1468606542527.15 
[Run 23 | Gen 243] gen_best: cost=5342253410.96  viol=1463264289.1162  obj=1468606542527.15 | best_so_far: cost=5342253410.96  viol=1463264289.1162  obj=1468606542527.15 
[Run 23 | Gen 244] gen_best: cost=5342253410.96  viol=1463264289.1162  obj=1468606542527.15 | best_so_far: cost=5342253410.96  viol=1463264289.1162  obj=1468606542527.15 
[Run 23 | FE 12288] best_local_obj=1468606542527.15  best_local_cost=5342253410.96  best_local_viol=1463264289.1162
[Run 23 | Gen 245] gen_best: cost=5342253410.96  viol=1463264289.1162  obj=1468606542527.15 | best_so_far: cost=5342253410.96  viol=1463264289.1162  obj=1468606542527.15 
[Run 23 | Gen 246] gen_best: cost=5342253410.96  viol=1463264289.1162  obj=1468606542527.15 | best_so_far: cost=5342253410.96  viol=1463264289.1162  obj=1468606542527.15 
[Run 23 | Gen 247] gen_best: cost=5342253410.96  viol=1463264289.1162  obj=1468606542527.15 | best_so_far: cost=5342253410.96  viol=1463264289.1162  obj=1468606542527.15 
[Run 23 | Gen 248] gen_best: cost=5342253410.96  viol=1463264289.1162  obj=1468606542527.15 | best_so_far: cost=5342253410.96  viol=1463264289.1162  obj=1468606542527.15 
[Run 23 | Gen 249] gen_best: cost=5342253410.96  viol=1463264289.1162  obj=1468606542527.15 | best_so_far: cost=5342253410.96  viol=1463264289.1162  obj=1468606542527.15 
[Run 23 | FE 12544] best_local_obj=1468606542527.15  best_local_cost=5342253410.96  best_local_viol=1463264289.1162
[Run 23 | Gen 250] gen_best: cost=5342253410.96  viol=1463264289.1162  obj=1468606542527.15 | best_so_far: cost=5342253410.96  viol=1463264289.1162  obj=1468606542527.15 
[Run 23 | Gen 251] gen_best: cost=5342253410.96  viol=1463264289.1162  obj=1468606542527.15 | best_so_far: cost=5342253410.96  viol=1463264289.1162  obj=1468606542527.15 
[Run 23 | Gen 252] gen_best: cost=5342253410.96  viol=1463264289.1162  obj=1468606542527.15 | best_so_far: cost=5342253410.96  viol=1463264289.1162  obj=1468606542527.15 
[Run 23 | Gen 253] gen_best: cost=5342253410.96  viol=1463264289.1162  obj=1468606542527.15 | best_so_far: cost=5342253410.96  viol=1463264289.1162  obj=1468606542527.15 
[Run 23 | Gen 254] gen_best: cost=5342253410.96  viol=1463264289.1162  obj=1468606542527.15 | best_so_far: cost=5342253410.96  viol=1463264289.1162  obj=1468606542527.15 
[Run 23 | FE 12800] best_local_obj=1468606542527.15  best_local_cost=5342253410.96  best_local_viol=1463264289.1162
[Run 23 | Gen 255] gen_best: cost=5342253410.96  viol=1463264289.1162  obj=1468606542527.15 | best_so_far: cost=5342253410.96  viol=1463264289.1162  obj=1468606542527.15 

[Stop] reached max_total_fe=12800.

[Run 23] best_global_cost=5342253410.9589, best_global_viol=1463264289.116188, best_global_obj=1468606542527.1470
[Done] summary=/work/home/acn1eb8nfq/yuezhang46/UScode/US实验一：横向对比/de_global_logs/run_23_seed_1023/runs_summary.csv
