[RunConfig] run_id=23 seed=1023
[OutputDir] /work/home/acn1eb8nfq/yuezhang46/UScode/US实验一：横向对比/ga_global_logs/run_23_seed_1023
[Info] #nodes = 4301
[Load] Reading scenarios ...
  - 2020: raw edges=5296, days=366
  - 2025: raw edges=5296, days=365
  - 2030: raw edges=5296, days=365
  - 2035: raw edges=5296, days=365
  - 2040: raw edges=5296, days=366
[Filter] EDGE_WEIGHT_MIN=1.0
  - active_nodes=2914  inactive_nodes(fixed NONE)=1387
  - 2020: removed=2048, kept=3248
  - 2025: removed=2048, kept=3248
  - 2030: removed=2048, kept=3248
  - 2035: removed=2048, kept=3248
  - 2040: removed=2048, kept=3248
  - 2020: filtered edges (active subgraph)=3248
  - 2025: filtered edges (active subgraph)=3248
  - 2030: filtered edges (active subgraph)=3248
  - 2035: filtered edges (active subgraph)=3248
  - 2040: filtered edges (active subgraph)=3248
[GA] Initialize population ...
[GA] Init population generated.
[GA] Evolve under FE budget ...
[Run 23 | Gen 1] cur_best: cost=1870384534.25  viol=3040954799.9366  obj=3042825184470.81 | best_so_far: cost=1870384534.25  viol=3040954799.9366  obj=3042825184470.81
[Run 23 | Gen 2] cur_best: cost=2026755465.75  viol=2954986148.7060  obj=2957012904171.77 | best_so_far: cost=2026755465.75  viol=2954986148.7060  obj=2957012904171.77
[Run 23 | Gen 3] cur_best: cost=2142971027.40  viol=2897795417.2979  obj=2899938388325.28 | best_so_far: cost=2142971027.40  viol=2897795417.2979  obj=2899938388325.28
[Run 23 | Gen 4] cur_best: cost=2258486643.84  viol=2843142238.8301  obj=2845400725473.93 | best_so_far: cost=2258486643.84  viol=2843142238.8301  obj=2845400725473.93
[Run 23 | FE 256] best_local_obj=2811293454232.33  best_local_cost=2363275808.22  best_local_viol=2808930178.4241
[Run 23 | Gen 5] cur_best: cost=2363275808.22  viol=2808930178.4241  obj=2811293454232.33 | best_so_far: cost=2363275808.22  viol=2808930178.4241  obj=2811293454232.33
[Run 23 | Gen 6] cur_best: cost=2462513986.30  viol=2753785946.0386  obj=2756248460024.92 | best_so_far: cost=2462513986.30  viol=2753785946.0386  obj=2756248460024.92
[Run 23 | Gen 7] cur_best: cost=2532173246.58  viol=2694320180.4158  obj=2696852353662.34 | best_so_far: cost=2532173246.58  viol=2694320180.4158  obj=2696852353662.34
[Run 23 | Gen 8] cur_best: cost=2658715369.86  viol=2636448391.9815  obj=2639107107351.37 | best_so_far: cost=2658715369.86  viol=2636448391.9815  obj=2639107107351.37
[Run 23 | FE 512] best_local_obj=2639107107351.37  best_local_cost=2658715369.86  best_local_viol=2636448391.9815
[Run 23 | Gen 9] cur_best: cost=2724873972.60  viol=2633081429.0626  obj=2635806303035.18 | best_so_far: cost=2724873972.60  viol=2633081429.0626  obj=2635806303035.18
[Run 23 | Gen 10] cur_best: cost=2802159465.75  viol=2579195043.9971  obj=2581997203462.87 | best_so_far: cost=2802159465.75  viol=2579195043.9971  obj=2581997203462.87
[Run 23 | Gen 11] cur_best: cost=2781731589.04  viol=2567159909.3062  obj=2569941640895.23 | best_so_far: cost=2781731589.04  viol=2567159909.3062  obj=2569941640895.23
[Run 23 | Gen 12] cur_best: cost=2835888821.92  viol=2539071319.0223  obj=2541907207844.21 | best_so_far: cost=2835888821.92  viol=2539071319.0223  obj=2541907207844.21
[Run 23 | FE 768] best_local_obj=2492493551364.97  best_local_cost=2979658109.59  best_local_viol=2489513893.2554
[Run 23 | Gen 13] cur_best: cost=2979658109.59  viol=2489513893.2554  obj=2492493551364.97 | best_so_far: cost=2979658109.59  viol=2489513893.2554  obj=2492493551364.97
[Run 23 | Gen 14] cur_best: cost=2942878041.10  viol=2483949334.0704  obj=2486892212111.47 | best_so_far: cost=2942878041.10  viol=2483949334.0704  obj=2486892212111.47
[Run 23 | Gen 15] cur_best: cost=3028564630.14  viol=2458077655.4811  obj=2461106220111.23 | best_so_far: cost=3028564630.14  viol=2458077655.4811  obj=2461106220111.23
[Run 23 | Gen 16] cur_best: cost=3133803904.11  viol=2402368236.1395  obj=2405502040043.61 | best_so_far: cost=3133803904.11  viol=2402368236.1395  obj=2405502040043.61
[Run 23 | Gen 17] cur_best: cost=3228866835.62  viol=2379389796.9731  obj=2382618663808.69 | best_so_far: cost=3228866835.62  viol=2379389796.9731  obj=2382618663808.69
[Run 23 | FE 1024] best_local_obj=2382618663808.69  best_local_cost=3228866835.62  best_local_viol=2379389796.9731
[Run 23 | Gen 18] cur_best: cost=3228866835.62  viol=2379389796.9731  obj=2382618663808.69 | best_so_far: cost=3228866835.62  viol=2379389796.9731  obj=2382618663808.69
[Run 23 | Gen 19] cur_best: cost=3227366232.88  viol=2361613230.0452  obj=2364840596278.07 | best_so_far: cost=3227366232.88  viol=2361613230.0452  obj=2364840596278.07
[Run 23 | Gen 20] cur_best: cost=3301076424.66  viol=2318833668.5818  obj=2322134745006.45 | best_so_far: cost=3301076424.66  viol=2318833668.5818  obj=2322134745006.45
[Run 23 | Gen 21] cur_best: cost=3301076424.66  viol=2318833668.5818  obj=2322134745006.45 | best_so_far: cost=3301076424.66  viol=2318833668.5818  obj=2322134745006.45
[Run 23 | FE 1280] best_local_obj=2322134745006.45  best_local_cost=3301076424.66  best_local_viol=2318833668.5818
[Run 23 | Gen 22] cur_best: cost=3301076424.66  viol=2318833668.5818  obj=2322134745006.45 | best_so_far: cost=3301076424.66  viol=2318833668.5818  obj=2322134745006.45
[Run 23 | Gen 23] cur_best: cost=3436144287.67  viol=2289718684.8541  obj=2293154829141.80 | best_so_far: cost=3436144287.67  viol=2289718684.8541  obj=2293154829141.80
[Run 23 | Gen 24] cur_best: cost=3436144287.67  viol=2289718684.8541  obj=2293154829141.80 | best_so_far: cost=3436144287.67  viol=2289718684.8541  obj=2293154829141.80
[Run 23 | Gen 25] cur_best: cost=3460147575.34  viol=2260800363.2093  obj=2264260510784.67 | best_so_far: cost=3460147575.34  viol=2260800363.2093  obj=2264260510784.67
[Run 23 | FE 1536] best_local_obj=2264260510784.67  best_local_cost=3460147575.34  best_local_viol=2260800363.2093
[Run 23 | Gen 26] cur_best: cost=3460147575.34  viol=2260800363.2093  obj=2264260510784.67 | best_so_far: cost=3460147575.34  viol=2260800363.2093  obj=2264260510784.67
[Run 23 | Gen 27] cur_best: cost=3522330986.30  viol=2217125782.0314  obj=2220648113017.74 | best_so_far: cost=3522330986.30  viol=2217125782.0314  obj=2220648113017.74
[Run 23 | Gen 28] cur_best: cost=3522330986.30  viol=2217125782.0314  obj=2220648113017.74 | best_so_far: cost=3522330986.30  viol=2217125782.0314  obj=2220648113017.74
[Run 23 | Gen 29] cur_best: cost=3522330986.30  viol=2217125782.0314  obj=2220648113017.74 | best_so_far: cost=3522330986.30  viol=2217125782.0314  obj=2220648113017.74
[Run 23 | FE 1792] best_local_obj=2220648113017.74  best_local_cost=3522330986.30  best_local_viol=2217125782.0314
[Run 23 | Gen 30] cur_best: cost=3608417575.34  viol=2167039700.8872  obj=2170648118462.58 | best_so_far: cost=3608417575.34  viol=2167039700.8872  obj=2170648118462.58
[Run 23 | Gen 31] cur_best: cost=3608417575.34  viol=2167039700.8872  obj=2170648118462.58 | best_so_far: cost=3608417575.34  viol=2167039700.8872  obj=2170648118462.58
[Run 23 | Gen 32] cur_best: cost=3608417575.34  viol=2167039700.8872  obj=2170648118462.58 | best_so_far: cost=3608417575.34  viol=2167039700.8872  obj=2170648118462.58
[Run 23 | Gen 33] cur_best: cost=3608417575.34  viol=2167039700.8872  obj=2170648118462.58 | best_so_far: cost=3608417575.34  viol=2167039700.8872  obj=2170648118462.58
[Run 23 | Gen 34] cur_best: cost=3608417575.34  viol=2167039700.8872  obj=2170648118462.58 | best_so_far: cost=3608417575.34  viol=2167039700.8872  obj=2170648118462.58
[Run 23 | FE 2048] best_local_obj=2170648118462.58  best_local_cost=3608417575.34  best_local_viol=2167039700.8872
[Run 23 | Gen 35] cur_best: cost=3608417575.34  viol=2167039700.8872  obj=2170648118462.58 | best_so_far: cost=3608417575.34  viol=2167039700.8872  obj=2170648118462.58
[Run 23 | Gen 36] cur_best: cost=3608417575.34  viol=2167039700.8872  obj=2170648118462.58 | best_so_far: cost=3608417575.34  viol=2167039700.8872  obj=2170648118462.58
[Run 23 | Gen 37] cur_best: cost=3608417575.34  viol=2167039700.8872  obj=2170648118462.58 | best_so_far: cost=3608417575.34  viol=2167039700.8872  obj=2170648118462.58
[Run 23 | Gen 38] cur_best: cost=3608417575.34  viol=2167039700.8872  obj=2170648118462.58 | best_so_far: cost=3608417575.34  viol=2167039700.8872  obj=2170648118462.58
[Run 23 | FE 2304] best_local_obj=2170648118462.58  best_local_cost=3608417575.34  best_local_viol=2167039700.8872
[Run 23 | Gen 39] cur_best: cost=3608417575.34  viol=2167039700.8872  obj=2170648118462.58 | best_so_far: cost=3608417575.34  viol=2167039700.8872  obj=2170648118462.58
[Run 23 | Gen 40] cur_best: cost=3608417575.34  viol=2167039700.8872  obj=2170648118462.58 | best_so_far: cost=3608417575.34  viol=2167039700.8872  obj=2170648118462.58
[Run 23 | Gen 41] cur_best: cost=3608417575.34  viol=2167039700.8872  obj=2170648118462.58 | best_so_far: cost=3608417575.34  viol=2167039700.8872  obj=2170648118462.58
[Run 23 | Gen 42] cur_best: cost=3608417575.34  viol=2167039700.8872  obj=2170648118462.58 | best_so_far: cost=3608417575.34  viol=2167039700.8872  obj=2170648118462.58
[Run 23 | FE 2560] best_local_obj=2170648118462.58  best_local_cost=3608417575.34  best_local_viol=2167039700.8872
[Run 23 | Gen 43] cur_best: cost=3608417575.34  viol=2167039700.8872  obj=2170648118462.58 | best_so_far: cost=3608417575.34  viol=2167039700.8872  obj=2170648118462.58
[Run 23 | Gen 44] cur_best: cost=3608417575.34  viol=2167039700.8872  obj=2170648118462.58 | best_so_far: cost=3608417575.34  viol=2167039700.8872  obj=2170648118462.58
[Run 23 | Gen 45] cur_best: cost=3608417575.34  viol=2167039700.8872  obj=2170648118462.58 | best_so_far: cost=3608417575.34  viol=2167039700.8872  obj=2170648118462.58
[Run 23 | Gen 46] cur_best: cost=3608417575.34  viol=2167039700.8872  obj=2170648118462.58 | best_so_far: cost=3608417575.34  viol=2167039700.8872  obj=2170648118462.58
[Run 23 | FE 2816] best_local_obj=2170648118462.58  best_local_cost=3608417575.34  best_local_viol=2167039700.8872
[Run 23 | Gen 47] cur_best: cost=3608417575.34  viol=2167039700.8872  obj=2170648118462.58 | best_so_far: cost=3608417575.34  viol=2167039700.8872  obj=2170648118462.58
[Run 23 | Gen 48] cur_best: cost=3608417575.34  viol=2167039700.8872  obj=2170648118462.58 | best_so_far: cost=3608417575.34  viol=2167039700.8872  obj=2170648118462.58
[Run 23 | Gen 49] cur_best: cost=3608417575.34  viol=2167039700.8872  obj=2170648118462.58 | best_so_far: cost=3608417575.34  viol=2167039700.8872  obj=2170648118462.58
[Run 23 | Gen 50] cur_best: cost=3608417575.34  viol=2167039700.8872  obj=2170648118462.58 | best_so_far: cost=3608417575.34  viol=2167039700.8872  obj=2170648118462.58
[Run 23 | Gen 51] cur_best: cost=3608417575.34  viol=2167039700.8872  obj=2170648118462.58 | best_so_far: cost=3608417575.34  viol=2167039700.8872  obj=2170648118462.58
[Run 23 | FE 3072] best_local_obj=2170648118462.58  best_local_cost=3608417575.34  best_local_viol=2167039700.8872
[Run 23 | Gen 52] cur_best: cost=3608417575.34  viol=2167039700.8872  obj=2170648118462.58 | best_so_far: cost=3608417575.34  viol=2167039700.8872  obj=2170648118462.58
[Run 23 | Gen 53] cur_best: cost=3608417575.34  viol=2167039700.8872  obj=2170648118462.58 | best_so_far: cost=3608417575.34  viol=2167039700.8872  obj=2170648118462.58
[Run 23 | Gen 54] cur_best: cost=3608417575.34  viol=2167039700.8872  obj=2170648118462.58 | best_so_far: cost=3608417575.34  viol=2167039700.8872  obj=2170648118462.58
[Run 23 | Gen 55] cur_best: cost=3708730890.41  viol=2163041104.6875  obj=2166749835577.90 | best_so_far: cost=3708730890.41  viol=2163041104.6875  obj=2166749835577.90
[Run 23 | FE 3328] best_local_obj=2166749835577.90  best_local_cost=3708730890.41  best_local_viol=2163041104.6875
[Run 23 | Gen 56] cur_best: cost=3708730890.41  viol=2163041104.6875  obj=2166749835577.90 | best_so_far: cost=3708730890.41  viol=2163041104.6875  obj=2166749835577.90
[Run 23 | Gen 57] cur_best: cost=3708330780.82  viol=2161123529.2661  obj=2164831860046.90 | best_so_far: cost=3708330780.82  viol=2161123529.2661  obj=2164831860046.90
[Run 23 | Gen 58] cur_best: cost=3708330780.82  viol=2161123529.2661  obj=2164831860046.90 | best_so_far: cost=3708330780.82  viol=2161123529.2661  obj=2164831860046.90
[Run 23 | Gen 59] cur_best: cost=3681302191.78  viol=2142121451.1205  obj=2145802753312.31 | best_so_far: cost=3681302191.78  viol=2142121451.1205  obj=2145802753312.31
[Run 23 | FE 3584] best_local_obj=2145802753312.31  best_local_cost=3681302191.78  best_local_viol=2142121451.1205
[Run 23 | Gen 60] cur_best: cost=3681302191.78  viol=2142121451.1205  obj=2145802753312.31 | best_so_far: cost=3681302191.78  viol=2142121451.1205  obj=2145802753312.31
[Run 23 | Gen 61] cur_best: cost=3676326452.05  viol=2141479922.6396  obj=2145156249091.67 | best_so_far: cost=3676326452.05  viol=2141479922.6396  obj=2145156249091.67
[Run 23 | Gen 62] cur_best: cost=3676326452.05  viol=2141479922.6396  obj=2145156249091.67 | best_so_far: cost=3676326452.05  viol=2141479922.6396  obj=2145156249091.67
[Run 23 | Gen 63] cur_best: cost=3676326452.05  viol=2141479922.6396  obj=2145156249091.67 | best_so_far: cost=3676326452.05  viol=2141479922.6396  obj=2145156249091.67
[Run 23 | FE 3840] best_local_obj=2145156249091.67  best_local_cost=3676326452.05  best_local_viol=2141479922.6396
[Run 23 | Gen 64] cur_best: cost=3676326452.05  viol=2141479922.6396  obj=2145156249091.67 | best_so_far: cost=3676326452.05  viol=2141479922.6396  obj=2145156249091.67
[Run 23 | Gen 65] cur_best: cost=3676326452.05  viol=2141479922.6396  obj=2145156249091.67 | best_so_far: cost=3676326452.05  viol=2141479922.6396  obj=2145156249091.67
[Run 23 | Gen 66] cur_best: cost=3676326452.05  viol=2141479922.6396  obj=2145156249091.67 | best_so_far: cost=3676326452.05  viol=2141479922.6396  obj=2145156249091.67
[Run 23 | Gen 67] cur_best: cost=3676326452.05  viol=2141479922.6396  obj=2145156249091.67 | best_so_far: cost=3676326452.05  viol=2141479922.6396  obj=2145156249091.67
[Run 23 | Gen 68] cur_best: cost=3676326452.05  viol=2141479922.6396  obj=2145156249091.67 | best_so_far: cost=3676326452.05  viol=2141479922.6396  obj=2145156249091.67
[Run 23 | FE 4096] best_local_obj=2145156249091.67  best_local_cost=3676326452.05  best_local_viol=2141479922.6396
[Run 23 | Gen 69] cur_best: cost=3676326452.05  viol=2141479922.6396  obj=2145156249091.67 | best_so_far: cost=3676326452.05  viol=2141479922.6396  obj=2145156249091.67
[Run 23 | Gen 70] cur_best: cost=3676326452.05  viol=2141479922.6396  obj=2145156249091.67 | best_so_far: cost=3676326452.05  viol=2141479922.6396  obj=2145156249091.67
[Run 23 | Gen 71] cur_best: cost=3759337739.73  viol=2117697601.9135  obj=2121456939653.24 | best_so_far: cost=3759337739.73  viol=2117697601.9135  obj=2121456939653.24
[Run 23 | Gen 72] cur_best: cost=3759337739.73  viol=2117697601.9135  obj=2121456939653.24 | best_so_far: cost=3759337739.73  viol=2117697601.9135  obj=2121456939653.24
[Run 23 | FE 4352] best_local_obj=2121456939653.24  best_local_cost=3759337739.73  best_local_viol=2117697601.9135
[Run 23 | Gen 73] cur_best: cost=3759337739.73  viol=2117697601.9135  obj=2121456939653.24 | best_so_far: cost=3759337739.73  viol=2117697601.9135  obj=2121456939653.24
[Run 23 | Gen 74] cur_best: cost=3759337739.73  viol=2117697601.9135  obj=2121456939653.24 | best_so_far: cost=3759337739.73  viol=2117697601.9135  obj=2121456939653.24
[Run 23 | Gen 75] cur_best: cost=3759337739.73  viol=2117697601.9135  obj=2121456939653.24 | best_so_far: cost=3759337739.73  viol=2117697601.9135  obj=2121456939653.24
[Run 23 | Gen 76] cur_best: cost=3759337739.73  viol=2117697601.9135  obj=2121456939653.24 | best_so_far: cost=3759337739.73  viol=2117697601.9135  obj=2121456939653.24
[Run 23 | FE 4608] best_local_obj=2121456939653.24  best_local_cost=3759337739.73  best_local_viol=2117697601.9135
[Run 23 | Gen 77] cur_best: cost=3759337739.73  viol=2117697601.9135  obj=2121456939653.24 | best_so_far: cost=3759337739.73  viol=2117697601.9135  obj=2121456939653.24
[Run 23 | Gen 78] cur_best: cost=3759337739.73  viol=2117697601.9135  obj=2121456939653.24 | best_so_far: cost=3759337739.73  viol=2117697601.9135  obj=2121456939653.24
[Run 23 | Gen 79] cur_best: cost=3759337739.73  viol=2117697601.9135  obj=2121456939653.24 | best_so_far: cost=3759337739.73  viol=2117697601.9135  obj=2121456939653.24
[Run 23 | Gen 80] cur_best: cost=3792117150.68  viol=2100617382.5641  obj=2104409499714.77 | best_so_far: cost=3792117150.68  viol=2100617382.5641  obj=2104409499714.77
[Run 23 | Gen 81] cur_best: cost=3792117150.68  viol=2100617382.5641  obj=2104409499714.77 | best_so_far: cost=3792117150.68  viol=2100617382.5641  obj=2104409499714.77
[Run 23 | FE 4864] best_local_obj=2104409499714.77  best_local_cost=3792117150.68  best_local_viol=2100617382.5641
[Run 23 | Gen 82] cur_best: cost=3792117150.68  viol=2100617382.5641  obj=2104409499714.77 | best_so_far: cost=3792117150.68  viol=2100617382.5641  obj=2104409499714.77
[Run 23 | Gen 83] cur_best: cost=3792117150.68  viol=2100617382.5641  obj=2104409499714.77 | best_so_far: cost=3792117150.68  viol=2100617382.5641  obj=2104409499714.77
[Run 23 | Gen 84] cur_best: cost=3792117150.68  viol=2100617382.5641  obj=2104409499714.77 | best_so_far: cost=3792117150.68  viol=2100617382.5641  obj=2104409499714.77
[Run 23 | Gen 85] cur_best: cost=3792117150.68  viol=2100617382.5641  obj=2104409499714.77 | best_so_far: cost=3792117150.68  viol=2100617382.5641  obj=2104409499714.77
[Run 23 | FE 5120] best_local_obj=2104409499714.77  best_local_cost=3792117150.68  best_local_viol=2100617382.5641
[Run 23 | Gen 86] cur_best: cost=3792117150.68  viol=2100617382.5641  obj=2104409499714.77 | best_so_far: cost=3792117150.68  viol=2100617382.5641  obj=2104409499714.77
[Run 23 | Gen 87] cur_best: cost=3792117150.68  viol=2100617382.5641  obj=2104409499714.77 | best_so_far: cost=3792117150.68  viol=2100617382.5641  obj=2104409499714.77
[Run 23 | Gen 88] cur_best: cost=3792117150.68  viol=2100617382.5641  obj=2104409499714.77 | best_so_far: cost=3792117150.68  viol=2100617382.5641  obj=2104409499714.77
[Run 23 | Gen 89] cur_best: cost=3792117150.68  viol=2100617382.5641  obj=2104409499714.77 | best_so_far: cost=3792117150.68  viol=2100617382.5641  obj=2104409499714.77
[Run 23 | FE 5376] best_local_obj=2104409499714.77  best_local_cost=3792117150.68  best_local_viol=2100617382.5641
[Run 23 | Gen 90] cur_best: cost=3792117150.68  viol=2100617382.5641  obj=2104409499714.77 | best_so_far: cost=3792117150.68  viol=2100617382.5641  obj=2104409499714.77
[Run 23 | Gen 91] cur_best: cost=3792117150.68  viol=2100617382.5641  obj=2104409499714.77 | best_so_far: cost=3792117150.68  viol=2100617382.5641  obj=2104409499714.77
[Run 23 | Gen 92] cur_best: cost=3792117150.68  viol=2100617382.5641  obj=2104409499714.77 | best_so_far: cost=3792117150.68  viol=2100617382.5641  obj=2104409499714.77
