[RunConfig] run_id=2 seed=1002
[OutputDir] /work/home/acn1eb8nfq/yuezhang46/UScode/US实验一：横向对比/ga_global_logs/run_02_seed_1002
[Info] #nodes = 4301
[Load] Reading scenarios ...
  - 2020: raw edges=5296, days=366
  - 2025: raw edges=5296, days=365
  - 2030: raw edges=5296, days=365
  - 2035: raw edges=5296, days=365
  - 2040: raw edges=5296, days=366
[Filter] EDGE_WEIGHT_MIN=1.0
  - active_nodes=2914  inactive_nodes(fixed NONE)=1387
  - 2020: removed=2048, kept=3248
  - 2025: removed=2048, kept=3248
  - 2030: removed=2048, kept=3248
  - 2035: removed=2048, kept=3248
  - 2040: removed=2048, kept=3248
  - 2020: filtered edges (active subgraph)=3248
  - 2025: filtered edges (active subgraph)=3248
  - 2030: filtered edges (active subgraph)=3248
  - 2035: filtered edges (active subgraph)=3248
  - 2040: filtered edges (active subgraph)=3248
[GA] Initialize population ...
[GA] Init population generated.
[GA] Evolve under FE budget ...
[Run 02 | Gen 1] cur_best: cost=1890712410.96  viol=3043599020.9511  obj=3045489733362.11 | best_so_far: cost=1890712410.96  viol=3043599020.9511  obj=3045489733362.11
[Run 02 | Gen 2] cur_best: cost=2024230109.59  viol=2971835499.0713  obj=2973859729180.87 | best_so_far: cost=2024230109.59  viol=2971835499.0713  obj=2973859729180.87
[Run 02 | Gen 3] cur_best: cost=2189077602.74  viol=2884473231.0625  obj=2886662308665.24 | best_so_far: cost=2189077602.74  viol=2884473231.0625  obj=2886662308665.24
[Run 02 | Gen 4] cur_best: cost=2252235767.12  viol=2840235051.9968  obj=2842487287763.93 | best_so_far: cost=2252235767.12  viol=2840235051.9968  obj=2842487287763.93
[Run 02 | FE 256] best_local_obj=2816701787005.80  best_local_cost=2339372356.16  best_local_viol=2814362414.6496
[Run 02 | Gen 5] cur_best: cost=2336597054.79  viol=2795235627.4888  obj=2797572224543.64 | best_so_far: cost=2336597054.79  viol=2795235627.4888  obj=2797572224543.64
[Run 02 | Gen 6] cur_best: cost=2484991808.22  viol=2717583639.3806  obj=2720068631188.82 | best_so_far: cost=2484991808.22  viol=2717583639.3806  obj=2720068631188.82
[Run 02 | Gen 7] cur_best: cost=2538448931.51  viol=2683724012.5084  obj=2686262461439.93 | best_so_far: cost=2538448931.51  viol=2683724012.5084  obj=2686262461439.93
[Run 02 | Gen 8] cur_best: cost=2647313561.64  viol=2660623691.5835  obj=2663271005145.10 | best_so_far: cost=2647313561.64  viol=2660623691.5835  obj=2663271005145.10
[Run 02 | FE 512] best_local_obj=2616952590388.95  best_local_cost=2709447136.99  best_local_viol=2614243143.2520
[Run 02 | Gen 9] cur_best: cost=2709447136.99  viol=2614243143.2520  obj=2616952590388.95 | best_so_far: cost=2709447136.99  viol=2614243143.2520  obj=2616952590388.95
[Run 02 | Gen 10] cur_best: cost=2696495219.18  viol=2595783630.0862  obj=2598480125305.35 | best_so_far: cost=2696495219.18  viol=2595783630.0862  obj=2598480125305.35
[Run 02 | Gen 11] cur_best: cost=2806084931.51  viol=2559170912.1249  obj=2561976997056.41 | best_so_far: cost=2806084931.51  viol=2559170912.1249  obj=2561976997056.41
[Run 02 | Gen 12] cur_best: cost=2893546547.95  viol=2520926062.6667  obj=2523819609214.62 | best_so_far: cost=2893546547.95  viol=2520926062.6667  obj=2523819609214.62
[Run 02 | FE 768] best_local_obj=2483783700941.01  best_local_cost=2965956356.16  best_local_viol=2480817744.5848
[Run 02 | Gen 13] cur_best: cost=2965956356.16  viol=2480817744.5848  obj=2483783700941.01 | best_so_far: cost=2965956356.16  viol=2480817744.5848  obj=2483783700941.01
[Run 02 | Gen 14] cur_best: cost=2941777876.71  viol=2474641425.7923  obj=2477583203669.05 | best_so_far: cost=2941777876.71  viol=2474641425.7923  obj=2477583203669.05
[Run 02 | Gen 15] cur_best: cost=3068644972.60  viol=2422298785.0562  obj=2425367430028.84 | best_so_far: cost=3068644972.60  viol=2422298785.0562  obj=2425367430028.84
[Run 02 | Gen 16] cur_best: cost=3109825534.25  viol=2421114778.8416  obj=2424224604375.84 | best_so_far: cost=3109825534.25  viol=2421114778.8416  obj=2424224604375.84
[Run 02 | Gen 17] cur_best: cost=3153131561.64  viol=2419255760.7691  obj=2422408892330.73 | best_so_far: cost=3153131561.64  viol=2419255760.7691  obj=2422408892330.73
[Run 02 | FE 1024] best_local_obj=2416016284520.67  best_local_cost=3170508726.03  best_local_viol=2412845775.7946
[Run 02 | Gen 18] cur_best: cost=3187135890.41  viol=2395830421.7602  obj=2399017557650.59 | best_so_far: cost=3187135890.41  viol=2395830421.7602  obj=2399017557650.59
[Run 02 | Gen 19] cur_best: cost=3221440438.36  viol=2360515049.8308  obj=2363736490269.13 | best_so_far: cost=3221440438.36  viol=2360515049.8308  obj=2363736490269.13
[Run 02 | Gen 20] cur_best: cost=3307951945.21  viol=2329035095.2899  obj=2332343047235.13 | best_so_far: cost=3307951945.21  viol=2329035095.2899  obj=2332343047235.13
[Run 02 | Gen 21] cur_best: cost=3307951945.21  viol=2329035095.2899  obj=2332343047235.13 | best_so_far: cost=3307951945.21  viol=2329035095.2899  obj=2332343047235.13
[Run 02 | FE 1280] best_local_obj=2323672968915.31  best_local_cost=3303926315.07  best_local_viol=2320369042.6002
[Run 02 | Gen 22] cur_best: cost=3295700410.96  viol=2307343707.8882  obj=2310639408299.16 | best_so_far: cost=3295700410.96  viol=2307343707.8882  obj=2310639408299.16
[Run 02 | Gen 23] cur_best: cost=3295700410.96  viol=2307343707.8882  obj=2310639408299.16 | best_so_far: cost=3295700410.96  viol=2307343707.8882  obj=2310639408299.16
[Run 02 | Gen 24] cur_best: cost=3295700410.96  viol=2307343707.8882  obj=2310639408299.16 | best_so_far: cost=3295700410.96  viol=2307343707.8882  obj=2310639408299.16
[Run 02 | Gen 25] cur_best: cost=3390313178.08  viol=2294205102.9574  obj=2297595416135.45 | best_so_far: cost=3390313178.08  viol=2294205102.9574  obj=2297595416135.45
[Run 02 | FE 1536] best_local_obj=2297595416135.45  best_local_cost=3390313178.08  best_local_viol=2294205102.9574
[Run 02 | Gen 26] cur_best: cost=3390313178.08  viol=2294205102.9574  obj=2297595416135.45 | best_so_far: cost=3390313178.08  viol=2294205102.9574  obj=2297595416135.45
[Run 02 | Gen 27] cur_best: cost=3452421397.26  viol=2286124841.0728  obj=2289577262470.03 | best_so_far: cost=3452421397.26  viol=2286124841.0728  obj=2289577262470.03
[Run 02 | Gen 28] cur_best: cost=3469548616.44  viol=2259405549.5062  obj=2262875098122.62 | best_so_far: cost=3469548616.44  viol=2259405549.5062  obj=2262875098122.62
[Run 02 | Gen 29] cur_best: cost=3534357219.18  viol=2258545848.2411  obj=2262080205460.28 | best_so_far: cost=3534357219.18  viol=2258545848.2411  obj=2262080205460.28
[Run 02 | FE 1792] best_local_obj=2253913694984.93  best_local_cost=3506878630.14  best_local_viol=2250406816.3548
[Run 02 | Gen 30] cur_best: cost=3506878630.14  viol=2250406816.3548  obj=2253913694984.93 | best_so_far: cost=3506878630.14  viol=2250406816.3548  obj=2253913694984.93
[Run 02 | Gen 31] cur_best: cost=3569737123.29  viol=2207977440.0006  obj=2211547177123.91 | best_so_far: cost=3569737123.29  viol=2207977440.0006  obj=2211547177123.91
[Run 02 | Gen 32] cur_best: cost=3569737123.29  viol=2207977440.0006  obj=2211547177123.91 | best_so_far: cost=3569737123.29  viol=2207977440.0006  obj=2211547177123.91
[Run 02 | Gen 33] cur_best: cost=3569737123.29  viol=2207977440.0006  obj=2211547177123.91 | best_so_far: cost=3569737123.29  viol=2207977440.0006  obj=2211547177123.91
[Run 02 | Gen 34] cur_best: cost=3606692164.38  viol=2199369630.4896  obj=2202976322654.01 | best_so_far: cost=3606692164.38  viol=2199369630.4896  obj=2202976322654.01
[Run 02 | FE 2048] best_local_obj=2202976322654.01  best_local_cost=3606692164.38  best_local_viol=2199369630.4896
[Run 02 | Gen 35] cur_best: cost=3606692164.38  viol=2199369630.4896  obj=2202976322654.01 | best_so_far: cost=3606692164.38  viol=2199369630.4896  obj=2202976322654.01
[Run 02 | Gen 36] cur_best: cost=3628920205.48  viol=2179089557.0060  obj=2182718477211.51 | best_so_far: cost=3628920205.48  viol=2179089557.0060  obj=2182718477211.51
[Run 02 | Gen 37] cur_best: cost=3628920205.48  viol=2179089557.0060  obj=2182718477211.51 | best_so_far: cost=3628920205.48  viol=2179089557.0060  obj=2182718477211.51
[Run 02 | Gen 38] cur_best: cost=3628920205.48  viol=2179089557.0060  obj=2182718477211.51 | best_so_far: cost=3628920205.48  viol=2179089557.0060  obj=2182718477211.51
[Run 02 | FE 2304] best_local_obj=2182718477211.51  best_local_cost=3628920205.48  best_local_viol=2179089557.0060
[Run 02 | Gen 39] cur_best: cost=3641296547.95  viol=2168388568.9796  obj=2172029865527.55 | best_so_far: cost=3641296547.95  viol=2168388568.9796  obj=2172029865527.55
[Run 02 | Gen 40] cur_best: cost=3641296547.95  viol=2168388568.9796  obj=2172029865527.55 | best_so_far: cost=3641296547.95  viol=2168388568.9796  obj=2172029865527.55
[Run 02 | Gen 41] cur_best: cost=3745585712.33  viol=2159655003.7650  obj=2163400589477.34 | best_so_far: cost=3745585712.33  viol=2159655003.7650  obj=2163400589477.34
[Run 02 | Gen 42] cur_best: cost=3745585712.33  viol=2159655003.7650  obj=2163400589477.34 | best_so_far: cost=3745585712.33  viol=2159655003.7650  obj=2163400589477.34
[Run 02 | FE 2560] best_local_obj=2150498523903.73  best_local_cost=3640146493.15  best_local_viol=2146858377.4106
[Run 02 | Gen 43] cur_best: cost=3640146493.15  viol=2146858377.4106  obj=2150498523903.73 | best_so_far: cost=3640146493.15  viol=2146858377.4106  obj=2150498523903.73
[Run 02 | Gen 44] cur_best: cost=3640146493.15  viol=2146858377.4106  obj=2150498523903.73 | best_so_far: cost=3640146493.15  viol=2146858377.4106  obj=2150498523903.73
[Run 02 | Gen 45] cur_best: cost=3640146493.15  viol=2146858377.4106  obj=2150498523903.73 | best_so_far: cost=3640146493.15  viol=2146858377.4106  obj=2150498523903.73
[Run 02 | Gen 46] cur_best: cost=3826646616.44  viol=2107128571.1194  obj=2110955217735.82 | best_so_far: cost=3826646616.44  viol=2107128571.1194  obj=2110955217735.82
[Run 02 | FE 2816] best_local_obj=2110955217735.82  best_local_cost=3826646616.44  best_local_viol=2107128571.1194
[Run 02 | Gen 47] cur_best: cost=3826646616.44  viol=2107128571.1194  obj=2110955217735.82 | best_so_far: cost=3826646616.44  viol=2107128571.1194  obj=2110955217735.82
[Run 02 | Gen 48] cur_best: cost=3826646616.44  viol=2107128571.1194  obj=2110955217735.82 | best_so_far: cost=3826646616.44  viol=2107128571.1194  obj=2110955217735.82
[Run 02 | Gen 49] cur_best: cost=3826646616.44  viol=2107128571.1194  obj=2110955217735.82 | best_so_far: cost=3826646616.44  viol=2107128571.1194  obj=2110955217735.82
[Run 02 | Gen 50] cur_best: cost=3826646616.44  viol=2107128571.1194  obj=2110955217735.82 | best_so_far: cost=3826646616.44  viol=2107128571.1194  obj=2110955217735.82
[Run 02 | Gen 51] cur_best: cost=3826646616.44  viol=2107128571.1194  obj=2110955217735.82 | best_so_far: cost=3826646616.44  viol=2107128571.1194  obj=2110955217735.82
[Run 02 | FE 3072] best_local_obj=2110955217735.82  best_local_cost=3826646616.44  best_local_viol=2107128571.1194
[Run 02 | Gen 52] cur_best: cost=3826646616.44  viol=2107128571.1194  obj=2110955217735.82 | best_so_far: cost=3826646616.44  viol=2107128571.1194  obj=2110955217735.82
[Run 02 | Gen 53] cur_best: cost=3826646616.44  viol=2107128571.1194  obj=2110955217735.82 | best_so_far: cost=3826646616.44  viol=2107128571.1194  obj=2110955217735.82
[Run 02 | Gen 54] cur_best: cost=3826646616.44  viol=2107128571.1194  obj=2110955217735.82 | best_so_far: cost=3826646616.44  viol=2107128571.1194  obj=2110955217735.82
[Run 02 | Gen 55] cur_best: cost=3826646616.44  viol=2107128571.1194  obj=2110955217735.82 | best_so_far: cost=3826646616.44  viol=2107128571.1194  obj=2110955217735.82
[Run 02 | FE 3328] best_local_obj=2110955217735.82  best_local_cost=3826646616.44  best_local_viol=2107128571.1194
[Run 02 | Gen 56] cur_best: cost=3826646616.44  viol=2107128571.1194  obj=2110955217735.82 | best_so_far: cost=3826646616.44  viol=2107128571.1194  obj=2110955217735.82
[Run 02 | Gen 57] cur_best: cost=3826646616.44  viol=2107128571.1194  obj=2110955217735.82 | best_so_far: cost=3826646616.44  viol=2107128571.1194  obj=2110955217735.82
[Run 02 | Gen 58] cur_best: cost=3826646616.44  viol=2107128571.1194  obj=2110955217735.82 | best_so_far: cost=3826646616.44  viol=2107128571.1194  obj=2110955217735.82
[Run 02 | Gen 59] cur_best: cost=3826646616.44  viol=2107128571.1194  obj=2110955217735.82 | best_so_far: cost=3826646616.44  viol=2107128571.1194  obj=2110955217735.82
[Run 02 | FE 3584] best_local_obj=2110955217735.82  best_local_cost=3826646616.44  best_local_viol=2107128571.1194
[Run 02 | Gen 60] cur_best: cost=3826646616.44  viol=2107128571.1194  obj=2110955217735.82 | best_so_far: cost=3826646616.44  viol=2107128571.1194  obj=2110955217735.82
[Run 02 | Gen 61] cur_best: cost=3826646616.44  viol=2107128571.1194  obj=2110955217735.82 | best_so_far: cost=3826646616.44  viol=2107128571.1194  obj=2110955217735.82
[Run 02 | Gen 62] cur_best: cost=3826646616.44  viol=2107128571.1194  obj=2110955217735.82 | best_so_far: cost=3826646616.44  viol=2107128571.1194  obj=2110955217735.82
[Run 02 | Gen 63] cur_best: cost=3833572575.34  viol=2074136397.8063  obj=2077969970381.63 | best_so_far: cost=3833572575.34  viol=2074136397.8063  obj=2077969970381.63
[Run 02 | FE 3840] best_local_obj=2077969970381.63  best_local_cost=3833572575.34  best_local_viol=2074136397.8063
[Run 02 | Gen 64] cur_best: cost=3833572575.34  viol=2074136397.8063  obj=2077969970381.63 | best_so_far: cost=3833572575.34  viol=2074136397.8063  obj=2077969970381.63
[Run 02 | Gen 65] cur_best: cost=3833572575.34  viol=2074136397.8063  obj=2077969970381.63 | best_so_far: cost=3833572575.34  viol=2074136397.8063  obj=2077969970381.63
[Run 02 | Gen 66] cur_best: cost=3833572575.34  viol=2074136397.8063  obj=2077969970381.63 | best_so_far: cost=3833572575.34  viol=2074136397.8063  obj=2077969970381.63
[Run 02 | Gen 67] cur_best: cost=3833572575.34  viol=2074136397.8063  obj=2077969970381.63 | best_so_far: cost=3833572575.34  viol=2074136397.8063  obj=2077969970381.63
[Run 02 | Gen 68] cur_best: cost=3833572575.34  viol=2074136397.8063  obj=2077969970381.63 | best_so_far: cost=3833572575.34  viol=2074136397.8063  obj=2077969970381.63
[Run 02 | FE 4096] best_local_obj=2077969970381.63  best_local_cost=3833572575.34  best_local_viol=2074136397.8063
[Run 02 | Gen 69] cur_best: cost=3875528164.38  viol=2072070932.5559  obj=2075946460720.25 | best_so_far: cost=3875528164.38  viol=2072070932.5559  obj=2075946460720.25
[Run 02 | Gen 70] cur_best: cost=3875528164.38  viol=2072070932.5559  obj=2075946460720.25 | best_so_far: cost=3875528164.38  viol=2072070932.5559  obj=2075946460720.25
[Run 02 | Gen 71] cur_best: cost=3875528164.38  viol=2072070932.5559  obj=2075946460720.25 | best_so_far: cost=3875528164.38  viol=2072070932.5559  obj=2075946460720.25
[Run 02 | Gen 72] cur_best: cost=3875528164.38  viol=2072070932.5559  obj=2075946460720.25 | best_so_far: cost=3875528164.38  viol=2072070932.5559  obj=2075946460720.25
[Run 02 | FE 4352] best_local_obj=2075946460720.25  best_local_cost=3875528164.38  best_local_viol=2072070932.5559
[Run 02 | Gen 73] cur_best: cost=3875528164.38  viol=2072070932.5559  obj=2075946460720.25 | best_so_far: cost=3875528164.38  viol=2072070932.5559  obj=2075946460720.25
[Run 02 | Gen 74] cur_best: cost=3875528164.38  viol=2072070932.5559  obj=2075946460720.25 | best_so_far: cost=3875528164.38  viol=2072070932.5559  obj=2075946460720.25
[Run 02 | Gen 75] cur_best: cost=3875528164.38  viol=2072070932.5559  obj=2075946460720.25 | best_so_far: cost=3875528164.38  viol=2072070932.5559  obj=2075946460720.25
[Run 02 | Gen 76] cur_best: cost=3875528164.38  viol=2072070932.5559  obj=2075946460720.25 | best_so_far: cost=3875528164.38  viol=2072070932.5559  obj=2075946460720.25
[Run 02 | FE 4608] best_local_obj=2075946460720.25  best_local_cost=3875528164.38  best_local_viol=2072070932.5559
[Run 02 | Gen 77] cur_best: cost=3875528164.38  viol=2072070932.5559  obj=2075946460720.25 | best_so_far: cost=3875528164.38  viol=2072070932.5559  obj=2075946460720.25
[Run 02 | Gen 78] cur_best: cost=3875528164.38  viol=2072070932.5559  obj=2075946460720.25 | best_so_far: cost=3875528164.38  viol=2072070932.5559  obj=2075946460720.25
[Run 02 | Gen 79] cur_best: cost=3875528164.38  viol=2072070932.5559  obj=2075946460720.25 | best_so_far: cost=3875528164.38  viol=2072070932.5559  obj=2075946460720.25
[Run 02 | Gen 80] cur_best: cost=3875528164.38  viol=2072070932.5559  obj=2075946460720.25 | best_so_far: cost=3875528164.38  viol=2072070932.5559  obj=2075946460720.25
[Run 02 | Gen 81] cur_best: cost=3875528164.38  viol=2072070932.5559  obj=2075946460720.25 | best_so_far: cost=3875528164.38  viol=2072070932.5559  obj=2075946460720.25
[Run 02 | FE 4864] best_local_obj=2075946460720.25  best_local_cost=3875528164.38  best_local_viol=2072070932.5559
[Run 02 | Gen 82] cur_best: cost=3875528164.38  viol=2072070932.5559  obj=2075946460720.25 | best_so_far: cost=3875528164.38  viol=2072070932.5559  obj=2075946460720.25
[Run 02 | Gen 83] cur_best: cost=3875528164.38  viol=2072070932.5559  obj=2075946460720.25 | best_so_far: cost=3875528164.38  viol=2072070932.5559  obj=2075946460720.25
[Run 02 | Gen 84] cur_best: cost=3875528164.38  viol=2072070932.5559  obj=2075946460720.25 | best_so_far: cost=3875528164.38  viol=2072070932.5559  obj=2075946460720.25
[Run 02 | Gen 85] cur_best: cost=3875528164.38  viol=2072070932.5559  obj=2075946460720.25 | best_so_far: cost=3875528164.38  viol=2072070932.5559  obj=2075946460720.25
[Run 02 | FE 5120] best_local_obj=2075946460720.25  best_local_cost=3875528164.38  best_local_viol=2072070932.5559
[Run 02 | Gen 86] cur_best: cost=3875528164.38  viol=2072070932.5559  obj=2075946460720.25 | best_so_far: cost=3875528164.38  viol=2072070932.5559  obj=2075946460720.25
[Run 02 | Gen 87] cur_best: cost=3875528164.38  viol=2072070932.5559  obj=2075946460720.25 | best_so_far: cost=3875528164.38  viol=2072070932.5559  obj=2075946460720.25
[Run 02 | Gen 88] cur_best: cost=3875528164.38  viol=2072070932.5559  obj=2075946460720.25 | best_so_far: cost=3875528164.38  viol=2072070932.5559  obj=2075946460720.25
[Run 02 | Gen 89] cur_best: cost=3875528164.38  viol=2072070932.5559  obj=2075946460720.25 | best_so_far: cost=3875528164.38  viol=2072070932.5559  obj=2075946460720.25
[Run 02 | FE 5376] best_local_obj=2075946460720.25  best_local_cost=3875528164.38  best_local_viol=2072070932.5559
[Run 02 | Gen 90] cur_best: cost=3875528164.38  viol=2072070932.5559  obj=2075946460720.25 | best_so_far: cost=3875528164.38  viol=2072070932.5559  obj=2075946460720.25
[Run 02 | Gen 91] cur_best: cost=3875528164.38  viol=2072070932.5559  obj=2075946460720.25 | best_so_far: cost=3875528164.38  viol=2072070932.5559  obj=2075946460720.25
[Run 02 | Gen 92] cur_best: cost=3875528164.38  viol=2072070932.5559  obj=2075946460720.25 | best_so_far: cost=3875528164.38  viol=2072070932.5559  obj=2075946460720.25
[Run 02 | Gen 93] cur_best: cost=3891580410.96  viol=2069351909.0453  obj=2073243489456.23 | best_so_far: cost=3891580410.96  viol=2069351909.0453  obj=2073243489456.23
[Run 02 | FE 5632] best_local_obj=2073243489456.23  best_local_cost=3891580410.96  best_local_viol=2069351909.0453
[Run 02 | Gen 94] cur_best: cost=3891580410.96  viol=2069351909.0453  obj=2073243489456.23 | best_so_far: cost=3891580410.96  viol=2069351909.0453  obj=2073243489456.23
[Run 02 | Gen 95] cur_best: cost=3891580410.96  viol=2069351909.0453  obj=2073243489456.23 | best_so_far: cost=3891580410.96  viol=2069351909.0453  obj=2073243489456.23
[Run 02 | Gen 96] cur_best: cost=3891580410.96  viol=2069351909.0453  obj=2073243489456.23 | best_so_far: cost=3891580410.96  viol=2069351909.0453  obj=2073243489456.23
[Run 02 | Gen 97] cur_best: cost=3891580410.96  viol=2069351909.0453  obj=2073243489456.23 | best_so_far: cost=3891580410.96  viol=2069351909.0453  obj=2073243489456.23
[Run 02 | Gen 98] cur_best: cost=3891580410.96  viol=2069351909.0453  obj=2073243489456.23 | best_so_far: cost=3891580410.96  viol=2069351909.0453  obj=2073243489456.23
[Run 02 | FE 5888] best_local_obj=2073243489456.23  best_local_cost=3891580410.96  best_local_viol=2069351909.0453
[Run 02 | Gen 99] cur_best: cost=3891580410.96  viol=2069351909.0453  obj=2073243489456.23 | best_so_far: cost=3891580410.96  viol=2069351909.0453  obj=2073243489456.23
[Run 02 | Gen 100] cur_best: cost=3891580410.96  viol=2069351909.0453  obj=2073243489456.23 | best_so_far: cost=3891580410.96  viol=2069351909.0453  obj=2073243489456.23
[Run 02 | Gen 101] cur_best: cost=3891580410.96  viol=2069351909.0453  obj=2073243489456.23 | best_so_far: cost=3891580410.96  viol=2069351909.0453  obj=2073243489456.23
[Run 02 | Gen 102] cur_best: cost=3891580410.96  viol=2069351909.0453  obj=2073243489456.23 | best_so_far: cost=3891580410.96  viol=2069351909.0453  obj=2073243489456.23
[Run 02 | FE 6144] best_local_obj=2073243489456.23  best_local_cost=3891580410.96  best_local_viol=2069351909.0453
[Run 02 | Gen 103] cur_best: cost=3891580410.96  viol=2069351909.0453  obj=2073243489456.23 | best_so_far: cost=3891580410.96  viol=2069351909.0453  obj=2073243489456.23
[Run 02 | Gen 104] cur_best: cost=3865126739.73  viol=2069186288.7165  obj=2073051415456.18 | best_so_far: cost=3865126739.73  viol=2069186288.7165  obj=2073051415456.18
[Run 02 | Gen 105] cur_best: cost=3865126739.73  viol=2069186288.7165  obj=2073051415456.18 | best_so_far: cost=3865126739.73  viol=2069186288.7165  obj=2073051415456.18
[Run 02 | Gen 106] cur_best: cost=3865126739.73  viol=2069186288.7165  obj=2073051415456.18 | best_so_far: cost=3865126739.73  viol=2069186288.7165  obj=2073051415456.18
[Run 02 | FE 6400] best_local_obj=2073051415456.18  best_local_cost=3865126739.73  best_local_viol=2069186288.7165
[Run 02 | Gen 107] cur_best: cost=3865126739.73  viol=2069186288.7165  obj=2073051415456.18 | best_so_far: cost=3865126739.73  viol=2069186288.7165  obj=2073051415456.18
[Run 02 | Gen 108] cur_best: cost=3865126739.73  viol=2069186288.7165  obj=2073051415456.18 | best_so_far: cost=3865126739.73  viol=2069186288.7165  obj=2073051415456.18
[Run 02 | Gen 109] cur_best: cost=3865126739.73  viol=2069186288.7165  obj=2073051415456.18 | best_so_far: cost=3865126739.73  viol=2069186288.7165  obj=2073051415456.18
[Run 02 | Gen 110] cur_best: cost=3865126739.73  viol=2069186288.7165  obj=2073051415456.18 | best_so_far: cost=3865126739.73  viol=2069186288.7165  obj=2073051415456.18
[Run 02 | FE 6656] best_local_obj=2073051415456.18  best_local_cost=3865126739.73  best_local_viol=2069186288.7165
[Run 02 | Gen 111] cur_best: cost=3865126739.73  viol=2069186288.7165  obj=2073051415456.18 | best_so_far: cost=3865126739.73  viol=2069186288.7165  obj=2073051415456.18
[Run 02 | Gen 112] cur_best: cost=3865126739.73  viol=2069186288.7165  obj=2073051415456.18 | best_so_far: cost=3865126739.73  viol=2069186288.7165  obj=2073051415456.18
[Run 02 | Gen 113] cur_best: cost=3865126739.73  viol=2069186288.7165  obj=2073051415456.18 | best_so_far: cost=3865126739.73  viol=2069186288.7165  obj=2073051415456.18
[Run 02 | Gen 114] cur_best: cost=3865126739.73  viol=2069186288.7165  obj=2073051415456.18 | best_so_far: cost=3865126739.73  viol=2069186288.7165  obj=2073051415456.18
[Run 02 | Gen 115] cur_best: cost=3865126739.73  viol=2069186288.7165  obj=2073051415456.18 | best_so_far: cost=3865126739.73  viol=2069186288.7165  obj=2073051415456.18
[Run 02 | FE 6912] best_local_obj=2073051415456.18  best_local_cost=3865126739.73  best_local_viol=2069186288.7165
[Run 02 | Gen 116] cur_best: cost=3865126739.73  viol=2069186288.7165  obj=2073051415456.18 | best_so_far: cost=3865126739.73  viol=2069186288.7165  obj=2073051415456.18
[Run 02 | Gen 117] cur_best: cost=3865126739.73  viol=2069186288.7165  obj=2073051415456.18 | best_so_far: cost=3865126739.73  viol=2069186288.7165  obj=2073051415456.18
[Run 02 | Gen 118] cur_best: cost=3865126739.73  viol=2069186288.7165  obj=2073051415456.18 | best_so_far: cost=3865126739.73  viol=2069186288.7165  obj=2073051415456.18
[Run 02 | Gen 119] cur_best: cost=3865126739.73  viol=2069186288.7165  obj=2073051415456.18 | best_so_far: cost=3865126739.73  viol=2069186288.7165  obj=2073051415456.18
[Run 02 | FE 7168] best_local_obj=2073051415456.18  best_local_cost=3865126739.73  best_local_viol=2069186288.7165
[Run 02 | Gen 120] cur_best: cost=3865126739.73  viol=2069186288.7165  obj=2073051415456.18 | best_so_far: cost=3865126739.73  viol=2069186288.7165  obj=2073051415456.18
[Run 02 | Gen 121] cur_best: cost=3865126739.73  viol=2069186288.7165  obj=2073051415456.18 | best_so_far: cost=3865126739.73  viol=2069186288.7165  obj=2073051415456.18
[Run 02 | Gen 122] cur_best: cost=3865126739.73  viol=2069186288.7165  obj=2073051415456.18 | best_so_far: cost=3865126739.73  viol=2069186288.7165  obj=2073051415456.18
[Run 02 | Gen 123] cur_best: cost=3865126739.73  viol=2069186288.7165  obj=2073051415456.18 | best_so_far: cost=3865126739.73  viol=2069186288.7165  obj=2073051415456.18
[Run 02 | FE 7424] best_local_obj=2073051415456.18  best_local_cost=3865126739.73  best_local_viol=2069186288.7165
[Run 02 | Gen 124] cur_best: cost=3865126739.73  viol=2069186288.7165  obj=2073051415456.18 | best_so_far: cost=3865126739.73  viol=2069186288.7165  obj=2073051415456.18
[Run 02 | Gen 125] cur_best: cost=3865126739.73  viol=2069186288.7165  obj=2073051415456.18 | best_so_far: cost=3865126739.73  viol=2069186288.7165  obj=2073051415456.18
[Run 02 | Gen 126] cur_best: cost=3865126739.73  viol=2069186288.7165  obj=2073051415456.18 | best_so_far: cost=3865126739.73  viol=2069186288.7165  obj=2073051415456.18
[Run 02 | Gen 127] cur_best: cost=3865126739.73  viol=2069186288.7165  obj=2073051415456.18 | best_so_far: cost=3865126739.73  viol=2069186288.7165  obj=2073051415456.18
[Run 02 | FE 7680] best_local_obj=2073051415456.18  best_local_cost=3865126739.73  best_local_viol=2069186288.7165
[Run 02 | Gen 128] cur_best: cost=3865126739.73  viol=2069186288.7165  obj=2073051415456.18 | best_so_far: cost=3865126739.73  viol=2069186288.7165  obj=2073051415456.18
[Run 02 | Gen 129] cur_best: cost=3865126739.73  viol=2069186288.7165  obj=2073051415456.18 | best_so_far: cost=3865126739.73  viol=2069186288.7165  obj=2073051415456.18
[Run 02 | Gen 130] cur_best: cost=3865126739.73  viol=2069186288.7165  obj=2073051415456.18 | best_so_far: cost=3865126739.73  viol=2069186288.7165  obj=2073051415456.18
[Run 02 | Gen 131] cur_best: cost=3865126739.73  viol=2069186288.7165  obj=2073051415456.18 | best_so_far: cost=3865126739.73  viol=2069186288.7165  obj=2073051415456.18
[Run 02 | Gen 132] cur_best: cost=3865126739.73  viol=2069186288.7165  obj=2073051415456.18 | best_so_far: cost=3865126739.73  viol=2069186288.7165  obj=2073051415456.18
[Run 02 | FE 7936] best_local_obj=2073051415456.18  best_local_cost=3865126739.73  best_local_viol=2069186288.7165
[Run 02 | Gen 133] cur_best: cost=3865126739.73  viol=2069186288.7165  obj=2073051415456.18 | best_so_far: cost=3865126739.73  viol=2069186288.7165  obj=2073051415456.18
[Run 02 | Gen 134] cur_best: cost=3865126739.73  viol=2069186288.7165  obj=2073051415456.18 | best_so_far: cost=3865126739.73  viol=2069186288.7165  obj=2073051415456.18
[Run 02 | Gen 135] cur_best: cost=3865126739.73  viol=2069186288.7165  obj=2073051415456.18 | best_so_far: cost=3865126739.73  viol=2069186288.7165  obj=2073051415456.18
[Run 02 | Gen 136] cur_best: cost=3865126739.73  viol=2069186288.7165  obj=2073051415456.18 | best_so_far: cost=3865126739.73  viol=2069186288.7165  obj=2073051415456.18
[Run 02 | FE 8192] best_local_obj=2073051415456.18  best_local_cost=3865126739.73  best_local_viol=2069186288.7165
[Run 02 | Gen 137] cur_best: cost=3865126739.73  viol=2069186288.7165  obj=2073051415456.18 | best_so_far: cost=3865126739.73  viol=2069186288.7165  obj=2073051415456.18
[Run 02 | Gen 138] cur_best: cost=3865126739.73  viol=2069186288.7165  obj=2073051415456.18 | best_so_far: cost=3865126739.73  viol=2069186288.7165  obj=2073051415456.18
[Run 02 | Gen 139] cur_best: cost=3865126739.73  viol=2069186288.7165  obj=2073051415456.18 | best_so_far: cost=3865126739.73  viol=2069186288.7165  obj=2073051415456.18
[Run 02 | Gen 140] cur_best: cost=3865126739.73  viol=2069186288.7165  obj=2073051415456.18 | best_so_far: cost=3865126739.73  viol=2069186288.7165  obj=2073051415456.18
[Run 02 | FE 8448] best_local_obj=2066674847604.60  best_local_cost=3921259219.18  best_local_viol=2062753588.3854
[Run 02 | Gen 141] cur_best: cost=3921259219.18  viol=2062753588.3854  obj=2066674847604.60 | best_so_far: cost=3921259219.18  viol=2062753588.3854  obj=2066674847604.60
[Run 02 | Gen 142] cur_best: cost=3921259219.18  viol=2062753588.3854  obj=2066674847604.60 | best_so_far: cost=3921259219.18  viol=2062753588.3854  obj=2066674847604.60
[Run 02 | Gen 143] cur_best: cost=3921259219.18  viol=2062753588.3854  obj=2066674847604.60 | best_so_far: cost=3921259219.18  viol=2062753588.3854  obj=2066674847604.60
[Run 02 | Gen 144] cur_best: cost=3921259219.18  viol=2062753588.3854  obj=2066674847604.60 | best_so_far: cost=3921259219.18  viol=2062753588.3854  obj=2066674847604.60
[Run 02 | Gen 145] cur_best: cost=3921259219.18  viol=2062753588.3854  obj=2066674847604.60 | best_so_far: cost=3921259219.18  viol=2062753588.3854  obj=2066674847604.60
[Run 02 | FE 8704] best_local_obj=2066674847604.60  best_local_cost=3921259219.18  best_local_viol=2062753588.3854
[Run 02 | Gen 146] cur_best: cost=3921259219.18  viol=2062753588.3854  obj=2066674847604.60 | best_so_far: cost=3921259219.18  viol=2062753588.3854  obj=2066674847604.60
[Run 02 | Gen 147] cur_best: cost=3921259219.18  viol=2062753588.3854  obj=2066674847604.60 | best_so_far: cost=3921259219.18  viol=2062753588.3854  obj=2066674847604.60
[Run 02 | Gen 148] cur_best: cost=3921259219.18  viol=2062753588.3854  obj=2066674847604.60 | best_so_far: cost=3921259219.18  viol=2062753588.3854  obj=2066674847604.60
[Run 02 | Gen 149] cur_best: cost=3921259219.18  viol=2062753588.3854  obj=2066674847604.60 | best_so_far: cost=3921259219.18  viol=2062753588.3854  obj=2066674847604.60
[Run 02 | FE 8960] best_local_obj=2066674847604.60  best_local_cost=3921259219.18  best_local_viol=2062753588.3854
[Run 02 | Gen 150] cur_best: cost=3921259219.18  viol=2062753588.3854  obj=2066674847604.60 | best_so_far: cost=3921259219.18  viol=2062753588.3854  obj=2066674847604.60
[Run 02 | Gen 151] cur_best: cost=3927460041.10  viol=2050259487.7390  obj=2054186947780.07 | best_so_far: cost=3927460041.10  viol=2050259487.7390  obj=2054186947780.07
[Run 02 | Gen 152] cur_best: cost=3927460041.10  viol=2050259487.7390  obj=2054186947780.07 | best_so_far: cost=3927460041.10  viol=2050259487.7390  obj=2054186947780.07
[Run 02 | Gen 153] cur_best: cost=3927460041.10  viol=2050259487.7390  obj=2054186947780.07 | best_so_far: cost=3927460041.10  viol=2050259487.7390  obj=2054186947780.07
[Run 02 | FE 9216] best_local_obj=2054186947780.07  best_local_cost=3927460041.10  best_local_viol=2050259487.7390
[Run 02 | Gen 154] cur_best: cost=3927460041.10  viol=2050259487.7390  obj=2054186947780.07 | best_so_far: cost=3927460041.10  viol=2050259487.7390  obj=2054186947780.07
[Run 02 | Gen 155] cur_best: cost=3927460041.10  viol=2050259487.7390  obj=2054186947780.07 | best_so_far: cost=3927460041.10  viol=2050259487.7390  obj=2054186947780.07
[Run 02 | Gen 156] cur_best: cost=3927460041.10  viol=2050259487.7390  obj=2054186947780.07 | best_so_far: cost=3927460041.10  viol=2050259487.7390  obj=2054186947780.07
[Run 02 | Gen 157] cur_best: cost=3927460041.10  viol=2050259487.7390  obj=2054186947780.07 | best_so_far: cost=3927460041.10  viol=2050259487.7390  obj=2054186947780.07
[Run 02 | FE 9472] best_local_obj=2054186947780.07  best_local_cost=3927460041.10  best_local_viol=2050259487.7390
[Run 02 | Gen 158] cur_best: cost=3927460041.10  viol=2050259487.7390  obj=2054186947780.07 | best_so_far: cost=3927460041.10  viol=2050259487.7390  obj=2054186947780.07
[Run 02 | Gen 159] cur_best: cost=3927460041.10  viol=2050259487.7390  obj=2054186947780.07 | best_so_far: cost=3927460041.10  viol=2050259487.7390  obj=2054186947780.07
[Run 02 | Gen 160] cur_best: cost=3927460041.10  viol=2050259487.7390  obj=2054186947780.07 | best_so_far: cost=3927460041.10  viol=2050259487.7390  obj=2054186947780.07
[Run 02 | Gen 161] cur_best: cost=3927460041.10  viol=2050259487.7390  obj=2054186947780.07 | best_so_far: cost=3927460041.10  viol=2050259487.7390  obj=2054186947780.07
[Run 02 | Gen 162] cur_best: cost=3927460041.10  viol=2050259487.7390  obj=2054186947780.07 | best_so_far: cost=3927460041.10  viol=2050259487.7390  obj=2054186947780.07
[Run 02 | FE 9728] best_local_obj=2054186947780.07  best_local_cost=3927460041.10  best_local_viol=2050259487.7390
[Run 02 | Gen 163] cur_best: cost=4008846027.40  viol=2037920892.9860  obj=2041929739013.36 | best_so_far: cost=4008846027.40  viol=2037920892.9860  obj=2041929739013.36
[Run 02 | Gen 164] cur_best: cost=4008846027.40  viol=2037920892.9860  obj=2041929739013.36 | best_so_far: cost=4008846027.40  viol=2037920892.9860  obj=2041929739013.36
[Run 02 | Gen 165] cur_best: cost=4008846027.40  viol=2037920892.9860  obj=2041929739013.36 | best_so_far: cost=4008846027.40  viol=2037920892.9860  obj=2041929739013.36
[Run 02 | Gen 166] cur_best: cost=4008846027.40  viol=2037920892.9860  obj=2041929739013.36 | best_so_far: cost=4008846027.40  viol=2037920892.9860  obj=2041929739013.36
[Run 02 | FE 9984] best_local_obj=2041929739013.36  best_local_cost=4008846027.40  best_local_viol=2037920892.9860
[Run 02 | Gen 167] cur_best: cost=4008846027.40  viol=2037920892.9860  obj=2041929739013.36 | best_so_far: cost=4008846027.40  viol=2037920892.9860  obj=2041929739013.36
[Run 02 | Gen 168] cur_best: cost=4008846027.40  viol=2037920892.9860  obj=2041929739013.36 | best_so_far: cost=4008846027.40  viol=2037920892.9860  obj=2041929739013.36
[Run 02 | Gen 169] cur_best: cost=4008846027.40  viol=2037920892.9860  obj=2041929739013.36 | best_so_far: cost=4008846027.40  viol=2037920892.9860  obj=2041929739013.36
[Run 02 | Gen 170] cur_best: cost=4008846027.40  viol=2037920892.9860  obj=2041929739013.36 | best_so_far: cost=4008846027.40  viol=2037920892.9860  obj=2041929739013.36
[Run 02 | FE 10240] best_local_obj=2041929739013.36  best_local_cost=4008846027.40  best_local_viol=2037920892.9860
[Run 02 | Gen 171] cur_best: cost=4008846027.40  viol=2037920892.9860  obj=2041929739013.36 | best_so_far: cost=4008846027.40  viol=2037920892.9860  obj=2041929739013.36
[Run 02 | Gen 172] cur_best: cost=4008846027.40  viol=2037920892.9860  obj=2041929739013.36 | best_so_far: cost=4008846027.40  viol=2037920892.9860  obj=2041929739013.36
[Run 02 | Gen 173] cur_best: cost=4008846027.40  viol=2037920892.9860  obj=2041929739013.36 | best_so_far: cost=4008846027.40  viol=2037920892.9860  obj=2041929739013.36
[Run 02 | Gen 174] cur_best: cost=4008846027.40  viol=2037920892.9860  obj=2041929739013.36 | best_so_far: cost=4008846027.40  viol=2037920892.9860  obj=2041929739013.36
[Run 02 | FE 10496] best_local_obj=2041929739013.36  best_local_cost=4008846027.40  best_local_viol=2037920892.9860
[Run 02 | Gen 175] cur_best: cost=4008846027.40  viol=2037920892.9860  obj=2041929739013.36 | best_so_far: cost=4008846027.40  viol=2037920892.9860  obj=2041929739013.36
[Run 02 | Gen 176] cur_best: cost=4008846027.40  viol=2037920892.9860  obj=2041929739013.36 | best_so_far: cost=4008846027.40  viol=2037920892.9860  obj=2041929739013.36
[Run 02 | Gen 177] cur_best: cost=4008846027.40  viol=2037920892.9860  obj=2041929739013.36 | best_so_far: cost=4008846027.40  viol=2037920892.9860  obj=2041929739013.36
[Run 02 | Gen 178] cur_best: cost=4008846027.40  viol=2037920892.9860  obj=2041929739013.36 | best_so_far: cost=4008846027.40  viol=2037920892.9860  obj=2041929739013.36
[Run 02 | Gen 179] cur_best: cost=4008846027.40  viol=2037920892.9860  obj=2041929739013.36 | best_so_far: cost=4008846027.40  viol=2037920892.9860  obj=2041929739013.36
[Run 02 | FE 10752] best_local_obj=2041929739013.36  best_local_cost=4008846027.40  best_local_viol=2037920892.9860
[Run 02 | Gen 180] cur_best: cost=4008846027.40  viol=2037920892.9860  obj=2041929739013.36 | best_so_far: cost=4008846027.40  viol=2037920892.9860  obj=2041929739013.36
[Run 02 | Gen 181] cur_best: cost=4008846027.40  viol=2037920892.9860  obj=2041929739013.36 | best_so_far: cost=4008846027.40  viol=2037920892.9860  obj=2041929739013.36
[Run 02 | Gen 182] cur_best: cost=4008846027.40  viol=2037920892.9860  obj=2041929739013.36 | best_so_far: cost=4008846027.40  viol=2037920892.9860  obj=2041929739013.36
[Run 02 | Gen 183] cur_best: cost=4008846027.40  viol=2037920892.9860  obj=2041929739013.36 | best_so_far: cost=4008846027.40  viol=2037920892.9860  obj=2041929739013.36
[Run 02 | FE 11008] best_local_obj=2035931712000.97  best_local_cost=4030298876.71  best_local_viol=2031901413.1243
[Run 02 | Gen 184] cur_best: cost=4030298876.71  viol=2031901413.1243  obj=2035931712000.97 | best_so_far: cost=4030298876.71  viol=2031901413.1243  obj=2035931712000.97
[Run 02 | Gen 185] cur_best: cost=4030298876.71  viol=2031901413.1243  obj=2035931712000.97 | best_so_far: cost=4030298876.71  viol=2031901413.1243  obj=2035931712000.97
[Run 02 | Gen 186] cur_best: cost=4030298876.71  viol=2031901413.1243  obj=2035931712000.97 | best_so_far: cost=4030298876.71  viol=2031901413.1243  obj=2035931712000.97
[Run 02 | Gen 187] cur_best: cost=4030298876.71  viol=2031901413.1243  obj=2035931712000.97 | best_so_far: cost=4030298876.71  viol=2031901413.1243  obj=2035931712000.97
[Run 02 | FE 11264] best_local_obj=2035931712000.97  best_local_cost=4030298876.71  best_local_viol=2031901413.1243
[Run 02 | Gen 188] cur_best: cost=4030298876.71  viol=2031901413.1243  obj=2035931712000.97 | best_so_far: cost=4030298876.71  viol=2031901413.1243  obj=2035931712000.97
[Run 02 | Gen 189] cur_best: cost=4030298876.71  viol=2031901413.1243  obj=2035931712000.97 | best_so_far: cost=4030298876.71  viol=2031901413.1243  obj=2035931712000.97
[Run 02 | Gen 190] cur_best: cost=4030298876.71  viol=2031901413.1243  obj=2035931712000.97 | best_so_far: cost=4030298876.71  viol=2031901413.1243  obj=2035931712000.97
[Run 02 | Gen 191] cur_best: cost=4030298876.71  viol=2031901413.1243  obj=2035931712000.97 | best_so_far: cost=4030298876.71  viol=2031901413.1243  obj=2035931712000.97
[Run 02 | FE 11520] best_local_obj=2035931712000.97  best_local_cost=4030298876.71  best_local_viol=2031901413.1243
[Run 02 | Gen 192] cur_best: cost=4030298876.71  viol=2031901413.1243  obj=2035931712000.97 | best_so_far: cost=4030298876.71  viol=2031901413.1243  obj=2035931712000.97
[Run 02 | Gen 193] cur_best: cost=4030298876.71  viol=2031901413.1243  obj=2035931712000.97 | best_so_far: cost=4030298876.71  viol=2031901413.1243  obj=2035931712000.97
[Run 02 | Gen 194] cur_best: cost=4030298876.71  viol=2031901413.1243  obj=2035931712000.97 | best_so_far: cost=4030298876.71  viol=2031901413.1243  obj=2035931712000.97
[Run 02 | Gen 195] cur_best: cost=4006295698.63  viol=2027024021.0359  obj=2031030316734.50 | best_so_far: cost=4006295698.63  viol=2027024021.0359  obj=2031030316734.50
[Run 02 | Gen 196] cur_best: cost=4006295698.63  viol=2027024021.0359  obj=2031030316734.50 | best_so_far: cost=4006295698.63  viol=2027024021.0359  obj=2031030316734.50
[Run 02 | FE 11776] best_local_obj=2031030316734.50  best_local_cost=4006295698.63  best_local_viol=2027024021.0359
[Run 02 | Gen 197] cur_best: cost=4006295698.63  viol=2027024021.0359  obj=2031030316734.50 | best_so_far: cost=4006295698.63  viol=2027024021.0359  obj=2031030316734.50
[Run 02 | Gen 198] cur_best: cost=4006295698.63  viol=2027024021.0359  obj=2031030316734.50 | best_so_far: cost=4006295698.63  viol=2027024021.0359  obj=2031030316734.50
[Run 02 | Gen 199] cur_best: cost=4006295698.63  viol=2027024021.0359  obj=2031030316734.50 | best_so_far: cost=4006295698.63  viol=2027024021.0359  obj=2031030316734.50
[Run 02 | Gen 200] cur_best: cost=4006295698.63  viol=2027024021.0359  obj=2031030316734.50 | best_so_far: cost=4006295698.63  viol=2027024021.0359  obj=2031030316734.50
[Run 02 | FE 12032] best_local_obj=2031030316734.50  best_local_cost=4006295698.63  best_local_viol=2027024021.0359
[Run 02 | Gen 201] cur_best: cost=4006295698.63  viol=2027024021.0359  obj=2031030316734.50 | best_so_far: cost=4006295698.63  viol=2027024021.0359  obj=2031030316734.50
[Run 02 | Gen 202] cur_best: cost=4006295698.63  viol=2027024021.0359  obj=2031030316734.50 | best_so_far: cost=4006295698.63  viol=2027024021.0359  obj=2031030316734.50
[Run 02 | Gen 203] cur_best: cost=4006295698.63  viol=2027024021.0359  obj=2031030316734.50 | best_so_far: cost=4006295698.63  viol=2027024021.0359  obj=2031030316734.50
[Run 02 | Gen 204] cur_best: cost=4006295698.63  viol=2027024021.0359  obj=2031030316734.50 | best_so_far: cost=4006295698.63  viol=2027024021.0359  obj=2031030316734.50
[Run 02 | FE 12288] best_local_obj=2031030316734.50  best_local_cost=4006295698.63  best_local_viol=2027024021.0359
[Run 02 | Gen 205] cur_best: cost=4006295698.63  viol=2027024021.0359  obj=2031030316734.50 | best_so_far: cost=4006295698.63  viol=2027024021.0359  obj=2031030316734.50
[Run 02 | Gen 206] cur_best: cost=4006295698.63  viol=2027024021.0359  obj=2031030316734.50 | best_so_far: cost=4006295698.63  viol=2027024021.0359  obj=2031030316734.50
[Run 02 | Gen 207] cur_best: cost=4006295698.63  viol=2027024021.0359  obj=2031030316734.50 | best_so_far: cost=4006295698.63  viol=2027024021.0359  obj=2031030316734.50
[Run 02 | Gen 208] cur_best: cost=4006295698.63  viol=2027024021.0359  obj=2031030316734.50 | best_so_far: cost=4006295698.63  viol=2027024021.0359  obj=2031030316734.50
[Run 02 | Gen 209] cur_best: cost=4006295698.63  viol=2027024021.0359  obj=2031030316734.50 | best_so_far: cost=4006295698.63  viol=2027024021.0359  obj=2031030316734.50
[Run 02 | FE 12544] best_local_obj=2031030316734.50  best_local_cost=4006295698.63  best_local_viol=2027024021.0359
[Run 02 | Gen 210] cur_best: cost=4006295698.63  viol=2027024021.0359  obj=2031030316734.50 | best_so_far: cost=4006295698.63  viol=2027024021.0359  obj=2031030316734.50
[Run 02 | Gen 211] cur_best: cost=4006295698.63  viol=2027024021.0359  obj=2031030316734.50 | best_so_far: cost=4006295698.63  viol=2027024021.0359  obj=2031030316734.50
[Run 02 | Gen 212] cur_best: cost=4006295698.63  viol=2027024021.0359  obj=2031030316734.50 | best_so_far: cost=4006295698.63  viol=2027024021.0359  obj=2031030316734.50
[Run 02 | Gen 213] cur_best: cost=4006295698.63  viol=2027024021.0359  obj=2031030316734.50 | best_so_far: cost=4006295698.63  viol=2027024021.0359  obj=2031030316734.50
[Run 02 | FE 12800] best_local_obj=2031030316734.50  best_local_cost=4006295698.63  best_local_viol=2027024021.0359
[Run 02 | Gen 214] cur_best: cost=4006295698.63  viol=2027024021.0359  obj=2031030316734.50 | best_so_far: cost=4006295698.63  viol=2027024021.0359  obj=2031030316734.50

[Stop] reached max_total_fe=12800.

[Run 02] best_global_cost=4006295698.6301, best_global_viol=2027024021.035870, best_global_obj=2031030316734.5002
[Done] summary=/work/home/acn1eb8nfq/yuezhang46/UScode/US实验一：横向对比/ga_global_logs/run_02_seed_1002/runs_summary.csv
