[RunConfig] run_id=25 seed=1025
[OutputDir] /work/home/acn1eb8nfq/yuezhang46/UScode/US实验一：横向对比/ga_global_logs/run_25_seed_1025
[Info] #nodes = 4301
[Load] Reading scenarios ...
  - 2020: raw edges=5296, days=366
  - 2025: raw edges=5296, days=365
  - 2030: raw edges=5296, days=365
  - 2035: raw edges=5296, days=365
  - 2040: raw edges=5296, days=366
[Filter] EDGE_WEIGHT_MIN=1.0
  - active_nodes=2914  inactive_nodes(fixed NONE)=1387
  - 2020: removed=2048, kept=3248
  - 2025: removed=2048, kept=3248
  - 2030: removed=2048, kept=3248
  - 2035: removed=2048, kept=3248
  - 2040: removed=2048, kept=3248
  - 2020: filtered edges (active subgraph)=3248
  - 2025: filtered edges (active subgraph)=3248
  - 2030: filtered edges (active subgraph)=3248
  - 2035: filtered edges (active subgraph)=3248
  - 2040: filtered edges (active subgraph)=3248
[GA] Initialize population ...
[GA] Init population generated.
[GA] Evolve under FE budget ...
[Run 25 | Gen 1] cur_best: cost=1904889191.78  viol=3019377437.6011  obj=3021282326792.89 | best_so_far: cost=1904889191.78  viol=3019377437.6011  obj=3021282326792.89
[Run 25 | Gen 2] cur_best: cost=2066436082.19  viol=2944178342.2911  obj=2946244778373.34 | best_so_far: cost=2066436082.19  viol=2944178342.2911  obj=2946244778373.34
[Run 25 | Gen 3] cur_best: cost=2179201369.86  viol=2876177251.1523  obj=2878356452522.19 | best_so_far: cost=2179201369.86  viol=2876177251.1523  obj=2878356452522.19
[Run 25 | Gen 4] cur_best: cost=2227732643.84  viol=2834625234.8896  obj=2836852967533.44 | best_so_far: cost=2227732643.84  viol=2834625234.8896  obj=2836852967533.44
[Run 25 | FE 256] best_local_obj=2803409127606.30  best_local_cost=2369126465.75  best_local_viol=2801040001.1406
[Run 25 | Gen 5] cur_best: cost=2369126465.75  viol=2801040001.1406  obj=2803409127606.30 | best_so_far: cost=2369126465.75  viol=2801040001.1406  obj=2803409127606.30
[Run 25 | Gen 6] cur_best: cost=2455163000.00  viol=2739114078.5897  obj=2741569241589.70 | best_so_far: cost=2455163000.00  viol=2739114078.5897  obj=2741569241589.70
[Run 25 | Gen 7] cur_best: cost=2531198164.38  viol=2699174542.4858  obj=2701705740650.20 | best_so_far: cost=2531198164.38  viol=2699174542.4858  obj=2701705740650.20
[Run 25 | Gen 8] cur_best: cost=2605132890.41  viol=2665169587.4004  obj=2667774720290.78 | best_so_far: cost=2605132890.41  viol=2665169587.4004  obj=2667774720290.78
[Run 25 | FE 512] best_local_obj=2617017481667.60  best_local_cost=2785532082.19  best_local_viol=2614231949.5854
[Run 25 | Gen 9] cur_best: cost=2725474246.58  viol=2613549890.5123  obj=2616275364758.86 | best_so_far: cost=2725474246.58  viol=2613549890.5123  obj=2616275364758.86
[Run 25 | Gen 10] cur_best: cost=2867043315.07  viol=2563671464.6625  obj=2566538507977.52 | best_so_far: cost=2867043315.07  viol=2563671464.6625  obj=2566538507977.52
[Run 25 | Gen 11] cur_best: cost=2987759479.45  viol=2517084685.9045  obj=2520072445383.98 | best_so_far: cost=2987759479.45  viol=2517084685.9045  obj=2520072445383.98
[Run 25 | Gen 12] cur_best: cost=2987759479.45  viol=2517084685.9045  obj=2520072445383.98 | best_so_far: cost=2987759479.45  viol=2517084685.9045  obj=2520072445383.98
[Run 25 | FE 768] best_local_obj=2497460212167.58  best_local_cost=2923150712.33  best_local_viol=2494537061.4553
[Run 25 | Gen 13] cur_best: cost=2923150712.33  viol=2494537061.4553  obj=2497460212167.58 | best_so_far: cost=2923150712.33  viol=2494537061.4553  obj=2497460212167.58
[Run 25 | Gen 14] cur_best: cost=3101999684.93  viol=2451609153.0790  obj=2454711152763.92 | best_so_far: cost=3101999684.93  viol=2451609153.0790  obj=2454711152763.92
[Run 25 | Gen 15] cur_best: cost=3152256479.45  viol=2423661413.1067  obj=2426813669586.14 | best_so_far: cost=3152256479.45  viol=2423661413.1067  obj=2426813669586.14
[Run 25 | Gen 16] cur_best: cost=3237742958.90  viol=2368496649.4887  obj=2371734392447.65 | best_so_far: cost=3237742958.90  viol=2368496649.4887  obj=2371734392447.65
[Run 25 | Gen 17] cur_best: cost=3237742958.90  viol=2368496649.4887  obj=2371734392447.65 | best_so_far: cost=3237742958.90  viol=2368496649.4887  obj=2371734392447.65
[Run 25 | FE 1024] best_local_obj=2371734392447.65  best_local_cost=3237742958.90  best_local_viol=2368496649.4887
[Run 25 | Gen 18] cur_best: cost=3237742958.90  viol=2368496649.4887  obj=2371734392447.65 | best_so_far: cost=3237742958.90  viol=2368496649.4887  obj=2371734392447.65
[Run 25 | Gen 19] cur_best: cost=3202212835.62  viol=2358748715.4629  obj=2361950928298.51 | best_so_far: cost=3202212835.62  viol=2358748715.4629  obj=2361950928298.51
[Run 25 | Gen 20] cur_best: cost=3304101616.44  viol=2350840949.4442  obj=2354145051060.62 | best_so_far: cost=3304101616.44  viol=2350840949.4442  obj=2354145051060.62
[Run 25 | Gen 21] cur_best: cost=3337381136.99  viol=2320081427.3293  obj=2323418808466.25 | best_so_far: cost=3337381136.99  viol=2320081427.3293  obj=2323418808466.25
[Run 25 | FE 1280] best_local_obj=2321123919101.26  best_local_cost=3333755616.44  best_local_viol=2317790163.4848
[Run 25 | Gen 22] cur_best: cost=3333755616.44  viol=2317790163.4848  obj=2321123919101.26 | best_so_far: cost=3333755616.44  viol=2317790163.4848  obj=2321123919101.26
[Run 25 | Gen 23] cur_best: cost=3447745931.51  viol=2278079682.3699  obj=2281527428301.42 | best_so_far: cost=3447745931.51  viol=2278079682.3699  obj=2281527428301.42
[Run 25 | Gen 24] cur_best: cost=3447745931.51  viol=2278079682.3699  obj=2281527428301.42 | best_so_far: cost=3447745931.51  viol=2278079682.3699  obj=2281527428301.42
[Run 25 | Gen 25] cur_best: cost=3447745931.51  viol=2278079682.3699  obj=2281527428301.42 | best_so_far: cost=3447745931.51  viol=2278079682.3699  obj=2281527428301.42
[Run 25 | FE 1536] best_local_obj=2271722651864.87  best_local_cost=3470023753.42  best_local_viol=2268252628.1114
[Run 25 | Gen 26] cur_best: cost=3470023753.42  viol=2268252628.1114  obj=2271722651864.87 | best_so_far: cost=3470023753.42  viol=2268252628.1114  obj=2271722651864.87
[Run 25 | Gen 27] cur_best: cost=3470023753.42  viol=2268252628.1114  obj=2271722651864.87 | best_so_far: cost=3470023753.42  viol=2268252628.1114  obj=2271722651864.87
[Run 25 | Gen 28] cur_best: cost=3470023753.42  viol=2268252628.1114  obj=2271722651864.87 | best_so_far: cost=3470023753.42  viol=2268252628.1114  obj=2271722651864.87
[Run 25 | Gen 29] cur_best: cost=3560261000.00  viol=2227582670.0233  obj=2231142931023.27 | best_so_far: cost=3560261000.00  viol=2227582670.0233  obj=2231142931023.27
[Run 25 | FE 1792] best_local_obj=2231142931023.27  best_local_cost=3560261000.00  best_local_viol=2227582670.0233
[Run 25 | Gen 30] cur_best: cost=3560261000.00  viol=2227582670.0233  obj=2231142931023.27 | best_so_far: cost=3560261000.00  viol=2227582670.0233  obj=2231142931023.27
[Run 25 | Gen 31] cur_best: cost=3560261000.00  viol=2227582670.0233  obj=2231142931023.27 | best_so_far: cost=3560261000.00  viol=2227582670.0233  obj=2231142931023.27
[Run 25 | Gen 32] cur_best: cost=3560261000.00  viol=2227582670.0233  obj=2231142931023.27 | best_so_far: cost=3560261000.00  viol=2227582670.0233  obj=2231142931023.27
[Run 25 | Gen 33] cur_best: cost=3560261000.00  viol=2227582670.0233  obj=2231142931023.27 | best_so_far: cost=3560261000.00  viol=2227582670.0233  obj=2231142931023.27
[Run 25 | Gen 34] cur_best: cost=3499727534.25  viol=2224996077.7427  obj=2228495805276.94 | best_so_far: cost=3499727534.25  viol=2224996077.7427  obj=2228495805276.94
[Run 25 | FE 2048] best_local_obj=2228495805276.94  best_local_cost=3499727534.25  best_local_viol=2224996077.7427
[Run 25 | Gen 35] cur_best: cost=3535282630.14  viol=2223600747.7126  obj=2227136030342.78 | best_so_far: cost=3535282630.14  viol=2223600747.7126  obj=2227136030342.78
[Run 25 | Gen 36] cur_best: cost=3535282630.14  viol=2223600747.7126  obj=2227136030342.78 | best_so_far: cost=3535282630.14  viol=2223600747.7126  obj=2227136030342.78
[Run 25 | Gen 37] cur_best: cost=3607242328.77  viol=2215433074.4652  obj=2219040316794.00 | best_so_far: cost=3607242328.77  viol=2215433074.4652  obj=2219040316794.00
[Run 25 | Gen 38] cur_best: cost=3594690465.75  viol=2190567845.1457  obj=2194162535611.45 | best_so_far: cost=3594690465.75  viol=2190567845.1457  obj=2194162535611.45
[Run 25 | FE 2304] best_local_obj=2182454868635.96  best_local_cost=3638446328.77  best_local_viol=2178816422.3072
[Run 25 | Gen 39] cur_best: cost=3638446328.77  viol=2178816422.3072  obj=2182454868635.96 | best_so_far: cost=3638446328.77  viol=2178816422.3072  obj=2182454868635.96
[Run 25 | Gen 40] cur_best: cost=3596665493.15  viol=2166863764.2242  obj=2170460429717.38 | best_so_far: cost=3596665493.15  viol=2166863764.2242  obj=2170460429717.38
[Run 25 | Gen 41] cur_best: cost=3596665493.15  viol=2166863764.2242  obj=2170460429717.38 | best_so_far: cost=3596665493.15  viol=2166863764.2242  obj=2170460429717.38
[Run 25 | Gen 42] cur_best: cost=3596665493.15  viol=2166863764.2242  obj=2170460429717.38 | best_so_far: cost=3596665493.15  viol=2166863764.2242  obj=2170460429717.38
[Run 25 | FE 2560] best_local_obj=2170460429717.38  best_local_cost=3596665493.15  best_local_viol=2166863764.2242
[Run 25 | Gen 43] cur_best: cost=3703055041.10  viol=2141676309.6938  obj=2145379364734.94 | best_so_far: cost=3703055041.10  viol=2141676309.6938  obj=2145379364734.94
[Run 25 | Gen 44] cur_best: cost=3715431712.33  viol=2112340497.5653  obj=2116055929277.67 | best_so_far: cost=3715431712.33  viol=2112340497.5653  obj=2116055929277.67
[Run 25 | Gen 45] cur_best: cost=3715431712.33  viol=2112340497.5653  obj=2116055929277.67 | best_so_far: cost=3715431712.33  viol=2112340497.5653  obj=2116055929277.67
[Run 25 | Gen 46] cur_best: cost=3715431712.33  viol=2112340497.5653  obj=2116055929277.67 | best_so_far: cost=3715431712.33  viol=2112340497.5653  obj=2116055929277.67
[Run 25 | FE 2816] best_local_obj=2116055929277.67  best_local_cost=3715431712.33  best_local_viol=2112340497.5653
[Run 25 | Gen 47] cur_best: cost=3715431712.33  viol=2112340497.5653  obj=2116055929277.67 | best_so_far: cost=3715431712.33  viol=2112340497.5653  obj=2116055929277.67
[Run 25 | Gen 48] cur_best: cost=3715431712.33  viol=2112340497.5653  obj=2116055929277.67 | best_so_far: cost=3715431712.33  viol=2112340497.5653  obj=2116055929277.67
[Run 25 | Gen 49] cur_best: cost=3715431712.33  viol=2112340497.5653  obj=2116055929277.67 | best_so_far: cost=3715431712.33  viol=2112340497.5653  obj=2116055929277.67
[Run 25 | Gen 50] cur_best: cost=3715431712.33  viol=2112340497.5653  obj=2116055929277.67 | best_so_far: cost=3715431712.33  viol=2112340497.5653  obj=2116055929277.67
[Run 25 | Gen 51] cur_best: cost=3715431712.33  viol=2112340497.5653  obj=2116055929277.67 | best_so_far: cost=3715431712.33  viol=2112340497.5653  obj=2116055929277.67
[Run 25 | FE 3072] best_local_obj=2116055929277.67  best_local_cost=3715431712.33  best_local_viol=2112340497.5653
[Run 25 | Gen 52] cur_best: cost=3715431712.33  viol=2112340497.5653  obj=2116055929277.67 | best_so_far: cost=3715431712.33  viol=2112340497.5653  obj=2116055929277.67
[Run 25 | Gen 53] cur_best: cost=3715431712.33  viol=2112340497.5653  obj=2116055929277.67 | best_so_far: cost=3715431712.33  viol=2112340497.5653  obj=2116055929277.67
[Run 25 | Gen 54] cur_best: cost=3715431712.33  viol=2112340497.5653  obj=2116055929277.67 | best_so_far: cost=3715431712.33  viol=2112340497.5653  obj=2116055929277.67
[Run 25 | Gen 55] cur_best: cost=3715431712.33  viol=2112340497.5653  obj=2116055929277.67 | best_so_far: cost=3715431712.33  viol=2112340497.5653  obj=2116055929277.67
[Run 25 | FE 3328] best_local_obj=2109091872151.38  best_local_cost=3707105424.66  best_local_viol=2105384766.7267
[Run 25 | Gen 56] cur_best: cost=3707105424.66  viol=2105384766.7267  obj=2109091872151.38 | best_so_far: cost=3707105424.66  viol=2105384766.7267  obj=2109091872151.38
[Run 25 | Gen 57] cur_best: cost=3707105424.66  viol=2105384766.7267  obj=2109091872151.38 | best_so_far: cost=3707105424.66  viol=2105384766.7267  obj=2109091872151.38
[Run 25 | Gen 58] cur_best: cost=3707105424.66  viol=2105384766.7267  obj=2109091872151.38 | best_so_far: cost=3707105424.66  viol=2105384766.7267  obj=2109091872151.38
[Run 25 | Gen 59] cur_best: cost=3707105424.66  viol=2105384766.7267  obj=2109091872151.38 | best_so_far: cost=3707105424.66  viol=2105384766.7267  obj=2109091872151.38
[Run 25 | FE 3584] best_local_obj=2109091872151.38  best_local_cost=3707105424.66  best_local_viol=2105384766.7267
[Run 25 | Gen 60] cur_best: cost=3707105424.66  viol=2105384766.7267  obj=2109091872151.38 | best_so_far: cost=3707105424.66  viol=2105384766.7267  obj=2109091872151.38
[Run 25 | Gen 61] cur_best: cost=3707105424.66  viol=2105384766.7267  obj=2109091872151.38 | best_so_far: cost=3707105424.66  viol=2105384766.7267  obj=2109091872151.38
[Run 25 | Gen 62] cur_best: cost=3760787630.14  viol=2104229227.7204  obj=2107990015350.54 | best_so_far: cost=3760787630.14  viol=2104229227.7204  obj=2107990015350.54
[Run 25 | Gen 63] cur_best: cost=3760787630.14  viol=2104229227.7204  obj=2107990015350.54 | best_so_far: cost=3760787630.14  viol=2104229227.7204  obj=2107990015350.54
[Run 25 | FE 3840] best_local_obj=2107990015350.54  best_local_cost=3760787630.14  best_local_viol=2104229227.7204
[Run 25 | Gen 64] cur_best: cost=3760787630.14  viol=2104229227.7204  obj=2107990015350.54 | best_so_far: cost=3760787630.14  viol=2104229227.7204  obj=2107990015350.54
[Run 25 | Gen 65] cur_best: cost=3760787630.14  viol=2104229227.7204  obj=2107990015350.54 | best_so_far: cost=3760787630.14  viol=2104229227.7204  obj=2107990015350.54
[Run 25 | Gen 66] cur_best: cost=3760787630.14  viol=2104229227.7204  obj=2107990015350.54 | best_so_far: cost=3760787630.14  viol=2104229227.7204  obj=2107990015350.54
[Run 25 | Gen 67] cur_best: cost=3760787630.14  viol=2104229227.7204  obj=2107990015350.54 | best_so_far: cost=3760787630.14  viol=2104229227.7204  obj=2107990015350.54
[Run 25 | Gen 68] cur_best: cost=3760787630.14  viol=2104229227.7204  obj=2107990015350.54 | best_so_far: cost=3760787630.14  viol=2104229227.7204  obj=2107990015350.54
[Run 25 | FE 4096] best_local_obj=2107990015350.54  best_local_cost=3760787630.14  best_local_viol=2104229227.7204
[Run 25 | Gen 69] cur_best: cost=3760787630.14  viol=2104229227.7204  obj=2107990015350.54 | best_so_far: cost=3760787630.14  viol=2104229227.7204  obj=2107990015350.54
[Run 25 | Gen 70] cur_best: cost=3760787630.14  viol=2104229227.7204  obj=2107990015350.54 | best_so_far: cost=3760787630.14  viol=2104229227.7204  obj=2107990015350.54
[Run 25 | Gen 71] cur_best: cost=3760787630.14  viol=2104229227.7204  obj=2107990015350.54 | best_so_far: cost=3760787630.14  viol=2104229227.7204  obj=2107990015350.54
[Run 25 | Gen 72] cur_best: cost=3760787630.14  viol=2104229227.7204  obj=2107990015350.54 | best_so_far: cost=3760787630.14  viol=2104229227.7204  obj=2107990015350.54
[Run 25 | FE 4352] best_local_obj=2107990015350.54  best_local_cost=3760787630.14  best_local_viol=2104229227.7204
[Run 25 | Gen 73] cur_best: cost=3760787630.14  viol=2104229227.7204  obj=2107990015350.54 | best_so_far: cost=3760787630.14  viol=2104229227.7204  obj=2107990015350.54
[Run 25 | Gen 74] cur_best: cost=3760787630.14  viol=2104229227.7204  obj=2107990015350.54 | best_so_far: cost=3760787630.14  viol=2104229227.7204  obj=2107990015350.54
[Run 25 | Gen 75] cur_best: cost=3760787630.14  viol=2104229227.7204  obj=2107990015350.54 | best_so_far: cost=3760787630.14  viol=2104229227.7204  obj=2107990015350.54
[Run 25 | Gen 76] cur_best: cost=3760787630.14  viol=2104229227.7204  obj=2107990015350.54 | best_so_far: cost=3760787630.14  viol=2104229227.7204  obj=2107990015350.54
[Run 25 | FE 4608] best_local_obj=2107990015350.54  best_local_cost=3760787630.14  best_local_viol=2104229227.7204
[Run 25 | Gen 77] cur_best: cost=3760787630.14  viol=2104229227.7204  obj=2107990015350.54 | best_so_far: cost=3760787630.14  viol=2104229227.7204  obj=2107990015350.54
[Run 25 | Gen 78] cur_best: cost=3760787630.14  viol=2104229227.7204  obj=2107990015350.54 | best_so_far: cost=3760787630.14  viol=2104229227.7204  obj=2107990015350.54
[Run 25 | Gen 79] cur_best: cost=3760787630.14  viol=2104229227.7204  obj=2107990015350.54 | best_so_far: cost=3760787630.14  viol=2104229227.7204  obj=2107990015350.54
[Run 25 | Gen 80] cur_best: cost=3760787630.14  viol=2104229227.7204  obj=2107990015350.54 | best_so_far: cost=3760787630.14  viol=2104229227.7204  obj=2107990015350.54
[Run 25 | Gen 81] cur_best: cost=3760787630.14  viol=2104229227.7204  obj=2107990015350.54 | best_so_far: cost=3760787630.14  viol=2104229227.7204  obj=2107990015350.54
[Run 25 | FE 4864] best_local_obj=2107990015350.54  best_local_cost=3760787630.14  best_local_viol=2104229227.7204
[Run 25 | Gen 82] cur_best: cost=3760787630.14  viol=2104229227.7204  obj=2107990015350.54 | best_so_far: cost=3760787630.14  viol=2104229227.7204  obj=2107990015350.54
[Run 25 | Gen 83] cur_best: cost=3760787630.14  viol=2104229227.7204  obj=2107990015350.54 | best_so_far: cost=3760787630.14  viol=2104229227.7204  obj=2107990015350.54
[Run 25 | Gen 84] cur_best: cost=3760787630.14  viol=2104229227.7204  obj=2107990015350.54 | best_so_far: cost=3760787630.14  viol=2104229227.7204  obj=2107990015350.54
[Run 25 | Gen 85] cur_best: cost=3760787630.14  viol=2104229227.7204  obj=2107990015350.54 | best_so_far: cost=3760787630.14  viol=2104229227.7204  obj=2107990015350.54
[Run 25 | FE 5120] best_local_obj=2107990015350.54  best_local_cost=3760787630.14  best_local_viol=2104229227.7204
[Run 25 | Gen 86] cur_best: cost=3760787630.14  viol=2104229227.7204  obj=2107990015350.54 | best_so_far: cost=3760787630.14  viol=2104229227.7204  obj=2107990015350.54
[Run 25 | Gen 87] cur_best: cost=3760787630.14  viol=2104229227.7204  obj=2107990015350.54 | best_so_far: cost=3760787630.14  viol=2104229227.7204  obj=2107990015350.54
[Run 25 | Gen 88] cur_best: cost=3760787630.14  viol=2104229227.7204  obj=2107990015350.54 | best_so_far: cost=3760787630.14  viol=2104229227.7204  obj=2107990015350.54
[Run 25 | Gen 89] cur_best: cost=3760787630.14  viol=2104229227.7204  obj=2107990015350.54 | best_so_far: cost=3760787630.14  viol=2104229227.7204  obj=2107990015350.54
[Run 25 | FE 5376] best_local_obj=2107990015350.54  best_local_cost=3760787630.14  best_local_viol=2104229227.7204
[Run 25 | Gen 90] cur_best: cost=3760787630.14  viol=2104229227.7204  obj=2107990015350.54 | best_so_far: cost=3760787630.14  viol=2104229227.7204  obj=2107990015350.54
[Run 25 | Gen 91] cur_best: cost=3760787630.14  viol=2104229227.7204  obj=2107990015350.54 | best_so_far: cost=3760787630.14  viol=2104229227.7204  obj=2107990015350.54
[Run 25 | Gen 92] cur_best: cost=3760787630.14  viol=2104229227.7204  obj=2107990015350.54 | best_so_far: cost=3760787630.14  viol=2104229227.7204  obj=2107990015350.54
[Run 25 | Gen 93] cur_best: cost=3760787630.14  viol=2104229227.7204  obj=2107990015350.54 | best_so_far: cost=3760787630.14  viol=2104229227.7204  obj=2107990015350.54
[Run 25 | FE 5632] best_local_obj=2107990015350.54  best_local_cost=3760787630.14  best_local_viol=2104229227.7204
[Run 25 | Gen 94] cur_best: cost=3760787630.14  viol=2104229227.7204  obj=2107990015350.54 | best_so_far: cost=3760787630.14  viol=2104229227.7204  obj=2107990015350.54
