[RunConfig] run_id=16 seed=1016
[OutputDir] /work/home/acn1eb8nfq/yuezhang46/UScode/US实验一：横向对比/ga_global_logs/run_16_seed_1016
[Info] #nodes = 4301
[Load] Reading scenarios ...
  - 2020: raw edges=5296, days=366
  - 2025: raw edges=5296, days=365
  - 2030: raw edges=5296, days=365
  - 2035: raw edges=5296, days=365
  - 2040: raw edges=5296, days=366
[Filter] EDGE_WEIGHT_MIN=1.0
  - active_nodes=2914  inactive_nodes(fixed NONE)=1387
  - 2020: removed=2048, kept=3248
  - 2025: removed=2048, kept=3248
  - 2030: removed=2048, kept=3248
  - 2035: removed=2048, kept=3248
  - 2040: removed=2048, kept=3248
  - 2020: filtered edges (active subgraph)=3248
  - 2025: filtered edges (active subgraph)=3248
  - 2030: filtered edges (active subgraph)=3248
  - 2035: filtered edges (active subgraph)=3248
  - 2040: filtered edges (active subgraph)=3248
[GA] Initialize population ...
[GA] Init population generated.
[GA] Evolve under FE budget ...
[Run 16 | Gen 1] cur_best: cost=1880610986.30  viol=3017499267.6074  obj=3019379878593.70 | best_so_far: cost=1880610986.30  viol=3017499267.6074  obj=3019379878593.70
[Run 16 | Gen 2] cur_best: cost=2030756342.47  viol=2960284062.6445  obj=2962314818986.95 | best_so_far: cost=2030756342.47  viol=2960284062.6445  obj=2962314818986.95
[Run 16 | Gen 3] cur_best: cost=2203704712.33  viol=2891327254.4686  obj=2893530959180.91 | best_so_far: cost=2203704712.33  viol=2891327254.4686  obj=2893530959180.91
[Run 16 | Gen 4] cur_best: cost=2266288068.49  viol=2850007593.6430  obj=2852273881711.48 | best_so_far: cost=2266288068.49  viol=2850007593.6430  obj=2852273881711.48
[Run 16 | FE 256] best_local_obj=2789725507531.06  best_local_cost=2356475095.89  best_local_viol=2787369032.4352
[Run 16 | Gen 5] cur_best: cost=2344998369.86  viol=2781259178.6757  obj=2783604177045.54 | best_so_far: cost=2344998369.86  viol=2781259178.6757  obj=2783604177045.54
[Run 16 | Gen 6] cur_best: cost=2464114260.27  viol=2713001274.4900  obj=2715465388750.24 | best_so_far: cost=2464114260.27  viol=2713001274.4900  obj=2715465388750.24
[Run 16 | Gen 7] cur_best: cost=2530922808.22  viol=2703645233.3207  obj=2706176156128.87 | best_so_far: cost=2530922808.22  viol=2703645233.3207  obj=2706176156128.87
[Run 16 | Gen 8] cur_best: cost=2589331027.40  viol=2660777977.9659  obj=2663367308993.29 | best_so_far: cost=2589331027.40  viol=2660777977.9659  obj=2663367308993.29
[Run 16 | FE 512] best_local_obj=2634022614766.29  best_local_cost=2685919095.89  best_local_viol=2631336695.6704
[Run 16 | Gen 9] cur_best: cost=2685919095.89  viol=2631336695.6704  obj=2634022614766.29 | best_so_far: cost=2685919095.89  viol=2631336695.6704  obj=2634022614766.29
[Run 16 | Gen 10] cur_best: cost=2736900863.01  viol=2578726109.2649  obj=2581463010127.95 | best_so_far: cost=2736900863.01  viol=2578726109.2649  obj=2581463010127.95
[Run 16 | Gen 11] cur_best: cost=2769729835.62  viol=2546011914.7104  obj=2548781644546.00 | best_so_far: cost=2769729835.62  viol=2546011914.7104  obj=2548781644546.00
[Run 16 | Gen 12] cur_best: cost=2893971575.34  viol=2533610305.9775  obj=2536504277552.81 | best_so_far: cost=2893971575.34  viol=2533610305.9775  obj=2536504277552.81
[Run 16 | FE 768] best_local_obj=2516010604344.40  best_local_cost=2892546547.95  best_local_viol=2513118057.7965
[Run 16 | Gen 13] cur_best: cost=2892546547.95  viol=2513118057.7965  obj=2516010604344.40 | best_so_far: cost=2892546547.95  viol=2513118057.7965  obj=2516010604344.40
[Run 16 | Gen 14] cur_best: cost=3099974438.36  viol=2477523974.8162  obj=2480623949254.53 | best_so_far: cost=3099974438.36  viol=2477523974.8162  obj=2480623949254.53
[Run 16 | Gen 15] cur_best: cost=3051367753.42  viol=2470779081.2428  obj=2473830448996.26 | best_so_far: cost=3051367753.42  viol=2470779081.2428  obj=2473830448996.26
[Run 16 | Gen 16] cur_best: cost=3054893219.18  viol=2452158466.0662  obj=2455213359285.40 | best_so_far: cost=3054893219.18  viol=2452158466.0662  obj=2455213359285.40
[Run 16 | Gen 17] cur_best: cost=3169008616.44  viol=2426953221.8156  obj=2430122230432.06 | best_so_far: cost=3169008616.44  viol=2426953221.8156  obj=2430122230432.06
[Run 16 | FE 1024] best_local_obj=2430122230432.06  best_local_cost=3169008616.44  best_local_viol=2426953221.8156
[Run 16 | Gen 18] cur_best: cost=3123752424.66  viol=2407419138.6352  obj=2410542891059.86 | best_so_far: cost=3123752424.66  viol=2407419138.6352  obj=2410542891059.86
[Run 16 | Gen 19] cur_best: cost=3172308835.62  viol=2392482916.5285  obj=2395655225364.08 | best_so_far: cost=3172308835.62  viol=2392482916.5285  obj=2395655225364.08
[Run 16 | Gen 20] cur_best: cost=3300026150.68  viol=2317634745.9259  obj=2320934772076.54 | best_so_far: cost=3300026150.68  viol=2317634745.9259  obj=2320934772076.54
[Run 16 | Gen 21] cur_best: cost=3300026150.68  viol=2317634745.9259  obj=2320934772076.54 | best_so_far: cost=3300026150.68  viol=2317634745.9259  obj=2320934772076.54
[Run 16 | FE 1280] best_local_obj=2320934772076.54  best_local_cost=3300026150.68  best_local_viol=2317634745.9259
[Run 16 | Gen 22] cur_best: cost=3285699150.68  viol=2310269038.8645  obj=2313554738015.19 | best_so_far: cost=3285699150.68  viol=2310269038.8645  obj=2313554738015.19
[Run 16 | Gen 23] cur_best: cost=3400189356.16  viol=2277998428.8083  obj=2281398618164.45 | best_so_far: cost=3400189356.16  viol=2277998428.8083  obj=2281398618164.45
[Run 16 | Gen 24] cur_best: cost=3410165643.84  viol=2275483261.2058  obj=2278893426849.67 | best_so_far: cost=3410165643.84  viol=2275483261.2058  obj=2278893426849.67
[Run 16 | Gen 25] cur_best: cost=3448745767.12  viol=2253419120.7669  obj=2256867866534.06 | best_so_far: cost=3448745767.12  viol=2253419120.7669  obj=2256867866534.06
[Run 16 | FE 1536] best_local_obj=2256867866534.06  best_local_cost=3448745767.12  best_local_viol=2253419120.7669
[Run 16 | Gen 26] cur_best: cost=3527131369.86  viol=2213847875.5094  obj=2217375006879.30 | best_so_far: cost=3527131369.86  viol=2213847875.5094  obj=2217375006879.30
[Run 16 | Gen 27] cur_best: cost=3527131369.86  viol=2213847875.5094  obj=2217375006879.30 | best_so_far: cost=3527131369.86  viol=2213847875.5094  obj=2217375006879.30
[Run 16 | Gen 28] cur_best: cost=3527131369.86  viol=2213847875.5094  obj=2217375006879.30 | best_so_far: cost=3527131369.86  viol=2213847875.5094  obj=2217375006879.30
[Run 16 | Gen 29] cur_best: cost=3527131369.86  viol=2213847875.5094  obj=2217375006879.30 | best_so_far: cost=3527131369.86  viol=2213847875.5094  obj=2217375006879.30
[Run 16 | FE 1792] best_local_obj=2187723985423.73  best_local_cost=3596690849.32  best_local_viol=2184127294.5744
[Run 16 | Gen 30] cur_best: cost=3596690849.32  viol=2184127294.5744  obj=2187723985423.73 | best_so_far: cost=3596690849.32  viol=2184127294.5744  obj=2187723985423.73
[Run 16 | Gen 31] cur_best: cost=3596690849.32  viol=2184127294.5744  obj=2187723985423.73 | best_so_far: cost=3596690849.32  viol=2184127294.5744  obj=2187723985423.73
[Run 16 | Gen 32] cur_best: cost=3596690849.32  viol=2184127294.5744  obj=2187723985423.73 | best_so_far: cost=3596690849.32  viol=2184127294.5744  obj=2187723985423.73
[Run 16 | Gen 33] cur_best: cost=3596690849.32  viol=2184127294.5744  obj=2187723985423.73 | best_so_far: cost=3596690849.32  viol=2184127294.5744  obj=2187723985423.73
[Run 16 | Gen 34] cur_best: cost=3596690849.32  viol=2184127294.5744  obj=2187723985423.73 | best_so_far: cost=3596690849.32  viol=2184127294.5744  obj=2187723985423.73
[Run 16 | FE 2048] best_local_obj=2187723985423.73  best_local_cost=3596690849.32  best_local_viol=2184127294.5744
[Run 16 | Gen 35] cur_best: cost=3602716589.04  viol=2168425448.0628  obj=2172028164651.82 | best_so_far: cost=3602716589.04  viol=2168425448.0628  obj=2172028164651.82
[Run 16 | Gen 36] cur_best: cost=3709430835.62  viol=2166687633.7331  obj=2170397064568.67 | best_so_far: cost=3709430835.62  viol=2166687633.7331  obj=2170397064568.67
[Run 16 | Gen 37] cur_best: cost=3709430835.62  viol=2166687633.7331  obj=2170397064568.67 | best_so_far: cost=3709430835.62  viol=2166687633.7331  obj=2170397064568.67
[Run 16 | Gen 38] cur_best: cost=3709430835.62  viol=2166687633.7331  obj=2170397064568.67 | best_so_far: cost=3709430835.62  viol=2166687633.7331  obj=2170397064568.67
[Run 16 | FE 2304] best_local_obj=2127919733510.93  best_local_cost=3676051315.07  best_local_viol=2124243682.1959
[Run 16 | Gen 39] cur_best: cost=3676051315.07  viol=2124243682.1959  obj=2127919733510.93 | best_so_far: cost=3676051315.07  viol=2124243682.1959  obj=2127919733510.93
[Run 16 | Gen 40] cur_best: cost=3676051315.07  viol=2124243682.1959  obj=2127919733510.93 | best_so_far: cost=3676051315.07  viol=2124243682.1959  obj=2127919733510.93
[Run 16 | Gen 41] cur_best: cost=3676051315.07  viol=2124243682.1959  obj=2127919733510.93 | best_so_far: cost=3676051315.07  viol=2124243682.1959  obj=2127919733510.93
[Run 16 | Gen 42] cur_best: cost=3676051315.07  viol=2124243682.1959  obj=2127919733510.93 | best_so_far: cost=3676051315.07  viol=2124243682.1959  obj=2127919733510.93
[Run 16 | FE 2560] best_local_obj=2118062668812.61  best_local_cost=3709455643.84  best_local_viol=2114353213.1688
[Run 16 | Gen 43] cur_best: cost=3709455643.84  viol=2114353213.1688  obj=2118062668812.61 | best_so_far: cost=3709455643.84  viol=2114353213.1688  obj=2118062668812.61
[Run 16 | Gen 44] cur_best: cost=3743235219.18  viol=2108092905.2551  obj=2111836140474.25 | best_so_far: cost=3743235219.18  viol=2108092905.2551  obj=2111836140474.25
[Run 16 | Gen 45] cur_best: cost=3743235219.18  viol=2108092905.2551  obj=2111836140474.25 | best_so_far: cost=3743235219.18  viol=2108092905.2551  obj=2111836140474.25
[Run 16 | Gen 46] cur_best: cost=3743235219.18  viol=2108092905.2551  obj=2111836140474.25 | best_so_far: cost=3743235219.18  viol=2108092905.2551  obj=2111836140474.25
[Run 16 | FE 2816] best_local_obj=2111604073450.80  best_local_cost=3741910027.40  best_local_viol=2107862163.4234
[Run 16 | Gen 47] cur_best: cost=3741910027.40  viol=2107862163.4234  obj=2111604073450.80 | best_so_far: cost=3741910027.40  viol=2107862163.4234  obj=2111604073450.80
[Run 16 | Gen 48] cur_best: cost=3741910027.40  viol=2107862163.4234  obj=2111604073450.80 | best_so_far: cost=3741910027.40  viol=2107862163.4234  obj=2111604073450.80
[Run 16 | Gen 49] cur_best: cost=3725958000.00  viol=2103317686.6101  obj=2107043644610.09 | best_so_far: cost=3725958000.00  viol=2103317686.6101  obj=2107043644610.09
[Run 16 | Gen 50] cur_best: cost=3725958000.00  viol=2103317686.6101  obj=2107043644610.09 | best_so_far: cost=3725958000.00  viol=2103317686.6101  obj=2107043644610.09
[Run 16 | Gen 51] cur_best: cost=3725958000.00  viol=2103317686.6101  obj=2107043644610.09 | best_so_far: cost=3725958000.00  viol=2103317686.6101  obj=2107043644610.09
[Run 16 | FE 3072] best_local_obj=2107043644610.09  best_local_cost=3725958000.00  best_local_viol=2103317686.6101
[Run 16 | Gen 52] cur_best: cost=3725958000.00  viol=2103317686.6101  obj=2107043644610.09 | best_so_far: cost=3725958000.00  viol=2103317686.6101  obj=2107043644610.09
[Run 16 | Gen 53] cur_best: cost=3725958000.00  viol=2103317686.6101  obj=2107043644610.09 | best_so_far: cost=3725958000.00  viol=2103317686.6101  obj=2107043644610.09
[Run 16 | Gen 54] cur_best: cost=3725958000.00  viol=2103317686.6101  obj=2107043644610.09 | best_so_far: cost=3725958000.00  viol=2103317686.6101  obj=2107043644610.09
[Run 16 | Gen 55] cur_best: cost=3725958000.00  viol=2103317686.6101  obj=2107043644610.09 | best_so_far: cost=3725958000.00  viol=2103317686.6101  obj=2107043644610.09
[Run 16 | FE 3328] best_local_obj=2107043644610.09  best_local_cost=3725958000.00  best_local_viol=2103317686.6101
[Run 16 | Gen 56] cur_best: cost=3725958000.00  viol=2103317686.6101  obj=2107043644610.09 | best_so_far: cost=3725958000.00  viol=2103317686.6101  obj=2107043644610.09
[Run 16 | Gen 57] cur_best: cost=3725958000.00  viol=2103317686.6101  obj=2107043644610.09 | best_so_far: cost=3725958000.00  viol=2103317686.6101  obj=2107043644610.09
[Run 16 | Gen 58] cur_best: cost=3725958000.00  viol=2103317686.6101  obj=2107043644610.09 | best_so_far: cost=3725958000.00  viol=2103317686.6101  obj=2107043644610.09
[Run 16 | Gen 59] cur_best: cost=3725958000.00  viol=2103317686.6101  obj=2107043644610.09 | best_so_far: cost=3725958000.00  viol=2103317686.6101  obj=2107043644610.09
[Run 16 | FE 3584] best_local_obj=2107043644610.09  best_local_cost=3725958000.00  best_local_viol=2103317686.6101
[Run 16 | Gen 60] cur_best: cost=3725958000.00  viol=2103317686.6101  obj=2107043644610.09 | best_so_far: cost=3725958000.00  viol=2103317686.6101  obj=2107043644610.09
[Run 16 | Gen 61] cur_best: cost=3725958000.00  viol=2103317686.6101  obj=2107043644610.09 | best_so_far: cost=3725958000.00  viol=2103317686.6101  obj=2107043644610.09
[Run 16 | Gen 62] cur_best: cost=3725958000.00  viol=2103317686.6101  obj=2107043644610.09 | best_so_far: cost=3725958000.00  viol=2103317686.6101  obj=2107043644610.09
[Run 16 | Gen 63] cur_best: cost=3725958000.00  viol=2103317686.6101  obj=2107043644610.09 | best_so_far: cost=3725958000.00  viol=2103317686.6101  obj=2107043644610.09
[Run 16 | FE 3840] best_local_obj=2107043644610.09  best_local_cost=3725958000.00  best_local_viol=2103317686.6101
[Run 16 | Gen 64] cur_best: cost=3725958000.00  viol=2103317686.6101  obj=2107043644610.09 | best_so_far: cost=3725958000.00  viol=2103317686.6101  obj=2107043644610.09
[Run 16 | Gen 65] cur_best: cost=3725958000.00  viol=2103317686.6101  obj=2107043644610.09 | best_so_far: cost=3725958000.00  viol=2103317686.6101  obj=2107043644610.09
[Run 16 | Gen 66] cur_best: cost=3725958000.00  viol=2103317686.6101  obj=2107043644610.09 | best_so_far: cost=3725958000.00  viol=2103317686.6101  obj=2107043644610.09
[Run 16 | Gen 67] cur_best: cost=3725958000.00  viol=2103317686.6101  obj=2107043644610.09 | best_so_far: cost=3725958000.00  viol=2103317686.6101  obj=2107043644610.09
[Run 16 | Gen 68] cur_best: cost=3725958000.00  viol=2103317686.6101  obj=2107043644610.09 | best_so_far: cost=3725958000.00  viol=2103317686.6101  obj=2107043644610.09
[Run 16 | FE 4096] best_local_obj=2107043644610.09  best_local_cost=3725958000.00  best_local_viol=2103317686.6101
[Run 16 | Gen 69] cur_best: cost=3725958000.00  viol=2103317686.6101  obj=2107043644610.09 | best_so_far: cost=3725958000.00  viol=2103317686.6101  obj=2107043644610.09
[Run 16 | Gen 70] cur_best: cost=3725958000.00  viol=2103317686.6101  obj=2107043644610.09 | best_so_far: cost=3725958000.00  viol=2103317686.6101  obj=2107043644610.09
[Run 16 | Gen 71] cur_best: cost=3725958000.00  viol=2103317686.6101  obj=2107043644610.09 | best_so_far: cost=3725958000.00  viol=2103317686.6101  obj=2107043644610.09
[Run 16 | Gen 72] cur_best: cost=3725958000.00  viol=2103317686.6101  obj=2107043644610.09 | best_so_far: cost=3725958000.00  viol=2103317686.6101  obj=2107043644610.09
[Run 16 | FE 4352] best_local_obj=2107043644610.09  best_local_cost=3725958000.00  best_local_viol=2103317686.6101
[Run 16 | Gen 73] cur_best: cost=3725958000.00  viol=2103317686.6101  obj=2107043644610.09 | best_so_far: cost=3725958000.00  viol=2103317686.6101  obj=2107043644610.09
[Run 16 | Gen 74] cur_best: cost=3725958000.00  viol=2103317686.6101  obj=2107043644610.09 | best_so_far: cost=3725958000.00  viol=2103317686.6101  obj=2107043644610.09
[Run 16 | Gen 75] cur_best: cost=3725958000.00  viol=2103317686.6101  obj=2107043644610.09 | best_so_far: cost=3725958000.00  viol=2103317686.6101  obj=2107043644610.09
[Run 16 | Gen 76] cur_best: cost=3725958000.00  viol=2103317686.6101  obj=2107043644610.09 | best_so_far: cost=3725958000.00  viol=2103317686.6101  obj=2107043644610.09
[Run 16 | FE 4608] best_local_obj=2107043644610.09  best_local_cost=3725958000.00  best_local_viol=2103317686.6101
[Run 16 | Gen 77] cur_best: cost=3725958000.00  viol=2103317686.6101  obj=2107043644610.09 | best_so_far: cost=3725958000.00  viol=2103317686.6101  obj=2107043644610.09
[Run 16 | Gen 78] cur_best: cost=3725958000.00  viol=2103317686.6101  obj=2107043644610.09 | best_so_far: cost=3725958000.00  viol=2103317686.6101  obj=2107043644610.09
[Run 16 | Gen 79] cur_best: cost=3725958000.00  viol=2103317686.6101  obj=2107043644610.09 | best_so_far: cost=3725958000.00  viol=2103317686.6101  obj=2107043644610.09
[Run 16 | Gen 80] cur_best: cost=3725958000.00  viol=2103317686.6101  obj=2107043644610.09 | best_so_far: cost=3725958000.00  viol=2103317686.6101  obj=2107043644610.09
[Run 16 | Gen 81] cur_best: cost=3725958000.00  viol=2103317686.6101  obj=2107043644610.09 | best_so_far: cost=3725958000.00  viol=2103317686.6101  obj=2107043644610.09
[Run 16 | FE 4864] best_local_obj=2107043644610.09  best_local_cost=3725958000.00  best_local_viol=2103317686.6101
[Run 16 | Gen 82] cur_best: cost=3725958000.00  viol=2103317686.6101  obj=2107043644610.09 | best_so_far: cost=3725958000.00  viol=2103317686.6101  obj=2107043644610.09
[Run 16 | Gen 83] cur_best: cost=3725958000.00  viol=2103317686.6101  obj=2107043644610.09 | best_so_far: cost=3725958000.00  viol=2103317686.6101  obj=2107043644610.09
[Run 16 | Gen 84] cur_best: cost=3725958000.00  viol=2103317686.6101  obj=2107043644610.09 | best_so_far: cost=3725958000.00  viol=2103317686.6101  obj=2107043644610.09
[Run 16 | Gen 85] cur_best: cost=3725958000.00  viol=2103317686.6101  obj=2107043644610.09 | best_so_far: cost=3725958000.00  viol=2103317686.6101  obj=2107043644610.09
[Run 16 | FE 5120] best_local_obj=2107043644610.09  best_local_cost=3725958000.00  best_local_viol=2103317686.6101
[Run 16 | Gen 86] cur_best: cost=3725958000.00  viol=2103317686.6101  obj=2107043644610.09 | best_so_far: cost=3725958000.00  viol=2103317686.6101  obj=2107043644610.09
[Run 16 | Gen 87] cur_best: cost=3769388835.62  viol=2100057569.6266  obj=2103826958462.23 | best_so_far: cost=3769388835.62  viol=2100057569.6266  obj=2103826958462.23
[Run 16 | Gen 88] cur_best: cost=3769388835.62  viol=2100057569.6266  obj=2103826958462.23 | best_so_far: cost=3769388835.62  viol=2100057569.6266  obj=2103826958462.23
[Run 16 | Gen 89] cur_best: cost=3769388835.62  viol=2100057569.6266  obj=2103826958462.23 | best_so_far: cost=3769388835.62  viol=2100057569.6266  obj=2103826958462.23
[Run 16 | FE 5376] best_local_obj=2103826958462.23  best_local_cost=3769388835.62  best_local_viol=2100057569.6266
[Run 16 | Gen 90] cur_best: cost=3769388835.62  viol=2100057569.6266  obj=2103826958462.23 | best_so_far: cost=3769388835.62  viol=2100057569.6266  obj=2103826958462.23
[Run 16 | Gen 91] cur_best: cost=3769388835.62  viol=2100057569.6266  obj=2103826958462.23 | best_so_far: cost=3769388835.62  viol=2100057569.6266  obj=2103826958462.23
[Run 16 | Gen 92] cur_best: cost=3769388835.62  viol=2100057569.6266  obj=2103826958462.23 | best_so_far: cost=3769388835.62  viol=2100057569.6266  obj=2103826958462.23
[Run 16 | Gen 93] cur_best: cost=3769388835.62  viol=2100057569.6266  obj=2103826958462.23 | best_so_far: cost=3769388835.62  viol=2100057569.6266  obj=2103826958462.23
[Run 16 | FE 5632] best_local_obj=2103826958462.23  best_local_cost=3769388835.62  best_local_viol=2100057569.6266
[Run 16 | Gen 94] cur_best: cost=3769388835.62  viol=2100057569.6266  obj=2103826958462.23 | best_so_far: cost=3769388835.62  viol=2100057569.6266  obj=2103826958462.23
