[RunConfig] run_id=18 seed=1018
[OutputDir] /work/home/acn1eb8nfq/yuezhang46/UScode/US实验一：横向对比/ga_global_logs/run_18_seed_1018
[Info] #nodes = 4301
[Load] Reading scenarios ...
  - 2020: raw edges=5296, days=366
  - 2025: raw edges=5296, days=365
  - 2030: raw edges=5296, days=365
  - 2035: raw edges=5296, days=365
  - 2040: raw edges=5296, days=366
[Filter] EDGE_WEIGHT_MIN=1.0
  - active_nodes=2914  inactive_nodes(fixed NONE)=1387
  - 2020: removed=2048, kept=3248
  - 2025: removed=2048, kept=3248
  - 2030: removed=2048, kept=3248
  - 2035: removed=2048, kept=3248
  - 2040: removed=2048, kept=3248
  - 2020: filtered edges (active subgraph)=3248
  - 2025: filtered edges (active subgraph)=3248
  - 2030: filtered edges (active subgraph)=3248
  - 2035: filtered edges (active subgraph)=3248
  - 2040: filtered edges (active subgraph)=3248
[GA] Initialize population ...
[GA] Init population generated.
[GA] Evolve under FE budget ...
[Run 18 | Gen 1] cur_best: cost=1930643027.40  viol=3017137115.4647  obj=3019067758492.14 | best_so_far: cost=1930643027.40  viol=3017137115.4647  obj=3019067758492.14
[Run 18 | Gen 2] cur_best: cost=2052058972.60  viol=2931308979.2508  obj=2933361038223.38 | best_so_far: cost=2052058972.60  viol=2931308979.2508  obj=2933361038223.38
[Run 18 | Gen 3] cur_best: cost=2107641287.67  viol=2890422340.1675  obj=2892529981455.15 | best_so_far: cost=2107641287.67  viol=2890422340.1675  obj=2892529981455.15
[Run 18 | Gen 4] cur_best: cost=2237233739.73  viol=2860698840.4176  obj=2862936074157.37 | best_so_far: cost=2237233739.73  viol=2860698840.4176  obj=2862936074157.37
[Run 18 | FE 256] best_local_obj=2814667336379.06  best_local_cost=2331821424.66  best_local_viol=2812335514.9544
[Run 18 | Gen 5] cur_best: cost=2406531671.23  viol=2800737290.4867  obj=2803143822157.91 | best_so_far: cost=2406531671.23  viol=2800737290.4867  obj=2803143822157.91
[Run 18 | Gen 6] cur_best: cost=2465814698.63  viol=2725991781.7116  obj=2728457596410.23 | best_so_far: cost=2465814698.63  viol=2725991781.7116  obj=2728457596410.23
[Run 18 | Gen 7] cur_best: cost=2530548547.95  viol=2700038483.7582  obj=2702569032306.13 | best_so_far: cost=2530548547.95  viol=2700038483.7582  obj=2702569032306.13
[Run 18 | Gen 8] cur_best: cost=2538149424.66  viol=2692492024.3025  obj=2695030173727.14 | best_so_far: cost=2538149424.66  viol=2692492024.3025  obj=2695030173727.14
[Run 18 | FE 512] best_local_obj=2630521381487.92  best_local_cost=2712747739.73  best_local_viol=2627808633.7482
[Run 18 | Gen 9] cur_best: cost=2712747739.73  viol=2627808633.7482  obj=2630521381487.92 | best_so_far: cost=2712747739.73  viol=2627808633.7482  obj=2630521381487.92
[Run 18 | Gen 10] cur_best: cost=2759928849.32  viol=2603781093.5830  obj=2606541022432.35 | best_so_far: cost=2759928849.32  viol=2603781093.5830  obj=2606541022432.35
[Run 18 | Gen 11] cur_best: cost=2812460945.21  viol=2577244172.1274  obj=2580056633072.65 | best_so_far: cost=2812460945.21  viol=2577244172.1274  obj=2580056633072.65
[Run 18 | Gen 12] cur_best: cost=2983033904.11  viol=2513900699.7778  obj=2516883733681.89 | best_so_far: cost=2983033904.11  viol=2513900699.7778  obj=2516883733681.89
[Run 18 | FE 768] best_local_obj=2495251664661.11  best_local_cost=2916999945.21  best_local_viol=2492334664.7159
[Run 18 | Gen 13] cur_best: cost=2916999945.21  viol=2492334664.7159  obj=2495251664661.11 | best_so_far: cost=2916999945.21  viol=2492334664.7159  obj=2495251664661.11
[Run 18 | Gen 14] cur_best: cost=3017413424.66  viol=2439236763.9804  obj=2442254177405.05 | best_so_far: cost=3017413424.66  viol=2439236763.9804  obj=2442254177405.05
[Run 18 | Gen 15] cur_best: cost=3049917753.42  viol=2426616648.6055  obj=2429666566358.91 | best_so_far: cost=3049917753.42  viol=2426616648.6055  obj=2429666566358.91
[Run 18 | Gen 16] cur_best: cost=3122577616.44  viol=2410353489.9633  obj=2413476067579.70 | best_so_far: cost=3122577616.44  viol=2410353489.9633  obj=2413476067579.70
[Run 18 | Gen 17] cur_best: cost=3122577616.44  viol=2410353489.9633  obj=2413476067579.70 | best_so_far: cost=3122577616.44  viol=2410353489.9633  obj=2413476067579.70
[Run 18 | FE 1024] best_local_obj=2413476067579.70  best_local_cost=3122577616.44  best_local_viol=2410353489.9633
[Run 18 | Gen 18] cur_best: cost=3096699027.40  viol=2405795290.3943  obj=2408891989421.67 | best_so_far: cost=3096699027.40  viol=2405795290.3943  obj=2408891989421.67
[Run 18 | Gen 19] cur_best: cost=3287999534.25  viol=2365101867.7006  obj=2368389867234.81 | best_so_far: cost=3287999534.25  viol=2365101867.7006  obj=2368389867234.81
[Run 18 | Gen 20] cur_best: cost=3243493506.85  viol=2349968063.7308  obj=2353211557237.69 | best_so_far: cost=3243493506.85  viol=2349968063.7308  obj=2353211557237.69
[Run 18 | Gen 21] cur_best: cost=3251244438.36  viol=2308204457.7075  obj=2311455702145.90 | best_so_far: cost=3251244438.36  viol=2308204457.7075  obj=2311455702145.90
[Run 18 | FE 1280] best_local_obj=2311455702145.90  best_local_cost=3251244438.36  best_local_viol=2308204457.7075
[Run 18 | Gen 22] cur_best: cost=3315853205.48  viol=2299274353.1291  obj=2302590206334.62 | best_so_far: cost=3315853205.48  viol=2299274353.1291  obj=2302590206334.62
[Run 18 | Gen 23] cur_best: cost=3315853205.48  viol=2299274353.1291  obj=2302590206334.62 | best_so_far: cost=3315853205.48  viol=2299274353.1291  obj=2302590206334.62
[Run 18 | Gen 24] cur_best: cost=3381237109.59  viol=2282425074.2242  obj=2285806311333.81 | best_so_far: cost=3381237109.59  viol=2282425074.2242  obj=2285806311333.81
[Run 18 | Gen 25] cur_best: cost=3381237109.59  viol=2282425074.2242  obj=2285806311333.81 | best_so_far: cost=3381237109.59  viol=2282425074.2242  obj=2285806311333.81
[Run 18 | FE 1536] best_local_obj=2225862939762.41  best_local_cost=3553985260.27  best_local_viol=2222308954.5021
[Run 18 | Gen 26] cur_best: cost=3553985260.27  viol=2222308954.5021  obj=2225862939762.41 | best_so_far: cost=3553985260.27  viol=2222308954.5021  obj=2225862939762.41
[Run 18 | Gen 27] cur_best: cost=3553985260.27  viol=2222308954.5021  obj=2225862939762.41 | best_so_far: cost=3553985260.27  viol=2222308954.5021  obj=2225862939762.41
[Run 18 | Gen 28] cur_best: cost=3553985260.27  viol=2222308954.5021  obj=2225862939762.41 | best_so_far: cost=3553985260.27  viol=2222308954.5021  obj=2225862939762.41
[Run 18 | Gen 29] cur_best: cost=3553985260.27  viol=2222308954.5021  obj=2225862939762.41 | best_so_far: cost=3553985260.27  viol=2222308954.5021  obj=2225862939762.41
[Run 18 | FE 1792] best_local_obj=2203832467417.80  best_local_cost=3499777808.22  best_local_viol=2200332689.6096
[Run 18 | Gen 30] cur_best: cost=3499777808.22  viol=2200332689.6096  obj=2203832467417.80 | best_so_far: cost=3499777808.22  viol=2200332689.6096  obj=2203832467417.80
[Run 18 | Gen 31] cur_best: cost=3499777808.22  viol=2200332689.6096  obj=2203832467417.80 | best_so_far: cost=3499777808.22  viol=2200332689.6096  obj=2203832467417.80
[Run 18 | Gen 32] cur_best: cost=3499777808.22  viol=2200332689.6096  obj=2203832467417.80 | best_so_far: cost=3499777808.22  viol=2200332689.6096  obj=2203832467417.80
[Run 18 | Gen 33] cur_best: cost=3499777808.22  viol=2200332689.6096  obj=2203832467417.80 | best_so_far: cost=3499777808.22  viol=2200332689.6096  obj=2203832467417.80
[Run 18 | Gen 34] cur_best: cost=3558610561.64  viol=2200174364.8687  obj=2203732975430.37 | best_so_far: cost=3558610561.64  viol=2200174364.8687  obj=2203732975430.37
[Run 18 | FE 2048] best_local_obj=2203732975430.37  best_local_cost=3558610561.64  best_local_viol=2200174364.8687
[Run 18 | Gen 35] cur_best: cost=3558610561.64  viol=2200174364.8687  obj=2203732975430.37 | best_so_far: cost=3558610561.64  viol=2200174364.8687  obj=2203732975430.37
[Run 18 | Gen 36] cur_best: cost=3558610561.64  viol=2200174364.8687  obj=2203732975430.37 | best_so_far: cost=3558610561.64  viol=2200174364.8687  obj=2203732975430.37
[Run 18 | Gen 37] cur_best: cost=3571787616.44  viol=2196220178.3545  obj=2199791965970.93 | best_so_far: cost=3571787616.44  viol=2196220178.3545  obj=2199791965970.93
[Run 18 | Gen 38] cur_best: cost=3626569712.33  viol=2162591409.2708  obj=2166217978983.16 | best_so_far: cost=3626569712.33  viol=2162591409.2708  obj=2166217978983.16
[Run 18 | FE 2304] best_local_obj=2166217978983.16  best_local_cost=3626569712.33  best_local_viol=2162591409.2708
[Run 18 | Gen 39] cur_best: cost=3626569712.33  viol=2162591409.2708  obj=2166217978983.16 | best_so_far: cost=3626569712.33  viol=2162591409.2708  obj=2166217978983.16
[Run 18 | Gen 40] cur_best: cost=3714431602.74  viol=2157706593.5774  obj=2161421025180.15 | best_so_far: cost=3714431602.74  viol=2157706593.5774  obj=2161421025180.15
[Run 18 | Gen 41] cur_best: cost=3642921904.11  viol=2157653173.2791  obj=2161296095183.24 | best_so_far: cost=3642921904.11  viol=2157653173.2791  obj=2161296095183.24
[Run 18 | Gen 42] cur_best: cost=3642921904.11  viol=2157653173.2791  obj=2161296095183.24 | best_so_far: cost=3642921904.11  viol=2157653173.2791  obj=2161296095183.24
[Run 18 | FE 2560] best_local_obj=2161296095183.24  best_local_cost=3642921904.11  best_local_viol=2157653173.2791
[Run 18 | Gen 43] cur_best: cost=3692928643.84  viol=2142220256.7763  obj=2145913185420.11 | best_so_far: cost=3692928643.84  viol=2142220256.7763  obj=2145913185420.11
[Run 18 | Gen 44] cur_best: cost=3692928643.84  viol=2142220256.7763  obj=2145913185420.11 | best_so_far: cost=3692928643.84  viol=2142220256.7763  obj=2145913185420.11
[Run 18 | Gen 45] cur_best: cost=3692928643.84  viol=2142220256.7763  obj=2145913185420.11 | best_so_far: cost=3692928643.84  viol=2142220256.7763  obj=2145913185420.11
[Run 18 | Gen 46] cur_best: cost=3692928643.84  viol=2142220256.7763  obj=2145913185420.11 | best_so_far: cost=3692928643.84  viol=2142220256.7763  obj=2145913185420.11
[Run 18 | FE 2816] best_local_obj=2145913185420.11  best_local_cost=3692928643.84  best_local_viol=2142220256.7763
[Run 18 | Gen 47] cur_best: cost=3692928643.84  viol=2142220256.7763  obj=2145913185420.11 | best_so_far: cost=3692928643.84  viol=2142220256.7763  obj=2145913185420.11
[Run 18 | Gen 48] cur_best: cost=3683252356.16  viol=2123624589.9678  obj=2127307842323.94 | best_so_far: cost=3683252356.16  viol=2123624589.9678  obj=2127307842323.94
[Run 18 | Gen 49] cur_best: cost=3716256684.93  viol=2102371881.8978  obj=2106088138582.71 | best_so_far: cost=3716256684.93  viol=2102371881.8978  obj=2106088138582.71
[Run 18 | Gen 50] cur_best: cost=3716256684.93  viol=2102371881.8978  obj=2106088138582.71 | best_so_far: cost=3716256684.93  viol=2102371881.8978  obj=2106088138582.71
[Run 18 | Gen 51] cur_best: cost=3716256684.93  viol=2102371881.8978  obj=2106088138582.71 | best_so_far: cost=3716256684.93  viol=2102371881.8978  obj=2106088138582.71
[Run 18 | FE 3072] best_local_obj=2106088138582.71  best_local_cost=3716256684.93  best_local_viol=2102371881.8978
[Run 18 | Gen 52] cur_best: cost=3716256684.93  viol=2102371881.8978  obj=2106088138582.71 | best_so_far: cost=3716256684.93  viol=2102371881.8978  obj=2106088138582.71
[Run 18 | Gen 53] cur_best: cost=3716256684.93  viol=2102371881.8978  obj=2106088138582.71 | best_so_far: cost=3716256684.93  viol=2102371881.8978  obj=2106088138582.71
[Run 18 | Gen 54] cur_best: cost=3716256684.93  viol=2102371881.8978  obj=2106088138582.71 | best_so_far: cost=3716256684.93  viol=2102371881.8978  obj=2106088138582.71
[Run 18 | Gen 55] cur_best: cost=3716256684.93  viol=2102371881.8978  obj=2106088138582.71 | best_so_far: cost=3716256684.93  viol=2102371881.8978  obj=2106088138582.71
[Run 18 | FE 3328] best_local_obj=2106088138582.71  best_local_cost=3716256684.93  best_local_viol=2102371881.8978
[Run 18 | Gen 56] cur_best: cost=3716256684.93  viol=2102371881.8978  obj=2106088138582.71 | best_so_far: cost=3716256684.93  viol=2102371881.8978  obj=2106088138582.71
[Run 18 | Gen 57] cur_best: cost=3716256684.93  viol=2102371881.8978  obj=2106088138582.71 | best_so_far: cost=3716256684.93  viol=2102371881.8978  obj=2106088138582.71
[Run 18 | Gen 58] cur_best: cost=3716256684.93  viol=2102371881.8978  obj=2106088138582.71 | best_so_far: cost=3716256684.93  viol=2102371881.8978  obj=2106088138582.71
[Run 18 | Gen 59] cur_best: cost=3767763698.63  viol=2087689767.7661  obj=2091457531464.71 | best_so_far: cost=3767763698.63  viol=2087689767.7661  obj=2091457531464.71
[Run 18 | FE 3584] best_local_obj=2091457531464.71  best_local_cost=3767763698.63  best_local_viol=2087689767.7661
[Run 18 | Gen 60] cur_best: cost=3767763698.63  viol=2087689767.7661  obj=2091457531464.71 | best_so_far: cost=3767763698.63  viol=2087689767.7661  obj=2091457531464.71
[Run 18 | Gen 61] cur_best: cost=3767763698.63  viol=2087689767.7661  obj=2091457531464.71 | best_so_far: cost=3767763698.63  viol=2087689767.7661  obj=2091457531464.71
[Run 18 | Gen 62] cur_best: cost=3767763698.63  viol=2087689767.7661  obj=2091457531464.71 | best_so_far: cost=3767763698.63  viol=2087689767.7661  obj=2091457531464.71
[Run 18 | Gen 63] cur_best: cost=3767763698.63  viol=2087689767.7661  obj=2091457531464.71 | best_so_far: cost=3767763698.63  viol=2087689767.7661  obj=2091457531464.71
[Run 18 | FE 3840] best_local_obj=2091457531464.71  best_local_cost=3767763698.63  best_local_viol=2087689767.7661
[Run 18 | Gen 64] cur_best: cost=3767763698.63  viol=2087689767.7661  obj=2091457531464.71 | best_so_far: cost=3767763698.63  viol=2087689767.7661  obj=2091457531464.71
[Run 18 | Gen 65] cur_best: cost=3767763698.63  viol=2087689767.7661  obj=2091457531464.71 | best_so_far: cost=3767763698.63  viol=2087689767.7661  obj=2091457531464.71
[Run 18 | Gen 66] cur_best: cost=3767763698.63  viol=2087689767.7661  obj=2091457531464.71 | best_so_far: cost=3767763698.63  viol=2087689767.7661  obj=2091457531464.71
[Run 18 | Gen 67] cur_best: cost=3767763698.63  viol=2087689767.7661  obj=2091457531464.71 | best_so_far: cost=3767763698.63  viol=2087689767.7661  obj=2091457531464.71
[Run 18 | Gen 68] cur_best: cost=3767763698.63  viol=2087689767.7661  obj=2091457531464.71 | best_so_far: cost=3767763698.63  viol=2087689767.7661  obj=2091457531464.71
[Run 18 | FE 4096] best_local_obj=2091457531464.71  best_local_cost=3767763698.63  best_local_viol=2087689767.7661
[Run 18 | Gen 69] cur_best: cost=3767763698.63  viol=2087689767.7661  obj=2091457531464.71 | best_so_far: cost=3767763698.63  viol=2087689767.7661  obj=2091457531464.71
[Run 18 | Gen 70] cur_best: cost=3767763698.63  viol=2087689767.7661  obj=2091457531464.71 | best_so_far: cost=3767763698.63  viol=2087689767.7661  obj=2091457531464.71
[Run 18 | Gen 71] cur_best: cost=3767763698.63  viol=2087689767.7661  obj=2091457531464.71 | best_so_far: cost=3767763698.63  viol=2087689767.7661  obj=2091457531464.71
[Run 18 | Gen 72] cur_best: cost=3767763698.63  viol=2087689767.7661  obj=2091457531464.71 | best_so_far: cost=3767763698.63  viol=2087689767.7661  obj=2091457531464.71
[Run 18 | FE 4352] best_local_obj=2091457531464.71  best_local_cost=3767763698.63  best_local_viol=2087689767.7661
[Run 18 | Gen 73] cur_best: cost=3903306972.60  viol=2066276227.2647  obj=2070179534237.32 | best_so_far: cost=3903306972.60  viol=2066276227.2647  obj=2070179534237.32
[Run 18 | Gen 74] cur_best: cost=3903306972.60  viol=2066276227.2647  obj=2070179534237.32 | best_so_far: cost=3903306972.60  viol=2066276227.2647  obj=2070179534237.32
[Run 18 | Gen 75] cur_best: cost=3903306972.60  viol=2066276227.2647  obj=2070179534237.32 | best_so_far: cost=3903306972.60  viol=2066276227.2647  obj=2070179534237.32
[Run 18 | Gen 76] cur_best: cost=3903306972.60  viol=2066276227.2647  obj=2070179534237.32 | best_so_far: cost=3903306972.60  viol=2066276227.2647  obj=2070179534237.32
[Run 18 | FE 4608] best_local_obj=2070179534237.32  best_local_cost=3903306972.60  best_local_viol=2066276227.2647
[Run 18 | Gen 77] cur_best: cost=3903306972.60  viol=2066276227.2647  obj=2070179534237.32 | best_so_far: cost=3903306972.60  viol=2066276227.2647  obj=2070179534237.32
[Run 18 | Gen 78] cur_best: cost=3903306972.60  viol=2066276227.2647  obj=2070179534237.32 | best_so_far: cost=3903306972.60  viol=2066276227.2647  obj=2070179534237.32
[Run 18 | Gen 79] cur_best: cost=3903306972.60  viol=2066276227.2647  obj=2070179534237.32 | best_so_far: cost=3903306972.60  viol=2066276227.2647  obj=2070179534237.32
[Run 18 | Gen 80] cur_best: cost=3903306972.60  viol=2066276227.2647  obj=2070179534237.32 | best_so_far: cost=3903306972.60  viol=2066276227.2647  obj=2070179534237.32
[Run 18 | Gen 81] cur_best: cost=3903306972.60  viol=2066276227.2647  obj=2070179534237.32 | best_so_far: cost=3903306972.60  viol=2066276227.2647  obj=2070179534237.32
[Run 18 | FE 4864] best_local_obj=2070179534237.32  best_local_cost=3903306972.60  best_local_viol=2066276227.2647
[Run 18 | Gen 82] cur_best: cost=3903306972.60  viol=2066276227.2647  obj=2070179534237.32 | best_so_far: cost=3903306972.60  viol=2066276227.2647  obj=2070179534237.32
[Run 18 | Gen 83] cur_best: cost=3903306972.60  viol=2066276227.2647  obj=2070179534237.32 | best_so_far: cost=3903306972.60  viol=2066276227.2647  obj=2070179534237.32
[Run 18 | Gen 84] cur_best: cost=3903306972.60  viol=2066276227.2647  obj=2070179534237.32 | best_so_far: cost=3903306972.60  viol=2066276227.2647  obj=2070179534237.32
[Run 18 | Gen 85] cur_best: cost=3903306972.60  viol=2066276227.2647  obj=2070179534237.32 | best_so_far: cost=3903306972.60  viol=2066276227.2647  obj=2070179534237.32
[Run 18 | FE 5120] best_local_obj=2066033023110.40  best_local_cost=3851499794.52  best_local_viol=2062181523.3159
[Run 18 | Gen 86] cur_best: cost=3851499794.52  viol=2062181523.3159  obj=2066033023110.40 | best_so_far: cost=3851499794.52  viol=2062181523.3159  obj=2066033023110.40
[Run 18 | Gen 87] cur_best: cost=3851499794.52  viol=2062181523.3159  obj=2066033023110.40 | best_so_far: cost=3851499794.52  viol=2062181523.3159  obj=2066033023110.40
[Run 18 | Gen 88] cur_best: cost=3851499794.52  viol=2062181523.3159  obj=2066033023110.40 | best_so_far: cost=3851499794.52  viol=2062181523.3159  obj=2066033023110.40
[Run 18 | Gen 89] cur_best: cost=3851499794.52  viol=2062181523.3159  obj=2066033023110.40 | best_so_far: cost=3851499794.52  viol=2062181523.3159  obj=2066033023110.40
[Run 18 | FE 5376] best_local_obj=2066033023110.40  best_local_cost=3851499794.52  best_local_viol=2062181523.3159
[Run 18 | Gen 90] cur_best: cost=3851499794.52  viol=2062181523.3159  obj=2066033023110.40 | best_so_far: cost=3851499794.52  viol=2062181523.3159  obj=2066033023110.40
[Run 18 | Gen 91] cur_best: cost=3851499794.52  viol=2062181523.3159  obj=2066033023110.40 | best_so_far: cost=3851499794.52  viol=2062181523.3159  obj=2066033023110.40
[Run 18 | Gen 92] cur_best: cost=3851499794.52  viol=2062181523.3159  obj=2066033023110.40 | best_so_far: cost=3851499794.52  viol=2062181523.3159  obj=2066033023110.40
[Run 18 | Gen 93] cur_best: cost=3851499794.52  viol=2062181523.3159  obj=2066033023110.40 | best_so_far: cost=3851499794.52  viol=2062181523.3159  obj=2066033023110.40
[Run 18 | FE 5632] best_local_obj=2066033023110.40  best_local_cost=3851499794.52  best_local_viol=2062181523.3159
[Run 18 | Gen 94] cur_best: cost=3851499794.52  viol=2062181523.3159  obj=2066033023110.40 | best_so_far: cost=3851499794.52  viol=2062181523.3159  obj=2066033023110.40
[Run 18 | Gen 95] cur_best: cost=3851499794.52  viol=2062181523.3159  obj=2066033023110.40 | best_so_far: cost=3851499794.52  viol=2062181523.3159  obj=2066033023110.40
[Run 18 | Gen 96] cur_best: cost=3851499794.52  viol=2062181523.3159  obj=2066033023110.40 | best_so_far: cost=3851499794.52  viol=2062181523.3159  obj=2066033023110.40
[Run 18 | Gen 97] cur_best: cost=3851499794.52  viol=2062181523.3159  obj=2066033023110.40 | best_so_far: cost=3851499794.52  viol=2062181523.3159  obj=2066033023110.40
[Run 18 | Gen 98] cur_best: cost=3851499794.52  viol=2062181523.3159  obj=2066033023110.40 | best_so_far: cost=3851499794.52  viol=2062181523.3159  obj=2066033023110.40
[Run 18 | FE 5888] best_local_obj=2066033023110.40  best_local_cost=3851499794.52  best_local_viol=2062181523.3159
[Run 18 | Gen 99] cur_best: cost=3851499794.52  viol=2062181523.3159  obj=2066033023110.40 | best_so_far: cost=3851499794.52  viol=2062181523.3159  obj=2066033023110.40
[Run 18 | Gen 100] cur_best: cost=3851499794.52  viol=2062181523.3159  obj=2066033023110.40 | best_so_far: cost=3851499794.52  viol=2062181523.3159  obj=2066033023110.40
[Run 18 | Gen 101] cur_best: cost=3851499794.52  viol=2062181523.3159  obj=2066033023110.40 | best_so_far: cost=3851499794.52  viol=2062181523.3159  obj=2066033023110.40
[Run 18 | Gen 102] cur_best: cost=3851499794.52  viol=2062181523.3159  obj=2066033023110.40 | best_so_far: cost=3851499794.52  viol=2062181523.3159  obj=2066033023110.40
[Run 18 | FE 6144] best_local_obj=2066033023110.40  best_local_cost=3851499794.52  best_local_viol=2062181523.3159
[Run 18 | Gen 103] cur_best: cost=3851499794.52  viol=2062181523.3159  obj=2066033023110.40 | best_so_far: cost=3851499794.52  viol=2062181523.3159  obj=2066033023110.40
[Run 18 | Gen 104] cur_best: cost=3851499794.52  viol=2062181523.3159  obj=2066033023110.40 | best_so_far: cost=3851499794.52  viol=2062181523.3159  obj=2066033023110.40
[Run 18 | Gen 105] cur_best: cost=3851499794.52  viol=2062181523.3159  obj=2066033023110.40 | best_so_far: cost=3851499794.52  viol=2062181523.3159  obj=2066033023110.40
[Run 18 | Gen 106] cur_best: cost=3851499794.52  viol=2062181523.3159  obj=2066033023110.40 | best_so_far: cost=3851499794.52  viol=2062181523.3159  obj=2066033023110.40
[Run 18 | FE 6400] best_local_obj=2066033023110.40  best_local_cost=3851499794.52  best_local_viol=2062181523.3159
[Run 18 | Gen 107] cur_best: cost=3851499794.52  viol=2062181523.3159  obj=2066033023110.40 | best_so_far: cost=3851499794.52  viol=2062181523.3159  obj=2066033023110.40
[Run 18 | Gen 108] cur_best: cost=3851499794.52  viol=2062181523.3159  obj=2066033023110.40 | best_so_far: cost=3851499794.52  viol=2062181523.3159  obj=2066033023110.40
[Run 18 | Gen 109] cur_best: cost=3851499794.52  viol=2062181523.3159  obj=2066033023110.40 | best_so_far: cost=3851499794.52  viol=2062181523.3159  obj=2066033023110.40
[Run 18 | Gen 110] cur_best: cost=3851499794.52  viol=2062181523.3159  obj=2066033023110.40 | best_so_far: cost=3851499794.52  viol=2062181523.3159  obj=2066033023110.40
[Run 18 | FE 6656] best_local_obj=2066033023110.40  best_local_cost=3851499794.52  best_local_viol=2062181523.3159
[Run 18 | Gen 111] cur_best: cost=3851499794.52  viol=2062181523.3159  obj=2066033023110.40 | best_so_far: cost=3851499794.52  viol=2062181523.3159  obj=2066033023110.40
[Run 18 | Gen 112] cur_best: cost=3851499794.52  viol=2062181523.3159  obj=2066033023110.40 | best_so_far: cost=3851499794.52  viol=2062181523.3159  obj=2066033023110.40
[Run 18 | Gen 113] cur_best: cost=3851499794.52  viol=2062181523.3159  obj=2066033023110.40 | best_so_far: cost=3851499794.52  viol=2062181523.3159  obj=2066033023110.40
[Run 18 | Gen 114] cur_best: cost=3851499794.52  viol=2062181523.3159  obj=2066033023110.40 | best_so_far: cost=3851499794.52  viol=2062181523.3159  obj=2066033023110.40
[Run 18 | Gen 115] cur_best: cost=3851499794.52  viol=2062181523.3159  obj=2066033023110.40 | best_so_far: cost=3851499794.52  viol=2062181523.3159  obj=2066033023110.40
[Run 18 | FE 6912] best_local_obj=2066033023110.40  best_local_cost=3851499794.52  best_local_viol=2062181523.3159
[Run 18 | Gen 116] cur_best: cost=3851499794.52  viol=2062181523.3159  obj=2066033023110.40 | best_so_far: cost=3851499794.52  viol=2062181523.3159  obj=2066033023110.40
[Run 18 | Gen 117] cur_best: cost=3851499794.52  viol=2062181523.3159  obj=2066033023110.40 | best_so_far: cost=3851499794.52  viol=2062181523.3159  obj=2066033023110.40
[Run 18 | Gen 118] cur_best: cost=3851499794.52  viol=2062181523.3159  obj=2066033023110.40 | best_so_far: cost=3851499794.52  viol=2062181523.3159  obj=2066033023110.40
[Run 18 | Gen 119] cur_best: cost=3851499794.52  viol=2062181523.3159  obj=2066033023110.40 | best_so_far: cost=3851499794.52  viol=2062181523.3159  obj=2066033023110.40
[Run 18 | FE 7168] best_local_obj=2066033023110.40  best_local_cost=3851499794.52  best_local_viol=2062181523.3159
[Run 18 | Gen 120] cur_best: cost=3851499794.52  viol=2062181523.3159  obj=2066033023110.40 | best_so_far: cost=3851499794.52  viol=2062181523.3159  obj=2066033023110.40
[Run 18 | Gen 121] cur_best: cost=3851499794.52  viol=2062181523.3159  obj=2066033023110.40 | best_so_far: cost=3851499794.52  viol=2062181523.3159  obj=2066033023110.40
[Run 18 | Gen 122] cur_best: cost=3851499794.52  viol=2062181523.3159  obj=2066033023110.40 | best_so_far: cost=3851499794.52  viol=2062181523.3159  obj=2066033023110.40
[Run 18 | Gen 123] cur_best: cost=3851499794.52  viol=2062181523.3159  obj=2066033023110.40 | best_so_far: cost=3851499794.52  viol=2062181523.3159  obj=2066033023110.40
[Run 18 | FE 7424] best_local_obj=2066033023110.40  best_local_cost=3851499794.52  best_local_viol=2062181523.3159
[Run 18 | Gen 124] cur_best: cost=3851499794.52  viol=2062181523.3159  obj=2066033023110.40 | best_so_far: cost=3851499794.52  viol=2062181523.3159  obj=2066033023110.40
[Run 18 | Gen 125] cur_best: cost=3851499794.52  viol=2062181523.3159  obj=2066033023110.40 | best_so_far: cost=3851499794.52  viol=2062181523.3159  obj=2066033023110.40
[Run 18 | Gen 126] cur_best: cost=3851499794.52  viol=2062181523.3159  obj=2066033023110.40 | best_so_far: cost=3851499794.52  viol=2062181523.3159  obj=2066033023110.40
[Run 18 | Gen 127] cur_best: cost=3851499794.52  viol=2062181523.3159  obj=2066033023110.40 | best_so_far: cost=3851499794.52  viol=2062181523.3159  obj=2066033023110.40
[Run 18 | FE 7680] best_local_obj=2066033023110.40  best_local_cost=3851499794.52  best_local_viol=2062181523.3159
[Run 18 | Gen 128] cur_best: cost=3851499794.52  viol=2062181523.3159  obj=2066033023110.40 | best_so_far: cost=3851499794.52  viol=2062181523.3159  obj=2066033023110.40
[Run 18 | Gen 129] cur_best: cost=3851499794.52  viol=2062181523.3159  obj=2066033023110.40 | best_so_far: cost=3851499794.52  viol=2062181523.3159  obj=2066033023110.40
[Run 18 | Gen 130] cur_best: cost=3851499794.52  viol=2062181523.3159  obj=2066033023110.40 | best_so_far: cost=3851499794.52  viol=2062181523.3159  obj=2066033023110.40
[Run 18 | Gen 131] cur_best: cost=3851499794.52  viol=2062181523.3159  obj=2066033023110.40 | best_so_far: cost=3851499794.52  viol=2062181523.3159  obj=2066033023110.40
[Run 18 | Gen 132] cur_best: cost=3851499794.52  viol=2062181523.3159  obj=2066033023110.40 | best_so_far: cost=3851499794.52  viol=2062181523.3159  obj=2066033023110.40
[Run 18 | FE 7936] best_local_obj=2066033023110.40  best_local_cost=3851499794.52  best_local_viol=2062181523.3159
[Run 18 | Gen 133] cur_best: cost=3851499794.52  viol=2062181523.3159  obj=2066033023110.40 | best_so_far: cost=3851499794.52  viol=2062181523.3159  obj=2066033023110.40
[Run 18 | Gen 134] cur_best: cost=3851499794.52  viol=2062181523.3159  obj=2066033023110.40 | best_so_far: cost=3851499794.52  viol=2062181523.3159  obj=2066033023110.40
[Run 18 | Gen 135] cur_best: cost=3851499794.52  viol=2062181523.3159  obj=2066033023110.40 | best_so_far: cost=3851499794.52  viol=2062181523.3159  obj=2066033023110.40
[Run 18 | Gen 136] cur_best: cost=3851499794.52  viol=2062181523.3159  obj=2066033023110.40 | best_so_far: cost=3851499794.52  viol=2062181523.3159  obj=2066033023110.40
[Run 18 | FE 8192] best_local_obj=2066033023110.40  best_local_cost=3851499794.52  best_local_viol=2062181523.3159
[Run 18 | Gen 137] cur_best: cost=3851499794.52  viol=2062181523.3159  obj=2066033023110.40 | best_so_far: cost=3851499794.52  viol=2062181523.3159  obj=2066033023110.40
[Run 18 | Gen 138] cur_best: cost=3851499794.52  viol=2062181523.3159  obj=2066033023110.40 | best_so_far: cost=3851499794.52  viol=2062181523.3159  obj=2066033023110.40
[Run 18 | Gen 139] cur_best: cost=3851499794.52  viol=2062181523.3159  obj=2066033023110.40 | best_so_far: cost=3851499794.52  viol=2062181523.3159  obj=2066033023110.40
[Run 18 | Gen 140] cur_best: cost=3851499794.52  viol=2062181523.3159  obj=2066033023110.40 | best_so_far: cost=3851499794.52  viol=2062181523.3159  obj=2066033023110.40
[Run 18 | FE 8448] best_local_obj=2066033023110.40  best_local_cost=3851499794.52  best_local_viol=2062181523.3159
[Run 18 | Gen 141] cur_best: cost=3851499794.52  viol=2062181523.3159  obj=2066033023110.40 | best_so_far: cost=3851499794.52  viol=2062181523.3159  obj=2066033023110.40
[Run 18 | Gen 142] cur_best: cost=3851499794.52  viol=2062181523.3159  obj=2066033023110.40 | best_so_far: cost=3851499794.52  viol=2062181523.3159  obj=2066033023110.40
[Run 18 | Gen 143] cur_best: cost=3851499794.52  viol=2062181523.3159  obj=2066033023110.40 | best_so_far: cost=3851499794.52  viol=2062181523.3159  obj=2066033023110.40
[Run 18 | Gen 144] cur_best: cost=3851499794.52  viol=2062181523.3159  obj=2066033023110.40 | best_so_far: cost=3851499794.52  viol=2062181523.3159  obj=2066033023110.40
[Run 18 | Gen 145] cur_best: cost=3851499794.52  viol=2062181523.3159  obj=2066033023110.40 | best_so_far: cost=3851499794.52  viol=2062181523.3159  obj=2066033023110.40
[Run 18 | FE 8704] best_local_obj=2066033023110.40  best_local_cost=3851499794.52  best_local_viol=2062181523.3159
[Run 18 | Gen 146] cur_best: cost=3851499794.52  viol=2062181523.3159  obj=2066033023110.40 | best_so_far: cost=3851499794.52  viol=2062181523.3159  obj=2066033023110.40
[Run 18 | Gen 147] cur_best: cost=3851499794.52  viol=2062181523.3159  obj=2066033023110.40 | best_so_far: cost=3851499794.52  viol=2062181523.3159  obj=2066033023110.40
[Run 18 | Gen 148] cur_best: cost=3851499794.52  viol=2062181523.3159  obj=2066033023110.40 | best_so_far: cost=3851499794.52  viol=2062181523.3159  obj=2066033023110.40
[Run 18 | Gen 149] cur_best: cost=3851499794.52  viol=2062181523.3159  obj=2066033023110.40 | best_so_far: cost=3851499794.52  viol=2062181523.3159  obj=2066033023110.40
[Run 18 | FE 8960] best_local_obj=2066033023110.40  best_local_cost=3851499794.52  best_local_viol=2062181523.3159
[Run 18 | Gen 150] cur_best: cost=3880153575.34  viol=2061010579.0390  obj=2064890732614.37 | best_so_far: cost=3880153575.34  viol=2061010579.0390  obj=2064890732614.37
[Run 18 | Gen 151] cur_best: cost=3880153575.34  viol=2061010579.0390  obj=2064890732614.37 | best_so_far: cost=3880153575.34  viol=2061010579.0390  obj=2064890732614.37
[Run 18 | Gen 152] cur_best: cost=3880153575.34  viol=2061010579.0390  obj=2064890732614.37 | best_so_far: cost=3880153575.34  viol=2061010579.0390  obj=2064890732614.37
[Run 18 | Gen 153] cur_best: cost=3880153575.34  viol=2061010579.0390  obj=2064890732614.37 | best_so_far: cost=3880153575.34  viol=2061010579.0390  obj=2064890732614.37
[Run 18 | FE 9216] best_local_obj=2064890732614.37  best_local_cost=3880153575.34  best_local_viol=2061010579.0390
[Run 18 | Gen 154] cur_best: cost=3880153575.34  viol=2061010579.0390  obj=2064890732614.37 | best_so_far: cost=3880153575.34  viol=2061010579.0390  obj=2064890732614.37
[Run 18 | Gen 155] cur_best: cost=3880153575.34  viol=2061010579.0390  obj=2064890732614.37 | best_so_far: cost=3880153575.34  viol=2061010579.0390  obj=2064890732614.37
[Run 18 | Gen 156] cur_best: cost=3890505054.79  viol=2052242557.6403  obj=2056133062695.11 | best_so_far: cost=3890505054.79  viol=2052242557.6403  obj=2056133062695.11
[Run 18 | Gen 157] cur_best: cost=3890505054.79  viol=2052242557.6403  obj=2056133062695.11 | best_so_far: cost=3890505054.79  viol=2052242557.6403  obj=2056133062695.11
[Run 18 | FE 9472] best_local_obj=2056133062695.11  best_local_cost=3890505054.79  best_local_viol=2052242557.6403
[Run 18 | Gen 158] cur_best: cost=3890505054.79  viol=2052242557.6403  obj=2056133062695.11 | best_so_far: cost=3890505054.79  viol=2052242557.6403  obj=2056133062695.11
[Run 18 | Gen 159] cur_best: cost=3890505054.79  viol=2052242557.6403  obj=2056133062695.11 | best_so_far: cost=3890505054.79  viol=2052242557.6403  obj=2056133062695.11
[Run 18 | Gen 160] cur_best: cost=3890505054.79  viol=2052242557.6403  obj=2056133062695.11 | best_so_far: cost=3890505054.79  viol=2052242557.6403  obj=2056133062695.11
[Run 18 | Gen 161] cur_best: cost=3890505054.79  viol=2052242557.6403  obj=2056133062695.11 | best_so_far: cost=3890505054.79  viol=2052242557.6403  obj=2056133062695.11
[Run 18 | Gen 162] cur_best: cost=3890505054.79  viol=2052242557.6403  obj=2056133062695.11 | best_so_far: cost=3890505054.79  viol=2052242557.6403  obj=2056133062695.11
[Run 18 | FE 9728] best_local_obj=2056133062695.11  best_local_cost=3890505054.79  best_local_viol=2052242557.6403
[Run 18 | Gen 163] cur_best: cost=3890505054.79  viol=2052242557.6403  obj=2056133062695.11 | best_so_far: cost=3890505054.79  viol=2052242557.6403  obj=2056133062695.11
[Run 18 | Gen 164] cur_best: cost=3890505054.79  viol=2052242557.6403  obj=2056133062695.11 | best_so_far: cost=3890505054.79  viol=2052242557.6403  obj=2056133062695.11
[Run 18 | Gen 165] cur_best: cost=3890505054.79  viol=2052242557.6403  obj=2056133062695.11 | best_so_far: cost=3890505054.79  viol=2052242557.6403  obj=2056133062695.11
[Run 18 | Gen 166] cur_best: cost=3890505054.79  viol=2052242557.6403  obj=2056133062695.11 | best_so_far: cost=3890505054.79  viol=2052242557.6403  obj=2056133062695.11
[Run 18 | FE 9984] best_local_obj=2056133062695.11  best_local_cost=3890505054.79  best_local_viol=2052242557.6403
[Run 18 | Gen 167] cur_best: cost=3890505054.79  viol=2052242557.6403  obj=2056133062695.11 | best_so_far: cost=3890505054.79  viol=2052242557.6403  obj=2056133062695.11
[Run 18 | Gen 168] cur_best: cost=3890505054.79  viol=2052242557.6403  obj=2056133062695.11 | best_so_far: cost=3890505054.79  viol=2052242557.6403  obj=2056133062695.11
[Run 18 | Gen 169] cur_best: cost=3890505054.79  viol=2052242557.6403  obj=2056133062695.11 | best_so_far: cost=3890505054.79  viol=2052242557.6403  obj=2056133062695.11
[Run 18 | Gen 170] cur_best: cost=3890505054.79  viol=2052242557.6403  obj=2056133062695.11 | best_so_far: cost=3890505054.79  viol=2052242557.6403  obj=2056133062695.11
[Run 18 | FE 10240] best_local_obj=2056133062695.11  best_local_cost=3890505054.79  best_local_viol=2052242557.6403
[Run 18 | Gen 171] cur_best: cost=3890505054.79  viol=2052242557.6403  obj=2056133062695.11 | best_so_far: cost=3890505054.79  viol=2052242557.6403  obj=2056133062695.11
[Run 18 | Gen 172] cur_best: cost=3890505054.79  viol=2052242557.6403  obj=2056133062695.11 | best_so_far: cost=3890505054.79  viol=2052242557.6403  obj=2056133062695.11
[Run 18 | Gen 173] cur_best: cost=3890505054.79  viol=2052242557.6403  obj=2056133062695.11 | best_so_far: cost=3890505054.79  viol=2052242557.6403  obj=2056133062695.11
[Run 18 | Gen 174] cur_best: cost=3890505054.79  viol=2052242557.6403  obj=2056133062695.11 | best_so_far: cost=3890505054.79  viol=2052242557.6403  obj=2056133062695.11
[Run 18 | FE 10496] best_local_obj=2056133062695.11  best_local_cost=3890505054.79  best_local_viol=2052242557.6403
[Run 18 | Gen 175] cur_best: cost=3890505054.79  viol=2052242557.6403  obj=2056133062695.11 | best_so_far: cost=3890505054.79  viol=2052242557.6403  obj=2056133062695.11
[Run 18 | Gen 176] cur_best: cost=3890505054.79  viol=2052242557.6403  obj=2056133062695.11 | best_so_far: cost=3890505054.79  viol=2052242557.6403  obj=2056133062695.11
[Run 18 | Gen 177] cur_best: cost=3890505054.79  viol=2052242557.6403  obj=2056133062695.11 | best_so_far: cost=3890505054.79  viol=2052242557.6403  obj=2056133062695.11
[Run 18 | Gen 178] cur_best: cost=3890505054.79  viol=2052242557.6403  obj=2056133062695.11 | best_so_far: cost=3890505054.79  viol=2052242557.6403  obj=2056133062695.11
[Run 18 | Gen 179] cur_best: cost=3890505054.79  viol=2052242557.6403  obj=2056133062695.11 | best_so_far: cost=3890505054.79  viol=2052242557.6403  obj=2056133062695.11
[Run 18 | FE 10752] best_local_obj=2056133062695.11  best_local_cost=3890505054.79  best_local_viol=2052242557.6403
[Run 18 | Gen 180] cur_best: cost=3890505054.79  viol=2052242557.6403  obj=2056133062695.11 | best_so_far: cost=3890505054.79  viol=2052242557.6403  obj=2056133062695.11
[Run 18 | Gen 181] cur_best: cost=3890505054.79  viol=2052242557.6403  obj=2056133062695.11 | best_so_far: cost=3890505054.79  viol=2052242557.6403  obj=2056133062695.11
[Run 18 | Gen 182] cur_best: cost=3890505054.79  viol=2052242557.6403  obj=2056133062695.11 | best_so_far: cost=3890505054.79  viol=2052242557.6403  obj=2056133062695.11
[Run 18 | Gen 183] cur_best: cost=3890505054.79  viol=2052242557.6403  obj=2056133062695.11 | best_so_far: cost=3890505054.79  viol=2052242557.6403  obj=2056133062695.11
[Run 18 | FE 11008] best_local_obj=2056133062695.11  best_local_cost=3890505054.79  best_local_viol=2052242557.6403
[Run 18 | Gen 184] cur_best: cost=3890505054.79  viol=2052242557.6403  obj=2056133062695.11 | best_so_far: cost=3890505054.79  viol=2052242557.6403  obj=2056133062695.11
[Run 18 | Gen 185] cur_best: cost=3890505054.79  viol=2052242557.6403  obj=2056133062695.11 | best_so_far: cost=3890505054.79  viol=2052242557.6403  obj=2056133062695.11
[Run 18 | Gen 186] cur_best: cost=3890505054.79  viol=2052242557.6403  obj=2056133062695.11 | best_so_far: cost=3890505054.79  viol=2052242557.6403  obj=2056133062695.11
[Run 18 | Gen 187] cur_best: cost=3890505054.79  viol=2052242557.6403  obj=2056133062695.11 | best_so_far: cost=3890505054.79  viol=2052242557.6403  obj=2056133062695.11
[Run 18 | FE 11264] best_local_obj=2056133062695.11  best_local_cost=3890505054.79  best_local_viol=2052242557.6403
[Run 18 | Gen 188] cur_best: cost=3890505054.79  viol=2052242557.6403  obj=2056133062695.11 | best_so_far: cost=3890505054.79  viol=2052242557.6403  obj=2056133062695.11
[Run 18 | Gen 189] cur_best: cost=3890505054.79  viol=2052242557.6403  obj=2056133062695.11 | best_so_far: cost=3890505054.79  viol=2052242557.6403  obj=2056133062695.11
[Run 18 | Gen 190] cur_best: cost=3890505054.79  viol=2052242557.6403  obj=2056133062695.11 | best_so_far: cost=3890505054.79  viol=2052242557.6403  obj=2056133062695.11
[Run 18 | Gen 191] cur_best: cost=3890505054.79  viol=2052242557.6403  obj=2056133062695.11 | best_so_far: cost=3890505054.79  viol=2052242557.6403  obj=2056133062695.11
[Run 18 | FE 11520] best_local_obj=2056133062695.11  best_local_cost=3890505054.79  best_local_viol=2052242557.6403
[Run 18 | Gen 192] cur_best: cost=3890505054.79  viol=2052242557.6403  obj=2056133062695.11 | best_so_far: cost=3890505054.79  viol=2052242557.6403  obj=2056133062695.11
[Run 18 | Gen 193] cur_best: cost=3890505054.79  viol=2052242557.6403  obj=2056133062695.11 | best_so_far: cost=3890505054.79  viol=2052242557.6403  obj=2056133062695.11
[Run 18 | Gen 194] cur_best: cost=3890505054.79  viol=2052242557.6403  obj=2056133062695.11 | best_so_far: cost=3890505054.79  viol=2052242557.6403  obj=2056133062695.11
[Run 18 | Gen 195] cur_best: cost=3890505054.79  viol=2052242557.6403  obj=2056133062695.11 | best_so_far: cost=3890505054.79  viol=2052242557.6403  obj=2056133062695.11
[Run 18 | Gen 196] cur_best: cost=3890505054.79  viol=2052242557.6403  obj=2056133062695.11 | best_so_far: cost=3890505054.79  viol=2052242557.6403  obj=2056133062695.11
[Run 18 | FE 11776] best_local_obj=2056133062695.11  best_local_cost=3890505054.79  best_local_viol=2052242557.6403
[Run 18 | Gen 197] cur_best: cost=3890505054.79  viol=2052242557.6403  obj=2056133062695.11 | best_so_far: cost=3890505054.79  viol=2052242557.6403  obj=2056133062695.11
[Run 18 | Gen 198] cur_best: cost=3890505054.79  viol=2052242557.6403  obj=2056133062695.11 | best_so_far: cost=3890505054.79  viol=2052242557.6403  obj=2056133062695.11
[Run 18 | Gen 199] cur_best: cost=3890505054.79  viol=2052242557.6403  obj=2056133062695.11 | best_so_far: cost=3890505054.79  viol=2052242557.6403  obj=2056133062695.11
[Run 18 | Gen 200] cur_best: cost=3890505054.79  viol=2052242557.6403  obj=2056133062695.11 | best_so_far: cost=3890505054.79  viol=2052242557.6403  obj=2056133062695.11
[Run 18 | FE 12032] best_local_obj=2056133062695.11  best_local_cost=3890505054.79  best_local_viol=2052242557.6403
[Run 18 | Gen 201] cur_best: cost=3890505054.79  viol=2052242557.6403  obj=2056133062695.11 | best_so_far: cost=3890505054.79  viol=2052242557.6403  obj=2056133062695.11
[Run 18 | Gen 202] cur_best: cost=3890505054.79  viol=2052242557.6403  obj=2056133062695.11 | best_so_far: cost=3890505054.79  viol=2052242557.6403  obj=2056133062695.11
[Run 18 | Gen 203] cur_best: cost=3890505054.79  viol=2052242557.6403  obj=2056133062695.11 | best_so_far: cost=3890505054.79  viol=2052242557.6403  obj=2056133062695.11
[Run 18 | Gen 204] cur_best: cost=3890505054.79  viol=2052242557.6403  obj=2056133062695.11 | best_so_far: cost=3890505054.79  viol=2052242557.6403  obj=2056133062695.11
[Run 18 | FE 12288] best_local_obj=2056133062695.11  best_local_cost=3890505054.79  best_local_viol=2052242557.6403
[Run 18 | Gen 205] cur_best: cost=3890505054.79  viol=2052242557.6403  obj=2056133062695.11 | best_so_far: cost=3890505054.79  viol=2052242557.6403  obj=2056133062695.11
[Run 18 | Gen 206] cur_best: cost=3890505054.79  viol=2052242557.6403  obj=2056133062695.11 | best_so_far: cost=3890505054.79  viol=2052242557.6403  obj=2056133062695.11
[Run 18 | Gen 207] cur_best: cost=3890505054.79  viol=2052242557.6403  obj=2056133062695.11 | best_so_far: cost=3890505054.79  viol=2052242557.6403  obj=2056133062695.11
[Run 18 | Gen 208] cur_best: cost=3890505054.79  viol=2052242557.6403  obj=2056133062695.11 | best_so_far: cost=3890505054.79  viol=2052242557.6403  obj=2056133062695.11
[Run 18 | Gen 209] cur_best: cost=3890505054.79  viol=2052242557.6403  obj=2056133062695.11 | best_so_far: cost=3890505054.79  viol=2052242557.6403  obj=2056133062695.11
[Run 18 | FE 12544] best_local_obj=2056133062695.11  best_local_cost=3890505054.79  best_local_viol=2052242557.6403
[Run 18 | Gen 210] cur_best: cost=3890505054.79  viol=2052242557.6403  obj=2056133062695.11 | best_so_far: cost=3890505054.79  viol=2052242557.6403  obj=2056133062695.11
[Run 18 | Gen 211] cur_best: cost=3890505054.79  viol=2052242557.6403  obj=2056133062695.11 | best_so_far: cost=3890505054.79  viol=2052242557.6403  obj=2056133062695.11
[Run 18 | Gen 212] cur_best: cost=3890505054.79  viol=2052242557.6403  obj=2056133062695.11 | best_so_far: cost=3890505054.79  viol=2052242557.6403  obj=2056133062695.11
[Run 18 | Gen 213] cur_best: cost=3890505054.79  viol=2052242557.6403  obj=2056133062695.11 | best_so_far: cost=3890505054.79  viol=2052242557.6403  obj=2056133062695.11
[Run 18 | FE 12800] best_local_obj=2056133062695.11  best_local_cost=3890505054.79  best_local_viol=2052242557.6403
[Run 18 | Gen 214] cur_best: cost=3890505054.79  viol=2052242557.6403  obj=2056133062695.11 | best_so_far: cost=3890505054.79  viol=2052242557.6403  obj=2056133062695.11

[Stop] reached max_total_fe=12800.

[Run 18] best_global_cost=3890505054.7945, best_global_viol=2052242557.640316, best_global_obj=2056133062695.1108
[Done] summary=/work/home/acn1eb8nfq/yuezhang46/UScode/US实验一：横向对比/ga_global_logs/run_18_seed_1018/runs_summary.csv
