[RunConfig] run_id=13 seed=1013
[OutputDir] /work/home/acn1eb8nfq/yuezhang46/UScode/US实验一：横向对比/ga_global_logs/run_13_seed_1013
[Info] #nodes = 4301
[Load] Reading scenarios ...
  - 2020: raw edges=5296, days=366
  - 2025: raw edges=5296, days=365
  - 2030: raw edges=5296, days=365
  - 2035: raw edges=5296, days=365
  - 2040: raw edges=5296, days=366
[Filter] EDGE_WEIGHT_MIN=1.0
  - active_nodes=2914  inactive_nodes(fixed NONE)=1387
  - 2020: removed=2048, kept=3248
  - 2025: removed=2048, kept=3248
  - 2030: removed=2048, kept=3248
  - 2035: removed=2048, kept=3248
  - 2040: removed=2048, kept=3248
  - 2020: filtered edges (active subgraph)=3248
  - 2025: filtered edges (active subgraph)=3248
  - 2030: filtered edges (active subgraph)=3248
  - 2035: filtered edges (active subgraph)=3248
  - 2040: filtered edges (active subgraph)=3248
[GA] Initialize population ...
[GA] Init population generated.
[GA] Evolve under FE budget ...
[Run 13 | Gen 1] cur_best: cost=1918066082.19  viol=3011869554.0042  obj=3013787620086.36 | best_so_far: cost=1918066082.19  viol=3011869554.0042  obj=3013787620086.36
[Run 13 | Gen 2] cur_best: cost=2033531589.04  viol=2961566521.1991  obj=2963600052788.13 | best_so_far: cost=2033531589.04  viol=2961566521.1991  obj=2963600052788.13
[Run 13 | Gen 3] cur_best: cost=2107991452.05  viol=2908987566.8377  obj=2911095558289.75 | best_so_far: cost=2107991452.05  viol=2908987566.8377  obj=2911095558289.75
[Run 13 | Gen 4] cur_best: cost=2177075520.55  viol=2865159582.8621  obj=2867336658382.64 | best_so_far: cost=2177075520.55  viol=2865159582.8621  obj=2867336658382.64
[Run 13 | FE 256] best_local_obj=2796330081126.84  best_local_cost=2366651273.97  best_local_viol=2793963429.8529
[Run 13 | Gen 5] cur_best: cost=2358225260.27  viol=2791390931.2735  obj=2793749156533.78 | best_so_far: cost=2358225260.27  viol=2791390931.2735  obj=2793749156533.78
[Run 13 | Gen 6] cur_best: cost=2507245041.10  viol=2701323979.1722  obj=2703831224213.27 | best_so_far: cost=2507245041.10  viol=2701323979.1722  obj=2703831224213.27
[Run 13 | Gen 7] cur_best: cost=2485641863.01  viol=2692102685.8420  obj=2694588327704.98 | best_so_far: cost=2485641863.01  viol=2692102685.8420  obj=2694588327704.98
[Run 13 | Gen 8] cur_best: cost=2620609780.82  viol=2622228310.5031  obj=2624848920283.92 | best_so_far: cost=2620609780.82  viol=2622228310.5031  obj=2624848920283.92
[Run 13 | FE 512] best_local_obj=2616861290850.33  best_local_cost=2661565589.04  best_local_viol=2614199725.2613
[Run 13 | Gen 9] cur_best: cost=2673067178.08  viol=2605477271.9288  obj=2608150339106.91 | best_so_far: cost=2673067178.08  viol=2605477271.9288  obj=2608150339106.91
[Run 13 | Gen 10] cur_best: cost=2763654315.07  viol=2568665575.9725  obj=2571429230287.53 | best_so_far: cost=2763654315.07  viol=2568665575.9725  obj=2571429230287.53
[Run 13 | Gen 11] cur_best: cost=2815511219.18  viol=2551577307.0825  obj=2554392818301.66 | best_so_far: cost=2815511219.18  viol=2551577307.0825  obj=2554392818301.66
[Run 13 | Gen 12] cur_best: cost=2951104493.15  viol=2496637469.8370  obj=2499588574330.13 | best_so_far: cost=2951104493.15  viol=2496637469.8370  obj=2499588574330.13
[Run 13 | FE 768] best_local_obj=2487736411298.85  best_local_cost=2969731821.92  best_local_viol=2484766679.4769
[Run 13 | Gen 13] cur_best: cost=2969731821.92  viol=2484766679.4769  obj=2487736411298.85 | best_so_far: cost=2969731821.92  viol=2484766679.4769  obj=2487736411298.85
[Run 13 | Gen 14] cur_best: cost=3023989054.79  viol=2483876805.2682  obj=2486900794322.98 | best_so_far: cost=3023989054.79  viol=2483876805.2682  obj=2486900794322.98
[Run 13 | Gen 15] cur_best: cost=3115776465.75  viol=2427121550.6333  obj=2430237327099.07 | best_so_far: cost=3115776465.75  viol=2427121550.6333  obj=2430237327099.07
[Run 13 | Gen 16] cur_best: cost=3115776465.75  viol=2427121550.6333  obj=2430237327099.07 | best_so_far: cost=3115776465.75  viol=2427121550.6333  obj=2430237327099.07
[Run 13 | Gen 17] cur_best: cost=3126377726.03  viol=2407089019.1472  obj=2410215396873.24 | best_so_far: cost=3126377726.03  viol=2407089019.1472  obj=2410215396873.24
[Run 13 | FE 1024] best_local_obj=2410215396873.24  best_local_cost=3126377726.03  best_local_viol=2407089019.1472
[Run 13 | Gen 18] cur_best: cost=3281523684.93  viol=2384131964.7924  obj=2387413488477.35 | best_so_far: cost=3281523684.93  viol=2384131964.7924  obj=2387413488477.35
[Run 13 | Gen 19] cur_best: cost=3160082493.15  viol=2359856648.4052  obj=2363016730898.38 | best_so_far: cost=3160082493.15  viol=2359856648.4052  obj=2363016730898.38
[Run 13 | Gen 20] cur_best: cost=3160082493.15  viol=2359856648.4052  obj=2363016730898.38 | best_so_far: cost=3160082493.15  viol=2359856648.4052  obj=2363016730898.38
[Run 13 | Gen 21] cur_best: cost=3457672438.36  viol=2331043699.3006  obj=2334501371738.98 | best_so_far: cost=3457672438.36  viol=2331043699.3006  obj=2334501371738.98
[Run 13 | FE 1280] best_local_obj=2334501371738.98  best_local_cost=3457672438.36  best_local_viol=2331043699.3006
[Run 13 | Gen 22] cur_best: cost=3403039958.90  viol=2301105096.1237  obj=2304508136082.56 | best_so_far: cost=3403039958.90  viol=2301105096.1237  obj=2304508136082.56
[Run 13 | Gen 23] cur_best: cost=3403039958.90  viol=2301105096.1237  obj=2304508136082.56 | best_so_far: cost=3403039958.90  viol=2301105096.1237  obj=2304508136082.56
[Run 13 | Gen 24] cur_best: cost=3381361917.81  viol=2296692399.7632  obj=2300073761680.97 | best_so_far: cost=3381361917.81  viol=2296692399.7632  obj=2300073761680.97
[Run 13 | Gen 25] cur_best: cost=3440569698.63  viol=2276397689.6476  obj=2279838259346.25 | best_so_far: cost=3440569698.63  viol=2276397689.6476  obj=2279838259346.25
[Run 13 | FE 1536] best_local_obj=2279838259346.25  best_local_cost=3440569698.63  best_local_viol=2276397689.6476
[Run 13 | Gen 26] cur_best: cost=3440569698.63  viol=2276397689.6476  obj=2279838259346.25 | best_so_far: cost=3440569698.63  viol=2276397689.6476  obj=2279838259346.25
[Run 13 | Gen 27] cur_best: cost=3440569698.63  viol=2276397689.6476  obj=2279838259346.25 | best_so_far: cost=3440569698.63  viol=2276397689.6476  obj=2279838259346.25
[Run 13 | Gen 28] cur_best: cost=3468498232.88  viol=2276323670.7012  obj=2279792168934.06 | best_so_far: cost=3468498232.88  viol=2276323670.7012  obj=2279792168934.06
[Run 13 | Gen 29] cur_best: cost=3487750808.22  viol=2257326527.4877  obj=2260814278295.90 | best_so_far: cost=3487750808.22  viol=2257326527.4877  obj=2260814278295.90
[Run 13 | FE 1792] best_local_obj=2241046300107.57  best_local_cost=3517630164.38  best_local_viol=2237528669.9432
[Run 13 | Gen 30] cur_best: cost=3517630164.38  viol=2237528669.9432  obj=2241046300107.57 | best_so_far: cost=3517630164.38  viol=2237528669.9432  obj=2241046300107.57
[Run 13 | Gen 31] cur_best: cost=3551559684.93  viol=2224215735.0148  obj=2227767294699.74 | best_so_far: cost=3551559684.93  viol=2224215735.0148  obj=2227767294699.74
[Run 13 | Gen 32] cur_best: cost=3531056890.41  viol=2213481007.9461  obj=2217012064836.51 | best_so_far: cost=3531056890.41  viol=2213481007.9461  obj=2217012064836.51
[Run 13 | Gen 33] cur_best: cost=3531056890.41  viol=2213481007.9461  obj=2217012064836.51 | best_so_far: cost=3531056890.41  viol=2213481007.9461  obj=2217012064836.51
[Run 13 | Gen 34] cur_best: cost=3615668342.47  viol=2188074601.4803  obj=2191690269822.74 | best_so_far: cost=3615668342.47  viol=2188074601.4803  obj=2191690269822.74
[Run 13 | FE 2048] best_local_obj=2191690269822.74  best_local_cost=3615668342.47  best_local_viol=2188074601.4803
[Run 13 | Gen 35] cur_best: cost=3615668342.47  viol=2188074601.4803  obj=2191690269822.74 | best_so_far: cost=3615668342.47  viol=2188074601.4803  obj=2191690269822.74
[Run 13 | Gen 36] cur_best: cost=3615668342.47  viol=2188074601.4803  obj=2191690269822.74 | best_so_far: cost=3615668342.47  viol=2188074601.4803  obj=2191690269822.74
[Run 13 | Gen 37] cur_best: cost=3615668342.47  viol=2188074601.4803  obj=2191690269822.74 | best_so_far: cost=3615668342.47  viol=2188074601.4803  obj=2191690269822.74
[Run 13 | Gen 38] cur_best: cost=3619293863.01  viol=2172464147.4696  obj=2176083441332.63 | best_so_far: cost=3619293863.01  viol=2172464147.4696  obj=2176083441332.63
[Run 13 | FE 2304] best_local_obj=2176083441332.63  best_local_cost=3619293863.01  best_local_viol=2172464147.4696
[Run 13 | Gen 39] cur_best: cost=3619293863.01  viol=2172464147.4696  obj=2176083441332.63 | best_so_far: cost=3619293863.01  viol=2172464147.4696  obj=2176083441332.63
[Run 13 | Gen 40] cur_best: cost=3715831657.53  viol=2150394712.0987  obj=2154110543756.23 | best_so_far: cost=3715831657.53  viol=2150394712.0987  obj=2154110543756.23
[Run 13 | Gen 41] cur_best: cost=3715831657.53  viol=2150394712.0987  obj=2154110543756.23 | best_so_far: cost=3715831657.53  viol=2150394712.0987  obj=2154110543756.23
[Run 13 | Gen 42] cur_best: cost=3675751260.27  viol=2143363964.3638  obj=2147039715624.06 | best_so_far: cost=3675751260.27  viol=2143363964.3638  obj=2147039715624.06
[Run 13 | FE 2560] best_local_obj=2147039715624.06  best_local_cost=3675751260.27  best_local_viol=2143363964.3638
[Run 13 | Gen 43] cur_best: cost=3675751260.27  viol=2143363964.3638  obj=2147039715624.06 | best_so_far: cost=3675751260.27  viol=2143363964.3638  obj=2147039715624.06
[Run 13 | Gen 44] cur_best: cost=3773639383.56  viol=2139107616.7436  obj=2142881256127.16 | best_so_far: cost=3773639383.56  viol=2139107616.7436  obj=2142881256127.16
[Run 13 | Gen 45] cur_best: cost=3773639383.56  viol=2139107616.7436  obj=2142881256127.16 | best_so_far: cost=3773639383.56  viol=2139107616.7436  obj=2142881256127.16
[Run 13 | Gen 46] cur_best: cost=3773639383.56  viol=2139107616.7436  obj=2142881256127.16 | best_so_far: cost=3773639383.56  viol=2139107616.7436  obj=2142881256127.16
[Run 13 | FE 2816] best_local_obj=2139315892266.92  best_local_cost=3706630506.85  best_local_viol=2135609261.7601
[Run 13 | Gen 47] cur_best: cost=3706630506.85  viol=2135609261.7601  obj=2139315892266.92 | best_so_far: cost=3706630506.85  viol=2135609261.7601  obj=2139315892266.92
[Run 13 | Gen 48] cur_best: cost=3706630506.85  viol=2135609261.7601  obj=2139315892266.92 | best_so_far: cost=3706630506.85  viol=2135609261.7601  obj=2139315892266.92
[Run 13 | Gen 49] cur_best: cost=3706630506.85  viol=2135609261.7601  obj=2139315892266.92 | best_so_far: cost=3706630506.85  viol=2135609261.7601  obj=2139315892266.92
[Run 13 | Gen 50] cur_best: cost=3706630506.85  viol=2135609261.7601  obj=2139315892266.92 | best_so_far: cost=3706630506.85  viol=2135609261.7601  obj=2139315892266.92
[Run 13 | Gen 51] cur_best: cost=3790066876.71  viol=2131475622.5145  obj=2135265689391.21 | best_so_far: cost=3790066876.71  viol=2131475622.5145  obj=2135265689391.21
[Run 13 | FE 3072] best_local_obj=2135265689391.21  best_local_cost=3790066876.71  best_local_viol=2131475622.5145
[Run 13 | Gen 52] cur_best: cost=3790066876.71  viol=2131475622.5145  obj=2135265689391.21 | best_so_far: cost=3790066876.71  viol=2131475622.5145  obj=2135265689391.21
[Run 13 | Gen 53] cur_best: cost=3824421315.07  viol=2093748209.5843  obj=2097572630899.40 | best_so_far: cost=3824421315.07  viol=2093748209.5843  obj=2097572630899.40
[Run 13 | Gen 54] cur_best: cost=3824421315.07  viol=2093748209.5843  obj=2097572630899.40 | best_so_far: cost=3824421315.07  viol=2093748209.5843  obj=2097572630899.40
[Run 13 | Gen 55] cur_best: cost=3824421315.07  viol=2093748209.5843  obj=2097572630899.40 | best_so_far: cost=3824421315.07  viol=2093748209.5843  obj=2097572630899.40
[Run 13 | FE 3328] best_local_obj=2097572630899.40  best_local_cost=3824421315.07  best_local_viol=2093748209.5843
[Run 13 | Gen 56] cur_best: cost=3824421315.07  viol=2093748209.5843  obj=2097572630899.40 | best_so_far: cost=3824421315.07  viol=2093748209.5843  obj=2097572630899.40
[Run 13 | Gen 57] cur_best: cost=3824421315.07  viol=2093748209.5843  obj=2097572630899.40 | best_so_far: cost=3824421315.07  viol=2093748209.5843  obj=2097572630899.40
[Run 13 | Gen 58] cur_best: cost=3824421315.07  viol=2093748209.5843  obj=2097572630899.40 | best_so_far: cost=3824421315.07  viol=2093748209.5843  obj=2097572630899.40
[Run 13 | Gen 59] cur_best: cost=3824421315.07  viol=2093748209.5843  obj=2097572630899.40 | best_so_far: cost=3824421315.07  viol=2093748209.5843  obj=2097572630899.40
[Run 13 | FE 3584] best_local_obj=2097572630899.40  best_local_cost=3824421315.07  best_local_viol=2093748209.5843
[Run 13 | Gen 60] cur_best: cost=3824421315.07  viol=2093748209.5843  obj=2097572630899.40 | best_so_far: cost=3824421315.07  viol=2093748209.5843  obj=2097572630899.40
[Run 13 | Gen 61] cur_best: cost=3824421315.07  viol=2093748209.5843  obj=2097572630899.40 | best_so_far: cost=3824421315.07  viol=2093748209.5843  obj=2097572630899.40
[Run 13 | Gen 62] cur_best: cost=3824421315.07  viol=2093748209.5843  obj=2097572630899.40 | best_so_far: cost=3824421315.07  viol=2093748209.5843  obj=2097572630899.40
[Run 13 | Gen 63] cur_best: cost=3824421315.07  viol=2093748209.5843  obj=2097572630899.40 | best_so_far: cost=3824421315.07  viol=2093748209.5843  obj=2097572630899.40
[Run 13 | FE 3840] best_local_obj=2097572630899.40  best_local_cost=3824421315.07  best_local_viol=2093748209.5843
[Run 13 | Gen 64] cur_best: cost=3824421315.07  viol=2093748209.5843  obj=2097572630899.40 | best_so_far: cost=3824421315.07  viol=2093748209.5843  obj=2097572630899.40
[Run 13 | Gen 65] cur_best: cost=3824421315.07  viol=2093748209.5843  obj=2097572630899.40 | best_so_far: cost=3824421315.07  viol=2093748209.5843  obj=2097572630899.40
[Run 13 | Gen 66] cur_best: cost=3824421315.07  viol=2093748209.5843  obj=2097572630899.40 | best_so_far: cost=3824421315.07  viol=2093748209.5843  obj=2097572630899.40
[Run 13 | Gen 67] cur_best: cost=3824421315.07  viol=2093748209.5843  obj=2097572630899.40 | best_so_far: cost=3824421315.07  viol=2093748209.5843  obj=2097572630899.40
[Run 13 | Gen 68] cur_best: cost=3824421315.07  viol=2093748209.5843  obj=2097572630899.40 | best_so_far: cost=3824421315.07  viol=2093748209.5843  obj=2097572630899.40
[Run 13 | FE 4096] best_local_obj=2097572630899.40  best_local_cost=3824421315.07  best_local_viol=2093748209.5843
[Run 13 | Gen 69] cur_best: cost=3824421315.07  viol=2093748209.5843  obj=2097572630899.40 | best_so_far: cost=3824421315.07  viol=2093748209.5843  obj=2097572630899.40
[Run 13 | Gen 70] cur_best: cost=3824421315.07  viol=2093748209.5843  obj=2097572630899.40 | best_so_far: cost=3824421315.07  viol=2093748209.5843  obj=2097572630899.40
[Run 13 | Gen 71] cur_best: cost=3824421315.07  viol=2093748209.5843  obj=2097572630899.40 | best_so_far: cost=3824421315.07  viol=2093748209.5843  obj=2097572630899.40
[Run 13 | Gen 72] cur_best: cost=3824421315.07  viol=2093748209.5843  obj=2097572630899.40 | best_so_far: cost=3824421315.07  viol=2093748209.5843  obj=2097572630899.40
[Run 13 | FE 4352] best_local_obj=2097572630899.40  best_local_cost=3824421315.07  best_local_viol=2093748209.5843
[Run 13 | Gen 73] cur_best: cost=3824421315.07  viol=2093748209.5843  obj=2097572630899.40 | best_so_far: cost=3824421315.07  viol=2093748209.5843  obj=2097572630899.40
[Run 13 | Gen 74] cur_best: cost=3824421315.07  viol=2093748209.5843  obj=2097572630899.40 | best_so_far: cost=3824421315.07  viol=2093748209.5843  obj=2097572630899.40
[Run 13 | Gen 75] cur_best: cost=3824421315.07  viol=2093748209.5843  obj=2097572630899.40 | best_so_far: cost=3824421315.07  viol=2093748209.5843  obj=2097572630899.40
[Run 13 | Gen 76] cur_best: cost=3806693821.92  viol=2081074173.9241  obj=2084880867745.98 | best_so_far: cost=3806693821.92  viol=2081074173.9241  obj=2084880867745.98
[Run 13 | FE 4608] best_local_obj=2084880867745.98  best_local_cost=3806693821.92  best_local_viol=2081074173.9241
[Run 13 | Gen 77] cur_best: cost=3806693821.92  viol=2081074173.9241  obj=2084880867745.98 | best_so_far: cost=3806693821.92  viol=2081074173.9241  obj=2084880867745.98
[Run 13 | Gen 78] cur_best: cost=3806693821.92  viol=2081074173.9241  obj=2084880867745.98 | best_so_far: cost=3806693821.92  viol=2081074173.9241  obj=2084880867745.98
[Run 13 | Gen 79] cur_best: cost=3867001876.71  viol=2066686138.7744  obj=2070553140651.07 | best_so_far: cost=3867001876.71  viol=2066686138.7744  obj=2070553140651.07
[Run 13 | Gen 80] cur_best: cost=3867001876.71  viol=2066686138.7744  obj=2070553140651.07 | best_so_far: cost=3867001876.71  viol=2066686138.7744  obj=2070553140651.07
[Run 13 | Gen 81] cur_best: cost=3867001876.71  viol=2066686138.7744  obj=2070553140651.07 | best_so_far: cost=3867001876.71  viol=2066686138.7744  obj=2070553140651.07
[Run 13 | FE 4864] best_local_obj=2070553140651.07  best_local_cost=3867001876.71  best_local_viol=2066686138.7744
[Run 13 | Gen 82] cur_best: cost=3867001876.71  viol=2066686138.7744  obj=2070553140651.07 | best_so_far: cost=3867001876.71  viol=2066686138.7744  obj=2070553140651.07
[Run 13 | Gen 83] cur_best: cost=3867001876.71  viol=2066686138.7744  obj=2070553140651.07 | best_so_far: cost=3867001876.71  viol=2066686138.7744  obj=2070553140651.07
[Run 13 | Gen 84] cur_best: cost=3867001876.71  viol=2066686138.7744  obj=2070553140651.07 | best_so_far: cost=3867001876.71  viol=2066686138.7744  obj=2070553140651.07
[Run 13 | Gen 85] cur_best: cost=3867001876.71  viol=2066686138.7744  obj=2070553140651.07 | best_so_far: cost=3867001876.71  viol=2066686138.7744  obj=2070553140651.07
[Run 13 | FE 5120] best_local_obj=2070553140651.07  best_local_cost=3867001876.71  best_local_viol=2066686138.7744
[Run 13 | Gen 86] cur_best: cost=3867001876.71  viol=2066686138.7744  obj=2070553140651.07 | best_so_far: cost=3867001876.71  viol=2066686138.7744  obj=2070553140651.07
[Run 13 | Gen 87] cur_best: cost=3867001876.71  viol=2066686138.7744  obj=2070553140651.07 | best_so_far: cost=3867001876.71  viol=2066686138.7744  obj=2070553140651.07
[Run 13 | Gen 88] cur_best: cost=3867001876.71  viol=2066686138.7744  obj=2070553140651.07 | best_so_far: cost=3867001876.71  viol=2066686138.7744  obj=2070553140651.07
[Run 13 | Gen 89] cur_best: cost=3867001876.71  viol=2066686138.7744  obj=2070553140651.07 | best_so_far: cost=3867001876.71  viol=2066686138.7744  obj=2070553140651.07
[Run 13 | FE 5376] best_local_obj=2070553140651.07  best_local_cost=3867001876.71  best_local_viol=2066686138.7744
[Run 13 | Gen 90] cur_best: cost=3867001876.71  viol=2066686138.7744  obj=2070553140651.07 | best_so_far: cost=3867001876.71  viol=2066686138.7744  obj=2070553140651.07
[Run 13 | Gen 91] cur_best: cost=3867001876.71  viol=2066686138.7744  obj=2070553140651.07 | best_so_far: cost=3867001876.71  viol=2066686138.7744  obj=2070553140651.07
[Run 13 | Gen 92] cur_best: cost=3867001876.71  viol=2066686138.7744  obj=2070553140651.07 | best_so_far: cost=3867001876.71  viol=2066686138.7744  obj=2070553140651.07
[Run 13 | Gen 93] cur_best: cost=3867001876.71  viol=2066686138.7744  obj=2070553140651.07 | best_so_far: cost=3867001876.71  viol=2066686138.7744  obj=2070553140651.07
[Run 13 | FE 5632] best_local_obj=2070553140651.07  best_local_cost=3867001876.71  best_local_viol=2066686138.7744
[Run 13 | Gen 94] cur_best: cost=3867001876.71  viol=2066686138.7744  obj=2070553140651.07 | best_so_far: cost=3867001876.71  viol=2066686138.7744  obj=2070553140651.07
