[RunConfig] run_id=4 seed=1004
[OutputDir] /work/home/acn1eb8nfq/yuezhang46/UScode/US实验一：横向对比/ga_global_logs/run_04_seed_1004
[Info] #nodes = 4301
[Load] Reading scenarios ...
  - 2020: raw edges=5296, days=366
  - 2025: raw edges=5296, days=365
  - 2030: raw edges=5296, days=365
  - 2035: raw edges=5296, days=365
  - 2040: raw edges=5296, days=366
[Filter] EDGE_WEIGHT_MIN=1.0
  - active_nodes=2914  inactive_nodes(fixed NONE)=1387
  - 2020: removed=2048, kept=3248
  - 2025: removed=2048, kept=3248
  - 2030: removed=2048, kept=3248
  - 2035: removed=2048, kept=3248
  - 2040: removed=2048, kept=3248
  - 2020: filtered edges (active subgraph)=3248
  - 2025: filtered edges (active subgraph)=3248
  - 2030: filtered edges (active subgraph)=3248
  - 2035: filtered edges (active subgraph)=3248
  - 2040: filtered edges (active subgraph)=3248
[GA] Initialize population ...
[GA] Init population generated.
[GA] Evolve under FE budget ...
[Run 04 | Gen 1] cur_best: cost=1916291000.00  viol=3022740218.6179  obj=3024656509617.90 | best_so_far: cost=1916291000.00  viol=3022740218.6179  obj=3024656509617.90
[Run 04 | Gen 2] cur_best: cost=2046508150.68  viol=2962490823.7482  obj=2964537331898.89 | best_so_far: cost=2046508150.68  viol=2962490823.7482  obj=2964537331898.89
[Run 04 | Gen 3] cur_best: cost=2172050000.00  viol=2880744935.3347  obj=2882916985334.68 | best_so_far: cost=2172050000.00  viol=2880744935.3347  obj=2882916985334.68
[Run 04 | Gen 4] cur_best: cost=2321370328.77  viol=2807769717.2737  obj=2810091087602.45 | best_so_far: cost=2321370328.77  viol=2807769717.2737  obj=2810091087602.45
[Run 04 | FE 256] best_local_obj=2791989128072.03  best_local_cost=2348698753.42  best_local_viol=2789640429.3186
[Run 04 | Gen 5] cur_best: cost=2417582986.30  viol=2754036503.2407  obj=2756454086227.02 | best_so_far: cost=2417582986.30  viol=2754036503.2407  obj=2756454086227.02
[Run 04 | Gen 6] cur_best: cost=2447562013.70  viol=2734839842.1180  obj=2737287404131.71 | best_so_far: cost=2447562013.70  viol=2734839842.1180  obj=2737287404131.71
[Run 04 | Gen 7] cur_best: cost=2616234698.63  viol=2665580658.1926  obj=2668196892891.21 | best_so_far: cost=2616234698.63  viol=2665580658.1926  obj=2668196892891.21
[Run 04 | Gen 8] cur_best: cost=2705321506.85  viol=2611260233.7021  obj=2613965555208.95 | best_so_far: cost=2705321506.85  viol=2611260233.7021  obj=2613965555208.95
[Run 04 | FE 512] best_local_obj=2613965555208.95  best_local_cost=2705321506.85  best_local_viol=2611260233.7021
[Run 04 | Gen 9] cur_best: cost=2705321506.85  viol=2611260233.7021  obj=2613965555208.95 | best_so_far: cost=2705321506.85  viol=2611260233.7021  obj=2613965555208.95
[Run 04 | Gen 10] cur_best: cost=2778331205.48  viol=2584516918.1056  obj=2587295249311.11 | best_so_far: cost=2778331205.48  viol=2584516918.1056  obj=2587295249311.11
[Run 04 | Gen 11] cur_best: cost=2829137835.62  viol=2525077790.0757  obj=2527906927911.30 | best_so_far: cost=2829137835.62  viol=2525077790.0757  obj=2527906927911.30
[Run 04 | Gen 12] cur_best: cost=2874418835.62  viol=2524590471.5571  obj=2527464890392.70 | best_so_far: cost=2874418835.62  viol=2524590471.5571  obj=2527464890392.70
[Run 04 | FE 768] best_local_obj=2496475994358.18  best_local_cost=3040291465.75  best_local_viol=2493435702.8924
[Run 04 | Gen 13] cur_best: cost=3040291465.75  viol=2493435702.8924  obj=2496475994358.18 | best_so_far: cost=3040291465.75  viol=2493435702.8924  obj=2496475994358.18
[Run 04 | Gen 14] cur_best: cost=2960355753.42  viol=2480379376.9572  obj=2483339732710.58 | best_so_far: cost=2960355753.42  viol=2480379376.9572  obj=2483339732710.58
[Run 04 | Gen 15] cur_best: cost=3132728657.53  viol=2396173030.8422  obj=2399305759499.70 | best_so_far: cost=3132728657.53  viol=2396173030.8422  obj=2399305759499.70
[Run 04 | Gen 16] cur_best: cost=3132728657.53  viol=2396173030.8422  obj=2399305759499.70 | best_so_far: cost=3132728657.53  viol=2396173030.8422  obj=2399305759499.70
[Run 04 | Gen 17] cur_best: cost=3132728657.53  viol=2396173030.8422  obj=2399305759499.70 | best_so_far: cost=3132728657.53  viol=2396173030.8422  obj=2399305759499.70
[Run 04 | FE 1024] best_local_obj=2382928546067.82  best_local_cost=3259820780.82  best_local_viol=2379668725.2870
[Run 04 | Gen 18] cur_best: cost=3354733493.15  viol=2340182337.1135  obj=2343537070606.69 | best_so_far: cost=3354733493.15  viol=2340182337.1135  obj=2343537070606.69
[Run 04 | Gen 19] cur_best: cost=3354733493.15  viol=2340182337.1135  obj=2343537070606.69 | best_so_far: cost=3354733493.15  viol=2340182337.1135  obj=2343537070606.69
[Run 04 | Gen 20] cur_best: cost=3347382506.85  viol=2326293230.6004  obj=2329640613107.21 | best_so_far: cost=3347382506.85  viol=2326293230.6004  obj=2329640613107.21
[Run 04 | Gen 21] cur_best: cost=3359308958.90  viol=2318803707.8078  obj=2322163016766.66 | best_so_far: cost=3359308958.90  viol=2318803707.8078  obj=2322163016766.66
[Run 04 | FE 1280] best_local_obj=2309488032971.22  best_local_cost=3356958684.93  best_local_viol=2306131074.2863
[Run 04 | Gen 22] cur_best: cost=3356958684.93  viol=2306131074.2863  obj=2309488032971.22 | best_so_far: cost=3356958684.93  viol=2306131074.2863  obj=2309488032971.22
[Run 04 | Gen 23] cur_best: cost=3401289520.55  viol=2300673506.9660  obj=2304074796486.58 | best_so_far: cost=3401289520.55  viol=2300673506.9660  obj=2304074796486.58
[Run 04 | Gen 24] cur_best: cost=3491876876.71  viol=2234577118.7340  obj=2238068995610.71 | best_so_far: cost=3491876876.71  viol=2234577118.7340  obj=2238068995610.71
[Run 04 | Gen 25] cur_best: cost=3491876876.71  viol=2234577118.7340  obj=2238068995610.71 | best_so_far: cost=3491876876.71  viol=2234577118.7340  obj=2238068995610.71
[Run 04 | FE 1536] best_local_obj=2238068995610.71  best_local_cost=3491876876.71  best_local_viol=2234577118.7340
[Run 04 | Gen 26] cur_best: cost=3491876876.71  viol=2234577118.7340  obj=2238068995610.71 | best_so_far: cost=3491876876.71  viol=2234577118.7340  obj=2238068995610.71
[Run 04 | Gen 27] cur_best: cost=3491876876.71  viol=2234577118.7340  obj=2238068995610.71 | best_so_far: cost=3491876876.71  viol=2234577118.7340  obj=2238068995610.71
[Run 04 | Gen 28] cur_best: cost=3571687397.26  viol=2224957552.1919  obj=2228529239589.20 | best_so_far: cost=3571687397.26  viol=2224957552.1919  obj=2228529239589.20
[Run 04 | Gen 29] cur_best: cost=3571687397.26  viol=2224957552.1919  obj=2228529239589.20 | best_so_far: cost=3571687397.26  viol=2224957552.1919  obj=2228529239589.20
[Run 04 | FE 1792] best_local_obj=2228529239589.20  best_local_cost=3571687397.26  best_local_viol=2224957552.1919
[Run 04 | Gen 30] cur_best: cost=3571687397.26  viol=2224957552.1919  obj=2228529239589.20 | best_so_far: cost=3571687397.26  viol=2224957552.1919  obj=2228529239589.20
[Run 04 | Gen 31] cur_best: cost=3563361273.97  viol=2224940587.9987  obj=2228503949272.63 | best_so_far: cost=3563361273.97  viol=2224940587.9987  obj=2228503949272.63
[Run 04 | Gen 32] cur_best: cost=3563361273.97  viol=2224940587.9987  obj=2228503949272.63 | best_so_far: cost=3563361273.97  viol=2224940587.9987  obj=2228503949272.63
[Run 04 | Gen 33] cur_best: cost=3563361273.97  viol=2224940587.9987  obj=2228503949272.63 | best_so_far: cost=3563361273.97  viol=2224940587.9987  obj=2228503949272.63
[Run 04 | Gen 34] cur_best: cost=3608042273.97  viol=2221633918.9235  obj=2225241961197.45 | best_so_far: cost=3608042273.97  viol=2221633918.9235  obj=2225241961197.45
[Run 04 | FE 2048] best_local_obj=2225241961197.45  best_local_cost=3608042273.97  best_local_viol=2221633918.9235
[Run 04 | Gen 35] cur_best: cost=3608042273.97  viol=2221633918.9235  obj=2225241961197.45 | best_so_far: cost=3608042273.97  viol=2221633918.9235  obj=2225241961197.45
[Run 04 | Gen 36] cur_best: cost=3608042273.97  viol=2221633918.9235  obj=2225241961197.45 | best_so_far: cost=3608042273.97  viol=2221633918.9235  obj=2225241961197.45
[Run 04 | Gen 37] cur_best: cost=3579238383.56  viol=2209744942.3436  obj=2213324180727.16 | best_so_far: cost=3579238383.56  viol=2209744942.3436  obj=2213324180727.16
[Run 04 | Gen 38] cur_best: cost=3579238383.56  viol=2209744942.3436  obj=2213324180727.16 | best_so_far: cost=3579238383.56  viol=2209744942.3436  obj=2213324180727.16
[Run 04 | FE 2304] best_local_obj=2209359347552.23  best_local_cost=3631520424.66  best_local_viol=2205727827.1276
[Run 04 | Gen 39] cur_best: cost=3631520424.66  viol=2205727827.1276  obj=2209359347552.23 | best_so_far: cost=3631520424.66  viol=2205727827.1276  obj=2209359347552.23
[Run 04 | Gen 40] cur_best: cost=3732458876.71  viol=2191715271.0289  obj=2195447729905.62 | best_so_far: cost=3732458876.71  viol=2191715271.0289  obj=2195447729905.62
[Run 04 | Gen 41] cur_best: cost=3732458876.71  viol=2191715271.0289  obj=2195447729905.62 | best_so_far: cost=3732458876.71  viol=2191715271.0289  obj=2195447729905.62
[Run 04 | Gen 42] cur_best: cost=3763588068.49  viol=2182690272.1261  obj=2186453860194.56 | best_so_far: cost=3763588068.49  viol=2182690272.1261  obj=2186453860194.56
[Run 04 | FE 2560] best_local_obj=2186453860194.56  best_local_cost=3763588068.49  best_local_viol=2182690272.1261
[Run 04 | Gen 43] cur_best: cost=3763588068.49  viol=2182690272.1261  obj=2186453860194.56 | best_so_far: cost=3763588068.49  viol=2182690272.1261  obj=2186453860194.56
[Run 04 | Gen 44] cur_best: cost=3763588068.49  viol=2182690272.1261  obj=2186453860194.56 | best_so_far: cost=3763588068.49  viol=2182690272.1261  obj=2186453860194.56
[Run 04 | Gen 45] cur_best: cost=3763588068.49  viol=2182690272.1261  obj=2186453860194.56 | best_so_far: cost=3763588068.49  viol=2182690272.1261  obj=2186453860194.56
[Run 04 | Gen 46] cur_best: cost=3763588068.49  viol=2182690272.1261  obj=2186453860194.56 | best_so_far: cost=3763588068.49  viol=2182690272.1261  obj=2186453860194.56
[Run 04 | FE 2816] best_local_obj=2186453860194.56  best_local_cost=3763588068.49  best_local_viol=2182690272.1261
[Run 04 | Gen 47] cur_best: cost=3763588068.49  viol=2182690272.1261  obj=2186453860194.56 | best_so_far: cost=3763588068.49  viol=2182690272.1261  obj=2186453860194.56
[Run 04 | Gen 48] cur_best: cost=3763588068.49  viol=2182690272.1261  obj=2186453860194.56 | best_so_far: cost=3763588068.49  viol=2182690272.1261  obj=2186453860194.56
[Run 04 | Gen 49] cur_best: cost=3716831602.74  viol=2180348643.7658  obj=2184065475368.52 | best_so_far: cost=3716831602.74  viol=2180348643.7658  obj=2184065475368.52
[Run 04 | Gen 50] cur_best: cost=3706455205.48  viol=2158854910.5975  obj=2162561365802.96 | best_so_far: cost=3706455205.48  viol=2158854910.5975  obj=2162561365802.96
[Run 04 | Gen 51] cur_best: cost=3706455205.48  viol=2158854910.5975  obj=2162561365802.96 | best_so_far: cost=3706455205.48  viol=2158854910.5975  obj=2162561365802.96
[Run 04 | FE 3072] best_local_obj=2162561365802.96  best_local_cost=3706455205.48  best_local_viol=2158854910.5975
[Run 04 | Gen 52] cur_best: cost=3706455205.48  viol=2158854910.5975  obj=2162561365802.96 | best_so_far: cost=3706455205.48  viol=2158854910.5975  obj=2162561365802.96
[Run 04 | Gen 53] cur_best: cost=3745135273.97  viol=2156812102.2973  obj=2160557237571.31 | best_so_far: cost=3745135273.97  viol=2156812102.2973  obj=2160557237571.31
[Run 04 | Gen 54] cur_best: cost=3745135273.97  viol=2156812102.2973  obj=2160557237571.31 | best_so_far: cost=3745135273.97  viol=2156812102.2973  obj=2160557237571.31
[Run 04 | Gen 55] cur_best: cost=3745135273.97  viol=2156812102.2973  obj=2160557237571.31 | best_so_far: cost=3745135273.97  viol=2156812102.2973  obj=2160557237571.31
[Run 04 | FE 3328] best_local_obj=2160557237571.31  best_local_cost=3745135273.97  best_local_viol=2156812102.2973
[Run 04 | Gen 56] cur_best: cost=3745135273.97  viol=2156812102.2973  obj=2160557237571.31 | best_so_far: cost=3745135273.97  viol=2156812102.2973  obj=2160557237571.31
[Run 04 | Gen 57] cur_best: cost=3772138945.21  viol=2153422977.3005  obj=2157195116245.66 | best_so_far: cost=3772138945.21  viol=2153422977.3005  obj=2157195116245.66
[Run 04 | Gen 58] cur_best: cost=3772138945.21  viol=2153422977.3005  obj=2157195116245.66 | best_so_far: cost=3772138945.21  viol=2153422977.3005  obj=2157195116245.66
[Run 04 | Gen 59] cur_best: cost=3772138945.21  viol=2153422977.3005  obj=2157195116245.66 | best_so_far: cost=3772138945.21  viol=2153422977.3005  obj=2157195116245.66
[Run 04 | FE 3584] best_local_obj=2157195116245.66  best_local_cost=3772138945.21  best_local_viol=2153422977.3005
[Run 04 | Gen 60] cur_best: cost=3772138945.21  viol=2153422977.3005  obj=2157195116245.66 | best_so_far: cost=3772138945.21  viol=2153422977.3005  obj=2157195116245.66
[Run 04 | Gen 61] cur_best: cost=3776064684.93  viol=2150648423.1026  obj=2154424487787.53 | best_so_far: cost=3776064684.93  viol=2150648423.1026  obj=2154424487787.53
[Run 04 | Gen 62] cur_best: cost=3768263315.07  viol=2141034644.3241  obj=2144802907639.13 | best_so_far: cost=3768263315.07  viol=2141034644.3241  obj=2144802907639.13
[Run 04 | Gen 63] cur_best: cost=3768263315.07  viol=2141034644.3241  obj=2144802907639.13 | best_so_far: cost=3768263315.07  viol=2141034644.3241  obj=2144802907639.13
[Run 04 | FE 3840] best_local_obj=2144802907639.13  best_local_cost=3768263315.07  best_local_viol=2141034644.3241
[Run 04 | Gen 64] cur_best: cost=3768263315.07  viol=2141034644.3241  obj=2144802907639.13 | best_so_far: cost=3768263315.07  viol=2141034644.3241  obj=2144802907639.13
[Run 04 | Gen 65] cur_best: cost=3788816273.97  viol=2135534755.8495  obj=2139323572123.46 | best_so_far: cost=3788816273.97  viol=2135534755.8495  obj=2139323572123.46
[Run 04 | Gen 66] cur_best: cost=3788816273.97  viol=2135534755.8495  obj=2139323572123.46 | best_so_far: cost=3788816273.97  viol=2135534755.8495  obj=2139323572123.46
[Run 04 | Gen 67] cur_best: cost=3788816273.97  viol=2135534755.8495  obj=2139323572123.46 | best_so_far: cost=3788816273.97  viol=2135534755.8495  obj=2139323572123.46
[Run 04 | Gen 68] cur_best: cost=3788816273.97  viol=2135534755.8495  obj=2139323572123.46 | best_so_far: cost=3788816273.97  viol=2135534755.8495  obj=2139323572123.46
[Run 04 | FE 4096] best_local_obj=2139323572123.46  best_local_cost=3788816273.97  best_local_viol=2135534755.8495
[Run 04 | Gen 69] cur_best: cost=3788816273.97  viol=2135534755.8495  obj=2139323572123.46 | best_so_far: cost=3788816273.97  viol=2135534755.8495  obj=2139323572123.46
[Run 04 | Gen 70] cur_best: cost=3788816273.97  viol=2135534755.8495  obj=2139323572123.46 | best_so_far: cost=3788816273.97  viol=2135534755.8495  obj=2139323572123.46
[Run 04 | Gen 71] cur_best: cost=3788816273.97  viol=2135534755.8495  obj=2139323572123.46 | best_so_far: cost=3788816273.97  viol=2135534755.8495  obj=2139323572123.46
[Run 04 | Gen 72] cur_best: cost=3788816273.97  viol=2135534755.8495  obj=2139323572123.46 | best_so_far: cost=3788816273.97  viol=2135534755.8495  obj=2139323572123.46
[Run 04 | FE 4352] best_local_obj=2139323572123.46  best_local_cost=3788816273.97  best_local_viol=2135534755.8495
[Run 04 | Gen 73] cur_best: cost=3788816273.97  viol=2135534755.8495  obj=2139323572123.46 | best_so_far: cost=3788816273.97  viol=2135534755.8495  obj=2139323572123.46
[Run 04 | Gen 74] cur_best: cost=3788816273.97  viol=2135534755.8495  obj=2139323572123.46 | best_so_far: cost=3788816273.97  viol=2135534755.8495  obj=2139323572123.46
[Run 04 | Gen 75] cur_best: cost=3788816273.97  viol=2135534755.8495  obj=2139323572123.46 | best_so_far: cost=3788816273.97  viol=2135534755.8495  obj=2139323572123.46
[Run 04 | Gen 76] cur_best: cost=3839223013.70  viol=2100001021.1997  obj=2103840244213.36 | best_so_far: cost=3839223013.70  viol=2100001021.1997  obj=2103840244213.36
[Run 04 | FE 4608] best_local_obj=2103840244213.36  best_local_cost=3839223013.70  best_local_viol=2100001021.1997
[Run 04 | Gen 77] cur_best: cost=3839223013.70  viol=2100001021.1997  obj=2103840244213.36 | best_so_far: cost=3839223013.70  viol=2100001021.1997  obj=2103840244213.36
[Run 04 | Gen 78] cur_best: cost=3839223013.70  viol=2100001021.1997  obj=2103840244213.36 | best_so_far: cost=3839223013.70  viol=2100001021.1997  obj=2103840244213.36
[Run 04 | Gen 79] cur_best: cost=3820995575.34  viol=2090635475.5991  obj=2094456471174.44 | best_so_far: cost=3820995575.34  viol=2090635475.5991  obj=2094456471174.44
[Run 04 | Gen 80] cur_best: cost=3820995575.34  viol=2090635475.5991  obj=2094456471174.44 | best_so_far: cost=3820995575.34  viol=2090635475.5991  obj=2094456471174.44
[Run 04 | Gen 81] cur_best: cost=3820995575.34  viol=2090635475.5991  obj=2094456471174.44 | best_so_far: cost=3820995575.34  viol=2090635475.5991  obj=2094456471174.44
[Run 04 | FE 4864] best_local_obj=2094456471174.44  best_local_cost=3820995575.34  best_local_viol=2090635475.5991
[Run 04 | Gen 82] cur_best: cost=3820995575.34  viol=2090635475.5991  obj=2094456471174.44 | best_so_far: cost=3820995575.34  viol=2090635475.5991  obj=2094456471174.44
[Run 04 | Gen 83] cur_best: cost=3820995575.34  viol=2090635475.5991  obj=2094456471174.44 | best_so_far: cost=3820995575.34  viol=2090635475.5991  obj=2094456471174.44
[Run 04 | Gen 84] cur_best: cost=3820995575.34  viol=2090635475.5991  obj=2094456471174.44 | best_so_far: cost=3820995575.34  viol=2090635475.5991  obj=2094456471174.44
[Run 04 | Gen 85] cur_best: cost=3895180520.55  viol=2079732978.8518  obj=2083628159372.35 | best_so_far: cost=3895180520.55  viol=2079732978.8518  obj=2083628159372.35
[Run 04 | FE 5120] best_local_obj=2083628159372.35  best_local_cost=3895180520.55  best_local_viol=2079732978.8518
[Run 04 | Gen 86] cur_best: cost=3895180520.55  viol=2079732978.8518  obj=2083628159372.35 | best_so_far: cost=3895180520.55  viol=2079732978.8518  obj=2083628159372.35
[Run 04 | Gen 87] cur_best: cost=3895180520.55  viol=2079732978.8518  obj=2083628159372.35 | best_so_far: cost=3895180520.55  viol=2079732978.8518  obj=2083628159372.35
[Run 04 | Gen 88] cur_best: cost=3895180520.55  viol=2079732978.8518  obj=2083628159372.35 | best_so_far: cost=3895180520.55  viol=2079732978.8518  obj=2083628159372.35
[Run 04 | Gen 89] cur_best: cost=3895180520.55  viol=2079732978.8518  obj=2083628159372.35 | best_so_far: cost=3895180520.55  viol=2079732978.8518  obj=2083628159372.35
[Run 04 | FE 5376] best_local_obj=2083628159372.35  best_local_cost=3895180520.55  best_local_viol=2079732978.8518
[Run 04 | Gen 90] cur_best: cost=3895180520.55  viol=2079732978.8518  obj=2083628159372.35 | best_so_far: cost=3895180520.55  viol=2079732978.8518  obj=2083628159372.35
[Run 04 | Gen 91] cur_best: cost=3895180520.55  viol=2079732978.8518  obj=2083628159372.35 | best_so_far: cost=3895180520.55  viol=2079732978.8518  obj=2083628159372.35
[Run 04 | Gen 92] cur_best: cost=3867126684.93  viol=2077090696.7105  obj=2080957823395.43 | best_so_far: cost=3867126684.93  viol=2077090696.7105  obj=2080957823395.43
[Run 04 | Gen 93] cur_best: cost=3867126684.93  viol=2077090696.7105  obj=2080957823395.43 | best_so_far: cost=3867126684.93  viol=2077090696.7105  obj=2080957823395.43
[Run 04 | FE 5632] best_local_obj=2080957823395.43  best_local_cost=3867126684.93  best_local_viol=2077090696.7105
[Run 04 | Gen 94] cur_best: cost=3867126684.93  viol=2077090696.7105  obj=2080957823395.43 | best_so_far: cost=3867126684.93  viol=2077090696.7105  obj=2080957823395.43
[Run 04 | Gen 95] cur_best: cost=3867126684.93  viol=2077090696.7105  obj=2080957823395.43 | best_so_far: cost=3867126684.93  viol=2077090696.7105  obj=2080957823395.43
[Run 04 | Gen 96] cur_best: cost=3867126684.93  viol=2077090696.7105  obj=2080957823395.43 | best_so_far: cost=3867126684.93  viol=2077090696.7105  obj=2080957823395.43
[Run 04 | Gen 97] cur_best: cost=3867126684.93  viol=2077090696.7105  obj=2080957823395.43 | best_so_far: cost=3867126684.93  viol=2077090696.7105  obj=2080957823395.43
[Run 04 | Gen 98] cur_best: cost=3808068684.93  viol=2075478458.4404  obj=2079286527125.33 | best_so_far: cost=3808068684.93  viol=2075478458.4404  obj=2079286527125.33
[Run 04 | FE 5888] best_local_obj=2079286527125.33  best_local_cost=3808068684.93  best_local_viol=2075478458.4404
[Run 04 | Gen 99] cur_best: cost=3808068684.93  viol=2075478458.4404  obj=2079286527125.33 | best_so_far: cost=3808068684.93  viol=2075478458.4404  obj=2079286527125.33
[Run 04 | Gen 100] cur_best: cost=3808068684.93  viol=2075478458.4404  obj=2079286527125.33 | best_so_far: cost=3808068684.93  viol=2075478458.4404  obj=2079286527125.33
[Run 04 | Gen 101] cur_best: cost=3808068684.93  viol=2075478458.4404  obj=2079286527125.33 | best_so_far: cost=3808068684.93  viol=2075478458.4404  obj=2079286527125.33
[Run 04 | Gen 102] cur_best: cost=3808068684.93  viol=2075478458.4404  obj=2079286527125.33 | best_so_far: cost=3808068684.93  viol=2075478458.4404  obj=2079286527125.33
[Run 04 | FE 6144] best_local_obj=2079286527125.33  best_local_cost=3808068684.93  best_local_viol=2075478458.4404
[Run 04 | Gen 103] cur_best: cost=3808068684.93  viol=2075478458.4404  obj=2079286527125.33 | best_so_far: cost=3808068684.93  viol=2075478458.4404  obj=2079286527125.33
[Run 04 | Gen 104] cur_best: cost=3808068684.93  viol=2075478458.4404  obj=2079286527125.33 | best_so_far: cost=3808068684.93  viol=2075478458.4404  obj=2079286527125.33
[Run 04 | Gen 105] cur_best: cost=3808068684.93  viol=2075478458.4404  obj=2079286527125.33 | best_so_far: cost=3808068684.93  viol=2075478458.4404  obj=2079286527125.33
[Run 04 | Gen 106] cur_best: cost=3808068684.93  viol=2075478458.4404  obj=2079286527125.33 | best_so_far: cost=3808068684.93  viol=2075478458.4404  obj=2079286527125.33
[Run 04 | FE 6400] best_local_obj=2079286527125.33  best_local_cost=3808068684.93  best_local_viol=2075478458.4404
[Run 04 | Gen 107] cur_best: cost=3808068684.93  viol=2075478458.4404  obj=2079286527125.33 | best_so_far: cost=3808068684.93  viol=2075478458.4404  obj=2079286527125.33
[Run 04 | Gen 108] cur_best: cost=3808068684.93  viol=2075478458.4404  obj=2079286527125.33 | best_so_far: cost=3808068684.93  viol=2075478458.4404  obj=2079286527125.33
[Run 04 | Gen 109] cur_best: cost=3808068684.93  viol=2075478458.4404  obj=2079286527125.33 | best_so_far: cost=3808068684.93  viol=2075478458.4404  obj=2079286527125.33
[Run 04 | Gen 110] cur_best: cost=3808068684.93  viol=2075478458.4404  obj=2079286527125.33 | best_so_far: cost=3808068684.93  viol=2075478458.4404  obj=2079286527125.33
[Run 04 | FE 6656] best_local_obj=2079286527125.33  best_local_cost=3808068684.93  best_local_viol=2075478458.4404
[Run 04 | Gen 111] cur_best: cost=3808068684.93  viol=2075478458.4404  obj=2079286527125.33 | best_so_far: cost=3808068684.93  viol=2075478458.4404  obj=2079286527125.33
[Run 04 | Gen 112] cur_best: cost=3808068684.93  viol=2075478458.4404  obj=2079286527125.33 | best_so_far: cost=3808068684.93  viol=2075478458.4404  obj=2079286527125.33
[Run 04 | Gen 113] cur_best: cost=3808068684.93  viol=2075478458.4404  obj=2079286527125.33 | best_so_far: cost=3808068684.93  viol=2075478458.4404  obj=2079286527125.33
[Run 04 | Gen 114] cur_best: cost=3808068684.93  viol=2075478458.4404  obj=2079286527125.33 | best_so_far: cost=3808068684.93  viol=2075478458.4404  obj=2079286527125.33
[Run 04 | Gen 115] cur_best: cost=3808068684.93  viol=2075478458.4404  obj=2079286527125.33 | best_so_far: cost=3808068684.93  viol=2075478458.4404  obj=2079286527125.33
[Run 04 | FE 6912] best_local_obj=2079286527125.33  best_local_cost=3808068684.93  best_local_viol=2075478458.4404
[Run 04 | Gen 116] cur_best: cost=3808068684.93  viol=2075478458.4404  obj=2079286527125.33 | best_so_far: cost=3808068684.93  viol=2075478458.4404  obj=2079286527125.33
[Run 04 | Gen 117] cur_best: cost=3808068684.93  viol=2075478458.4404  obj=2079286527125.33 | best_so_far: cost=3808068684.93  viol=2075478458.4404  obj=2079286527125.33
[Run 04 | Gen 118] cur_best: cost=3808068684.93  viol=2075478458.4404  obj=2079286527125.33 | best_so_far: cost=3808068684.93  viol=2075478458.4404  obj=2079286527125.33
[Run 04 | Gen 119] cur_best: cost=3808068684.93  viol=2075478458.4404  obj=2079286527125.33 | best_so_far: cost=3808068684.93  viol=2075478458.4404  obj=2079286527125.33
[Run 04 | FE 7168] best_local_obj=2079286527125.33  best_local_cost=3808068684.93  best_local_viol=2075478458.4404
[Run 04 | Gen 120] cur_best: cost=3808068684.93  viol=2075478458.4404  obj=2079286527125.33 | best_so_far: cost=3808068684.93  viol=2075478458.4404  obj=2079286527125.33
[Run 04 | Gen 121] cur_best: cost=3808068684.93  viol=2075478458.4404  obj=2079286527125.33 | best_so_far: cost=3808068684.93  viol=2075478458.4404  obj=2079286527125.33
[Run 04 | Gen 122] cur_best: cost=3808068684.93  viol=2075478458.4404  obj=2079286527125.33 | best_so_far: cost=3808068684.93  viol=2075478458.4404  obj=2079286527125.33
[Run 04 | Gen 123] cur_best: cost=3808068684.93  viol=2075478458.4404  obj=2079286527125.33 | best_so_far: cost=3808068684.93  viol=2075478458.4404  obj=2079286527125.33
[Run 04 | FE 7424] best_local_obj=2079286527125.33  best_local_cost=3808068684.93  best_local_viol=2075478458.4404
[Run 04 | Gen 124] cur_best: cost=3808068684.93  viol=2075478458.4404  obj=2079286527125.33 | best_so_far: cost=3808068684.93  viol=2075478458.4404  obj=2079286527125.33
[Run 04 | Gen 125] cur_best: cost=3808068684.93  viol=2075478458.4404  obj=2079286527125.33 | best_so_far: cost=3808068684.93  viol=2075478458.4404  obj=2079286527125.33
[Run 04 | Gen 126] cur_best: cost=3817620000.00  viol=2072801331.0239  obj=2076618951023.90 | best_so_far: cost=3817620000.00  viol=2072801331.0239  obj=2076618951023.90
[Run 04 | Gen 127] cur_best: cost=3817620000.00  viol=2072801331.0239  obj=2076618951023.90 | best_so_far: cost=3817620000.00  viol=2072801331.0239  obj=2076618951023.90
[Run 04 | FE 7680] best_local_obj=2076618951023.90  best_local_cost=3817620000.00  best_local_viol=2072801331.0239
[Run 04 | Gen 128] cur_best: cost=3817620000.00  viol=2072801331.0239  obj=2076618951023.90 | best_so_far: cost=3817620000.00  viol=2072801331.0239  obj=2076618951023.90
[Run 04 | Gen 129] cur_best: cost=3817620000.00  viol=2072801331.0239  obj=2076618951023.90 | best_so_far: cost=3817620000.00  viol=2072801331.0239  obj=2076618951023.90
[Run 04 | Gen 130] cur_best: cost=3838772739.73  viol=2072512288.7083  obj=2076351061447.99 | best_so_far: cost=3838772739.73  viol=2072512288.7083  obj=2076351061447.99
[Run 04 | Gen 131] cur_best: cost=3838772739.73  viol=2072512288.7083  obj=2076351061447.99 | best_so_far: cost=3838772739.73  viol=2072512288.7083  obj=2076351061447.99
[Run 04 | Gen 132] cur_best: cost=3838772739.73  viol=2072512288.7083  obj=2076351061447.99 | best_so_far: cost=3838772739.73  viol=2072512288.7083  obj=2076351061447.99
[Run 04 | FE 7936] best_local_obj=2076351061447.99  best_local_cost=3838772739.73  best_local_viol=2072512288.7083
[Run 04 | Gen 133] cur_best: cost=3838772739.73  viol=2072512288.7083  obj=2076351061447.99 | best_so_far: cost=3838772739.73  viol=2072512288.7083  obj=2076351061447.99
[Run 04 | Gen 134] cur_best: cost=3838772739.73  viol=2072512288.7083  obj=2076351061447.99 | best_so_far: cost=3838772739.73  viol=2072512288.7083  obj=2076351061447.99
[Run 04 | Gen 135] cur_best: cost=3838772739.73  viol=2072512288.7083  obj=2076351061447.99 | best_so_far: cost=3838772739.73  viol=2072512288.7083  obj=2076351061447.99
[Run 04 | Gen 136] cur_best: cost=3838772739.73  viol=2072512288.7083  obj=2076351061447.99 | best_so_far: cost=3838772739.73  viol=2072512288.7083  obj=2076351061447.99
[Run 04 | FE 8192] best_local_obj=2076351061447.99  best_local_cost=3838772739.73  best_local_viol=2072512288.7083
[Run 04 | Gen 137] cur_best: cost=3838772739.73  viol=2072512288.7083  obj=2076351061447.99 | best_so_far: cost=3838772739.73  viol=2072512288.7083  obj=2076351061447.99
[Run 04 | Gen 138] cur_best: cost=3838772739.73  viol=2072512288.7083  obj=2076351061447.99 | best_so_far: cost=3838772739.73  viol=2072512288.7083  obj=2076351061447.99
[Run 04 | Gen 139] cur_best: cost=3838772739.73  viol=2072512288.7083  obj=2076351061447.99 | best_so_far: cost=3838772739.73  viol=2072512288.7083  obj=2076351061447.99
[Run 04 | Gen 140] cur_best: cost=3838772739.73  viol=2072512288.7083  obj=2076351061447.99 | best_so_far: cost=3838772739.73  viol=2072512288.7083  obj=2076351061447.99
[Run 04 | FE 8448] best_local_obj=2076351061447.99  best_local_cost=3838772739.73  best_local_viol=2072512288.7083
[Run 04 | Gen 141] cur_best: cost=3838772739.73  viol=2072512288.7083  obj=2076351061447.99 | best_so_far: cost=3838772739.73  viol=2072512288.7083  obj=2076351061447.99
[Run 04 | Gen 142] cur_best: cost=3838772739.73  viol=2072512288.7083  obj=2076351061447.99 | best_so_far: cost=3838772739.73  viol=2072512288.7083  obj=2076351061447.99
[Run 04 | Gen 143] cur_best: cost=3838772739.73  viol=2072512288.7083  obj=2076351061447.99 | best_so_far: cost=3838772739.73  viol=2072512288.7083  obj=2076351061447.99
[Run 04 | Gen 144] cur_best: cost=3838772739.73  viol=2072512288.7083  obj=2076351061447.99 | best_so_far: cost=3838772739.73  viol=2072512288.7083  obj=2076351061447.99
[Run 04 | Gen 145] cur_best: cost=3838772739.73  viol=2072512288.7083  obj=2076351061447.99 | best_so_far: cost=3838772739.73  viol=2072512288.7083  obj=2076351061447.99
[Run 04 | FE 8704] best_local_obj=2076351061447.99  best_local_cost=3838772739.73  best_local_viol=2072512288.7083
[Run 04 | Gen 146] cur_best: cost=3838772739.73  viol=2072512288.7083  obj=2076351061447.99 | best_so_far: cost=3838772739.73  viol=2072512288.7083  obj=2076351061447.99
[Run 04 | Gen 147] cur_best: cost=3838772739.73  viol=2072512288.7083  obj=2076351061447.99 | best_so_far: cost=3838772739.73  viol=2072512288.7083  obj=2076351061447.99
[Run 04 | Gen 148] cur_best: cost=3838772739.73  viol=2072512288.7083  obj=2076351061447.99 | best_so_far: cost=3838772739.73  viol=2072512288.7083  obj=2076351061447.99
[Run 04 | Gen 149] cur_best: cost=3838772739.73  viol=2072512288.7083  obj=2076351061447.99 | best_so_far: cost=3838772739.73  viol=2072512288.7083  obj=2076351061447.99
[Run 04 | FE 8960] best_local_obj=2076351061447.99  best_local_cost=3838772739.73  best_local_viol=2072512288.7083
[Run 04 | Gen 150] cur_best: cost=3838772739.73  viol=2072512288.7083  obj=2076351061447.99 | best_so_far: cost=3838772739.73  viol=2072512288.7083  obj=2076351061447.99
[Run 04 | Gen 151] cur_best: cost=3838772739.73  viol=2072512288.7083  obj=2076351061447.99 | best_so_far: cost=3838772739.73  viol=2072512288.7083  obj=2076351061447.99
[Run 04 | Gen 152] cur_best: cost=3838772739.73  viol=2072512288.7083  obj=2076351061447.99 | best_so_far: cost=3838772739.73  viol=2072512288.7083  obj=2076351061447.99
[Run 04 | Gen 153] cur_best: cost=3838772739.73  viol=2072512288.7083  obj=2076351061447.99 | best_so_far: cost=3838772739.73  viol=2072512288.7083  obj=2076351061447.99
[Run 04 | FE 9216] best_local_obj=2076351061447.99  best_local_cost=3838772739.73  best_local_viol=2072512288.7083
[Run 04 | Gen 154] cur_best: cost=3838772739.73  viol=2072512288.7083  obj=2076351061447.99 | best_so_far: cost=3838772739.73  viol=2072512288.7083  obj=2076351061447.99
[Run 04 | Gen 155] cur_best: cost=3838772739.73  viol=2072512288.7083  obj=2076351061447.99 | best_so_far: cost=3838772739.73  viol=2072512288.7083  obj=2076351061447.99
[Run 04 | Gen 156] cur_best: cost=3838772739.73  viol=2072512288.7083  obj=2076351061447.99 | best_so_far: cost=3838772739.73  viol=2072512288.7083  obj=2076351061447.99
[Run 04 | Gen 157] cur_best: cost=3838772739.73  viol=2072512288.7083  obj=2076351061447.99 | best_so_far: cost=3838772739.73  viol=2072512288.7083  obj=2076351061447.99
[Run 04 | FE 9472] best_local_obj=2076351061447.99  best_local_cost=3838772739.73  best_local_viol=2072512288.7083
[Run 04 | Gen 158] cur_best: cost=3838772739.73  viol=2072512288.7083  obj=2076351061447.99 | best_so_far: cost=3838772739.73  viol=2072512288.7083  obj=2076351061447.99
[Run 04 | Gen 159] cur_best: cost=3838772739.73  viol=2072512288.7083  obj=2076351061447.99 | best_so_far: cost=3838772739.73  viol=2072512288.7083  obj=2076351061447.99
[Run 04 | Gen 160] cur_best: cost=3839397986.30  viol=2058012581.8639  obj=2061851979850.21 | best_so_far: cost=3839397986.30  viol=2058012581.8639  obj=2061851979850.21
[Run 04 | Gen 161] cur_best: cost=3839397986.30  viol=2058012581.8639  obj=2061851979850.21 | best_so_far: cost=3839397986.30  viol=2058012581.8639  obj=2061851979850.21
[Run 04 | Gen 162] cur_best: cost=3839397986.30  viol=2058012581.8639  obj=2061851979850.21 | best_so_far: cost=3839397986.30  viol=2058012581.8639  obj=2061851979850.21
[Run 04 | FE 9728] best_local_obj=2061851979850.21  best_local_cost=3839397986.30  best_local_viol=2058012581.8639
[Run 04 | Gen 163] cur_best: cost=3839397986.30  viol=2058012581.8639  obj=2061851979850.21 | best_so_far: cost=3839397986.30  viol=2058012581.8639  obj=2061851979850.21
[Run 04 | Gen 164] cur_best: cost=3839397986.30  viol=2058012581.8639  obj=2061851979850.21 | best_so_far: cost=3839397986.30  viol=2058012581.8639  obj=2061851979850.21
[Run 04 | Gen 165] cur_best: cost=3839397986.30  viol=2058012581.8639  obj=2061851979850.21 | best_so_far: cost=3839397986.30  viol=2058012581.8639  obj=2061851979850.21
[Run 04 | Gen 166] cur_best: cost=3839397986.30  viol=2058012581.8639  obj=2061851979850.21 | best_so_far: cost=3839397986.30  viol=2058012581.8639  obj=2061851979850.21
[Run 04 | FE 9984] best_local_obj=2061851979850.21  best_local_cost=3839397986.30  best_local_viol=2058012581.8639
[Run 04 | Gen 167] cur_best: cost=3839397986.30  viol=2058012581.8639  obj=2061851979850.21 | best_so_far: cost=3839397986.30  viol=2058012581.8639  obj=2061851979850.21
[Run 04 | Gen 168] cur_best: cost=3839397986.30  viol=2058012581.8639  obj=2061851979850.21 | best_so_far: cost=3839397986.30  viol=2058012581.8639  obj=2061851979850.21
[Run 04 | Gen 169] cur_best: cost=3839397986.30  viol=2058012581.8639  obj=2061851979850.21 | best_so_far: cost=3839397986.30  viol=2058012581.8639  obj=2061851979850.21
[Run 04 | Gen 170] cur_best: cost=3839397986.30  viol=2058012581.8639  obj=2061851979850.21 | best_so_far: cost=3839397986.30  viol=2058012581.8639  obj=2061851979850.21
[Run 04 | FE 10240] best_local_obj=2061851979850.21  best_local_cost=3839397986.30  best_local_viol=2058012581.8639
[Run 04 | Gen 171] cur_best: cost=3839397986.30  viol=2058012581.8639  obj=2061851979850.21 | best_so_far: cost=3839397986.30  viol=2058012581.8639  obj=2061851979850.21
[Run 04 | Gen 172] cur_best: cost=3839397986.30  viol=2058012581.8639  obj=2061851979850.21 | best_so_far: cost=3839397986.30  viol=2058012581.8639  obj=2061851979850.21
[Run 04 | Gen 173] cur_best: cost=3839397986.30  viol=2058012581.8639  obj=2061851979850.21 | best_so_far: cost=3839397986.30  viol=2058012581.8639  obj=2061851979850.21
[Run 04 | Gen 174] cur_best: cost=3839397986.30  viol=2058012581.8639  obj=2061851979850.21 | best_so_far: cost=3839397986.30  viol=2058012581.8639  obj=2061851979850.21
[Run 04 | FE 10496] best_local_obj=2061851979850.21  best_local_cost=3839397986.30  best_local_viol=2058012581.8639
[Run 04 | Gen 175] cur_best: cost=3839397986.30  viol=2058012581.8639  obj=2061851979850.21 | best_so_far: cost=3839397986.30  viol=2058012581.8639  obj=2061851979850.21
[Run 04 | Gen 176] cur_best: cost=3839397986.30  viol=2058012581.8639  obj=2061851979850.21 | best_so_far: cost=3839397986.30  viol=2058012581.8639  obj=2061851979850.21
[Run 04 | Gen 177] cur_best: cost=3839397986.30  viol=2058012581.8639  obj=2061851979850.21 | best_so_far: cost=3839397986.30  viol=2058012581.8639  obj=2061851979850.21
[Run 04 | Gen 178] cur_best: cost=3839397986.30  viol=2058012581.8639  obj=2061851979850.21 | best_so_far: cost=3839397986.30  viol=2058012581.8639  obj=2061851979850.21
[Run 04 | Gen 179] cur_best: cost=3839397986.30  viol=2058012581.8639  obj=2061851979850.21 | best_so_far: cost=3839397986.30  viol=2058012581.8639  obj=2061851979850.21
[Run 04 | FE 10752] best_local_obj=2061851979850.21  best_local_cost=3839397986.30  best_local_viol=2058012581.8639
[Run 04 | Gen 180] cur_best: cost=3839397986.30  viol=2058012581.8639  obj=2061851979850.21 | best_so_far: cost=3839397986.30  viol=2058012581.8639  obj=2061851979850.21
[Run 04 | Gen 181] cur_best: cost=3839397986.30  viol=2058012581.8639  obj=2061851979850.21 | best_so_far: cost=3839397986.30  viol=2058012581.8639  obj=2061851979850.21
[Run 04 | Gen 182] cur_best: cost=3839397986.30  viol=2058012581.8639  obj=2061851979850.21 | best_so_far: cost=3839397986.30  viol=2058012581.8639  obj=2061851979850.21
[Run 04 | Gen 183] cur_best: cost=3839397986.30  viol=2058012581.8639  obj=2061851979850.21 | best_so_far: cost=3839397986.30  viol=2058012581.8639  obj=2061851979850.21
[Run 04 | FE 11008] best_local_obj=2061851979850.21  best_local_cost=3839397986.30  best_local_viol=2058012581.8639
[Run 04 | Gen 184] cur_best: cost=3839397986.30  viol=2058012581.8639  obj=2061851979850.21 | best_so_far: cost=3839397986.30  viol=2058012581.8639  obj=2061851979850.21
[Run 04 | Gen 185] cur_best: cost=3839397986.30  viol=2058012581.8639  obj=2061851979850.21 | best_so_far: cost=3839397986.30  viol=2058012581.8639  obj=2061851979850.21
[Run 04 | Gen 186] cur_best: cost=3839397986.30  viol=2058012581.8639  obj=2061851979850.21 | best_so_far: cost=3839397986.30  viol=2058012581.8639  obj=2061851979850.21
[Run 04 | Gen 187] cur_best: cost=3839397986.30  viol=2058012581.8639  obj=2061851979850.21 | best_so_far: cost=3839397986.30  viol=2058012581.8639  obj=2061851979850.21
[Run 04 | FE 11264] best_local_obj=2061851979850.21  best_local_cost=3839397986.30  best_local_viol=2058012581.8639
[Run 04 | Gen 188] cur_best: cost=3839397986.30  viol=2058012581.8639  obj=2061851979850.21 | best_so_far: cost=3839397986.30  viol=2058012581.8639  obj=2061851979850.21
[Run 04 | Gen 189] cur_best: cost=3839397986.30  viol=2058012581.8639  obj=2061851979850.21 | best_so_far: cost=3839397986.30  viol=2058012581.8639  obj=2061851979850.21
[Run 04 | Gen 190] cur_best: cost=3839397986.30  viol=2058012581.8639  obj=2061851979850.21 | best_so_far: cost=3839397986.30  viol=2058012581.8639  obj=2061851979850.21
[Run 04 | Gen 191] cur_best: cost=3839397986.30  viol=2058012581.8639  obj=2061851979850.21 | best_so_far: cost=3839397986.30  viol=2058012581.8639  obj=2061851979850.21
[Run 04 | FE 11520] best_local_obj=2061851979850.21  best_local_cost=3839397986.30  best_local_viol=2058012581.8639
[Run 04 | Gen 192] cur_best: cost=3839397986.30  viol=2058012581.8639  obj=2061851979850.21 | best_so_far: cost=3839397986.30  viol=2058012581.8639  obj=2061851979850.21
[Run 04 | Gen 193] cur_best: cost=3839397986.30  viol=2058012581.8639  obj=2061851979850.21 | best_so_far: cost=3839397986.30  viol=2058012581.8639  obj=2061851979850.21
[Run 04 | Gen 194] cur_best: cost=3958339178.08  viol=2030211015.4564  obj=2034169354634.48 | best_so_far: cost=3958339178.08  viol=2030211015.4564  obj=2034169354634.48
[Run 04 | Gen 195] cur_best: cost=3958339178.08  viol=2030211015.4564  obj=2034169354634.48 | best_so_far: cost=3958339178.08  viol=2030211015.4564  obj=2034169354634.48
[Run 04 | Gen 196] cur_best: cost=3958339178.08  viol=2030211015.4564  obj=2034169354634.48 | best_so_far: cost=3958339178.08  viol=2030211015.4564  obj=2034169354634.48
[Run 04 | FE 11776] best_local_obj=2034169354634.48  best_local_cost=3958339178.08  best_local_viol=2030211015.4564
[Run 04 | Gen 197] cur_best: cost=3958339178.08  viol=2030211015.4564  obj=2034169354634.48 | best_so_far: cost=3958339178.08  viol=2030211015.4564  obj=2034169354634.48
[Run 04 | Gen 198] cur_best: cost=3958339178.08  viol=2030211015.4564  obj=2034169354634.48 | best_so_far: cost=3958339178.08  viol=2030211015.4564  obj=2034169354634.48
[Run 04 | Gen 199] cur_best: cost=3958339178.08  viol=2030211015.4564  obj=2034169354634.48 | best_so_far: cost=3958339178.08  viol=2030211015.4564  obj=2034169354634.48
[Run 04 | Gen 200] cur_best: cost=3958339178.08  viol=2030211015.4564  obj=2034169354634.48 | best_so_far: cost=3958339178.08  viol=2030211015.4564  obj=2034169354634.48
[Run 04 | FE 12032] best_local_obj=2034169354634.48  best_local_cost=3958339178.08  best_local_viol=2030211015.4564
[Run 04 | Gen 201] cur_best: cost=3958339178.08  viol=2030211015.4564  obj=2034169354634.48 | best_so_far: cost=3958339178.08  viol=2030211015.4564  obj=2034169354634.48
[Run 04 | Gen 202] cur_best: cost=3958339178.08  viol=2030211015.4564  obj=2034169354634.48 | best_so_far: cost=3958339178.08  viol=2030211015.4564  obj=2034169354634.48
[Run 04 | Gen 203] cur_best: cost=3958339178.08  viol=2030211015.4564  obj=2034169354634.48 | best_so_far: cost=3958339178.08  viol=2030211015.4564  obj=2034169354634.48
[Run 04 | Gen 204] cur_best: cost=3958339178.08  viol=2030211015.4564  obj=2034169354634.48 | best_so_far: cost=3958339178.08  viol=2030211015.4564  obj=2034169354634.48
[Run 04 | FE 12288] best_local_obj=2034169354634.48  best_local_cost=3958339178.08  best_local_viol=2030211015.4564
[Run 04 | Gen 205] cur_best: cost=3958339178.08  viol=2030211015.4564  obj=2034169354634.48 | best_so_far: cost=3958339178.08  viol=2030211015.4564  obj=2034169354634.48
[Run 04 | Gen 206] cur_best: cost=3958339178.08  viol=2030211015.4564  obj=2034169354634.48 | best_so_far: cost=3958339178.08  viol=2030211015.4564  obj=2034169354634.48
[Run 04 | Gen 207] cur_best: cost=3958339178.08  viol=2030211015.4564  obj=2034169354634.48 | best_so_far: cost=3958339178.08  viol=2030211015.4564  obj=2034169354634.48
[Run 04 | Gen 208] cur_best: cost=3958339178.08  viol=2030211015.4564  obj=2034169354634.48 | best_so_far: cost=3958339178.08  viol=2030211015.4564  obj=2034169354634.48
[Run 04 | Gen 209] cur_best: cost=3958339178.08  viol=2030211015.4564  obj=2034169354634.48 | best_so_far: cost=3958339178.08  viol=2030211015.4564  obj=2034169354634.48
[Run 04 | FE 12544] best_local_obj=2034169354634.48  best_local_cost=3958339178.08  best_local_viol=2030211015.4564
[Run 04 | Gen 210] cur_best: cost=3958339178.08  viol=2030211015.4564  obj=2034169354634.48 | best_so_far: cost=3958339178.08  viol=2030211015.4564  obj=2034169354634.48
[Run 04 | Gen 211] cur_best: cost=3958339178.08  viol=2030211015.4564  obj=2034169354634.48 | best_so_far: cost=3958339178.08  viol=2030211015.4564  obj=2034169354634.48
[Run 04 | Gen 212] cur_best: cost=3958339178.08  viol=2030211015.4564  obj=2034169354634.48 | best_so_far: cost=3958339178.08  viol=2030211015.4564  obj=2034169354634.48
[Run 04 | Gen 213] cur_best: cost=3958339178.08  viol=2030211015.4564  obj=2034169354634.48 | best_so_far: cost=3958339178.08  viol=2030211015.4564  obj=2034169354634.48
[Run 04 | FE 12800] best_local_obj=2034169354634.48  best_local_cost=3958339178.08  best_local_viol=2030211015.4564
[Run 04 | Gen 214] cur_best: cost=3958339178.08  viol=2030211015.4564  obj=2034169354634.48 | best_so_far: cost=3958339178.08  viol=2030211015.4564  obj=2034169354634.48

[Stop] reached max_total_fe=12800.

[Run 04] best_global_cost=3958339178.0822, best_global_viol=2030211015.456396, best_global_obj=2034169354634.4785
[Done] summary=/work/home/acn1eb8nfq/yuezhang46/UScode/US实验一：横向对比/ga_global_logs/run_04_seed_1004/runs_summary.csv
