[RunConfig] run_id=17 seed=1017
[OutputDir] /work/home/acn1eb8nfq/yuezhang46/UScode/US实验一：横向对比/pso_global_logs/run_17_seed_1017
[Info] #nodes = 4301
[Load] Reading scenarios ...
  - 2020: raw edges=5296, days=366
  - 2025: raw edges=5296, days=365
  - 2030: raw edges=5296, days=365
  - 2035: raw edges=5296, days=365
  - 2040: raw edges=5296, days=366
[Filter] EDGE_WEIGHT_MIN=1.0
  - active_nodes=2914  inactive_nodes(fixed NONE)=1387
  - 2020: removed=2048, kept=3248
  - 2025: removed=2048, kept=3248
  - 2030: removed=2048, kept=3248
  - 2035: removed=2048, kept=3248
  - 2040: removed=2048, kept=3248
  - 2020: filtered edges (active subgraph)=3248
  - 2025: filtered edges (active subgraph)=3248
  - 2030: filtered edges (active subgraph)=3248
  - 2035: filtered edges (active subgraph)=3248
  - 2040: filtered edges (active subgraph)=3248
[PSO] Evaluate initial swarm ...
[PSO] Init snapshot: best_cost=1246098616.44  best_viol=3398571265.4650  best_obj=3399817364081.44
[PSO] Iterate ...
[Run 17 | Iter 1] iter_best: cost=1484681767.12  viol=3277085464.9205  obj=3278570146687.62 | gbest: cost=1484681767.12  viol=3277085464.9205  obj=3278570146687.62
[Run 17 | Iter 2] iter_best: cost=1792473630.14  viol=3101838922.7435  obj=3103631396373.65 | gbest: cost=1792473630.14  viol=3101838922.7435  obj=3103631396373.65
[Run 17 | Iter 3] iter_best: cost=2255985547.95  viol=2878668856.2434  obj=2880924841791.38 | gbest: cost=2255985547.95  viol=2878668856.2434  obj=2880924841791.38
[Run 17 | Iter 4] iter_best: cost=2618758904.11  viol=2723284155.0432  obj=2725902913947.33 | gbest: cost=2618758904.11  viol=2723284155.0432  obj=2725902913947.33
[Run 17 | Iter 5] iter_best: cost=3011186260.27  viol=2571423741.4717  obj=2574434927732.02 | gbest: cost=3011186260.27  viol=2571423741.4717  obj=2574434927732.02
[Run 17 | FE 256] best_local_obj=2487351434623.13  best_local_cost=3240641753.42  best_local_viol=2484110792.8697
[Run 17 | Iter 6] iter_best: cost=3240641753.42  viol=2484110792.8697  obj=2487351434623.13 | gbest: cost=3240641753.42  viol=2484110792.8697  obj=2487351434623.13
[Run 17 | Iter 7] iter_best: cost=3471347410.96  viol=2414682543.3291  obj=2418153890740.10 | gbest: cost=3471347410.96  viol=2414682543.3291  obj=2418153890740.10
[Run 17 | Iter 8] iter_best: cost=3588337945.21  viol=2379725397.7264  obj=2383313735671.58 | gbest: cost=3588337945.21  viol=2379725397.7264  obj=2383313735671.58
[Run 17 | Iter 9] iter_best: cost=3689826287.67  viol=2343029955.6715  obj=2346719781959.18 | gbest: cost=3689826287.67  viol=2343029955.6715  obj=2346719781959.18
[Run 17 | Iter 10] iter_best: cost=3756810136.99  viol=2330023562.5239  obj=2333780372660.94 | gbest: cost=3756810136.99  viol=2330023562.5239  obj=2333780372660.94
[Run 17 | Iter 11] iter_best: cost=3811942397.26  viol=2319676887.1110  obj=2323488829508.24 | gbest: cost=3811942397.26  viol=2319676887.1110  obj=2323488829508.24
[Run 17 | FE 512] best_local_obj=2313006991054.61  best_local_cost=3834695356.16  best_local_viol=2309172295.6984
[Run 17 | Iter 12] iter_best: cost=3834695356.16  viol=2309172295.6984  obj=2313006991054.61 | gbest: cost=3834695356.16  viol=2309172295.6984  obj=2313006991054.61
[Run 17 | Iter 13] iter_best: cost=3863449082.19  viol=2304054705.6777  obj=2307918154759.87 | gbest: cost=3863449082.19  viol=2304054705.6777  obj=2307918154759.87
[Run 17 | Iter 14] iter_best: cost=3883601657.53  viol=2294019570.2831  obj=2297903171940.63 | gbest: cost=3883601657.53  viol=2294019570.2831  obj=2297903171940.63
[Run 17 | Iter 15] iter_best: cost=3907829808.22  viol=2286149030.4955  obj=2290056860303.72 | gbest: cost=3907829808.22  viol=2286149030.4955  obj=2290056860303.72
[Run 17 | Iter 16] iter_best: cost=3935283424.66  viol=2279353425.6014  obj=2283288709026.05 | gbest: cost=3935283424.66  viol=2279353425.6014  obj=2283288709026.05
[Run 17 | Iter 17] iter_best: cost=3952985726.03  viol=2268350234.1121  obj=2272303219838.14 | gbest: cost=3952985726.03  viol=2268350234.1121  obj=2272303219838.14
[Run 17 | Iter 18] iter_best: cost=3969962890.41  viol=2269242537.9256  obj=2273212500816.03 | gbest: cost=3952985726.03  viol=2268350234.1121  obj=2272303219838.14
[Run 17 | FE 768] best_local_obj=2272303219838.14  best_local_cost=3952985726.03  best_local_viol=2268350234.1121
[Run 17 | Iter 19] iter_best: cost=3964262232.88  viol=2263057455.6615  obj=2267021717894.37 | gbest: cost=3964262232.88  viol=2263057455.6615  obj=2267021717894.37
[Run 17 | Iter 20] iter_best: cost=3969337863.01  viol=2256049987.7956  obj=2260019325658.59 | gbest: cost=3969337863.01  viol=2256049987.7956  obj=2260019325658.59
[Run 17 | Iter 21] iter_best: cost=3967362561.64  viol=2257385647.7355  obj=2261353010297.19 | gbest: cost=3969337863.01  viol=2256049987.7956  obj=2260019325658.59
[Run 17 | Iter 22] iter_best: cost=3995491315.07  viol=2251029194.0397  obj=2255024685354.74 | gbest: cost=3995491315.07  viol=2251029194.0397  obj=2255024685354.74
[Run 17 | Iter 23] iter_best: cost=4005692684.93  viol=2250914668.4289  obj=2254920361113.84 | gbest: cost=4005692684.93  viol=2250914668.4289  obj=2254920361113.84
[Run 17 | Iter 24] iter_best: cost=4013393671.23  viol=2248744182.4975  obj=2252757576168.74 | gbest: cost=4013393671.23  viol=2248744182.4975  obj=2252757576168.74
[Run 17 | FE 1024] best_local_obj=2250995099292.08  best_local_cost=4018119301.37  best_local_viol=2246976979.9907
[Run 17 | Iter 25] iter_best: cost=4018819356.16  viol=2246696739.1106  obj=2250715558466.76 | gbest: cost=4018819356.16  viol=2246696739.1106  obj=2250715558466.76
[Run 17 | Iter 26] iter_best: cost=4020269575.34  viol=2239923344.2466  obj=2243943613821.95 | gbest: cost=4020269575.34  viol=2239923344.2466  obj=2243943613821.95
[Run 17 | Iter 27] iter_best: cost=4028620616.44  viol=2236533410.9931  obj=2240562031609.52 | gbest: cost=4028620616.44  viol=2236533410.9931  obj=2240562031609.52
[Run 17 | Iter 28] iter_best: cost=4045622863.01  viol=2233747241.4553  obj=2237792864318.29 | gbest: cost=4045622863.01  viol=2233747241.4553  obj=2237792864318.29
[Run 17 | Iter 29] iter_best: cost=4037671821.92  viol=2232559386.0695  obj=2236597057891.40 | gbest: cost=4037671821.92  viol=2232559386.0695  obj=2236597057891.40
[Run 17 | Iter 30] iter_best: cost=4045722972.60  viol=2233105308.1135  obj=2237151031086.15 | gbest: cost=4037671821.92  viol=2232559386.0695  obj=2236597057891.40
[Run 17 | FE 1280] best_local_obj=2236597057891.40  best_local_cost=4037671821.92  best_local_viol=2232559386.0695
[Run 17 | Iter 31] iter_best: cost=4042572424.66  viol=2234189875.4573  obj=2238232447881.94 | gbest: cost=4037671821.92  viol=2232559386.0695  obj=2236597057891.40
[Run 17 | Iter 32] iter_best: cost=4036546684.93  viol=2233959092.1292  obj=2237995638814.11 | gbest: cost=4037671821.92  viol=2232559386.0695  obj=2236597057891.40
[Run 17 | Iter 33] iter_best: cost=4033046246.58  viol=2229795689.2418  obj=2233828735488.34 | gbest: cost=4033046246.58  viol=2229795689.2418  obj=2233828735488.34
[Run 17 | Iter 34] iter_best: cost=4035946575.34  viol=2228977362.3934  obj=2233013308968.70 | gbest: cost=4035946575.34  viol=2228977362.3934  obj=2233013308968.70
[Run 17 | Iter 35] iter_best: cost=4038996958.90  viol=2227609525.3890  obj=2231648522347.87 | gbest: cost=4038996958.90  viol=2227609525.3890  obj=2231648522347.87
[Run 17 | Iter 36] iter_best: cost=4052498821.92  viol=2221501830.7385  obj=2225554329560.38 | gbest: cost=4052498821.92  viol=2221501830.7385  obj=2225554329560.38
[Run 17 | Iter 37] iter_best: cost=4064475383.56  viol=2217812283.4599  obj=2221876758843.42 | gbest: cost=4064475383.56  viol=2217812283.4599  obj=2221876758843.42
[Run 17 | FE 1536] best_local_obj=2221876758843.42  best_local_cost=4064475383.56  best_local_viol=2217812283.4599
[Run 17 | Iter 38] iter_best: cost=4079552383.56  viol=2217973736.7046  obj=2222053289088.12 | gbest: cost=4064475383.56  viol=2217812283.4599  obj=2221876758843.42
[Run 17 | Iter 39] iter_best: cost=4080902547.95  viol=2217531133.2562  obj=2221612035804.11 | gbest: cost=4080902547.95  viol=2217531133.2562  obj=2221612035804.11
[Run 17 | Iter 40] iter_best: cost=4080227410.96  viol=2217413820.3191  obj=2221494047730.02 | gbest: cost=4080227410.96  viol=2217413820.3191  obj=2221494047730.02
[Run 17 | Iter 41] iter_best: cost=4090053698.63  viol=2213401257.5448  obj=2217491311243.39 | gbest: cost=4090053698.63  viol=2213401257.5448  obj=2217491311243.39
[Run 17 | Iter 42] iter_best: cost=4108031082.19  viol=2210935455.0504  obj=2215043486132.59 | gbest: cost=4108031082.19  viol=2210935455.0504  obj=2215043486132.59
[Run 17 | Iter 43] iter_best: cost=4106330863.01  viol=2210422426.4846  obj=2214528757347.61 | gbest: cost=4106330863.01  viol=2210422426.4846  obj=2214528757347.61
[Run 17 | FE 1792] best_local_obj=2214204224456.87  best_local_cost=4109331246.58  best_local_viol=2210094893.2103
[Run 17 | Iter 44] iter_best: cost=4109331246.58  viol=2210094893.2103  obj=2214204224456.87 | gbest: cost=4109331246.58  viol=2210094893.2103  obj=2214204224456.87
[Run 17 | Iter 45] iter_best: cost=4120332671.23  viol=2208161045.6878  obj=2212281378359.03 | gbest: cost=4120332671.23  viol=2208161045.6878  obj=2212281378359.03
[Run 17 | Iter 46] iter_best: cost=4120332671.23  viol=2205700322.6325  obj=2209820655303.73 | gbest: cost=4120332671.23  viol=2205700322.6325  obj=2209820655303.73
[Run 17 | Iter 47] iter_best: cost=4117832342.47  viol=2204980258.0786  obj=2209098090421.06 | gbest: cost=4117832342.47  viol=2204980258.0786  obj=2209098090421.06
[Run 17 | Iter 48] iter_best: cost=4127833657.53  viol=2202564512.9104  obj=2206692346567.93 | gbest: cost=4127833657.53  viol=2202564512.9104  obj=2206692346567.93
[Run 17 | Iter 49] iter_best: cost=4129808904.11  viol=2203891393.4196  obj=2208021202323.71 | gbest: cost=4127833657.53  viol=2202564512.9104  obj=2206692346567.93
[Run 17 | Iter 50] iter_best: cost=4129133821.92  viol=2201330286.0954  obj=2205459419917.32 | gbest: cost=4129133821.92  viol=2201330286.0954  obj=2205459419917.32
[Run 17 | FE 2048] best_local_obj=2205459419917.32  best_local_cost=4129133821.92  best_local_viol=2201330286.0954
[Run 17 | Iter 51] iter_best: cost=4133209397.26  viol=2199735968.6948  obj=2203869178092.06 | gbest: cost=4133209397.26  viol=2199735968.6948  obj=2203869178092.06
[Run 17 | Iter 52] iter_best: cost=4133159397.26  viol=2199559450.5536  obj=2203692609950.86 | gbest: cost=4133159397.26  viol=2199559450.5536  obj=2203692609950.86
[Run 17 | Iter 53] iter_best: cost=4139585246.58  viol=2197150568.9688  obj=2201290154215.38 | gbest: cost=4139585246.58  viol=2197150568.9688  obj=2201290154215.38
[Run 17 | Iter 54] iter_best: cost=4146636178.08  viol=2195377100.7942  obj=2199523736972.28 | gbest: cost=4146636178.08  viol=2195377100.7942  obj=2199523736972.28
[Run 17 | Iter 55] iter_best: cost=4136559835.62  viol=2196825444.7916  obj=2200962004627.22 | gbest: cost=4146636178.08  viol=2195377100.7942  obj=2199523736972.28
[Run 17 | Iter 56] iter_best: cost=4152661972.60  viol=2196551990.9934  obj=2200704652966.00 | gbest: cost=4146636178.08  viol=2195377100.7942  obj=2199523736972.28
[Run 17 | FE 2304] best_local_obj=2199523736972.28  best_local_cost=4146636178.08  best_local_viol=2195377100.7942
[Run 17 | Iter 57] iter_best: cost=4158637767.12  viol=2195388151.0269  obj=2199546788794.02 | gbest: cost=4146636178.08  viol=2195377100.7942  obj=2199523736972.28
[Run 17 | Iter 58] iter_best: cost=4156262465.75  viol=2195285930.8388  obj=2199442193304.55 | gbest: cost=4156262465.75  viol=2195285930.8388  obj=2199442193304.55
[Run 17 | Iter 59] iter_best: cost=4149936616.44  viol=2194908092.1164  obj=2199058028732.84 | gbest: cost=4149936616.44  viol=2194908092.1164  obj=2199058028732.84
[Run 17 | Iter 60] iter_best: cost=4144135849.32  viol=2194240441.2800  obj=2198384577129.31 | gbest: cost=4144135849.32  viol=2194240441.2800  obj=2198384577129.31
[Run 17 | Iter 61] iter_best: cost=4143735794.52  viol=2194157513.2826  obj=2198301249077.12 | gbest: cost=4143735794.52  viol=2194157513.2826  obj=2198301249077.12
[Run 17 | Iter 62] iter_best: cost=4153112027.40  viol=2192351287.4349  obj=2196504399462.30 | gbest: cost=4153112027.40  viol=2192351287.4349  obj=2196504399462.30
[Run 17 | FE 2560] best_local_obj=2196504399462.30  best_local_cost=4153112027.40  best_local_viol=2192351287.4349
[Run 17 | Iter 63] iter_best: cost=4141135410.96  viol=2194199839.6865  obj=2198340975097.46 | gbest: cost=4153112027.40  viol=2192351287.4349  obj=2196504399462.30
[Run 17 | Iter 64] iter_best: cost=4160738041.10  viol=2192497311.8972  obj=2196658049938.30 | gbest: cost=4153112027.40  viol=2192351287.4349  obj=2196504399462.30
[Run 17 | Iter 65] iter_best: cost=4153562082.19  viol=2192019545.6159  obj=2196173107698.09 | gbest: cost=4153562082.19  viol=2192019545.6159  obj=2196173107698.09
[Run 17 | Iter 66] iter_best: cost=4161588150.68  viol=2190729995.3959  obj=2194891583546.58 | gbest: cost=4161588150.68  viol=2190729995.3959  obj=2194891583546.58
[Run 17 | Iter 67] iter_best: cost=4159487876.71  viol=2188327308.7143  obj=2192486796591.01 | gbest: cost=4159487876.71  viol=2188327308.7143  obj=2192486796591.01
[Run 17 | Iter 68] iter_best: cost=4164988589.04  viol=2184236012.2190  obj=2188401000808.04 | gbest: cost=4164988589.04  viol=2184236012.2190  obj=2188401000808.04
[Run 17 | Iter 69] iter_best: cost=4165288589.04  viol=2185134237.7996  obj=2189299526388.64 | gbest: cost=4164988589.04  viol=2184236012.2190  obj=2188401000808.04
[Run 17 | FE 2816] best_local_obj=2188401000808.04  best_local_cost=4164988589.04  best_local_viol=2184236012.2190
[Run 17 | Iter 70] iter_best: cost=4156687438.36  viol=2184569795.1922  obj=2188726482630.55 | gbest: cost=4164988589.04  viol=2184236012.2190  obj=2188401000808.04
[Run 17 | Iter 71] iter_best: cost=4181465808.22  viol=2182256218.7035  obj=2186437684511.72 | gbest: cost=4181465808.22  viol=2182256218.7035  obj=2186437684511.72
[Run 17 | Iter 72] iter_best: cost=4172464602.74  viol=2181970456.8925  obj=2186142921495.24 | gbest: cost=4172464602.74  viol=2181970456.8925  obj=2186142921495.24
[Run 17 | Iter 73] iter_best: cost=4181690835.62  viol=2182194038.0810  obj=2186375728916.62 | gbest: cost=4172464602.74  viol=2181970456.8925  obj=2186142921495.24
[Run 17 | Iter 74] iter_best: cost=4170714383.56  viol=2180931293.8031  obj=2185102008186.66 | gbest: cost=4170714383.56  viol=2180931293.8031  obj=2185102008186.66
[Run 17 | Iter 75] iter_best: cost=4184316191.78  viol=2178459698.6529  obj=2182644014844.68 | gbest: cost=4184316191.78  viol=2178459698.6529  obj=2182644014844.68
[Run 17 | FE 3072] best_local_obj=2182644014844.68  best_local_cost=4184316191.78  best_local_viol=2178459698.6529
[Run 17 | Iter 76] iter_best: cost=4177315260.27  viol=2179779210.6256  obj=2183956525885.87 | gbest: cost=4184316191.78  viol=2178459698.6529  obj=2182644014844.68
[Run 17 | Iter 77] iter_best: cost=4182140890.41  viol=2179037924.4945  obj=2183220065384.91 | gbest: cost=4184316191.78  viol=2178459698.6529  obj=2182644014844.68
[Run 17 | Iter 78] iter_best: cost=4181390780.82  viol=2179226122.2087  obj=2183407512989.52 | gbest: cost=4184316191.78  viol=2178459698.6529  obj=2182644014844.68
[Run 17 | Iter 79] iter_best: cost=4187091547.95  viol=2179357073.3398  obj=2183544164887.74 | gbest: cost=4184316191.78  viol=2178459698.6529  obj=2182644014844.68
[Run 17 | Iter 80] iter_best: cost=4182941000.00  viol=2178993342.5316  obj=2183176283531.60 | gbest: cost=4184316191.78  viol=2178459698.6529  obj=2182644014844.68
[Run 17 | Iter 81] iter_best: cost=4178040342.47  viol=2178788000.8725  obj=2182966041214.97 | gbest: cost=4184316191.78  viol=2178459698.6529  obj=2182644014844.68
[Run 17 | Iter 82] iter_best: cost=4186991547.95  viol=2178309117.7682  obj=2182496109316.14 | gbest: cost=4186991547.95  viol=2178309117.7682  obj=2182496109316.14
[Run 17 | FE 3328] best_local_obj=2180069887117.20  best_local_cost=4190842041.10  best_local_viol=2175879045.0761
[Run 17 | Iter 83] iter_best: cost=4190842041.10  viol=2175879045.0761  obj=2180069887117.20 | gbest: cost=4190842041.10  viol=2175879045.0761  obj=2180069887117.20
[Run 17 | Iter 84] iter_best: cost=4190842041.10  viol=2176287537.9341  obj=2180478379975.20 | gbest: cost=4190842041.10  viol=2175879045.0761  obj=2180069887117.20
[Run 17 | Iter 85] iter_best: cost=4192117232.88  viol=2175033828.9468  obj=2179225946179.73 | gbest: cost=4192117232.88  viol=2175033828.9468  obj=2179225946179.73
[Run 17 | Iter 86] iter_best: cost=4203443739.73  viol=2173213595.6572  obj=2177417039396.93 | gbest: cost=4203443739.73  viol=2173213595.6572  obj=2177417039396.93
[Run 17 | Iter 87] iter_best: cost=4200418328.77  viol=2173322179.7085  obj=2177522598037.27 | gbest: cost=4203443739.73  viol=2173213595.6572  obj=2177417039396.93
[Run 17 | Iter 88] iter_best: cost=4201393465.75  viol=2173896368.2701  obj=2178097761735.85 | gbest: cost=4203443739.73  viol=2173213595.6572  obj=2177417039396.93
[Run 17 | FE 3584] best_local_obj=2177417039396.93  best_local_cost=4203443739.73  best_local_viol=2173213595.6572
[Run 17 | Iter 89] iter_best: cost=4215095273.97  viol=2171262165.8934  obj=2175477261167.37 | gbest: cost=4215095273.97  viol=2171262165.8934  obj=2175477261167.37
[Run 17 | Iter 90] iter_best: cost=4206119095.89  viol=2169146829.1260  obj=2173352948221.89 | gbest: cost=4206119095.89  viol=2169146829.1260  obj=2173352948221.89
[Run 17 | Iter 91] iter_best: cost=4214070136.99  viol=2169415679.7124  obj=2173629749849.39 | gbest: cost=4206119095.89  viol=2169146829.1260  obj=2173352948221.89
[Run 17 | Iter 92] iter_best: cost=4209094452.05  viol=2169925217.5721  obj=2174134312024.15 | gbest: cost=4206119095.89  viol=2169146829.1260  obj=2173352948221.89
[Run 17 | Iter 93] iter_best: cost=4209494561.64  viol=2168931459.5275  obj=2173140954089.14 | gbest: cost=4209494561.64  viol=2168931459.5275  obj=2173140954089.14
[Run 17 | Iter 94] iter_best: cost=4213120027.40  viol=2167932899.6159  obj=2172146019643.30 | gbest: cost=4213120027.40  viol=2167932899.6159  obj=2172146019643.30
[Run 17 | FE 3840] best_local_obj=2172146019643.30  best_local_cost=4213120027.40  best_local_viol=2167932899.6159
[Run 17 | Iter 95] iter_best: cost=4215870410.96  viol=2168015443.1141  obj=2172231313525.06 | gbest: cost=4213120027.40  viol=2167932899.6159  obj=2172146019643.30
[Run 17 | Iter 96] iter_best: cost=4210144616.44  viol=2168040789.8896  obj=2172250934506.04 | gbest: cost=4213120027.40  viol=2167932899.6159  obj=2172146019643.30
[Run 17 | Iter 97] iter_best: cost=4213845109.59  viol=2167779428.1745  obj=2171993273284.09 | gbest: cost=4213845109.59  viol=2167779428.1745  obj=2171993273284.09
[Run 17 | Iter 98] iter_best: cost=4219495876.71  viol=2166156419.4018  obj=2170375915278.51 | gbest: cost=4219495876.71  viol=2166156419.4018  obj=2170375915278.51
[Run 17 | Iter 99] iter_best: cost=4212319917.81  viol=2166465425.0297  obj=2170677744947.51 | gbest: cost=4219495876.71  viol=2166156419.4018  obj=2170375915278.51
[Run 17 | Iter 100] iter_best: cost=4219670904.11  viol=2166157930.9258  obj=2170377601829.91 | gbest: cost=4219495876.71  viol=2166156419.4018  obj=2170375915278.51
[Run 17 | Iter 101] iter_best: cost=4225996753.42  viol=2165675870.7850  obj=2169901867538.42 | gbest: cost=4225996753.42  viol=2165675870.7850  obj=2169901867538.42
[Run 17 | FE 4096] best_local_obj=2169772145656.71  best_local_cost=4219270849.32  best_local_viol=2165552874.8074
[Run 17 | Iter 102] iter_best: cost=4226321780.82  viol=2165454473.1410  obj=2169680794921.82 | gbest: cost=4226321780.82  viol=2165454473.1410  obj=2169680794921.82
[Run 17 | Iter 103] iter_best: cost=4224971616.44  viol=2165412497.3466  obj=2169637468963.04 | gbest: cost=4224971616.44  viol=2165412497.3466  obj=2169637468963.04
[Run 17 | Iter 104] iter_best: cost=4226896863.01  viol=2163847377.7510  obj=2168074274614.06 | gbest: cost=4226896863.01  viol=2163847377.7510  obj=2168074274614.06
[Run 17 | Iter 105] iter_best: cost=4210419643.84  viol=2164361950.4404  obj=2168572370084.29 | gbest: cost=4226896863.01  viol=2163847377.7510  obj=2168074274614.06
[Run 17 | Iter 106] iter_best: cost=4225196643.84  viol=2163421220.8904  obj=2167646417534.29 | gbest: cost=4225196643.84  viol=2163421220.8904  obj=2167646417534.29
[Run 17 | Iter 107] iter_best: cost=4225246643.84  viol=2161951882.9507  obj=2166177129594.59 | gbest: cost=4225246643.84  viol=2161951882.9507  obj=2166177129594.59
[Run 17 | FE 4352] best_local_obj=2165760971823.49  best_local_cost=4225246643.84  best_local_viol=2161535725.1796
[Run 17 | Iter 108] iter_best: cost=4225246643.84  viol=2161535725.1796  obj=2165760971823.49 | gbest: cost=4225246643.84  viol=2161535725.1796  obj=2165760971823.49
[Run 17 | Iter 109] iter_best: cost=4235773041.10  viol=2161510537.9498  obj=2165746310990.95 | gbest: cost=4235773041.10  viol=2161510537.9498  obj=2165746310990.95
[Run 17 | Iter 110] iter_best: cost=4229822219.18  viol=2161539125.5352  obj=2165768947754.33 | gbest: cost=4235773041.10  viol=2161510537.9498  obj=2165746310990.95
[Run 17 | Iter 111] iter_best: cost=4228922109.59  viol=2160684314.9503  obj=2164913237059.94 | gbest: cost=4228922109.59  viol=2160684314.9503  obj=2164913237059.94
[Run 17 | Iter 112] iter_best: cost=4233522712.33  viol=2161098473.7949  obj=2165331996507.28 | gbest: cost=4228922109.59  viol=2160684314.9503  obj=2164913237059.94
[Run 17 | Iter 113] iter_best: cost=4234847904.11  viol=2159998610.3623  obj=2164233458266.46 | gbest: cost=4234847904.11  viol=2159998610.3623  obj=2164233458266.46
[Run 17 | Iter 114] iter_best: cost=4236798178.08  viol=2158114422.0199  obj=2162351220198.03 | gbest: cost=4236798178.08  viol=2158114422.0199  obj=2162351220198.03
[Run 17 | FE 4608] best_local_obj=2162351220198.03  best_local_cost=4236798178.08  best_local_viol=2158114422.0199
[Run 17 | Iter 115] iter_best: cost=4247224575.34  viol=2157789308.4966  obj=2162036533071.89 | gbest: cost=4247224575.34  viol=2157789308.4966  obj=2162036533071.89
[Run 17 | Iter 116] iter_best: cost=4235848068.49  viol=2157257145.0329  obj=2161492993101.44 | gbest: cost=4235848068.49  viol=2157257145.0329  obj=2161492993101.44
[Run 17 | Iter 117] iter_best: cost=4239598561.64  viol=2156295626.9857  obj=2160535225547.29 | gbest: cost=4239598561.64  viol=2156295626.9857  obj=2160535225547.29
[Run 17 | Iter 118] iter_best: cost=4247449602.74  viol=2154181170.2172  obj=2158428619819.99 | gbest: cost=4247449602.74  viol=2154181170.2172  obj=2158428619819.99
[Run 17 | Iter 119] iter_best: cost=4245799383.56  viol=2154157884.4772  obj=2158403683860.81 | gbest: cost=4245799383.56  viol=2154157884.4772  obj=2158403683860.81
[Run 17 | Iter 120] iter_best: cost=4247224575.34  viol=2153868675.8377  obj=2158115900412.99 | gbest: cost=4247224575.34  viol=2153868675.8377  obj=2158115900412.99
[Run 17 | FE 4864] best_local_obj=2158115900412.99  best_local_cost=4247224575.34  best_local_viol=2153868675.8377
[Run 17 | Iter 121] iter_best: cost=4252000205.48  viol=2154150437.8442  obj=2158402438049.73 | gbest: cost=4247224575.34  viol=2153868675.8377  obj=2158115900412.99
[Run 17 | Iter 122] iter_best: cost=4243299054.79  viol=2154266611.9602  obj=2158509911015.04 | gbest: cost=4247224575.34  viol=2153868675.8377  obj=2158115900412.99
[Run 17 | Iter 123] iter_best: cost=4243124027.40  viol=2153257200.5381  obj=2157500324565.55 | gbest: cost=4243124027.40  viol=2153257200.5381  obj=2157500324565.55
[Run 17 | Iter 124] iter_best: cost=4248124684.93  viol=2152631463.9913  obj=2156879588676.28 | gbest: cost=4248124684.93  viol=2152631463.9913  obj=2156879588676.28
[Run 17 | Iter 125] iter_best: cost=4244774246.58  viol=2153170242.3416  obj=2157415016588.22 | gbest: cost=4248124684.93  viol=2152631463.9913  obj=2156879588676.28
[Run 17 | Iter 126] iter_best: cost=4249424849.32  viol=2153493963.4284  obj=2157743388277.76 | gbest: cost=4248124684.93  viol=2152631463.9913  obj=2156879588676.28
[Run 17 | FE 5120] best_local_obj=2156879588676.28  best_local_cost=4248124684.93  best_local_viol=2152631463.9913
[Run 17 | Iter 127] iter_best: cost=4245449328.77  viol=2152687733.2866  obj=2156933182615.32 | gbest: cost=4248124684.93  viol=2152631463.9913  obj=2156879588676.28
[Run 17 | Iter 128] iter_best: cost=4245399328.77  viol=2152258962.2486  obj=2156504361577.42 | gbest: cost=4245399328.77  viol=2152258962.2486  obj=2156504361577.42
[Run 17 | Iter 129] iter_best: cost=4250750041.10  viol=2152122088.1961  obj=2156372838237.25 | gbest: cost=4250750041.10  viol=2152122088.1961  obj=2156372838237.25
[Run 17 | Iter 130] iter_best: cost=4253425397.26  viol=2151910921.0231  obj=2156164346420.41 | gbest: cost=4253425397.26  viol=2151910921.0231  obj=2156164346420.41
[Run 17 | Iter 131] iter_best: cost=4259126164.38  viol=2151817958.7334  obj=2156077084897.83 | gbest: cost=4259126164.38  viol=2151817958.7334  obj=2156077084897.83
[Run 17 | Iter 132] iter_best: cost=4243799109.59  viol=2151913965.2929  obj=2156157764402.44 | gbest: cost=4259126164.38  viol=2151817958.7334  obj=2156077084897.83
[Run 17 | Iter 133] iter_best: cost=4257800972.60  viol=2151820826.4497  obj=2156078627422.27 | gbest: cost=4259126164.38  viol=2151817958.7334  obj=2156077084897.83
[Run 17 | FE 5376] best_local_obj=2156077084897.83  best_local_cost=4259126164.38  best_local_viol=2151817958.7334
[Run 17 | Iter 134] iter_best: cost=4258326054.79  viol=2151742059.3809  obj=2156000385435.74 | gbest: cost=4258326054.79  viol=2151742059.3809  obj=2156000385435.74
[Run 17 | Iter 135] iter_best: cost=4258326054.79  viol=2151742059.3809  obj=2156000385435.74 | gbest: cost=4258326054.79  viol=2151742059.3809  obj=2156000385435.74
[Run 17 | Iter 136] iter_best: cost=4260401301.37  viol=2151395639.1846  obj=2155656040486.02 | gbest: cost=4260401301.37  viol=2151395639.1846  obj=2155656040486.02
[Run 17 | Iter 137] iter_best: cost=4265376986.30  viol=2150582708.8589  obj=2154848085845.25 | gbest: cost=4265376986.30  viol=2150582708.8589  obj=2154848085845.25
[Run 17 | Iter 138] iter_best: cost=4264801904.11  viol=2150424854.9219  obj=2154689656826.06 | gbest: cost=4264801904.11  viol=2150424854.9219  obj=2154689656826.06
[Run 17 | Iter 139] iter_best: cost=4259101136.99  viol=2151152524.0458  obj=2155411625182.84 | gbest: cost=4264801904.11  viol=2150424854.9219  obj=2154689656826.06
[Run 17 | FE 5632] best_local_obj=2154689656826.06  best_local_cost=4264801904.11  best_local_viol=2150424854.9219
[Run 17 | Iter 140] iter_best: cost=4261351465.75  viol=2150504903.9146  obj=2154766255380.40 | gbest: cost=4264801904.11  viol=2150424854.9219  obj=2154689656826.06
[Run 17 | Iter 141] iter_best: cost=4262926657.53  viol=2150424854.9219  obj=2154687781579.48 | gbest: cost=4262926657.53  viol=2150424854.9219  obj=2154687781579.48
[Run 17 | Iter 142] iter_best: cost=4262751630.14  viol=2150409285.8109  obj=2154672037441.09 | gbest: cost=4262751630.14  viol=2150409285.8109  obj=2154672037441.09
[Run 17 | Iter 143] iter_best: cost=4265927041.10  viol=2150342119.4753  obj=2154608046516.45 | gbest: cost=4265927041.10  viol=2150342119.4753  obj=2154608046516.45
[Run 17 | Iter 144] iter_best: cost=4265877041.10  viol=2149098699.9923  obj=2153364577033.45 | gbest: cost=4265877041.10  viol=2149098699.9923  obj=2153364577033.45
[Run 17 | Iter 145] iter_best: cost=4268877424.66  viol=2150015037.3196  obj=2154283914744.31 | gbest: cost=4265877041.10  viol=2149098699.9923  obj=2153364577033.45
[Run 17 | Iter 146] iter_best: cost=4266102068.49  viol=2148582439.4001  obj=2152848541468.64 | gbest: cost=4266102068.49  viol=2148582439.4001  obj=2152848541468.64
[Run 17 | FE 5888] best_local_obj=2152848541468.64  best_local_cost=4266102068.49  best_local_viol=2148582439.4001
[Run 17 | Iter 147] iter_best: cost=4265526986.30  viol=2149268584.3572  obj=2153534111343.55 | gbest: cost=4266102068.49  viol=2148582439.4001  obj=2152848541468.64
[Run 17 | Iter 148] iter_best: cost=4274928246.58  viol=2147445132.1741  obj=2151720060420.73 | gbest: cost=4274928246.58  viol=2147445132.1741  obj=2151720060420.73
[Run 17 | Iter 149] iter_best: cost=4270202616.44  viol=2148053277.0489  obj=2152323479665.39 | gbest: cost=4274928246.58  viol=2147445132.1741  obj=2151720060420.73
[Run 17 | Iter 150] iter_best: cost=4277153547.95  viol=2147445132.1741  obj=2151722285722.09 | gbest: cost=4274928246.58  viol=2147445132.1741  obj=2151720060420.73
[Run 17 | Iter 151] iter_best: cost=4271952835.62  viol=2148553344.9706  obj=2152825297806.27 | gbest: cost=4274928246.58  viol=2147445132.1741  obj=2151720060420.73
[Run 17 | Iter 152] iter_best: cost=4272827972.60  viol=2147721632.8228  obj=2151994460795.45 | gbest: cost=4274928246.58  viol=2147445132.1741  obj=2151720060420.73
[Run 17 | FE 6144] best_local_obj=2151720060420.73  best_local_cost=4274928246.58  best_local_viol=2147445132.1741
[Run 17 | Iter 153] iter_best: cost=4268152342.47  viol=2147496771.5607  obj=2151764923903.22 | gbest: cost=4274928246.58  viol=2147445132.1741  obj=2151720060420.73
[Run 17 | Iter 154] iter_best: cost=4273278027.40  viol=2147474035.0065  obj=2151747313033.95 | gbest: cost=4274928246.58  viol=2147445132.1741  obj=2151720060420.73
[Run 17 | Iter 155] iter_best: cost=4275478301.37  viol=2148020140.7076  obj=2152295619008.92 | gbest: cost=4274928246.58  viol=2147445132.1741  obj=2151720060420.73
[Run 17 | Iter 156] iter_best: cost=4273903109.59  viol=2147344683.9691  obj=2151618587078.74 | gbest: cost=4273903109.59  viol=2147344683.9691  obj=2151618587078.74
[Run 17 | Iter 157] iter_best: cost=4270827698.63  viol=2147210046.4178  obj=2151480874116.48 | gbest: cost=4270827698.63  viol=2147210046.4178  obj=2151480874116.48
[Run 17 | Iter 158] iter_best: cost=4273853109.59  viol=2147080694.8312  obj=2151354547940.74 | gbest: cost=4273853109.59  viol=2147080694.8312  obj=2151354547940.74
[Run 17 | FE 6400] best_local_obj=2151354547940.74  best_local_cost=4273853109.59  best_local_viol=2147080694.8312
[Run 17 | Iter 159] iter_best: cost=4274478191.78  viol=2147080694.8312  obj=2151355173022.93 | gbest: cost=4273853109.59  viol=2147080694.8312  obj=2151354547940.74
[Run 17 | Iter 160] iter_best: cost=4272727972.60  viol=2147068275.1873  obj=2151341003159.95 | gbest: cost=4272727972.60  viol=2147068275.1873  obj=2151341003159.95
[Run 17 | Iter 161] iter_best: cost=4271227753.42  viol=2146981957.4501  obj=2151253185203.53 | gbest: cost=4271227753.42  viol=2146981957.4501  obj=2151253185203.53
[Run 17 | Iter 162] iter_best: cost=4275503328.77  viol=2146981890.6565  obj=2151257393985.32 | gbest: cost=4271227753.42  viol=2146981957.4501  obj=2151253185203.53
[Run 17 | Iter 163] iter_best: cost=4270202616.44  viol=2146326064.4501  obj=2150596267066.54 | gbest: cost=4270202616.44  viol=2146326064.4501  obj=2150596267066.54
[Run 17 | Iter 164] iter_best: cost=4270152616.44  viol=2146424868.7884  obj=2150695021404.84 | gbest: cost=4270202616.44  viol=2146326064.4501  obj=2150596267066.54
[Run 17 | Iter 165] iter_best: cost=4264276821.92  viol=2146882856.6213  obj=2151147133443.22 | gbest: cost=4270202616.44  viol=2146326064.4501  obj=2150596267066.54
[Run 17 | FE 6656] best_local_obj=2150596267066.54  best_local_cost=4270202616.44  best_local_viol=2146326064.4501
[Run 17 | Iter 166] iter_best: cost=4269527534.25  viol=2146333099.8891  obj=2150602627423.35 | gbest: cost=4270202616.44  viol=2146326064.4501  obj=2150596267066.54
[Run 17 | Iter 167] iter_best: cost=4270552671.23  viol=2146424868.7884  obj=2150695421459.63 | gbest: cost=4270202616.44  viol=2146326064.4501  obj=2150596267066.54
[Run 17 | Iter 168] iter_best: cost=4274203164.38  viol=2146325997.6565  obj=2150600200820.93 | gbest: cost=4270202616.44  viol=2146326064.4501  obj=2150596267066.54
[Run 17 | Iter 169] iter_best: cost=4271502780.82  viol=2146539694.0388  obj=2150811196819.62 | gbest: cost=4270202616.44  viol=2146326064.4501  obj=2150596267066.54
[Run 17 | Iter 170] iter_best: cost=4272102890.41  viol=2146455349.3065  obj=2150727452196.96 | gbest: cost=4270202616.44  viol=2146326064.4501  obj=2150596267066.54
[Run 17 | Iter 171] iter_best: cost=4271227753.42  viol=2146326064.4501  obj=2150597292203.53 | gbest: cost=4270202616.44  viol=2146326064.4501  obj=2150596267066.54
[Run 17 | FE 6912] best_local_obj=2150596267066.54  best_local_cost=4270202616.44  best_local_viol=2146326064.4501
[Run 17 | Iter 172] iter_best: cost=4273853109.59  viol=2146325997.6565  obj=2150599850766.14 | gbest: cost=4270202616.44  viol=2146326064.4501  obj=2150596267066.54
[Run 17 | Iter 173] iter_best: cost=4269527534.25  viol=2146326064.4501  obj=2150595591984.35 | gbest: cost=4269527534.25  viol=2146326064.4501  obj=2150595591984.35
[Run 17 | Iter 174] iter_best: cost=4273903109.59  viol=2145383329.2471  obj=2149657232356.69 | gbest: cost=4273903109.59  viol=2145383329.2471  obj=2149657232356.69
[Run 17 | Iter 175] iter_best: cost=4272427917.81  viol=2145307081.8320  obj=2149579509749.81 | gbest: cost=4272427917.81  viol=2145307081.8320  obj=2149579509749.81
[Run 17 | Iter 176] iter_best: cost=4266902178.08  viol=2145307081.8320  obj=2149573984010.08 | gbest: cost=4266902178.08  viol=2145307081.8320  obj=2149573984010.08
[Run 17 | Iter 177] iter_best: cost=4273503054.79  viol=2145431697.6003  obj=2149705200655.10 | gbest: cost=4266902178.08  viol=2145307081.8320  obj=2149573984010.08
[Run 17 | Iter 178] iter_best: cost=4270202616.44  viol=2145326669.3570  obj=2149596871973.44 | gbest: cost=4266902178.08  viol=2145307081.8320  obj=2149573984010.08
[Run 17 | FE 7168] best_local_obj=2149573984010.08  best_local_cost=4266902178.08  best_local_viol=2145307081.8320
[Run 17 | Iter 179] iter_best: cost=4277553602.74  viol=2145255442.4401  obj=2149532996042.84 | gbest: cost=4277553602.74  viol=2145255442.4401  obj=2149532996042.84
[Run 17 | Iter 180] iter_best: cost=4280529013.70  viol=2145261217.7455  obj=2149541746759.15 | gbest: cost=4277553602.74  viol=2145255442.4401  obj=2149532996042.84
[Run 17 | Iter 181] iter_best: cost=4286829835.62  viol=2144535548.7858  obj=2148822378621.42 | gbest: cost=4286829835.62  viol=2144535548.7858  obj=2148822378621.42
[Run 17 | Iter 182] iter_best: cost=4279153821.92  viol=2143644448.2530  obj=2147923602074.92 | gbest: cost=4279153821.92  viol=2143644448.2530  obj=2147923602074.92
[Run 17 | Iter 183] iter_best: cost=4283129342.47  viol=2142901126.4235  obj=2147184255765.97 | gbest: cost=4283129342.47  viol=2142901126.4235  obj=2147184255765.97
[Run 17 | Iter 184] iter_best: cost=4284504534.25  viol=2142144083.1761  obj=2146428587710.35 | gbest: cost=4284504534.25  viol=2142144083.1761  obj=2146428587710.35
[Run 17 | FE 7424] best_local_obj=2146428587710.35  best_local_cost=4284504534.25  best_local_viol=2142144083.1761
[Run 17 | Iter 185] iter_best: cost=4287454917.81  viol=2141716221.6766  obj=2146003676594.41 | gbest: cost=4287454917.81  viol=2141716221.6766  obj=2146003676594.41
[Run 17 | Iter 186] iter_best: cost=4286904863.01  viol=2141870255.6800  obj=2146157160543.02 | gbest: cost=4287454917.81  viol=2141716221.6766  obj=2146003676594.41
[Run 17 | Iter 187] iter_best: cost=4293155684.93  viol=2141619827.6952  obj=2145912983380.13 | gbest: cost=4293155684.93  viol=2141619827.6952  obj=2145912983380.13
[Run 17 | Iter 188] iter_best: cost=4294905904.11  viol=2141326815.8672  obj=2145621721771.31 | gbest: cost=4294905904.11  viol=2141326815.8672  obj=2145621721771.31
[Run 17 | Iter 189] iter_best: cost=4293880767.12  viol=2140357958.1845  obj=2144651838951.63 | gbest: cost=4293880767.12  viol=2140357958.1845  obj=2144651838951.63
[Run 17 | Iter 190] iter_best: cost=4291555465.75  viol=2140032905.9252  obj=2144324461390.96 | gbest: cost=4291555465.75  viol=2140032905.9252  obj=2144324461390.96
[Run 17 | FE 7680] best_local_obj=2144324461390.96  best_local_cost=4291555465.75  best_local_viol=2140032905.9252
[Run 17 | Iter 191] iter_best: cost=4290530328.77  viol=2140104682.1645  obj=2144395212493.27 | gbest: cost=4291555465.75  viol=2140032905.9252  obj=2144324461390.96
[Run 17 | Iter 192] iter_best: cost=4289905246.58  viol=2140032905.9252  obj=2144322811171.78 | gbest: cost=4289905246.58  viol=2140032905.9252  obj=2144322811171.78
[Run 17 | Iter 193] iter_best: cost=4294230821.92  viol=2139567571.1729  obj=2143861801994.82 | gbest: cost=4294230821.92  viol=2139567571.1729  obj=2143861801994.82
[Run 17 | Iter 194] iter_best: cost=4301181753.42  viol=2139504621.7317  obj=2143805803485.13 | gbest: cost=4301181753.42  viol=2139504621.7317  obj=2143805803485.13
[Run 17 | Iter 195] iter_best: cost=4302206890.41  viol=2139504621.7317  obj=2143806828622.11 | gbest: cost=4301181753.42  viol=2139504621.7317  obj=2143805803485.13
[Run 17 | Iter 196] iter_best: cost=4295480986.30  viol=2139567571.1729  obj=2143863052159.20 | gbest: cost=4301181753.42  viol=2139504621.7317  obj=2143805803485.13
[Run 17 | Iter 197] iter_best: cost=4292580602.74  viol=2139552525.3731  obj=2143845105975.84 | gbest: cost=4301181753.42  viol=2139504621.7317  obj=2143805803485.13
[Run 17 | FE 7936] best_local_obj=2143805803485.13  best_local_cost=4301181753.42  best_local_viol=2139504621.7317
[Run 17 | Iter 198] iter_best: cost=4301806835.62  viol=2139504621.7317  obj=2143806428567.32 | gbest: cost=4301181753.42  viol=2139504621.7317  obj=2143805803485.13
[Run 17 | Iter 199] iter_best: cost=4303182027.40  viol=2139452915.7660  obj=2143756097793.45 | gbest: cost=4303182027.40  viol=2139452915.7660  obj=2143756097793.45
[Run 17 | Iter 200] iter_best: cost=4307157547.95  viol=2139487615.3903  obj=2143794772938.25 | gbest: cost=4303182027.40  viol=2139452915.7660  obj=2143756097793.45
[Run 17 | Iter 201] iter_best: cost=4303182027.40  viol=2139452915.7660  obj=2143756097793.45 | gbest: cost=4303182027.40  viol=2139452915.7660  obj=2143756097793.45
[Run 17 | Iter 202] iter_best: cost=4301931863.01  viol=2139452915.7660  obj=2143754847629.06 | gbest: cost=4301931863.01  viol=2139452915.7660  obj=2143754847629.06
[Run 17 | Iter 203] iter_best: cost=4306257438.36  viol=2139452915.7660  obj=2143759173204.41 | gbest: cost=4301931863.01  viol=2139452915.7660  obj=2143754847629.06
[Run 17 | FE 8192] best_local_obj=2143754847629.06  best_local_cost=4301931863.01  best_local_viol=2139452915.7660
[Run 17 | Iter 204] iter_best: cost=4302156890.41  viol=2139452915.7660  obj=2143755072656.46 | gbest: cost=4301931863.01  viol=2139452915.7660  obj=2143754847629.06
[Run 17 | Iter 205] iter_best: cost=4297881315.07  viol=2139452982.2303  obj=2143750863545.37 | gbest: cost=4297881315.07  viol=2139452982.2303  obj=2143750863545.37
[Run 17 | Iter 206] iter_best: cost=4295556013.70  viol=2139452915.7660  obj=2143748471779.75 | gbest: cost=4295556013.70  viol=2139452915.7660  obj=2143748471779.75
[Run 17 | Iter 207] iter_best: cost=4292255575.34  viol=2139452915.7660  obj=2143745171341.39 | gbest: cost=4292255575.34  viol=2139452915.7660  obj=2143745171341.39
[Run 17 | Iter 208] iter_best: cost=4291855520.55  viol=2139452915.7660  obj=2143744771286.60 | gbest: cost=4291855520.55  viol=2139452915.7660  obj=2143744771286.60
[Run 17 | Iter 209] iter_best: cost=4297606287.67  viol=2139452915.7660  obj=2143750522053.72 | gbest: cost=4291855520.55  viol=2139452915.7660  obj=2143744771286.60
[Run 17 | Iter 210] iter_best: cost=4300481643.84  viol=2139435740.6251  obj=2143736222268.94 | gbest: cost=4300481643.84  viol=2139435740.6251  obj=2143736222268.94
[Run 17 | FE 8448] best_local_obj=2143679915767.15  best_local_cost=4295881041.10  best_local_viol=2139384034.7260
[Run 17 | Iter 211] iter_best: cost=4310507986.30  viol=2139336197.6969  obj=2143646705683.20 | gbest: cost=4310507986.30  viol=2139336197.6969  obj=2143646705683.20
[Run 17 | Iter 212] iter_best: cost=4309482849.32  viol=2139269941.0969  obj=2143579423946.22 | gbest: cost=4309482849.32  viol=2139269941.0969  obj=2143579423946.22
[Run 17 | Iter 213] iter_best: cost=4303582082.19  viol=2137658156.7819  obj=2141961738864.14 | gbest: cost=4303582082.19  viol=2137658156.7819  obj=2141961738864.14
[Run 17 | Iter 214] iter_best: cost=4306132410.96  viol=2137658223.2612  obj=2141964355672.16 | gbest: cost=4303582082.19  viol=2137658156.7819  obj=2141961738864.14
[Run 17 | Iter 215] iter_best: cost=4301581808.22  viol=2137980979.1149  obj=2142282560923.17 | gbest: cost=4303582082.19  viol=2137658156.7819  obj=2141961738864.14
[Run 17 | Iter 216] iter_best: cost=4302957000.00  viol=2137987240.0367  obj=2142290197036.75 | gbest: cost=4303582082.19  viol=2137658156.7819  obj=2141961738864.14
[Run 17 | FE 8704] best_local_obj=2141961738864.14  best_local_cost=4303582082.19  best_local_viol=2137658156.7819
[Run 17 | Iter 217] iter_best: cost=4301906835.62  viol=2137576795.5865  obj=2141878702422.12 | gbest: cost=4301906835.62  viol=2137576795.5865  obj=2141878702422.12
[Run 17 | Iter 218] iter_best: cost=4302206890.41  viol=2137403931.8045  obj=2141706138694.96 | gbest: cost=4302206890.41  viol=2137403931.8045  obj=2141706138694.96
[Run 17 | Iter 219] iter_best: cost=4302881972.60  viol=2137403998.1065  obj=2141706880079.10 | gbest: cost=4302206890.41  viol=2137403931.8045  obj=2141706138694.96
[Run 17 | Iter 220] iter_best: cost=4304532191.78  viol=2137403931.8045  obj=2141708463996.33 | gbest: cost=4302206890.41  viol=2137403931.8045  obj=2141706138694.96
[Run 17 | Iter 221] iter_best: cost=4301281753.42  viol=2137403998.1065  obj=2141705279859.93 | gbest: cost=4301281753.42  viol=2137403998.1065  obj=2141705279859.93
[Run 17 | Iter 222] iter_best: cost=4299181479.45  viol=2137403998.1065  obj=2141703179585.95 | gbest: cost=4299181479.45  viol=2137403998.1065  obj=2141703179585.95
[Run 17 | FE 8960] best_local_obj=2141703179585.95  best_local_cost=4299181479.45  best_local_viol=2137403998.1065
[Run 17 | Iter 223] iter_best: cost=4299531534.25  viol=2137403998.1065  obj=2141703529640.75 | gbest: cost=4299181479.45  viol=2137403998.1065  obj=2141703179585.95
[Run 17 | Iter 224] iter_best: cost=4301231753.42  viol=2137403998.1065  obj=2141705229859.93 | gbest: cost=4299181479.45  viol=2137403998.1065  obj=2141703179585.95
[Run 17 | Iter 225] iter_best: cost=4298156342.47  viol=2137403998.1065  obj=2141702154448.97 | gbest: cost=4298156342.47  viol=2137403998.1065  obj=2141702154448.97
[Run 17 | Iter 226] iter_best: cost=4302756945.21  viol=2137405443.1962  obj=2141708200141.41 | gbest: cost=4298156342.47  viol=2137403998.1065  obj=2141702154448.97
[Run 17 | Iter 227] iter_best: cost=4292180547.95  viol=2137403998.1065  obj=2141696178654.45 | gbest: cost=4292180547.95  viol=2137403998.1065  obj=2141696178654.45
[Run 17 | Iter 228] iter_best: cost=4296556123.29  viol=2137403998.1065  obj=2141700554229.79 | gbest: cost=4292180547.95  viol=2137403998.1065  obj=2141696178654.45
[Run 17 | Iter 229] iter_best: cost=4294855904.11  viol=2137403998.1065  obj=2141698854010.61 | gbest: cost=4292180547.95  viol=2137403998.1065  obj=2141696178654.45
[Run 17 | FE 9216] best_local_obj=2141696178654.45  best_local_cost=4292180547.95  best_local_viol=2137403998.1065
[Run 17 | Iter 230] iter_best: cost=4296556123.29  viol=2137403998.1065  obj=2141700554229.79 | gbest: cost=4292180547.95  viol=2137403998.1065  obj=2141696178654.45
[Run 17 | Iter 231] iter_best: cost=4294230821.92  viol=2137403998.1065  obj=2141698228928.42 | gbest: cost=4292180547.95  viol=2137403998.1065  obj=2141696178654.45
