[RunConfig] run_id=23 seed=1023
[OutputDir] /work/home/acn1eb8nfq/yuezhang46/UScode/US实验一：横向对比/pso_global_logs/run_23_seed_1023
[Info] #nodes = 4301
[Load] Reading scenarios ...
  - 2020: raw edges=5296, days=366
  - 2025: raw edges=5296, days=365
  - 2030: raw edges=5296, days=365
  - 2035: raw edges=5296, days=365
  - 2040: raw edges=5296, days=366
[Filter] EDGE_WEIGHT_MIN=1.0
  - active_nodes=2914  inactive_nodes(fixed NONE)=1387
  - 2020: removed=2048, kept=3248
  - 2025: removed=2048, kept=3248
  - 2030: removed=2048, kept=3248
  - 2035: removed=2048, kept=3248
  - 2040: removed=2048, kept=3248
  - 2020: filtered edges (active subgraph)=3248
  - 2025: filtered edges (active subgraph)=3248
  - 2030: filtered edges (active subgraph)=3248
  - 2035: filtered edges (active subgraph)=3248
  - 2040: filtered edges (active subgraph)=3248
[PSO] Evaluate initial swarm ...
[PSO] Init snapshot: best_cost=1246648671.23  best_viol=3378442841.9310  best_obj=3379689490602.19
[PSO] Iterate ...
[Run 23 | Iter 1] iter_best: cost=1484131547.95  viol=3266190738.8489  obj=3267674870396.89 | gbest: cost=1484131547.95  viol=3266190738.8489  obj=3267674870396.89
[Run 23 | Iter 2] iter_best: cost=1796373958.90  viol=3066022575.3321  obj=3067818949290.99 | gbest: cost=1796373958.90  viol=3066022575.3321  obj=3067818949290.99
[Run 23 | Iter 3] iter_best: cost=2201377821.92  viol=2864748173.9437  obj=2866949551765.60 | gbest: cost=2201377821.92  viol=2864748173.9437  obj=2866949551765.60
[Run 23 | Iter 4] iter_best: cost=2561150739.73  viol=2719244564.9493  obj=2721805715689.03 | gbest: cost=2561150739.73  viol=2719244564.9493  obj=2721805715689.03
[Run 23 | Iter 5] iter_best: cost=2875642547.95  viol=2586070529.8930  obj=2588946172440.92 | gbest: cost=2875642547.95  viol=2586070529.8930  obj=2588946172440.92
[Run 23 | FE 256] best_local_obj=2517651367847.16  best_local_cost=3090246123.29  best_local_viol=2514561121.7239
[Run 23 | Iter 6] iter_best: cost=3090246123.29  viol=2514561121.7239  obj=2517651367847.16 | gbest: cost=3090246123.29  viol=2514561121.7239  obj=2517651367847.16
[Run 23 | Iter 7] iter_best: cost=3232965027.40  viol=2463426265.6628  obj=2466659230690.20 | gbest: cost=3232965027.40  viol=2463426265.6628  obj=2466659230690.20
[Run 23 | Iter 8] iter_best: cost=3356756493.15  viol=2431681991.4788  obj=2435038747971.95 | gbest: cost=3356756493.15  viol=2431681991.4788  obj=2435038747971.95
[Run 23 | Iter 9] iter_best: cost=3451594068.49  viol=2406287193.6396  obj=2409738787708.14 | gbest: cost=3451594068.49  viol=2406287193.6396  obj=2409738787708.14
[Run 23 | Iter 10] iter_best: cost=3489974027.40  viol=2377169956.0730  obj=2380659930100.38 | gbest: cost=3489974027.40  viol=2377169956.0730  obj=2380659930100.38
[Run 23 | Iter 11] iter_best: cost=3565659027.40  viol=2356183569.6483  obj=2359749228675.66 | gbest: cost=3565659027.40  viol=2356183569.6483  obj=2359749228675.66
[Run 23 | FE 512] best_local_obj=2341876617795.45  best_local_cost=3620991342.47  best_local_viol=2338255626.4530
[Run 23 | Iter 12] iter_best: cost=3620991342.47  viol=2338255626.4530  obj=2341876617795.45 | gbest: cost=3620991342.47  viol=2338255626.4530  obj=2341876617795.45
[Run 23 | Iter 13] iter_best: cost=3644544410.96  viol=2327832690.9485  obj=2331477235359.43 | gbest: cost=3644544410.96  viol=2327832690.9485  obj=2331477235359.43
[Run 23 | Iter 14] iter_best: cost=3690525465.75  viol=2314983568.0792  obj=2318674093544.91 | gbest: cost=3690525465.75  viol=2314983568.0792  obj=2318674093544.91
[Run 23 | Iter 15] iter_best: cost=3711628260.27  viol=2302132716.6033  obj=2305844344863.52 | gbest: cost=3711628260.27  viol=2302132716.6033  obj=2305844344863.52
[Run 23 | Iter 16] iter_best: cost=3737056520.55  viol=2290466824.2412  obj=2294203880761.76 | gbest: cost=3737056520.55  viol=2290466824.2412  obj=2294203880761.76
[Run 23 | Iter 17] iter_best: cost=3770711013.70  viol=2283330264.1588  obj=2287100975172.51 | gbest: cost=3770711013.70  viol=2283330264.1588  obj=2287100975172.51
[Run 23 | Iter 18] iter_best: cost=3767885602.74  viol=2278864186.0479  obj=2282632071650.68 | gbest: cost=3767885602.74  viol=2278864186.0479  obj=2282632071650.68
[Run 23 | FE 768] best_local_obj=2279209132389.03  best_local_cost=3792463808.22  best_local_viol=2275416668.5808
[Run 23 | Iter 19] iter_best: cost=3786313041.10  viol=2274339632.4250  obj=2278125945466.13 | gbest: cost=3786313041.10  viol=2274339632.4250  obj=2278125945466.13
[Run 23 | Iter 20] iter_best: cost=3792488780.82  viol=2270589517.3291  obj=2274382006109.91 | gbest: cost=3792488780.82  viol=2270589517.3291  obj=2274382006109.91
[Run 23 | Iter 21] iter_best: cost=3791813698.63  viol=2268100447.5711  obj=2271892261269.76 | gbest: cost=3791813698.63  viol=2268100447.5711  obj=2271892261269.76
[Run 23 | Iter 22] iter_best: cost=3802365068.49  viol=2261928007.6138  obj=2265730372682.32 | gbest: cost=3802365068.49  viol=2261928007.6138  obj=2265730372682.32
[Run 23 | Iter 23] iter_best: cost=3809816054.79  viol=2263744423.1917  obj=2267554239246.47 | gbest: cost=3802365068.49  viol=2261928007.6138  obj=2265730372682.32
[Run 23 | Iter 24] iter_best: cost=3819317260.27  viol=2260961567.1482  obj=2264780884408.50 | gbest: cost=3819317260.27  viol=2260961567.1482  obj=2264780884408.50
[Run 23 | FE 1024] best_local_obj=2261143795488.89  best_local_cost=3829893712.33  best_local_viol=2257313901.7766
[Run 23 | Iter 25] iter_best: cost=3829893712.33  viol=2257313901.7766  obj=2261143795488.89 | gbest: cost=3829893712.33  viol=2257313901.7766  obj=2261143795488.89
[Run 23 | Iter 26] iter_best: cost=3829543657.53  viol=2252975907.2195  obj=2256805450876.99 | gbest: cost=3829543657.53  viol=2252975907.2195  obj=2256805450876.99
[Run 23 | Iter 27] iter_best: cost=3834844369.86  viol=2250007758.3334  obj=2253842602703.29 | gbest: cost=3834844369.86  viol=2250007758.3334  obj=2253842602703.29
[Run 23 | Iter 28] iter_best: cost=3842720383.56  viol=2248594474.8796  obj=2252437195263.17 | gbest: cost=3842720383.56  viol=2248594474.8796  obj=2252437195263.17
[Run 23 | Iter 29] iter_best: cost=3853571808.22  viol=2246768822.5414  obj=2250622394349.59 | gbest: cost=3853571808.22  viol=2246768822.5414  obj=2250622394349.59
[Run 23 | Iter 30] iter_best: cost=3846695849.32  viol=2245887197.3439  obj=2249733893193.23 | gbest: cost=3846695849.32  viol=2245887197.3439  obj=2249733893193.23
[Run 23 | FE 1280] best_local_obj=2246977303119.83  best_local_cost=3880025260.27  best_local_viol=2243097277.8596
[Run 23 | Iter 31] iter_best: cost=3880025260.27  viol=2243097277.8596  obj=2246977303119.83 | gbest: cost=3880025260.27  viol=2243097277.8596  obj=2246977303119.83
[Run 23 | Iter 32] iter_best: cost=3884875917.81  viol=2241841743.5116  obj=2245726619429.36 | gbest: cost=3884875917.81  viol=2241841743.5116  obj=2245726619429.36
[Run 23 | Iter 33] iter_best: cost=3882950616.44  viol=2239726687.4757  obj=2243609638092.09 | gbest: cost=3882950616.44  viol=2239726687.4757  obj=2243609638092.09
[Run 23 | Iter 34] iter_best: cost=3885075863.01  viol=2238911155.6915  obj=2242796231554.54 | gbest: cost=3885075863.01  viol=2238911155.6915  obj=2242796231554.54
[Run 23 | Iter 35] iter_best: cost=3891426684.93  viol=2238119155.5321  obj=2242010582217.04 | gbest: cost=3891426684.93  viol=2238119155.5321  obj=2242010582217.04
[Run 23 | Iter 36] iter_best: cost=3906303684.93  viol=2231872782.1354  obj=2235779085820.33 | gbest: cost=3906303684.93  viol=2231872782.1354  obj=2235779085820.33
[Run 23 | Iter 37] iter_best: cost=3912379424.66  viol=2229312124.5173  obj=2233224503941.97 | gbest: cost=3912379424.66  viol=2229312124.5173  obj=2233224503941.97
[Run 23 | FE 1536] best_local_obj=2231815263106.22  best_local_cost=3919480356.16  best_local_viol=2227895782.7501
[Run 23 | Iter 38] iter_best: cost=3919480356.16  viol=2227895782.7501  obj=2231815263106.22 | gbest: cost=3919480356.16  viol=2227895782.7501  obj=2231815263106.22
[Run 23 | Iter 39] iter_best: cost=3919880410.96  viol=2225031141.8560  obj=2228951022267.01 | gbest: cost=3919880410.96  viol=2225031141.8560  obj=2228951022267.01
[Run 23 | Iter 40] iter_best: cost=3951584630.14  viol=2215392588.0683  obj=2219344172698.46 | gbest: cost=3951584630.14  viol=2215392588.0683  obj=2219344172698.46
[Run 23 | Iter 41] iter_best: cost=3955935232.88  viol=2212437772.3351  obj=2216393707567.94 | gbest: cost=3955935232.88  viol=2212437772.3351  obj=2216393707567.94
[Run 23 | Iter 42] iter_best: cost=3953034794.52  viol=2209022922.3558  obj=2212975957150.28 | gbest: cost=3953034794.52  viol=2209022922.3558  obj=2212975957150.28
[Run 23 | Iter 43] iter_best: cost=3963386219.18  viol=2204837835.4818  obj=2208801221701.00 | gbest: cost=3963386219.18  viol=2204837835.4818  obj=2208801221701.00
[Run 23 | FE 1792] best_local_obj=2208801221701.00  best_local_cost=3963386219.18  best_local_viol=2204837835.4818
[Run 23 | Iter 44] iter_best: cost=3963161136.99  viol=2204908180.1276  obj=2208871341264.62 | gbest: cost=3963386219.18  viol=2204837835.4818  obj=2208801221701.00
[Run 23 | Iter 45] iter_best: cost=3972712452.05  viol=2204693392.1471  obj=2208666104599.17 | gbest: cost=3972712452.05  viol=2204693392.1471  obj=2208666104599.17
[Run 23 | Iter 46] iter_best: cost=3976687972.60  viol=2202887553.5393  obj=2206864241511.92 | gbest: cost=3976687972.60  viol=2202887553.5393  obj=2206864241511.92
[Run 23 | Iter 47] iter_best: cost=3983213876.71  viol=2200181268.9796  obj=2204164482856.33 | gbest: cost=3983213876.71  viol=2200181268.9796  obj=2204164482856.33
[Run 23 | Iter 48] iter_best: cost=3989464698.63  viol=2200695816.3682  obj=2204685281066.85 | gbest: cost=3983213876.71  viol=2200181268.9796  obj=2204164482856.33
[Run 23 | Iter 49] iter_best: cost=3996740657.53  viol=2196781949.4826  obj=2200778690140.15 | gbest: cost=3996740657.53  viol=2196781949.4826  obj=2200778690140.15
[Run 23 | Iter 50] iter_best: cost=4001516287.67  viol=2194950687.0462  obj=2198952203333.83 | gbest: cost=4001516287.67  viol=2194950687.0462  obj=2198952203333.83
[Run 23 | FE 2048] best_local_obj=2198952203333.83  best_local_cost=4001516287.67  best_local_viol=2194950687.0462
[Run 23 | Iter 51] iter_best: cost=3999165958.90  viol=2195114647.9234  obj=2199113813882.34 | gbest: cost=4001516287.67  viol=2194950687.0462  obj=2198952203333.83
[Run 23 | Iter 52] iter_best: cost=3999290986.30  viol=2195299474.0018  obj=2199298764988.10 | gbest: cost=4001516287.67  viol=2194950687.0462  obj=2198952203333.83
[Run 23 | Iter 53] iter_best: cost=3993890273.97  viol=2195145334.2583  obj=2199139224532.25 | gbest: cost=4001516287.67  viol=2194950687.0462  obj=2198952203333.83
[Run 23 | Iter 54] iter_best: cost=4002591424.66  viol=2194208204.1108  obj=2198210795535.44 | gbest: cost=4002591424.66  viol=2194208204.1108  obj=2198210795535.44
[Run 23 | Iter 55] iter_best: cost=3999516013.70  viol=2193430665.2596  obj=2197430181273.28 | gbest: cost=3999516013.70  viol=2193430665.2596  obj=2197430181273.28
[Run 23 | Iter 56] iter_best: cost=4002216342.47  viol=2190788864.9045  obj=2194791081246.92 | gbest: cost=4002216342.47  viol=2190788864.9045  obj=2194791081246.92
[Run 23 | FE 2304] best_local_obj=2194216426694.33  best_local_cost=3995915520.55  best_local_viol=2190220511.1738
[Run 23 | Iter 57] iter_best: cost=3998590876.71  viol=2189201110.3521  obj=2193199701228.77 | gbest: cost=3998590876.71  viol=2189201110.3521  obj=2193199701228.77
[Run 23 | Iter 58] iter_best: cost=4000616123.29  viol=2188171429.1905  obj=2192172045313.77 | gbest: cost=4000616123.29  viol=2188171429.1905  obj=2192172045313.77
[Run 23 | Iter 59] iter_best: cost=4008017109.59  viol=2187514060.9460  obj=2191522078055.57 | gbest: cost=4008017109.59  viol=2187514060.9460  obj=2191522078055.57
[Run 23 | Iter 60] iter_best: cost=4011217547.95  viol=2183957213.8294  obj=2187968431377.30 | gbest: cost=4011217547.95  viol=2183957213.8294  obj=2187968431377.30
[Run 23 | Iter 61] iter_best: cost=4012867767.12  viol=2184644458.1489  obj=2188657325916.00 | gbest: cost=4011217547.95  viol=2183957213.8294  obj=2187968431377.30
[Run 23 | Iter 62] iter_best: cost=4016618260.27  viol=2183913264.6907  obj=2187929882950.95 | gbest: cost=4016618260.27  viol=2183913264.6907  obj=2187929882950.95
[Run 23 | FE 2560] best_local_obj=2187187910451.61  best_local_cost=4018218479.45  best_local_viol=2183169691.9722
[Run 23 | Iter 63] iter_best: cost=4018218479.45  viol=2183169691.9722  obj=2187187910451.61 | gbest: cost=4018218479.45  viol=2183169691.9722  obj=2187187910451.61
[Run 23 | Iter 64] iter_best: cost=4017818424.66  viol=2182729963.5014  obj=2186747781926.04 | gbest: cost=4017818424.66  viol=2182729963.5014  obj=2186747781926.04
[Run 23 | Iter 65] iter_best: cost=4021268863.01  viol=2182667759.6654  obj=2186689028528.39 | gbest: cost=4021268863.01  viol=2182667759.6654  obj=2186689028528.39
[Run 23 | Iter 66] iter_best: cost=4018618534.25  viol=2181031087.3512  obj=2185049705885.42 | gbest: cost=4018618534.25  viol=2181031087.3512  obj=2185049705885.42
[Run 23 | Iter 67] iter_best: cost=4014292958.90  viol=2181944834.4354  obj=2185959127394.28 | gbest: cost=4018618534.25  viol=2181031087.3512  obj=2185049705885.42
[Run 23 | Iter 68] iter_best: cost=4019618643.84  viol=2181908170.4725  obj=2185927789116.31 | gbest: cost=4018618534.25  viol=2181031087.3512  obj=2185049705885.42
[Run 23 | Iter 69] iter_best: cost=4022594054.79  viol=2181311392.6439  obj=2185333986698.67 | gbest: cost=4018618534.25  viol=2181031087.3512  obj=2185049705885.42
[Run 23 | FE 2816] best_local_obj=2184831703026.02  best_local_cost=4019293616.44  best_local_viol=2180812409.4096
[Run 23 | Iter 70] iter_best: cost=4010192410.96  viol=2180417235.8053  obj=2184427428216.24 | gbest: cost=4010192410.96  viol=2180417235.8053  obj=2184427428216.24
[Run 23 | Iter 71] iter_best: cost=4013892904.11  viol=2179487566.2429  obj=2183501459146.97 | gbest: cost=4013892904.11  viol=2179487566.2429  obj=2183501459146.97
[Run 23 | Iter 72] iter_best: cost=4026669575.34  viol=2179839008.4712  obj=2183865678046.52 | gbest: cost=4013892904.11  viol=2179487566.2429  obj=2183501459146.97
[Run 23 | Iter 73] iter_best: cost=4018843561.64  viol=2179487566.2429  obj=2183506409804.50 | gbest: cost=4013892904.11  viol=2179487566.2429  obj=2183501459146.97
[Run 23 | Iter 74] iter_best: cost=4022294000.00  viol=2178628250.1365  obj=2182650544136.48 | gbest: cost=4022294000.00  viol=2178628250.1365  obj=2182650544136.48
[Run 23 | Iter 75] iter_best: cost=4024569301.37  viol=2177703187.6863  obj=2181727756987.65 | gbest: cost=4024569301.37  viol=2177703187.6863  obj=2181727756987.65
[Run 23 | FE 3072] best_local_obj=2177296173053.07  best_local_cost=4037996082.19  best_local_viol=2173258176.9709
[Run 23 | Iter 76] iter_best: cost=4037996082.19  viol=2173258176.9709  obj=2177296173053.07 | gbest: cost=4037996082.19  viol=2173258176.9709  obj=2177296173053.07
[Run 23 | Iter 77] iter_best: cost=4035270726.03  viol=2173235153.1596  obj=2177270423885.61 | gbest: cost=4035270726.03  viol=2173235153.1596  obj=2177270423885.61
[Run 23 | Iter 78] iter_best: cost=4037271000.00  viol=2171124747.8847  obj=2175162018884.68 | gbest: cost=4037271000.00  viol=2171124747.8847  obj=2175162018884.68
[Run 23 | Iter 79] iter_best: cost=4040871493.15  viol=2170893698.3560  obj=2174934569849.13 | gbest: cost=4040871493.15  viol=2170893698.3560  obj=2174934569849.13
[Run 23 | Iter 80] iter_best: cost=4042346684.93  viol=2169489746.5958  obj=2173532093280.71 | gbest: cost=4042346684.93  viol=2169489746.5958  obj=2173532093280.71
[Run 23 | Iter 81] iter_best: cost=4043696849.32  viol=2169483650.5911  obj=2173527347440.39 | gbest: cost=4043696849.32  viol=2169483650.5911  obj=2173527347440.39
[Run 23 | Iter 82] iter_best: cost=4042971767.12  viol=2169169263.9090  obj=2173212235676.10 | gbest: cost=4042971767.12  viol=2169169263.9090  obj=2173212235676.10
[Run 23 | FE 3328] best_local_obj=2171399244841.24  best_local_cost=4038646191.78  best_local_viol=2167360598.6495
[Run 23 | Iter 83] iter_best: cost=4038646191.78  viol=2167360598.6495  obj=2171399244841.24 | gbest: cost=4038646191.78  viol=2167360598.6495  obj=2171399244841.24
[Run 23 | Iter 84] iter_best: cost=4047247342.47  viol=2167677110.2754  obj=2171724357617.84 | gbest: cost=4038646191.78  viol=2167360598.6495  obj=2171399244841.24
[Run 23 | Iter 85] iter_best: cost=4048597506.85  viol=2167116427.4144  obj=2171165024921.21 | gbest: cost=4048597506.85  viol=2167116427.4144  obj=2171165024921.21
[Run 23 | Iter 86] iter_best: cost=4050247726.03  viol=2166069500.3763  obj=2170119748102.29 | gbest: cost=4050247726.03  viol=2166069500.3763  obj=2170119748102.29
[Run 23 | Iter 87] iter_best: cost=4051922917.81  viol=2165394212.1575  obj=2169446135075.29 | gbest: cost=4051922917.81  viol=2165394212.1575  obj=2169446135075.29
[Run 23 | Iter 88] iter_best: cost=4051472863.01  viol=2164911726.1325  obj=2168963198995.49 | gbest: cost=4051472863.01  viol=2164911726.1325  obj=2168963198995.49
[Run 23 | FE 3584] best_local_obj=2168653990625.11  best_local_cost=4056073465.75  best_local_viol=2164597917.1594
[Run 23 | Iter 89] iter_best: cost=4056073465.75  viol=2164597917.1594  obj=2168653990625.11 | gbest: cost=4056073465.75  viol=2164597917.1594  obj=2168653990625.11
[Run 23 | Iter 90] iter_best: cost=4065074671.23  viol=2162413891.6590  obj=2166478966330.25 | gbest: cost=4065074671.23  viol=2162413891.6590  obj=2166478966330.25
[Run 23 | Iter 91] iter_best: cost=4062024287.67  viol=2162655961.0375  obj=2166717985325.16 | gbest: cost=4065074671.23  viol=2162413891.6590  obj=2166478966330.25
[Run 23 | Iter 92] iter_best: cost=4064499589.04  viol=2163079765.7637  obj=2167144265352.75 | gbest: cost=4065074671.23  viol=2162413891.6590  obj=2166478966330.25
[Run 23 | Iter 93] iter_best: cost=4061099150.68  viol=2161901767.5298  obj=2165962866680.50 | gbest: cost=4061099150.68  viol=2161901767.5298  obj=2165962866680.50
[Run 23 | Iter 94] iter_best: cost=4060424068.49  viol=2161260669.8742  obj=2165321093942.69 | gbest: cost=4060424068.49  viol=2161260669.8742  obj=2165321093942.69
[Run 23 | FE 3840] best_local_obj=2165321093942.69  best_local_cost=4060424068.49  best_local_viol=2161260669.8742
[Run 23 | Iter 95] iter_best: cost=4066224835.62  viol=2161260669.8742  obj=2165326894709.81 | gbest: cost=4060424068.49  viol=2161260669.8742  obj=2165321093942.69
[Run 23 | Iter 96] iter_best: cost=4074250904.11  viol=2160859520.0495  obj=2164933770953.62 | gbest: cost=4074250904.11  viol=2160859520.0495  obj=2164933770953.62
[Run 23 | Iter 97] iter_best: cost=4077326315.07  viol=2159796866.0814  obj=2163874192396.48 | gbest: cost=4077326315.07  viol=2159796866.0814  obj=2163874192396.48
[Run 23 | Iter 98] iter_best: cost=4077326315.07  viol=2159324783.3564  obj=2163402109671.48 | gbest: cost=4077326315.07  viol=2159324783.3564  obj=2163402109671.48
[Run 23 | Iter 99] iter_best: cost=4077701342.47  viol=2159113686.1814  obj=2163191387523.84 | gbest: cost=4077701342.47  viol=2159113686.1814  obj=2163191387523.84
[Run 23 | Iter 100] iter_best: cost=4081601890.41  viol=2157780587.1331  obj=2161862189023.52 | gbest: cost=4081601890.41  viol=2157780587.1331  obj=2161862189023.52
[Run 23 | Iter 101] iter_best: cost=4079001506.85  viol=2158481297.5009  obj=2162560299007.72 | gbest: cost=4081601890.41  viol=2157780587.1331  obj=2161862189023.52
[Run 23 | FE 4096] best_local_obj=2161862189023.52  best_local_cost=4081601890.41  best_local_viol=2157780587.1331
[Run 23 | Iter 102] iter_best: cost=4084952328.77  viol=2157300050.3712  obj=2161385002699.96 | gbest: cost=4084952328.77  viol=2157300050.3712  obj=2161385002699.96
[Run 23 | Iter 103] iter_best: cost=4092528342.47  viol=2155730728.0037  obj=2159823256346.14 | gbest: cost=4092528342.47  viol=2155730728.0037  obj=2159823256346.14
[Run 23 | Iter 104] iter_best: cost=4088252767.12  viol=2156267443.3469  obj=2160355696113.98 | gbest: cost=4092528342.47  viol=2155730728.0037  obj=2159823256346.14
[Run 23 | Iter 105] iter_best: cost=4086852602.74  viol=2156340889.4862  obj=2160427742088.90 | gbest: cost=4092528342.47  viol=2155730728.0037  obj=2159823256346.14
[Run 23 | Iter 106] iter_best: cost=4091278178.08  viol=2155592412.6700  obj=2159683690848.04 | gbest: cost=4091278178.08  viol=2155592412.6700  obj=2159683690848.04
[Run 23 | Iter 107] iter_best: cost=4087002602.74  viol=2154304080.0125  obj=2158391082615.21 | gbest: cost=4087002602.74  viol=2154304080.0125  obj=2158391082615.21
[Run 23 | FE 4352] best_local_obj=2158258966694.80  best_local_cost=4087977739.73  best_local_viol=2154170988.9551
[Run 23 | Iter 108] iter_best: cost=4087977739.73  viol=2154170988.9551  obj=2158258966694.80 | gbest: cost=4087977739.73  viol=2154170988.9551  obj=2158258966694.80
[Run 23 | Iter 109] iter_best: cost=4091053150.68  viol=2154526353.5753  obj=2158617406725.96 | gbest: cost=4087977739.73  viol=2154170988.9551  obj=2158258966694.80
[Run 23 | Iter 110] iter_best: cost=4084277246.58  viol=2153923709.5417  obj=2158007986788.23 | gbest: cost=4084277246.58  viol=2153923709.5417  obj=2158007986788.23
[Run 23 | Iter 111] iter_best: cost=4082577027.40  viol=2154126588.8783  obj=2158209165905.67 | gbest: cost=4084277246.58  viol=2153923709.5417  obj=2158007986788.23
[Run 23 | Iter 112] iter_best: cost=4092303315.07  viol=2153180757.5262  obj=2157273060841.24 | gbest: cost=4092303315.07  viol=2153180757.5262  obj=2157273060841.24
[Run 23 | Iter 113] iter_best: cost=4098629164.38  viol=2153085121.9722  obj=2157183751136.54 | gbest: cost=4098629164.38  viol=2153085121.9722  obj=2157183751136.54
[Run 23 | Iter 114] iter_best: cost=4092303315.07  viol=2153216016.6019  obj=2157308319916.94 | gbest: cost=4098629164.38  viol=2153085121.9722  obj=2157183751136.54
[Run 23 | FE 4608] best_local_obj=2157183751136.54  best_local_cost=4098629164.38  best_local_viol=2153085121.9722
[Run 23 | Iter 115] iter_best: cost=4096003808.22  viol=2153592136.7424  obj=2157688140550.57 | gbest: cost=4098629164.38  viol=2153085121.9722  obj=2157183751136.54
[Run 23 | Iter 116] iter_best: cost=4096978945.21  viol=2153202956.6916  obj=2157299935636.76 | gbest: cost=4098629164.38  viol=2153085121.9722  obj=2157183751136.54
[Run 23 | Iter 117] iter_best: cost=4093628506.85  viol=2152992800.4395  obj=2157086428946.32 | gbest: cost=4093628506.85  viol=2152992800.4395  obj=2157086428946.32
[Run 23 | Iter 118] iter_best: cost=4101204520.55  viol=2152518220.7564  obj=2156619425276.93 | gbest: cost=4101204520.55  viol=2152518220.7564  obj=2156619425276.93
[Run 23 | Iter 119] iter_best: cost=4106555232.88  viol=2152156901.9031  obj=2156263457135.94 | gbest: cost=4106555232.88  viol=2152156901.9031  obj=2156263457135.94
[Run 23 | Iter 120] iter_best: cost=4108930534.25  viol=2151653018.8030  obj=2155761949337.21 | gbest: cost=4108930534.25  viol=2151653018.8030  obj=2155761949337.21
[Run 23 | FE 4864] best_local_obj=2155005646774.99  best_local_cost=4102329657.53  best_local_viol=2150903317.1175
[Run 23 | Iter 121] iter_best: cost=4102329657.53  viol=2150903317.1175  obj=2155005646774.99 | gbest: cost=4102329657.53  viol=2150903317.1175  obj=2155005646774.99
[Run 23 | Iter 122] iter_best: cost=4113256109.59  viol=2150899184.3422  obj=2155012440451.74 | gbest: cost=4102329657.53  viol=2150903317.1175  obj=2155005646774.99
[Run 23 | Iter 123] iter_best: cost=4106605232.88  viol=2150830206.3474  obj=2154936811580.23 | gbest: cost=4106605232.88  viol=2150830206.3474  obj=2154936811580.23
[Run 23 | Iter 124] iter_best: cost=4107355342.47  viol=2149307281.8276  obj=2153414637170.02 | gbest: cost=4107355342.47  viol=2149307281.8276  obj=2153414637170.02
[Run 23 | Iter 125] iter_best: cost=4104004904.11  viol=2148815688.1648  obj=2152919693068.86 | gbest: cost=4104004904.11  viol=2148815688.1648  obj=2152919693068.86
[Run 23 | Iter 126] iter_best: cost=4106955287.67  viol=2148571224.8971  obj=2152678180184.74 | gbest: cost=4106955287.67  viol=2148571224.8971  obj=2152678180184.74
[Run 23 | FE 5120] best_local_obj=2152635599839.75  best_local_cost=4106380205.48  best_local_viol=2148529219.6343
[Run 23 | Iter 127] iter_best: cost=4106380205.48  viol=2148529219.6343  obj=2152635599839.75 | gbest: cost=4106380205.48  viol=2148529219.6343  obj=2152635599839.75
[Run 23 | Iter 128] iter_best: cost=4111955945.21  viol=2148452850.5176  obj=2152564806462.78 | gbest: cost=4111955945.21  viol=2148452850.5176  obj=2152564806462.78
[Run 23 | Iter 129] iter_best: cost=4111280863.01  viol=2148379062.9517  obj=2152490343814.69 | gbest: cost=4111280863.01  viol=2148379062.9517  obj=2152490343814.69
[Run 23 | Iter 130] iter_best: cost=4116981630.14  viol=2148208692.0267  obj=2152325673656.81 | gbest: cost=4116981630.14  viol=2148208692.0267  obj=2152325673656.81
[Run 23 | Iter 131] iter_best: cost=4115331410.96  viol=2148208692.0267  obj=2152324023437.63 | gbest: cost=4115331410.96  viol=2148208692.0267  obj=2152324023437.63
[Run 23 | Iter 132] iter_best: cost=4112656054.79  viol=2148208692.0617  obj=2152321348116.47 | gbest: cost=4112656054.79  viol=2148208692.0617  obj=2152321348116.47
[Run 23 | Iter 133] iter_best: cost=4118281794.52  viol=2148025520.1588  obj=2152143801953.29 | gbest: cost=4118281794.52  viol=2148025520.1588  obj=2152143801953.29
[Run 23 | FE 5376] best_local_obj=2152009527344.23  best_local_cost=4123557479.45  best_local_viol=2147885969.8648
[Run 23 | Iter 134] iter_best: cost=4123557479.45  viol=2147885969.8648  obj=2152009527344.23 | gbest: cost=4123557479.45  viol=2147885969.8648  obj=2152009527344.23
[Run 23 | Iter 135] iter_best: cost=4116281520.55  viol=2147707236.5828  obj=2151823518103.32 | gbest: cost=4116281520.55  viol=2147707236.5828  obj=2151823518103.32
[Run 23 | Iter 136] iter_best: cost=4112981082.19  viol=2147830806.5079  obj=2151943787590.07 | gbest: cost=4116281520.55  viol=2147707236.5828  obj=2151823518103.32
[Run 23 | Iter 137] iter_best: cost=4114281246.58  viol=2147708589.3073  obj=2151822870553.85 | gbest: cost=4114281246.58  viol=2147708589.3073  obj=2151822870553.85
[Run 23 | Iter 138] iter_best: cost=4119631958.90  viol=2147201103.8544  obj=2151320735813.28 | gbest: cost=4119631958.90  viol=2147201103.8544  obj=2151320735813.28
[Run 23 | Iter 139] iter_best: cost=4119906986.30  viol=2146619641.8690  obj=2150739548855.25 | gbest: cost=4119906986.30  viol=2146619641.8690  obj=2150739548855.25
[Run 23 | FE 5632] best_local_obj=2150366311071.91  best_local_cost=4123607479.45  best_local_viol=2146242703.5925
[Run 23 | Iter 140] iter_best: cost=4123607479.45  viol=2146242703.5925  obj=2150366311071.91 | gbest: cost=4123607479.45  viol=2146242703.5925  obj=2150366311071.91
[Run 23 | Iter 141] iter_best: cost=4126982945.21  viol=2145620535.5608  obj=2149747518505.98 | gbest: cost=4126982945.21  viol=2145620535.5608  obj=2149747518505.98
[Run 23 | Iter 142] iter_best: cost=4125957808.22  viol=2146071264.8642  obj=2150197222672.37 | gbest: cost=4126982945.21  viol=2145620535.5608  obj=2149747518505.98
[Run 23 | Iter 143] iter_best: cost=4125557753.42  viol=2145620535.5608  obj=2149746093314.20 | gbest: cost=4125557753.42  viol=2145620535.5608  obj=2149746093314.20
[Run 23 | Iter 144] iter_best: cost=4125207698.63  viol=2145066715.3453  obj=2149191923043.90 | gbest: cost=4125207698.63  viol=2145066715.3453  obj=2149191923043.90
[Run 23 | Iter 145] iter_best: cost=4125257698.63  viol=2144779101.1184  obj=2148904358817.00 | gbest: cost=4125257698.63  viol=2144779101.1184  obj=2148904358817.00
[Run 23 | Iter 146] iter_best: cost=4128883164.38  viol=2144897325.4611  obj=2149026208625.44 | gbest: cost=4125257698.63  viol=2144779101.1184  obj=2148904358817.00
[Run 23 | FE 5888] best_local_obj=2148904358817.00  best_local_cost=4125257698.63  best_local_viol=2144779101.1184
[Run 23 | Iter 147] iter_best: cost=4127908027.40  viol=2144181994.8378  obj=2148309902865.15 | gbest: cost=4127908027.40  viol=2144181994.8378  obj=2148309902865.15
[Run 23 | Iter 148] iter_best: cost=4129758301.37  viol=2143185390.9780  obj=2147315149279.34 | gbest: cost=4129758301.37  viol=2143185390.9780  obj=2147315149279.34
[Run 23 | Iter 149] iter_best: cost=4129458246.58  viol=2142633502.7622  obj=2146762961008.73 | gbest: cost=4129458246.58  viol=2142633502.7622  obj=2146762961008.73
[Run 23 | Iter 150] iter_best: cost=4135159013.70  viol=2142931257.4056  obj=2147066416419.25 | gbest: cost=4129458246.58  viol=2142633502.7622  obj=2146762961008.73
[Run 23 | Iter 151] iter_best: cost=4130533383.56  viol=2142406217.7215  obj=2146536751105.02 | gbest: cost=4130533383.56  viol=2142406217.7215  obj=2146536751105.02
[Run 23 | Iter 152] iter_best: cost=4133158739.73  viol=2142018002.8700  obj=2146151161609.68 | gbest: cost=4133158739.73  viol=2142018002.8700  obj=2146151161609.68
[Run 23 | FE 6144] best_local_obj=2145390016875.43  best_local_cost=4137959397.26  best_local_viol=2141252057.4782
[Run 23 | Iter 153] iter_best: cost=4137959397.26  viol=2141252057.4782  obj=2145390016875.43 | gbest: cost=4137959397.26  viol=2141252057.4782  obj=2145390016875.43
[Run 23 | Iter 154] iter_best: cost=4135809123.29  viol=2140483944.6403  obj=2144619753763.54 | gbest: cost=4135809123.29  viol=2140483944.6403  obj=2144619753763.54
[Run 23 | Iter 155] iter_best: cost=4142284972.60  viol=2140159530.4007  obj=2144301815373.26 | gbest: cost=4142284972.60  viol=2140159530.4007  obj=2144301815373.26
[Run 23 | Iter 156] iter_best: cost=4137509342.47  viol=2140880644.6184  obj=2145018153960.82 | gbest: cost=4142284972.60  viol=2140159530.4007  obj=2144301815373.26
[Run 23 | Iter 157] iter_best: cost=4135559068.49  viol=2140548338.7453  obj=2144683897813.77 | gbest: cost=4142284972.60  viol=2140159530.4007  obj=2144301815373.26
[Run 23 | Iter 158] iter_best: cost=4137209287.67  viol=2140172833.3094  obj=2144310042597.04 | gbest: cost=4142284972.60  viol=2140159530.4007  obj=2144301815373.26
[Run 23 | FE 6400] best_local_obj=2144301815373.26  best_local_cost=4142284972.60  best_local_viol=2140159530.4007
[Run 23 | Iter 159] iter_best: cost=4144610273.97  viol=2140368723.7195  obj=2144513333993.45 | gbest: cost=4142284972.60  viol=2140159530.4007  obj=2144301815373.26
[Run 23 | Iter 160] iter_best: cost=4138534479.45  viol=2140458321.2162  obj=2144596855695.63 | gbest: cost=4142284972.60  viol=2140159530.4007  obj=2144301815373.26
[Run 23 | Iter 161] iter_best: cost=4141259835.62  viol=2139968603.2017  obj=2144109863037.27 | gbest: cost=4141259835.62  viol=2139968603.2017  obj=2144109863037.27
[Run 23 | Iter 162] iter_best: cost=4140859780.82  viol=2140153479.9557  obj=2144294339736.48 | gbest: cost=4141259835.62  viol=2139968603.2017  obj=2144109863037.27
[Run 23 | Iter 163] iter_best: cost=4138309452.05  viol=2140434040.9455  obj=2144572350397.53 | gbest: cost=4141259835.62  viol=2139968603.2017  obj=2144109863037.27
[Run 23 | Iter 164] iter_best: cost=4143985191.78  viol=2139972470.3442  obj=2144116455535.93 | gbest: cost=4141259835.62  viol=2139968603.2017  obj=2144109863037.27
[Run 23 | Iter 165] iter_best: cost=4145535410.96  viol=2139702395.3339  obj=2143847930744.83 | gbest: cost=4145535410.96  viol=2139702395.3339  obj=2143847930744.83
[Run 23 | FE 6656] best_local_obj=2143824326071.80  best_local_cost=4148210767.12  best_local_viol=2139676115.3047
[Run 23 | Iter 166] iter_best: cost=4148210767.12  viol=2139676115.3047  obj=2143824326071.80 | gbest: cost=4148210767.12  viol=2139676115.3047  obj=2143824326071.80
[Run 23 | Iter 167] iter_best: cost=4141584863.01  viol=2139301985.0828  obj=2143443569945.79 | gbest: cost=4141584863.01  viol=2139301985.0828  obj=2143443569945.79
[Run 23 | Iter 168] iter_best: cost=4148485794.52  viol=2138614697.3623  obj=2142763183156.79 | gbest: cost=4148485794.52  viol=2138614697.3623  obj=2142763183156.79
[Run 23 | Iter 169] iter_best: cost=4152286287.67  viol=2138371553.2033  obj=2142523839490.94 | gbest: cost=4152286287.67  viol=2138371553.2033  obj=2142523839490.94
[Run 23 | Iter 170] iter_best: cost=4144335246.58  viol=2138379505.1451  obj=2142523840391.63 | gbest: cost=4152286287.67  viol=2138371553.2033  obj=2142523839490.94
[Run 23 | Iter 171] iter_best: cost=4157537000.00  viol=2137696707.1187  obj=2141854244118.67 | gbest: cost=4157537000.00  viol=2137696707.1187  obj=2141854244118.67
[Run 23 | FE 6912] best_local_obj=2141328775803.45  best_local_cost=4159537273.97  best_local_viol=2137169238.5295
[Run 23 | Iter 172] iter_best: cost=4159537273.97  viol=2137169238.5295  obj=2141328775803.45 | gbest: cost=4159537273.97  viol=2137169238.5295  obj=2141328775803.45
[Run 23 | Iter 173] iter_best: cost=4158562136.99  viol=2137480581.8490  obj=2141639143985.94 | gbest: cost=4159537273.97  viol=2137169238.5295  obj=2141328775803.45
[Run 23 | Iter 174] iter_best: cost=4154186561.64  viol=2137189651.7877  obj=2141343838349.32 | gbest: cost=4159537273.97  viol=2137169238.5295  obj=2141328775803.45
[Run 23 | Iter 175] iter_best: cost=4160112356.16  viol=2137163371.7677  obj=2141323484123.84 | gbest: cost=4160112356.16  viol=2137163371.7677  obj=2141323484123.84
[Run 23 | Iter 176] iter_best: cost=4160512410.96  viol=2137017110.3921  obj=2141177622803.03 | gbest: cost=4160512410.96  viol=2137017110.3921  obj=2141177622803.03
[Run 23 | Iter 177] iter_best: cost=4158862191.78  viol=2136976311.6222  obj=2141135173813.95 | gbest: cost=4158862191.78  viol=2136976311.6222  obj=2141135173813.95
[Run 23 | Iter 178] iter_best: cost=4160112356.16  viol=2136976311.6222  obj=2141136423978.34 | gbest: cost=4158862191.78  viol=2136976311.6222  obj=2141135173813.95
[Run 23 | FE 7168] best_local_obj=2141135173813.95  best_local_cost=4158862191.78  best_local_viol=2136976311.6222
[Run 23 | Iter 179] iter_best: cost=4158287109.59  viol=2137163371.7677  obj=2141321658877.26 | gbest: cost=4158862191.78  viol=2136976311.6222  obj=2141135173813.95
[Run 23 | Iter 180] iter_best: cost=4158912191.78  viol=2136956637.7977  obj=2141115549989.45 | gbest: cost=4158912191.78  viol=2136956637.7977  obj=2141115549989.45
[Run 23 | Iter 181] iter_best: cost=4164537931.51  viol=2136272498.2500  obj=2140437036181.48 | gbest: cost=4164537931.51  viol=2136272498.2500  obj=2140437036181.48
[Run 23 | Iter 182] iter_best: cost=4161237493.15  viol=2136264530.2277  obj=2140425767720.82 | gbest: cost=4161237493.15  viol=2136264530.2277  obj=2140425767720.82
[Run 23 | Iter 183] iter_best: cost=4161287493.15  viol=2134555337.1654  obj=2138716624658.52 | gbest: cost=4161287493.15  viol=2134555337.1654  obj=2138716624658.52
[Run 23 | Iter 184] iter_best: cost=4161287493.15  viol=2134520405.2680  obj=2138681692761.12 | gbest: cost=4161287493.15  viol=2134520405.2680  obj=2138681692761.12
[Run 23 | FE 7424] best_local_obj=2138681692761.12  best_local_cost=4161287493.15  best_local_viol=2134520405.2680
[Run 23 | Iter 185] iter_best: cost=4164587931.51  viol=2134526271.9110  obj=2138690859842.46 | gbest: cost=4161287493.15  viol=2134520405.2680  obj=2138681692761.12
[Run 23 | Iter 186] iter_best: cost=4159862301.37  viol=2134520405.2680  obj=2138680267569.34 | gbest: cost=4159862301.37  viol=2134520405.2680  obj=2138680267569.34
[Run 23 | Iter 187] iter_best: cost=4162537657.53  viol=2134520405.2680  obj=2138682942925.51 | gbest: cost=4159862301.37  viol=2134520405.2680  obj=2138680267569.34
[Run 23 | Iter 188] iter_best: cost=4159637273.97  viol=2134454227.1465  obj=2138613864420.43 | gbest: cost=4159637273.97  viol=2134454227.1465  obj=2138613864420.43
[Run 23 | Iter 189] iter_best: cost=4164587931.51  viol=2134333345.1733  obj=2138497933104.78 | gbest: cost=4164587931.51  viol=2134333345.1733  obj=2138497933104.78
[Run 23 | Iter 190] iter_best: cost=4168288424.66  viol=2134333345.1733  obj=2138501633597.93 | gbest: cost=4164587931.51  viol=2134333345.1733  obj=2138497933104.78
[Run 23 | FE 7680] best_local_obj=2138497933104.78  best_local_cost=4164587931.51  best_local_viol=2134333345.1733
[Run 23 | Iter 191] iter_best: cost=4166238150.68  viol=2134333345.1733  obj=2138499583323.96 | gbest: cost=4164587931.51  viol=2134333345.1733  obj=2138497933104.78
[Run 23 | Iter 192] iter_best: cost=4163562794.52  viol=2134333345.1733  obj=2138496907967.79 | gbest: cost=4163562794.52  viol=2134333345.1733  obj=2138496907967.79
[Run 23 | Iter 193] iter_best: cost=4162537657.53  viol=2134333345.1733  obj=2138495882830.81 | gbest: cost=4162537657.53  viol=2134333345.1733  obj=2138495882830.81
[Run 23 | Iter 194] iter_best: cost=4160887438.36  viol=2134368277.0290  obj=2138529164467.33 | gbest: cost=4162537657.53  viol=2134333345.1733  obj=2138495882830.81
[Run 23 | Iter 195] iter_best: cost=4160262356.16  viol=2134333345.1733  obj=2138493607529.44 | gbest: cost=4160262356.16  viol=2134333345.1733  obj=2138493607529.44
[Run 23 | Iter 196] iter_best: cost=4160887438.36  viol=2134333345.1733  obj=2138494232611.63 | gbest: cost=4160262356.16  viol=2134333345.1733  obj=2138493607529.44
[Run 23 | Iter 197] iter_best: cost=4157186945.21  viol=2134333345.1733  obj=2138490532118.48 | gbest: cost=4157186945.21  viol=2134333345.1733  obj=2138490532118.48
[Run 23 | FE 7936] best_local_obj=2138490532118.48  best_local_cost=4157186945.21  best_local_viol=2134333345.1733
[Run 23 | Iter 198] iter_best: cost=4158837164.38  viol=2134333345.1733  obj=2138492182337.66 | gbest: cost=4157186945.21  viol=2134333345.1733  obj=2138490532118.48
[Run 23 | Iter 199] iter_best: cost=4168463452.05  viol=2134153596.6292  obj=2138322060081.23 | gbest: cost=4168463452.05  viol=2134153596.6292  obj=2138322060081.23
[Run 23 | Iter 200] iter_best: cost=4166863232.88  viol=2134123973.7943  obj=2138290837027.13 | gbest: cost=4166863232.88  viol=2134123973.7943  obj=2138290837027.13
[Run 23 | Iter 201] iter_best: cost=4167888369.86  viol=2134051929.0317  obj=2138219817401.52 | gbest: cost=4167888369.86  viol=2134051929.0317  obj=2138219817401.52
[Run 23 | Iter 202] iter_best: cost=4166238150.68  viol=2134123973.7943  obj=2138290211944.94 | gbest: cost=4167888369.86  viol=2134051929.0317  obj=2138219817401.52
[Run 23 | Iter 203] iter_best: cost=4165613068.49  viol=2134123973.7943  obj=2138289586862.75 | gbest: cost=4167888369.86  viol=2134051929.0317  obj=2138219817401.52
[Run 23 | FE 8192] best_local_obj=2138110413426.36  best_local_cost=4166188150.68  best_local_viol=2133944225.2757
[Run 23 | Iter 204] iter_best: cost=4166188150.68  viol=2133944225.2757  obj=2138110413426.36 | gbest: cost=4166188150.68  viol=2133944225.2757  obj=2138110413426.36
[Run 23 | Iter 205] iter_best: cost=4167838369.86  viol=2133797869.2526  obj=2137965707622.44 | gbest: cost=4167838369.86  viol=2133797869.2526  obj=2137965707622.44
[Run 23 | Iter 206] iter_best: cost=4175239356.16  viol=2133803735.8322  obj=2137978975188.32 | gbest: cost=4167838369.86  viol=2133797869.2526  obj=2137965707622.44
[Run 23 | Iter 207] iter_best: cost=4170513726.03  viol=2133725824.4468  obj=2137896338172.80 | gbest: cost=4170513726.03  viol=2133725824.4468  obj=2137896338172.80
[Run 23 | Iter 208] iter_best: cost=4170513726.03  viol=2133725824.4468  obj=2137896338172.80 | gbest: cost=4170513726.03  viol=2133725824.4468  obj=2137896338172.80
[Run 23 | Iter 209] iter_best: cost=4173814164.38  viol=2133725824.4468  obj=2137899638611.16 | gbest: cost=4170513726.03  viol=2133725824.4468  obj=2137896338172.80
[Run 23 | Iter 210] iter_best: cost=4166188150.68  viol=2133725824.4468  obj=2137892012597.46 | gbest: cost=4166188150.68  viol=2133725824.4468  obj=2137892012597.46
[Run 23 | FE 8448] best_local_obj=2137892012597.46  best_local_cost=4166188150.68  best_local_viol=2133725824.4468
[Run 23 | Iter 211] iter_best: cost=4166188150.68  viol=2133725824.4468  obj=2137892012597.46 | gbest: cost=4166188150.68  viol=2133725824.4468  obj=2137892012597.46
[Run 23 | Iter 212] iter_best: cost=4166588205.48  viol=2133725824.4468  obj=2137892412652.25 | gbest: cost=4166188150.68  viol=2133725824.4468  obj=2137892012597.46
[Run 23 | Iter 213] iter_best: cost=4173914164.38  viol=2133529081.1261  obj=2137702995290.46 | gbest: cost=4173914164.38  viol=2133529081.1261  obj=2137702995290.46
[Run 23 | Iter 214] iter_best: cost=4174839301.37  viol=2132864573.9203  obj=2137039413221.64 | gbest: cost=4174839301.37  viol=2132864573.9203  obj=2137039413221.64
[Run 23 | Iter 215] iter_best: cost=4172964054.79  viol=2132655202.4498  obj=2136828166504.57 | gbest: cost=4172964054.79  viol=2132655202.4498  obj=2136828166504.57
[Run 23 | Iter 216] iter_best: cost=4176489520.55  viol=2131467450.3567  obj=2135643939877.22 | gbest: cost=4176489520.55  viol=2131467450.3567  obj=2135643939877.22
[Run 23 | FE 8704] best_local_obj=2135166095514.66  best_local_cost=4171988917.81  best_local_viol=2130994106.5969
[Run 23 | Iter 217] iter_best: cost=4171988917.81  viol=2130994106.5969  obj=2135166095514.66 | gbest: cost=4171988917.81  viol=2130994106.5969  obj=2135166095514.66
[Run 23 | Iter 218] iter_best: cost=4175864438.36  viol=2130903109.4598  obj=2135078973898.13 | gbest: cost=4175864438.36  viol=2130903109.4598  obj=2135078973898.13
[Run 23 | Iter 219] iter_best: cost=4174839301.37  viol=2130903109.4598  obj=2135077948761.14 | gbest: cost=4174839301.37  viol=2130903109.4598  obj=2135077948761.14
[Run 23 | Iter 220] iter_best: cost=4174889301.37  viol=2130955553.0334  obj=2135130442334.74 | gbest: cost=4174839301.37  viol=2130903109.4598  obj=2135077948761.14
[Run 23 | Iter 221] iter_best: cost=4173189082.19  viol=2130903109.4598  obj=2135076298541.97 | gbest: cost=4173189082.19  viol=2130903109.4598  obj=2135076298541.97
[Run 23 | Iter 222] iter_best: cost=4174839301.37  viol=2130903109.4598  obj=2135077948761.14 | gbest: cost=4173189082.19  viol=2130903109.4598  obj=2135076298541.97
[Run 23 | FE 8960] best_local_obj=2135073623185.80  best_local_cost=4170513726.03  best_local_viol=2130903109.4598
[Run 23 | Iter 223] iter_best: cost=4170513726.03  viol=2130903109.4598  obj=2135073623185.80 | gbest: cost=4170513726.03  viol=2130903109.4598  obj=2135073623185.80
[Run 23 | Iter 224] iter_best: cost=4176089465.75  viol=2130895141.4465  obj=2135071230912.23 | gbest: cost=4176089465.75  viol=2130895141.4465  obj=2135071230912.23
[Run 23 | Iter 225] iter_best: cost=4171463835.62  viol=2130910918.8085  obj=2135082382644.09 | gbest: cost=4176089465.75  viol=2130895141.4465  obj=2135071230912.23
[Run 23 | Iter 226] iter_best: cost=4173464109.59  viol=2130902950.8089  obj=2135076414918.46 | gbest: cost=4176089465.75  viol=2130895141.4465  obj=2135071230912.23
[Run 23 | Iter 227] iter_best: cost=4172789027.40  viol=2130903109.4598  obj=2135075898487.17 | gbest: cost=4176089465.75  viol=2130895141.4465  obj=2135071230912.23
[Run 23 | Iter 228] iter_best: cost=4177739684.93  viol=2130895141.4465  obj=2135072881131.41 | gbest: cost=4176089465.75  viol=2130895141.4465  obj=2135071230912.23
[Run 23 | Iter 229] iter_best: cost=4172789027.40  viol=2130903109.4598  obj=2135075898487.17 | gbest: cost=4176089465.75  viol=2130895141.4465  obj=2135071230912.23
[Run 23 | FE 9216] best_local_obj=2135071230912.23  best_local_cost=4176089465.75  best_local_viol=2130895141.4465
[Run 23 | Iter 230] iter_best: cost=4169138534.25  viol=2130903109.4598  obj=2135072247994.02 | gbest: cost=4176089465.75  viol=2130895141.4465  obj=2135071230912.23
[Run 23 | Iter 231] iter_best: cost=4171813890.41  viol=2130812284.9504  obj=2134984098840.76 | gbest: cost=4171813890.41  viol=2130812284.9504  obj=2134984098840.76
[Run 23 | Iter 232] iter_best: cost=4177464657.53  viol=2130453818.3235  obj=2134631282981.01 | gbest: cost=4177464657.53  viol=2130453818.3235  obj=2134631282981.01
[Run 23 | Iter 233] iter_best: cost=4176214493.15  viol=2130453818.3235  obj=2134630032816.62 | gbest: cost=4176214493.15  viol=2130453818.3235  obj=2134630032816.62
[Run 23 | Iter 234] iter_best: cost=4179514931.51  viol=2130453818.3235  obj=2134633333254.98 | gbest: cost=4176214493.15  viol=2130453818.3235  obj=2134630032816.62
[Run 23 | Iter 235] iter_best: cost=4178489794.52  viol=2130525862.8837  obj=2134704352678.19 | gbest: cost=4176214493.15  viol=2130453818.3235  obj=2134630032816.62
[Run 23 | FE 9472] best_local_obj=2134630032816.62  best_local_cost=4176214493.15  best_local_viol=2130453818.3235
[Run 23 | Iter 236] iter_best: cost=4178489794.52  viol=2130453818.3235  obj=2134632308117.99 | gbest: cost=4176214493.15  viol=2130453818.3235  obj=2134630032816.62
[Run 23 | Iter 237] iter_best: cost=4173764164.38  viol=2130453818.3235  obj=2134627582487.86 | gbest: cost=4173764164.38  viol=2130453818.3235  obj=2134627582487.86
[Run 23 | Iter 238] iter_best: cost=4176439520.55  viol=2130453818.3235  obj=2134630257844.02 | gbest: cost=4173764164.38  viol=2130453818.3235  obj=2134627582487.86
[Run 23 | Iter 239] iter_best: cost=4177064602.74  viol=2130453818.3235  obj=2134630882926.21 | gbest: cost=4173764164.38  viol=2130453818.3235  obj=2134627582487.86
[Run 23 | Iter 240] iter_best: cost=4175189356.16  viol=2130453818.3235  obj=2134629007679.64 | gbest: cost=4173764164.38  viol=2130453818.3235  obj=2134627582487.86
[Run 23 | Iter 241] iter_best: cost=4174789301.37  viol=2130453818.3235  obj=2134628607624.84 | gbest: cost=4173764164.38  viol=2130453818.3235  obj=2134627582487.86
[Run 23 | Iter 242] iter_best: cost=4174789301.37  viol=2130453818.3235  obj=2134628607624.84 | gbest: cost=4173764164.38  viol=2130453818.3235  obj=2134627582487.86
[Run 23 | FE 9728] best_local_obj=2134627582487.86  best_local_cost=4173764164.38  best_local_viol=2130453818.3235
[Run 23 | Iter 243] iter_best: cost=4177064602.74  viol=2130453818.3235  obj=2134630882926.21 | gbest: cost=4173764164.38  viol=2130453818.3235  obj=2134627582487.86
[Run 23 | Iter 244] iter_best: cost=4174789301.37  viol=2130453818.3235  obj=2134628607624.84 | gbest: cost=4173764164.38  viol=2130453818.3235  obj=2134627582487.86
[Run 23 | Iter 245] iter_best: cost=4173139082.19  viol=2130453818.3235  obj=2134626957405.67 | gbest: cost=4173139082.19  viol=2130453818.3235  obj=2134626957405.67
[Run 23 | Iter 246] iter_best: cost=4172113945.21  viol=2130453818.3235  obj=2134625932268.68 | gbest: cost=4172113945.21  viol=2130453818.3235  obj=2134625932268.68
[Run 23 | Iter 247] iter_best: cost=4172113945.21  viol=2130453818.3235  obj=2134625932268.68 | gbest: cost=4172113945.21  viol=2130453818.3235  obj=2134625932268.68
[Run 23 | Iter 248] iter_best: cost=4171088808.22  viol=2130453818.3235  obj=2134624907131.69 | gbest: cost=4171088808.22  viol=2130453818.3235  obj=2134624907131.69
[Run 23 | FE 9984] best_local_obj=2134624907131.69  best_local_cost=4171088808.22  best_local_viol=2130453818.3235
[Run 23 | Iter 249] iter_best: cost=4172739027.40  viol=2130453818.3235  obj=2134626557350.87 | gbest: cost=4171088808.22  viol=2130453818.3235  obj=2134624907131.69
[Run 23 | Iter 250] iter_best: cost=4171088808.22  viol=2130453818.3235  obj=2134624907131.69 | gbest: cost=4171088808.22  viol=2130453818.3235  obj=2134624907131.69
[Run 23 | Iter 251] iter_best: cost=4170463726.03  viol=2130453818.3235  obj=2134624282049.50 | gbest: cost=4170463726.03  viol=2130453818.3235  obj=2134624282049.50
[Run 23 | Iter 252] iter_best: cost=4171088808.22  viol=2130453818.3235  obj=2134624907131.69 | gbest: cost=4170463726.03  viol=2130453818.3235  obj=2134624282049.50
[Run 23 | Iter 253] iter_best: cost=4170463726.03  viol=2130453818.3235  obj=2134624282049.50 | gbest: cost=4170463726.03  viol=2130453818.3235  obj=2134624282049.50
[Run 23 | Iter 254] iter_best: cost=4172113945.21  viol=2130453818.3235  obj=2134625932268.68 | gbest: cost=4170463726.03  viol=2130453818.3235  obj=2134624282049.50
[Run 23 | FE 10240] best_local_obj=2134623256912.51  best_local_cost=4169438589.04  best_local_viol=2130453818.3235
[Run 23 | Iter 255] iter_best: cost=4169438589.04  viol=2130453818.3235  obj=2134623256912.51 | gbest: cost=4169438589.04  viol=2130453818.3235  obj=2134623256912.51
[Run 23 | Iter 256] iter_best: cost=4169438589.04  viol=2130453818.3235  obj=2134623256912.51 | gbest: cost=4169438589.04  viol=2130453818.3235  obj=2134623256912.51
[Run 23 | Iter 257] iter_best: cost=4172739027.40  viol=2129461710.6724  obj=2133634449699.75 | gbest: cost=4172739027.40  viol=2129461710.6724  obj=2133634449699.75
[Run 23 | Iter 258] iter_best: cost=4173764164.38  viol=2129461710.6724  obj=2133635474836.74 | gbest: cost=4172739027.40  viol=2129461710.6724  obj=2133634449699.75
[Run 23 | Iter 259] iter_best: cost=4173764164.38  viol=2129461710.6724  obj=2133635474836.74 | gbest: cost=4172739027.40  viol=2129461710.6724  obj=2133634449699.75
[Run 23 | Iter 260] iter_best: cost=4173764164.38  viol=2129461710.6724  obj=2133635474836.74 | gbest: cost=4172739027.40  viol=2129461710.6724  obj=2133634449699.75
[Run 23 | Iter 261] iter_best: cost=4172739027.40  viol=2129461710.6724  obj=2133634449699.75 | gbest: cost=4172739027.40  viol=2129461710.6724  obj=2133634449699.75
[Run 23 | FE 10496] best_local_obj=2133634449699.75  best_local_cost=4172739027.40  best_local_viol=2129461710.6724
[Run 23 | Iter 262] iter_best: cost=4173764164.38  viol=2129461710.6724  obj=2133635474836.74 | gbest: cost=4172739027.40  viol=2129461710.6724  obj=2133634449699.75
[Run 23 | Iter 263] iter_best: cost=4172739027.40  viol=2129461710.6724  obj=2133634449699.75 | gbest: cost=4172739027.40  viol=2129461710.6724  obj=2133634449699.75
[Run 23 | Iter 264] iter_best: cost=4175414383.56  viol=2129367989.2940  obj=2133543403677.52 | gbest: cost=4175414383.56  viol=2129367989.2940  obj=2133543403677.52
[Run 23 | Iter 265] iter_best: cost=4176439520.55  viol=2129357022.4294  obj=2133533461949.90 | gbest: cost=4176439520.55  viol=2129357022.4294  obj=2133533461949.90
[Run 23 | Iter 266] iter_best: cost=4178489794.52  viol=2129278932.9035  obj=2133457422697.99 | gbest: cost=4178489794.52  viol=2129278932.9035  obj=2133457422697.99
[Run 23 | Iter 267] iter_best: cost=4176439520.55  viol=2129278932.9035  obj=2133455372424.02 | gbest: cost=4176439520.55  viol=2129278932.9035  obj=2133455372424.02
[Run 23 | FE 10752] best_local_obj=2133455372424.02  best_local_cost=4176439520.55  best_local_viol=2129278932.9035
[Run 23 | Iter 268] iter_best: cost=4176439520.55  viol=2129278932.9035  obj=2133455372424.02 | gbest: cost=4176439520.55  viol=2129278932.9035  obj=2133455372424.02
[Run 23 | Iter 269] iter_best: cost=4176439520.55  viol=2129278932.9035  obj=2133455372424.02 | gbest: cost=4176439520.55  viol=2129278932.9035  obj=2133455372424.02
[Run 23 | Iter 270] iter_best: cost=4176039465.75  viol=2129278932.9035  obj=2133454972369.23 | gbest: cost=4176039465.75  viol=2129278932.9035  obj=2133454972369.23
[Run 23 | Iter 271] iter_best: cost=4178089739.73  viol=2129278932.9035  obj=2133457022643.20 | gbest: cost=4176039465.75  viol=2129278932.9035  obj=2133454972369.23
[Run 23 | Iter 272] iter_best: cost=4174389246.58  viol=2129278932.9035  obj=2133453322150.05 | gbest: cost=4174389246.58  viol=2129278932.9035  obj=2133453322150.05
[Run 23 | Iter 273] iter_best: cost=4173364109.59  viol=2129278932.9035  obj=2133452297013.06 | gbest: cost=4173364109.59  viol=2129278932.9035  obj=2133452297013.06
[Run 23 | Iter 274] iter_best: cost=4171713890.41  viol=2129278932.9035  obj=2133450646793.89 | gbest: cost=4171713890.41  viol=2129278932.9035  obj=2133450646793.89
[Run 23 | FE 11008] best_local_obj=2133450646793.89  best_local_cost=4171713890.41  best_local_viol=2129278932.9035
[Run 23 | Iter 275] iter_best: cost=4171713890.41  viol=2129278932.9035  obj=2133450646793.89 | gbest: cost=4171713890.41  viol=2129278932.9035  obj=2133450646793.89
[Run 23 | Iter 276] iter_best: cost=4173764164.38  viol=2129278932.9035  obj=2133452697067.86 | gbest: cost=4171713890.41  viol=2129278932.9035  obj=2133450646793.89
[Run 23 | Iter 277] iter_best: cost=4174389246.58  viol=2129278932.9035  obj=2133453322150.05 | gbest: cost=4171713890.41  viol=2129278932.9035  obj=2133450646793.89
[Run 23 | Iter 278] iter_best: cost=4173364109.59  viol=2129278932.9035  obj=2133452297013.06 | gbest: cost=4171713890.41  viol=2129278932.9035  obj=2133450646793.89
[Run 23 | Iter 279] iter_best: cost=4172739027.40  viol=2129278932.9035  obj=2133451671930.87 | gbest: cost=4171713890.41  viol=2129278932.9035  obj=2133450646793.89
[Run 23 | Iter 280] iter_best: cost=4171713890.41  viol=2129278932.9035  obj=2133450646793.89 | gbest: cost=4171713890.41  viol=2129278932.9035  obj=2133450646793.89
[Run 23 | FE 11264] best_local_obj=2133449621656.90  best_local_cost=4170688753.42  best_local_viol=2129278932.9035
[Run 23 | Iter 281] iter_best: cost=4170688753.42  viol=2129278932.9035  obj=2133449621656.90 | gbest: cost=4170688753.42  viol=2129278932.9035  obj=2133449621656.90
[Run 23 | Iter 282] iter_best: cost=4170688753.42  viol=2129278932.9035  obj=2133449621656.90 | gbest: cost=4170688753.42  viol=2129278932.9035  obj=2133449621656.90
[Run 23 | Iter 283] iter_best: cost=4170688753.42  viol=2129278932.9035  obj=2133449621656.90 | gbest: cost=4170688753.42  viol=2129278932.9035  obj=2133449621656.90
[Run 23 | Iter 284] iter_best: cost=4170688753.42  viol=2129278932.9035  obj=2133449621656.90 | gbest: cost=4170688753.42  viol=2129278932.9035  obj=2133449621656.90
[Run 23 | Iter 285] iter_best: cost=4170063671.23  viol=2129278932.9035  obj=2133448996574.71 | gbest: cost=4170063671.23  viol=2129278932.9035  obj=2133448996574.71
[Run 23 | Iter 286] iter_best: cost=4170063671.23  viol=2129278932.9035  obj=2133448996574.71 | gbest: cost=4170063671.23  viol=2129278932.9035  obj=2133448996574.71
[Run 23 | FE 11520] best_local_obj=2133448996574.71  best_local_cost=4170063671.23  best_local_viol=2129278932.9035
[Run 23 | Iter 287] iter_best: cost=4170063671.23  viol=2129278932.9035  obj=2133448996574.71 | gbest: cost=4170063671.23  viol=2129278932.9035  obj=2133448996574.71
[Run 23 | Iter 288] iter_best: cost=4170063671.23  viol=2129278932.9035  obj=2133448996574.71 | gbest: cost=4170063671.23  viol=2129278932.9035  obj=2133448996574.71
[Run 23 | Iter 289] iter_best: cost=4170063671.23  viol=2129278932.9035  obj=2133448996574.71 | gbest: cost=4170063671.23  viol=2129278932.9035  obj=2133448996574.71
[Run 23 | Iter 290] iter_best: cost=4169038534.25  viol=2129278932.9035  obj=2133447971437.72 | gbest: cost=4169038534.25  viol=2129278932.9035  obj=2133447971437.72
[Run 23 | Iter 291] iter_best: cost=4171713890.41  viol=2129278932.9035  obj=2133450646793.89 | gbest: cost=4169038534.25  viol=2129278932.9035  obj=2133447971437.72
[Run 23 | Iter 292] iter_best: cost=4170688753.42  viol=2129278932.9035  obj=2133449621656.90 | gbest: cost=4169038534.25  viol=2129278932.9035  obj=2133447971437.72
[Run 23 | Iter 293] iter_best: cost=4169038534.25  viol=2129278932.9035  obj=2133447971437.72 | gbest: cost=4169038534.25  viol=2129278932.9035  obj=2133447971437.72
[Run 23 | FE 11776] best_local_obj=2133447971437.72  best_local_cost=4169038534.25  best_local_viol=2129278932.9035
[Run 23 | Iter 294] iter_best: cost=4170063671.23  viol=2129278932.9035  obj=2133448996574.71 | gbest: cost=4169038534.25  viol=2129278932.9035  obj=2133447971437.72
[Run 23 | Iter 295] iter_best: cost=4170688753.42  viol=2129278932.9035  obj=2133449621656.90 | gbest: cost=4169038534.25  viol=2129278932.9035  obj=2133447971437.72
[Run 23 | Iter 296] iter_best: cost=4169038534.25  viol=2129278932.9035  obj=2133447971437.72 | gbest: cost=4169038534.25  viol=2129278932.9035  obj=2133447971437.72
[Run 23 | Iter 297] iter_best: cost=4169663616.44  viol=2129278932.9035  obj=2133448596519.91 | gbest: cost=4169038534.25  viol=2129278932.9035  obj=2133447971437.72
[Run 23 | Iter 298] iter_best: cost=4170063671.23  viol=2129278932.9035  obj=2133448996574.71 | gbest: cost=4169038534.25  viol=2129278932.9035  obj=2133447971437.72
[Run 23 | Iter 299] iter_best: cost=4170688753.42  viol=2129278932.9035  obj=2133449621656.90 | gbest: cost=4169038534.25  viol=2129278932.9035  obj=2133447971437.72
[Run 23 | FE 12032] best_local_obj=2133447971437.72  best_local_cost=4169038534.25  best_local_viol=2129278932.9035
[Run 23 | Iter 300] iter_best: cost=4169038534.25  viol=2129278932.9035  obj=2133447971437.72 | gbest: cost=4169038534.25  viol=2129278932.9035  obj=2133447971437.72
[Run 23 | Iter 301] iter_best: cost=4169038534.25  viol=2129278932.9035  obj=2133447971437.72 | gbest: cost=4169038534.25  viol=2129278932.9035  obj=2133447971437.72
[Run 23 | Iter 302] iter_best: cost=4169038534.25  viol=2129278932.9035  obj=2133447971437.72 | gbest: cost=4169038534.25  viol=2129278932.9035  obj=2133447971437.72
[Run 23 | Iter 303] iter_best: cost=4169038534.25  viol=2129278932.9035  obj=2133447971437.72 | gbest: cost=4169038534.25  viol=2129278932.9035  obj=2133447971437.72
[Run 23 | Iter 304] iter_best: cost=4169038534.25  viol=2129278932.9035  obj=2133447971437.72 | gbest: cost=4169038534.25  viol=2129278932.9035  obj=2133447971437.72
[Run 23 | Iter 305] iter_best: cost=4169038534.25  viol=2129278932.9035  obj=2133447971437.72 | gbest: cost=4169038534.25  viol=2129278932.9035  obj=2133447971437.72
[Run 23 | Iter 306] iter_best: cost=4169038534.25  viol=2129278932.9035  obj=2133447971437.72 | gbest: cost=4169038534.25  viol=2129278932.9035  obj=2133447971437.72
[Run 23 | FE 12288] best_local_obj=2133447971437.72  best_local_cost=4169038534.25  best_local_viol=2129278932.9035
[Run 23 | Iter 307] iter_best: cost=4169038534.25  viol=2129278932.9035  obj=2133447971437.72 | gbest: cost=4169038534.25  viol=2129278932.9035  obj=2133447971437.72
[Run 23 | Iter 308] iter_best: cost=4169038534.25  viol=2129278932.9035  obj=2133447971437.72 | gbest: cost=4169038534.25  viol=2129278932.9035  obj=2133447971437.72
[Run 23 | Iter 309] iter_best: cost=4168063397.26  viol=2129278932.9035  obj=2133446996300.73 | gbest: cost=4168063397.26  viol=2129278932.9035  obj=2133446996300.73
[Run 23 | Iter 310] iter_best: cost=4169038534.25  viol=2129278932.9035  obj=2133447971437.72 | gbest: cost=4168063397.26  viol=2129278932.9035  obj=2133446996300.73
[Run 23 | Iter 311] iter_best: cost=4168063397.26  viol=2129278932.9035  obj=2133446996300.73 | gbest: cost=4168063397.26  viol=2129278932.9035  obj=2133446996300.73
[Run 23 | Iter 312] iter_best: cost=4168063397.26  viol=2129278932.9035  obj=2133446996300.73 | gbest: cost=4168063397.26  viol=2129278932.9035  obj=2133446996300.73
[Run 23 | FE 12544] best_local_obj=2133446996300.73  best_local_cost=4168063397.26  best_local_viol=2129278932.9035
[Run 23 | Iter 313] iter_best: cost=4168063397.26  viol=2129278932.9035  obj=2133446996300.73 | gbest: cost=4168063397.26  viol=2129278932.9035  obj=2133446996300.73
[Run 23 | Iter 314] iter_best: cost=4168688479.45  viol=2129278932.9035  obj=2133447621382.93 | gbest: cost=4168063397.26  viol=2129278932.9035  obj=2133446996300.73
[Run 23 | Iter 315] iter_best: cost=4168063397.26  viol=2129278932.9035  obj=2133446996300.73 | gbest: cost=4168063397.26  viol=2129278932.9035  obj=2133446996300.73
[Run 23 | Iter 316] iter_best: cost=4168063397.26  viol=2129278932.9035  obj=2133446996300.73 | gbest: cost=4168063397.26  viol=2129278932.9035  obj=2133446996300.73
[Run 23 | Iter 317] iter_best: cost=4168063397.26  viol=2129278932.9035  obj=2133446996300.73 | gbest: cost=4168063397.26  viol=2129278932.9035  obj=2133446996300.73
[Run 23 | Iter 318] iter_best: cost=4168013397.26  viol=2129278932.9035  obj=2133446946300.73 | gbest: cost=4168013397.26  viol=2129278932.9035  obj=2133446946300.73
[Run 23 | FE 12800] best_local_obj=2133446946300.73  best_local_cost=4168013397.26  best_local_viol=2129278932.9035
[Run 23 | Iter 319] iter_best: cost=4168013397.26  viol=2129278932.9035  obj=2133446946300.73 | gbest: cost=4168013397.26  viol=2129278932.9035  obj=2133446946300.73

[Stop] reached max_total_fe=12800.

[Run 23] best_global_cost=4168013397.2603, best_global_viol=2129278932.903474, best_global_obj=2133446946300.7344
[Done] summary=/work/home/acn1eb8nfq/yuezhang46/UScode/US实验一：横向对比/pso_global_logs/run_23_seed_1023/runs_summary.csv
