[RunConfig] run_id=10 seed=1010
[OutputDir] /work/home/acn1eb8nfq/yuezhang46/UScode/US实验一：横向对比/pso_global_logs/run_10_seed_1010
[Info] #nodes = 4301
[Load] Reading scenarios ...
  - 2020: raw edges=5296, days=366
  - 2025: raw edges=5296, days=365
  - 2030: raw edges=5296, days=365
  - 2035: raw edges=5296, days=365
  - 2040: raw edges=5296, days=366
[Filter] EDGE_WEIGHT_MIN=1.0
  - active_nodes=2914  inactive_nodes(fixed NONE)=1387
  - 2020: removed=2048, kept=3248
  - 2025: removed=2048, kept=3248
  - 2030: removed=2048, kept=3248
  - 2035: removed=2048, kept=3248
  - 2040: removed=2048, kept=3248
  - 2020: filtered edges (active subgraph)=3248
  - 2025: filtered edges (active subgraph)=3248
  - 2030: filtered edges (active subgraph)=3248
  - 2035: filtered edges (active subgraph)=3248
  - 2040: filtered edges (active subgraph)=3248
[PSO] Evaluate initial swarm ...
[PSO] Init snapshot: best_cost=1218144671.23  best_viol=3395111300.3967  best_obj=3396329445067.89
[PSO] Iterate ...
[Run 10 | Iter 1] iter_best: cost=1521986863.01  viol=3242479185.5447  obj=3244001172407.73 | gbest: cost=1521986863.01  viol=3242479185.5447  obj=3244001172407.73
[Run 10 | Iter 2] iter_best: cost=1805550301.37  viol=3060578083.7199  obj=3062383634021.29 | gbest: cost=1805550301.37  viol=3060578083.7199  obj=3062383634021.29
[Run 10 | Iter 3] iter_best: cost=2238657945.21  viol=2837720557.3066  obj=2839959215251.76 | gbest: cost=2238657945.21  viol=2837720557.3066  obj=2839959215251.76
[Run 10 | Iter 4] iter_best: cost=2596455671.23  viol=2666957657.1482  obj=2669554112819.48 | gbest: cost=2596455671.23  viol=2666957657.1482  obj=2669554112819.48
[Run 10 | Iter 5] iter_best: cost=2892419931.51  viol=2544818256.2235  obj=2547710676155.05 | gbest: cost=2892419931.51  viol=2544818256.2235  obj=2547710676155.05
[Run 10 | FE 256] best_local_obj=2461028239018.82  best_local_cost=3125725917.81  best_local_viol=2457902513.1010
[Run 10 | Iter 6] iter_best: cost=3147404013.70  viol=2449725138.9917  obj=2452872543005.40 | gbest: cost=3147404013.70  viol=2449725138.9917  obj=2452872543005.40
[Run 10 | Iter 7] iter_best: cost=3302124342.47  viol=2399592092.0269  obj=2402894216369.40 | gbest: cost=3302124342.47  viol=2399592092.0269  obj=2402894216369.40
[Run 10 | Iter 8] iter_best: cost=3437942205.48  viol=2354783040.7674  obj=2358220982972.85 | gbest: cost=3437942205.48  viol=2354783040.7674  obj=2358220982972.85
[Run 10 | Iter 9] iter_best: cost=3489948945.21  viol=2336523593.8634  obj=2340013542808.62 | gbest: cost=3489948945.21  viol=2336523593.8634  obj=2340013542808.62
[Run 10 | Iter 10] iter_best: cost=3557482904.11  viol=2317114703.7728  obj=2320672186676.89 | gbest: cost=3557482904.11  viol=2317114703.7728  obj=2320672186676.89
[Run 10 | Iter 11] iter_best: cost=3598488219.18  viol=2307788597.4794  obj=2311387085698.58 | gbest: cost=3598488219.18  viol=2307788597.4794  obj=2311387085698.58
[Run 10 | FE 512] best_local_obj=2303229943474.19  best_local_cost=3640418671.23  best_local_viol=2299589524.8030
[Run 10 | Iter 12] iter_best: cost=3640418671.23  viol=2299589524.8030  obj=2303229943474.19 | gbest: cost=3640418671.23  viol=2299589524.8030  obj=2303229943474.19
[Run 10 | Iter 13] iter_best: cost=3636268123.29  viol=2297343182.7893  obj=2300979450912.59 | gbest: cost=3636268123.29  viol=2297343182.7893  obj=2300979450912.59
[Run 10 | Iter 14] iter_best: cost=3659596109.59  viol=2295233257.8763  obj=2298892853985.84 | gbest: cost=3659596109.59  viol=2295233257.8763  obj=2298892853985.84
[Run 10 | Iter 15] iter_best: cost=3643419000.00  viol=2292743004.7187  obj=2296386423718.67 | gbest: cost=3643419000.00  viol=2292743004.7187  obj=2296386423718.67
[Run 10 | Iter 16] iter_best: cost=3656570698.63  viol=2290033759.0503  obj=2293690329748.90 | gbest: cost=3656570698.63  viol=2290033759.0503  obj=2293690329748.90
[Run 10 | Iter 17] iter_best: cost=3666146986.30  viol=2284737640.6921  obj=2288403787678.43 | gbest: cost=3666146986.30  viol=2284737640.6921  obj=2288403787678.43
[Run 10 | Iter 18] iter_best: cost=3677098410.96  viol=2282901195.8767  obj=2286578294287.69 | gbest: cost=3677098410.96  viol=2282901195.8767  obj=2286578294287.69
[Run 10 | FE 768] best_local_obj=2283190909096.93  best_local_cost=3689124972.60  best_local_viol=2279501784.1243
[Run 10 | Iter 19] iter_best: cost=3698551260.27  viol=2274793937.9125  obj=2278492489172.74 | gbest: cost=3698551260.27  viol=2274793937.9125  obj=2278492489172.74
[Run 10 | Iter 20] iter_best: cost=3709527602.74  viol=2270235749.6135  obj=2273945277216.21 | gbest: cost=3709527602.74  viol=2270235749.6135  obj=2273945277216.21
[Run 10 | Iter 21] iter_best: cost=3719303890.41  viol=2264612027.4727  obj=2268331331363.08 | gbest: cost=3719303890.41  viol=2264612027.4727  obj=2268331331363.08
[Run 10 | Iter 22] iter_best: cost=3739431438.36  viol=2261633245.8815  obj=2265372677319.86 | gbest: cost=3739431438.36  viol=2261633245.8815  obj=2265372677319.86
[Run 10 | Iter 23] iter_best: cost=3744082095.89  viol=2259467387.6970  obj=2263211469792.89 | gbest: cost=3744082095.89  viol=2259467387.6970  obj=2263211469792.89
[Run 10 | Iter 24] iter_best: cost=3750732972.60  viol=2253680416.6764  obj=2257431149649.01 | gbest: cost=3750732972.60  viol=2253680416.6764  obj=2257431149649.01
[Run 10 | FE 1024] best_local_obj=2256174480233.29  best_local_cost=3761359369.86  best_local_viol=2252413120.8634
[Run 10 | Iter 25] iter_best: cost=3755008602.74  viol=2251462432.9653  obj=2255217441568.02 | gbest: cost=3755008602.74  viol=2251462432.9653  obj=2255217441568.02
[Run 10 | Iter 26] iter_best: cost=3777411616.44  viol=2238636537.2721  obj=2242413948888.56 | gbest: cost=3777411616.44  viol=2238636537.2721  obj=2242413948888.56
[Run 10 | Iter 27] iter_best: cost=3771760794.52  viol=2237349740.8205  obj=2241121501614.99 | gbest: cost=3771760794.52  viol=2237349740.8205  obj=2241121501614.99
[Run 10 | Iter 28] iter_best: cost=3785337520.55  viol=2233347160.2483  obj=2237132497768.83 | gbest: cost=3785337520.55  viol=2233347160.2483  obj=2237132497768.83
[Run 10 | Iter 29] iter_best: cost=3793838671.23  viol=2231830305.5128  obj=2235624144184.07 | gbest: cost=3793838671.23  viol=2231830305.5128  obj=2235624144184.07
[Run 10 | Iter 30] iter_best: cost=3803689876.71  viol=2227248773.1666  obj=2231052463043.30 | gbest: cost=3803689876.71  viol=2227248773.1666  obj=2231052463043.30
[Run 10 | FE 1280] best_local_obj=2229259041253.91  best_local_cost=3810290698.63  best_local_viol=2225448750.5553
[Run 10 | Iter 31] iter_best: cost=3810290698.63  viol=2225448750.5553  obj=2229259041253.91 | gbest: cost=3810290698.63  viol=2225448750.5553  obj=2229259041253.91
[Run 10 | Iter 32] iter_best: cost=3828118082.19  viol=2223651977.3587  obj=2227480095440.84 | gbest: cost=3828118082.19  viol=2223651977.3587  obj=2227480095440.84
[Run 10 | Iter 33] iter_best: cost=3832068684.93  viol=2219438756.8359  obj=2223270825520.86 | gbest: cost=3832068684.93  viol=2219438756.8359  obj=2223270825520.86
[Run 10 | Iter 34] iter_best: cost=3823792506.85  viol=2221917021.4755  obj=2225740813982.32 | gbest: cost=3832068684.93  viol=2219438756.8359  obj=2223270825520.86
[Run 10 | Iter 35] iter_best: cost=3824942616.44  viol=2218780207.2060  obj=2222605149822.41 | gbest: cost=3824942616.44  viol=2218780207.2060  obj=2222605149822.41
[Run 10 | Iter 36] iter_best: cost=3825067698.63  viol=2217696321.0856  obj=2221521388784.21 | gbest: cost=3825067698.63  viol=2217696321.0856  obj=2221521388784.21
[Run 10 | Iter 37] iter_best: cost=3842945027.40  viol=2209972767.8166  obj=2213815712843.97 | gbest: cost=3842945027.40  viol=2209972767.8166  obj=2213815712843.97
[Run 10 | FE 1536] best_local_obj=2213815712843.97  best_local_cost=3842945027.40  best_local_viol=2209972767.8166
[Run 10 | Iter 38] iter_best: cost=3847720657.53  viol=2208307800.1238  obj=2212155520781.35 | gbest: cost=3847720657.53  viol=2208307800.1238  obj=2212155520781.35
[Run 10 | Iter 39] iter_best: cost=3856871863.01  viol=2206386904.6899  obj=2210243776552.90 | gbest: cost=3856871863.01  viol=2206386904.6899  obj=2210243776552.90
[Run 10 | Iter 40] iter_best: cost=3869923561.64  viol=2204594062.9584  obj=2208463986520.06 | gbest: cost=3869923561.64  viol=2204594062.9584  obj=2208463986520.06
[Run 10 | Iter 41] iter_best: cost=3881400123.29  viol=2198723856.3314  obj=2202605256454.70 | gbest: cost=3881400123.29  viol=2198723856.3314  obj=2202605256454.70
[Run 10 | Iter 42] iter_best: cost=3888125972.60  viol=2192962789.5554  obj=2196850915528.02 | gbest: cost=3888125972.60  viol=2192962789.5554  obj=2196850915528.02
[Run 10 | Iter 43] iter_best: cost=3885375589.04  viol=2192648466.1003  obj=2196533841689.30 | gbest: cost=3885375589.04  viol=2192648466.1003  obj=2196533841689.30
[Run 10 | FE 1792] best_local_obj=2192053199262.48  best_local_cost=3902552863.01  best_local_viol=2188150646.3995
[Run 10 | Iter 44] iter_best: cost=3902552863.01  viol=2188150646.3995  obj=2192053199262.48 | gbest: cost=3902552863.01  viol=2188150646.3995  obj=2192053199262.48
[Run 10 | Iter 45] iter_best: cost=3909603849.32  viol=2184701448.8055  obj=2188611052654.83 | gbest: cost=3909603849.32  viol=2184701448.8055  obj=2188611052654.83
[Run 10 | Iter 46] iter_best: cost=3920880301.37  viol=2179923110.5026  obj=2183843990803.93 | gbest: cost=3920880301.37  viol=2179923110.5026  obj=2183843990803.93
[Run 10 | Iter 47] iter_best: cost=3925030849.32  viol=2177826867.8317  obj=2181751898680.98 | gbest: cost=3925030849.32  viol=2177826867.8317  obj=2181751898680.98
[Run 10 | Iter 48] iter_best: cost=3943233260.27  viol=2175637366.6304  obj=2179580599890.64 | gbest: cost=3943233260.27  viol=2175637366.6304  obj=2179580599890.64
[Run 10 | Iter 49] iter_best: cost=3955809931.51  viol=2171222094.5129  obj=2175177904444.37 | gbest: cost=3955809931.51  viol=2171222094.5129  obj=2175177904444.37
[Run 10 | Iter 50] iter_best: cost=3954934794.52  viol=2170891004.0105  obj=2174845938804.97 | gbest: cost=3954934794.52  viol=2170891004.0105  obj=2174845938804.97
[Run 10 | FE 2048] best_local_obj=2174845938804.97  best_local_cost=3954934794.52  best_local_viol=2170891004.0105
[Run 10 | Iter 51] iter_best: cost=3962560808.22  viol=2171693161.2972  obj=2175655722105.38 | gbest: cost=3954934794.52  viol=2170891004.0105  obj=2174845938804.97
[Run 10 | Iter 52] iter_best: cost=3950659219.18  viol=2170936286.6723  obj=2174886945891.44 | gbest: cost=3954934794.52  viol=2170891004.0105  obj=2174845938804.97
[Run 10 | Iter 53] iter_best: cost=3961160643.84  viol=2170102699.3874  obj=2174063860031.20 | gbest: cost=3961160643.84  viol=2170102699.3874  obj=2174063860031.20
[Run 10 | Iter 54] iter_best: cost=3957260095.89  viol=2169505259.7837  obj=2173462519879.54 | gbest: cost=3957260095.89  viol=2169505259.7837  obj=2173462519879.54
[Run 10 | Iter 55] iter_best: cost=3980438191.78  viol=2167329376.4369  obj=2171309814628.64 | gbest: cost=3980438191.78  viol=2167329376.4369  obj=2171309814628.64
[Run 10 | Iter 56] iter_best: cost=3977487808.22  viol=2165780559.6667  obj=2169758047474.87 | gbest: cost=3977487808.22  viol=2165780559.6667  obj=2169758047474.87
[Run 10 | FE 2304] best_local_obj=2169758047474.87  best_local_cost=3977487808.22  best_local_viol=2165780559.6667
[Run 10 | Iter 57] iter_best: cost=3979088027.40  viol=2163976303.7228  obj=2167955391750.15 | gbest: cost=3979088027.40  viol=2163976303.7228  obj=2167955391750.15
[Run 10 | Iter 58] iter_best: cost=3986664041.10  viol=2164452128.0886  obj=2168438792129.73 | gbest: cost=3979088027.40  viol=2163976303.7228  obj=2167955391750.15
[Run 10 | Iter 59] iter_best: cost=3976737698.63  viol=2162480056.2740  obj=2166456793972.58 | gbest: cost=3976737698.63  viol=2162480056.2740  obj=2166456793972.58
[Run 10 | Iter 60] iter_best: cost=3973537260.27  viol=2162256572.5525  obj=2166230109812.73 | gbest: cost=3973537260.27  viol=2162256572.5525  obj=2166230109812.73
[Run 10 | Iter 61] iter_best: cost=3979913109.59  viol=2159252052.5433  obj=2163231965652.85 | gbest: cost=3979913109.59  viol=2159252052.5433  obj=2163231965652.85
[Run 10 | Iter 62] iter_best: cost=3980938246.58  viol=2160921275.8721  obj=2164902214118.64 | gbest: cost=3979913109.59  viol=2159252052.5433  obj=2163231965652.85
[Run 10 | FE 2560] best_local_obj=2163231965652.85  best_local_cost=3979913109.59  best_local_viol=2159252052.5433
[Run 10 | Iter 63] iter_best: cost=3981063273.97  viol=2159256362.6194  obj=2163237425893.34 | gbest: cost=3979913109.59  viol=2159252052.5433  obj=2163231965652.85
[Run 10 | Iter 64] iter_best: cost=3978162890.41  viol=2160061021.4929  obj=2164039184383.34 | gbest: cost=3979913109.59  viol=2159252052.5433  obj=2163231965652.85
[Run 10 | Iter 65] iter_best: cost=3982588465.75  viol=2159532634.5223  obj=2163515222988.02 | gbest: cost=3979913109.59  viol=2159252052.5433  obj=2163231965652.85
[Run 10 | Iter 66] iter_best: cost=3979913109.59  viol=2159252052.5433  obj=2163231965652.85 | gbest: cost=3979913109.59  viol=2159252052.5433  obj=2163231965652.85
[Run 10 | Iter 67] iter_best: cost=3976562671.23  viol=2158897473.6669  obj=2162874036338.09 | gbest: cost=3976562671.23  viol=2158897473.6669  obj=2162874036338.09
[Run 10 | Iter 68] iter_best: cost=3979638082.19  viol=2158901463.0838  obj=2162881101166.02 | gbest: cost=3976562671.23  viol=2158897473.6669  obj=2162874036338.09
[Run 10 | Iter 69] iter_best: cost=3982538465.75  viol=2159836258.3675  obj=2163818796833.29 | gbest: cost=3976562671.23  viol=2158897473.6669  obj=2162874036338.09
[Run 10 | FE 2816] best_local_obj=2162874036338.09  best_local_cost=3976562671.23  best_local_viol=2158897473.6669
[Run 10 | Iter 70] iter_best: cost=3980538191.78  viol=2158411572.5956  obj=2162392110787.33 | gbest: cost=3980538191.78  viol=2158411572.5956  obj=2162392110787.33
[Run 10 | Iter 71] iter_best: cost=3983213547.95  viol=2157805902.9438  obj=2161789116491.71 | gbest: cost=3983213547.95  viol=2157805902.9438  obj=2161789116491.71
[Run 10 | Iter 72] iter_best: cost=3987514150.68  viol=2156857311.8296  obj=2160844825980.32 | gbest: cost=3987514150.68  viol=2156857311.8296  obj=2160844825980.32
[Run 10 | Iter 73] iter_best: cost=3982988520.55  viol=2157045677.9346  obj=2161028666455.17 | gbest: cost=3987514150.68  viol=2156857311.8296  obj=2160844825980.32
[Run 10 | Iter 74] iter_best: cost=3982638465.75  viol=2156439734.4891  obj=2160422372954.89 | gbest: cost=3982638465.75  viol=2156439734.4891  obj=2160422372954.89
[Run 10 | Iter 75] iter_best: cost=3991539671.23  viol=2155668613.3579  obj=2159660153029.16 | gbest: cost=3991539671.23  viol=2155668613.3579  obj=2159660153029.16
[Run 10 | FE 3072] best_local_obj=2159562875608.01  best_local_cost=3987264095.89  best_local_viol=2155575611.5121
[Run 10 | Iter 76] iter_best: cost=3987264095.89  viol=2155575611.5121  obj=2159562875608.01 | gbest: cost=3987264095.89  viol=2155575611.5121  obj=2159562875608.01
[Run 10 | Iter 77] iter_best: cost=3989789452.05  viol=2155308048.5029  obj=2159297837954.98 | gbest: cost=3989789452.05  viol=2155308048.5029  obj=2159297837954.98
[Run 10 | Iter 78] iter_best: cost=3988864315.07  viol=2155038686.5549  obj=2159027550869.99 | gbest: cost=3988864315.07  viol=2155038686.5549  obj=2159027550869.99
[Run 10 | Iter 79] iter_best: cost=3991189616.44  viol=2155824893.9581  obj=2159816083574.50 | gbest: cost=3988864315.07  viol=2155038686.5549  obj=2159027550869.99
[Run 10 | Iter 80] iter_best: cost=3986789013.70  viol=2155175839.0415  obj=2159162628055.16 | gbest: cost=3988864315.07  viol=2155038686.5549  obj=2159027550869.99
[Run 10 | Iter 81] iter_best: cost=3987839178.08  viol=2154221170.8398  obj=2158209010017.92 | gbest: cost=3987839178.08  viol=2154221170.8398  obj=2158209010017.92
[Run 10 | Iter 82] iter_best: cost=3994840109.59  viol=2153489261.0866  obj=2157484101196.21 | gbest: cost=3994840109.59  viol=2153489261.0866  obj=2157484101196.21
[Run 10 | FE 3328] best_local_obj=2157484101196.21  best_local_cost=3994840109.59  best_local_viol=2153489261.0866
[Run 10 | Iter 83] iter_best: cost=4000790931.51  viol=2151817047.3377  obj=2155817838269.24 | gbest: cost=4000790931.51  viol=2151817047.3377  obj=2155817838269.24
[Run 10 | Iter 84] iter_best: cost=3995515191.78  viol=2152378126.6246  obj=2156373641816.41 | gbest: cost=4000790931.51  viol=2151817047.3377  obj=2155817838269.24
[Run 10 | Iter 85] iter_best: cost=4000890931.51  viol=2150954514.9541  obj=2154955405885.64 | gbest: cost=4000890931.51  viol=2150954514.9541  obj=2154955405885.64
[Run 10 | Iter 86] iter_best: cost=4005166506.85  viol=2150796447.0716  obj=2154801613578.48 | gbest: cost=4005166506.85  viol=2150796447.0716  obj=2154801613578.48
[Run 10 | Iter 87] iter_best: cost=3999115684.93  viol=2150272850.2109  obj=2154271965895.86 | gbest: cost=3999115684.93  viol=2150272850.2109  obj=2154271965895.86
[Run 10 | Iter 88] iter_best: cost=4000090821.92  viol=2149670485.8115  obj=2153670576633.45 | gbest: cost=4000090821.92  viol=2149670485.8115  obj=2153670576633.45
[Run 10 | FE 3584] best_local_obj=2153670576633.45  best_local_cost=4000090821.92  best_local_viol=2149670485.8115
[Run 10 | Iter 89] iter_best: cost=4000765904.11  viol=2149670485.8115  obj=2153671251715.64 | gbest: cost=4000090821.92  viol=2149670485.8115  obj=2153670576633.45
[Run 10 | Iter 90] iter_best: cost=4003116232.88  viol=2149210885.6066  obj=2153214001839.51 | gbest: cost=4003116232.88  viol=2149210885.6066  obj=2153214001839.51
[Run 10 | Iter 91] iter_best: cost=4002241095.89  viol=2149324134.6679  obj=2153326375763.82 | gbest: cost=4003116232.88  viol=2149210885.6066  obj=2153214001839.51
[Run 10 | Iter 92] iter_best: cost=4002141095.89  viol=2149210885.6066  obj=2153213026702.52 | gbest: cost=4002141095.89  viol=2149210885.6066  obj=2153213026702.52
[Run 10 | Iter 93] iter_best: cost=4004766452.05  viol=2148554992.6006  obj=2152559759052.69 | gbest: cost=4004766452.05  viol=2148554992.6006  obj=2152559759052.69
[Run 10 | Iter 94] iter_best: cost=4002091095.89  viol=2148554992.6006  obj=2152557083696.52 | gbest: cost=4002091095.89  viol=2148554992.6006  obj=2152557083696.52
[Run 10 | FE 3840] best_local_obj=2152433349469.68  best_local_cost=4005441534.25  best_local_viol=2148427907.9354
[Run 10 | Iter 95] iter_best: cost=4005441534.25  viol=2148427907.9354  obj=2152433349469.68 | gbest: cost=4005441534.25  viol=2148427907.9354  obj=2152433349469.68
[Run 10 | Iter 96] iter_best: cost=4003791315.07  viol=2148427907.9354  obj=2152431699250.50 | gbest: cost=4003791315.07  viol=2148427907.9354  obj=2152431699250.50
[Run 10 | Iter 97] iter_best: cost=4002816178.08  viol=2148427907.9354  obj=2152430724113.52 | gbest: cost=4002816178.08  viol=2148427907.9354  obj=2152430724113.52
[Run 10 | Iter 98] iter_best: cost=4005791589.04  viol=2148427907.9354  obj=2152433699524.47 | gbest: cost=4002816178.08  viol=2148427907.9354  obj=2152430724113.52
[Run 10 | Iter 99] iter_best: cost=4004766452.05  viol=2148638182.8484  obj=2152642949300.49 | gbest: cost=4002816178.08  viol=2148427907.9354  obj=2152430724113.52
[Run 10 | Iter 100] iter_best: cost=4002816178.08  viol=2148427907.9354  obj=2152430724113.52 | gbest: cost=4002816178.08  viol=2148427907.9354  obj=2152430724113.52
[Run 10 | Iter 101] iter_best: cost=4004816452.05  viol=2148427907.9354  obj=2152432724387.49 | gbest: cost=4002816178.08  viol=2148427907.9354  obj=2152430724113.52
[Run 10 | FE 4096] best_local_obj=2152430724113.52  best_local_cost=4002816178.08  best_local_viol=2148427907.9354
[Run 10 | Iter 102] iter_best: cost=4002766178.08  viol=2148427907.9354  obj=2152430674113.52 | gbest: cost=4002766178.08  viol=2148427907.9354  obj=2152430674113.52
[Run 10 | Iter 103] iter_best: cost=4010117164.38  viol=2148147887.3279  obj=2152158004492.32 | gbest: cost=4010117164.38  viol=2148147887.3279  obj=2152158004492.32
[Run 10 | Iter 104] iter_best: cost=4003116232.88  viol=2148147887.3279  obj=2152151003560.81 | gbest: cost=4003116232.88  viol=2148147887.3279  obj=2152151003560.81
[Run 10 | Iter 105] iter_best: cost=4005791589.04  viol=2147987131.4804  obj=2151992923069.40 | gbest: cost=4005791589.04  viol=2147987131.4804  obj=2151992923069.40
[Run 10 | Iter 106] iter_best: cost=4005791589.04  viol=2147850431.3991  obj=2151856222988.17 | gbest: cost=4005791589.04  viol=2147850431.3991  obj=2151856222988.17
[Run 10 | Iter 107] iter_best: cost=4006141643.84  viol=2146551973.2526  obj=2150558114896.47 | gbest: cost=4006141643.84  viol=2146551973.2526  obj=2150558114896.47
[Run 10 | FE 4352] best_local_obj=2148497185738.27  best_local_cost=4008466945.21  best_local_viol=2144488718.7931
[Run 10 | Iter 108] iter_best: cost=4008466945.21  viol=2144488718.7931  obj=2148497185738.27 | gbest: cost=4008466945.21  viol=2144488718.7931  obj=2148497185738.27
[Run 10 | Iter 109] iter_best: cost=4010517219.18  viol=2143702381.4870  obj=2147712898706.21 | gbest: cost=4010517219.18  viol=2143702381.4870  obj=2147712898706.21
[Run 10 | Iter 110] iter_best: cost=4011192301.37  viol=2143702381.4870  obj=2147713573788.40 | gbest: cost=4010517219.18  viol=2143702381.4870  obj=2147712898706.21
[Run 10 | Iter 111] iter_best: cost=4011142301.37  viol=2143426216.6690  obj=2147437358970.40 | gbest: cost=4011142301.37  viol=2143426216.6690  obj=2147437358970.40
[Run 10 | Iter 112] iter_best: cost=4012167438.36  viol=2143092112.9710  obj=2147104280409.39 | gbest: cost=4012167438.36  viol=2143092112.9710  obj=2147104280409.39
[Run 10 | Iter 113] iter_best: cost=4018143232.88  viol=2143071920.1807  obj=2147090063413.61 | gbest: cost=4018143232.88  viol=2143071920.1807  obj=2147090063413.61
[Run 10 | Iter 114] iter_best: cost=4013817657.53  viol=2143092112.9710  obj=2147105930628.57 | gbest: cost=4018143232.88  viol=2143071920.1807  obj=2147090063413.61
[Run 10 | FE 4608] best_local_obj=2146949069655.09  best_local_cost=4019793452.05  best_local_viol=2142929276.2030
[Run 10 | Iter 115] iter_best: cost=4019793452.05  viol=2142929276.2030  obj=2146949069655.09 | gbest: cost=4019793452.05  viol=2142929276.2030  obj=2146949069655.09
[Run 10 | Iter 116] iter_best: cost=4019168369.86  viol=2142929276.2030  obj=2146948444572.90 | gbest: cost=4019168369.86  viol=2142929276.2030  obj=2146948444572.90
[Run 10 | Iter 117] iter_best: cost=4018818315.07  viol=2142611292.6742  obj=2146630110989.30 | gbest: cost=4018818315.07  viol=2142611292.6742  obj=2146630110989.30
[Run 10 | Iter 118] iter_best: cost=4018818315.07  viol=2142611292.6742  obj=2146630110989.30 | gbest: cost=4018818315.07  viol=2142611292.6742  obj=2146630110989.30
[Run 10 | Iter 119] iter_best: cost=4017168095.89  viol=2142318003.2212  obj=2146335171317.12 | gbest: cost=4017168095.89  viol=2142318003.2212  obj=2146335171317.12
[Run 10 | Iter 120] iter_best: cost=4020768589.04  viol=2142001298.1807  obj=2146022066769.77 | gbest: cost=4020768589.04  viol=2142001298.1807  obj=2146022066769.77
[Run 10 | FE 4864] best_local_obj=2146021716714.98  best_local_cost=4020418534.25  best_local_viol=2142001298.1807
[Run 10 | Iter 121] iter_best: cost=4020418534.25  viol=2142001298.1807  obj=2146021716714.98 | gbest: cost=4020418534.25  viol=2142001298.1807  obj=2146021716714.98
[Run 10 | Iter 122] iter_best: cost=4020468534.25  viol=2141223081.6516  obj=2145243550185.88 | gbest: cost=4020468534.25  viol=2141223081.6516  obj=2145243550185.88
[Run 10 | Iter 123] iter_best: cost=4022518808.22  viol=2140834682.8961  obj=2144857201704.35 | gbest: cost=4022518808.22  viol=2140834682.8961  obj=2144857201704.35
[Run 10 | Iter 124] iter_best: cost=4018768315.07  viol=2140249205.1107  obj=2144267973425.80 | gbest: cost=4018768315.07  viol=2140249205.1107  obj=2144267973425.80
[Run 10 | Iter 125] iter_best: cost=4021443671.23  viol=2140586770.1020  obj=2144608213773.27 | gbest: cost=4018768315.07  viol=2140249205.1107  obj=2144267973425.80
[Run 10 | Iter 126] iter_best: cost=4018718315.07  viol=2140377164.6173  obj=2144395882932.40 | gbest: cost=4018768315.07  viol=2140249205.1107  obj=2144267973425.80
[Run 10 | FE 5120] best_local_obj=2144202233842.34  best_local_cost=4023443945.21  best_local_viol=2140178789.8971
[Run 10 | Iter 127] iter_best: cost=4023443945.21  viol=2140178789.8971  obj=2144202233842.34 | gbest: cost=4023443945.21  viol=2140178789.8971  obj=2144202233842.34
[Run 10 | Iter 128] iter_best: cost=4023143890.41  viol=2140691267.3329  obj=2144714411223.34 | gbest: cost=4023443945.21  viol=2140178789.8971  obj=2144202233842.34
[Run 10 | Iter 129] iter_best: cost=4024119027.40  viol=2140178789.8971  obj=2144202908924.53 | gbest: cost=4023443945.21  viol=2140178789.8971  obj=2144202233842.34
[Run 10 | Iter 130] iter_best: cost=4022468808.22  viol=2140529226.1913  obj=2144551694999.55 | gbest: cost=4023443945.21  viol=2140178789.8971  obj=2144202233842.34
[Run 10 | Iter 131] iter_best: cost=4024069027.40  viol=2140178789.8971  obj=2144202858924.53 | gbest: cost=4023443945.21  viol=2140178789.8971  obj=2144202233842.34
[Run 10 | Iter 132] iter_best: cost=4027419465.75  viol=2140178789.8971  obj=2144206209362.89 | gbest: cost=4023443945.21  viol=2140178789.8971  obj=2144202233842.34
[Run 10 | Iter 133] iter_best: cost=4021793726.03  viol=2140178789.8971  obj=2144200583623.16 | gbest: cost=4021793726.03  viol=2140178789.8971  obj=2144200583623.16
[Run 10 | FE 5376] best_local_obj=2144200583623.16  best_local_cost=4021793726.03  best_local_viol=2140178789.8971
[Run 10 | Iter 134] iter_best: cost=4023668972.60  viol=2140178789.8421  obj=2144202458814.74 | gbest: cost=4021793726.03  viol=2140178789.8971  obj=2144200583623.16
[Run 10 | Iter 135] iter_best: cost=4020768589.04  viol=2140178789.8971  obj=2144199558486.17 | gbest: cost=4020768589.04  viol=2140178789.8971  obj=2144199558486.17
[Run 10 | Iter 136] iter_best: cost=4019743452.05  viol=2140178789.8971  obj=2144198533349.19 | gbest: cost=4019743452.05  viol=2140178789.8971  obj=2144198533349.19
[Run 10 | Iter 137] iter_best: cost=4018768315.07  viol=2140178789.8971  obj=2144197558212.20 | gbest: cost=4018768315.07  viol=2140178789.8971  obj=2144197558212.20
[Run 10 | Iter 138] iter_best: cost=4018718315.07  viol=2140178789.8971  obj=2144197508212.20 | gbest: cost=4018718315.07  viol=2140178789.8971  obj=2144197508212.20
[Run 10 | Iter 139] iter_best: cost=4019393397.26  viol=2140178789.8971  obj=2144198183294.39 | gbest: cost=4018718315.07  viol=2140178789.8971  obj=2144197508212.20
[Run 10 | FE 5632] best_local_obj=2144197508212.20  best_local_cost=4018718315.07  best_local_viol=2140178789.8971
[Run 10 | Iter 140] iter_best: cost=4018718315.07  viol=2140178789.8971  obj=2144197508212.20 | gbest: cost=4018718315.07  viol=2140178789.8971  obj=2144197508212.20
[Run 10 | Iter 141] iter_best: cost=4018718315.07  viol=2140178789.8971  obj=2144197508212.20 | gbest: cost=4018718315.07  viol=2140178789.8971  obj=2144197508212.20
[Run 10 | Iter 142] iter_best: cost=4016092958.90  viol=2140178789.8971  obj=2144194882856.04 | gbest: cost=4016092958.90  viol=2140178789.8971  obj=2144194882856.04
[Run 10 | Iter 143] iter_best: cost=4018143232.88  viol=2140175021.5678  obj=2144193164800.71 | gbest: cost=4018143232.88  viol=2140175021.5678  obj=2144193164800.71
[Run 10 | Iter 144] iter_best: cost=4020818589.04  viol=2139104399.5678  obj=2143125218156.87 | gbest: cost=4020818589.04  viol=2139104399.5678  obj=2143125218156.87
[Run 10 | Iter 145] iter_best: cost=4021793726.03  viol=2138675935.6670  obj=2142697729393.06 | gbest: cost=4021793726.03  viol=2138675935.6670  obj=2142697729393.06
[Run 10 | Iter 146] iter_best: cost=4024869136.99  viol=2138672167.5587  obj=2142697036695.72 | gbest: cost=4024869136.99  viol=2138672167.5587  obj=2142697036695.72
[Run 10 | FE 5888] best_local_obj=2142697036695.72  best_local_cost=4024869136.99  best_local_viol=2138672167.5587
[Run 10 | Iter 147] iter_best: cost=4020143506.85  viol=2138672167.5587  obj=2142692311065.58 | gbest: cost=4020143506.85  viol=2138672167.5587  obj=2142692311065.58
[Run 10 | Iter 148] iter_best: cost=4020143506.85  viol=2138689887.6628  obj=2142710031169.68 | gbest: cost=4020143506.85  viol=2138672167.5587  obj=2142692311065.58
[Run 10 | Iter 149] iter_best: cost=4020818589.04  viol=2138671696.2871  obj=2142692514876.19 | gbest: cost=4020143506.85  viol=2138672167.5587  obj=2142692311065.58
[Run 10 | Iter 150] iter_best: cost=4021168643.84  viol=2138672167.5587  obj=2142693336202.57 | gbest: cost=4020143506.85  viol=2138672167.5587  obj=2142692311065.58
[Run 10 | Iter 151] iter_best: cost=4019118369.86  viol=2138672167.5587  obj=2142691285928.60 | gbest: cost=4019118369.86  viol=2138672167.5587  obj=2142691285928.60
[Run 10 | Iter 152] iter_best: cost=4021168643.84  viol=2138672167.5587  obj=2142693336202.57 | gbest: cost=4019118369.86  viol=2138672167.5587  obj=2142691285928.60
[Run 10 | FE 6144] best_local_obj=2142690260791.61  best_local_cost=4018093232.88  best_local_viol=2138672167.5587
[Run 10 | Iter 153] iter_best: cost=4018093232.88  viol=2138672167.5587  obj=2142690260791.61 | gbest: cost=4018093232.88  viol=2138672167.5587  obj=2142690260791.61
[Run 10 | Iter 154] iter_best: cost=4021218643.84  viol=2138672175.1620  obj=2142693393805.79 | gbest: cost=4018093232.88  viol=2138672167.5587  obj=2142690260791.61
[Run 10 | Iter 155] iter_best: cost=4019743452.05  viol=2138672167.5587  obj=2142691911010.79 | gbest: cost=4018093232.88  viol=2138672167.5587  obj=2142690260791.61
[Run 10 | Iter 156] iter_best: cost=4021168643.84  viol=2138672167.5587  obj=2142693336202.57 | gbest: cost=4018093232.88  viol=2138672167.5587  obj=2142690260791.61
[Run 10 | Iter 157] iter_best: cost=4021793726.03  viol=2138672167.5587  obj=2142693961284.76 | gbest: cost=4018093232.88  viol=2138672167.5587  obj=2142690260791.61
[Run 10 | Iter 158] iter_best: cost=4020143506.85  viol=2138672167.5587  obj=2142692311065.58 | gbest: cost=4018093232.88  viol=2138672167.5587  obj=2142690260791.61
[Run 10 | FE 6400] best_local_obj=2142690260791.61  best_local_cost=4018093232.88  best_local_viol=2138672167.5587
[Run 10 | Iter 159] iter_best: cost=4019118369.86  viol=2138672167.5587  obj=2142691285928.60 | gbest: cost=4018093232.88  viol=2138672167.5587  obj=2142690260791.61
[Run 10 | Iter 160] iter_best: cost=4018093232.88  viol=2138672167.5587  obj=2142690260791.61 | gbest: cost=4018093232.88  viol=2138672167.5587  obj=2142690260791.61
[Run 10 | Iter 161] iter_best: cost=4017393123.29  viol=2137990352.6490  obj=2142007745772.24 | gbest: cost=4017393123.29  viol=2137990352.6490  obj=2142007745772.24
[Run 10 | Iter 162] iter_best: cost=4022068753.42  viol=2137316739.3521  obj=2141338808105.48 | gbest: cost=4022068753.42  viol=2137316739.3521  obj=2141338808105.48
[Run 10 | Iter 163] iter_best: cost=4023093890.41  viol=2137166483.8329  obj=2141189577723.26 | gbest: cost=4023093890.41  viol=2137166483.8329  obj=2141189577723.26
[Run 10 | Iter 164] iter_best: cost=4020418534.25  viol=2136454507.4120  obj=2140474925946.20 | gbest: cost=4020418534.25  viol=2136454507.4120  obj=2140474925946.20
[Run 10 | Iter 165] iter_best: cost=4024519082.19  viol=2136496870.5484  obj=2140521389630.55 | gbest: cost=4020418534.25  viol=2136454507.4120  obj=2140474925946.20
[Run 10 | FE 6656] best_local_obj=2140474925946.20  best_local_cost=4020418534.25  best_local_viol=2136454507.4120
[Run 10 | Iter 166] iter_best: cost=4020418534.25  viol=2136454507.4120  obj=2140474925946.20 | gbest: cost=4020418534.25  viol=2136454507.4120  obj=2140474925946.20
[Run 10 | Iter 167] iter_best: cost=4021443671.23  viol=2136491761.5508  obj=2140513205221.98 | gbest: cost=4020418534.25  viol=2136454507.4120  obj=2140474925946.20
[Run 10 | Iter 168] iter_best: cost=4021393671.23  viol=2136454507.5680  obj=2140475901239.18 | gbest: cost=4020418534.25  viol=2136454507.4120  obj=2140474925946.20
[Run 10 | Iter 169] iter_best: cost=4021443671.23  viol=2136454507.4120  obj=2140475951083.18 | gbest: cost=4020418534.25  viol=2136454507.4120  obj=2140474925946.20
[Run 10 | Iter 170] iter_best: cost=4021443671.23  viol=2136454507.4120  obj=2140475951083.18 | gbest: cost=4020418534.25  viol=2136454507.4120  obj=2140474925946.20
[Run 10 | Iter 171] iter_best: cost=4021393671.23  viol=2136454507.4120  obj=2140475901083.18 | gbest: cost=4020418534.25  viol=2136454507.4120  obj=2140474925946.20
[Run 10 | FE 6912] best_local_obj=2140474925946.20  best_local_cost=4020418534.25  best_local_viol=2136454507.4120
[Run 10 | Iter 172] iter_best: cost=4021393671.23  viol=2136454507.4120  obj=2140475901083.18 | gbest: cost=4020418534.25  viol=2136454507.4120  obj=2140474925946.20
[Run 10 | Iter 173] iter_best: cost=4020418534.25  viol=2136454507.4120  obj=2140474925946.20 | gbest: cost=4020418534.25  viol=2136454507.4120  obj=2140474925946.20
[Run 10 | Iter 174] iter_best: cost=4022468808.22  viol=2136450260.3579  obj=2140472729166.07 | gbest: cost=4022468808.22  viol=2136450260.3579  obj=2140472729166.07
[Run 10 | Iter 175] iter_best: cost=4021443671.23  viol=2136450260.2408  obj=2140471703912.08 | gbest: cost=4021443671.23  viol=2136450260.2408  obj=2140471703912.08
[Run 10 | Iter 176] iter_best: cost=4021443671.23  viol=2136450260.2408  obj=2140471703912.08 | gbest: cost=4021443671.23  viol=2136450260.2408  obj=2140471703912.08
[Run 10 | Iter 177] iter_best: cost=4021443671.23  viol=2136450260.2408  obj=2140471703912.08 | gbest: cost=4021443671.23  viol=2136450260.2408  obj=2140471703912.08
[Run 10 | Iter 178] iter_best: cost=4023493945.21  viol=2135379638.3468  obj=2139403132292.06 | gbest: cost=4023493945.21  viol=2135379638.3468  obj=2139403132292.06
[Run 10 | FE 7168] best_local_obj=2139403132175.06  best_local_cost=4023493945.21  best_local_viol=2135379638.2298
[Run 10 | Iter 179] iter_best: cost=4022468808.22  viol=2135379638.2298  obj=2139402107038.07 | gbest: cost=4022468808.22  viol=2135379638.2298  obj=2139402107038.07
[Run 10 | Iter 180] iter_best: cost=4022468808.22  viol=2135379638.2298  obj=2139402107038.07 | gbest: cost=4022468808.22  viol=2135379638.2298  obj=2139402107038.07
[Run 10 | Iter 181] iter_best: cost=4023493945.21  viol=2135137132.5072  obj=2139160626452.46 | gbest: cost=4023493945.21  viol=2135137132.5072  obj=2139160626452.46
[Run 10 | Iter 182] iter_best: cost=4024519082.19  viol=2134309016.2298  obj=2138333535312.04 | gbest: cost=4024519082.19  viol=2134309016.2298  obj=2138333535312.04
[Run 10 | Iter 183] iter_best: cost=4026169301.37  viol=2134436975.8457  obj=2138463145147.12 | gbest: cost=4024519082.19  viol=2134309016.2298  obj=2138333535312.04
[Run 10 | Iter 184] iter_best: cost=4030494876.71  viol=2134436975.8098  obj=2138467470686.56 | gbest: cost=4024519082.19  viol=2134309016.2298  obj=2138333535312.04
[Run 10 | FE 7424] best_local_obj=2138333535312.04  best_local_cost=4024519082.19  best_local_viol=2134309016.2298
[Run 10 | Iter 185] iter_best: cost=4029194712.33  viol=2134309016.2298  obj=2138338210942.18 | gbest: cost=4024519082.19  viol=2134309016.2298  obj=2138333535312.04
[Run 10 | Iter 186] iter_best: cost=4027819520.55  viol=2134513121.3245  obj=2138540940845.10 | gbest: cost=4024519082.19  viol=2134309016.2298  obj=2138333535312.04
[Run 10 | Iter 187] iter_best: cost=4024519082.19  viol=2134476992.2711  obj=2138501511353.34 | gbest: cost=4024519082.19  viol=2134309016.2298  obj=2138333535312.04
[Run 10 | Iter 188] iter_best: cost=4024469082.19  viol=2134309016.2298  obj=2138333485312.04 | gbest: cost=4024469082.19  viol=2134309016.2298  obj=2138333485312.04
[Run 10 | Iter 189] iter_best: cost=4025494219.18  viol=2134309016.3468  obj=2138334510566.03 | gbest: cost=4024469082.19  viol=2134309016.2298  obj=2138333485312.04
[Run 10 | Iter 190] iter_best: cost=4025494219.18  viol=2134309016.2298  obj=2138334510449.03 | gbest: cost=4024469082.19  viol=2134309016.2298  obj=2138333485312.04
[Run 10 | FE 7680] best_local_obj=2138333485312.04  best_local_cost=4024469082.19  best_local_viol=2134309016.2298
[Run 10 | Iter 191] iter_best: cost=4025494219.18  viol=2134309016.2298  obj=2138334510449.03 | gbest: cost=4024469082.19  viol=2134309016.2298  obj=2138333485312.04
[Run 10 | Iter 192] iter_best: cost=4024469082.19  viol=2134309016.2298  obj=2138333485312.04 | gbest: cost=4024469082.19  viol=2134309016.2298  obj=2138333485312.04
[Run 10 | Iter 193] iter_best: cost=4025494219.18  viol=2134309016.2298  obj=2138334510449.03 | gbest: cost=4024469082.19  viol=2134309016.2298  obj=2138333485312.04
[Run 10 | Iter 194] iter_best: cost=4023493945.21  viol=2134309016.2298  obj=2138332510175.06 | gbest: cost=4023493945.21  viol=2134309016.2298  obj=2138332510175.06
[Run 10 | Iter 195] iter_best: cost=4023443945.21  viol=2134313263.4009  obj=2138336707346.16 | gbest: cost=4023493945.21  viol=2134309016.2298  obj=2138332510175.06
[Run 10 | Iter 196] iter_best: cost=4024119027.40  viol=2133652028.9495  obj=2137676147976.95 | gbest: cost=4024119027.40  viol=2133652028.9495  obj=2137676147976.95
[Run 10 | Iter 197] iter_best: cost=4028169575.34  viol=2133652028.9495  obj=2137680198524.89 | gbest: cost=4024119027.40  viol=2133652028.9495  obj=2137676147976.95
[Run 10 | FE 7936] best_local_obj=2137676147976.95  best_local_cost=4024119027.40  best_local_viol=2133652028.9495
[Run 10 | Iter 198] iter_best: cost=4029144712.33  viol=2133511232.1306  obj=2137540376842.88 | gbest: cost=4029144712.33  viol=2133511232.1306  obj=2137540376842.88
[Run 10 | Iter 199] iter_best: cost=4027194438.36  viol=2133073496.6482  obj=2137100691086.61 | gbest: cost=4027194438.36  viol=2133073496.6482  obj=2137100691086.61
[Run 10 | Iter 200] iter_best: cost=4033520287.67  viol=2132994620.8071  obj=2137028141094.72 | gbest: cost=4033520287.67  viol=2132994620.8071  obj=2137028141094.72
[Run 10 | Iter 201] iter_best: cost=4031820068.49  viol=2132994620.8071  obj=2137026440875.54 | gbest: cost=4031820068.49  viol=2132994620.8071  obj=2137026440875.54
[Run 10 | Iter 202] iter_best: cost=4034895479.45  viol=2132924205.5078  obj=2136959100987.20 | gbest: cost=4034895479.45  viol=2132924205.5078  obj=2136959100987.20
[Run 10 | Iter 203] iter_best: cost=4036545698.63  viol=2132924205.5078  obj=2136960751206.38 | gbest: cost=4034895479.45  viol=2132924205.5078  obj=2136959100987.20
[Run 10 | FE 8192] best_local_obj=2136959100987.20  best_local_cost=4034895479.45  best_local_viol=2132924205.5078
[Run 10 | Iter 204] iter_best: cost=4037570835.62  viol=2132924205.5078  obj=2136961776343.37 | gbest: cost=4034895479.45  viol=2132924205.5078  obj=2136959100987.20
[Run 10 | Iter 205] iter_best: cost=4034145369.86  viol=2132847401.7464  obj=2136881547116.31 | gbest: cost=4034145369.86  viol=2132847401.7464  obj=2136881547116.31
[Run 10 | Iter 206] iter_best: cost=4037845863.01  viol=2132719442.1860  obj=2136757288048.96 | gbest: cost=4037845863.01  viol=2132719442.1860  obj=2136757288048.96
[Run 10 | Iter 207] iter_best: cost=4034545424.66  viol=2132847401.7464  obj=2136881947171.11 | gbest: cost=4037845863.01  viol=2132719442.1860  obj=2136757288048.96
[Run 10 | Iter 208] iter_best: cost=4037845863.01  viol=2132719442.1860  obj=2136757288048.96 | gbest: cost=4037845863.01  viol=2132719442.1860  obj=2136757288048.96
[Run 10 | Iter 209] iter_best: cost=4035120506.85  viol=2132719442.1860  obj=2136754562692.80 | gbest: cost=4035120506.85  viol=2132719442.1860  obj=2136754562692.80
[Run 10 | Iter 210] iter_best: cost=4035170506.85  viol=2132719442.1860  obj=2136754612692.80 | gbest: cost=4035120506.85  viol=2132719442.1860  obj=2136754562692.80
[Run 10 | FE 8448] best_local_obj=2136754562692.80  best_local_cost=4035120506.85  best_local_viol=2132719442.1860
[Run 10 | Iter 211] iter_best: cost=4036145643.84  viol=2132719442.1860  obj=2136755587829.79 | gbest: cost=4035120506.85  viol=2132719442.1860  obj=2136754562692.80
[Run 10 | Iter 212] iter_best: cost=4033470287.67  viol=2132719442.1860  obj=2136752912473.62 | gbest: cost=4033470287.67  viol=2132719442.1860  obj=2136752912473.62
[Run 10 | Iter 213] iter_best: cost=4031470013.70  viol=2132719442.1860  obj=2136750912199.65 | gbest: cost=4031470013.70  viol=2132719442.1860  obj=2136750912199.65
[Run 10 | Iter 214] iter_best: cost=4036820726.03  viol=2132715574.3951  obj=2136752395121.08 | gbest: cost=4031470013.70  viol=2132719442.1860  obj=2136750912199.65
[Run 10 | Iter 215] iter_best: cost=4031470013.70  viol=2132719442.1860  obj=2136750912199.65 | gbest: cost=4031470013.70  viol=2132719442.1860  obj=2136750912199.65
[Run 10 | Iter 216] iter_best: cost=4033120232.88  viol=2132719442.1860  obj=2136752562418.83 | gbest: cost=4031470013.70  viol=2132719442.1860  obj=2136750912199.65
[Run 10 | FE 8704] best_local_obj=2136750912199.65  best_local_cost=4031470013.70  best_local_viol=2132719442.1860
[Run 10 | Iter 217] iter_best: cost=4034145369.86  viol=2132719442.1860  obj=2136753587555.81 | gbest: cost=4031470013.70  viol=2132719442.1860  obj=2136750912199.65
[Run 10 | Iter 218] iter_best: cost=4031470013.70  viol=2132719442.1860  obj=2136750912199.65 | gbest: cost=4031470013.70  viol=2132719442.1860  obj=2136750912199.65
[Run 10 | Iter 219] iter_best: cost=4031470013.70  viol=2132719442.1860  obj=2136750912199.65 | gbest: cost=4031470013.70  viol=2132719442.1860  obj=2136750912199.65
[Run 10 | Iter 220] iter_best: cost=4030444876.71  viol=2132719442.1860  obj=2136749887062.66 | gbest: cost=4030444876.71  viol=2132719442.1860  obj=2136749887062.66
[Run 10 | Iter 221] iter_best: cost=4031470013.70  viol=2132719442.1860  obj=2136750912199.65 | gbest: cost=4030444876.71  viol=2132719442.1860  obj=2136749887062.66
[Run 10 | Iter 222] iter_best: cost=4030444876.71  viol=2132719442.1860  obj=2136749887062.66 | gbest: cost=4030444876.71  viol=2132719442.1860  obj=2136749887062.66
[Run 10 | FE 8960] best_local_obj=2136749887062.66  best_local_cost=4030444876.71  best_local_viol=2132719442.1860
[Run 10 | Iter 223] iter_best: cost=4030444876.71  viol=2132719442.1860  obj=2136749887062.66 | gbest: cost=4030444876.71  viol=2132719442.1860  obj=2136749887062.66
[Run 10 | Iter 224] iter_best: cost=4030444876.71  viol=2132719442.1860  obj=2136749887062.66 | gbest: cost=4030444876.71  viol=2132719442.1860  obj=2136749887062.66
[Run 10 | Iter 225] iter_best: cost=4026169301.37  viol=2132719442.1860  obj=2136745611487.32 | gbest: cost=4026169301.37  viol=2132719442.1860  obj=2136745611487.32
[Run 10 | Iter 226] iter_best: cost=4031920068.49  viol=2132715574.3951  obj=2136747494463.54 | gbest: cost=4026169301.37  viol=2132719442.1860  obj=2136745611487.32
[Run 10 | Iter 227] iter_best: cost=4027144438.36  viol=2132719442.1860  obj=2136746586624.31 | gbest: cost=4026169301.37  viol=2132719442.1860  obj=2136745611487.32
[Run 10 | Iter 228] iter_best: cost=4028794657.53  viol=2132380253.8672  obj=2136409048524.68 | gbest: cost=4028794657.53  viol=2132380253.8672  obj=2136409048524.68
[Run 10 | Iter 229] iter_best: cost=4028119575.34  viol=2132063549.1860  obj=2136091668761.29 | gbest: cost=4028119575.34  viol=2132063549.1860  obj=2136091668761.29
[Run 10 | FE 9216] best_local_obj=2136091668761.29  best_local_cost=4028119575.34  best_local_viol=2132063549.1860
[Run 10 | Iter 230] iter_best: cost=4029769794.52  viol=2132063549.1860  obj=2136093318980.47 | gbest: cost=4028119575.34  viol=2132063549.1860  obj=2136091668761.29
[Run 10 | Iter 231] iter_best: cost=4030794931.51  viol=2132063549.1860  obj=2136094344117.46 | gbest: cost=4028119575.34  viol=2132063549.1860  obj=2136091668761.29
[Run 10 | Iter 232] iter_best: cost=4029144712.33  viol=2132063549.1860  obj=2136092693898.28 | gbest: cost=4028119575.34  viol=2132063549.1860  obj=2136091668761.29
[Run 10 | Iter 233] iter_best: cost=4027819520.55  viol=2132063549.1860  obj=2136091368706.50 | gbest: cost=4027819520.55  viol=2132063549.1860  obj=2136091368706.50
[Run 10 | Iter 234] iter_best: cost=4026169301.37  viol=2132063549.1860  obj=2136089718487.32 | gbest: cost=4026169301.37  viol=2132063549.1860  obj=2136089718487.32
[Run 10 | Iter 235] iter_best: cost=4030219849.32  viol=2131516098.1325  obj=2135546317981.77 | gbest: cost=4030219849.32  viol=2131516098.1325  obj=2135546317981.77
[Run 10 | FE 9472] best_local_obj=2135521026638.96  best_local_cost=4030894931.51  best_local_viol=2131490131.7075
[Run 10 | Iter 236] iter_best: cost=4030894931.51  viol=2131490131.7075  obj=2135521026638.96 | gbest: cost=4030894931.51  viol=2131490131.7075  obj=2135521026638.96
[Run 10 | Iter 237] iter_best: cost=4029144712.33  viol=2131490131.7075  obj=2135519276419.78 | gbest: cost=4029144712.33  viol=2131490131.7075  obj=2135519276419.78
[Run 10 | Iter 238] iter_best: cost=4030169849.32  viol=2131490131.7075  obj=2135520301556.77 | gbest: cost=4029144712.33  viol=2131490131.7075  obj=2135519276419.78
[Run 10 | Iter 239] iter_best: cost=4030894931.51  viol=2131490131.7075  obj=2135521026638.96 | gbest: cost=4029144712.33  viol=2131490131.7075  obj=2135519276419.78
[Run 10 | Iter 240] iter_best: cost=4030219849.32  viol=2131490131.7075  obj=2135520351556.77 | gbest: cost=4029144712.33  viol=2131490131.7075  obj=2135519276419.78
[Run 10 | Iter 241] iter_best: cost=4033470287.67  viol=2131377563.3908  obj=2135411033678.42 | gbest: cost=4033470287.67  viol=2131377563.3908  obj=2135411033678.42
[Run 10 | Iter 242] iter_best: cost=4037745863.01  viol=2130849629.9246  obj=2134887375787.56 | gbest: cost=4037745863.01  viol=2130849629.9246  obj=2134887375787.56
[Run 10 | FE 9728] best_local_obj=2134760491390.75  best_local_cost=4038821000.00  best_local_viol=2130721670.3908
[Run 10 | Iter 243] iter_best: cost=4038821000.00  viol=2130721670.3908  obj=2134760491390.75 | gbest: cost=4038821000.00  viol=2130721670.3908  obj=2134760491390.75
[Run 10 | Iter 244] iter_best: cost=4035120506.85  viol=2130721670.3908  obj=2134756790897.60 | gbest: cost=4035120506.85  viol=2130721670.3908  obj=2134756790897.60
[Run 10 | Iter 245] iter_best: cost=4036770726.03  viol=2130721670.3908  obj=2134758441116.78 | gbest: cost=4035120506.85  viol=2130721670.3908  obj=2134756790897.60
[Run 10 | Iter 246] iter_best: cost=4035520561.64  viol=2130721670.3908  obj=2134757190952.39 | gbest: cost=4035120506.85  viol=2130721670.3908  obj=2134756790897.60
[Run 10 | Iter 247] iter_best: cost=4036145643.84  viol=2130721670.3908  obj=2134757816034.59 | gbest: cost=4035120506.85  viol=2130721670.3908  obj=2134756790897.60
[Run 10 | Iter 248] iter_best: cost=4036770726.03  viol=2130721670.3908  obj=2134758441116.78 | gbest: cost=4035120506.85  viol=2130721670.3908  obj=2134756790897.60
[Run 10 | FE 9984] best_local_obj=2134756165878.31  best_local_cost=4034495424.66  best_local_viol=2130721670.4536
[Run 10 | Iter 249] iter_best: cost=4034495424.66  viol=2130721670.3908  obj=2134756165815.41 | gbest: cost=4034495424.66  viol=2130721670.3908  obj=2134756165815.41
[Run 10 | Iter 250] iter_best: cost=4033870342.47  viol=2130721670.3908  obj=2134755540733.22 | gbest: cost=4033870342.47  viol=2130721670.3908  obj=2134755540733.22
[Run 10 | Iter 251] iter_best: cost=4032845205.48  viol=2130721670.3908  obj=2134754515596.23 | gbest: cost=4032845205.48  viol=2130721670.3908  obj=2134754515596.23
[Run 10 | Iter 252] iter_best: cost=4032845205.48  viol=2130721670.3908  obj=2134754515596.23 | gbest: cost=4032845205.48  viol=2130721670.3908  obj=2134754515596.23
[Run 10 | Iter 253] iter_best: cost=4033820342.47  viol=2130721670.3908  obj=2134755490733.22 | gbest: cost=4032845205.48  viol=2130721670.3908  obj=2134754515596.23
[Run 10 | Iter 254] iter_best: cost=4032845205.48  viol=2130721670.3908  obj=2134754515596.23 | gbest: cost=4032845205.48  viol=2130721670.3908  obj=2134754515596.23
[Run 10 | FE 10240] best_local_obj=2134754515596.23  best_local_cost=4032845205.48  best_local_viol=2130721670.3908
[Run 10 | Iter 255] iter_best: cost=4032845205.48  viol=2130721670.3908  obj=2134754515596.23 | gbest: cost=4032845205.48  viol=2130721670.3908  obj=2134754515596.23
[Run 10 | Iter 256] iter_best: cost=4031420013.70  viol=2130721670.3908  obj=2134753090404.45 | gbest: cost=4031420013.70  viol=2130721670.3908  obj=2134753090404.45
[Run 10 | Iter 257] iter_best: cost=4034095369.86  viol=2129651048.3908  obj=2133685143760.61 | gbest: cost=4034095369.86  viol=2129651048.3908  obj=2133685143760.61
[Run 10 | Iter 258] iter_best: cost=4035795589.04  viol=2128461846.5510  obj=2132497642139.99 | gbest: cost=4035795589.04  viol=2128461846.5510  obj=2132497642139.99
[Run 10 | Iter 259] iter_best: cost=4037845863.01  viol=2128461846.5510  obj=2132499692413.96 | gbest: cost=4035795589.04  viol=2128461846.5510  obj=2132497642139.99
[Run 10 | Iter 260] iter_best: cost=4038871000.00  viol=2128461846.5510  obj=2132500717550.95 | gbest: cost=4035795589.04  viol=2128461846.5510  obj=2132497642139.99
[Run 10 | Iter 261] iter_best: cost=4034770452.05  viol=2128461846.5510  obj=2132496617003.00 | gbest: cost=4034770452.05  viol=2128461846.5510  obj=2132496617003.00
[Run 10 | FE 10496] best_local_obj=2132446292784.00  best_local_cost=4034720452.05  best_local_viol=2128411572.3320
[Run 10 | Iter 262] iter_best: cost=4034720452.05  viol=2128026914.9266  obj=2132061635378.60 | gbest: cost=4034720452.05  viol=2128026914.9266  obj=2132061635378.60
[Run 10 | Iter 263] iter_best: cost=4035745589.04  viol=2127898955.3928  obj=2131934700981.79 | gbest: cost=4035745589.04  viol=2127898955.3928  obj=2131934700981.79
[Run 10 | Iter 264] iter_best: cost=4035745589.04  viol=2127898955.3928  obj=2131934700981.79 | gbest: cost=4035745589.04  viol=2127898955.3928  obj=2131934700981.79
[Run 10 | Iter 265] iter_best: cost=4035745589.04  viol=2127898955.3928  obj=2131934700981.79 | gbest: cost=4035745589.04  viol=2127898955.3928  obj=2131934700981.79
[Run 10 | Iter 266] iter_best: cost=4035745589.04  viol=2127898955.3928  obj=2131934700981.79 | gbest: cost=4035745589.04  viol=2127898955.3928  obj=2131934700981.79
[Run 10 | Iter 267] iter_best: cost=4035745589.04  viol=2127898955.3928  obj=2131934700981.79 | gbest: cost=4035745589.04  viol=2127898955.3928  obj=2131934700981.79
[Run 10 | FE 10752] best_local_obj=2131934075899.60  best_local_cost=4035120506.85  best_local_viol=2127898955.3928
[Run 10 | Iter 268] iter_best: cost=4035120506.85  viol=2127898955.3928  obj=2131934075899.60 | gbest: cost=4035120506.85  viol=2127898955.3928  obj=2131934075899.60
[Run 10 | Iter 269] iter_best: cost=4034095369.86  viol=2127898955.3928  obj=2131933050762.61 | gbest: cost=4034095369.86  viol=2127898955.3928  obj=2131933050762.61
[Run 10 | Iter 270] iter_best: cost=4033070232.88  viol=2127898955.3928  obj=2131932025625.63 | gbest: cost=4033070232.88  viol=2127898955.3928  obj=2131932025625.63
[Run 10 | Iter 271] iter_best: cost=4033070232.88  viol=2127898955.3928  obj=2131932025625.63 | gbest: cost=4033070232.88  viol=2127898955.3928  obj=2131932025625.63
[Run 10 | Iter 272] iter_best: cost=4033070232.88  viol=2127898955.3928  obj=2131932025625.63 | gbest: cost=4033070232.88  viol=2127898955.3928  obj=2131932025625.63
[Run 10 | Iter 273] iter_best: cost=4033070232.88  viol=2127898955.3928  obj=2131932025625.63 | gbest: cost=4033070232.88  viol=2127898955.3928  obj=2131932025625.63
[Run 10 | Iter 274] iter_best: cost=4033070232.88  viol=2127898955.3928  obj=2131932025625.63 | gbest: cost=4033070232.88  viol=2127898955.3928  obj=2131932025625.63
[Run 10 | FE 11008] best_local_obj=2131932025625.63  best_local_cost=4033070232.88  best_local_viol=2127898955.3928
[Run 10 | Iter 275] iter_best: cost=4033070232.88  viol=2127898955.3928  obj=2131932025625.63 | gbest: cost=4033070232.88  viol=2127898955.3928  obj=2131932025625.63
[Run 10 | Iter 276] iter_best: cost=4033070232.88  viol=2127898955.3928  obj=2131932025625.63 | gbest: cost=4033070232.88  viol=2127898955.3928  obj=2131932025625.63
[Run 10 | Iter 277] iter_best: cost=4033070232.88  viol=2127898955.3928  obj=2131932025625.63 | gbest: cost=4033070232.88  viol=2127898955.3928  obj=2131932025625.63
[Run 10 | Iter 278] iter_best: cost=4033070232.88  viol=2127898955.3928  obj=2131932025625.63 | gbest: cost=4033070232.88  viol=2127898955.3928  obj=2131932025625.63
[Run 10 | Iter 279] iter_best: cost=4033070232.88  viol=2127898955.3928  obj=2131932025625.63 | gbest: cost=4033070232.88  viol=2127898955.3928  obj=2131932025625.63
[Run 10 | Iter 280] iter_best: cost=4033070232.88  viol=2127898955.3928  obj=2131932025625.63 | gbest: cost=4033070232.88  viol=2127898955.3928  obj=2131932025625.63
[Run 10 | FE 11264] best_local_obj=2131932025625.63  best_local_cost=4033070232.88  best_local_viol=2127898955.3928
[Run 10 | Iter 281] iter_best: cost=4033070232.88  viol=2127898955.3928  obj=2131932025625.63 | gbest: cost=4033070232.88  viol=2127898955.3928  obj=2131932025625.63
[Run 10 | Iter 282] iter_best: cost=4033070232.88  viol=2127898955.3928  obj=2131932025625.63 | gbest: cost=4033070232.88  viol=2127898955.3928  obj=2131932025625.63
[Run 10 | Iter 283] iter_best: cost=4033070232.88  viol=2127898955.3928  obj=2131932025625.63 | gbest: cost=4033070232.88  viol=2127898955.3928  obj=2131932025625.63
[Run 10 | Iter 284] iter_best: cost=4033070232.88  viol=2127898955.3928  obj=2131932025625.63 | gbest: cost=4033070232.88  viol=2127898955.3928  obj=2131932025625.63
[Run 10 | Iter 285] iter_best: cost=4033070232.88  viol=2127898955.3928  obj=2131932025625.63 | gbest: cost=4033070232.88  viol=2127898955.3928  obj=2131932025625.63
[Run 10 | Iter 286] iter_best: cost=4032095095.89  viol=2127899022.0340  obj=2131931117129.89 | gbest: cost=4032095095.89  viol=2127899022.0340  obj=2131931117129.89
[Run 10 | FE 11520] best_local_obj=2131931117129.89  best_local_cost=4032095095.89  best_local_viol=2127899022.0340
[Run 10 | Iter 287] iter_best: cost=4032095095.89  viol=2127899022.0340  obj=2131931117129.89 | gbest: cost=4032095095.89  viol=2127899022.0340  obj=2131931117129.89
[Run 10 | Iter 288] iter_best: cost=4032095095.89  viol=2127899022.0340  obj=2131931117129.89 | gbest: cost=4032095095.89  viol=2127899022.0340  obj=2131931117129.89
[Run 10 | Iter 289] iter_best: cost=4032095095.89  viol=2127899022.0340  obj=2131931117129.89 | gbest: cost=4032095095.89  viol=2127899022.0340  obj=2131931117129.89
[Run 10 | Iter 290] iter_best: cost=4032095095.89  viol=2127899022.0340  obj=2131931117129.89 | gbest: cost=4032095095.89  viol=2127899022.0340  obj=2131931117129.89
[Run 10 | Iter 291] iter_best: cost=4032095095.89  viol=2127899022.0340  obj=2131931117129.89 | gbest: cost=4032095095.89  viol=2127899022.0340  obj=2131931117129.89
[Run 10 | Iter 292] iter_best: cost=4032095095.89  viol=2127899022.0340  obj=2131931117129.89 | gbest: cost=4032095095.89  viol=2127899022.0340  obj=2131931117129.89
[Run 10 | Iter 293] iter_best: cost=4032095095.89  viol=2127899022.0340  obj=2131931117129.89 | gbest: cost=4032095095.89  viol=2127899022.0340  obj=2131931117129.89
[Run 10 | FE 11776] best_local_obj=2131931117129.89  best_local_cost=4032095095.89  best_local_viol=2127899022.0340
[Run 10 | Iter 294] iter_best: cost=4032095095.89  viol=2127899022.0340  obj=2131931117129.89 | gbest: cost=4032095095.89  viol=2127899022.0340  obj=2131931117129.89
[Run 10 | Iter 295] iter_best: cost=4032095095.89  viol=2127899022.0340  obj=2131931117129.89 | gbest: cost=4032095095.89  viol=2127899022.0340  obj=2131931117129.89
[Run 10 | Iter 296] iter_best: cost=4032095095.89  viol=2127899022.0340  obj=2131931117129.89 | gbest: cost=4032095095.89  viol=2127899022.0340  obj=2131931117129.89
[Run 10 | Iter 297] iter_best: cost=4032095095.89  viol=2127899022.0340  obj=2131931117129.89 | gbest: cost=4032095095.89  viol=2127899022.0340  obj=2131931117129.89
[Run 10 | Iter 298] iter_best: cost=4032095095.89  viol=2127899022.0340  obj=2131931117129.89 | gbest: cost=4032095095.89  viol=2127899022.0340  obj=2131931117129.89
[Run 10 | Iter 299] iter_best: cost=4032095095.89  viol=2127899022.0340  obj=2131931117129.89 | gbest: cost=4032095095.89  viol=2127899022.0340  obj=2131931117129.89
[Run 10 | FE 12032] best_local_obj=2131931117129.89  best_local_cost=4032095095.89  best_local_viol=2127899022.0340
[Run 10 | Iter 300] iter_best: cost=4032095095.89  viol=2127899022.0340  obj=2131931117129.89 | gbest: cost=4032095095.89  viol=2127899022.0340  obj=2131931117129.89
[Run 10 | Iter 301] iter_best: cost=4032095095.89  viol=2127899022.0340  obj=2131931117129.89 | gbest: cost=4032095095.89  viol=2127899022.0340  obj=2131931117129.89
[Run 10 | Iter 302] iter_best: cost=4032095095.89  viol=2127899022.0340  obj=2131931117129.89 | gbest: cost=4032095095.89  viol=2127899022.0340  obj=2131931117129.89
[Run 10 | Iter 303] iter_best: cost=4032095095.89  viol=2127899022.0340  obj=2131931117129.89 | gbest: cost=4032095095.89  viol=2127899022.0340  obj=2131931117129.89
[Run 10 | Iter 304] iter_best: cost=4032095095.89  viol=2127899022.0340  obj=2131931117129.89 | gbest: cost=4032095095.89  viol=2127899022.0340  obj=2131931117129.89
[Run 10 | Iter 305] iter_best: cost=4032095095.89  viol=2127899022.0340  obj=2131931117129.89 | gbest: cost=4032095095.89  viol=2127899022.0340  obj=2131931117129.89
[Run 10 | Iter 306] iter_best: cost=4032095095.89  viol=2127899022.0340  obj=2131931117129.89 | gbest: cost=4032095095.89  viol=2127899022.0340  obj=2131931117129.89
[Run 10 | FE 12288] best_local_obj=2131931117129.89  best_local_cost=4032095095.89  best_local_viol=2127899022.0340
[Run 10 | Iter 307] iter_best: cost=4032095095.89  viol=2127899022.0340  obj=2131931117129.89 | gbest: cost=4032095095.89  viol=2127899022.0340  obj=2131931117129.89
[Run 10 | Iter 308] iter_best: cost=4032095095.89  viol=2127899022.0340  obj=2131931117129.89 | gbest: cost=4032095095.89  viol=2127899022.0340  obj=2131931117129.89
[Run 10 | Iter 309] iter_best: cost=4032095095.89  viol=2127899022.0340  obj=2131931117129.89 | gbest: cost=4032095095.89  viol=2127899022.0340  obj=2131931117129.89
[Run 10 | Iter 310] iter_best: cost=4032095095.89  viol=2127899022.0340  obj=2131931117129.89 | gbest: cost=4032095095.89  viol=2127899022.0340  obj=2131931117129.89
[Run 10 | Iter 311] iter_best: cost=4032095095.89  viol=2127899022.0340  obj=2131931117129.89 | gbest: cost=4032095095.89  viol=2127899022.0340  obj=2131931117129.89
[Run 10 | Iter 312] iter_best: cost=4032095095.89  viol=2127899022.0340  obj=2131931117129.89 | gbest: cost=4032095095.89  viol=2127899022.0340  obj=2131931117129.89
[Run 10 | FE 12544] best_local_obj=2131930141992.91  best_local_cost=4031119958.90  best_local_viol=2127899022.0340
[Run 10 | Iter 313] iter_best: cost=4031119958.90  viol=2127899022.0340  obj=2131930141992.91 | gbest: cost=4031119958.90  viol=2127899022.0340  obj=2131930141992.91
[Run 10 | Iter 314] iter_best: cost=4031119958.90  viol=2127899022.0340  obj=2131930141992.91 | gbest: cost=4031119958.90  viol=2127899022.0340  obj=2131930141992.91
[Run 10 | Iter 315] iter_best: cost=4031119958.90  viol=2127899022.0340  obj=2131930141992.91 | gbest: cost=4031119958.90  viol=2127899022.0340  obj=2131930141992.91
[Run 10 | Iter 316] iter_best: cost=4031119958.90  viol=2127899022.0340  obj=2131930141992.91 | gbest: cost=4031119958.90  viol=2127899022.0340  obj=2131930141992.91
[Run 10 | Iter 317] iter_best: cost=4031119958.90  viol=2127899022.0340  obj=2131930141992.91 | gbest: cost=4031119958.90  viol=2127899022.0340  obj=2131930141992.91
[Run 10 | Iter 318] iter_best: cost=4031119958.90  viol=2127899022.0340  obj=2131930141992.91 | gbest: cost=4031119958.90  viol=2127899022.0340  obj=2131930141992.91
[Run 10 | FE 12800] best_local_obj=2131930141992.91  best_local_cost=4031119958.90  best_local_viol=2127899022.0340
[Run 10 | Iter 319] iter_best: cost=4031119958.90  viol=2127899022.0340  obj=2131930141992.91 | gbest: cost=4031119958.90  viol=2127899022.0340  obj=2131930141992.91

[Stop] reached max_total_fe=12800.

[Run 10] best_global_cost=4031119958.9041, best_global_viol=2127899022.034002, best_global_obj=2131930141992.9058
[Done] summary=/work/home/acn1eb8nfq/yuezhang46/UScode/US实验一：横向对比/pso_global_logs/run_10_seed_1010/runs_summary.csv
