[RunConfig] run_id=19 seed=1019
[OutputDir] /work/home/acn1eb8nfq/yuezhang46/UScode/US实验一：横向对比/pso_global_logs/run_19_seed_1019
[Info] #nodes = 4301
[Load] Reading scenarios ...
  - 2020: raw edges=5296, days=366
  - 2025: raw edges=5296, days=365
  - 2030: raw edges=5296, days=365
  - 2035: raw edges=5296, days=365
  - 2040: raw edges=5296, days=366
[Filter] EDGE_WEIGHT_MIN=1.0
  - active_nodes=2914  inactive_nodes(fixed NONE)=1387
  - 2020: removed=2048, kept=3248
  - 2025: removed=2048, kept=3248
  - 2030: removed=2048, kept=3248
  - 2035: removed=2048, kept=3248
  - 2040: removed=2048, kept=3248
  - 2020: filtered edges (active subgraph)=3248
  - 2025: filtered edges (active subgraph)=3248
  - 2030: filtered edges (active subgraph)=3248
  - 2035: filtered edges (active subgraph)=3248
  - 2040: filtered edges (active subgraph)=3248
[PSO] Evaluate initial swarm ...
[PSO] Init snapshot: best_cost=1239322547.95  best_viol=3388980973.0805  best_obj=3390220295628.40
[PSO] Iterate ...
[Run 19 | Iter 1] iter_best: cost=1499483684.93  viol=3249245774.1722  obj=3250745257857.09 | gbest: cost=1499483684.93  viol=3249245774.1722  obj=3250745257857.09
[Run 19 | Iter 2] iter_best: cost=1819277356.16  viol=3066498248.5036  obj=3068317525859.78 | gbest: cost=1819277356.16  viol=3066498248.5036  obj=3068317525859.78
[Run 19 | Iter 3] iter_best: cost=2148196109.59  viol=2882240704.4441  obj=2884388900553.72 | gbest: cost=2148196109.59  viol=2882240704.4441  obj=2884388900553.72
[Run 19 | Iter 4] iter_best: cost=2607732342.47  viol=2695862081.9294  obj=2698469814271.90 | gbest: cost=2607732342.47  viol=2695862081.9294  obj=2698469814271.90
[Run 19 | Iter 5] iter_best: cost=2872842547.95  viol=2584411846.4751  obj=2587284689023.04 | gbest: cost=2872842547.95  viol=2584411846.4751  obj=2587284689023.04
[Run 19 | FE 256] best_local_obj=2482639805402.86  best_local_cost=3113049465.75  best_local_viol=2479526755.9371
[Run 19 | Iter 6] iter_best: cost=3113049465.75  viol=2479526755.9371  obj=2482639805402.86 | gbest: cost=3113049465.75  viol=2479526755.9371  obj=2482639805402.86
[Run 19 | Iter 7] iter_best: cost=3302449589.04  viol=2409970842.5380  obj=2413273292127.04 | gbest: cost=3302449589.04  viol=2409970842.5380  obj=2413273292127.04
[Run 19 | Iter 8] iter_best: cost=3496800369.86  viol=2349808959.4896  obj=2353305759859.48 | gbest: cost=3496800369.86  viol=2349808959.4896  obj=2353305759859.48
[Run 19 | Iter 9] iter_best: cost=3520603383.56  viol=2330450656.1699  obj=2333971259553.48 | gbest: cost=3520603383.56  viol=2330450656.1699  obj=2333971259553.48
[Run 19 | Iter 10] iter_best: cost=3621716753.42  viol=2303275437.3402  obj=2306897154093.63 | gbest: cost=3621716753.42  viol=2303275437.3402  obj=2306897154093.63
[Run 19 | Iter 11] iter_best: cost=3655046109.59  viol=2289057664.4337  obj=2292712710543.27 | gbest: cost=3655046109.59  viol=2289057664.4337  obj=2292712710543.27
[Run 19 | FE 512] best_local_obj=2281005097331.61  best_local_cost=3714203945.21  best_local_viol=2277290893.3864
[Run 19 | Iter 12] iter_best: cost=3714203945.21  viol=2277290893.3864  obj=2281005097331.61 | gbest: cost=3714203945.21  viol=2277290893.3864  obj=2281005097331.61
[Run 19 | Iter 13] iter_best: cost=3713528698.63  viol=2263178403.4536  obj=2266891932152.23 | gbest: cost=3713528698.63  viol=2263178403.4536  obj=2266891932152.23
[Run 19 | Iter 14] iter_best: cost=3739607068.49  viol=2254502265.7708  obj=2258241872839.31 | gbest: cost=3739607068.49  viol=2254502265.7708  obj=2258241872839.31
[Run 19 | Iter 15] iter_best: cost=3744957671.23  viol=2250396145.8912  obj=2254141103562.43 | gbest: cost=3744957671.23  viol=2250396145.8912  obj=2254141103562.43
[Run 19 | Iter 16] iter_best: cost=3739831876.71  viol=2244608526.6445  obj=2248348358521.16 | gbest: cost=3739831876.71  viol=2244608526.6445  obj=2248348358521.16
[Run 19 | Iter 17] iter_best: cost=3770060849.32  viol=2238224244.4780  obj=2241994305327.27 | gbest: cost=3770060849.32  viol=2238224244.4780  obj=2241994305327.27
[Run 19 | Iter 18] iter_best: cost=3766635273.97  viol=2237439802.2980  obj=2241206437572.00 | gbest: cost=3766635273.97  viol=2237439802.2980  obj=2241206437572.00
[Run 19 | FE 768] best_local_obj=2240329501551.12  best_local_cost=3768260520.55  best_local_viol=2236561241.0306
[Run 19 | Iter 19] iter_best: cost=3778111780.82  viol=2234087990.2788  obj=2237866102059.60 | gbest: cost=3778111780.82  viol=2234087990.2788  obj=2237866102059.60
[Run 19 | Iter 20] iter_best: cost=3785212821.92  viol=2228752627.9658  obj=2232537840787.67 | gbest: cost=3785212821.92  viol=2228752627.9658  obj=2232537840787.67
[Run 19 | Iter 21] iter_best: cost=3792688671.23  viol=2220455429.1771  obj=2224248117848.29 | gbest: cost=3792688671.23  viol=2220455429.1771  obj=2224248117848.29
[Run 19 | Iter 22] iter_best: cost=3810041027.40  viol=2212410139.4381  obj=2216220180465.53 | gbest: cost=3810041027.40  viol=2212410139.4381  obj=2216220180465.53
[Run 19 | Iter 23] iter_best: cost=3818292068.49  viol=2208482048.7686  obj=2212300340837.06 | gbest: cost=3818292068.49  viol=2208482048.7686  obj=2212300340837.06
[Run 19 | Iter 24] iter_best: cost=3835069287.67  viol=2200008215.8187  obj=2203843285106.40 | gbest: cost=3835069287.67  viol=2200008215.8187  obj=2203843285106.40
[Run 19 | FE 1024] best_local_obj=2195048158723.55  best_local_cost=3846395794.52  best_local_viol=2191201762.9290
[Run 19 | Iter 25] iter_best: cost=3846395794.52  viol=2191201762.9290  obj=2195048158723.55 | gbest: cost=3846395794.52  viol=2191201762.9290  obj=2195048158723.55
[Run 19 | Iter 26] iter_best: cost=3846045684.93  viol=2190746291.7839  obj=2194592337468.78 | gbest: cost=3846045684.93  viol=2190746291.7839  obj=2194592337468.78
[Run 19 | Iter 27] iter_best: cost=3857922246.58  viol=2188218744.8356  obj=2192076667082.13 | gbest: cost=3857922246.58  viol=2188218744.8356  obj=2192076667082.13
[Run 19 | Iter 28] iter_best: cost=3862397876.71  viol=2184599759.8605  obj=2188462157737.22 | gbest: cost=3862397876.71  viol=2184599759.8605  obj=2188462157737.22
[Run 19 | Iter 29] iter_best: cost=3868823671.23  viol=2183675403.8133  obj=2187544227484.54 | gbest: cost=3868823671.23  viol=2183675403.8133  obj=2187544227484.54
[Run 19 | Iter 30] iter_best: cost=3874674383.56  viol=2180518564.1505  obj=2184393238534.07 | gbest: cost=3874674383.56  viol=2180518564.1505  obj=2184393238534.07
[Run 19 | FE 1280] best_local_obj=2180342828683.46  best_local_cost=3883350561.64  best_local_viol=2176459478.1218
[Run 19 | Iter 31] iter_best: cost=3883350561.64  viol=2176459478.1218  obj=2180342828683.46 | gbest: cost=3883350561.64  viol=2176459478.1218  obj=2180342828683.46
[Run 19 | Iter 32] iter_best: cost=3888126191.78  viol=2176569744.0420  obj=2180457870233.79 | gbest: cost=3883350561.64  viol=2176459478.1218  obj=2180342828683.46
[Run 19 | Iter 33] iter_best: cost=3878999958.90  viol=2177237170.7990  obj=2181116170757.92 | gbest: cost=3883350561.64  viol=2176459478.1218  obj=2180342828683.46
[Run 19 | Iter 34] iter_best: cost=3876724657.53  viol=2178823824.9872  obj=2182700549644.75 | gbest: cost=3883350561.64  viol=2176459478.1218  obj=2180342828683.46
[Run 19 | Iter 35] iter_best: cost=3893251876.71  viol=2174272821.3479  obj=2178166073224.62 | gbest: cost=3893251876.71  viol=2174272821.3479  obj=2178166073224.62
[Run 19 | Iter 36] iter_best: cost=3895677178.08  viol=2174358369.8901  obj=2178254047068.19 | gbest: cost=3893251876.71  viol=2174272821.3479  obj=2178166073224.62
[Run 19 | Iter 37] iter_best: cost=3895427123.29  viol=2173928351.7797  obj=2177823778903.00 | gbest: cost=3895427123.29  viol=2173928351.7797  obj=2177823778903.00
[Run 19 | FE 1536] best_local_obj=2177823778903.00  best_local_cost=3895427123.29  best_local_viol=2173928351.7797
[Run 19 | Iter 38] iter_best: cost=3906003575.34  viol=2170966628.1580  obj=2174872631733.35 | gbest: cost=3906003575.34  viol=2170966628.1580  obj=2174872631733.35
[Run 19 | Iter 39] iter_best: cost=3906328602.74  viol=2172518876.7421  obj=2176425205344.85 | gbest: cost=3906003575.34  viol=2170966628.1580  obj=2174872631733.35
[Run 19 | Iter 40] iter_best: cost=3903028164.38  viol=2170684769.1283  obj=2174587797292.70 | gbest: cost=3903028164.38  viol=2170684769.1283  obj=2174587797292.70
[Run 19 | Iter 41] iter_best: cost=3902303082.19  viol=2168834085.0176  obj=2172736388099.80 | gbest: cost=3902303082.19  viol=2168834085.0176  obj=2172736388099.80
[Run 19 | Iter 42] iter_best: cost=3897377397.26  viol=2167841588.9594  obj=2171738966356.67 | gbest: cost=3897377397.26  viol=2167841588.9594  obj=2171738966356.67
[Run 19 | Iter 43] iter_best: cost=3910029095.89  viol=2167245458.1117  obj=2171155487207.60 | gbest: cost=3910029095.89  viol=2167245458.1117  obj=2171155487207.60
[Run 19 | FE 1792] best_local_obj=2170268461891.07  best_local_cost=3913254506.85  best_local_viol=2166355207.3842
[Run 19 | Iter 44] iter_best: cost=3913254506.85  viol=2166355207.3842  obj=2170268461891.07 | gbest: cost=3913254506.85  viol=2166355207.3842  obj=2170268461891.07
[Run 19 | Iter 45] iter_best: cost=3917580082.19  viol=2165428867.0948  obj=2169346447177.01 | gbest: cost=3917580082.19  viol=2165428867.0948  obj=2169346447177.01
[Run 19 | Iter 46] iter_best: cost=3930231780.82  viol=2163252364.5985  obj=2167182596379.34 | gbest: cost=3930231780.82  viol=2163252364.5985  obj=2167182596379.34
[Run 19 | Iter 47] iter_best: cost=3933932273.97  viol=2162492331.6979  obj=2166426263971.89 | gbest: cost=3933932273.97  viol=2162492331.6979  obj=2166426263971.89
[Run 19 | Iter 48] iter_best: cost=3925856205.48  viol=2160831779.7043  obj=2164757635909.80 | gbest: cost=3925856205.48  viol=2160831779.7043  obj=2164757635909.80
[Run 19 | Iter 49] iter_best: cost=3931131890.41  viol=2157304747.6922  obj=2161235879582.63 | gbest: cost=3931131890.41  viol=2157304747.6922  obj=2161235879582.63
[Run 19 | Iter 50] iter_best: cost=3931932000.00  viol=2157900230.8393  obj=2161832162839.32 | gbest: cost=3931131890.41  viol=2157304747.6922  obj=2161235879582.63
[Run 19 | FE 2048] best_local_obj=2161235879582.63  best_local_cost=3931131890.41  best_local_viol=2157304747.6922
[Run 19 | Iter 51] iter_best: cost=3933757246.58  viol=2157407721.5384  obj=2161341478784.99 | gbest: cost=3931131890.41  viol=2157304747.6922  obj=2161235879582.63
[Run 19 | Iter 52] iter_best: cost=3932682109.59  viol=2157464813.0220  obj=2161397495131.61 | gbest: cost=3931131890.41  viol=2157304747.6922  obj=2161235879582.63
[Run 19 | Iter 53] iter_best: cost=3937932821.92  viol=2155955612.9328  obj=2159893545754.74 | gbest: cost=3937932821.92  viol=2155955612.9328  obj=2159893545754.74
[Run 19 | Iter 54] iter_best: cost=3935707520.55  viol=2153414400.0619  obj=2157350107582.47 | gbest: cost=3935707520.55  viol=2153414400.0619  obj=2157350107582.47
[Run 19 | Iter 55] iter_best: cost=3940583205.48  viol=2152095496.9269  obj=2156036080132.40 | gbest: cost=3940583205.48  viol=2152095496.9269  obj=2156036080132.40
[Run 19 | Iter 56] iter_best: cost=3941733315.07  viol=2153970183.7093  obj=2157911917024.39 | gbest: cost=3940583205.48  viol=2152095496.9269  obj=2156036080132.40
[Run 19 | FE 2304] best_local_obj=2156036080132.40  best_local_cost=3940583205.48  best_local_viol=2152095496.9269
[Run 19 | Iter 57] iter_best: cost=3946258945.21  viol=2151762292.7794  obj=2155708551724.62 | gbest: cost=3946258945.21  viol=2151762292.7794  obj=2155708551724.62
[Run 19 | Iter 58] iter_best: cost=3939308013.70  viol=2152351755.4688  obj=2156291063482.52 | gbest: cost=3946258945.21  viol=2151762292.7794  obj=2155708551724.62
[Run 19 | Iter 59] iter_best: cost=3947584136.99  viol=2150524968.2097  obj=2154472552346.70 | gbest: cost=3947584136.99  viol=2150524968.2097  obj=2154472552346.70
[Run 19 | Iter 60] iter_best: cost=3952934849.32  viol=2150049143.2004  obj=2154002078049.73 | gbest: cost=3952934849.32  viol=2150049143.2004  obj=2154002078049.73
[Run 19 | Iter 61] iter_best: cost=3951884684.93  viol=2150595219.4236  obj=2154547104108.55 | gbest: cost=3952934849.32  viol=2150049143.2004  obj=2154002078049.73
[Run 19 | Iter 62] iter_best: cost=3953859986.30  viol=2149324932.6239  obj=2153278792610.22 | gbest: cost=3953859986.30  viol=2149324932.6239  obj=2153278792610.22
[Run 19 | FE 2560] best_local_obj=2153159324764.30  best_local_cost=3955210150.68  best_local_viol=2149204114.6136
[Run 19 | Iter 63] iter_best: cost=3955210150.68  viol=2149204114.6136  obj=2153159324764.30 | gbest: cost=3955210150.68  viol=2149204114.6136  obj=2153159324764.30
[Run 19 | Iter 64] iter_best: cost=3967411794.52  viol=2146829185.5261  obj=2150796597320.59 | gbest: cost=3967411794.52  viol=2146829185.5261  obj=2150796597320.59
[Run 19 | Iter 65] iter_best: cost=3962911191.78  viol=2145825095.2657  obj=2149788006457.45 | gbest: cost=3962911191.78  viol=2145825095.2657  obj=2149788006457.45
[Run 19 | Iter 66] iter_best: cost=3964786438.36  viol=2145751153.8600  obj=2149715940298.32 | gbest: cost=3964786438.36  viol=2145751153.8600  obj=2149715940298.32
[Run 19 | Iter 67] iter_best: cost=3969062013.70  viol=2145095261.0270  obj=2149064323040.67 | gbest: cost=3969062013.70  viol=2145095261.0270  obj=2149064323040.67
[Run 19 | Iter 68] iter_best: cost=3968436931.51  viol=2145505047.9128  obj=2149473484844.30 | gbest: cost=3969062013.70  viol=2145095261.0270  obj=2149064323040.67
[Run 19 | Iter 69] iter_best: cost=3970412178.08  viol=2144878152.5468  obj=2148848564724.85 | gbest: cost=3970412178.08  viol=2144878152.5468  obj=2148848564724.85
[Run 19 | FE 2816] best_local_obj=2148848564724.85  best_local_cost=3970412178.08  best_local_viol=2144878152.5468
[Run 19 | Iter 70] iter_best: cost=3968811958.90  viol=2144394041.6551  obj=2148362853613.97 | gbest: cost=3968811958.90  viol=2144394041.6551  obj=2148362853613.97
[Run 19 | Iter 71] iter_best: cost=3968136876.71  viol=2143906553.2592  obj=2147874690135.88 | gbest: cost=3968136876.71  viol=2143906553.2592  obj=2147874690135.88
[Run 19 | Iter 72] iter_best: cost=3973212561.64  viol=2142766345.1558  obj=2146739557717.41 | gbest: cost=3973212561.64  viol=2142766345.1558  obj=2146739557717.41
[Run 19 | Iter 73] iter_best: cost=3968411904.11  viol=2143171385.4908  obj=2147139797394.88 | gbest: cost=3973212561.64  viol=2142766345.1558  obj=2146739557717.41
[Run 19 | Iter 74] iter_best: cost=3974737753.42  viol=2141875876.6762  obj=2145850614429.59 | gbest: cost=3974737753.42  viol=2141875876.6762  obj=2145850614429.59
[Run 19 | Iter 75] iter_best: cost=3972687479.45  viol=2142873853.1399  obj=2146846540619.31 | gbest: cost=3974737753.42  viol=2141875876.6762  obj=2145850614429.59
[Run 19 | FE 3072] best_local_obj=2145850614429.59  best_local_cost=3974737753.42  best_local_viol=2141875876.6762
[Run 19 | Iter 76] iter_best: cost=3970012123.29  viol=2142123645.2519  obj=2146093657375.16 | gbest: cost=3974737753.42  viol=2141875876.6762  obj=2145850614429.59
[Run 19 | Iter 77] iter_best: cost=3974687753.42  viol=2141607981.2348  obj=2145582668988.19 | gbest: cost=3974687753.42  viol=2141607981.2348  obj=2145582668988.19
[Run 19 | Iter 78] iter_best: cost=3981688684.93  viol=2141168187.1238  obj=2145149875808.70 | gbest: cost=3981688684.93  viol=2141168187.1238  obj=2145149875808.70
[Run 19 | Iter 79] iter_best: cost=3977938191.78  viol=2140991538.1417  obj=2144969476333.45 | gbest: cost=3977938191.78  viol=2140991538.1417  obj=2144969476333.45
[Run 19 | Iter 80] iter_best: cost=3978388246.58  viol=2140520193.3190  obj=2144498581565.54 | gbest: cost=3978388246.58  viol=2140520193.3190  obj=2144498581565.54
[Run 19 | Iter 81] iter_best: cost=3977988191.78  viol=2140157681.4174  obj=2144135669609.14 | gbest: cost=3977988191.78  viol=2140157681.4174  obj=2144135669609.14
[Run 19 | Iter 82] iter_best: cost=3987264424.66  viol=2139634465.1531  obj=2143621729577.72 | gbest: cost=3987264424.66  viol=2139634465.1531  obj=2143621729577.72
[Run 19 | FE 3328] best_local_obj=2143621729577.72  best_local_cost=3987264424.66  best_local_viol=2139634465.1531
[Run 19 | Iter 83] iter_best: cost=3986789342.47  viol=2138930449.0773  obj=2142917238419.73 | gbest: cost=3986789342.47  viol=2138930449.0773  obj=2142917238419.73
[Run 19 | Iter 84] iter_best: cost=3987539452.05  viol=2139482695.1132  obj=2143470234565.22 | gbest: cost=3986789342.47  viol=2138930449.0773  obj=2142917238419.73
[Run 19 | Iter 85] iter_best: cost=3987414424.66  viol=2138851926.0865  obj=2142839340511.12 | gbest: cost=3987414424.66  viol=2138851926.0865  obj=2142839340511.12
[Run 19 | Iter 86] iter_best: cost=3983663931.51  viol=2138915327.8764  obj=2142898991807.87 | gbest: cost=3987414424.66  viol=2138851926.0865  obj=2142839340511.12
[Run 19 | Iter 87] iter_best: cost=3987089397.26  viol=2137835677.7170  obj=2141822767114.22 | gbest: cost=3987089397.26  viol=2137835677.7170  obj=2141822767114.22
[Run 19 | Iter 88] iter_best: cost=3989314698.63  viol=2137262232.7808  obj=2141251547479.39 | gbest: cost=3989314698.63  viol=2137262232.7808  obj=2141251547479.39
[Run 19 | FE 3584] best_local_obj=2141251547479.39  best_local_cost=3989314698.63  best_local_viol=2137262232.7808
[Run 19 | Iter 89] iter_best: cost=3987264424.66  viol=2137900485.7062  obj=2141887750130.82 | gbest: cost=3989314698.63  viol=2137262232.7808  obj=2141251547479.39
[Run 19 | Iter 90] iter_best: cost=3988689616.44  viol=2137603180.5178  obj=2141591870134.20 | gbest: cost=3989314698.63  viol=2137262232.7808  obj=2141251547479.39
[Run 19 | Iter 91] iter_best: cost=3989014643.84  viol=2136817266.8728  obj=2140806281516.60 | gbest: cost=3989014643.84  viol=2136817266.8728  obj=2140806281516.60
[Run 19 | Iter 92] iter_best: cost=3980663547.95  viol=2137835649.5647  obj=2141816313112.61 | gbest: cost=3989014643.84  viol=2136817266.8728  obj=2140806281516.60
[Run 19 | Iter 93] iter_best: cost=3990714863.01  viol=2137624575.0862  obj=2141615289949.18 | gbest: cost=3989014643.84  viol=2136817266.8728  obj=2140806281516.60
[Run 19 | Iter 94] iter_best: cost=3991990054.79  viol=2135994331.1106  obj=2139986321165.36 | gbest: cost=3991990054.79  viol=2135994331.1106  obj=2139986321165.36
[Run 19 | FE 3840] best_local_obj=2139986321165.36  best_local_cost=3991990054.79  best_local_viol=2135994331.1106
[Run 19 | Iter 95] iter_best: cost=3986114260.27  viol=2136350882.3081  obj=2140336996568.34 | gbest: cost=3991990054.79  viol=2135994331.1106  obj=2139986321165.36
[Run 19 | Iter 96] iter_best: cost=3987189397.26  viol=2135829367.3365  obj=2139816556733.72 | gbest: cost=3987189397.26  viol=2135829367.3365  obj=2139816556733.72
[Run 19 | Iter 97] iter_best: cost=3984914095.89  viol=2133937786.9270  obj=2137922701022.85 | gbest: cost=3984914095.89  viol=2133937786.9270  obj=2137922701022.85
[Run 19 | Iter 98] iter_best: cost=3981088575.34  viol=2134290939.5877  obj=2138272028163.00 | gbest: cost=3984914095.89  viol=2133937786.9270  obj=2137922701022.85
[Run 19 | Iter 99] iter_best: cost=3987464424.66  viol=2134843561.4878  obj=2138831025912.42 | gbest: cost=3984914095.89  viol=2133937786.9270  obj=2137922701022.85
[Run 19 | Iter 100] iter_best: cost=3997265739.73  viol=2134308038.2909  obj=2138305304030.59 | gbest: cost=3984914095.89  viol=2133937786.9270  obj=2137922701022.85
[Run 19 | Iter 101] iter_best: cost=3987439452.05  viol=2133176732.6556  obj=2137164172107.62 | gbest: cost=3987439452.05  viol=2133176732.6556  obj=2137164172107.62
[Run 19 | FE 4096] best_local_obj=2136661260347.25  best_local_cost=3992840164.38  best_local_viol=2132668420.1829
[Run 19 | Iter 102] iter_best: cost=3992840164.38  viol=2132668420.1829  obj=2136661260347.25 | gbest: cost=3992840164.38  viol=2132668420.1829  obj=2136661260347.25
[Run 19 | Iter 103] iter_best: cost=3992540109.59  viol=2131960246.5213  obj=2135952786630.85 | gbest: cost=3992540109.59  viol=2131960246.5213  obj=2135952786630.85
[Run 19 | Iter 104] iter_best: cost=3996140602.74  viol=2131207058.5990  obj=2135203199201.70 | gbest: cost=3996140602.74  viol=2131207058.5990  obj=2135203199201.70
[Run 19 | Iter 105] iter_best: cost=3995740547.95  viol=2131164372.2207  obj=2135160112768.61 | gbest: cost=3995740547.95  viol=2131164372.2207  obj=2135160112768.61
[Run 19 | Iter 106] iter_best: cost=3994715410.96  viol=2130295589.9879  obj=2134290305398.82 | gbest: cost=3994715410.96  viol=2130295589.9879  obj=2134290305398.82
[Run 19 | Iter 107] iter_best: cost=3993740273.97  viol=2130023640.2950  obj=2134017380568.94 | gbest: cost=3993740273.97  viol=2130023640.2950  obj=2134017380568.94
[Run 19 | FE 4352] best_local_obj=2133411750330.59  best_local_cost=4004391698.63  best_local_viol=2129407358.6320
[Run 19 | Iter 108] iter_best: cost=4004391698.63  viol=2129407358.6320  obj=2133411750330.59 | gbest: cost=4004391698.63  viol=2129407358.6320  obj=2133411750330.59
[Run 19 | Iter 109] iter_best: cost=4012117712.33  viol=2128046069.8298  obj=2132058187542.09 | gbest: cost=4012117712.33  viol=2128046069.8298  obj=2132058187542.09
[Run 19 | Iter 110] iter_best: cost=4011092575.34  viol=2128892864.6385  obj=2132903957213.80 | gbest: cost=4012117712.33  viol=2128046069.8298  obj=2132058187542.09
[Run 19 | Iter 111] iter_best: cost=4016718315.07  viol=2126909038.5534  obj=2130925756868.43 | gbest: cost=4016718315.07  viol=2126909038.5534  obj=2130925756868.43
[Run 19 | Iter 112] iter_best: cost=4005741863.01  viol=2125928645.4866  obj=2129934387349.58 | gbest: cost=4005741863.01  viol=2125928645.4866  obj=2129934387349.58
[Run 19 | Iter 113] iter_best: cost=4016093232.88  viol=2126379674.7489  obj=2130395767981.74 | gbest: cost=4005741863.01  viol=2125928645.4866  obj=2129934387349.58
[Run 19 | Iter 114] iter_best: cost=4010867547.95  viol=2125964810.6932  obj=2129975678241.11 | gbest: cost=4005741863.01  viol=2125928645.4866  obj=2129934387349.58
[Run 19 | FE 4608] best_local_obj=2129934387349.58  best_local_cost=4005741863.01  best_local_viol=2125928645.4866
[Run 19 | Iter 115] iter_best: cost=4007717109.59  viol=2126921077.2505  obj=2130928794360.05 | gbest: cost=4005741863.01  viol=2125928645.4866  obj=2129934387349.58
[Run 19 | Iter 116] iter_best: cost=4007692136.99  viol=2125861317.0631  obj=2129869009200.05 | gbest: cost=4007692136.99  viol=2125861317.0631  obj=2129869009200.05
[Run 19 | Iter 117] iter_best: cost=4012692794.52  viol=2125131275.8094  obj=2129143968603.88 | gbest: cost=4012692794.52  viol=2125131275.8094  obj=2129143968603.88
[Run 19 | Iter 118] iter_best: cost=4017018369.86  viol=2125262893.3930  obj=2129279911762.82 | gbest: cost=4012692794.52  viol=2125131275.8094  obj=2129143968603.88
[Run 19 | Iter 119] iter_best: cost=4014743068.49  viol=2125068421.8251  obj=2129083164893.56 | gbest: cost=4014743068.49  viol=2125068421.8251  obj=2129083164893.56
[Run 19 | Iter 120] iter_best: cost=4013267876.71  viol=2125548932.9102  obj=2129562200786.87 | gbest: cost=4014743068.49  viol=2125068421.8251  obj=2129083164893.56
[Run 19 | FE 4864] best_local_obj=2128589390682.75  best_local_cost=4015318150.68  best_local_viol=2124574072.5321
[Run 19 | Iter 121] iter_best: cost=4015318150.68  viol=2124574072.5321  obj=2128589390682.75 | gbest: cost=4015318150.68  viol=2124574072.5321  obj=2128589390682.75
[Run 19 | Iter 122] iter_best: cost=4019643726.03  viol=2124744032.4425  obj=2128763676168.49 | gbest: cost=4015318150.68  viol=2124574072.5321  obj=2128589390682.75
[Run 19 | Iter 123] iter_best: cost=4014067986.30  viol=2124574072.5321  obj=2128588140518.36 | gbest: cost=4014067986.30  viol=2124574072.5321  obj=2128588140518.36
[Run 19 | Iter 124] iter_best: cost=4019643726.03  viol=2124618482.7117  obj=2128638126437.69 | gbest: cost=4014067986.30  viol=2124574072.5321  obj=2128588140518.36
[Run 19 | Iter 125] iter_best: cost=4015718205.48  viol=2124574072.5321  obj=2128589790737.54 | gbest: cost=4014067986.30  viol=2124574072.5321  obj=2128588140518.36
[Run 19 | Iter 126] iter_best: cost=4015718205.48  viol=2124616783.9342  obj=2128632502139.64 | gbest: cost=4014067986.30  viol=2124574072.5321  obj=2128588140518.36
[Run 19 | FE 5120] best_local_obj=2128588140518.36  best_local_cost=4014067986.30  best_local_viol=2124574072.5321
[Run 19 | Iter 127] iter_best: cost=4014067986.30  viol=2124574072.5321  obj=2128588140518.36 | gbest: cost=4014067986.30  viol=2124574072.5321  obj=2128588140518.36
[Run 19 | Iter 128] iter_best: cost=4017993506.85  viol=2124574072.5321  obj=2128592066038.91 | gbest: cost=4014067986.30  viol=2124574072.5321  obj=2128588140518.36
[Run 19 | Iter 129] iter_best: cost=4018793616.44  viol=2124571590.1330  obj=2128590383749.40 | gbest: cost=4014067986.30  viol=2124574072.5321  obj=2128588140518.36
[Run 19 | Iter 130] iter_best: cost=4014067986.30  viol=2124574072.5321  obj=2128588140518.36 | gbest: cost=4014067986.30  viol=2124574072.5321  obj=2128588140518.36
[Run 19 | Iter 131] iter_best: cost=4020043780.82  viol=2124574072.5321  obj=2128594116312.88 | gbest: cost=4014067986.30  viol=2124574072.5321  obj=2128588140518.36
[Run 19 | Iter 132] iter_best: cost=4014693068.49  viol=2124574072.5321  obj=2128588765600.55 | gbest: cost=4014067986.30  viol=2124574072.5321  obj=2128588140518.36
[Run 19 | Iter 133] iter_best: cost=4020993890.41  viol=2124520865.1421  obj=2128541859032.47 | gbest: cost=4020993890.41  viol=2124520865.1421  obj=2128541859032.47
[Run 19 | FE 5376] best_local_obj=2128420200470.70  best_local_cost=4019018643.84  best_local_viol=2124401181.8269
[Run 19 | Iter 134] iter_best: cost=4019018643.84  viol=2124401181.8269  obj=2128420200470.70 | gbest: cost=4019018643.84  viol=2124401181.8269  obj=2128420200470.70
[Run 19 | Iter 135] iter_best: cost=4021343945.21  viol=2124401181.8269  obj=2128422525772.07 | gbest: cost=4019018643.84  viol=2124401181.8269  obj=2128420200470.70
[Run 19 | Iter 136] iter_best: cost=4024994438.36  viol=2124356771.5395  obj=2128381765977.82 | gbest: cost=4024994438.36  viol=2124356771.5395  obj=2128381765977.82
[Run 19 | Iter 137] iter_best: cost=4024994438.36  viol=2124356771.5395  obj=2128381765977.82 | gbest: cost=4024994438.36  viol=2124356771.5395  obj=2128381765977.82
[Run 19 | Iter 138] iter_best: cost=4029720068.49  viol=2123291135.3547  obj=2127320855423.16 | gbest: cost=4029720068.49  viol=2123291135.3547  obj=2127320855423.16
[Run 19 | Iter 139] iter_best: cost=4028694931.51  viol=2123291135.3547  obj=2127319830286.17 | gbest: cost=4028694931.51  viol=2123291135.3547  obj=2127319830286.17
[Run 19 | FE 5632] best_local_obj=2127319830286.17  best_local_cost=4028694931.51  best_local_viol=2123291135.3547
[Run 19 | Iter 140] iter_best: cost=4030345150.68  viol=2123304589.2122  obj=2127334934362.85 | gbest: cost=4028694931.51  viol=2123291135.3547  obj=2127319830286.17
[Run 19 | Iter 141] iter_best: cost=4019693726.03  viol=2123561756.5397  obj=2127581450265.69 | gbest: cost=4028694931.51  viol=2123291135.3547  obj=2127319830286.17
[Run 19 | Iter 142] iter_best: cost=4031595315.07  viol=2122528505.7129  obj=2126560101027.93 | gbest: cost=4031595315.07  viol=2122528505.7129  obj=2126560101027.93
[Run 19 | Iter 143] iter_best: cost=4035695863.01  viol=2121539042.0853  obj=2125574737948.28 | gbest: cost=4035695863.01  viol=2121539042.0853  obj=2125574737948.28
[Run 19 | Iter 144] iter_best: cost=4029945095.89  viol=2121539042.0853  obj=2125568987181.15 | gbest: cost=4029945095.89  viol=2121539042.0853  obj=2125568987181.15
[Run 19 | Iter 145] iter_best: cost=4031995369.86  viol=2121462869.6188  obj=2125494864988.62 | gbest: cost=4031995369.86  viol=2121462869.6188  obj=2125494864988.62
[Run 19 | Iter 146] iter_best: cost=4035695863.01  viol=2121462869.6188  obj=2125498565481.78 | gbest: cost=4031995369.86  viol=2121462869.6188  obj=2125494864988.62
[Run 19 | FE 5888] best_local_obj=2125494864988.62  best_local_cost=4031995369.86  best_local_viol=2121462869.6188
[Run 19 | Iter 147] iter_best: cost=4033020506.85  viol=2121462869.6188  obj=2125495890125.61 | gbest: cost=4031995369.86  viol=2121462869.6188  obj=2125494864988.62
[Run 19 | Iter 148] iter_best: cost=4037346082.19  viol=2121462869.6188  obj=2125500215700.95 | gbest: cost=4031995369.86  viol=2121462869.6188  obj=2125494864988.62
[Run 19 | Iter 149] iter_best: cost=4035695863.01  viol=2121462869.6188  obj=2125498565481.78 | gbest: cost=4031995369.86  viol=2121462869.6188  obj=2125494864988.62
[Run 19 | Iter 150] iter_best: cost=4032045369.86  viol=2121462869.6188  obj=2125494914988.62 | gbest: cost=4031995369.86  viol=2121462869.6188  obj=2125494864988.62
[Run 19 | Iter 151] iter_best: cost=4027044712.33  viol=2121462869.6188  obj=2125489914331.09 | gbest: cost=4027044712.33  viol=2121462869.6188  obj=2125489914331.09
[Run 19 | Iter 152] iter_best: cost=4025444493.15  viol=2121462869.6574  obj=2125488314150.51 | gbest: cost=4025444493.15  viol=2121462869.6574  obj=2125488314150.51
[Run 19 | FE 6144] best_local_obj=2125486614009.23  best_local_cost=4023744273.97  best_local_viol=2121462869.7353
[Run 19 | Iter 153] iter_best: cost=4034670726.03  viol=2121256119.5159  obj=2125290790241.89 | gbest: cost=4034670726.03  viol=2121256119.5159  obj=2125290790241.89
[Run 19 | Iter 154] iter_best: cost=4037046027.40  viol=2121140702.0978  obj=2125177748125.16 | gbest: cost=4037046027.40  viol=2121140702.0978  obj=2125177748125.16
[Run 19 | Iter 155] iter_best: cost=4038421219.18  viol=2119890468.2588  obj=2123928889477.94 | gbest: cost=4038421219.18  viol=2119890468.2588  obj=2123928889477.94
[Run 19 | Iter 156] iter_best: cost=4045372150.68  viol=2119796962.4873  obj=2123842334637.95 | gbest: cost=4045372150.68  viol=2119796962.4873  obj=2123842334637.95
[Run 19 | Iter 157] iter_best: cost=4041321602.74  viol=2118700762.4766  obj=2122742084079.30 | gbest: cost=4041321602.74  viol=2118700762.4766  obj=2122742084079.30
[Run 19 | Iter 158] iter_best: cost=4043996958.90  viol=2118143033.8831  obj=2122187030841.97 | gbest: cost=4043996958.90  viol=2118143033.8831  obj=2122187030841.97
[Run 19 | FE 6400] best_local_obj=2121930347081.25  best_local_cost=4045372150.68  best_local_viol=2117884974.9306
[Run 19 | Iter 159] iter_best: cost=4045372150.68  viol=2117884974.9306  obj=2121930347081.25 | gbest: cost=4045372150.68  viol=2117884974.9306  obj=2121930347081.25
[Run 19 | Iter 160] iter_best: cost=4047022369.86  viol=2117884975.1243  obj=2121931997494.13 | gbest: cost=4045372150.68  viol=2117884974.9306  obj=2121930347081.25
[Run 19 | Iter 161] iter_best: cost=4049447671.23  viol=2117329142.8755  obj=2121378590546.69 | gbest: cost=4049447671.23  viol=2117329142.8755  obj=2121378590546.69
[Run 19 | Iter 162] iter_best: cost=4046722315.07  viol=2116768199.3146  obj=2120814921629.71 | gbest: cost=4046722315.07  viol=2116768199.3146  obj=2120814921629.71
[Run 19 | Iter 163] iter_best: cost=4050147780.82  viol=2116058593.9532  obj=2120108741733.98 | gbest: cost=4050147780.82  viol=2116058593.9532  obj=2120108741733.98
[Run 19 | Iter 164] iter_best: cost=4045872205.48  viol=2115992108.3475  obj=2120037980552.94 | gbest: cost=4045872205.48  viol=2115992108.3475  obj=2120037980552.94
[Run 19 | Iter 165] iter_best: cost=4045822205.48  viol=2115930562.2638  obj=2119976384469.24 | gbest: cost=4045822205.48  viol=2115930562.2638  obj=2119976384469.24
[Run 19 | FE 6656] best_local_obj=2119976384469.24  best_local_cost=4045822205.48  best_local_viol=2115930562.2638
[Run 19 | Iter 166] iter_best: cost=4049747726.03  viol=2115464247.4214  obj=2119513995147.39 | gbest: cost=4049747726.03  viol=2115464247.4214  obj=2119513995147.39
[Run 19 | Iter 167] iter_best: cost=4050372808.22  viol=2115336215.5830  obj=2119386588391.18 | gbest: cost=4050372808.22  viol=2115336215.5830  obj=2119386588391.18
[Run 19 | Iter 168] iter_best: cost=4053398219.18  viol=2115274669.2332  obj=2119328067452.34 | gbest: cost=4053398219.18  viol=2115274669.2332  obj=2119328067452.34
[Run 19 | Iter 169] iter_best: cost=4048672589.04  viol=2115274669.2698  obj=2119323341858.80 | gbest: cost=4048672589.04  viol=2115274669.2698  obj=2119323341858.80
[Run 19 | Iter 170] iter_best: cost=4048672589.04  viol=2115273989.4953  obj=2119322662084.30 | gbest: cost=4048672589.04  viol=2115273989.4953  obj=2119322662084.30
[Run 19 | Iter 171] iter_best: cost=4046722315.07  viol=2115262004.3945  obj=2119308726709.53 | gbest: cost=4046722315.07  viol=2115262004.3945  obj=2119308726709.53
[Run 19 | FE 6912] best_local_obj=2118314541023.90  best_local_cost=4048947616.44  best_local_viol=2114265593.4075
[Run 19 | Iter 172] iter_best: cost=4048947616.44  viol=2114265593.4075  obj=2118314541023.90 | gbest: cost=4048947616.44  viol=2114265593.4075  obj=2118314541023.90
[Run 19 | Iter 173] iter_best: cost=4046672315.07  viol=2114301758.6393  obj=2118348430954.33 | gbest: cost=4048947616.44  viol=2114265593.4075  obj=2118314541023.90
[Run 19 | Iter 174] iter_best: cost=4056923684.93  viol=2112623547.6160  obj=2116680471300.89 | gbest: cost=4056923684.93  viol=2112623547.6160  obj=2116680471300.89
[Run 19 | Iter 175] iter_best: cost=4056973684.93  viol=2112632459.5267  obj=2116689433211.59 | gbest: cost=4056923684.93  viol=2112623547.6160  obj=2116680471300.89
[Run 19 | Iter 176] iter_best: cost=4056923684.93  viol=2112624227.0343  obj=2116681150719.19 | gbest: cost=4056923684.93  viol=2112623547.6160  obj=2116680471300.89
[Run 19 | Iter 177] iter_best: cost=4058223849.32  viol=2112623547.5363  obj=2116681771385.58 | gbest: cost=4056923684.93  viol=2112623547.6160  obj=2116680471300.89
[Run 19 | Iter 178] iter_best: cost=4057823794.52  viol=2112229269.1021  obj=2116287092896.58 | gbest: cost=4057823794.52  viol=2112229269.1021  obj=2116287092896.58
[Run 19 | FE 7168] best_local_obj=2116287092896.58  best_local_cost=4057823794.52  best_local_viol=2112229269.1021
[Run 19 | Iter 179] iter_best: cost=4058498876.71  viol=2112229269.0211  obj=2116287767897.77 | gbest: cost=4057823794.52  viol=2112229269.1021  obj=2116287092896.58
[Run 19 | Iter 180] iter_best: cost=4058848931.51  viol=2111807518.0005  obj=2115866366931.97 | gbest: cost=4058848931.51  viol=2111807518.0005  obj=2115866366931.97
[Run 19 | Iter 181] iter_best: cost=4063524561.64  viol=2111701173.6677  obj=2115764698229.31 | gbest: cost=4063524561.64  viol=2111701173.6677  obj=2115764698229.31
[Run 19 | Iter 182] iter_best: cost=4068875273.97  viol=2111680327.9125  obj=2115749203186.43 | gbest: cost=4068875273.97  viol=2111680327.9125  obj=2115749203186.43
[Run 19 | Iter 183] iter_best: cost=4063299534.25  viol=2111677845.6469  obj=2115741145181.11 | gbest: cost=4063299534.25  viol=2111677845.6469  obj=2115741145181.11
[Run 19 | Iter 184] iter_best: cost=4068200191.78  viol=2111704963.1965  obj=2115773163388.24 | gbest: cost=4063299534.25  viol=2111677845.6469  obj=2115741145181.11
[Run 19 | FE 7424] best_local_obj=2115620146328.95  best_local_cost=4067850136.99  best_local_viol=2111552296.1920
[Run 19 | Iter 185] iter_best: cost=4058598876.71  viol=2111490775.6974  obj=2115549374574.15 | gbest: cost=4058598876.71  viol=2111490775.6974  obj=2115549374574.15
[Run 19 | Iter 186] iter_best: cost=4061224232.88  viol=2110090399.9594  obj=2114151624192.24 | gbest: cost=4061224232.88  viol=2110090399.9594  obj=2114151624192.24
[Run 19 | Iter 187] iter_best: cost=4071825657.53  viol=2109405470.9449  obj=2113477296602.40 | gbest: cost=4071825657.53  viol=2109405470.9449  obj=2113477296602.40
[Run 19 | Iter 188] iter_best: cost=4076876315.07  viol=2109895749.0200  obj=2113972625335.03 | gbest: cost=4071825657.53  viol=2109405470.9449  obj=2113477296602.40
[Run 19 | Iter 189] iter_best: cost=4071825657.53  viol=2109342233.5612  obj=2113414059218.70 | gbest: cost=4071825657.53  viol=2109342233.5612  obj=2113414059218.70
[Run 19 | Iter 190] iter_best: cost=4070175438.36  viol=2109050884.8690  obj=2113121060307.40 | gbest: cost=4070175438.36  viol=2109050884.8690  obj=2113121060307.40
[Run 19 | FE 7680] best_local_obj=2112794676016.98  best_local_cost=4071775657.53  best_local_viol=2108722900.3594
[Run 19 | Iter 191] iter_best: cost=4071775657.53  viol=2108722900.3594  obj=2112794676016.98 | gbest: cost=4071775657.53  viol=2108722900.3594  obj=2112794676016.98
[Run 19 | Iter 192] iter_best: cost=4071475602.74  viol=2108786487.9891  obj=2112857963591.80 | gbest: cost=4071775657.53  viol=2108722900.3594  obj=2112794676016.98
[Run 19 | Iter 193] iter_best: cost=4074501013.70  viol=2108749578.0190  obj=2112824079032.66 | gbest: cost=4071775657.53  viol=2108722900.3594  obj=2112794676016.98
[Run 19 | Iter 194] iter_best: cost=4073375876.71  viol=2108722900.3594  obj=2112796276236.15 | gbest: cost=4071775657.53  viol=2108722900.3594  obj=2112794676016.98
[Run 19 | Iter 195] iter_best: cost=4068800246.58  viol=2108776852.3178  obj=2112845652564.42 | gbest: cost=4071775657.53  viol=2108722900.3594  obj=2112794676016.98
[Run 19 | Iter 196] iter_best: cost=4073825931.51  viol=2108696305.7482  obj=2112770131679.67 | gbest: cost=4073825931.51  viol=2108696305.7482  obj=2112770131679.67
[Run 19 | Iter 197] iter_best: cost=4076101232.88  viol=2108562060.3148  obj=2112638161547.72 | gbest: cost=4076101232.88  viol=2108562060.3148  obj=2112638161547.72
[Run 19 | FE 7936] best_local_obj=2112638161547.72  best_local_cost=4076101232.88  best_local_viol=2108562060.3148
[Run 19 | Iter 198] iter_best: cost=4076101232.88  viol=2108562060.3148  obj=2112638161547.72 | gbest: cost=4076101232.88  viol=2108562060.3148  obj=2112638161547.72
[Run 19 | Iter 199] iter_best: cost=4074451013.70  viol=2108508108.3039  obj=2112582559317.64 | gbest: cost=4074451013.70  viol=2108508108.3039  obj=2112582559317.64
[Run 19 | Iter 200] iter_best: cost=4075076095.89  viol=2108508108.3039  obj=2112583184399.83 | gbest: cost=4074451013.70  viol=2108508108.3039  obj=2112582559317.64
[Run 19 | Iter 201] iter_best: cost=4076101232.88  viol=2108481513.9152  obj=2112557615148.04 | gbest: cost=4076101232.88  viol=2108481513.9152  obj=2112557615148.04
[Run 19 | Iter 202] iter_best: cost=4071475602.74  viol=2108544338.7756  obj=2112615814378.38 | gbest: cost=4076101232.88  viol=2108481513.9152  obj=2112557615148.04
[Run 19 | Iter 203] iter_best: cost=4074100958.90  viol=2108517744.2271  obj=2112591845185.97 | gbest: cost=4076101232.88  viol=2108481513.9152  obj=2112557615148.04
[Run 19 | FE 8192] best_local_obj=2112554314668.08  best_local_cost=4072800794.52  best_local_viol=2108481513.8736
[Run 19 | Iter 204] iter_best: cost=4072800794.52  viol=2108481513.8736  obj=2112554314668.08 | gbest: cost=4072800794.52  viol=2108481513.8736  obj=2112554314668.08
[Run 19 | Iter 205] iter_best: cost=4070850520.55  viol=2108544339.0405  obj=2112615189561.09 | gbest: cost=4072800794.52  viol=2108481513.8736  obj=2112554314668.08
[Run 19 | Iter 206] iter_best: cost=4071825657.53  viol=2108971017.6692  obj=2113042843326.70 | gbest: cost=4072800794.52  viol=2108481513.8736  obj=2112554314668.08
[Run 19 | Iter 207] iter_best: cost=4077126369.86  viol=2108481513.9152  obj=2112558640285.03 | gbest: cost=4072800794.52  viol=2108481513.8736  obj=2112554314668.08
[Run 19 | Iter 208] iter_best: cost=4072400739.73  viol=2108481513.8736  obj=2112553914613.29 | gbest: cost=4072400739.73  viol=2108481513.8736  obj=2112553914613.29
[Run 19 | Iter 209] iter_best: cost=4074501013.70  viol=2108461028.1117  obj=2112535529125.44 | gbest: cost=4074501013.70  viol=2108461028.1117  obj=2112535529125.44
[Run 19 | Iter 210] iter_best: cost=4077126369.86  viol=2108058267.8137  obj=2112135394183.60 | gbest: cost=4077126369.86  viol=2108058267.8137  obj=2112135394183.60
[Run 19 | FE 8448] best_local_obj=2112135394183.60  best_local_cost=4077126369.86  best_local_viol=2108058267.8137
[Run 19 | Iter 211] iter_best: cost=4078826589.04  viol=2108434433.3423  obj=2112513259931.30 | gbest: cost=4077126369.86  viol=2108058267.8137  obj=2112135394183.60
[Run 19 | Iter 212] iter_best: cost=4079801726.03  viol=2108031673.1848  obj=2112111474910.79 | gbest: cost=4079801726.03  viol=2108031673.1848  obj=2112111474910.79
[Run 19 | Iter 213] iter_best: cost=4079901726.03  viol=2108011561.6422  obj=2112091463368.19 | gbest: cost=4079901726.03  viol=2108011561.6422  obj=2112091463368.19
[Run 19 | Iter 214] iter_best: cost=4076201232.88  viol=2107721376.8585  obj=2111797578091.34 | gbest: cost=4076201232.88  viol=2107721376.8585  obj=2111797578091.34
[Run 19 | Iter 215] iter_best: cost=4084177301.37  viol=2106981239.7502  obj=2111065417051.53 | gbest: cost=4084177301.37  viol=2106981239.7502  obj=2111065417051.53
[Run 19 | Iter 216] iter_best: cost=4079626698.63  viol=2106630689.1733  obj=2110710315871.89 | gbest: cost=4079626698.63  viol=2106630689.1733  obj=2110710315871.89
[Run 19 | FE 8704] best_local_obj=2110382140192.02  best_local_cost=4070450465.75  best_local_viol=2106311689.7263
[Run 19 | Iter 217] iter_best: cost=4070450465.75  viol=2106311689.7263  obj=2110382140192.02 | gbest: cost=4070450465.75  viol=2106311689.7263  obj=2110382140192.02
[Run 19 | Iter 218] iter_best: cost=4074150958.90  viol=2105733262.7890  obj=2109807413747.95 | gbest: cost=4074150958.90  viol=2105733262.7890  obj=2109807413747.95
[Run 19 | Iter 219] iter_best: cost=4074776041.10  viol=2105712417.3871  obj=2109787193428.24 | gbest: cost=4074776041.10  viol=2105712417.3871  obj=2109787193428.24
[Run 19 | Iter 220] iter_best: cost=4082502054.79  viol=2106064982.3395  obj=2110147484394.34 | gbest: cost=4074776041.10  viol=2105712417.3871  obj=2109787193428.24
[Run 19 | Iter 221] iter_best: cost=4073850904.11  viol=2105858987.5837  obj=2109932838487.85 | gbest: cost=4074776041.10  viol=2105712417.3871  obj=2109787193428.24
[Run 19 | Iter 222] iter_best: cost=4078126479.45  viol=2103621298.4063  obj=2107699424885.79 | gbest: cost=4078126479.45  viol=2103621298.4063  obj=2107699424885.79
[Run 19 | FE 8960] best_local_obj=2107699424885.79  best_local_cost=4078126479.45  best_local_viol=2103621298.4063
[Run 19 | Iter 223] iter_best: cost=4082502054.79  viol=2103706796.8599  obj=2107789298914.74 | gbest: cost=4078126479.45  viol=2103621298.4063  obj=2107699424885.79
[Run 19 | Iter 224] iter_best: cost=4085127410.96  viol=2103564452.7181  obj=2107649580129.10 | gbest: cost=4085127410.96  viol=2103564452.7181  obj=2107649580129.10
[Run 19 | Iter 225] iter_best: cost=4084777356.16  viol=2103682844.4298  obj=2107767621786.01 | gbest: cost=4085127410.96  viol=2103564452.7181  obj=2107649580129.10
[Run 19 | Iter 226] iter_best: cost=4085827520.55  viol=2103448954.1363  obj=2107534781656.89 | gbest: cost=4085827520.55  viol=2103448954.1363  obj=2107534781656.89
[Run 19 | Iter 227] iter_best: cost=4089428013.70  viol=2103407213.2288  obj=2107496641242.54 | gbest: cost=4089428013.70  viol=2103407213.2288  obj=2107496641242.54
[Run 19 | Iter 228] iter_best: cost=4087427739.73  viol=2103407213.2288  obj=2107494640968.57 | gbest: cost=4087427739.73  viol=2103407213.2288  obj=2107494640968.57
[Run 19 | Iter 229] iter_best: cost=4086802657.53  viol=2103407213.2288  obj=2107494015886.38 | gbest: cost=4086802657.53  viol=2103407213.2288  obj=2107494015886.38
[Run 19 | FE 9216] best_local_obj=2107468396332.58  best_local_cost=4087777794.52  best_local_viol=2103380618.5381
[Run 19 | Iter 230] iter_best: cost=4087777794.52  viol=2103380618.5381  obj=2107468396332.58 | gbest: cost=4087777794.52  viol=2103380618.5381  obj=2107468396332.58
[Run 19 | Iter 231] iter_best: cost=4092053369.86  viol=2103380618.5381  obj=2107472671907.93 | gbest: cost=4087777794.52  viol=2103380618.5381  obj=2107468396332.58
