[RunConfig] run_id=25 seed=1025
[OutputDir] /work/home/acn1eb8nfq/yuezhang46/UScode/US实验一：横向对比/pso_global_logs/run_25_seed_1025
[Info] #nodes = 4301
[Load] Reading scenarios ...
  - 2020: raw edges=5296, days=366
  - 2025: raw edges=5296, days=365
  - 2030: raw edges=5296, days=365
  - 2035: raw edges=5296, days=365
  - 2040: raw edges=5296, days=366
[Filter] EDGE_WEIGHT_MIN=1.0
  - active_nodes=2914  inactive_nodes(fixed NONE)=1387
  - 2020: removed=2048, kept=3248
  - 2025: removed=2048, kept=3248
  - 2030: removed=2048, kept=3248
  - 2035: removed=2048, kept=3248
  - 2040: removed=2048, kept=3248
  - 2020: filtered edges (active subgraph)=3248
  - 2025: filtered edges (active subgraph)=3248
  - 2030: filtered edges (active subgraph)=3248
  - 2035: filtered edges (active subgraph)=3248
  - 2040: filtered edges (active subgraph)=3248
[PSO] Evaluate initial swarm ...
[PSO] Init snapshot: best_cost=1250049109.59  best_viol=3386388755.0346  best_obj=3387638804144.20
[PSO] Iterate ...
[Run 25 | Iter 1] iter_best: cost=1537213863.01  viol=3233486658.6773  obj=3235023872540.35 | gbest: cost=1537213863.01  viol=3233486658.6773  obj=3235023872540.35
[Run 25 | Iter 2] iter_best: cost=1875510164.38  viol=3057013793.6573  obj=3058889303821.73 | gbest: cost=1875510164.38  viol=3057013793.6573  obj=3058889303821.73
[Run 25 | Iter 3] iter_best: cost=2242484013.70  viol=2850418058.5939  obj=2852660542607.63 | gbest: cost=2242484013.70  viol=2850418058.5939  obj=2852660542607.63
[Run 25 | Iter 4] iter_best: cost=2655038972.60  viol=2665284943.4572  obj=2667939982429.84 | gbest: cost=2655038972.60  viol=2665284943.4572  obj=2667939982429.84
[Run 25 | Iter 5] iter_best: cost=2911723054.79  viol=2564451632.5315  obj=2567363355586.26 | gbest: cost=2911723054.79  viol=2564451632.5315  obj=2567363355586.26
[Run 25 | FE 256] best_local_obj=2481401582410.16  best_local_cost=3180758726.03  best_local_viol=2478220823.6841
[Run 25 | Iter 6] iter_best: cost=3180758726.03  viol=2478220823.6841  obj=2481401582410.16 | gbest: cost=3180758726.03  viol=2478220823.6841  obj=2481401582410.16
[Run 25 | Iter 7] iter_best: cost=3339929767.12  viol=2420975115.8130  obj=2424315045580.12 | gbest: cost=3339929767.12  viol=2420975115.8130  obj=2424315045580.12
[Run 25 | Iter 8] iter_best: cost=3501851136.99  viol=2382304670.2338  obj=2385806521370.83 | gbest: cost=3501851136.99  viol=2382304670.2338  obj=2385806521370.83
[Run 25 | Iter 9] iter_best: cost=3553558041.10  viol=2352391839.8972  obj=2355945397938.32 | gbest: cost=3553558041.10  viol=2352391839.8972  obj=2355945397938.32
[Run 25 | Iter 10] iter_best: cost=3607990027.40  viol=2337371639.4640  obj=2340979629491.37 | gbest: cost=3607990027.40  viol=2337371639.4640  obj=2340979629491.37
[Run 25 | Iter 11] iter_best: cost=3684775136.99  viol=2310583140.4208  obj=2314267915557.75 | gbest: cost=3684775136.99  viol=2310583140.4208  obj=2314267915557.75
[Run 25 | FE 512] best_local_obj=2308678667934.22  best_local_cost=3699301917.81  best_local_viol=2304979366.0164
[Run 25 | Iter 12] iter_best: cost=3717879410.96  viol=2301467753.2694  obj=2305185632680.36 | gbest: cost=3717879410.96  viol=2301467753.2694  obj=2305185632680.36
[Run 25 | Iter 13] iter_best: cost=3756984561.64  viol=2280671046.1164  obj=2284428030678.06 | gbest: cost=3756984561.64  viol=2280671046.1164  obj=2284428030678.06
[Run 25 | Iter 14] iter_best: cost=3810641630.14  viol=2267942762.2303  obj=2271753403860.43 | gbest: cost=3810641630.14  viol=2267942762.2303  obj=2271753403860.43
[Run 25 | Iter 15] iter_best: cost=3837420164.38  viol=2258734977.6195  obj=2262572397783.93 | gbest: cost=3837420164.38  viol=2258734977.6195  obj=2262572397783.93
[Run 25 | Iter 16] iter_best: cost=3855222465.75  viol=2250468709.4477  obj=2254323931913.44 | gbest: cost=3855222465.75  viol=2250468709.4477  obj=2254323931913.44
[Run 25 | Iter 17] iter_best: cost=3865023671.23  viol=2243969487.2502  obj=2247834510921.45 | gbest: cost=3865023671.23  viol=2243969487.2502  obj=2247834510921.45
[Run 25 | Iter 18] iter_best: cost=3885376356.16  viol=2239295779.9695  obj=2243181156325.70 | gbest: cost=3885376356.16  viol=2239295779.9695  obj=2243181156325.70
[Run 25 | FE 768] best_local_obj=2241960918530.01  best_local_cost=3893752369.86  best_local_viol=2238067166.1601
[Run 25 | Iter 19] iter_best: cost=3892252205.48  viol=2236230232.5951  obj=2240122484800.59 | gbest: cost=3892252205.48  viol=2236230232.5951  obj=2240122484800.59
[Run 25 | Iter 20] iter_best: cost=3907254123.29  viol=2236032876.5236  obj=2239940130646.91 | gbest: cost=3907254123.29  viol=2236032876.5236  obj=2239940130646.91
[Run 25 | Iter 21] iter_best: cost=3916530356.16  viol=2230675829.3276  obj=2234592359683.79 | gbest: cost=3916530356.16  viol=2230675829.3276  obj=2234592359683.79
[Run 25 | Iter 22] iter_best: cost=3927081726.03  viol=2228130870.8696  obj=2232057952595.65 | gbest: cost=3927081726.03  viol=2228130870.8696  obj=2232057952595.65
[Run 25 | Iter 23] iter_best: cost=3923956260.27  viol=2227570470.6605  obj=2231494426920.80 | gbest: cost=3923956260.27  viol=2227570470.6605  obj=2231494426920.80
[Run 25 | Iter 24] iter_best: cost=3944509000.00  viol=2221124287.0591  obj=2225068796059.13 | gbest: cost=3944509000.00  viol=2221124287.0591  obj=2225068796059.13
[Run 25 | FE 1024] best_local_obj=2220022790947.71  best_local_cost=3961161191.78  best_local_viol=2216061629.7559
[Run 25 | Iter 25] iter_best: cost=3961161191.78  viol=2216061629.7559  obj=2220022790947.71 | gbest: cost=3961161191.78  viol=2216061629.7559  obj=2220022790947.71
[Run 25 | Iter 26] iter_best: cost=3955310479.45  viol=2215777504.0731  obj=2219732814552.58 | gbest: cost=3955310479.45  viol=2215777504.0731  obj=2219732814552.58
[Run 25 | Iter 27] iter_best: cost=3980263821.92  viol=2211548210.9361  obj=2215528474758.04 | gbest: cost=3980263821.92  viol=2211548210.9361  obj=2215528474758.04
[Run 25 | Iter 28] iter_best: cost=3984364369.86  viol=2205721054.8305  obj=2209705419200.39 | gbest: cost=3984364369.86  viol=2205721054.8305  obj=2209705419200.39
[Run 25 | Iter 29] iter_best: cost=3995915849.32  viol=2200505255.5685  obj=2204501171417.86 | gbest: cost=3995915849.32  viol=2200505255.5685  obj=2204501171417.86
[Run 25 | Iter 30] iter_best: cost=4005617109.59  viol=2196866617.4027  obj=2200872234512.32 | gbest: cost=4005617109.59  viol=2196866617.4027  obj=2200872234512.32
[Run 25 | FE 1280] best_local_obj=2198989006311.59  best_local_cost=4000541369.86  best_local_viol=2194988464.9417
[Run 25 | Iter 31] iter_best: cost=4000541369.86  viol=2194988464.9417  obj=2198989006311.59 | gbest: cost=4000541369.86  viol=2194988464.9417  obj=2198989006311.59
[Run 25 | Iter 32] iter_best: cost=4004691863.01  viol=2191448685.1218  obj=2195453376984.81 | gbest: cost=4004691863.01  viol=2191448685.1218  obj=2195453376984.81
[Run 25 | Iter 33] iter_best: cost=4005741972.60  viol=2188564637.7495  obj=2192570379722.08 | gbest: cost=4005741972.60  viol=2188564637.7495  obj=2192570379722.08
[Run 25 | Iter 34] iter_best: cost=4021394054.79  viol=2184597314.8305  obj=2188618708885.29 | gbest: cost=4021394054.79  viol=2184597314.8305  obj=2188618708885.29
[Run 25 | Iter 35] iter_best: cost=4033745698.63  viol=2181347476.8002  obj=2185381222498.83 | gbest: cost=4033745698.63  viol=2181347476.8002  obj=2185381222498.83
[Run 25 | Iter 36] iter_best: cost=4040771602.74  viol=2180810884.0689  obj=2184851655671.64 | gbest: cost=4040771602.74  viol=2180810884.0689  obj=2184851655671.64
[Run 25 | Iter 37] iter_best: cost=4050047835.62  viol=2175750680.7343  obj=2179800728569.91 | gbest: cost=4050047835.62  viol=2175750680.7343  obj=2179800728569.91
[Run 25 | FE 1536] best_local_obj=2179800728569.91  best_local_cost=4050047835.62  best_local_viol=2175750680.7343
[Run 25 | Iter 38] iter_best: cost=4048097561.64  viol=2176903473.5788  obj=2180951571140.44 | gbest: cost=4050047835.62  viol=2175750680.7343  obj=2179800728569.91
[Run 25 | Iter 39] iter_best: cost=4043371931.51  viol=2173844168.6067  obj=2177887540538.20 | gbest: cost=4043371931.51  viol=2173844168.6067  obj=2177887540538.20
[Run 25 | Iter 40] iter_best: cost=4051623027.40  viol=2172163475.0902  obj=2176215098117.56 | gbest: cost=4051623027.40  viol=2172163475.0902  obj=2176215098117.56
[Run 25 | Iter 41] iter_best: cost=4055698547.95  viol=2168884748.7356  obj=2172940447283.51 | gbest: cost=4055698547.95  viol=2168884748.7356  obj=2172940447283.51
[Run 25 | Iter 42] iter_best: cost=4056598657.53  viol=2168989586.8034  obj=2173046185460.90 | gbest: cost=4055698547.95  viol=2168884748.7356  obj=2172940447283.51
[Run 25 | Iter 43] iter_best: cost=4063674616.44  viol=2167320588.0203  obj=2171384262636.70 | gbest: cost=4063674616.44  viol=2167320588.0203  obj=2171384262636.70
[Run 25 | FE 1792] best_local_obj=2171384262636.70  best_local_cost=4063674616.44  best_local_viol=2167320588.0203
[Run 25 | Iter 44] iter_best: cost=4057023739.73  viol=2167955561.7192  obj=2172012585458.89 | gbest: cost=4063674616.44  viol=2167320588.0203  obj=2171384262636.70
[Run 25 | Iter 45] iter_best: cost=4063624616.44  viol=2167202854.6549  obj=2171266479271.31 | gbest: cost=4063624616.44  viol=2167202854.6549  obj=2171266479271.31
[Run 25 | Iter 46] iter_best: cost=4066099972.60  viol=2164687140.5823  obj=2168753240554.87 | gbest: cost=4066099972.60  viol=2164687140.5823  obj=2168753240554.87
[Run 25 | Iter 47] iter_best: cost=4063074561.64  viol=2165082384.9854  obj=2169145459547.01 | gbest: cost=4066099972.60  viol=2164687140.5823  obj=2168753240554.87
[Run 25 | Iter 48] iter_best: cost=4060949260.27  viol=2164470727.2786  obj=2168531676538.84 | gbest: cost=4060949260.27  viol=2164470727.2786  obj=2168531676538.84
[Run 25 | Iter 49] iter_best: cost=4066299972.60  viol=2161287779.4189  obj=2165354079391.47 | gbest: cost=4066299972.60  viol=2161287779.4189  obj=2165354079391.47
[Run 25 | Iter 50] iter_best: cost=4073550958.90  viol=2159773559.5726  obj=2163847110531.47 | gbest: cost=4073550958.90  viol=2159773559.5726  obj=2163847110531.47
[Run 25 | FE 2048] best_local_obj=2163847110531.47  best_local_cost=4073550958.90  best_local_viol=2159773559.5726
[Run 25 | Iter 51] iter_best: cost=4080501890.41  viol=2157910868.2489  obj=2161991370139.28 | gbest: cost=4080501890.41  viol=2157910868.2489  obj=2161991370139.28
[Run 25 | Iter 52] iter_best: cost=4085677575.34  viol=2157108886.4422  obj=2161194564017.51 | gbest: cost=4085677575.34  viol=2157108886.4422  obj=2161194564017.51
[Run 25 | Iter 53] iter_best: cost=4094503753.42  viol=2154511824.1611  obj=2158606327914.49 | gbest: cost=4094503753.42  viol=2154511824.1611  obj=2158606327914.49
[Run 25 | Iter 54] iter_best: cost=4100879602.74  viol=2151877862.4235  obj=2155978742026.21 | gbest: cost=4100879602.74  viol=2151877862.4235  obj=2155978742026.21
[Run 25 | Iter 55] iter_best: cost=4101204630.14  viol=2150639817.0168  obj=2154741021646.90 | gbest: cost=4101204630.14  viol=2150639817.0168  obj=2154741021646.90
[Run 25 | Iter 56] iter_best: cost=4110580863.01  viol=2147720816.9557  obj=2151831397818.68 | gbest: cost=4110580863.01  viol=2147720816.9557  obj=2151831397818.68
[Run 25 | FE 2304] best_local_obj=2150446385220.65  best_local_cost=4112831191.78  best_local_viol=2146333554.0289
[Run 25 | Iter 57] iter_best: cost=4112831191.78  viol=2146333554.0289  obj=2150446385220.65 | gbest: cost=4112831191.78  viol=2146333554.0289  obj=2150446385220.65
[Run 25 | Iter 58] iter_best: cost=4112481136.99  viol=2146895624.6866  obj=2151008105823.55 | gbest: cost=4112831191.78  viol=2146333554.0289  obj=2150446385220.65
[Run 25 | Iter 59] iter_best: cost=4117531794.52  viol=2146663591.8683  obj=2150781123662.79 | gbest: cost=4112831191.78  viol=2146333554.0289  obj=2150446385220.65
[Run 25 | Iter 60] iter_best: cost=4102804849.32  viol=2147110920.1790  obj=2151213725028.28 | gbest: cost=4112831191.78  viol=2146333554.0289  obj=2150446385220.65
[Run 25 | Iter 61] iter_best: cost=4115581520.55  viol=2146244007.9607  obj=2150359589481.21 | gbest: cost=4115581520.55  viol=2146244007.9607  obj=2150359589481.21
[Run 25 | Iter 62] iter_best: cost=4116706657.53  viol=2145860701.5394  obj=2149977408196.90 | gbest: cost=4116706657.53  viol=2145860701.5394  obj=2149977408196.90
[Run 25 | FE 2560] best_local_obj=2147768656996.27  best_local_cost=4118606931.51  best_local_viol=2143650050.0648
[Run 25 | Iter 63] iter_best: cost=4118606931.51  viol=2143650050.0648  obj=2147768656996.27 | gbest: cost=4118606931.51  viol=2143650050.0648  obj=2147768656996.27
[Run 25 | Iter 64] iter_best: cost=4116606657.53  viol=2144764679.1389  obj=2148881285796.40 | gbest: cost=4118606931.51  viol=2143650050.0648  obj=2147768656996.27
[Run 25 | Iter 65] iter_best: cost=4119582068.49  viol=2143472593.6362  obj=2147592175704.66 | gbest: cost=4119582068.49  viol=2143472593.6362  obj=2147592175704.66
[Run 25 | Iter 66] iter_best: cost=4114156328.77  viol=2143307852.2545  obj=2147422008583.23 | gbest: cost=4114156328.77  viol=2143307852.2545  obj=2147422008583.23
[Run 25 | Iter 67] iter_best: cost=4119332013.70  viol=2142649315.9186  obj=2146768647932.27 | gbest: cost=4119332013.70  viol=2142649315.9186  obj=2146768647932.27
[Run 25 | Iter 68] iter_best: cost=4115631520.55  viol=2142649315.9186  obj=2146764947439.11 | gbest: cost=4115631520.55  viol=2142649315.9186  obj=2146764947439.11
[Run 25 | Iter 69] iter_best: cost=4110005780.82  viol=2142044656.8826  obj=2146154662663.39 | gbest: cost=4110005780.82  viol=2142044656.8826  obj=2146154662663.39
[Run 25 | FE 2816] best_local_obj=2146154662663.39  best_local_cost=4110005780.82  best_local_viol=2142044656.8826
[Run 25 | Iter 70] iter_best: cost=4110380808.22  viol=2142077130.9216  obj=2146187511729.79 | gbest: cost=4110005780.82  viol=2142044656.8826  obj=2146154662663.39
[Run 25 | Iter 71] iter_best: cost=4118656931.51  viol=2142030687.8152  obj=2146149344746.67 | gbest: cost=4118656931.51  viol=2142030687.8152  obj=2146149344746.67
[Run 25 | Iter 72] iter_best: cost=4122007369.86  viol=2140346322.8529  obj=2144468330222.73 | gbest: cost=4122007369.86  viol=2140346322.8529  obj=2144468330222.73
[Run 25 | Iter 73] iter_best: cost=4119407041.10  viol=2140194233.1607  obj=2144313640201.76 | gbest: cost=4119407041.10  viol=2140194233.1607  obj=2144313640201.76
[Run 25 | Iter 74] iter_best: cost=4119682068.49  viol=2139672210.0538  obj=2143791892122.26 | gbest: cost=4119682068.49  viol=2139672210.0538  obj=2143791892122.26
[Run 25 | Iter 75] iter_best: cost=4123382561.64  viol=2138289731.1916  obj=2142413113753.21 | gbest: cost=4123382561.64  viol=2138289731.1916  obj=2142413113753.21
[Run 25 | FE 3072] best_local_obj=2142170941100.86  best_local_cost=4119732068.49  best_local_viol=2138051209.0324
[Run 25 | Iter 76] iter_best: cost=4119732068.49  viol=2138051209.0324  obj=2142170941100.86 | gbest: cost=4119732068.49  viol=2138051209.0324  obj=2142170941100.86
[Run 25 | Iter 77] iter_best: cost=4121957369.86  viol=2135102173.1449  obj=2139224130514.73 | gbest: cost=4121957369.86  viol=2135102173.1449  obj=2139224130514.73
[Run 25 | Iter 78] iter_best: cost=4129008301.37  viol=2134408988.2077  obj=2138537996509.04 | gbest: cost=4129008301.37  viol=2134408988.2077  obj=2138537996509.04
[Run 25 | Iter 79] iter_best: cost=4133033821.92  viol=2133932478.7231  obj=2138065512544.98 | gbest: cost=4133033821.92  viol=2133932478.7231  obj=2138065512544.98
[Run 25 | Iter 80] iter_best: cost=4132983821.92  viol=2132707146.1494  obj=2136840129971.28 | gbest: cost=4132983821.92  viol=2132707146.1494  obj=2136840129971.28
[Run 25 | Iter 81] iter_best: cost=4137484424.66  viol=2131864556.2982  obj=2136002040722.82 | gbest: cost=4137484424.66  viol=2131864556.2982  obj=2136002040722.82
[Run 25 | Iter 82] iter_best: cost=4132758794.52  viol=2132014188.3520  obj=2136146947146.49 | gbest: cost=4137484424.66  viol=2131864556.2982  obj=2136002040722.82
[Run 25 | FE 3328] best_local_obj=2136002040722.82  best_local_cost=4137484424.66  best_local_viol=2131864556.2982
[Run 25 | Iter 83] iter_best: cost=4137484424.66  viol=2132049995.7899  obj=2136187480214.52 | gbest: cost=4137484424.66  viol=2131864556.2982  obj=2136002040722.82
[Run 25 | Iter 84] iter_best: cost=4134459013.70  viol=2131788300.9551  obj=2135922759968.76 | gbest: cost=4134459013.70  viol=2131788300.9551  obj=2135922759968.76
[Run 25 | Iter 85] iter_best: cost=4133333876.71  viol=2131126430.5853  obj=2135259764461.98 | gbest: cost=4133333876.71  viol=2131126430.5853  obj=2135259764461.98
[Run 25 | Iter 86] iter_best: cost=4135959232.88  viol=2131847251.7486  obj=2135983210981.44 | gbest: cost=4133333876.71  viol=2131126430.5853  obj=2135259764461.98
[Run 25 | Iter 87] iter_best: cost=4135334150.68  viol=2131111430.0777  obj=2135246764228.35 | gbest: cost=4135334150.68  viol=2131111430.0777  obj=2135246764228.35
[Run 25 | Iter 88] iter_best: cost=4137209397.26  viol=2131290920.6165  obj=2135428130013.73 | gbest: cost=4135334150.68  viol=2131111430.0777  obj=2135246764228.35
[Run 25 | FE 3584] best_local_obj=2135246764228.35  best_local_cost=4135334150.68  best_local_viol=2131111430.0777
[Run 25 | Iter 89] iter_best: cost=4135034095.89  viol=2131187478.5802  obj=2135322512676.06 | gbest: cost=4135334150.68  viol=2131111430.0777  obj=2135246764228.35
[Run 25 | Iter 90] iter_best: cost=4136009232.88  viol=2130970636.8491  obj=2135106646081.94 | gbest: cost=4136009232.88  viol=2130970636.8491  obj=2135106646081.94
[Run 25 | Iter 91] iter_best: cost=4136009232.88  viol=2130970636.8491  obj=2135106646081.94 | gbest: cost=4136009232.88  viol=2130970636.8491  obj=2135106646081.94
[Run 25 | Iter 92] iter_best: cost=4135559178.08  viol=2131219243.8383  obj=2135354803016.35 | gbest: cost=4136009232.88  viol=2130970636.8491  obj=2135106646081.94
[Run 25 | Iter 93] iter_best: cost=4136059232.88  viol=2130975845.4190  obj=2135111904651.84 | gbest: cost=4136009232.88  viol=2130970636.8491  obj=2135106646081.94
[Run 25 | Iter 94] iter_best: cost=4138959616.44  viol=2129964008.9895  obj=2134102968605.90 | gbest: cost=4138959616.44  viol=2129964008.9895  obj=2134102968605.90
[Run 25 | FE 3840] best_local_obj=2133347128781.94  best_local_cost=4143585246.58  best_local_viol=2129203543.5354
[Run 25 | Iter 95] iter_best: cost=4143585246.58  viol=2129203543.5354  obj=2133347128781.94 | gbest: cost=4143585246.58  viol=2129203543.5354  obj=2133347128781.94
[Run 25 | Iter 96] iter_best: cost=4139559726.03  viol=2128241406.3093  obj=2132380966035.29 | gbest: cost=4139559726.03  viol=2128241406.3093  obj=2132380966035.29
[Run 25 | Iter 97] iter_best: cost=4146910712.33  viol=2127598131.5552  obj=2131745042267.50 | gbest: cost=4146910712.33  viol=2127598131.5552  obj=2131745042267.50
[Run 25 | Iter 98] iter_best: cost=4143935301.37  viol=2127612432.2705  obj=2131756367571.91 | gbest: cost=4146910712.33  viol=2127598131.5552  obj=2131745042267.50
[Run 25 | Iter 99] iter_best: cost=4145885575.34  viol=2127598131.5552  obj=2131744017130.51 | gbest: cost=4145885575.34  viol=2127598131.5552  obj=2131744017130.51
[Run 25 | Iter 100] iter_best: cost=4144285356.16  viol=2127598131.5552  obj=2131742416911.33 | gbest: cost=4144285356.16  viol=2127598131.5552  obj=2131742416911.33
[Run 25 | Iter 101] iter_best: cost=4142635136.99  viol=2127598131.5552  obj=2131740766692.15 | gbest: cost=4142635136.99  viol=2127598131.5552  obj=2131740766692.15
[Run 25 | FE 4096] best_local_obj=2131740766692.15  best_local_cost=4142635136.99  best_local_viol=2127598131.5552
[Run 25 | Iter 102] iter_best: cost=4143260219.18  viol=2127598131.5552  obj=2131741391774.34 | gbest: cost=4142635136.99  viol=2127598131.5552  obj=2131740766692.15
[Run 25 | Iter 103] iter_best: cost=4149636068.49  viol=2127598131.5552  obj=2131747767623.66 | gbest: cost=4142635136.99  viol=2127598131.5552  obj=2131740766692.15
[Run 25 | Iter 104] iter_best: cost=4141560000.00  viol=2127489140.4431  obj=2131630700443.07 | gbest: cost=4141560000.00  viol=2127489140.4431  obj=2131630700443.07
[Run 25 | Iter 105] iter_best: cost=4144235356.16  viol=2127489140.4431  obj=2131633375799.23 | gbest: cost=4141560000.00  viol=2127489140.4431  obj=2131630700443.07
[Run 25 | Iter 106] iter_best: cost=4145485520.55  viol=2126380263.2654  obj=2130525748785.91 | gbest: cost=4145485520.55  viol=2126380263.2654  obj=2130525748785.91
[Run 25 | Iter 107] iter_best: cost=4147360767.12  viol=2125069315.6044  obj=2129216676371.49 | gbest: cost=4147360767.12  viol=2125069315.6044  obj=2129216676371.49
[Run 25 | FE 4352] best_local_obj=2128995766793.80  best_local_cost=4153786616.44  best_local_viol=2124841980.1774
[Run 25 | Iter 108] iter_best: cost=4153786616.44  viol=2124841980.1774  obj=2128995766793.80 | gbest: cost=4153786616.44  viol=2124841980.1774  obj=2128995766793.80
[Run 25 | Iter 109] iter_best: cost=4147985849.32  viol=2124648180.8825  obj=2128796166731.78 | gbest: cost=4147985849.32  viol=2124648180.8825  obj=2128796166731.78
[Run 25 | Iter 110] iter_best: cost=4150661205.48  viol=2124556932.6645  obj=2128707593869.95 | gbest: cost=4150661205.48  viol=2124556932.6645  obj=2128707593869.95
[Run 25 | Iter 111] iter_best: cost=4154761753.42  viol=2124556932.6645  obj=2128711694417.89 | gbest: cost=4150661205.48  viol=2124556932.6645  obj=2128707593869.95
[Run 25 | Iter 112] iter_best: cost=4152036397.26  viol=2124402746.7248  obj=2128554783122.03 | gbest: cost=4152036397.26  viol=2124402746.7248  obj=2128554783122.03
[Run 25 | Iter 113] iter_best: cost=4152086397.26  viol=2123951435.6924  obj=2128103522089.63 | gbest: cost=4152086397.26  viol=2123951435.6924  obj=2128103522089.63
[Run 25 | Iter 114] iter_best: cost=4152086397.26  viol=2124107229.1265  obj=2128259315523.73 | gbest: cost=4152086397.26  viol=2123951435.6924  obj=2128103522089.63
[Run 25 | FE 4608] best_local_obj=2128103522089.63  best_local_cost=4152086397.26  best_local_viol=2123951435.6924
[Run 25 | Iter 115] iter_best: cost=4152711479.45  viol=2124061463.1747  obj=2128214174654.12 | gbest: cost=4152086397.26  viol=2123951435.6924  obj=2128103522089.63
[Run 25 | Iter 116] iter_best: cost=4152086397.26  viol=2124063892.6644  obj=2128215979061.63 | gbest: cost=4152086397.26  viol=2123951435.6924  obj=2128103522089.63
[Run 25 | Iter 117] iter_best: cost=4154136671.23  viol=2123951435.6924  obj=2128105572363.60 | gbest: cost=4152086397.26  viol=2123951435.6924  obj=2128103522089.63
[Run 25 | Iter 118] iter_best: cost=4153111534.25  viol=2123928774.5882  obj=2128081886122.41 | gbest: cost=4153111534.25  viol=2123928774.5882  obj=2128081886122.41
[Run 25 | Iter 119] iter_best: cost=4154136671.23  viol=2123995808.2581  obj=2128149944929.30 | gbest: cost=4153111534.25  viol=2123928774.5882  obj=2128081886122.41
[Run 25 | Iter 120] iter_best: cost=4151461315.07  viol=2123928774.5882  obj=2128080235903.23 | gbest: cost=4151461315.07  viol=2123928774.5882  obj=2128080235903.23
[Run 25 | FE 4864] best_local_obj=2128080235903.23  best_local_cost=4151461315.07  best_local_viol=2123928774.5882
[Run 25 | Iter 121] iter_best: cost=4148435904.11  viol=2124063892.6644  obj=2128212328568.48 | gbest: cost=4151461315.07  viol=2123928774.5882  obj=2128080235903.23
[Run 25 | Iter 122] iter_best: cost=4152486452.05  viol=2123816317.5402  obj=2127968803992.22 | gbest: cost=4152486452.05  viol=2123816317.5402  obj=2127968803992.22
[Run 25 | Iter 123] iter_best: cost=4150836232.88  viol=2123812660.2752  obj=2127963496508.04 | gbest: cost=4150836232.88  viol=2123812660.2752  obj=2127963496508.04
[Run 25 | Iter 124] iter_best: cost=4152486452.05  viol=2123925117.2972  obj=2128077603749.22 | gbest: cost=4150836232.88  viol=2123812660.2752  obj=2127963496508.04
[Run 25 | Iter 125] iter_best: cost=4154136671.23  viol=2123810230.7225  obj=2127964367393.70 | gbest: cost=4150836232.88  viol=2123812660.2752  obj=2127963496508.04
[Run 25 | Iter 126] iter_best: cost=4154536726.03  viol=2123915106.8192  obj=2128069643545.26 | gbest: cost=4150836232.88  viol=2123812660.2752  obj=2127963496508.04
[Run 25 | FE 5120] best_local_obj=2127963496508.04  best_local_cost=4150836232.88  best_local_viol=2123812660.2752
[Run 25 | Iter 127] iter_best: cost=4152486452.05  viol=2123812660.2752  obj=2127965146727.22 | gbest: cost=4150836232.88  viol=2123812660.2752  obj=2127963496508.04
[Run 25 | Iter 128] iter_best: cost=4154086671.23  viol=2123790778.6628  obj=2127944865334.00 | gbest: cost=4154086671.23  viol=2123790778.6628  obj=2127944865334.00
[Run 25 | Iter 129] iter_best: cost=4149136013.70  viol=2123794654.5401  obj=2127943790553.76 | gbest: cost=4149136013.70  viol=2123794654.5401  obj=2127943790553.76
[Run 25 | Iter 130] iter_best: cost=4152036397.26  viol=2123638861.1458  obj=2127790897543.03 | gbest: cost=4152036397.26  viol=2123638861.1458  obj=2127790897543.03
[Run 25 | Iter 131] iter_best: cost=4153161534.25  viol=2123526992.5705  obj=2127680154104.71 | gbest: cost=4153161534.25  viol=2123526992.5705  obj=2127680154104.71
[Run 25 | Iter 132] iter_best: cost=4151461315.07  viol=2123299346.2881  obj=2127450807603.14 | gbest: cost=4151461315.07  viol=2123299346.2881  obj=2127450807603.14
[Run 25 | Iter 133] iter_best: cost=4155111808.22  viol=2123408925.5326  obj=2127564037340.79 | gbest: cost=4151461315.07  viol=2123299346.2881  obj=2127450807603.14
[Run 25 | FE 5376] best_local_obj=2127450807603.14  best_local_cost=4151461315.07  best_local_viol=2123299346.2881
[Run 25 | Iter 134] iter_best: cost=4153786616.44  viol=2123763461.7042  obj=2127917248320.60 | gbest: cost=4151461315.07  viol=2123299346.2881  obj=2127450807603.14
[Run 25 | Iter 135] iter_best: cost=4152486452.05  viol=2123295689.0571  obj=2127448175509.12 | gbest: cost=4152486452.05  viol=2123295689.0571  obj=2127448175509.12
[Run 25 | Iter 136] iter_best: cost=4152436452.05  viol=2123277464.5996  obj=2127429901051.62 | gbest: cost=4152436452.05  viol=2123277464.5996  obj=2127429901051.62
[Run 25 | Iter 137] iter_best: cost=4154086671.23  viol=2123277464.5996  obj=2127431551270.80 | gbest: cost=4152436452.05  viol=2123277464.5996  obj=2127429901051.62
[Run 25 | Iter 138] iter_best: cost=4152436452.05  viol=2123277464.5996  obj=2127429901051.62 | gbest: cost=4152436452.05  viol=2123277464.5996  obj=2127429901051.62
[Run 25 | Iter 139] iter_best: cost=4155111808.22  viol=2123277464.5996  obj=2127432576407.79 | gbest: cost=4152436452.05  viol=2123277464.5996  obj=2127429901051.62
[Run 25 | FE 5632] best_local_obj=2127428250832.44  best_local_cost=4150786232.88  best_local_viol=2123277464.5996
[Run 25 | Iter 140] iter_best: cost=4150786232.88  viol=2123277464.5996  obj=2127428250832.44 | gbest: cost=4150786232.88  viol=2123277464.5996  obj=2127428250832.44
[Run 25 | Iter 141] iter_best: cost=4153461589.04  viol=2123277464.5996  obj=2127430926188.61 | gbest: cost=4150786232.88  viol=2123277464.5996  obj=2127428250832.44
[Run 25 | Iter 142] iter_best: cost=4154536726.03  viol=2123191263.8757  obj=2127345800601.69 | gbest: cost=4154536726.03  viol=2123191263.8757  obj=2127345800601.69
[Run 25 | Iter 143] iter_best: cost=4156136945.21  viol=2123169382.1695  obj=2127325519114.67 | gbest: cost=4156136945.21  viol=2123169382.1695  obj=2127325519114.67
[Run 25 | Iter 144] iter_best: cost=4153461589.04  viol=2123571612.0442  obj=2127725073633.21 | gbest: cost=4156136945.21  viol=2123169382.1695  obj=2127325519114.67
[Run 25 | Iter 145] iter_best: cost=4154486726.03  viol=2123169382.1695  obj=2127323868895.49 | gbest: cost=4154486726.03  viol=2123169382.1695  obj=2127323868895.49
[Run 25 | Iter 146] iter_best: cost=4157787164.38  viol=2123166952.7178  obj=2127324739882.15 | gbest: cost=4154486726.03  viol=2123169382.1695  obj=2127323868895.49
[Run 25 | FE 5888] best_local_obj=2127323868895.49  best_local_cost=4154486726.03  best_local_viol=2123169382.1695
[Run 25 | Iter 147] iter_best: cost=4152486452.05  viol=2123191263.8757  obj=2127343750327.72 | gbest: cost=4154486726.03  viol=2123169382.1695  obj=2127323868895.49
[Run 25 | Iter 148] iter_best: cost=4156136945.21  viol=2123124819.5375  obj=2127280956482.67 | gbest: cost=4156136945.21  viol=2123124819.5375  obj=2127280956482.67
[Run 25 | Iter 149] iter_best: cost=4160462520.55  viol=2123035740.7116  obj=2127196203232.11 | gbest: cost=4160462520.55  viol=2123035740.7116  obj=2127196203232.11
[Run 25 | Iter 150] iter_best: cost=4157787164.38  viol=2123147480.5432  obj=2127305267707.55 | gbest: cost=4160462520.55  viol=2123035740.7116  obj=2127196203232.11
[Run 25 | Iter 151] iter_best: cost=4165413178.08  viol=2122294403.5431  obj=2126459816721.15 | gbest: cost=4165413178.08  viol=2122294403.5431  obj=2126459816721.15
[Run 25 | Iter 152] iter_best: cost=4163762958.90  viol=2122139182.1341  obj=2126302945092.97 | gbest: cost=4163762958.90  viol=2122139182.1341  obj=2126302945092.97
[Run 25 | FE 6144] best_local_obj=2126302945092.97  best_local_cost=4163762958.90  best_local_viol=2122139182.1341
[Run 25 | Iter 153] iter_best: cost=4159712410.96  viol=2122718761.2528  obj=2126878473663.73 | gbest: cost=4163762958.90  viol=2122139182.1341  obj=2126302945092.97
[Run 25 | Iter 154] iter_best: cost=4167163397.26  viol=2122674757.5272  obj=2126841920924.43 | gbest: cost=4163762958.90  viol=2122139182.1341  obj=2126302945092.97
[Run 25 | Iter 155] iter_best: cost=4160462520.55  viol=2122074124.1028  obj=2126234586623.31 | gbest: cost=4160462520.55  viol=2122074124.1028  obj=2126234586623.31
[Run 25 | Iter 156] iter_best: cost=4167738479.45  viol=2122168021.3657  obj=2126335759845.12 | gbest: cost=4160462520.55  viol=2122074124.1028  obj=2126234586623.31
[Run 25 | Iter 157] iter_best: cost=4162112739.73  viol=2122162943.1204  obj=2126325055860.09 | gbest: cost=4160462520.55  viol=2122074124.1028  obj=2126234586623.31
[Run 25 | Iter 158] iter_best: cost=4164163013.70  viol=2122071694.6001  obj=2126235857613.77 | gbest: cost=4160462520.55  viol=2122074124.1028  obj=2126234586623.31
[Run 25 | FE 6400] best_local_obj=2126234586623.31  best_local_cost=4160462520.55  best_local_viol=2122074124.1028
[Run 25 | Iter 159] iter_best: cost=4164163013.70  viol=2122074124.1028  obj=2126238287116.47 | gbest: cost=4160462520.55  viol=2122074124.1028  obj=2126234586623.31
[Run 25 | Iter 160] iter_best: cost=4164037986.30  viol=2122070466.8718  obj=2126234504858.07 | gbest: cost=4164037986.30  viol=2122070466.8718  obj=2126234504858.07
[Run 25 | Iter 161] iter_best: cost=4161137602.74  viol=2122070466.8718  obj=2126231604474.51 | gbest: cost=4161137602.74  viol=2122070466.8718  obj=2126231604474.51
[Run 25 | Iter 162] iter_best: cost=4167063397.26  viol=2122137403.8792  obj=2126304467276.43 | gbest: cost=4161137602.74  viol=2122070466.8718  obj=2126231604474.51
[Run 25 | Iter 163] iter_best: cost=4161187602.74  viol=2122362062.0077  obj=2126523249610.41 | gbest: cost=4161137602.74  viol=2122070466.8718  obj=2126231604474.51
[Run 25 | Iter 164] iter_best: cost=4165638205.48  viol=2122068037.3691  obj=2126233675574.55 | gbest: cost=4161137602.74  viol=2122070466.8718  obj=2126231604474.51
[Run 25 | Iter 165] iter_best: cost=4163812958.90  viol=2121958461.1499  obj=2126122274108.84 | gbest: cost=4163812958.90  viol=2121958461.1499  obj=2126122274108.84
[Run 25 | FE 6656] best_local_obj=2126122274108.84  best_local_cost=4163812958.90  best_local_viol=2121958461.1499
[Run 25 | Iter 166] iter_best: cost=4160737547.95  viol=2122066543.6464  obj=2126227281194.38 | gbest: cost=4163812958.90  viol=2121958461.1499  obj=2126122274108.84
[Run 25 | Iter 167] iter_best: cost=4162787821.92  viol=2122046051.9586  obj=2126208839780.55 | gbest: cost=4163812958.90  viol=2121958461.1499  obj=2126122274108.84
[Run 25 | Iter 168] iter_best: cost=4167113397.26  viol=2122023518.8837  obj=2126190632281.00 | gbest: cost=4163812958.90  viol=2121958461.1499  obj=2126122274108.84
[Run 25 | Iter 169] iter_best: cost=4167463452.05  viol=2121642496.8022  obj=2125809960254.29 | gbest: cost=4167463452.05  viol=2121642496.8022  obj=2125809960254.29
[Run 25 | Iter 170] iter_best: cost=4165413178.08  viol=2121738707.6861  obj=2125904120864.15 | gbest: cost=4167463452.05  viol=2121642496.8022  obj=2125809960254.29
[Run 25 | Iter 171] iter_best: cost=4166838369.86  viol=2121644926.3149  obj=2125811764684.80 | gbest: cost=4167463452.05  viol=2121642496.8022  obj=2125809960254.29
[Run 25 | FE 6912] best_local_obj=2125809960254.29  best_local_cost=4167463452.05  best_local_viol=2121642496.8022
[Run 25 | Iter 172] iter_best: cost=4169163671.23  viol=2121644926.3149  obj=2125814089986.17 | gbest: cost=4167463452.05  viol=2121642496.8022  obj=2125809960254.29
[Run 25 | Iter 173] iter_best: cost=4169113671.23  viol=2121642496.8022  obj=2125811610473.47 | gbest: cost=4167463452.05  viol=2121642496.8022  obj=2125809960254.29
[Run 25 | Iter 174] iter_best: cost=4165813232.88  viol=2121642496.8022  obj=2125808310035.11 | gbest: cost=4165813232.88  viol=2121642496.8022  obj=2125808310035.11
[Run 25 | Iter 175] iter_best: cost=4165463178.08  viol=2121642496.8022  obj=2125807959980.32 | gbest: cost=4165463178.08  viol=2121642496.8022  obj=2125807959980.32
[Run 25 | Iter 176] iter_best: cost=4164438041.10  viol=2121664378.5490  obj=2125828816590.13 | gbest: cost=4165463178.08  viol=2121642496.8022  obj=2125807959980.32
[Run 25 | Iter 177] iter_best: cost=4165463178.08  viol=2121642496.8022  obj=2125807959980.32 | gbest: cost=4165463178.08  viol=2121642496.8022  obj=2125807959980.32
[Run 25 | Iter 178] iter_best: cost=4163762958.90  viol=2121644926.3149  obj=2125808689273.84 | gbest: cost=4165463178.08  viol=2121642496.8022  obj=2125807959980.32
[Run 25 | FE 7168] best_local_obj=2125807959980.32  best_local_cost=4165463178.08  best_local_viol=2121642496.8022
[Run 25 | Iter 179] iter_best: cost=4165813232.88  viol=2121642496.8022  obj=2125808310035.11 | gbest: cost=4165463178.08  viol=2121642496.8022  obj=2125807959980.32
[Run 25 | Iter 180] iter_best: cost=4162387767.12  viol=2121642496.8022  obj=2125804884569.36 | gbest: cost=4162387767.12  viol=2121642496.8022  obj=2125804884569.36
[Run 25 | Iter 181] iter_best: cost=4161762684.93  viol=2121641268.9579  obj=2125803031642.87 | gbest: cost=4161762684.93  viol=2121641268.9579  obj=2125803031642.87
[Run 25 | Iter 182] iter_best: cost=4163412904.11  viol=2121638839.4452  obj=2125802252349.35 | gbest: cost=4163412904.11  viol=2121638839.4452  obj=2125802252349.35
[Run 25 | Iter 183] iter_best: cost=4163412904.11  viol=2121638839.4452  obj=2125802252349.35 | gbest: cost=4163412904.11  viol=2121638839.4452  obj=2125802252349.35
[Run 25 | Iter 184] iter_best: cost=4163412904.11  viol=2121638839.4452  obj=2125802252349.35 | gbest: cost=4163412904.11  viol=2121638839.4452  obj=2125802252349.35
[Run 25 | FE 7424] best_local_obj=2125802252349.35  best_local_cost=4163412904.11  best_local_viol=2121638839.4452
[Run 25 | Iter 185] iter_best: cost=4164438041.10  viol=2121638839.4452  obj=2125803277486.33 | gbest: cost=4163412904.11  viol=2121638839.4452  obj=2125802252349.35
[Run 25 | Iter 186] iter_best: cost=4166763342.47  viol=2120628395.8070  obj=2124795159149.50 | gbest: cost=4166763342.47  viol=2120628395.8070  obj=2124795159149.50
[Run 25 | Iter 187] iter_best: cost=4167113397.26  viol=2120628395.8070  obj=2124795509204.30 | gbest: cost=4166763342.47  viol=2120628395.8070  obj=2124795159149.50
[Run 25 | Iter 188] iter_best: cost=4166763342.47  viol=2120628395.8070  obj=2124795159149.50 | gbest: cost=4166763342.47  viol=2120628395.8070  obj=2124795159149.50
[Run 25 | Iter 189] iter_best: cost=4165113123.29  viol=2120628395.8070  obj=2124793508930.32 | gbest: cost=4165113123.29  viol=2120628395.8070  obj=2124793508930.32
[Run 25 | Iter 190] iter_best: cost=4163462904.11  viol=2119401538.6973  obj=2123565001601.45 | gbest: cost=4163462904.11  viol=2119401538.6973  obj=2123565001601.45
[Run 25 | FE 7680] best_local_obj=2123278501514.17  best_local_cost=4161762684.93  best_local_viol=2119116738.8292
[Run 25 | Iter 191] iter_best: cost=4161762684.93  viol=2119116738.8292  obj=2123278501514.17 | gbest: cost=4161762684.93  viol=2119116738.8292  obj=2123278501514.17
[Run 25 | Iter 192] iter_best: cost=4163062849.32  viol=2119490452.0235  obj=2123653514872.85 | gbest: cost=4161762684.93  viol=2119116738.8292  obj=2123278501514.17
[Run 25 | Iter 193] iter_best: cost=4164037986.30  viol=2119120396.1862  obj=2123284434172.54 | gbest: cost=4161762684.93  viol=2119116738.8292  obj=2123278501514.17
[Run 25 | Iter 194] iter_best: cost=4162787821.92  viol=2119116738.8292  obj=2123279526651.15 | gbest: cost=4161762684.93  viol=2119116738.8292  obj=2123278501514.17
[Run 25 | Iter 195] iter_best: cost=4168363561.64  viol=2119116738.8292  obj=2123285102390.88 | gbest: cost=4161762684.93  viol=2119116738.8292  obj=2123278501514.17
[Run 25 | Iter 196] iter_best: cost=4163412904.11  viol=2119116738.8292  obj=2123280151733.35 | gbest: cost=4161762684.93  viol=2119116738.8292  obj=2123278501514.17
[Run 25 | Iter 197] iter_best: cost=4161762684.93  viol=2119120396.1862  obj=2123282158871.17 | gbest: cost=4161762684.93  viol=2119116738.8292  obj=2123278501514.17
[Run 25 | FE 7936] best_local_obj=2123278501514.17  best_local_cost=4161762684.93  best_local_viol=2119116738.8292
[Run 25 | Iter 198] iter_best: cost=4161762684.93  viol=2119116738.8292  obj=2123278501514.17 | gbest: cost=4161762684.93  viol=2119116738.8292  obj=2123278501514.17
[Run 25 | Iter 199] iter_best: cost=4163412904.11  viol=2119116738.8292  obj=2123280151733.35 | gbest: cost=4161762684.93  viol=2119116738.8292  obj=2123278501514.17
[Run 25 | Iter 200] iter_best: cost=4163412904.11  viol=2119116738.8292  obj=2123280151733.35 | gbest: cost=4161762684.93  viol=2119116738.8292  obj=2123278501514.17
[Run 25 | Iter 201] iter_best: cost=4161762684.93  viol=2119116738.8292  obj=2123278501514.17 | gbest: cost=4161762684.93  viol=2119116738.8292  obj=2123278501514.17
[Run 25 | Iter 202] iter_best: cost=4161762684.93  viol=2119116738.8292  obj=2123278501514.17 | gbest: cost=4161762684.93  viol=2119116738.8292  obj=2123278501514.17
[Run 25 | Iter 203] iter_best: cost=4161762684.93  viol=2119116738.8292  obj=2123278501514.17 | gbest: cost=4161762684.93  viol=2119116738.8292  obj=2123278501514.17
[Run 25 | FE 8192] best_local_obj=2123278501514.17  best_local_cost=4161762684.93  best_local_viol=2119116738.8292
[Run 25 | Iter 204] iter_best: cost=4161762684.93  viol=2119116738.8292  obj=2123278501514.17 | gbest: cost=4161762684.93  viol=2119116738.8292  obj=2123278501514.17
[Run 25 | Iter 205] iter_best: cost=4162787821.92  viol=2118049774.1822  obj=2122212562004.15 | gbest: cost=4162787821.92  viol=2118049774.1822  obj=2122212562004.15
[Run 25 | Iter 206] iter_best: cost=4163812958.90  viol=2118046116.8252  obj=2122209929784.14 | gbest: cost=4163812958.90  viol=2118046116.8252  obj=2122209929784.14
[Run 25 | Iter 207] iter_best: cost=4163812958.90  viol=2118046116.8252  obj=2122209929784.14 | gbest: cost=4163812958.90  viol=2118046116.8252  obj=2122209929784.14
[Run 25 | Iter 208] iter_best: cost=4162787821.92  viol=2118046116.8252  obj=2122208904647.15 | gbest: cost=4162787821.92  viol=2118046116.8252  obj=2122208904647.15
[Run 25 | Iter 209] iter_best: cost=4164838095.89  viol=2118046116.8252  obj=2122210954921.13 | gbest: cost=4162787821.92  viol=2118046116.8252  obj=2122208904647.15
[Run 25 | Iter 210] iter_best: cost=4162787821.92  viol=2118046116.8252  obj=2122208904647.15 | gbest: cost=4162787821.92  viol=2118046116.8252  obj=2122208904647.15
[Run 25 | FE 8448] best_local_obj=2122208904647.15  best_local_cost=4162787821.92  best_local_viol=2118046116.8252
[Run 25 | Iter 211] iter_best: cost=4162162739.73  viol=2118046116.8252  obj=2122208279564.96 | gbest: cost=4162162739.73  viol=2118046116.8252  obj=2122208279564.96
[Run 25 | Iter 212] iter_best: cost=4161137602.74  viol=2118046116.8252  obj=2122207254427.98 | gbest: cost=4161137602.74  viol=2118046116.8252  obj=2122207254427.98
[Run 25 | Iter 213] iter_best: cost=4161137602.74  viol=2118046116.8252  obj=2122207254427.98 | gbest: cost=4161137602.74  viol=2118046116.8252  obj=2122207254427.98
[Run 25 | Iter 214] iter_best: cost=4161137602.74  viol=2118046116.8252  obj=2122207254427.98 | gbest: cost=4161137602.74  viol=2118046116.8252  obj=2122207254427.98
[Run 25 | Iter 215] iter_best: cost=4161137602.74  viol=2118046116.8252  obj=2122207254427.98 | gbest: cost=4161137602.74  viol=2118046116.8252  obj=2122207254427.98
[Run 25 | Iter 216] iter_best: cost=4161137602.74  viol=2118046116.8252  obj=2122207254427.98 | gbest: cost=4161137602.74  viol=2118046116.8252  obj=2122207254427.98
[Run 25 | FE 8704] best_local_obj=2122207254427.98  best_local_cost=4161137602.74  best_local_viol=2118046116.8252
[Run 25 | Iter 217] iter_best: cost=4161137602.74  viol=2118046116.8252  obj=2122207254427.98 | gbest: cost=4161137602.74  viol=2118046116.8252  obj=2122207254427.98
[Run 25 | Iter 218] iter_best: cost=4165563178.08  viol=2117985394.0537  obj=2122150957231.82 | gbest: cost=4165563178.08  viol=2117985394.0537  obj=2122150957231.82
[Run 25 | Iter 219] iter_best: cost=4164438041.10  viol=2117245291.5792  obj=2121409729620.33 | gbest: cost=4164438041.10  viol=2117245291.5792  obj=2121409729620.33
[Run 25 | Iter 220] iter_best: cost=4167113397.26  viol=2117245291.5792  obj=2121412404976.50 | gbest: cost=4164438041.10  viol=2117245291.5792  obj=2121409729620.33
[Run 25 | Iter 221] iter_best: cost=4164438041.10  viol=2117245291.5792  obj=2121409729620.33 | gbest: cost=4164438041.10  viol=2117245291.5792  obj=2121409729620.33
[Run 25 | Iter 222] iter_best: cost=4164438041.10  viol=2117245291.5792  obj=2121409729620.33 | gbest: cost=4164438041.10  viol=2117245291.5792  obj=2121409729620.33
[Run 25 | FE 8960] best_local_obj=2121408079401.15  best_local_cost=4162787821.92  best_local_viol=2117245291.5792
[Run 25 | Iter 223] iter_best: cost=4162787821.92  viol=2117245291.5792  obj=2121408079401.15 | gbest: cost=4162787821.92  viol=2117245291.5792  obj=2121408079401.15
[Run 25 | Iter 224] iter_best: cost=4165463178.08  viol=2117245291.5792  obj=2121410754757.32 | gbest: cost=4162787821.92  viol=2117245291.5792  obj=2121408079401.15
[Run 25 | Iter 225] iter_best: cost=4164438041.10  viol=2117245291.5792  obj=2121409729620.33 | gbest: cost=4162787821.92  viol=2117245291.5792  obj=2121408079401.15
[Run 25 | Iter 226] iter_best: cost=4165463178.08  viol=2117245291.5792  obj=2121410754757.32 | gbest: cost=4162787821.92  viol=2117245291.5792  obj=2121408079401.15
[Run 25 | Iter 227] iter_best: cost=4164438041.10  viol=2117245291.5792  obj=2121409729620.33 | gbest: cost=4162787821.92  viol=2117245291.5792  obj=2121408079401.15
[Run 25 | Iter 228] iter_best: cost=4162787821.92  viol=2117245291.5792  obj=2121408079401.15 | gbest: cost=4162787821.92  viol=2117245291.5792  obj=2121408079401.15
[Run 25 | Iter 229] iter_best: cost=4162787821.92  viol=2117245291.5792  obj=2121408079401.15 | gbest: cost=4162787821.92  viol=2117245291.5792  obj=2121408079401.15
[Run 25 | FE 9216] best_local_obj=2121408079401.15  best_local_cost=4162787821.92  best_local_viol=2117245291.5792
[Run 25 | Iter 230] iter_best: cost=4162787821.92  viol=2117245291.5792  obj=2121408079401.15 | gbest: cost=4162787821.92  viol=2117245291.5792  obj=2121408079401.15
[Run 25 | Iter 231] iter_best: cost=4165113123.29  viol=2116135746.4077  obj=2120300859531.02 | gbest: cost=4165113123.29  viol=2116135746.4077  obj=2120300859531.02
[Run 25 | Iter 232] iter_best: cost=4166088260.27  viol=2115493198.5792  obj=2119659286839.51 | gbest: cost=4166088260.27  viol=2115493198.5792  obj=2119659286839.51
[Run 25 | Iter 233] iter_best: cost=4166088260.27  viol=2115493198.5792  obj=2119659286839.51 | gbest: cost=4166088260.27  viol=2115493198.5792  obj=2119659286839.51
[Run 25 | Iter 234] iter_best: cost=4167738479.45  viol=2115493198.5792  obj=2119660937058.69 | gbest: cost=4166088260.27  viol=2115493198.5792  obj=2119659286839.51
[Run 25 | Iter 235] iter_best: cost=4164438041.10  viol=2115493198.5792  obj=2119657636620.33 | gbest: cost=4164438041.10  viol=2115493198.5792  obj=2119657636620.33
[Run 25 | FE 9472] best_local_obj=2118687294547.40  best_local_cost=4167163397.26  best_local_viol=2114520131.1501
[Run 25 | Iter 236] iter_best: cost=4167163397.26  viol=2114520131.1501  obj=2118687294547.40 | gbest: cost=4167163397.26  viol=2114520131.1501  obj=2118687294547.40
[Run 25 | Iter 237] iter_best: cost=4165463178.08  viol=2114422576.5792  obj=2118588039757.32 | gbest: cost=4165463178.08  viol=2114422576.5792  obj=2118588039757.32
[Run 25 | Iter 238] iter_best: cost=4165463178.08  viol=2114422576.5792  obj=2118588039757.32 | gbest: cost=4165463178.08  viol=2114422576.5792  obj=2118588039757.32
[Run 25 | Iter 239] iter_best: cost=4168538589.04  viol=2114386966.4083  obj=2118555504997.38 | gbest: cost=4168538589.04  viol=2114386966.4083  obj=2118555504997.38
[Run 25 | Iter 240] iter_best: cost=4169163671.23  viol=2113479584.0593  obj=2117648747730.57 | gbest: cost=4169163671.23  viol=2113479584.0593  obj=2117648747730.57
[Run 25 | Iter 241] iter_best: cost=4170188808.22  viol=2113479584.0593  obj=2117649772867.56 | gbest: cost=4169163671.23  viol=2113479584.0593  obj=2117648747730.57
[Run 25 | Iter 242] iter_best: cost=4171839027.40  viol=2113479584.0593  obj=2117651423086.73 | gbest: cost=4169163671.23  viol=2113479584.0593  obj=2117648747730.57
[Run 25 | FE 9728] best_local_obj=2117648747730.57  best_local_cost=4169163671.23  best_local_viol=2113479584.0593
[Run 25 | Iter 243] iter_best: cost=4169163671.23  viol=2113479584.0593  obj=2117648747730.57 | gbest: cost=4169163671.23  viol=2113479584.0593  obj=2117648747730.57
[Run 25 | Iter 244] iter_best: cost=4169163671.23  viol=2113479584.0593  obj=2117648747730.57 | gbest: cost=4169163671.23  viol=2113479584.0593  obj=2117648747730.57
[Run 25 | Iter 245] iter_best: cost=4168138534.25  viol=2113479584.0593  obj=2117647722593.58 | gbest: cost=4168138534.25  viol=2113479584.0593  obj=2117647722593.58
[Run 25 | Iter 246] iter_best: cost=4168138534.25  viol=2113479584.0593  obj=2117647722593.58 | gbest: cost=4168138534.25  viol=2113479584.0593  obj=2117647722593.58
[Run 25 | Iter 247] iter_best: cost=4168138534.25  viol=2113479584.0593  obj=2117647722593.58 | gbest: cost=4168138534.25  viol=2113479584.0593  obj=2117647722593.58
[Run 25 | Iter 248] iter_best: cost=4168138534.25  viol=2113479584.0593  obj=2117647722593.58 | gbest: cost=4168138534.25  viol=2113479584.0593  obj=2117647722593.58
[Run 25 | FE 9984] best_local_obj=2117647722593.58  best_local_cost=4168138534.25  best_local_viol=2113479584.0593
[Run 25 | Iter 249] iter_best: cost=4168138534.25  viol=2113479584.0593  obj=2117647722593.58 | gbest: cost=4168138534.25  viol=2113479584.0593  obj=2117647722593.58
[Run 25 | Iter 250] iter_best: cost=4168138534.25  viol=2113479584.0593  obj=2117647722593.58 | gbest: cost=4168138534.25  viol=2113479584.0593  obj=2117647722593.58
[Run 25 | Iter 251] iter_best: cost=4168138534.25  viol=2113479584.0593  obj=2117647722593.58 | gbest: cost=4168138534.25  viol=2113479584.0593  obj=2117647722593.58
[Run 25 | Iter 252] iter_best: cost=4168138534.25  viol=2113479584.0593  obj=2117647722593.58 | gbest: cost=4168138534.25  viol=2113479584.0593  obj=2117647722593.58
[Run 25 | Iter 253] iter_best: cost=4168138534.25  viol=2113479584.0593  obj=2117647722593.58 | gbest: cost=4168138534.25  viol=2113479584.0593  obj=2117647722593.58
[Run 25 | Iter 254] iter_best: cost=4168138534.25  viol=2113479584.0593  obj=2117647722593.58 | gbest: cost=4168138534.25  viol=2113479584.0593  obj=2117647722593.58
[Run 25 | FE 10240] best_local_obj=2117647722593.58  best_local_cost=4168138534.25  best_local_viol=2113479584.0593
[Run 25 | Iter 255] iter_best: cost=4168138534.25  viol=2113479584.0593  obj=2117647722593.58 | gbest: cost=4168138534.25  viol=2113479584.0593  obj=2117647722593.58
[Run 25 | Iter 256] iter_best: cost=4168138534.25  viol=2113479584.0593  obj=2117647722593.58 | gbest: cost=4168138534.25  viol=2113479584.0593  obj=2117647722593.58
[Run 25 | Iter 257] iter_best: cost=4169163671.23  viol=2113392998.0197  obj=2117562161690.97 | gbest: cost=4169163671.23  viol=2113392998.0197  obj=2117562161690.97
[Run 25 | Iter 258] iter_best: cost=4169163671.23  viol=2113392998.0197  obj=2117562161690.97 | gbest: cost=4169163671.23  viol=2113392998.0197  obj=2117562161690.97
[Run 25 | Iter 259] iter_best: cost=4169163671.23  viol=2113392998.0197  obj=2117562161690.97 | gbest: cost=4169163671.23  viol=2113392998.0197  obj=2117562161690.97
[Run 25 | Iter 260] iter_best: cost=4169163671.23  viol=2113392998.0197  obj=2117562161690.97 | gbest: cost=4169163671.23  viol=2113392998.0197  obj=2117562161690.97
[Run 25 | Iter 261] iter_best: cost=4169163671.23  viol=2113392998.0197  obj=2117562161690.97 | gbest: cost=4169163671.23  viol=2113392998.0197  obj=2117562161690.97
[Run 25 | FE 10496] best_local_obj=2117562161690.97  best_local_cost=4169163671.23  best_local_viol=2113392998.0197
[Run 25 | Iter 262] iter_best: cost=4169163671.23  viol=2113392998.0197  obj=2117562161690.97 | gbest: cost=4169163671.23  viol=2113392998.0197  obj=2117562161690.97
[Run 25 | Iter 263] iter_best: cost=4169163671.23  viol=2113392998.0197  obj=2117562161690.97 | gbest: cost=4169163671.23  viol=2113392998.0197  obj=2117562161690.97
[Run 25 | Iter 264] iter_best: cost=4169163671.23  viol=2113392998.0197  obj=2117562161690.97 | gbest: cost=4169163671.23  viol=2113392998.0197  obj=2117562161690.97
[Run 25 | Iter 265] iter_best: cost=4169163671.23  viol=2113392998.0197  obj=2117562161690.97 | gbest: cost=4169163671.23  viol=2113392998.0197  obj=2117562161690.97
[Run 25 | Iter 266] iter_best: cost=4169163671.23  viol=2113392998.0197  obj=2117562161690.97 | gbest: cost=4169163671.23  viol=2113392998.0197  obj=2117562161690.97
[Run 25 | Iter 267] iter_best: cost=4169163671.23  viol=2113392998.0197  obj=2117562161690.97 | gbest: cost=4169163671.23  viol=2113392998.0197  obj=2117562161690.97
[Run 25 | FE 10752] best_local_obj=2117561136553.98  best_local_cost=4168138534.25  best_local_viol=2113392998.0197
[Run 25 | Iter 268] iter_best: cost=4168138534.25  viol=2113392998.0197  obj=2117561136553.98 | gbest: cost=4168138534.25  viol=2113392998.0197  obj=2117561136553.98
[Run 25 | Iter 269] iter_best: cost=4168138534.25  viol=2113392998.0197  obj=2117561136553.98 | gbest: cost=4168138534.25  viol=2113392998.0197  obj=2117561136553.98
[Run 25 | Iter 270] iter_best: cost=4168138534.25  viol=2113392998.0197  obj=2117561136553.98 | gbest: cost=4168138534.25  viol=2113392998.0197  obj=2117561136553.98
[Run 25 | Iter 271] iter_best: cost=4168138534.25  viol=2113392998.0197  obj=2117561136553.98 | gbest: cost=4168138534.25  viol=2113392998.0197  obj=2117561136553.98
[Run 25 | Iter 272] iter_best: cost=4168138534.25  viol=2113392998.0197  obj=2117561136553.98 | gbest: cost=4168138534.25  viol=2113392998.0197  obj=2117561136553.98
[Run 25 | Iter 273] iter_best: cost=4168138534.25  viol=2113392998.0197  obj=2117561136553.98 | gbest: cost=4168138534.25  viol=2113392998.0197  obj=2117561136553.98
[Run 25 | Iter 274] iter_best: cost=4167113397.26  viol=2113392998.0197  obj=2117560111417.00 | gbest: cost=4167113397.26  viol=2113392998.0197  obj=2117560111417.00
[Run 25 | FE 11008] best_local_obj=2117560111417.00  best_local_cost=4167113397.26  best_local_viol=2113392998.0197
[Run 25 | Iter 275] iter_best: cost=4167113397.26  viol=2113392998.0197  obj=2117560111417.00 | gbest: cost=4167113397.26  viol=2113392998.0197  obj=2117560111417.00
[Run 25 | Iter 276] iter_best: cost=4167113397.26  viol=2113392998.0197  obj=2117560111417.00 | gbest: cost=4167113397.26  viol=2113392998.0197  obj=2117560111417.00
[Run 25 | Iter 277] iter_best: cost=4167113397.26  viol=2113392998.0197  obj=2117560111417.00 | gbest: cost=4167113397.26  viol=2113392998.0197  obj=2117560111417.00
[Run 25 | Iter 278] iter_best: cost=4167113397.26  viol=2113392998.0197  obj=2117560111417.00 | gbest: cost=4167113397.26  viol=2113392998.0197  obj=2117560111417.00
[Run 25 | Iter 279] iter_best: cost=4167113397.26  viol=2113392998.0197  obj=2117560111417.00 | gbest: cost=4167113397.26  viol=2113392998.0197  obj=2117560111417.00
[Run 25 | Iter 280] iter_best: cost=4167113397.26  viol=2113392998.0197  obj=2117560111417.00 | gbest: cost=4167113397.26  viol=2113392998.0197  obj=2117560111417.00
[Run 25 | FE 11264] best_local_obj=2117560111417.00  best_local_cost=4167113397.26  best_local_viol=2113392998.0197
[Run 25 | Iter 281] iter_best: cost=4167113397.26  viol=2113392998.0197  obj=2117560111417.00 | gbest: cost=4167113397.26  viol=2113392998.0197  obj=2117560111417.00
[Run 25 | Iter 282] iter_best: cost=4167113397.26  viol=2113392998.0197  obj=2117560111417.00 | gbest: cost=4167113397.26  viol=2113392998.0197  obj=2117560111417.00
[Run 25 | Iter 283] iter_best: cost=4167113397.26  viol=2113392998.0197  obj=2117560111417.00 | gbest: cost=4167113397.26  viol=2113392998.0197  obj=2117560111417.00
[Run 25 | Iter 284] iter_best: cost=4167113397.26  viol=2113392998.0197  obj=2117560111417.00 | gbest: cost=4167113397.26  viol=2113392998.0197  obj=2117560111417.00
[Run 25 | Iter 285] iter_best: cost=4167113397.26  viol=2113392998.0197  obj=2117560111417.00 | gbest: cost=4167113397.26  viol=2113392998.0197  obj=2117560111417.00
[Run 25 | Iter 286] iter_best: cost=4167113397.26  viol=2113392998.0197  obj=2117560111417.00 | gbest: cost=4167113397.26  viol=2113392998.0197  obj=2117560111417.00
[Run 25 | FE 11520] best_local_obj=2117560111417.00  best_local_cost=4167113397.26  best_local_viol=2113392998.0197
[Run 25 | Iter 287] iter_best: cost=4167113397.26  viol=2113392998.0197  obj=2117560111417.00 | gbest: cost=4167113397.26  viol=2113392998.0197  obj=2117560111417.00
[Run 25 | Iter 288] iter_best: cost=4167113397.26  viol=2113392998.0197  obj=2117560111417.00 | gbest: cost=4167113397.26  viol=2113392998.0197  obj=2117560111417.00
[Run 25 | Iter 289] iter_best: cost=4167113397.26  viol=2113392998.0197  obj=2117560111417.00 | gbest: cost=4167113397.26  viol=2113392998.0197  obj=2117560111417.00
[Run 25 | Iter 290] iter_best: cost=4167113397.26  viol=2113392998.0197  obj=2117560111417.00 | gbest: cost=4167113397.26  viol=2113392998.0197  obj=2117560111417.00
[Run 25 | Iter 291] iter_best: cost=4167113397.26  viol=2113392998.0197  obj=2117560111417.00 | gbest: cost=4167113397.26  viol=2113392998.0197  obj=2117560111417.00
[Run 25 | Iter 292] iter_best: cost=4167113397.26  viol=2113392998.0197  obj=2117560111417.00 | gbest: cost=4167113397.26  viol=2113392998.0197  obj=2117560111417.00
[Run 25 | Iter 293] iter_best: cost=4167113397.26  viol=2113392998.0197  obj=2117560111417.00 | gbest: cost=4167113397.26  viol=2113392998.0197  obj=2117560111417.00
[Run 25 | FE 11776] best_local_obj=2117560111417.00  best_local_cost=4167113397.26  best_local_viol=2113392998.0197
[Run 25 | Iter 294] iter_best: cost=4167113397.26  viol=2113392998.0197  obj=2117560111417.00 | gbest: cost=4167113397.26  viol=2113392998.0197  obj=2117560111417.00
[Run 25 | Iter 295] iter_best: cost=4167113397.26  viol=2113392998.0197  obj=2117560111417.00 | gbest: cost=4167113397.26  viol=2113392998.0197  obj=2117560111417.00
[Run 25 | Iter 296] iter_best: cost=4167113397.26  viol=2113392998.0197  obj=2117560111417.00 | gbest: cost=4167113397.26  viol=2113392998.0197  obj=2117560111417.00
[Run 25 | Iter 297] iter_best: cost=4167113397.26  viol=2113392998.0197  obj=2117560111417.00 | gbest: cost=4167113397.26  viol=2113392998.0197  obj=2117560111417.00
[Run 25 | Iter 298] iter_best: cost=4167113397.26  viol=2113392998.0197  obj=2117560111417.00 | gbest: cost=4167113397.26  viol=2113392998.0197  obj=2117560111417.00
[Run 25 | Iter 299] iter_best: cost=4167113397.26  viol=2113392998.0197  obj=2117560111417.00 | gbest: cost=4167113397.26  viol=2113392998.0197  obj=2117560111417.00
[Run 25 | FE 12032] best_local_obj=2117560111417.00  best_local_cost=4167113397.26  best_local_viol=2113392998.0197
[Run 25 | Iter 300] iter_best: cost=4167113397.26  viol=2113392998.0197  obj=2117560111417.00 | gbest: cost=4167113397.26  viol=2113392998.0197  obj=2117560111417.00
[Run 25 | Iter 301] iter_best: cost=4167113397.26  viol=2113392998.0197  obj=2117560111417.00 | gbest: cost=4167113397.26  viol=2113392998.0197  obj=2117560111417.00
[Run 25 | Iter 302] iter_best: cost=4167113397.26  viol=2113392998.0197  obj=2117560111417.00 | gbest: cost=4167113397.26  viol=2113392998.0197  obj=2117560111417.00
[Run 25 | Iter 303] iter_best: cost=4167113397.26  viol=2113392998.0197  obj=2117560111417.00 | gbest: cost=4167113397.26  viol=2113392998.0197  obj=2117560111417.00
[Run 25 | Iter 304] iter_best: cost=4167113397.26  viol=2113392998.0197  obj=2117560111417.00 | gbest: cost=4167113397.26  viol=2113392998.0197  obj=2117560111417.00
[Run 25 | Iter 305] iter_best: cost=4167113397.26  viol=2113392998.0197  obj=2117560111417.00 | gbest: cost=4167113397.26  viol=2113392998.0197  obj=2117560111417.00
[Run 25 | Iter 306] iter_best: cost=4167113397.26  viol=2113392998.0197  obj=2117560111417.00 | gbest: cost=4167113397.26  viol=2113392998.0197  obj=2117560111417.00
[Run 25 | FE 12288] best_local_obj=2117560111417.00  best_local_cost=4167113397.26  best_local_viol=2113392998.0197
[Run 25 | Iter 307] iter_best: cost=4167113397.26  viol=2113392998.0197  obj=2117560111417.00 | gbest: cost=4167113397.26  viol=2113392998.0197  obj=2117560111417.00
[Run 25 | Iter 308] iter_best: cost=4167113397.26  viol=2113392998.0197  obj=2117560111417.00 | gbest: cost=4167113397.26  viol=2113392998.0197  obj=2117560111417.00
[Run 25 | Iter 309] iter_best: cost=4167113397.26  viol=2113392998.0197  obj=2117560111417.00 | gbest: cost=4167113397.26  viol=2113392998.0197  obj=2117560111417.00
[Run 25 | Iter 310] iter_best: cost=4167113397.26  viol=2113392998.0197  obj=2117560111417.00 | gbest: cost=4167113397.26  viol=2113392998.0197  obj=2117560111417.00
[Run 25 | Iter 311] iter_best: cost=4167113397.26  viol=2113392998.0197  obj=2117560111417.00 | gbest: cost=4167113397.26  viol=2113392998.0197  obj=2117560111417.00
[Run 25 | Iter 312] iter_best: cost=4167113397.26  viol=2113392998.0197  obj=2117560111417.00 | gbest: cost=4167113397.26  viol=2113392998.0197  obj=2117560111417.00
[Run 25 | FE 12544] best_local_obj=2117560111417.00  best_local_cost=4167113397.26  best_local_viol=2113392998.0197
[Run 25 | Iter 313] iter_best: cost=4167113397.26  viol=2113392998.0197  obj=2117560111417.00 | gbest: cost=4167113397.26  viol=2113392998.0197  obj=2117560111417.00
[Run 25 | Iter 314] iter_best: cost=4167113397.26  viol=2113392998.0197  obj=2117560111417.00 | gbest: cost=4167113397.26  viol=2113392998.0197  obj=2117560111417.00
[Run 25 | Iter 315] iter_best: cost=4167113397.26  viol=2113392998.0197  obj=2117560111417.00 | gbest: cost=4167113397.26  viol=2113392998.0197  obj=2117560111417.00
[Run 25 | Iter 316] iter_best: cost=4167113397.26  viol=2113392998.0197  obj=2117560111417.00 | gbest: cost=4167113397.26  viol=2113392998.0197  obj=2117560111417.00
[Run 25 | Iter 317] iter_best: cost=4167113397.26  viol=2113392998.0197  obj=2117560111417.00 | gbest: cost=4167113397.26  viol=2113392998.0197  obj=2117560111417.00
[Run 25 | Iter 318] iter_best: cost=4167113397.26  viol=2113392998.0197  obj=2117560111417.00 | gbest: cost=4167113397.26  viol=2113392998.0197  obj=2117560111417.00
[Run 25 | FE 12800] best_local_obj=2117560111417.00  best_local_cost=4167113397.26  best_local_viol=2113392998.0197
[Run 25 | Iter 319] iter_best: cost=4167113397.26  viol=2113392998.0197  obj=2117560111417.00 | gbest: cost=4167113397.26  viol=2113392998.0197  obj=2117560111417.00

[Stop] reached max_total_fe=12800.

[Run 25] best_global_cost=4167113397.2603, best_global_viol=2113392998.019737, best_global_obj=2117560111416.9968
[Done] summary=/work/home/acn1eb8nfq/yuezhang46/UScode/US实验一：横向对比/pso_global_logs/run_25_seed_1025/runs_summary.csv
