[RunConfig] run_id=13 seed=1013
[OutputDir] /work/home/acn1eb8nfq/yuezhang46/UScode/US实验一：横向对比/pso_global_logs/run_13_seed_1013
[Info] #nodes = 4301
[Load] Reading scenarios ...
  - 2020: raw edges=5296, days=366
  - 2025: raw edges=5296, days=365
  - 2030: raw edges=5296, days=365
  - 2035: raw edges=5296, days=365
  - 2040: raw edges=5296, days=366
[Filter] EDGE_WEIGHT_MIN=1.0
  - active_nodes=2914  inactive_nodes(fixed NONE)=1387
  - 2020: removed=2048, kept=3248
  - 2025: removed=2048, kept=3248
  - 2030: removed=2048, kept=3248
  - 2035: removed=2048, kept=3248
  - 2040: removed=2048, kept=3248
  - 2020: filtered edges (active subgraph)=3248
  - 2025: filtered edges (active subgraph)=3248
  - 2030: filtered edges (active subgraph)=3248
  - 2035: filtered edges (active subgraph)=3248
  - 2040: filtered edges (active subgraph)=3248
[PSO] Evaluate initial swarm ...
[PSO] Init snapshot: best_cost=1236122383.56  best_viol=3397293894.1088  best_obj=3398530016492.35
[PSO] Iterate ...
[Run 13 | Iter 1] iter_best: cost=1517386315.07  viol=3244608251.9634  obj=3246125638278.50 | gbest: cost=1517386315.07  viol=3244608251.9634  obj=3246125638278.50
[Run 13 | Iter 2] iter_best: cost=1818302383.56  viol=3077648109.2481  obj=3079466411631.66 | gbest: cost=1818302383.56  viol=3077648109.2481  obj=3079466411631.66
[Run 13 | Iter 3] iter_best: cost=2174449835.62  viol=2883564768.4482  obj=2885739218283.87 | gbest: cost=2174449835.62  viol=2883564768.4482  obj=2885739218283.87
[Run 13 | Iter 4] iter_best: cost=2582253972.60  viol=2715680594.4154  obj=2718262848388.04 | gbest: cost=2582253972.60  viol=2715680594.4154  obj=2718262848388.04
[Run 13 | Iter 5] iter_best: cost=2829686794.52  viol=2599053990.1772  obj=2601883676971.75 | gbest: cost=2829686794.52  viol=2599053990.1772  obj=2601883676971.75
[Run 13 | FE 256] best_local_obj=2528406186579.45  best_local_cost=3090796616.44  best_local_viol=2525315389.9630
[Run 13 | Iter 6] iter_best: cost=3094296890.41  viol=2520395797.6480  obj=2523490094538.39 | gbest: cost=3094296890.41  viol=2520395797.6480  obj=2523490094538.39
[Run 13 | Iter 7] iter_best: cost=3265619575.34  viol=2469011885.1840  obj=2472277504759.33 | gbest: cost=3265619575.34  viol=2469011885.1840  obj=2472277504759.33
[Run 13 | Iter 8] iter_best: cost=3399187219.18  viol=2420589248.3487  obj=2423988435567.86 | gbest: cost=3399187219.18  viol=2420589248.3487  obj=2423988435567.86
[Run 13 | Iter 9] iter_best: cost=3486623753.42  viol=2386326185.6156  obj=2389812809369.06 | gbest: cost=3486623753.42  viol=2386326185.6156  obj=2389812809369.06
[Run 13 | Iter 10] iter_best: cost=3545381424.66  viol=2367128594.5079  obj=2370673975932.51 | gbest: cost=3545381424.66  viol=2367128594.5079  obj=2370673975932.51
[Run 13 | Iter 11] iter_best: cost=3595863082.19  viol=2352404942.3607  obj=2356000805442.84 | gbest: cost=3595863082.19  viol=2352404942.3607  obj=2356000805442.84
[Run 13 | FE 512] best_local_obj=2345293857327.03  best_local_cost=3652020479.45  best_local_viol=2341641836.8476
[Run 13 | Iter 12] iter_best: cost=3652020479.45  viol=2341641836.8476  obj=2345293857327.03 | gbest: cost=3652020479.45  viol=2341641836.8476  obj=2345293857327.03
[Run 13 | Iter 13] iter_best: cost=3667047369.86  viol=2332025406.0825  obj=2335692453452.34 | gbest: cost=3667047369.86  viol=2332025406.0825  obj=2335692453452.34
[Run 13 | Iter 14] iter_best: cost=3710928095.89  viol=2315430630.0578  obj=2319141558153.68 | gbest: cost=3710928095.89  viol=2315430630.0578  obj=2319141558153.68
[Run 13 | Iter 15] iter_best: cost=3731530835.62  viol=2304812719.6945  obj=2308544250530.11 | gbest: cost=3731530835.62  viol=2304812719.6945  obj=2308544250530.11
[Run 13 | Iter 16] iter_best: cost=3766910465.75  viol=2297581115.3699  obj=2301348025835.63 | gbest: cost=3766910465.75  viol=2297581115.3699  obj=2301348025835.63
[Run 13 | Iter 17] iter_best: cost=3770510849.32  viol=2294638603.1415  obj=2298409113990.79 | gbest: cost=3770510849.32  viol=2294638603.1415  obj=2298409113990.79
[Run 13 | Iter 18] iter_best: cost=3776011561.64  viol=2294348785.4013  obj=2298124796962.90 | gbest: cost=3776011561.64  viol=2294348785.4013  obj=2298124796962.90
[Run 13 | FE 768] best_local_obj=2293762894956.68  best_local_cost=3790638452.05  best_local_viol=2289972256.5046
[Run 13 | Iter 19] iter_best: cost=3770460794.52  viol=2287742054.4525  obj=2291512515247.02 | gbest: cost=3770460794.52  viol=2287742054.4525  obj=2291512515247.02
[Run 13 | Iter 20] iter_best: cost=3794288945.21  viol=2283141597.5513  obj=2286935886496.54 | gbest: cost=3794288945.21  viol=2283141597.5513  obj=2286935886496.54
[Run 13 | Iter 21] iter_best: cost=3785237739.73  viol=2283983554.6552  obj=2287768792394.89 | gbest: cost=3794288945.21  viol=2283141597.5513  obj=2286935886496.54
[Run 13 | Iter 22] iter_best: cost=3811766273.97  viol=2280676057.4692  obj=2284487823743.21 | gbest: cost=3811766273.97  viol=2280676057.4692  obj=2284487823743.21
[Run 13 | Iter 23] iter_best: cost=3809290972.60  viol=2281898209.6069  obj=2285707500579.54 | gbest: cost=3811766273.97  viol=2280676057.4692  obj=2284487823743.21
[Run 13 | Iter 24] iter_best: cost=3813941575.34  viol=2281057094.6299  obj=2284871036205.28 | gbest: cost=3811766273.97  viol=2280676057.4692  obj=2284487823743.21
[Run 13 | FE 1024] best_local_obj=2280825223348.44  best_local_cost=3809791027.40  best_local_viol=2277015432.3210
[Run 13 | Iter 25] iter_best: cost=3809791027.40  viol=2277015432.3210  obj=2280825223348.44 | gbest: cost=3809791027.40  viol=2277015432.3210  obj=2280825223348.44
[Run 13 | Iter 26] iter_best: cost=3817892123.29  viol=2271366522.9425  obj=2275184415065.76 | gbest: cost=3817892123.29  viol=2271366522.9425  obj=2275184415065.76
[Run 13 | Iter 27] iter_best: cost=3810391082.19  viol=2266500786.2899  obj=2270311177372.08 | gbest: cost=3810391082.19  viol=2266500786.2899  obj=2270311177372.08
[Run 13 | Iter 28] iter_best: cost=3841695246.58  viol=2263001464.3623  obj=2266843159608.84 | gbest: cost=3841695246.58  viol=2263001464.3623  obj=2266843159608.84
[Run 13 | Iter 29] iter_best: cost=3830268684.93  viol=2263898503.5446  obj=2267728772229.50 | gbest: cost=3841695246.58  viol=2263001464.3623  obj=2266843159608.84
[Run 13 | Iter 30] iter_best: cost=3837344698.63  viol=2262824372.0930  obj=2266661716791.61 | gbest: cost=3837344698.63  viol=2262824372.0930  obj=2266661716791.61
[Run 13 | FE 1280] best_local_obj=2265683615741.68  best_local_cost=3847971095.89  best_local_viol=2261835644.6458
[Run 13 | Iter 31] iter_best: cost=3847971095.89  viol=2261835644.6458  obj=2265683615741.68 | gbest: cost=3847971095.89  viol=2261835644.6458  obj=2265683615741.68
[Run 13 | Iter 32] iter_best: cost=3845245684.93  viol=2260795751.7010  obj=2264640997385.89 | gbest: cost=3845245684.93  viol=2260795751.7010  obj=2264640997385.89
[Run 13 | Iter 33] iter_best: cost=3843545465.75  viol=2258186793.1788  obj=2262030338644.51 | gbest: cost=3843545465.75  viol=2258186793.1788  obj=2262030338644.51
[Run 13 | Iter 34] iter_best: cost=3842395301.37  viol=2259350788.3642  obj=2263193183665.52 | gbest: cost=3843545465.75  viol=2258186793.1788  obj=2262030338644.51
[Run 13 | Iter 35] iter_best: cost=3846770931.51  viol=2253813052.6796  obj=2257659823611.06 | gbest: cost=3846770931.51  viol=2253813052.6796  obj=2257659823611.06
[Run 13 | Iter 36] iter_best: cost=3838969835.62  viol=2255039302.7426  obj=2258878272578.24 | gbest: cost=3846770931.51  viol=2253813052.6796  obj=2257659823611.06
[Run 13 | Iter 37] iter_best: cost=3850571369.86  viol=2252520776.2074  obj=2256371347577.23 | gbest: cost=3850571369.86  viol=2252520776.2074  obj=2256371347577.23
[Run 13 | FE 1536] best_local_obj=2256308385311.77  best_local_cost=3847545958.90  best_local_viol=2252460839.3529
[Run 13 | Iter 38] iter_best: cost=3849696232.88  viol=2251565378.5545  obj=2255415074787.36 | gbest: cost=3849696232.88  viol=2251565378.5545  obj=2255415074787.36
[Run 13 | Iter 39] iter_best: cost=3847770931.51  viol=2251282448.1545  obj=2255130219086.00 | gbest: cost=3847770931.51  viol=2251282448.1545  obj=2255130219086.00
[Run 13 | Iter 40] iter_best: cost=3847520986.30  viol=2250036010.1369  obj=2253883531123.19 | gbest: cost=3847520986.30  viol=2250036010.1369  obj=2253883531123.19
[Run 13 | Iter 41] iter_best: cost=3857697328.77  viol=2242177155.5554  obj=2246034852884.16 | gbest: cost=3857697328.77  viol=2242177155.5554  obj=2246034852884.16
[Run 13 | Iter 42] iter_best: cost=3860722739.73  viol=2241904004.4537  obj=2245764727193.42 | gbest: cost=3860722739.73  viol=2241904004.4537  obj=2245764727193.42
[Run 13 | Iter 43] iter_best: cost=3865523342.47  viol=2237464229.2282  obj=2241329752570.65 | gbest: cost=3865523342.47  viol=2237464229.2282  obj=2241329752570.65
[Run 13 | FE 1792] best_local_obj=2238577469995.58  best_local_cost=3871274054.79  best_local_viol=2234706195.9408
[Run 13 | Iter 44] iter_best: cost=3876774821.92  viol=2234675305.8752  obj=2238552080697.10 | gbest: cost=3876774821.92  viol=2234675305.8752  obj=2238552080697.10
[Run 13 | Iter 45] iter_best: cost=3881150397.26  viol=2232221602.0472  obj=2236102752444.44 | gbest: cost=3881150397.26  viol=2232221602.0472  obj=2236102752444.44
[Run 13 | Iter 46] iter_best: cost=3889101438.36  viol=2229174417.6357  obj=2233063519074.03 | gbest: cost=3889101438.36  viol=2229174417.6357  obj=2233063519074.03
[Run 13 | Iter 47] iter_best: cost=3909904178.08  viol=2224847914.3669  obj=2228757818544.97 | gbest: cost=3909904178.08  viol=2224847914.3669  obj=2228757818544.97
[Run 13 | Iter 48] iter_best: cost=3902603246.58  viol=2222741709.6580  obj=2226644312904.56 | gbest: cost=3902603246.58  viol=2222741709.6580  obj=2226644312904.56
[Run 13 | Iter 49] iter_best: cost=3905303575.34  viol=2225140026.2766  obj=2229045329851.93 | gbest: cost=3902603246.58  viol=2222741709.6580  obj=2226644312904.56
[Run 13 | Iter 50] iter_best: cost=3915404945.21  viol=2223923725.2176  obj=2227839130162.78 | gbest: cost=3902603246.58  viol=2222741709.6580  obj=2226644312904.56
[Run 13 | FE 2048] best_local_obj=2226644312904.56  best_local_cost=3902603246.58  best_local_viol=2222741709.6580
[Run 13 | Iter 51] iter_best: cost=3898752698.63  viol=2222874364.2372  obj=2226773116935.82 | gbest: cost=3902603246.58  viol=2222741709.6580  obj=2226644312904.56
[Run 13 | Iter 52] iter_best: cost=3893927068.49  viol=2223537959.2925  obj=2227431886360.98 | gbest: cost=3902603246.58  viol=2222741709.6580  obj=2226644312904.56
[Run 13 | Iter 53] iter_best: cost=3904903520.55  viol=2223809144.0945  obj=2227714047615.03 | gbest: cost=3902603246.58  viol=2222741709.6580  obj=2226644312904.56
[Run 13 | Iter 54] iter_best: cost=3907078821.92  viol=2219544229.2115  obj=2223451308033.38 | gbest: cost=3907078821.92  viol=2219544229.2115  obj=2223451308033.38
[Run 13 | Iter 55] iter_best: cost=3904353465.75  viol=2220760733.5459  obj=2224665087011.62 | gbest: cost=3907078821.92  viol=2219544229.2115  obj=2223451308033.38
[Run 13 | Iter 56] iter_best: cost=3898302589.04  viol=2221524412.6814  obj=2225422715270.40 | gbest: cost=3907078821.92  viol=2219544229.2115  obj=2223451308033.38
[Run 13 | FE 2304] best_local_obj=2223451308033.38  best_local_cost=3907078821.92  best_local_viol=2219544229.2115
[Run 13 | Iter 57] iter_best: cost=3905053520.55  viol=2220579716.3891  obj=2224484769909.61 | gbest: cost=3907078821.92  viol=2219544229.2115  obj=2223451308033.38
[Run 13 | Iter 58] iter_best: cost=3911304397.26  viol=2218990018.6402  obj=2222901323037.43 | gbest: cost=3911304397.26  viol=2218990018.6402  obj=2222901323037.43
[Run 13 | Iter 59] iter_best: cost=3913204671.23  viol=2217145961.5882  obj=2221059166259.42 | gbest: cost=3913204671.23  viol=2217145961.5882  obj=2221059166259.42
[Run 13 | Iter 60] iter_best: cost=3922355821.92  viol=2217090542.8415  obj=2221012898663.40 | gbest: cost=3922355821.92  viol=2217090542.8415  obj=2221012898663.40
[Run 13 | Iter 61] iter_best: cost=3922430849.32  viol=2215519066.1699  obj=2219441497019.18 | gbest: cost=3922430849.32  viol=2215519066.1699  obj=2219441497019.18
[Run 13 | Iter 62] iter_best: cost=3917055109.59  viol=2215871511.9200  obj=2219788567029.58 | gbest: cost=3922430849.32  viol=2215519066.1699  obj=2219441497019.18
[Run 13 | FE 2560] best_local_obj=2219246420479.47  best_local_cost=3924906150.68  best_local_viol=2215321514.3288
[Run 13 | Iter 63] iter_best: cost=3924906150.68  viol=2215321514.3288  obj=2219246420479.47 | gbest: cost=3924906150.68  viol=2215321514.3288  obj=2219246420479.47
[Run 13 | Iter 64] iter_best: cost=3923380958.90  viol=2210329403.1469  obj=2214252784105.79 | gbest: cost=3923380958.90  viol=2210329403.1469  obj=2214252784105.79
[Run 13 | Iter 65] iter_best: cost=3929856808.22  viol=2210866276.0621  obj=2214796132870.31 | gbest: cost=3923380958.90  viol=2210329403.1469  obj=2214252784105.79
[Run 13 | Iter 66] iter_best: cost=3932032054.79  viol=2209405122.3209  obj=2213337154375.68 | gbest: cost=3932032054.79  viol=2209405122.3209  obj=2213337154375.68
[Run 13 | Iter 67] iter_best: cost=3938882986.30  viol=2205721403.0757  obj=2209660286061.99 | gbest: cost=3938882986.30  viol=2205721403.0757  obj=2209660286061.99
[Run 13 | Iter 68] iter_best: cost=3932757136.99  viol=2203545219.5846  obj=2207477976721.57 | gbest: cost=3932757136.99  viol=2203545219.5846  obj=2207477976721.57
[Run 13 | Iter 69] iter_best: cost=3942558452.05  viol=2206220995.9512  obj=2210163554403.24 | gbest: cost=3932757136.99  viol=2203545219.5846  obj=2207477976721.57
[Run 13 | FE 2816] best_local_obj=2207477976721.57  best_local_cost=3932757136.99  best_local_viol=2203545219.5846
[Run 13 | Iter 70] iter_best: cost=3935032438.36  viol=2202647806.5945  obj=2206582839032.84 | gbest: cost=3935032438.36  viol=2202647806.5945  obj=2206582839032.84
[Run 13 | Iter 71] iter_best: cost=3936332602.74  viol=2203344413.9178  obj=2207280746520.53 | gbest: cost=3935032438.36  viol=2202647806.5945  obj=2206582839032.84
[Run 13 | Iter 72] iter_best: cost=3942333424.66  viol=2201274805.4222  obj=2205217138846.84 | gbest: cost=3942333424.66  viol=2201274805.4222  obj=2205217138846.84
[Run 13 | Iter 73] iter_best: cost=3938007849.32  viol=2201237533.4362  obj=2205175541285.50 | gbest: cost=3938007849.32  viol=2201237533.4362  obj=2205175541285.50
[Run 13 | Iter 74] iter_best: cost=3938507904.11  viol=2202235715.0184  obj=2206174222922.50 | gbest: cost=3938007849.32  viol=2201237533.4362  obj=2205175541285.50
[Run 13 | Iter 75] iter_best: cost=3945733863.01  viol=2199870726.3712  obj=2203816460234.20 | gbest: cost=3945733863.01  viol=2199870726.3712  obj=2203816460234.20
[Run 13 | FE 3072] best_local_obj=2200797814905.78  best_local_cost=3947009054.79  best_local_viol=2196850805.8510
[Run 13 | Iter 76] iter_best: cost=3947009054.79  viol=2196850805.8510  obj=2200797814905.78 | gbest: cost=3947009054.79  viol=2196850805.8510  obj=2200797814905.78
[Run 13 | Iter 77] iter_best: cost=3937657794.52  viol=2197706273.6409  obj=2201643931435.41 | gbest: cost=3947009054.79  viol=2196850805.8510  obj=2200797814905.78
[Run 13 | Iter 78] iter_best: cost=3943933643.84  viol=2196666155.6251  obj=2200610089268.89 | gbest: cost=3943933643.84  viol=2196666155.6251  obj=2200610089268.89
[Run 13 | Iter 79] iter_best: cost=3946659000.00  viol=2197281280.8230  obj=2201227939822.99 | gbest: cost=3943933643.84  viol=2196666155.6251  obj=2200610089268.89
[Run 13 | Iter 80] iter_best: cost=3942333424.66  viol=2197064901.7236  obj=2201007235148.21 | gbest: cost=3943933643.84  viol=2196666155.6251  obj=2200610089268.89
[Run 13 | Iter 81] iter_best: cost=3939258013.70  viol=2197415998.7535  obj=2201355256767.16 | gbest: cost=3943933643.84  viol=2196666155.6251  obj=2200610089268.89
[Run 13 | Iter 82] iter_best: cost=3950209493.15  viol=2196223522.1495  obj=2200173731642.64 | gbest: cost=3950209493.15  viol=2196223522.1495  obj=2200173731642.64
[Run 13 | FE 3328] best_local_obj=2200173731642.64  best_local_cost=3950209493.15  best_local_viol=2196223522.1495
[Run 13 | Iter 83] iter_best: cost=3947134082.19  viol=2196038972.6379  obj=2199986106720.08 | gbest: cost=3947134082.19  viol=2196038972.6379  obj=2199986106720.08
[Run 13 | Iter 84] iter_best: cost=3952634794.52  viol=2194013182.8299  obj=2197965817624.38 | gbest: cost=3952634794.52  viol=2194013182.8299  obj=2197965817624.38
[Run 13 | Iter 85] iter_best: cost=3955260150.68  viol=2193405192.7447  obj=2197360452895.34 | gbest: cost=3955260150.68  viol=2193405192.7447  obj=2197360452895.34
[Run 13 | Iter 86] iter_best: cost=3952259767.12  viol=2192306666.5503  obj=2196258926317.41 | gbest: cost=3952259767.12  viol=2192306666.5503  obj=2196258926317.41
[Run 13 | Iter 87] iter_best: cost=3954260041.10  viol=2191414969.1463  obj=2195369229187.38 | gbest: cost=3954260041.10  viol=2191414969.1463  obj=2195369229187.38
[Run 13 | Iter 88] iter_best: cost=3953384904.11  viol=2191562972.8143  obj=2195516357718.40 | gbest: cost=3954260041.10  viol=2191414969.1463  obj=2195369229187.38
[Run 13 | FE 3584] best_local_obj=2195335708900.15  best_local_cost=3947009054.79  best_local_viol=2191388699.8454
[Run 13 | Iter 89] iter_best: cost=3955610205.48  viol=2190694772.3626  obj=2194650382568.07 | gbest: cost=3955610205.48  viol=2190694772.3626  obj=2194650382568.07
[Run 13 | Iter 90] iter_best: cost=3965411520.55  viol=2189420067.9256  obj=2193385479446.13 | gbest: cost=3965411520.55  viol=2189420067.9256  obj=2193385479446.13
[Run 13 | Iter 91] iter_best: cost=3958460589.04  viol=2189959543.9689  obj=2193918004557.93 | gbest: cost=3965411520.55  viol=2189420067.9256  obj=2193385479446.13
[Run 13 | Iter 92] iter_best: cost=3962736164.38  viol=2190715964.5854  obj=2194678700749.74 | gbest: cost=3965411520.55  viol=2189420067.9256  obj=2193385479446.13
[Run 13 | Iter 93] iter_best: cost=3962686164.38  viol=2189420067.9206  obj=2193382754084.97 | gbest: cost=3962686164.38  viol=2189420067.9206  obj=2193382754084.97
[Run 13 | Iter 94] iter_best: cost=3964386383.56  viol=2189176024.2990  obj=2193140410682.55 | gbest: cost=3964386383.56  viol=2189176024.2990  obj=2193140410682.55
[Run 13 | FE 3840] best_local_obj=2192196350836.26  best_local_cost=3963711301.37  best_local_viol=2188232639.5349
[Run 13 | Iter 95] iter_best: cost=3963711301.37  viol=2188232639.5349  obj=2192196350836.26 | gbest: cost=3963711301.37  viol=2188232639.5349  obj=2192196350836.26
[Run 13 | Iter 96] iter_best: cost=3969012013.70  viol=2188466814.8661  obj=2192435826879.79 | gbest: cost=3963711301.37  viol=2188232639.5349  obj=2192196350836.26
[Run 13 | Iter 97] iter_best: cost=3963611301.37  viol=2188685372.6270  obj=2192648983928.36 | gbest: cost=3963711301.37  viol=2188232639.5349  obj=2192196350836.26
[Run 13 | Iter 98] iter_best: cost=3966086602.74  viol=2188723694.3834  obj=2192689780986.13 | gbest: cost=3963711301.37  viol=2188232639.5349  obj=2192196350836.26
[Run 13 | Iter 99] iter_best: cost=3971462342.47  viol=2187332181.3353  obj=2191303643677.75 | gbest: cost=3971462342.47  viol=2187332181.3353  obj=2191303643677.75
[Run 13 | Iter 100] iter_best: cost=3967286767.12  viol=2187165820.1253  obj=2191133106892.41 | gbest: cost=3967286767.12  viol=2187165820.1253  obj=2191133106892.41
[Run 13 | Iter 101] iter_best: cost=3966611684.93  viol=2187887001.2206  obj=2191853612905.52 | gbest: cost=3967286767.12  viol=2187165820.1253  obj=2191133106892.41
[Run 13 | FE 4096] best_local_obj=2191133106892.41  best_local_cost=3967286767.12  best_local_viol=2187165820.1253
[Run 13 | Iter 102] iter_best: cost=3969087041.10  viol=2187134010.5175  obj=2191103097558.58 | gbest: cost=3969087041.10  viol=2187134010.5175  obj=2191103097558.58
[Run 13 | Iter 103] iter_best: cost=3968561958.90  viol=2186767169.2200  obj=2190735731178.89 | gbest: cost=3968561958.90  viol=2186767169.2200  obj=2190735731178.89
[Run 13 | Iter 104] iter_best: cost=3966961739.73  viol=2186387947.9271  obj=2190354909666.78 | gbest: cost=3966961739.73  viol=2186387947.9271  obj=2190354909666.78
[Run 13 | Iter 105] iter_best: cost=3967636821.92  viol=2186249082.2787  obj=2190216719100.60 | gbest: cost=3967636821.92  viol=2186249082.2787  obj=2190216719100.60
[Run 13 | Iter 106] iter_best: cost=3972012397.26  viol=2184948833.0694  obj=2188920845466.62 | gbest: cost=3972012397.26  viol=2184948833.0694  obj=2188920845466.62
[Run 13 | Iter 107] iter_best: cost=3974637753.42  viol=2183687435.0409  obj=2187662072794.28 | gbest: cost=3974637753.42  viol=2183687435.0409  obj=2187662072794.28
[Run 13 | FE 4352] best_local_obj=2187018178786.41  best_local_cost=3972762506.85  best_local_viol=2183045416.2796
[Run 13 | Iter 108] iter_best: cost=3972762506.85  viol=2183045416.2796  obj=2187018178786.41 | gbest: cost=3972762506.85  viol=2183045416.2796  obj=2187018178786.41
[Run 13 | Iter 109] iter_best: cost=3972062397.26  viol=2182542183.9640  obj=2186514246361.22 | gbest: cost=3972062397.26  viol=2182542183.9640  obj=2186514246361.22
[Run 13 | Iter 110] iter_best: cost=3969837095.89  viol=2181750048.7326  obj=2185719885828.45 | gbest: cost=3969837095.89  viol=2181750048.7326  obj=2185719885828.45
[Run 13 | Iter 111] iter_best: cost=3974237698.63  viol=2181134478.0214  obj=2185108715719.99 | gbest: cost=3974237698.63  viol=2181134478.0214  obj=2185108715719.99
[Run 13 | Iter 112] iter_best: cost=3978038191.78  viol=2179831398.6859  obj=2183809436877.64 | gbest: cost=3978038191.78  viol=2179831398.6859  obj=2183809436877.64
[Run 13 | Iter 113] iter_best: cost=3974387698.63  viol=2180898804.0958  obj=2184873191794.39 | gbest: cost=3978038191.78  viol=2179831398.6859  obj=2183809436877.64
[Run 13 | Iter 114] iter_best: cost=3975062780.82  viol=2179766928.7230  obj=2183741991503.78 | gbest: cost=3975062780.82  viol=2179766928.7230  obj=2183741991503.78
[Run 13 | FE 4608] best_local_obj=2183285445752.54  best_local_cost=3977888191.78  best_local_viol=2179307557.5608
[Run 13 | Iter 115] iter_best: cost=3977888191.78  viol=2179307557.5608  obj=2183285445752.54 | gbest: cost=3977888191.78  viol=2179307557.5608  obj=2183285445752.54
[Run 13 | Iter 116] iter_best: cost=3987289452.05  viol=2177492765.7188  obj=2181480055170.81 | gbest: cost=3987289452.05  viol=2177492765.7188  obj=2181480055170.81
[Run 13 | Iter 117] iter_best: cost=3981013602.74  viol=2178441465.3511  obj=2182422478953.80 | gbest: cost=3987289452.05  viol=2177492765.7188  obj=2181480055170.81
[Run 13 | Iter 118] iter_best: cost=3982613821.92  viol=2178772673.2658  obj=2182755287087.67 | gbest: cost=3987289452.05  viol=2177492765.7188  obj=2181480055170.81
[Run 13 | Iter 119] iter_best: cost=3983238904.11  viol=2178427001.0307  obj=2182410239934.77 | gbest: cost=3987289452.05  viol=2177492765.7188  obj=2181480055170.81
[Run 13 | Iter 120] iter_best: cost=3987964534.25  viol=2177785562.4540  obj=2181773526988.20 | gbest: cost=3987289452.05  viol=2177492765.7188  obj=2181480055170.81
[Run 13 | FE 4864] best_local_obj=2181480055170.81  best_local_cost=3987289452.05  best_local_viol=2177492765.7188
[Run 13 | Iter 121] iter_best: cost=3988014534.25  viol=2178737036.6159  obj=2182725051150.10 | gbest: cost=3987289452.05  viol=2177492765.7188  obj=2181480055170.81
[Run 13 | Iter 122] iter_best: cost=3986939397.26  viol=2178135352.4492  obj=2182122291846.42 | gbest: cost=3987289452.05  viol=2177492765.7188  obj=2181480055170.81
[Run 13 | Iter 123] iter_best: cost=3987964534.25  viol=2177492765.7188  obj=2181480730253.00 | gbest: cost=3987289452.05  viol=2177492765.7188  obj=2181480055170.81
[Run 13 | Iter 124] iter_best: cost=3987289452.05  viol=2177157636.3949  obj=2181144925846.91 | gbest: cost=3987289452.05  viol=2177157636.3949  obj=2181144925846.91
[Run 13 | Iter 125] iter_best: cost=3987339452.05  viol=2177256277.5840  obj=2181243617036.01 | gbest: cost=3987289452.05  viol=2177157636.3949  obj=2181144925846.91
[Run 13 | Iter 126] iter_best: cost=3988939671.23  viol=2177157636.3949  obj=2181146576066.09 | gbest: cost=3987289452.05  viol=2177157636.3949  obj=2181144925846.91
[Run 13 | FE 5120] best_local_obj=2181144925846.91  best_local_cost=3987289452.05  best_local_viol=2177157636.3949
[Run 13 | Iter 127] iter_best: cost=3985239178.08  viol=2177492765.7188  obj=2181478004896.84 | gbest: cost=3987289452.05  viol=2177157636.3949  obj=2181144925846.91
[Run 13 | Iter 128] iter_best: cost=3988314589.04  viol=2177157636.3949  obj=2181145950983.90 | gbest: cost=3987289452.05  viol=2177157636.3949  obj=2181144925846.91
[Run 13 | Iter 129] iter_best: cost=3991615027.40  viol=2177144828.5828  obj=2181136443610.15 | gbest: cost=3991615027.40  viol=2177144828.5828  obj=2181136443610.15
[Run 13 | Iter 130] iter_best: cost=3992640164.38  viol=2177131374.6539  obj=2181124014818.24 | gbest: cost=3992640164.38  viol=2177131374.6539  obj=2181124014818.24
[Run 13 | Iter 131] iter_best: cost=3988539616.44  viol=2177144828.5828  obj=2181133368199.20 | gbest: cost=3992640164.38  viol=2177131374.6539  obj=2181124014818.24
[Run 13 | Iter 132] iter_best: cost=3992640164.38  viol=2176965486.0995  obj=2180958126263.84 | gbest: cost=3992640164.38  viol=2176965486.0995  obj=2180958126263.84
[Run 13 | Iter 133] iter_best: cost=3988939671.23  viol=2177131374.6539  obj=2181120314325.09 | gbest: cost=3992640164.38  viol=2176965486.0995  obj=2180958126263.84
[Run 13 | FE 5376] best_local_obj=2180951750414.53  best_local_cost=3986264315.07  best_local_viol=2176965486.0995
[Run 13 | Iter 134] iter_best: cost=3986264315.07  viol=2176965486.0995  obj=2180951750414.53 | gbest: cost=3986264315.07  viol=2176965486.0995  obj=2180951750414.53
[Run 13 | Iter 135] iter_best: cost=3989564753.42  viol=2176965486.0995  obj=2180955050852.88 | gbest: cost=3986264315.07  viol=2176965486.0995  obj=2180951750414.53
[Run 13 | Iter 136] iter_best: cost=3990989945.21  viol=2176022421.1503  obj=2180013411095.46 | gbest: cost=3990989945.21  viol=2176022421.1503  obj=2180013411095.46
[Run 13 | Iter 137] iter_best: cost=3987914534.25  viol=2176690429.9948  obj=2180678344529.00 | gbest: cost=3990989945.21  viol=2176022421.1503  obj=2180013411095.46
[Run 13 | Iter 138] iter_best: cost=3989039671.23  viol=2176731585.7212  obj=2180720625392.39 | gbest: cost=3990989945.21  viol=2176022421.1503  obj=2180013411095.46
[Run 13 | Iter 139] iter_best: cost=3991665027.40  viol=2176559532.2555  obj=2180551197282.85 | gbest: cost=3990989945.21  viol=2176022421.1503  obj=2180013411095.46
[Run 13 | FE 5632] best_local_obj=2180013411095.46  best_local_cost=3990989945.21  best_local_viol=2176022421.1503
[Run 13 | Iter 140] iter_best: cost=3991615027.40  viol=2176524541.6374  obj=2180516156664.75 | gbest: cost=3990989945.21  viol=2176022421.1503  obj=2180013411095.46
[Run 13 | Iter 141] iter_best: cost=3988939671.23  viol=2176629253.8538  obj=2180618193524.99 | gbest: cost=3990989945.21  viol=2176022421.1503  obj=2180013411095.46
[Run 13 | Iter 142] iter_best: cost=3990389835.62  viol=2175015099.6363  obj=2179005489471.87 | gbest: cost=3990389835.62  viol=2175015099.6363  obj=2179005489471.87
[Run 13 | Iter 143] iter_best: cost=3991364972.60  viol=2173066127.5954  obj=2177057492567.96 | gbest: cost=3991364972.60  viol=2173066127.5954  obj=2177057492567.96
[Run 13 | Iter 144] iter_best: cost=3992340109.59  viol=2174127872.7556  obj=2178120212865.15 | gbest: cost=3991364972.60  viol=2173066127.5954  obj=2177057492567.96
[Run 13 | Iter 145] iter_best: cost=3995015465.75  viol=2172958684.9841  obj=2176953700449.81 | gbest: cost=3995015465.75  viol=2172958684.9841  obj=2176953700449.81
[Run 13 | Iter 146] iter_best: cost=3998615958.90  viol=2172628237.6093  obj=2176626853568.16 | gbest: cost=3998615958.90  viol=2172628237.6093  obj=2176626853568.16
[Run 13 | FE 5888] best_local_obj=2176626853568.16  best_local_cost=3998615958.90  best_local_viol=2172628237.6093
[Run 13 | Iter 147] iter_best: cost=4002191424.66  viol=2171135856.3654  obj=2175138047790.01 | gbest: cost=4002191424.66  viol=2171135856.3654  obj=2175138047790.01
[Run 13 | Iter 148] iter_best: cost=3999516068.49  viol=2170616086.0000  obj=2174615602068.45 | gbest: cost=3999516068.49  viol=2170616086.0000  obj=2174615602068.45
[Run 13 | Iter 149] iter_best: cost=4003216561.64  viol=2170878725.0746  obj=2174881941636.20 | gbest: cost=3999516068.49  viol=2170616086.0000  obj=2174615602068.45
[Run 13 | Iter 150] iter_best: cost=4005266835.62  viol=2169769486.7342  obj=2173774753569.77 | gbest: cost=4005266835.62  viol=2169769486.7342  obj=2173774753569.77
[Run 13 | Iter 151] iter_best: cost=4009192356.16  viol=2169909113.1799  obj=2173918305536.02 | gbest: cost=4005266835.62  viol=2169769486.7342  obj=2173774753569.77
[Run 13 | Iter 152] iter_best: cost=4007367109.59  viol=2169619724.5895  obj=2173627091699.05 | gbest: cost=4007367109.59  viol=2169619724.5895  obj=2173627091699.05
[Run 13 | FE 6144] best_local_obj=2173627091699.05  best_local_cost=4007367109.59  best_local_viol=2169619724.5895
[Run 13 | Iter 153] iter_best: cost=4002791479.45  viol=2169861834.7952  obj=2173864626274.61 | gbest: cost=4007367109.59  viol=2169619724.5895  obj=2173627091699.05
[Run 13 | Iter 154] iter_best: cost=4004291698.63  viol=2168741553.5694  obj=2172745845267.99 | gbest: cost=4004291698.63  viol=2168741553.5694  obj=2172745845267.99
[Run 13 | Iter 155] iter_best: cost=4003716616.44  viol=2169061782.5830  obj=2173065499199.40 | gbest: cost=4004291698.63  viol=2168741553.5694  obj=2172745845267.99
[Run 13 | Iter 156] iter_best: cost=4005941917.81  viol=2168926043.7737  obj=2172931985691.47 | gbest: cost=4004291698.63  viol=2168741553.5694  obj=2172745845267.99
[Run 13 | Iter 157] iter_best: cost=4003891643.84  viol=2169111458.9952  obj=2173115350638.99 | gbest: cost=4004291698.63  viol=2168741553.5694  obj=2172745845267.99
[Run 13 | Iter 158] iter_best: cost=4003666616.44  viol=2168282150.4323  obj=2172285817048.70 | gbest: cost=4003666616.44  viol=2168282150.4323  obj=2172285817048.70
[Run 13 | FE 6400] best_local_obj=2172074949661.59  best_local_cost=4003666616.44  best_local_viol=2168071283.0452
[Run 13 | Iter 159] iter_best: cost=4003666616.44  viol=2168071283.0452  obj=2172074949661.59 | gbest: cost=4003666616.44  viol=2168071283.0452  obj=2172074949661.59
[Run 13 | Iter 160] iter_best: cost=4002641479.45  viol=2167947076.0542  obj=2171949717533.61 | gbest: cost=4002641479.45  viol=2167947076.0542  obj=2171949717533.61
[Run 13 | Iter 161] iter_best: cost=4002066397.26  viol=2168151793.8981  obj=2172153860295.32 | gbest: cost=4002641479.45  viol=2167947076.0542  obj=2171949717533.61
[Run 13 | Iter 162] iter_best: cost=4004691753.42  viol=2167947076.1152  obj=2171951767868.58 | gbest: cost=4002641479.45  viol=2167947076.0542  obj=2171949717533.61
[Run 13 | Iter 163] iter_best: cost=4005416835.62  viol=2167229826.1280  obj=2171235242963.57 | gbest: cost=4005416835.62  viol=2167229826.1280  obj=2171235242963.57
[Run 13 | Iter 164] iter_best: cost=4009067328.77  viol=2166460696.6852  obj=2170469764013.92 | gbest: cost=4009067328.77  viol=2166460696.6852  obj=2170469764013.92
[Run 13 | Iter 165] iter_best: cost=4005116780.82  viol=2166299128.0119  obj=2170304244792.68 | gbest: cost=4005116780.82  viol=2166299128.0119  obj=2170304244792.68
[Run 13 | FE 6656] best_local_obj=2169048526698.30  best_local_cost=4011092575.34  best_local_viol=2165037434.1230
[Run 13 | Iter 166] iter_best: cost=4012092739.73  viol=2164533635.1985  obj=2168545727938.18 | gbest: cost=4012092739.73  viol=2164533635.1985  obj=2168545727938.18
[Run 13 | Iter 167] iter_best: cost=4013042849.32  viol=2163225326.9387  obj=2167238369787.97 | gbest: cost=4013042849.32  viol=2163225326.9387  obj=2167238369787.97
[Run 13 | Iter 168] iter_best: cost=4012067712.33  viol=2163826461.6263  obj=2167838529338.59 | gbest: cost=4013042849.32  viol=2163225326.9387  obj=2167238369787.97
[Run 13 | Iter 169] iter_best: cost=4018618589.04  viol=2163186146.7392  obj=2167204765328.20 | gbest: cost=4018618589.04  viol=2163186146.7392  obj=2167204765328.20
[Run 13 | Iter 170] iter_best: cost=4019243671.23  viol=2162688693.2078  obj=2166707936878.99 | gbest: cost=4019243671.23  viol=2162688693.2078  obj=2166707936878.99
[Run 13 | Iter 171] iter_best: cost=4019643726.03  viol=2162688693.2078  obj=2166708336933.78 | gbest: cost=4019243671.23  viol=2162688693.2078  obj=2166707936878.99
[Run 13 | FE 6912] best_local_obj=2166707936878.99  best_local_cost=4019243671.23  best_local_viol=2162688693.2078
[Run 13 | Iter 172] iter_best: cost=4023344219.18  viol=2162754178.0058  obj=2166777522224.94 | gbest: cost=4019243671.23  viol=2162688693.2078  obj=2166707936878.99
[Run 13 | Iter 173] iter_best: cost=4018343561.64  viol=2162305266.7534  obj=2166323610315.00 | gbest: cost=4018343561.64  viol=2162305266.7534  obj=2166323610315.00
[Run 13 | Iter 174] iter_best: cost=4018968643.84  viol=2162547597.0325  obj=2166566565676.29 | gbest: cost=4018343561.64  viol=2162305266.7534  obj=2166323610315.00
[Run 13 | Iter 175] iter_best: cost=4025394493.15  viol=2162746278.1686  obj=2166771672661.71 | gbest: cost=4018343561.64  viol=2162305266.7534  obj=2166323610315.00
[Run 13 | Iter 176] iter_best: cost=4023294219.18  viol=2162335321.4722  obj=2166358615691.33 | gbest: cost=4018343561.64  viol=2162305266.7534  obj=2166323610315.00
[Run 13 | Iter 177] iter_best: cost=4016293287.67  viol=2162335321.3892  obj=2166351614676.83 | gbest: cost=4018343561.64  viol=2162305266.7534  obj=2166323610315.00
[Run 13 | Iter 178] iter_best: cost=4019993780.82  viol=2162305266.7534  obj=2166325260534.18 | gbest: cost=4018343561.64  viol=2162305266.7534  obj=2166323610315.00
[Run 13 | FE 7168] best_local_obj=2166323610315.00  best_local_cost=4018343561.64  best_local_viol=2162305266.7534
[Run 13 | Iter 179] iter_best: cost=4021994054.79  viol=2162413264.2597  obj=2166435258314.45 | gbest: cost=4018343561.64  viol=2162305266.7534  obj=2166323610315.00
[Run 13 | Iter 180] iter_best: cost=4015668205.48  viol=2162305266.7534  obj=2166320934958.84 | gbest: cost=4015668205.48  viol=2162305266.7534  obj=2166320934958.84
[Run 13 | Iter 181] iter_best: cost=4016293287.67  viol=2162335321.3892  obj=2166351614676.83 | gbest: cost=4015668205.48  viol=2162305266.7534  obj=2166320934958.84
[Run 13 | Iter 182] iter_best: cost=4021644000.00  viol=2162136259.9167  obj=2166157903916.66 | gbest: cost=4021644000.00  viol=2162136259.9167  obj=2166157903916.66
[Run 13 | Iter 183] iter_best: cost=4017018369.86  viol=2162341469.2858  obj=2166358487655.62 | gbest: cost=4021644000.00  viol=2162136259.9167  obj=2166157903916.66
[Run 13 | Iter 184] iter_best: cost=4019643726.03  viol=2162455402.6718  obj=2166475046397.78 | gbest: cost=4021644000.00  viol=2162136259.9167  obj=2166157903916.66
[Run 13 | FE 7424] best_local_obj=2166157903916.66  best_local_cost=4021644000.00  best_local_viol=2162136259.9167
[Run 13 | Iter 185] iter_best: cost=4016293287.67  viol=2162166314.3124  obj=2166182607600.03 | gbest: cost=4021644000.00  viol=2162136259.9167  obj=2166157903916.66
[Run 13 | Iter 186] iter_best: cost=4024594383.56  viol=2162265319.9589  obj=2166289914342.42 | gbest: cost=4021644000.00  viol=2162136259.9167  obj=2166157903916.66
[Run 13 | Iter 187] iter_best: cost=4016243287.67  viol=2162305098.3064  obj=2166321341594.03 | gbest: cost=4021644000.00  viol=2162136259.9167  obj=2166157903916.66
[Run 13 | Iter 188] iter_best: cost=4017718479.45  viol=2162136259.7747  obj=2166153978254.11 | gbest: cost=4017718479.45  viol=2162136259.7747  obj=2166153978254.11
[Run 13 | Iter 189] iter_best: cost=4016293287.67  viol=2162136259.7747  obj=2166152553062.33 | gbest: cost=4016293287.67  viol=2162136259.7747  obj=2166152553062.33
[Run 13 | Iter 190] iter_best: cost=4016968369.86  viol=2161721530.6306  obj=2165738499000.42 | gbest: cost=4016968369.86  viol=2161721530.6306  obj=2165738499000.42
[Run 13 | FE 7680] best_local_obj=2165102831510.97  best_local_cost=4020443835.62  best_local_viol=2161082387.6754
[Run 13 | Iter 191] iter_best: cost=4020443835.62  viol=2161082387.6754  obj=2165102831510.97 | gbest: cost=4020443835.62  viol=2161082387.6754  obj=2165102831510.97
[Run 13 | Iter 192] iter_best: cost=4020393835.62  viol=2160651997.3505  obj=2164672391186.07 | gbest: cost=4020393835.62  viol=2160651997.3505  obj=2164672391186.07
[Run 13 | Iter 193] iter_best: cost=4024769410.96  viol=2159946665.0996  obj=2163971434510.53 | gbest: cost=4024769410.96  viol=2159946665.0996  obj=2163971434510.53
[Run 13 | Iter 194] iter_best: cost=4028419904.11  viol=2159516274.6032  obj=2163544694507.28 | gbest: cost=4028419904.11  viol=2159516274.6032  obj=2163544694507.28
[Run 13 | Iter 195] iter_best: cost=4023744273.97  viol=2160032023.0624  obj=2164055767336.34 | gbest: cost=4028419904.11  viol=2159516274.6032  obj=2163544694507.28
[Run 13 | Iter 196] iter_best: cost=4023694273.97  viol=2159891347.5178  obj=2163915041791.74 | gbest: cost=4028419904.11  viol=2159516274.6032  obj=2163544694507.28
[Run 13 | Iter 197] iter_best: cost=4026419630.14  viol=2160143199.7170  obj=2164169619347.10 | gbest: cost=4028419904.11  viol=2159516274.6032  obj=2163544694507.28
[Run 13 | FE 7936] best_local_obj=2163240703811.98  best_local_cost=4028419904.11  best_local_viol=2159212283.9079
[Run 13 | Iter 198] iter_best: cost=4028419904.11  viol=2159212283.9079  obj=2163240703811.98 | gbest: cost=4028419904.11  viol=2159212283.9079  obj=2163240703811.98
[Run 13 | Iter 199] iter_best: cost=4028069849.32  viol=2158381666.3632  obj=2162409736212.48 | gbest: cost=4028069849.32  viol=2158381666.3632  obj=2162409736212.48
[Run 13 | Iter 200] iter_best: cost=4027044712.33  viol=2158381666.3632  obj=2162408711075.50 | gbest: cost=4027044712.33  viol=2158381666.3632  obj=2162408711075.50
[Run 13 | Iter 201] iter_best: cost=4028069849.32  viol=2158543858.4951  obj=2162571928344.38 | gbest: cost=4027044712.33  viol=2158381666.3632  obj=2162408711075.50
[Run 13 | Iter 202] iter_best: cost=4027669794.52  viol=2158356148.0536  obj=2162383817848.09 | gbest: cost=4027669794.52  viol=2158356148.0536  obj=2162383817848.09
[Run 13 | Iter 203] iter_best: cost=4028694931.51  viol=2158356148.0536  obj=2162384842985.07 | gbest: cost=4027669794.52  viol=2158356148.0536  obj=2162383817848.09
[Run 13 | FE 8192] best_local_obj=2162305932218.65  best_local_cost=4030295150.68  best_local_viol=2158275637.0680
[Run 13 | Iter 204] iter_best: cost=4030295150.68  viol=2158275637.0680  obj=2162305932218.65 | gbest: cost=4030295150.68  viol=2158275637.0680  obj=2162305932218.65
[Run 13 | Iter 205] iter_best: cost=4030245150.68  viol=2158275637.0466  obj=2162305882197.25 | gbest: cost=4030245150.68  viol=2158275637.0466  obj=2162305882197.25
[Run 13 | Iter 206] iter_best: cost=4022944164.38  viol=2158543858.5876  obj=2162566802751.95 | gbest: cost=4030245150.68  viol=2158275637.0466  obj=2162305882197.25
[Run 13 | Iter 207] iter_best: cost=4026594657.53  viol=2158582478.5624  obj=2162609073219.90 | gbest: cost=4030245150.68  viol=2158275637.0466  obj=2162305882197.25
[Run 13 | Iter 208] iter_best: cost=4029620068.49  viol=2158183675.0610  obj=2162213295129.46 | gbest: cost=4029620068.49  viol=2158183675.0610  obj=2162213295129.46
[Run 13 | Iter 209] iter_best: cost=4031670342.47  viol=2158037679.6448  obj=2162069349987.23 | gbest: cost=4031670342.47  viol=2158037679.6448  obj=2162069349987.23
[Run 13 | Iter 210] iter_best: cost=4033270561.64  viol=2157974007.5509  obj=2162007278112.51 | gbest: cost=4033270561.64  viol=2157974007.5509  obj=2162007278112.51
[Run 13 | FE 8448] best_local_obj=2162006653030.32  best_local_cost=4032645479.45  best_local_viol=2157974007.5509
[Run 13 | Iter 211] iter_best: cost=4032645479.45  viol=2157974007.5509  obj=2162006653030.32 | gbest: cost=4032645479.45  viol=2157974007.5509  obj=2162006653030.32
[Run 13 | Iter 212] iter_best: cost=4033270561.64  viol=2157974007.5509  obj=2162007278112.51 | gbest: cost=4032645479.45  viol=2157974007.5509  obj=2162006653030.32
[Run 13 | Iter 213] iter_best: cost=4032645479.45  viol=2157974007.4155  obj=2162006652894.92 | gbest: cost=4032645479.45  viol=2157974007.4155  obj=2162006652894.92
[Run 13 | Iter 214] iter_best: cost=4031670342.47  viol=2158037679.6448  obj=2162069349987.23 | gbest: cost=4032645479.45  viol=2157974007.4155  obj=2162006652894.92
[Run 13 | Iter 215] iter_best: cost=4033270561.64  viol=2158012627.7131  obj=2162045898274.71 | gbest: cost=4032645479.45  viol=2157974007.4155  obj=2162006652894.92
[Run 13 | Iter 216] iter_best: cost=4031620342.47  viol=2157974007.5509  obj=2162005627893.33 | gbest: cost=4031620342.47  viol=2157974007.5509  obj=2162005627893.33
[Run 13 | FE 8704] best_local_obj=2162005627893.33  best_local_cost=4031620342.47  best_local_viol=2157974007.5509
[Run 13 | Iter 217] iter_best: cost=4033270561.64  viol=2157974007.5509  obj=2162007278112.51 | gbest: cost=4031620342.47  viol=2157974007.5509  obj=2162005627893.33
[Run 13 | Iter 218] iter_best: cost=4028944986.30  viol=2157974007.5509  obj=2162002952537.17 | gbest: cost=4028944986.30  viol=2157974007.5509  obj=2162002952537.17
[Run 13 | Iter 219] iter_best: cost=4032645479.45  viol=2157974007.5509  obj=2162006653030.32 | gbest: cost=4028944986.30  viol=2157974007.5509  obj=2162002952537.17
[Run 13 | Iter 220] iter_best: cost=4032695479.45  viol=2157632825.1091  obj=2161665520588.52 | gbest: cost=4032695479.45  viol=2157632825.1091  obj=2161665520588.52
[Run 13 | Iter 221] iter_best: cost=4035995917.81  viol=2157644361.1801  obj=2161680357097.88 | gbest: cost=4032695479.45  viol=2157632825.1091  obj=2161665520588.52
[Run 13 | Iter 222] iter_best: cost=4033995643.84  viol=2157724872.1248  obj=2161758867768.60 | gbest: cost=4032695479.45  viol=2157632825.1091  obj=2161665520588.52
[Run 13 | FE 8960] best_local_obj=2161663870492.14  best_local_cost=4031045260.27  best_local_viol=2157632825.2319
[Run 13 | Iter 223] iter_best: cost=4031045260.27  viol=2157632825.2319  obj=2161663870492.14 | gbest: cost=4031045260.27  viol=2157632825.2319  obj=2161663870492.14
[Run 13 | Iter 224] iter_best: cost=4032645479.45  viol=2157580688.9496  obj=2161613334429.02 | gbest: cost=4032645479.45  viol=2157580688.9496  obj=2161613334429.02
[Run 13 | Iter 225] iter_best: cost=4039021328.77  viol=2157569153.0839  obj=2161608174412.63 | gbest: cost=4039021328.77  viol=2157569153.0839  obj=2161608174412.63
[Run 13 | Iter 226] iter_best: cost=4040721547.95  viol=2157977838.3927  obj=2162018559940.61 | gbest: cost=4039021328.77  viol=2157569153.0839  obj=2161608174412.63
[Run 13 | Iter 227] iter_best: cost=4036395972.60  viol=2157569153.1299  obj=2161605549102.47 | gbest: cost=4036395972.60  viol=2157569153.1299  obj=2161605549102.47
[Run 13 | Iter 228] iter_best: cost=4036345972.60  viol=2157580689.0274  obj=2161617034999.97 | gbest: cost=4036395972.60  viol=2157569153.1299  obj=2161605549102.47
[Run 13 | Iter 229] iter_best: cost=4033320561.64  viol=2157632825.2036  obj=2161666145765.21 | gbest: cost=4036395972.60  viol=2157569153.1299  obj=2161605549102.47
[Run 13 | FE 9216] best_local_obj=2161605549102.47  best_local_cost=4036395972.60  best_local_viol=2157569153.1299
[Run 13 | Iter 230] iter_best: cost=4037371109.59  viol=2157569153.0839  obj=2161606524193.46 | gbest: cost=4036395972.60  viol=2157569153.1299  obj=2161605549102.47
[Run 13 | Iter 231] iter_best: cost=4038671273.97  viol=2157569153.1381  obj=2161607824412.04 | gbest: cost=4036395972.60  viol=2157569153.1299  obj=2161605549102.47
[Run 13 | Iter 232] iter_best: cost=4037021054.79  viol=2157569153.1299  obj=2161606174184.66 | gbest: cost=4036395972.60  viol=2157569153.1299  obj=2161605549102.47
[Run 13 | Iter 233] iter_best: cost=4044597068.49  viol=2157569153.2745  obj=2161613750342.96 | gbest: cost=4036395972.60  viol=2157569153.1299  obj=2161605549102.47
[Run 13 | Iter 234] iter_best: cost=4037596136.99  viol=2157456482.0425  obj=2161494078179.45 | gbest: cost=4037596136.99  viol=2157456482.0425  obj=2161494078179.45
[Run 13 | Iter 235] iter_best: cost=4042946849.32  viol=2157444946.0479  obj=2161487892897.18 | gbest: cost=4042946849.32  viol=2157444946.0479  obj=2161487892897.18
[Run 13 | FE 9472] best_local_obj=2161286065592.75  best_local_cost=4038171219.18  best_local_viol=2157247894.3736
[Run 13 | Iter 236] iter_best: cost=4038171219.18  viol=2157247894.3736  obj=2161286065592.75 | gbest: cost=4038171219.18  viol=2157247894.3736  obj=2161286065592.75
[Run 13 | Iter 237] iter_best: cost=4037596136.99  viol=2157258063.4927  obj=2161295659629.65 | gbest: cost=4038171219.18  viol=2157247894.3736  obj=2161286065592.75
[Run 13 | Iter 238] iter_best: cost=4041471657.53  viol=2157247894.3736  obj=2161289366031.10 | gbest: cost=4038171219.18  viol=2157247894.3736  obj=2161286065592.75
[Run 13 | Iter 239] iter_best: cost=4040846575.34  viol=2157332289.7860  obj=2161373136361.31 | gbest: cost=4038171219.18  viol=2157247894.3736  obj=2161286065592.75
[Run 13 | Iter 240] iter_best: cost=4042271767.12  viol=2157093803.1009  obj=2161136074867.99 | gbest: cost=4042271767.12  viol=2157093803.1009  obj=2161136074867.99
[Run 13 | Iter 241] iter_best: cost=4033670616.44  viol=2157095455.4898  obj=2161129126106.21 | gbest: cost=4033670616.44  viol=2157095455.4898  obj=2161129126106.21
[Run 13 | Iter 242] iter_best: cost=4032345424.66  viol=2157440595.4652  obj=2161472940889.82 | gbest: cost=4033670616.44  viol=2157095455.4898  obj=2161129126106.21
[Run 13 | FE 9728] best_local_obj=2161129126106.21  best_local_cost=4033670616.44  best_local_viol=2157095455.4898
[Run 13 | Iter 243] iter_best: cost=4033845643.84  viol=2157237970.9415  obj=2161271816585.30 | gbest: cost=4033670616.44  viol=2157095455.4898  obj=2161129126106.21
[Run 13 | Iter 244] iter_best: cost=4034970780.82  viol=2157333413.1226  obj=2161368383903.39 | gbest: cost=4033670616.44  viol=2157095455.4898  obj=2161129126106.21
[Run 13 | Iter 245] iter_best: cost=4045897232.88  viol=2157017222.4635  obj=2161063119696.34 | gbest: cost=4045897232.88  viol=2157017222.4635  obj=2161063119696.34
[Run 13 | Iter 246] iter_best: cost=4047222424.66  viol=2156800589.0561  obj=2160847811480.72 | gbest: cost=4047222424.66  viol=2156800589.0561  obj=2160847811480.72
[Run 13 | Iter 247] iter_best: cost=4038621273.97  viol=2156936711.9553  obj=2160975333229.24 | gbest: cost=4047222424.66  viol=2156800589.0561  obj=2160847811480.72
[Run 13 | Iter 248] iter_best: cost=4041921712.33  viol=2156826780.7315  obj=2160868702443.80 | gbest: cost=4047222424.66  viol=2156800589.0561  obj=2160847811480.72
[Run 13 | FE 9984] best_local_obj=2160842810744.29  best_local_cost=4042221767.12  best_local_viol=2156800588.9772
[Run 13 | Iter 249] iter_best: cost=4042221767.12  viol=2156800588.9772  obj=2160842810744.29 | gbest: cost=4042221767.12  viol=2156800588.9772  obj=2160842810744.29
[Run 13 | Iter 250] iter_best: cost=4029220013.70  viol=2156953416.3637  obj=2160982636377.37 | gbest: cost=4042221767.12  viol=2156800588.9772  obj=2160842810744.29
[Run 13 | Iter 251] iter_best: cost=4037196082.19  viol=2156864261.0981  obj=2160901457180.26 | gbest: cost=4042221767.12  viol=2156800588.9772  obj=2160842810744.29
[Run 13 | Iter 252] iter_best: cost=4039246356.16  viol=2156800588.9772  obj=2160839835333.33 | gbest: cost=4039246356.16  viol=2156800588.9772  obj=2160839835333.33
[Run 13 | Iter 253] iter_best: cost=4040996575.34  viol=2155954550.9017  obj=2159995547477.01 | gbest: cost=4040996575.34  viol=2155954550.9017  obj=2159995547477.01
[Run 13 | Iter 254] iter_best: cost=4043221876.71  viol=2155729907.4021  obj=2159773129278.78 | gbest: cost=4043221876.71  viol=2155729907.4021  obj=2159773129278.78
[Run 13 | FE 10240] best_local_obj=2159389755724.28  best_local_cost=4043221876.71  best_local_viol=2155346533.8476
[Run 13 | Iter 255] iter_best: cost=4043221876.71  viol=2155346533.8476  obj=2159389755724.28 | gbest: cost=4043221876.71  viol=2155346533.8476  obj=2159389755724.28
[Run 13 | Iter 256] iter_best: cost=4043896958.90  viol=2154976312.4868  obj=2159020209445.67 | gbest: cost=4043896958.90  viol=2154976312.4868  obj=2159020209445.67
[Run 13 | Iter 257] iter_best: cost=4050222808.22  viol=2154102852.6635  obj=2158153075471.69 | gbest: cost=4050222808.22  viol=2154102852.6635  obj=2158153075471.69
[Run 13 | Iter 258] iter_best: cost=4047222424.66  viol=2153535210.0028  obj=2157582432427.42 | gbest: cost=4047222424.66  viol=2153535210.0028  obj=2157582432427.42
[Run 13 | Iter 259] iter_best: cost=4051247945.21  viol=2153360939.0672  obj=2157412187012.37 | gbest: cost=4051247945.21  viol=2153360939.0672  obj=2157412187012.37
[Run 13 | Iter 260] iter_best: cost=4048297561.64  viol=2153788770.1850  obj=2157837067746.61 | gbest: cost=4051247945.21  viol=2153360939.0672  obj=2157412187012.37
[Run 13 | Iter 261] iter_best: cost=4049872753.42  viol=2153473101.3451  obj=2157522974098.49 | gbest: cost=4051247945.21  viol=2153360939.0672  obj=2157412187012.37
[Run 13 | FE 10496] best_local_obj=2157412187012.37  best_local_cost=4051247945.21  best_local_viol=2153360939.0672
[Run 13 | Iter 262] iter_best: cost=4052848164.38  viol=2152816824.3329  obj=2156869672497.25 | gbest: cost=4052848164.38  viol=2152816824.3329  obj=2156869672497.25
[Run 13 | Iter 263] iter_best: cost=4053573246.58  viol=2153245466.4066  obj=2157299039653.14 | gbest: cost=4052848164.38  viol=2152816824.3329  obj=2156869672497.25
[Run 13 | Iter 264] iter_best: cost=4047197397.26  viol=2153228305.9282  obj=2157275503325.43 | gbest: cost=4052848164.38  viol=2152816824.3329  obj=2156869672497.25
[Run 13 | Iter 265] iter_best: cost=4049247671.23  viol=2152858935.0641  obj=2156908182735.30 | gbest: cost=4052848164.38  viol=2152816824.3329  obj=2156869672497.25
[Run 13 | Iter 266] iter_best: cost=4045447178.08  viol=2153020868.6417  obj=2157066315819.75 | gbest: cost=4052848164.38  viol=2152816824.3329  obj=2156869672497.25
[Run 13 | Iter 267] iter_best: cost=4049772753.42  viol=2153710425.4079  obj=2157760198161.29 | gbest: cost=4052848164.38  viol=2152816824.3329  obj=2156869672497.25
[Run 13 | FE 10752] best_local_obj=2156867672223.28  best_local_cost=4050847890.41  best_local_viol=2152816824.3329
[Run 13 | Iter 268] iter_best: cost=4050847890.41  viol=2152816824.3329  obj=2156867672223.28 | gbest: cost=4050847890.41  viol=2152816824.3329  obj=2156867672223.28
[Run 13 | Iter 269] iter_best: cost=4049872753.42  viol=2152804417.2024  obj=2156854289955.79 | gbest: cost=4049872753.42  viol=2152804417.2024  obj=2156854289955.79
[Run 13 | Iter 270] iter_best: cost=4049297671.23  viol=2151733795.1906  obj=2155783092861.80 | gbest: cost=4049297671.23  viol=2151733795.1906  obj=2155783092861.80
[Run 13 | Iter 271] iter_best: cost=4050947890.41  viol=2152081694.5136  obj=2156132642403.98 | gbest: cost=4049297671.23  viol=2151733795.1906  obj=2155783092861.80
[Run 13 | Iter 272] iter_best: cost=4049197671.23  viol=2151733795.1906  obj=2155782992861.80 | gbest: cost=4049197671.23  viol=2151733795.1906  obj=2155782992861.80
[Run 13 | Iter 273] iter_best: cost=4052898164.38  viol=2151722259.2312  obj=2155775157395.55 | gbest: cost=4052898164.38  viol=2151722259.2312  obj=2155775157395.55
[Run 13 | Iter 274] iter_best: cost=4056298602.74  viol=2150661903.8238  obj=2154718202426.51 | gbest: cost=4056298602.74  viol=2150661903.8238  obj=2154718202426.51
[Run 13 | FE 11008] best_local_obj=2154718202426.51  best_local_cost=4056298602.74  best_local_viol=2150661903.8238
[Run 13 | Iter 275] iter_best: cost=4053623246.58  viol=2150411292.3651  obj=2154464915611.64 | gbest: cost=4053623246.58  viol=2150411292.3651  obj=2154464915611.64
[Run 13 | Iter 276] iter_best: cost=4056248602.74  viol=2149904231.8041  obj=2153960480406.81 | gbest: cost=4056248602.74  viol=2149904231.8041  obj=2153960480406.81
[Run 13 | Iter 277] iter_best: cost=4050272808.22  viol=2150071221.4695  obj=2154121494277.69 | gbest: cost=4056248602.74  viol=2149904231.8041  obj=2153960480406.81
[Run 13 | Iter 278] iter_best: cost=4055223465.75  viol=2150178786.2816  obj=2154234009747.32 | gbest: cost=4056248602.74  viol=2149904231.8041  obj=2153960480406.81
[Run 13 | Iter 279] iter_best: cost=4057623794.52  viol=2149719554.5819  obj=2153777178376.39 | gbest: cost=4057623794.52  viol=2149719554.5819  obj=2153777178376.39
[Run 13 | Iter 280] iter_best: cost=4055623520.55  viol=2149831717.0835  obj=2153887340604.01 | gbest: cost=4057623794.52  viol=2149719554.5819  obj=2153777178376.39
[Run 13 | FE 11264] best_local_obj=2153777178376.39  best_local_cost=4057623794.52  best_local_viol=2149719554.5819
[Run 13 | Iter 281] iter_best: cost=4054948438.36  viol=2149768045.0653  obj=2153822993503.62 | gbest: cost=4057623794.52  viol=2149719554.5819  obj=2153777178376.39
[Run 13 | Iter 282] iter_best: cost=4057273739.73  viol=2149783226.6375  obj=2153840500377.19 | gbest: cost=4057623794.52  viol=2149719554.5819  obj=2153777178376.39
[Run 13 | Iter 283] iter_best: cost=4057673794.52  viol=2149719554.5819  obj=2153777228376.39 | gbest: cost=4057623794.52  viol=2149719554.5819  obj=2153777178376.39
[Run 13 | Iter 284] iter_best: cost=4053673246.58  viol=2149742400.8021  obj=2153796074048.64 | gbest: cost=4057623794.52  viol=2149719554.5819  obj=2153777178376.39
[Run 13 | Iter 285] iter_best: cost=4053973301.37  viol=2149719554.5819  obj=2153773527883.24 | gbest: cost=4053973301.37  viol=2149719554.5819  obj=2153773527883.24
[Run 13 | Iter 286] iter_best: cost=4052948164.38  viol=2149719554.5819  obj=2153772502746.25 | gbest: cost=4052948164.38  viol=2149719554.5819  obj=2153772502746.25
[Run 13 | FE 11520] best_local_obj=2152839078528.74  best_local_cost=4054023301.37  best_local_viol=2148785055.2274
[Run 13 | Iter 287] iter_best: cost=4054023301.37  viol=2148785055.2274  obj=2152839078528.74 | gbest: cost=4054023301.37  viol=2148785055.2274  obj=2152839078528.74
[Run 13 | Iter 288] iter_best: cost=4053623246.58  viol=2148678987.4777  obj=2152732610724.24 | gbest: cost=4053623246.58  viol=2148678987.4777  obj=2152732610724.24
[Run 13 | Iter 289] iter_best: cost=4055573520.55  viol=2148648932.5759  obj=2152704506096.42 | gbest: cost=4055573520.55  viol=2148648932.5759  obj=2152704506096.42
[Run 13 | Iter 290] iter_best: cost=4055573520.55  viol=2148648932.5759  obj=2152704506096.42 | gbest: cost=4055573520.55  viol=2148648932.5759  obj=2152704506096.42
[Run 13 | Iter 291] iter_best: cost=4055573520.55  viol=2148648932.5759  obj=2152704506096.42 | gbest: cost=4055573520.55  viol=2148648932.5759  obj=2152704506096.42
[Run 13 | Iter 292] iter_best: cost=4055623520.55  viol=2148648932.5759  obj=2152704556096.42 | gbest: cost=4055573520.55  viol=2148648932.5759  obj=2152704506096.42
[Run 13 | Iter 293] iter_best: cost=4054598383.56  viol=2148648932.5759  obj=2152703530959.43 | gbest: cost=4054598383.56  viol=2148648932.5759  obj=2152703530959.43
[Run 13 | FE 11776] best_local_obj=2152703530959.43  best_local_cost=4054598383.56  best_local_viol=2148648932.5759
[Run 13 | Iter 294] iter_best: cost=4056823684.93  viol=2148597478.3634  obj=2152654302048.30 | gbest: cost=4056823684.93  viol=2148597478.3634  obj=2152654302048.30
[Run 13 | Iter 295] iter_best: cost=4057223739.73  viol=2148555887.6465  obj=2152613111386.19 | gbest: cost=4057223739.73  viol=2148555887.6465  obj=2152613111386.19
[Run 13 | Iter 296] iter_best: cost=4054548383.56  viol=2148555887.6465  obj=2152610436030.03 | gbest: cost=4054548383.56  viol=2148555887.6465  obj=2152610436030.03
[Run 13 | Iter 297] iter_best: cost=4054598383.56  viol=2148208214.6600  obj=2152262813043.53 | gbest: cost=4054598383.56  viol=2148208214.6600  obj=2152262813043.53
[Run 13 | Iter 298] iter_best: cost=4053973301.37  viol=2148208214.4816  obj=2152262187782.94 | gbest: cost=4053973301.37  viol=2148208214.4816  obj=2152262187782.94
[Run 13 | Iter 299] iter_best: cost=4059949095.89  viol=2148113607.3421  obj=2152173556437.96 | gbest: cost=4059949095.89  viol=2148113607.3421  obj=2152173556437.96
[Run 13 | FE 12032] best_local_obj=2152173556437.96  best_local_cost=4059949095.89  best_local_viol=2148113607.3421
[Run 13 | Iter 300] iter_best: cost=4058223849.32  viol=2148317610.8413  obj=2152375834690.58 | gbest: cost=4059949095.89  viol=2148113607.3421  obj=2152173556437.96
[Run 13 | Iter 301] iter_best: cost=4060049095.89  viol=2148233624.3085  obj=2152293673404.36 | gbest: cost=4059949095.89  viol=2148113607.3421  obj=2152173556437.96
[Run 13 | Iter 302] iter_best: cost=4059324013.70  viol=2148274969.8572  obj=2152334293870.87 | gbest: cost=4059949095.89  viol=2148113607.3421  obj=2152173556437.96
[Run 13 | Iter 303] iter_best: cost=4053573246.58  viol=2148125143.4927  obj=2152178716739.24 | gbest: cost=4059949095.89  viol=2148113607.3421  obj=2152173556437.96
[Run 13 | Iter 304] iter_best: cost=4058298876.71  viol=2147765934.4902  obj=2151824233366.88 | gbest: cost=4058298876.71  viol=2147765934.4902  obj=2151824233366.88
[Run 13 | Iter 305] iter_best: cost=4065874890.41  viol=2147709589.8150  obj=2151775464705.38 | gbest: cost=4065874890.41  viol=2147709589.8150  obj=2151775464705.38
[Run 13 | Iter 306] iter_best: cost=4061599315.07  viol=2147709589.8150  obj=2151771189130.04 | gbest: cost=4061599315.07  viol=2147709589.8150  obj=2151771189130.04
[Run 13 | FE 12288] best_local_obj=2151771189130.04  best_local_cost=4061599315.07  best_local_viol=2147709589.8150
[Run 13 | Iter 307] iter_best: cost=4057948821.92  viol=2148003892.2785  obj=2152061841100.39 | gbest: cost=4061599315.07  viol=2147709589.8150  obj=2151771189130.04
[Run 13 | Iter 308] iter_best: cost=4063199534.25  viol=2148102715.8149  obj=2152165915349.11 | gbest: cost=4061599315.07  viol=2147709589.8150  obj=2151771189130.04
[Run 13 | Iter 309] iter_best: cost=4060574178.08  viol=2147709589.8150  obj=2151770163993.05 | gbest: cost=4060574178.08  viol=2147709589.8150  obj=2151770163993.05
[Run 13 | Iter 310] iter_best: cost=4058973958.90  viol=2147747415.5320  obj=2151806389490.87 | gbest: cost=4060574178.08  viol=2147709589.8150  obj=2151770163993.05
[Run 13 | Iter 311] iter_best: cost=4058573904.11  viol=2147741748.6733  obj=2151800322577.38 | gbest: cost=4060574178.08  viol=2147709589.8150  obj=2151770163993.05
[Run 13 | Iter 312] iter_best: cost=4065524835.62  viol=2147666727.8470  obj=2151732252682.58 | gbest: cost=4065524835.62  viol=2147666727.8470  obj=2151732252682.58
[Run 13 | FE 12544] best_local_obj=2151718491656.11  best_local_cost=4063299534.25  best_local_viol=2147655192.1219
[Run 13 | Iter 313] iter_best: cost=4063299534.25  viol=2147655192.1219  obj=2151718491656.11 | gbest: cost=4063299534.25  viol=2147655192.1219  obj=2151718491656.11
[Run 13 | Iter 314] iter_best: cost=4065524835.62  viol=2147616544.8662  obj=2151682069701.78 | gbest: cost=4065524835.62  viol=2147616544.8662  obj=2151682069701.78
[Run 13 | Iter 315] iter_best: cost=4062899479.45  viol=2147915357.0024  obj=2151978256481.82 | gbest: cost=4065524835.62  viol=2147616544.8662  obj=2151682069701.78
[Run 13 | Iter 316] iter_best: cost=4073800958.90  viol=2147044163.6040  obj=2151117964562.87 | gbest: cost=4073800958.90  viol=2147044163.6040  obj=2151117964562.87
[Run 13 | Iter 317] iter_best: cost=4068775273.97  viol=2147100508.1479  obj=2151169283421.84 | gbest: cost=4073800958.90  viol=2147044163.6040  obj=2151117964562.87
[Run 13 | Iter 318] iter_best: cost=4064174671.23  viol=2147547570.1164  obj=2151611744787.60 | gbest: cost=4073800958.90  viol=2147044163.6040  obj=2151117964562.87
[Run 13 | FE 12800] best_local_obj=2151068224072.19  best_local_cost=4072550794.52  best_local_viol=2146995673.2777
[Run 13 | Iter 319] iter_best: cost=4072550794.52  viol=2146995673.2777  obj=2151068224072.19 | gbest: cost=4072550794.52  viol=2146995673.2777  obj=2151068224072.19

[Stop] reached max_total_fe=12800.

[Run 13] best_global_cost=4072550794.5206, best_global_viol=2146995673.277667, best_global_obj=2151068224072.1875
[Done] summary=/work/home/acn1eb8nfq/yuezhang46/UScode/US实验一：横向对比/pso_global_logs/run_13_seed_1013/runs_summary.csv
