[RunConfig] run_id=16 seed=1016
[OutputDir] /work/home/acn1eb8nfq/yuezhang46/UScode/US实验一：横向对比/pso_global_logs/run_16_seed_1016
[Info] #nodes = 4301
[Load] Reading scenarios ...
  - 2020: raw edges=5296, days=366
  - 2025: raw edges=5296, days=365
  - 2030: raw edges=5296, days=365
  - 2035: raw edges=5296, days=365
  - 2040: raw edges=5296, days=366
[Filter] EDGE_WEIGHT_MIN=1.0
  - active_nodes=2914  inactive_nodes(fixed NONE)=1387
  - 2020: removed=2048, kept=3248
  - 2025: removed=2048, kept=3248
  - 2030: removed=2048, kept=3248
  - 2035: removed=2048, kept=3248
  - 2040: removed=2048, kept=3248
  - 2020: filtered edges (active subgraph)=3248
  - 2025: filtered edges (active subgraph)=3248
  - 2030: filtered edges (active subgraph)=3248
  - 2035: filtered edges (active subgraph)=3248
  - 2040: filtered edges (active subgraph)=3248
[PSO] Evaluate initial swarm ...
[PSO] Init snapshot: best_cost=1221170136.99  best_viol=3400070176.9591  best_obj=3401291347096.07
[PSO] Iterate ...
[Run 16 | Iter 1] iter_best: cost=1464653890.41  viol=3281670151.9976  obj=3283134805887.96 | gbest: cost=1464653890.41  viol=3281670151.9976  obj=3283134805887.96
[Run 16 | Iter 2] iter_best: cost=1791523410.96  viol=3089839464.3240  obj=3091630987734.93 | gbest: cost=1791523410.96  viol=3089839464.3240  obj=3091630987734.93
[Run 16 | Iter 3] iter_best: cost=2228906849.32  viol=2872572679.9367  obj=2874801586786.05 | gbest: cost=2228906849.32  viol=2872572679.9367  obj=2874801586786.05
[Run 16 | Iter 4] iter_best: cost=2597605945.21  viol=2699362115.7637  obj=2701959721708.90 | gbest: cost=2597605945.21  viol=2699362115.7637  obj=2701959721708.90
[Run 16 | Iter 5] iter_best: cost=2892970150.68  viol=2569113416.2018  obj=2572006386352.49 | gbest: cost=2892970150.68  viol=2569113416.2018  obj=2572006386352.49
[Run 16 | FE 256] best_local_obj=2469191534908.40  best_local_cost=3178858342.47  best_local_viol=2466012676.5659
[Run 16 | Iter 6] iter_best: cost=3178858342.47  viol=2466012676.5659  obj=2469191534908.40 | gbest: cost=3178858342.47  viol=2466012676.5659  obj=2469191534908.40
[Run 16 | Iter 7] iter_best: cost=3356706931.51  viol=2400322065.0231  obj=2403678771954.60 | gbest: cost=3356706931.51  viol=2400322065.0231  obj=2403678771954.60
[Run 16 | Iter 8] iter_best: cost=3484673972.60  viol=2363912361.4830  obj=2367397035455.64 | gbest: cost=3484673972.60  viol=2363912361.4830  obj=2367397035455.64
[Run 16 | Iter 9] iter_best: cost=3541856397.26  viol=2345505889.6317  obj=2349047746028.93 | gbest: cost=3541856397.26  viol=2345505889.6317  obj=2349047746028.93
[Run 16 | Iter 10] iter_best: cost=3611340575.34  viol=2325867620.0124  obj=2329478960587.72 | gbest: cost=3611340575.34  viol=2325867620.0124  obj=2329478960587.72
[Run 16 | Iter 11] iter_best: cost=3660922068.49  viol=2302715354.7130  obj=2306376276781.51 | gbest: cost=3660922068.49  viol=2302715354.7130  obj=2306376276781.51
[Run 16 | FE 512] best_local_obj=2297275842126.30  best_local_cost=3698427000.00  best_local_viol=2293577415.1263
[Run 16 | Iter 12] iter_best: cost=3698427000.00  viol=2293577415.1263  obj=2297275842126.30 | gbest: cost=3698427000.00  viol=2293577415.1263  obj=2297275842126.30
[Run 16 | Iter 13] iter_best: cost=3703652465.75  viol=2280730932.3460  obj=2284434584811.72 | gbest: cost=3703652465.75  viol=2280730932.3460  obj=2284434584811.72
[Run 16 | Iter 14] iter_best: cost=3755284342.47  viol=2265358425.3216  obj=2269113709664.05 | gbest: cost=3755284342.47  viol=2265358425.3216  obj=2269113709664.05
[Run 16 | Iter 15] iter_best: cost=3772011506.85  viol=2259607180.1460  obj=2263379191652.83 | gbest: cost=3772011506.85  viol=2259607180.1460  obj=2263379191652.83
[Run 16 | Iter 16] iter_best: cost=3784838123.29  viol=2250401131.7489  obj=2254185969872.19 | gbest: cost=3784838123.29  viol=2250401131.7489  obj=2254185969872.19
[Run 16 | Iter 17] iter_best: cost=3780487465.75  viol=2244894370.8013  obj=2248674858267.09 | gbest: cost=3780487465.75  viol=2244894370.8013  obj=2248674858267.09
[Run 16 | Iter 18] iter_best: cost=3785688123.29  viol=2240515245.8813  obj=2244300934004.63 | gbest: cost=3785688123.29  viol=2240515245.8813  obj=2244300934004.63
[Run 16 | FE 768] best_local_obj=2240248621412.23  best_local_cost=3800440041.10  best_local_viol=2236448181.3711
[Run 16 | Iter 19] iter_best: cost=3794889328.77  viol=2234296949.6023  obj=2238091838931.11 | gbest: cost=3794889328.77  viol=2234296949.6023  obj=2238091838931.11
[Run 16 | Iter 20] iter_best: cost=3824793273.97  viol=2225649204.8081  obj=2229473998082.09 | gbest: cost=3824793273.97  viol=2225649204.8081  obj=2229473998082.09
[Run 16 | Iter 21] iter_best: cost=3833219342.47  viol=2226799800.8555  obj=2230633020197.99 | gbest: cost=3824793273.97  viol=2225649204.8081  obj=2229473998082.09
[Run 16 | Iter 22] iter_best: cost=3821842780.82  viol=2226606370.0506  obj=2230428212831.42 | gbest: cost=3824793273.97  viol=2225649204.8081  obj=2229473998082.09
[Run 16 | Iter 23] iter_best: cost=3824668246.58  viol=2224744373.0637  obj=2228569041310.32 | gbest: cost=3824668246.58  viol=2224744373.0637  obj=2228569041310.32
[Run 16 | Iter 24] iter_best: cost=3828043712.33  viol=2224445199.6664  obj=2228273243378.73 | gbest: cost=3828043712.33  viol=2224445199.6664  obj=2228273243378.73
[Run 16 | FE 1024] best_local_obj=2228273243378.73  best_local_cost=3828043712.33  best_local_viol=2224445199.6664
[Run 16 | Iter 25] iter_best: cost=3839120109.59  viol=2224888638.5479  obj=2228727758657.48 | gbest: cost=3828043712.33  viol=2224445199.6664  obj=2228273243378.73
[Run 16 | Iter 26] iter_best: cost=3844670821.92  viol=2219959734.8988  obj=2223804405720.75 | gbest: cost=3844670821.92  viol=2219959734.8988  obj=2223804405720.75
[Run 16 | Iter 27] iter_best: cost=3844570876.71  viol=2218215592.2709  obj=2222060163147.64 | gbest: cost=3844570876.71  viol=2218215592.2709  obj=2222060163147.64
[Run 16 | Iter 28] iter_best: cost=3856872465.75  viol=2215756189.4582  obj=2219613061923.93 | gbest: cost=3856872465.75  viol=2215756189.4582  obj=2219613061923.93
[Run 16 | Iter 29] iter_best: cost=3849246452.05  viol=2216290744.1023  obj=2220139990554.39 | gbest: cost=3856872465.75  viol=2215756189.4582  obj=2219613061923.93
[Run 16 | Iter 30] iter_best: cost=3862248150.68  viol=2212557049.3451  obj=2216419297495.82 | gbest: cost=3862248150.68  viol=2212557049.3451  obj=2216419297495.82
[Run 16 | FE 1280] best_local_obj=2214022116887.91  best_local_cost=3873974657.53  best_local_viol=2210148142.2304
[Run 16 | Iter 31] iter_best: cost=3873974657.53  viol=2210148142.2304  obj=2214022116887.91 | gbest: cost=3873974657.53  viol=2210148142.2304  obj=2214022116887.91
[Run 16 | Iter 32] iter_best: cost=3867523835.62  viol=2210596087.8646  obj=2214463611700.18 | gbest: cost=3873974657.53  viol=2210148142.2304  obj=2214022116887.91
[Run 16 | Iter 33] iter_best: cost=3871649356.16  viol=2209875083.5916  obj=2213746732947.74 | gbest: cost=3871649356.16  viol=2209875083.5916  obj=2213746732947.74
[Run 16 | Iter 34] iter_best: cost=3870124164.38  viol=2207204068.8948  obj=2211074193059.21 | gbest: cost=3870124164.38  viol=2207204068.8948  obj=2211074193059.21
[Run 16 | Iter 35] iter_best: cost=3870224164.38  viol=2205654075.2376  obj=2209524299402.01 | gbest: cost=3870224164.38  viol=2205654075.2376  obj=2209524299402.01
[Run 16 | Iter 36] iter_best: cost=3880550506.85  viol=2203307921.7655  obj=2207188472272.38 | gbest: cost=3880550506.85  viol=2203307921.7655  obj=2207188472272.38
[Run 16 | Iter 37] iter_best: cost=3881500616.44  viol=2201139047.8935  obj=2205020548509.93 | gbest: cost=3881500616.44  viol=2201139047.8935  obj=2205020548509.93
[Run 16 | FE 1536] best_local_obj=2204847196356.67  best_local_cost=3871324219.18  best_local_viol=2200975872.1375
[Run 16 | Iter 38] iter_best: cost=3888951602.74  viol=2199137409.8933  obj=2203026361496.07 | gbest: cost=3888951602.74  viol=2199137409.8933  obj=2203026361496.07
[Run 16 | Iter 39] iter_best: cost=3896527616.44  viol=2197263240.1363  obj=2201159767752.70 | gbest: cost=3896527616.44  viol=2197263240.1363  obj=2201159767752.70
[Run 16 | Iter 40] iter_best: cost=3904453630.14  viol=2193454418.0839  obj=2197358871714.05 | gbest: cost=3904453630.14  viol=2193454418.0839  obj=2197358871714.05
[Run 16 | Iter 41] iter_best: cost=3901653246.58  viol=2189966067.3309  obj=2193867720577.46 | gbest: cost=3901653246.58  viol=2189966067.3309  obj=2193867720577.46
[Run 16 | Iter 42] iter_best: cost=3906853958.90  viol=2188170045.0153  obj=2192076898974.22 | gbest: cost=3906853958.90  viol=2188170045.0153  obj=2192076898974.22
[Run 16 | Iter 43] iter_best: cost=3918755547.95  viol=2182550679.7980  obj=2186469435345.93 | gbest: cost=3918755547.95  viol=2182550679.7980  obj=2186469435345.93
[Run 16 | FE 1792] best_local_obj=2185513040664.46  best_local_cost=3931307191.78  best_local_viol=2181581733.4727
[Run 16 | Iter 44] iter_best: cost=3931307191.78  viol=2181581733.4727  obj=2185513040664.46 | gbest: cost=3931307191.78  viol=2181581733.4727  obj=2185513040664.46
[Run 16 | Iter 45] iter_best: cost=3922706041.10  viol=2181985670.2535  obj=2185908376294.58 | gbest: cost=3931307191.78  viol=2181581733.4727  obj=2185513040664.46
[Run 16 | Iter 46] iter_best: cost=3918730520.55  viol=2179768640.4298  obj=2183687370950.33 | gbest: cost=3918730520.55  viol=2179768640.4298  obj=2183687370950.33
[Run 16 | Iter 47] iter_best: cost=3924306260.27  viol=2179481505.7466  obj=2183405812006.85 | gbest: cost=3924306260.27  viol=2179481505.7466  obj=2183405812006.85
[Run 16 | Iter 48] iter_best: cost=3929631945.21  viol=2178796236.2111  obj=2182725868156.29 | gbest: cost=3929631945.21  viol=2178796236.2111  obj=2182725868156.29
[Run 16 | Iter 49] iter_best: cost=3935907794.52  viol=2176811679.8867  obj=2180747587681.22 | gbest: cost=3935907794.52  viol=2176811679.8867  obj=2180747587681.22
[Run 16 | Iter 50] iter_best: cost=3930582054.79  viol=2175502588.0172  obj=2179433170071.98 | gbest: cost=3930582054.79  viol=2175502588.0172  obj=2179433170071.98
[Run 16 | FE 2048] best_local_obj=2176619026366.08  best_local_cost=3954835287.67  best_local_viol=2172664191.0784
[Run 16 | Iter 51] iter_best: cost=3954835287.67  viol=2172664191.0784  obj=2176619026366.08 | gbest: cost=3954835287.67  viol=2172664191.0784  obj=2176619026366.08
[Run 16 | Iter 52] iter_best: cost=3948709493.15  viol=2168932247.8866  obj=2172880957379.78 | gbest: cost=3948709493.15  viol=2168932247.8866  obj=2172880957379.78
[Run 16 | Iter 53] iter_best: cost=3955660369.86  viol=2169217351.0112  obj=2173173011381.07 | gbest: cost=3948709493.15  viol=2168932247.8866  obj=2172880957379.78
[Run 16 | Iter 54] iter_best: cost=3952184958.90  viol=2170571224.4810  obj=2174523409439.94 | gbest: cost=3948709493.15  viol=2168932247.8866  obj=2172880957379.78
[Run 16 | Iter 55] iter_best: cost=3947859383.56  viol=2170040434.9697  obj=2173988294353.27 | gbest: cost=3948709493.15  viol=2168932247.8866  obj=2172880957379.78
[Run 16 | Iter 56] iter_best: cost=3957635671.23  viol=2164989653.4540  obj=2168947289125.18 | gbest: cost=3957635671.23  viol=2164989653.4540  obj=2168947289125.18
[Run 16 | FE 2304] best_local_obj=2168947289125.18  best_local_cost=3957635671.23  best_local_viol=2164989653.4540
[Run 16 | Iter 57] iter_best: cost=3956010424.66  viol=2164817275.6412  obj=2168773286065.83 | gbest: cost=3956010424.66  viol=2164817275.6412  obj=2168773286065.83
[Run 16 | Iter 58] iter_best: cost=3971537479.45  viol=2163814784.3058  obj=2167786321785.24 | gbest: cost=3971537479.45  viol=2163814784.3058  obj=2167786321785.24
[Run 16 | Iter 59] iter_best: cost=3986439452.05  viol=2158120804.7207  obj=2162107244172.75 | gbest: cost=3986439452.05  viol=2158120804.7207  obj=2162107244172.75
[Run 16 | Iter 60] iter_best: cost=3992890328.77  viol=2159968145.4679  obj=2163961035796.72 | gbest: cost=3986439452.05  viol=2158120804.7207  obj=2162107244172.75
[Run 16 | Iter 61] iter_best: cost=3977513273.97  viol=2159655818.3122  obj=2163633331586.17 | gbest: cost=3986439452.05  viol=2158120804.7207  obj=2162107244172.75
[Run 16 | Iter 62] iter_best: cost=3982263876.71  viol=2160875973.5412  obj=2164858237417.89 | gbest: cost=3986439452.05  viol=2158120804.7207  obj=2162107244172.75
[Run 16 | FE 2560] best_local_obj=2162107244172.75  best_local_cost=3986439452.05  best_local_viol=2158120804.7207
[Run 16 | Iter 63] iter_best: cost=3971637479.45  viol=2158745125.7044  obj=2162716763183.86 | gbest: cost=3986439452.05  viol=2158120804.7207  obj=2162107244172.75
[Run 16 | Iter 64] iter_best: cost=3982163876.71  viol=2160209094.3022  obj=2164191258178.91 | gbest: cost=3986439452.05  viol=2158120804.7207  obj=2162107244172.75
[Run 16 | Iter 65] iter_best: cost=3982788958.90  viol=2159057689.4529  obj=2163040478411.85 | gbest: cost=3986439452.05  viol=2158120804.7207  obj=2162107244172.75
[Run 16 | Iter 66] iter_best: cost=3982263876.71  viol=2158470350.9320  obj=2162452614808.71 | gbest: cost=3986439452.05  viol=2158120804.7207  obj=2162107244172.75
[Run 16 | Iter 67] iter_best: cost=3976338082.19  viol=2157097393.0882  obj=2161073731170.37 | gbest: cost=3976338082.19  viol=2157097393.0882  obj=2161073731170.37
[Run 16 | Iter 68] iter_best: cost=3976113054.79  viol=2155568913.9551  obj=2159545027009.90 | gbest: cost=3976113054.79  viol=2155568913.9551  obj=2159545027009.90
[Run 16 | Iter 69] iter_best: cost=3980213547.95  viol=2154782645.9010  obj=2158762859448.90 | gbest: cost=3980213547.95  viol=2154782645.9010  obj=2158762859448.90
[Run 16 | FE 2816] best_local_obj=2157734306828.95  best_local_cost=3983864041.10  best_local_viol=2153750442.7879
[Run 16 | Iter 70] iter_best: cost=3987939616.44  viol=2153384135.8864  obj=2157372075502.87 | gbest: cost=3987939616.44  viol=2153384135.8864  obj=2157372075502.87
[Run 16 | Iter 71] iter_best: cost=3985939342.47  viol=2152042269.4606  obj=2156028208803.11 | gbest: cost=3985939342.47  viol=2152042269.4606  obj=2156028208803.11
[Run 16 | Iter 72] iter_best: cost=3990614972.60  viol=2151333325.2182  obj=2155323940190.83 | gbest: cost=3990614972.60  viol=2151333325.2182  obj=2155323940190.83
[Run 16 | Iter 73] iter_best: cost=4002641534.25  viol=2151166479.0229  obj=2155169120557.19 | gbest: cost=4002641534.25  viol=2151166479.0229  obj=2155169120557.19
[Run 16 | Iter 74] iter_best: cost=4002491534.25  viol=2148306398.2210  obj=2152308889755.26 | gbest: cost=4002491534.25  viol=2148306398.2210  obj=2152308889755.26
[Run 16 | Iter 75] iter_best: cost=4008117273.97  viol=2145835386.4619  obj=2149843503735.87 | gbest: cost=4008117273.97  viol=2145835386.4619  obj=2149843503735.87
[Run 16 | FE 3072] best_local_obj=2149068716857.74  best_local_cost=4002516506.85  best_local_viol=2145066200.3509
[Run 16 | Iter 76] iter_best: cost=4002516506.85  viol=2145066200.3509  obj=2149068716857.74 | gbest: cost=4002516506.85  viol=2145066200.3509  obj=2149068716857.74
[Run 16 | Iter 77] iter_best: cost=4008892356.16  viol=2143614836.8917  obj=2147623729247.86 | gbest: cost=4008892356.16  viol=2143614836.8917  obj=2147623729247.86
[Run 16 | Iter 78] iter_best: cost=4007092136.99  viol=2143776188.8010  obj=2147783280937.98 | gbest: cost=4008892356.16  viol=2143614836.8917  obj=2147623729247.86
[Run 16 | Iter 79] iter_best: cost=4019693780.82  viol=2142669098.2782  obj=2146688792058.98 | gbest: cost=4019693780.82  viol=2142669098.2782  obj=2146688792058.98
[Run 16 | Iter 80] iter_best: cost=4020693945.21  viol=2142112626.2119  obj=2146133320157.07 | gbest: cost=4020693945.21  viol=2142112626.2119  obj=2146133320157.07
[Run 16 | Iter 81] iter_best: cost=4021694054.79  viol=2140291362.1573  obj=2144313056212.06 | gbest: cost=4021694054.79  viol=2140291362.1573  obj=2144313056212.06
[Run 16 | Iter 82] iter_best: cost=4042646849.32  viol=2138681019.5983  obj=2142723666447.58 | gbest: cost=4042646849.32  viol=2138681019.5983  obj=2142723666447.58
[Run 16 | FE 3328] best_local_obj=2142723666447.58  best_local_cost=4042646849.32  best_local_viol=2138681019.5983
[Run 16 | Iter 83] iter_best: cost=4041021657.53  viol=2132947937.3789  obj=2136988959036.40 | gbest: cost=4041021657.53  viol=2132947937.3789  obj=2136988959036.40
[Run 16 | Iter 84] iter_best: cost=4044497123.29  viol=2133548504.0178  obj=2137593001141.08 | gbest: cost=4041021657.53  viol=2132947937.3789  obj=2136988959036.40
[Run 16 | Iter 85] iter_best: cost=4041621712.33  viol=2133618895.0623  obj=2137660516774.59 | gbest: cost=4041021657.53  viol=2132947937.3789  obj=2136988959036.40
[Run 16 | Iter 86] iter_best: cost=4038571328.77  viol=2132250810.9003  obj=2136289382229.05 | gbest: cost=4038571328.77  viol=2132250810.9003  obj=2136289382229.05
[Run 16 | Iter 87] iter_best: cost=4042171821.92  viol=2131630731.1662  obj=2135672902988.08 | gbest: cost=4042171821.92  viol=2131630731.1662  obj=2135672902988.08
[Run 16 | Iter 88] iter_best: cost=4041296684.93  viol=2132232199.3242  obj=2136273496009.09 | gbest: cost=4042171821.92  viol=2131630731.1662  obj=2135672902988.08
[Run 16 | FE 3584] best_local_obj=2135672902988.08  best_local_cost=4042171821.92  best_local_viol=2131630731.1662
[Run 16 | Iter 89] iter_best: cost=4040221547.95  viol=2131796345.5281  obj=2135836567076.01 | gbest: cost=4042171821.92  viol=2131630731.1662  obj=2135672902988.08
[Run 16 | Iter 90] iter_best: cost=4047572534.25  viol=2132499150.2826  obj=2136546722816.81 | gbest: cost=4042171821.92  viol=2131630731.1662  obj=2135672902988.08
[Run 16 | Iter 91] iter_best: cost=4046197342.47  viol=2132377815.2552  obj=2136424012597.68 | gbest: cost=4042171821.92  viol=2131630731.1662  obj=2135672902988.08
[Run 16 | Iter 92] iter_best: cost=4039546465.75  viol=2130871124.9742  obj=2134910671439.92 | gbest: cost=4039546465.75  viol=2130871124.9742  obj=2134910671439.92
[Run 16 | Iter 93] iter_best: cost=4046147342.47  viol=2130619448.5192  obj=2134665595861.63 | gbest: cost=4046147342.47  viol=2130619448.5192  obj=2134665595861.63
[Run 16 | Iter 94] iter_best: cost=4043171931.51  viol=2130826468.4411  obj=2134869640372.59 | gbest: cost=4046147342.47  viol=2130619448.5192  obj=2134665595861.63
[Run 16 | FE 3840] best_local_obj=2133908400662.23  best_local_cost=4047397506.85  best_local_viol=2129861003.1554
[Run 16 | Iter 95] iter_best: cost=4047397506.85  viol=2129861003.1554  obj=2133908400662.23 | gbest: cost=4047397506.85  viol=2129861003.1554  obj=2133908400662.23
[Run 16 | Iter 96] iter_best: cost=4040721602.74  viol=2130414129.1706  obj=2134454850773.32 | gbest: cost=4047397506.85  viol=2129861003.1554  obj=2133908400662.23
[Run 16 | Iter 97] iter_best: cost=4043071931.51  viol=2129688146.7014  obj=2133731218632.89 | gbest: cost=4043071931.51  viol=2129688146.7014  obj=2133731218632.89
[Run 16 | Iter 98] iter_best: cost=4047972589.04  viol=2129527909.1853  obj=2133575881774.35 | gbest: cost=4047972589.04  viol=2129527909.1853  obj=2133575881774.35
[Run 16 | Iter 99] iter_best: cost=4042971931.51  viol=2129881099.6553  obj=2133924071586.80 | gbest: cost=4047972589.04  viol=2129527909.1853  obj=2133575881774.35
[Run 16 | Iter 100] iter_best: cost=4048772698.63  viol=2129343187.5953  obj=2133391960293.91 | gbest: cost=4048772698.63  viol=2129343187.5953  obj=2133391960293.91
[Run 16 | Iter 101] iter_best: cost=4051398054.79  viol=2129223506.2235  obj=2133274904278.27 | gbest: cost=4051398054.79  viol=2129223506.2235  obj=2133274904278.27
[Run 16 | FE 4096] best_local_obj=2133274904278.27  best_local_cost=4051398054.79  best_local_viol=2129223506.2235
[Run 16 | Iter 102] iter_best: cost=4051673082.19  viol=2129720137.3793  obj=2133771810461.50 | gbest: cost=4051398054.79  viol=2129223506.2235  obj=2133274904278.27
[Run 16 | Iter 103] iter_best: cost=4056173684.93  viol=2130085436.9281  obj=2134141610613.04 | gbest: cost=4051398054.79  viol=2129223506.2235  obj=2133274904278.27
[Run 16 | Iter 104] iter_best: cost=4045647287.67  viol=2129100666.7924  obj=2133146314080.05 | gbest: cost=4045647287.67  viol=2129100666.7924  obj=2133146314080.05
[Run 16 | Iter 105] iter_best: cost=4048597671.23  viol=2129965315.6863  obj=2134013913357.54 | gbest: cost=4045647287.67  viol=2129100666.7924  obj=2133146314080.05
[Run 16 | Iter 106] iter_best: cost=4047997616.44  viol=2128996397.8431  obj=2133044395459.53 | gbest: cost=4047997616.44  viol=2128996397.8431  obj=2133044395459.53
[Run 16 | Iter 107] iter_best: cost=4048722698.63  viol=2129483120.1814  obj=2133531842880.01 | gbest: cost=4047997616.44  viol=2128996397.8431  obj=2133044395459.53
[Run 16 | FE 4352] best_local_obj=2132530691407.28  best_local_cost=4045372260.27  best_local_viol=2128485319.1470
[Run 16 | Iter 108] iter_best: cost=4045372260.27  viol=2128485319.1470  obj=2132530691407.28 | gbest: cost=4045372260.27  viol=2128485319.1470  obj=2132530691407.28
[Run 16 | Iter 109] iter_best: cost=4054423465.75  viol=2129059039.9532  obj=2133113463418.96 | gbest: cost=4045372260.27  viol=2128485319.1470  obj=2132530691407.28
[Run 16 | Iter 110] iter_best: cost=4047647561.64  viol=2128336145.3283  obj=2132383792889.95 | gbest: cost=4047647561.64  viol=2128336145.3283  obj=2132383792889.95
[Run 16 | Iter 111] iter_best: cost=4045322260.27  viol=2128151375.3714  obj=2132196697631.67 | gbest: cost=4045322260.27  viol=2128151375.3714  obj=2132196697631.67
[Run 16 | Iter 112] iter_best: cost=4049072753.42  viol=2128339612.2164  obj=2132388684969.82 | gbest: cost=4045322260.27  viol=2128151375.3714  obj=2132196697631.67
[Run 16 | Iter 113] iter_best: cost=4050647945.21  viol=2127574949.6023  obj=2131625597547.50 | gbest: cost=4050647945.21  viol=2127574949.6023  obj=2131625597547.50
[Run 16 | Iter 114] iter_best: cost=4042971931.51  viol=2127941827.4865  obj=2131984799418.00 | gbest: cost=4050647945.21  viol=2127574949.6023  obj=2131625597547.50
[Run 16 | FE 4608] best_local_obj=2131124921223.39  best_local_cost=4050998000.00  best_local_viol=2127073923.2234
[Run 16 | Iter 115] iter_best: cost=4058924068.49  viol=2126115679.2258  obj=2130174603294.29 | gbest: cost=4058924068.49  viol=2126115679.2258  obj=2130174603294.29
[Run 16 | Iter 116] iter_best: cost=4060974342.47  viol=2126206846.5224  obj=2130267820864.86 | gbest: cost=4058924068.49  viol=2126115679.2258  obj=2130174603294.29
[Run 16 | Iter 117] iter_best: cost=4060024178.08  viol=2126542550.6155  obj=2130602574793.59 | gbest: cost=4058924068.49  viol=2126115679.2258  obj=2130174603294.29
[Run 16 | Iter 118] iter_best: cost=4061249369.86  viol=2126357457.6183  obj=2130418706988.17 | gbest: cost=4058924068.49  viol=2126115679.2258  obj=2130174603294.29
[Run 16 | Iter 119] iter_best: cost=4047072479.45  viol=2126522659.1058  obj=2130569731585.25 | gbest: cost=4058924068.49  viol=2126115679.2258  obj=2130174603294.29
[Run 16 | Iter 120] iter_best: cost=4055273575.34  viol=2125792465.2671  obj=2129847738842.45 | gbest: cost=4055273575.34  viol=2125792465.2671  obj=2129847738842.45
[Run 16 | FE 4864] best_local_obj=2129847738842.45  best_local_cost=4055273575.34  best_local_viol=2125792465.2671
[Run 16 | Iter 121] iter_best: cost=4058724013.70  viol=2126040109.3565  obj=2130098833370.21 | gbest: cost=4055273575.34  viol=2125792465.2671  obj=2129847738842.45
[Run 16 | Iter 122] iter_best: cost=4059874178.08  viol=2125489539.6135  obj=2129549413791.59 | gbest: cost=4059874178.08  viol=2125489539.6135  obj=2129549413791.59
[Run 16 | Iter 123] iter_best: cost=4060374232.88  viol=2124664601.8257  obj=2128724976058.57 | gbest: cost=4060374232.88  viol=2124664601.8257  obj=2128724976058.57
[Run 16 | Iter 124] iter_best: cost=4056123684.93  viol=2124392378.5617  obj=2128448502246.62 | gbest: cost=4056123684.93  viol=2124392378.5617  obj=2128448502246.62
[Run 16 | Iter 125] iter_best: cost=4061399369.86  viol=2123743681.7349  obj=2127805081104.76 | gbest: cost=4061399369.86  viol=2123743681.7349  obj=2127805081104.76
[Run 16 | Iter 126] iter_best: cost=4073325931.51  viol=2121801270.6890  obj=2125874596620.47 | gbest: cost=4073325931.51  viol=2121801270.6890  obj=2125874596620.47
[Run 16 | FE 5120] best_local_obj=2123549335316.03  best_local_cost=4070750630.14  best_local_viol=2119478584.6859
[Run 16 | Iter 127] iter_best: cost=4070750630.14  viol=2119478584.6859  obj=2123549335316.03 | gbest: cost=4070750630.14  viol=2119478584.6859  obj=2123549335316.03
[Run 16 | Iter 128] iter_best: cost=4074901178.08  viol=2117210649.6187  obj=2121285550796.78 | gbest: cost=4074901178.08  viol=2117210649.6187  obj=2121285550796.78
[Run 16 | Iter 129] iter_best: cost=4076151342.47  viol=2116164623.8859  obj=2120240775228.33 | gbest: cost=4076151342.47  viol=2116164623.8859  obj=2120240775228.33
[Run 16 | Iter 130] iter_best: cost=4080451890.41  viol=2114950013.1173  obj=2119030465007.67 | gbest: cost=4080451890.41  viol=2114950013.1173  obj=2119030465007.67
[Run 16 | Iter 131] iter_best: cost=4077351452.05  viol=2114622508.8049  obj=2118699860257.00 | gbest: cost=4077351452.05  viol=2114622508.8049  obj=2118699860257.00
[Run 16 | Iter 132] iter_best: cost=4088828013.70  viol=2113920089.7059  obj=2118008917719.56 | gbest: cost=4088828013.70  viol=2113920089.7059  obj=2118008917719.56
[Run 16 | Iter 133] iter_best: cost=4094828780.82  viol=2113769789.5292  obj=2117864618310.06 | gbest: cost=4094828780.82  viol=2113769789.5292  obj=2117864618310.06
[Run 16 | FE 5376] best_local_obj=2117384229951.23  best_local_cost=4089653095.89  best_local_viol=2113294576.8553
[Run 16 | Iter 134] iter_best: cost=4090528232.88  viol=2111342573.3833  obj=2115433101616.21 | gbest: cost=4090528232.88  viol=2111342573.3833  obj=2115433101616.21
[Run 16 | Iter 135] iter_best: cost=4092228452.05  viol=2111772217.6747  obj=2115864446126.79 | gbest: cost=4090528232.88  viol=2111342573.3833  obj=2115433101616.21
[Run 16 | Iter 136] iter_best: cost=4083927356.16  viol=2111723665.0854  obj=2115807592441.60 | gbest: cost=4090528232.88  viol=2111342573.3833  obj=2115433101616.21
[Run 16 | Iter 137] iter_best: cost=4103279931.51  viol=2109118017.2113  obj=2113221297142.84 | gbest: cost=4103279931.51  viol=2109118017.2113  obj=2113221297142.84
[Run 16 | Iter 138] iter_best: cost=4104255068.49  viol=2109534039.7867  obj=2113638294855.23 | gbest: cost=4103279931.51  viol=2109118017.2113  obj=2113221297142.84
[Run 16 | Iter 139] iter_best: cost=4107305452.05  viol=2107777439.5735  obj=2111884745025.59 | gbest: cost=4107305452.05  viol=2107777439.5735  obj=2111884745025.59
[Run 16 | FE 5632] best_local_obj=2110218972094.70  best_local_cost=4114006328.77  best_local_viol=2106104965.7659
[Run 16 | Iter 140] iter_best: cost=4114006328.77  viol=2106104965.7659  obj=2110218972094.70 | gbest: cost=4114006328.77  viol=2106104965.7659  obj=2110218972094.70
[Run 16 | Iter 141] iter_best: cost=4108930643.84  viol=2105537662.7847  obj=2109646593428.52 | gbest: cost=4108930643.84  viol=2105537662.7847  obj=2109646593428.52
[Run 16 | Iter 142] iter_best: cost=4112006054.79  viol=2105229796.9032  obj=2109341802957.98 | gbest: cost=4112006054.79  viol=2105229796.9032  obj=2109341802957.98
[Run 16 | Iter 143] iter_best: cost=4114531410.96  viol=2103673316.9921  obj=2107787848403.04 | gbest: cost=4114531410.96  viol=2103673316.9921  obj=2107787848403.04
[Run 16 | Iter 144] iter_best: cost=4114131356.16  viol=2104312752.5435  obj=2108426883899.65 | gbest: cost=4114531410.96  viol=2103673316.9921  obj=2107787848403.04
[Run 16 | Iter 145] iter_best: cost=4116806712.33  viol=2104044781.0843  obj=2108161587796.64 | gbest: cost=4114531410.96  viol=2103673316.9921  obj=2107787848403.04
[Run 16 | Iter 146] iter_best: cost=4110255835.62  viol=2103723904.2256  obj=2107834160061.20 | gbest: cost=4114531410.96  viol=2103673316.9921  obj=2107787848403.04
[Run 16 | FE 5888] best_local_obj=2107787848403.04  best_local_cost=4114531410.96  best_local_viol=2103673316.9921
[Run 16 | Iter 147] iter_best: cost=4105930260.27  viol=2103695109.5111  obj=2107801039771.36 | gbest: cost=4114531410.96  viol=2103673316.9921  obj=2107787848403.04
[Run 16 | Iter 148] iter_best: cost=4118856986.30  viol=2104303794.8066  obj=2108422651792.88 | gbest: cost=4114531410.96  viol=2103673316.9921  obj=2107787848403.04
[Run 16 | Iter 149] iter_best: cost=4119482068.49  viol=2103673316.9921  obj=2107792799060.57 | gbest: cost=4114531410.96  viol=2103673316.9921  obj=2107787848403.04
[Run 16 | Iter 150] iter_best: cost=4118856986.30  viol=2103673316.9921  obj=2107792173978.38 | gbest: cost=4114531410.96  viol=2103673316.9921  obj=2107787848403.04
[Run 16 | Iter 151] iter_best: cost=4111856054.79  viol=2103591992.7826  obj=2107703848837.38 | gbest: cost=4111856054.79  viol=2103591992.7826  obj=2107703848837.38
[Run 16 | Iter 152] iter_best: cost=4115956602.74  viol=2103308167.0908  obj=2107424123693.52 | gbest: cost=4115956602.74  viol=2103308167.0908  obj=2107424123693.52
[Run 16 | FE 6144] best_local_obj=2107424123693.52  best_local_cost=4115956602.74  best_local_viol=2103308167.0908
[Run 16 | Iter 153] iter_best: cost=4118906986.30  viol=2103439116.3651  obj=2107558023351.38 | gbest: cost=4115956602.74  viol=2103308167.0908  obj=2107424123693.52
[Run 16 | Iter 154] iter_best: cost=4110505890.41  viol=2103528291.5484  obj=2107638797438.82 | gbest: cost=4115956602.74  viol=2103308167.0908  obj=2107424123693.52
[Run 16 | Iter 155] iter_best: cost=4113581301.37  viol=2103196168.6439  obj=2107309749945.28 | gbest: cost=4113581301.37  viol=2103196168.6439  obj=2107309749945.28
[Run 16 | Iter 156] iter_best: cost=4117606821.92  viol=2103341193.9896  obj=2107458800811.50 | gbest: cost=4113581301.37  viol=2103196168.6439  obj=2107309749945.28
[Run 16 | Iter 157] iter_best: cost=4116881739.73  viol=2103196168.6439  obj=2107313050383.64 | gbest: cost=4113581301.37  viol=2103196168.6439  obj=2107309749945.28
[Run 16 | Iter 158] iter_best: cost=4118131904.11  viol=2103122321.5463  obj=2107240453450.42 | gbest: cost=4118131904.11  viol=2103122321.5463  obj=2107240453450.42
[Run 16 | FE 6400] best_local_obj=2107240453450.42  best_local_cost=4118131904.11  best_local_viol=2103122321.5463
[Run 16 | Iter 159] iter_best: cost=4115506547.95  viol=2103164696.4814  obj=2107280203029.33 | gbest: cost=4118131904.11  viol=2103122321.5463  obj=2107240453450.42
[Run 16 | Iter 160] iter_best: cost=4115506547.95  viol=2103182240.4248  obj=2107297746972.73 | gbest: cost=4118131904.11  viol=2103122321.5463  obj=2107240453450.42
[Run 16 | Iter 161] iter_best: cost=4120457205.48  viol=2102977734.7816  obj=2107098191987.06 | gbest: cost=4120457205.48  viol=2102977734.7816  obj=2107098191987.06
[Run 16 | Iter 162] iter_best: cost=4121832397.26  viol=2102931348.3775  obj=2107053180774.77 | gbest: cost=4121832397.26  viol=2102931348.3775  obj=2107053180774.77
[Run 16 | Iter 163] iter_best: cost=4118531958.90  viol=2102931348.3775  obj=2107049880336.42 | gbest: cost=4118531958.90  viol=2102931348.3775  obj=2107049880336.42
[Run 16 | Iter 164] iter_best: cost=4120182178.08  viol=2101860726.3775  obj=2105980908555.59 | gbest: cost=4120182178.08  viol=2101860726.3775  obj=2105980908555.59
[Run 16 | Iter 165] iter_best: cost=4125482890.41  viol=2101823325.2495  obj=2105948808139.92 | gbest: cost=4125482890.41  viol=2101823325.2495  obj=2105948808139.92
[Run 16 | FE 6656] best_local_obj=2105948808139.92  best_local_cost=4125482890.41  best_local_viol=2101823325.2495
[Run 16 | Iter 166] iter_best: cost=4126107972.60  viol=2100929694.5086  obj=2105055802481.21 | gbest: cost=4126107972.60  viol=2100929694.5086  obj=2105055802481.21
[Run 16 | Iter 167] iter_best: cost=4126057972.60  viol=2100892293.3806  obj=2105018351353.21 | gbest: cost=4126057972.60  viol=2100892293.3806  obj=2105018351353.21
[Run 16 | Iter 168] iter_best: cost=4124407753.42  viol=2100859266.6238  obj=2104983674377.24 | gbest: cost=4124407753.42  viol=2100859266.6238  obj=2104983674377.24
[Run 16 | Iter 169] iter_best: cost=4123782671.23  viol=2100859266.6238  obj=2104983049295.04 | gbest: cost=4123782671.23  viol=2100859266.6238  obj=2104983049295.04
[Run 16 | Iter 170] iter_best: cost=4125432890.41  viol=2100782401.6486  obj=2104907834539.02 | gbest: cost=4125432890.41  viol=2100782401.6486  obj=2104907834539.02
[Run 16 | Iter 171] iter_best: cost=4122132452.05  viol=2100800228.1602  obj=2104922360612.27 | gbest: cost=4125432890.41  viol=2100782401.6486  obj=2104907834539.02
[Run 16 | FE 6912] best_local_obj=2104907834539.02  best_local_cost=4125432890.41  best_local_viol=2100782401.6486
[Run 16 | Iter 172] iter_best: cost=4127083109.59  viol=2100782401.6486  obj=2104909484758.20 | gbest: cost=4125432890.41  viol=2100782401.6486  obj=2104907834539.02
[Run 16 | Iter 173] iter_best: cost=4130483547.95  viol=2100345085.7376  obj=2104475569285.53 | gbest: cost=4130483547.95  viol=2100345085.7376  obj=2104475569285.53
[Run 16 | Iter 174] iter_best: cost=4130383547.95  viol=2098671204.3494  obj=2102801587897.33 | gbest: cost=4130383547.95  viol=2098671204.3494  obj=2102801587897.33
[Run 16 | Iter 175] iter_best: cost=4132783876.71  viol=2097467737.7776  obj=2101600521654.29 | gbest: cost=4132783876.71  viol=2097467737.7776  obj=2101600521654.29
[Run 16 | Iter 176] iter_best: cost=4132783876.71  viol=2097467844.9663  obj=2101600628842.99 | gbest: cost=4132783876.71  viol=2097467737.7776  obj=2101600521654.29
[Run 16 | Iter 177] iter_best: cost=4140009835.62  viol=2097334212.6789  obj=2101474222514.50 | gbest: cost=4140009835.62  viol=2097334212.6789  obj=2101474222514.50
[Run 16 | Iter 178] iter_best: cost=4136034315.07  viol=2097334212.6789  obj=2101470246993.95 | gbest: cost=4136034315.07  viol=2097334212.6789  obj=2101470246993.95
[Run 16 | FE 7168] best_local_obj=2101470246993.95  best_local_cost=4136034315.07  best_local_viol=2097334212.6789
[Run 16 | Iter 179] iter_best: cost=4134484095.89  viol=2097158921.0548  obj=2101293405150.67 | gbest: cost=4134484095.89  viol=2097158921.0548  obj=2101293405150.67
[Run 16 | Iter 180] iter_best: cost=4143135246.58  viol=2096518186.2573  obj=2100661321503.86 | gbest: cost=4143135246.58  viol=2096518186.2573  obj=2100661321503.86
[Run 16 | Iter 181] iter_best: cost=4133183931.51  viol=2096483531.9301  obj=2100616715861.59 | gbest: cost=4133183931.51  viol=2096483531.9301  obj=2100616715861.59
[Run 16 | Iter 182] iter_best: cost=4135159178.08  viol=2095653559.8921  obj=2099788719070.16 | gbest: cost=4135159178.08  viol=2095653559.8921  obj=2099788719070.16
[Run 16 | Iter 183] iter_best: cost=4135559232.88  viol=2095318588.6266  obj=2099454147859.46 | gbest: cost=4135559232.88  viol=2095318588.6266  obj=2099454147859.46
[Run 16 | Iter 184] iter_best: cost=4137834534.25  viol=2094267412.7387  obj=2098405247272.90 | gbest: cost=4137834534.25  viol=2094267412.7387  obj=2098405247272.90
[Run 16 | FE 7424] best_local_obj=2098405247272.90  best_local_cost=4137834534.25  best_local_viol=2094267412.7387
[Run 16 | Iter 185] iter_best: cost=4136234315.07  viol=2093998062.2432  obj=2098134296558.22 | gbest: cost=4136234315.07  viol=2093998062.2432  obj=2098134296558.22
[Run 16 | Iter 186] iter_best: cost=4140159835.62  viol=2093380697.7480  obj=2097520857583.57 | gbest: cost=4140159835.62  viol=2093380697.7480  obj=2097520857583.57
[Run 16 | Iter 187] iter_best: cost=4135534205.48  viol=2092988331.9740  obj=2097123866179.43 | gbest: cost=4135534205.48  viol=2092988331.9740  obj=2097123866179.43
[Run 16 | Iter 188] iter_best: cost=4144085356.16  viol=2093454277.4144  obj=2097598362770.52 | gbest: cost=4135534205.48  viol=2092988331.9740  obj=2097123866179.43
[Run 16 | Iter 189] iter_best: cost=4135484205.48  viol=2092702749.1956  obj=2096838233401.03 | gbest: cost=4135484205.48  viol=2092702749.1956  obj=2096838233401.03
[Run 16 | Iter 190] iter_best: cost=4128783328.77  viol=2092375722.2247  obj=2096504505553.42 | gbest: cost=4128783328.77  viol=2092375722.2247  obj=2096504505553.42
[Run 16 | FE 7680] best_local_obj=2095806286098.73  best_local_cost=4135259178.08  best_local_viol=2091671026.9207
[Run 16 | Iter 191] iter_best: cost=4135259178.08  viol=2091671026.9207  obj=2095806286098.73 | gbest: cost=4135259178.08  viol=2091671026.9207  obj=2095806286098.73
[Run 16 | Iter 192] iter_best: cost=4146310657.53  viol=2091779214.6507  obj=2095925525308.18 | gbest: cost=4135259178.08  viol=2091671026.9207  obj=2095806286098.73
[Run 16 | Iter 193] iter_best: cost=4138859671.23  viol=2091407344.8791  obj=2095546204550.28 | gbest: cost=4138859671.23  viol=2091407344.8791  obj=2095546204550.28
[Run 16 | Iter 194] iter_best: cost=4139534753.42  viol=2091151957.7628  obj=2095291492516.18 | gbest: cost=4139534753.42  viol=2091151957.7628  obj=2095291492516.18
[Run 16 | Iter 195] iter_best: cost=4150761260.27  viol=2090680754.6070  obj=2094831515867.23 | gbest: cost=4150761260.27  viol=2090680754.6070  obj=2094831515867.23
[Run 16 | Iter 196] iter_best: cost=4143585301.37  viol=2090481476.3651  obj=2094625061666.42 | gbest: cost=4143585301.37  viol=2090481476.3651  obj=2094625061666.42
[Run 16 | Iter 197] iter_best: cost=4143810328.77  viol=2090543065.7052  obj=2094686876033.92 | gbest: cost=4143585301.37  viol=2090481476.3651  obj=2094625061666.42
[Run 16 | FE 7936] best_local_obj=2094625061666.42  best_local_cost=4143585301.37  best_local_viol=2090481476.3651
[Run 16 | Iter 198] iter_best: cost=4141134972.60  viol=2090732275.3014  obj=2094873410273.95 | gbest: cost=4143585301.37  viol=2090481476.3651  obj=2094625061666.42
[Run 16 | Iter 199] iter_best: cost=4148886013.70  viol=2090348631.6313  obj=2094497517644.95 | gbest: cost=4148886013.70  viol=2090348631.6313  obj=2094497517644.95
[Run 16 | Iter 200] iter_best: cost=4141985082.19  viol=2090673761.5851  obj=2094815746667.24 | gbest: cost=4148886013.70  viol=2090348631.6313  obj=2094497517644.95
[Run 16 | Iter 201] iter_best: cost=4145860602.74  viol=2090507860.1288  obj=2094653720731.49 | gbest: cost=4148886013.70  viol=2090348631.6313  obj=2094497517644.95
[Run 16 | Iter 202] iter_best: cost=4146885739.73  viol=2090496317.5626  obj=2094643203302.28 | gbest: cost=4148886013.70  viol=2090348631.6313  obj=2094497517644.95
[Run 16 | Iter 203] iter_best: cost=4150486232.88  viol=2090323471.8386  obj=2094473958071.43 | gbest: cost=4150486232.88  viol=2090323471.8386  obj=2094473958071.43
[Run 16 | FE 8192] best_local_obj=2094473958071.43  best_local_cost=4150486232.88  best_local_viol=2090323471.8386
[Run 16 | Iter 204] iter_best: cost=4151511369.86  viol=2090323471.8386  obj=2094474983208.41 | gbest: cost=4150486232.88  viol=2090323471.8386  obj=2094473958071.43
[Run 16 | Iter 205] iter_best: cost=4145760602.74  viol=2090387025.8694  obj=2094532786472.09 | gbest: cost=4150486232.88  viol=2090323471.8386  obj=2094473958071.43
[Run 16 | Iter 206] iter_best: cost=4149511095.89  viol=2090348631.6313  obj=2094498142727.14 | gbest: cost=4150486232.88  viol=2090323471.8386  obj=2094473958071.43
[Run 16 | Iter 207] iter_best: cost=4151511369.86  viol=2090323471.8386  obj=2094474983208.41 | gbest: cost=4150486232.88  viol=2090323471.8386  obj=2094473958071.43
[Run 16 | Iter 208] iter_best: cost=4152136452.05  viol=2089618842.5059  obj=2093770978957.91 | gbest: cost=4152136452.05  viol=2089618842.5059  obj=2093770978957.91
[Run 16 | Iter 209] iter_best: cost=4152761534.25  viol=2089625985.4644  obj=2093778746998.60 | gbest: cost=4152136452.05  viol=2089618842.5059  obj=2093770978957.91
[Run 16 | Iter 210] iter_best: cost=4151511369.86  viol=2089590248.2206  obj=2093741759590.41 | gbest: cost=4151511369.86  viol=2089590248.2206  obj=2093741759590.41
[Run 16 | FE 8448] best_local_obj=2093096784050.39  best_local_cost=4153561643.84  best_local_viol=2088943222.4066
[Run 16 | Iter 211] iter_best: cost=4153561643.84  viol=2088943222.4066  obj=2093096784050.39 | gbest: cost=4153561643.84  viol=2088943222.4066  obj=2093096784050.39
[Run 16 | Iter 212] iter_best: cost=4157537164.38  viol=2088575520.0752  obj=2092733057239.53 | gbest: cost=4157537164.38  viol=2088575520.0752  obj=2092733057239.53
[Run 16 | Iter 213] iter_best: cost=4156512027.40  viol=2088299204.3614  obj=2092455716388.75 | gbest: cost=4156512027.40  viol=2088299204.3614  obj=2092455716388.75
[Run 16 | Iter 214] iter_best: cost=4161187657.53  viol=2088157884.1704  obj=2092319071827.89 | gbest: cost=4161187657.53  viol=2088157884.1704  obj=2092319071827.89
[Run 16 | Iter 215] iter_best: cost=4152761534.25  viol=2088653925.1786  obj=2092806686712.80 | gbest: cost=4161187657.53  viol=2088157884.1704  obj=2092319071827.89
[Run 16 | Iter 216] iter_best: cost=4162437821.92  viol=2087759998.5880  obj=2091922436409.87 | gbest: cost=4162437821.92  viol=2087759998.5880  obj=2091922436409.87
[Run 16 | FE 8704] best_local_obj=2091771889247.17  best_local_cost=4170063835.62  best_local_viol=2087601825.4116
[Run 16 | Iter 217] iter_best: cost=4170063835.62  viol=2087601825.4116  obj=2091771889247.17 | gbest: cost=4170063835.62  viol=2087601825.4116  obj=2091771889247.17
[Run 16 | Iter 218] iter_best: cost=4165563232.88  viol=2087880310.8131  obj=2092045874045.93 | gbest: cost=4170063835.62  viol=2087601825.4116  obj=2091771889247.17
[Run 16 | Iter 219] iter_best: cost=4167388479.45  viol=2087601825.4116  obj=2091769213891.00 | gbest: cost=4167388479.45  viol=2087601825.4116  obj=2091769213891.00
[Run 16 | Iter 220] iter_best: cost=4163462958.90  viol=2087601825.4116  obj=2091765288370.46 | gbest: cost=4163462958.90  viol=2087601825.4116  obj=2091765288370.46
[Run 16 | Iter 221] iter_best: cost=4167163452.05  viol=2087551341.3567  obj=2091718504808.71 | gbest: cost=4167163452.05  viol=2087551341.3567  obj=2091718504808.71
[Run 16 | Iter 222] iter_best: cost=4167163452.05  viol=2087454739.2731  obj=2091621902725.11 | gbest: cost=4167163452.05  viol=2087454739.2731  obj=2091621902725.11
[Run 16 | FE 8960] best_local_obj=2091621902725.11  best_local_cost=4167163452.05  best_local_viol=2087454739.2731
[Run 16 | Iter 223] iter_best: cost=4165513232.88  viol=2087532947.1846  obj=2091698460417.43 | gbest: cost=4167163452.05  viol=2087454739.2731  obj=2091621902725.11
[Run 16 | Iter 224] iter_best: cost=4161412684.93  viol=2087748282.3370  obj=2091909695021.88 | gbest: cost=4167163452.05  viol=2087454739.2731  obj=2091621902725.11
[Run 16 | Iter 225] iter_best: cost=4167163452.05  viol=2087454739.2731  obj=2091621902725.11 | gbest: cost=4167163452.05  viol=2087454739.2731  obj=2091621902725.11
[Run 16 | Iter 226] iter_best: cost=4166763397.26  viol=2087229635.5824  obj=2091396398979.61 | gbest: cost=4166763397.26  viol=2087229635.5824  obj=2091396398979.61
[Run 16 | Iter 227] iter_best: cost=4166763397.26  viol=2087059113.6480  obj=2091225877045.21 | gbest: cost=4166763397.26  viol=2087059113.6480  obj=2091225877045.21
[Run 16 | Iter 228] iter_best: cost=4170013835.62  viol=2087057474.2175  obj=2091227488053.07 | gbest: cost=4166763397.26  viol=2087059113.6480  obj=2091225877045.21
[Run 16 | Iter 229] iter_best: cost=4162562849.32  viol=2086902591.2384  obj=2091065154087.67 | gbest: cost=4162562849.32  viol=2086902591.2384  obj=2091065154087.67
[Run 16 | FE 9216] best_local_obj=2091065154087.67  best_local_cost=4162562849.32  best_local_viol=2086902591.2384
[Run 16 | Iter 230] iter_best: cost=4165463232.88  viol=2086989295.2363  obj=2091154758469.13 | gbest: cost=4162562849.32  viol=2086902591.2384  obj=2091065154087.67
[Run 16 | Iter 231] iter_best: cost=4164438095.89  viol=2086902591.2384  obj=2091067029334.24 | gbest: cost=4162562849.32  viol=2086902591.2384  obj=2091065154087.67
[Run 16 | Iter 232] iter_best: cost=4171439027.40  viol=2086945932.4096  obj=2091117371436.95 | gbest: cost=4162562849.32  viol=2086902591.2384  obj=2091065154087.67
[Run 16 | Iter 233] iter_best: cost=4161537712.33  viol=2086902591.2384  obj=2091064128950.68 | gbest: cost=4161537712.33  viol=2086902591.2384  obj=2091064128950.68
[Run 16 | Iter 234] iter_best: cost=4160512575.34  viol=2086902591.2384  obj=2091063103813.69 | gbest: cost=4160512575.34  viol=2086902591.2384  obj=2091063103813.69
[Run 16 | Iter 235] iter_best: cost=4176389684.93  viol=2086745621.7477  obj=2090922011432.58 | gbest: cost=4176389684.93  viol=2086745621.7477  obj=2090922011432.58
[Run 16 | FE 9472] best_local_obj=2089855399784.05  best_local_cost=4171439027.40  best_local_viol=2085683960.7567
[Run 16 | Iter 236] iter_best: cost=4174514438.36  viol=2085674999.7547  obj=2089849514193.01 | gbest: cost=4174514438.36  viol=2085674999.7547  obj=2089849514193.01
[Run 16 | Iter 237] iter_best: cost=4173489301.37  viol=2085672151.3872  obj=2089845640688.52 | gbest: cost=4173489301.37  viol=2085672151.3872  obj=2089845640688.52
[Run 16 | Iter 238] iter_best: cost=4174114383.56  viol=2085674999.7547  obj=2089849114138.21 | gbest: cost=4173489301.37  viol=2085672151.3872  obj=2089845640688.52
[Run 16 | Iter 239] iter_best: cost=4177864876.71  viol=2085645573.6180  obj=2089823438494.66 | gbest: cost=4177864876.71  viol=2085645573.6180  obj=2089823438494.66
[Run 16 | Iter 240] iter_best: cost=4182815534.25  viol=2084861641.5549  obj=2089044457089.10 | gbest: cost=4182815534.25  viol=2084861641.5549  obj=2089044457089.10
[Run 16 | Iter 241] iter_best: cost=4180715260.27  viol=2084525713.4908  obj=2088706428751.02 | gbest: cost=4180715260.27  viol=2084525713.4908  obj=2088706428751.02
[Run 16 | Iter 242] iter_best: cost=4175464547.95  viol=2084231346.2521  obj=2088406810800.00 | gbest: cost=4175464547.95  viol=2084231346.2521  obj=2088406810800.00
[Run 16 | FE 9728] best_local_obj=2088406810800.00  best_local_cost=4175464547.95  best_local_viol=2084231346.2521
[Run 16 | Iter 243] iter_best: cost=4180365205.48  viol=2083303523.9633  obj=2087483889168.73 | gbest: cost=4180365205.48  viol=2083303523.9633  obj=2087483889168.73
[Run 16 | Iter 244] iter_best: cost=4170863945.21  viol=2083303523.9633  obj=2087474387908.46 | gbest: cost=4170863945.21  viol=2083303523.9633  obj=2087474387908.46
[Run 16 | Iter 245] iter_best: cost=4181115315.07  viol=2082891539.5127  obj=2087072654827.72 | gbest: cost=4181115315.07  viol=2082891539.5127  obj=2087072654827.72
[Run 16 | Iter 246] iter_best: cost=4181665369.86  viol=2082715788.8394  obj=2086897454209.21 | gbest: cost=4181665369.86  viol=2082715788.8394  obj=2086897454209.21
[Run 16 | Iter 247] iter_best: cost=4183040561.64  viol=2081381866.9047  obj=2085564907466.29 | gbest: cost=4183040561.64  viol=2081381866.9047  obj=2085564907466.29
[Run 16 | Iter 248] iter_best: cost=4183090561.64  viol=2081411791.8980  obj=2085594882459.59 | gbest: cost=4183040561.64  viol=2081381866.9047  obj=2085564907466.29
[Run 16 | FE 9984] best_local_obj=2085564907466.29  best_local_cost=4183040561.64  best_local_viol=2081381866.9047
[Run 16 | Iter 249] iter_best: cost=4180365205.48  viol=2082062646.2833  obj=2086243011488.76 | gbest: cost=4183040561.64  viol=2081381866.9047  obj=2085564907466.29
[Run 16 | Iter 250] iter_best: cost=4185090835.62  viol=2081166418.0467  obj=2085351508882.27 | gbest: cost=4185090835.62  viol=2081166418.0467  obj=2085351508882.27
[Run 16 | Iter 251] iter_best: cost=4183040561.64  viol=2081136229.3832  obj=2085319269944.79 | gbest: cost=4183040561.64  viol=2081136229.3832  obj=2085319269944.79
[Run 16 | Iter 252] iter_best: cost=4184640780.82  viol=2081012747.6417  obj=2085197388422.47 | gbest: cost=4184640780.82  viol=2081012747.6417  obj=2085197388422.47
[Run 16 | Iter 253] iter_best: cost=4187266136.99  viol=2080943673.1182  obj=2085130939255.14 | gbest: cost=4187266136.99  viol=2080943673.1182  obj=2085130939255.14
[Run 16 | Iter 254] iter_best: cost=4185265863.01  viol=2080818221.2740  obj=2085003487136.96 | gbest: cost=4185265863.01  viol=2080818221.2740  obj=2085003487136.96
[Run 16 | FE 10240] best_local_obj=2084970694413.51  best_local_cost=4189541438.36  best_local_viol=2080781152.9752
[Run 16 | Iter 255] iter_best: cost=4189541438.36  viol=2080781152.9752  obj=2084970694413.51 | gbest: cost=4189541438.36  viol=2080781152.9752  obj=2084970694413.51
[Run 16 | Iter 256] iter_best: cost=4186916082.19  viol=2080811078.2565  obj=2084997994338.64 | gbest: cost=4189541438.36  viol=2080781152.9752  obj=2084970694413.51
[Run 16 | Iter 257] iter_best: cost=4184865808.22  viol=2080850227.5327  obj=2085035093340.87 | gbest: cost=4189541438.36  viol=2080781152.9752  obj=2084970694413.51
[Run 16 | Iter 258] iter_best: cost=4189541438.36  viol=2080775870.8948  obj=2084965412333.11 | gbest: cost=4189541438.36  viol=2080775870.8948  obj=2084965412333.11
[Run 16 | Iter 259] iter_best: cost=4189091383.56  viol=2080799544.5607  obj=2084988635944.21 | gbest: cost=4189541438.36  viol=2080775870.8948  obj=2084965412333.11
[Run 16 | Iter 260] iter_best: cost=4189316410.96  viol=2080775870.8948  obj=2084965187305.71 | gbest: cost=4189316410.96  viol=2080775870.8948  obj=2084965187305.71
[Run 16 | Iter 261] iter_best: cost=4193241931.51  viol=2080781152.9752  obj=2084974394906.66 | gbest: cost=4189316410.96  viol=2080775870.8948  obj=2084965187305.71
[Run 16 | FE 10496] best_local_obj=2084964787250.92  best_local_cost=4188916356.16  best_local_viol=2080775870.8948
[Run 16 | Iter 262] iter_best: cost=4188916356.16  viol=2080775870.8948  obj=2084964787250.92 | gbest: cost=4188916356.16  viol=2080775870.8948  obj=2084964787250.92
[Run 16 | Iter 263] iter_best: cost=4185215863.01  viol=2080775870.8948  obj=2084961086757.76 | gbest: cost=4185215863.01  viol=2080775870.8948  obj=2084961086757.76
[Run 16 | Iter 264] iter_best: cost=4187266136.99  viol=2080775870.8948  obj=2084963137031.74 | gbest: cost=4185215863.01  viol=2080775870.8948  obj=2084961086757.76
[Run 16 | Iter 265] iter_best: cost=4186241000.00  viol=2080775870.8948  obj=2084962111894.75 | gbest: cost=4185215863.01  viol=2080775870.8948  obj=2084961086757.76
[Run 16 | Iter 266] iter_best: cost=4186241000.00  viol=2080775870.8948  obj=2084962111894.75 | gbest: cost=4185215863.01  viol=2080775870.8948  obj=2084961086757.76
[Run 16 | Iter 267] iter_best: cost=4184190726.03  viol=2080775870.8948  obj=2084960061620.78 | gbest: cost=4184190726.03  viol=2080775870.8948  obj=2084960061620.78
[Run 16 | FE 10752] best_local_obj=2084960061620.78  best_local_cost=4184190726.03  best_local_viol=2080775870.8948
[Run 16 | Iter 268] iter_best: cost=4184190726.03  viol=2080775870.8948  obj=2084960061620.78 | gbest: cost=4184190726.03  viol=2080775870.8948  obj=2084960061620.78
[Run 16 | Iter 269] iter_best: cost=4189941493.15  viol=2080694568.1950  obj=2084884509688.10 | gbest: cost=4189941493.15  viol=2080694568.1950  obj=2084884509688.10
[Run 16 | Iter 270] iter_best: cost=4184590780.82  viol=2080694568.1950  obj=2084879158975.77 | gbest: cost=4184590780.82  viol=2080694568.1950  obj=2084879158975.77
[Run 16 | Iter 271] iter_best: cost=4188916356.16  viol=2080694568.1950  obj=2084883484551.12 | gbest: cost=4184590780.82  viol=2080694568.1950  obj=2084879158975.77
[Run 16 | Iter 272] iter_best: cost=4189991493.15  viol=2080467402.8055  obj=2084657394298.60 | gbest: cost=4189991493.15  viol=2080467402.8055  obj=2084657394298.60
[Run 16 | Iter 273] iter_best: cost=4188916356.16  viol=2080172991.8970  obj=2084361908253.12 | gbest: cost=4188916356.16  viol=2080172991.8970  obj=2084361908253.12
[Run 16 | Iter 274] iter_best: cost=4188966356.16  viol=2080242066.6110  obj=2084431032967.12 | gbest: cost=4188916356.16  viol=2080172991.8970  obj=2084361908253.12
[Run 16 | FE 11008] best_local_obj=2084361908253.12  best_local_cost=4188916356.16  best_local_viol=2080172991.8970
[Run 16 | Iter 275] iter_best: cost=4193641986.30  viol=2080172991.8970  obj=2084366633883.25 | gbest: cost=4188916356.16  viol=2080172991.8970  obj=2084361908253.12
[Run 16 | Iter 276] iter_best: cost=4190566575.34  viol=2080178274.1184  obj=2084368840693.69 | gbest: cost=4188916356.16  viol=2080172991.8970  obj=2084361908253.12
[Run 16 | Iter 277] iter_best: cost=4191591712.33  viol=2080172991.8970  obj=2084364583609.28 | gbest: cost=4188916356.16  viol=2080172991.8970  obj=2084361908253.12
[Run 16 | Iter 278] iter_best: cost=4189941493.15  viol=2080172991.8970  obj=2084362933390.10 | gbest: cost=4188916356.16  viol=2080172991.8970  obj=2084361908253.12
[Run 16 | Iter 279] iter_best: cost=4187891219.18  viol=2080172991.8970  obj=2084360883116.13 | gbest: cost=4187891219.18  viol=2080172991.8970  obj=2084360883116.13
[Run 16 | Iter 280] iter_best: cost=4188916356.16  viol=2080172991.8970  obj=2084361908253.12 | gbest: cost=4187891219.18  viol=2080172991.8970  obj=2084360883116.13
[Run 16 | FE 11264] best_local_obj=2084359857979.14  best_local_cost=4186866082.19  best_local_viol=2080172991.8970
[Run 16 | Iter 281] iter_best: cost=4186866082.19  viol=2080172991.8970  obj=2084359857979.14 | gbest: cost=4186866082.19  viol=2080172991.8970  obj=2084359857979.14
[Run 16 | Iter 282] iter_best: cost=4184815808.22  viol=2080172991.8970  obj=2084357807705.17 | gbest: cost=4184815808.22  viol=2080172991.8970  obj=2084357807705.17
[Run 16 | Iter 283] iter_best: cost=4185840945.21  viol=2080172991.8970  obj=2084358832842.16 | gbest: cost=4184815808.22  viol=2080172991.8970  obj=2084357807705.17
[Run 16 | Iter 284] iter_best: cost=4187316136.99  viol=2080134131.0038  obj=2084321447140.74 | gbest: cost=4187316136.99  viol=2080134131.0038  obj=2084321447140.74
[Run 16 | Iter 285] iter_best: cost=4193016904.11  viol=2079888757.2315  obj=2084081774135.56 | gbest: cost=4193016904.11  viol=2079888757.2315  obj=2084081774135.56
[Run 16 | Iter 286] iter_best: cost=4189316410.96  viol=2079888757.2315  obj=2084078073642.41 | gbest: cost=4189316410.96  viol=2079888757.2315  obj=2084078073642.41
[Run 16 | FE 11520] best_local_obj=2083456088481.94  best_local_cost=4186916082.19  best_local_viol=2079269172.3998
[Run 16 | Iter 287] iter_best: cost=4186916082.19  viol=2079269172.3998  obj=2083456088481.94 | gbest: cost=4186916082.19  viol=2079269172.3998  obj=2083456088481.94
[Run 16 | Iter 288] iter_best: cost=4193291931.51  viol=2078353038.9546  obj=2082546330886.06 | gbest: cost=4193291931.51  viol=2078353038.9546  obj=2082546330886.06
[Run 16 | Iter 289] iter_best: cost=4198642643.84  viol=2078250791.6900  obj=2082449434333.79 | gbest: cost=4198642643.84  viol=2078250791.6900  obj=2082449434333.79
[Run 16 | Iter 290] iter_best: cost=4194667123.29  viol=2078136664.2315  obj=2082331331354.74 | gbest: cost=4194667123.29  viol=2078136664.2315  obj=2082331331354.74
[Run 16 | Iter 291] iter_best: cost=4193641986.30  viol=2078136664.2315  obj=2082330306217.75 | gbest: cost=4193641986.30  viol=2078136664.2315  obj=2082330306217.75
[Run 16 | Iter 292] iter_best: cost=4194942150.68  viol=2078136709.1415  obj=2082331651292.14 | gbest: cost=4193641986.30  viol=2078136664.2315  obj=2082330306217.75
[Run 16 | Iter 293] iter_best: cost=4198017561.64  viol=2078070880.5483  obj=2082268898109.90 | gbest: cost=4198017561.64  viol=2078070880.5483  obj=2082268898109.90
[Run 16 | FE 11776] best_local_obj=2082268898109.90  best_local_cost=4198017561.64  best_local_viol=2078070880.5483
[Run 16 | Iter 294] iter_best: cost=4195292205.48  viol=2078070880.5483  obj=2082266172753.73 | gbest: cost=4195292205.48  viol=2078070880.5483  obj=2082266172753.73
[Run 16 | Iter 295] iter_best: cost=4193641986.30  viol=2078070880.5483  obj=2082264522534.55 | gbest: cost=4193641986.30  viol=2078070880.5483  obj=2082264522534.55
[Run 16 | Iter 296] iter_best: cost=4196317342.47  viol=2078070880.5483  obj=2082267197890.72 | gbest: cost=4193641986.30  viol=2078070880.5483  obj=2082264522534.55
[Run 16 | Iter 297] iter_best: cost=4195342205.48  viol=2078078068.5825  obj=2082273410787.93 | gbest: cost=4193641986.30  viol=2078070880.5483  obj=2082264522534.55
[Run 16 | Iter 298] iter_best: cost=4192616849.32  viol=2078070880.5483  obj=2082263497397.57 | gbest: cost=4192616849.32  viol=2078070880.5483  obj=2082263497397.57
[Run 16 | Iter 299] iter_best: cost=4192666849.32  viol=2078070880.5483  obj=2082263547397.57 | gbest: cost=4192616849.32  viol=2078070880.5483  obj=2082263497397.57
[Run 16 | FE 12032] best_local_obj=2082263497397.57  best_local_cost=4192616849.32  best_local_viol=2078070880.5483
[Run 16 | Iter 300] iter_best: cost=4192666849.32  viol=2078070880.5483  obj=2082263547397.57 | gbest: cost=4192616849.32  viol=2078070880.5483  obj=2082263497397.57
[Run 16 | Iter 301] iter_best: cost=4193016904.11  viol=2078070880.5483  obj=2082263897452.36 | gbest: cost=4192616849.32  viol=2078070880.5483  obj=2082263497397.57
[Run 16 | Iter 302] iter_best: cost=4192616849.32  viol=2078070880.5483  obj=2082263497397.57 | gbest: cost=4192616849.32  viol=2078070880.5483  obj=2082263497397.57
[Run 16 | Iter 303] iter_best: cost=4190616575.34  viol=2078070880.5483  obj=2082261497123.59 | gbest: cost=4190616575.34  viol=2078070880.5483  obj=2082261497123.59
[Run 16 | Iter 304] iter_best: cost=4188966356.16  viol=2078070880.5483  obj=2082259846904.42 | gbest: cost=4188966356.16  viol=2078070880.5483  obj=2082259846904.42
[Run 16 | Iter 305] iter_best: cost=4189991493.15  viol=2078070880.5483  obj=2082260872041.40 | gbest: cost=4188966356.16  viol=2078070880.5483  obj=2082259846904.42
[Run 16 | Iter 306] iter_best: cost=4189591438.36  viol=2078070880.5483  obj=2082260471986.61 | gbest: cost=4188966356.16  viol=2078070880.5483  obj=2082259846904.42
[Run 16 | FE 12288] best_local_obj=2082259846904.42  best_local_cost=4188966356.16  best_local_viol=2078070880.5483
[Run 16 | Iter 307] iter_best: cost=4188291273.97  viol=2078070880.5483  obj=2082259171822.22 | gbest: cost=4188291273.97  viol=2078070880.5483  obj=2082259171822.22
[Run 16 | Iter 308] iter_best: cost=4188291273.97  viol=2078070880.5483  obj=2082259171822.22 | gbest: cost=4188291273.97  viol=2078070880.5483  obj=2082259171822.22
[Run 16 | Iter 309] iter_best: cost=4191591712.33  viol=2078070880.5483  obj=2082262472260.58 | gbest: cost=4188291273.97  viol=2078070880.5483  obj=2082259171822.22
[Run 16 | Iter 310] iter_best: cost=4186866082.19  viol=2078073728.8538  obj=2082260594935.94 | gbest: cost=4188291273.97  viol=2078070880.5483  obj=2082259171822.22
[Run 16 | Iter 311] iter_best: cost=4189991493.15  viol=2078070880.5483  obj=2082260872041.40 | gbest: cost=4188291273.97  viol=2078070880.5483  obj=2082259171822.22
[Run 16 | Iter 312] iter_best: cost=4187266136.99  viol=2078070880.5483  obj=2082258146685.24 | gbest: cost=4187266136.99  viol=2078070880.5483  obj=2082258146685.24
[Run 16 | FE 12544] best_local_obj=2082258146685.24  best_local_cost=4187266136.99  best_local_viol=2078070880.5483
[Run 16 | Iter 313] iter_best: cost=4189941493.15  viol=2078070880.5483  obj=2082260822041.40 | gbest: cost=4187266136.99  viol=2078070880.5483  obj=2082258146685.24
[Run 16 | Iter 314] iter_best: cost=4192216794.52  viol=2077491132.9228  obj=2081683349717.27 | gbest: cost=4192216794.52  viol=2077491132.9228  obj=2081683349717.27
[Run 16 | Iter 315] iter_best: cost=4186241000.00  viol=2077491132.9228  obj=2081677373922.75 | gbest: cost=4186241000.00  viol=2077491132.9228  obj=2081677373922.75
[Run 16 | Iter 316] iter_best: cost=4190216520.55  viol=2077456977.4246  obj=2081647193945.10 | gbest: cost=4190216520.55  viol=2077456977.4246  obj=2081647193945.10
[Run 16 | Iter 317] iter_best: cost=4192266794.52  viol=2077406423.8508  obj=2081598690645.27 | gbest: cost=4192266794.52  viol=2077406423.8508  obj=2081598690645.27
[Run 16 | Iter 318] iter_best: cost=4190566575.34  viol=2077330206.3876  obj=2081520772962.89 | gbest: cost=4190566575.34  viol=2077330206.3876  obj=2081520772962.89
[Run 16 | FE 12800] best_local_obj=2081520772962.89  best_local_cost=4190566575.34  best_local_viol=2077330206.3876
[Run 16 | Iter 319] iter_best: cost=4193867013.70  viol=2077330206.3876  obj=2081524073401.25 | gbest: cost=4190566575.34  viol=2077330206.3876  obj=2081520772962.89

[Stop] reached max_total_fe=12800.

[Run 16] best_global_cost=4190566575.3425, best_global_viol=2077330206.387551, best_global_obj=2081520772962.8938
[Done] summary=/work/home/acn1eb8nfq/yuezhang46/UScode/US实验一：横向对比/pso_global_logs/run_16_seed_1016/runs_summary.csv
