[RunConfig] run_id=1 seed=1001
[OutputDir] /work/home/acn1eb8nfq/yuezhang46/UScode/US实验一：横向对比/pso_global_logs/run_01_seed_1001
[Info] #nodes = 4301
[Load] Reading scenarios ...
  - 2020: raw edges=5296, days=366
  - 2025: raw edges=5296, days=365
  - 2030: raw edges=5296, days=365
  - 2035: raw edges=5296, days=365
  - 2040: raw edges=5296, days=366
[Filter] EDGE_WEIGHT_MIN=1.0
  - active_nodes=2914  inactive_nodes(fixed NONE)=1387
  - 2020: removed=2048, kept=3248
  - 2025: removed=2048, kept=3248
  - 2030: removed=2048, kept=3248
  - 2035: removed=2048, kept=3248
  - 2040: removed=2048, kept=3248
  - 2020: filtered edges (active subgraph)=3248
  - 2025: filtered edges (active subgraph)=3248
  - 2030: filtered edges (active subgraph)=3248
  - 2035: filtered edges (active subgraph)=3248
  - 2040: filtered edges (active subgraph)=3248
[PSO] Evaluate initial swarm ...
[PSO] Init snapshot: best_cost=1222895547.95  best_viol=3403989467.1723  best_obj=3405212362720.23
[PSO] Iterate ...
[Run 01 | Iter 1] iter_best: cost=1479631109.59  viol=3281426567.2337  obj=3282906198343.29 | gbest: cost=1479631109.59  viol=3281426567.2337  obj=3282906198343.29
[Run 01 | Iter 2] iter_best: cost=1800999863.01  viol=3086867124.7186  obj=3088668124581.66 | gbest: cost=1800999863.01  viol=3086867124.7186  obj=3088668124581.66
[Run 01 | Iter 3] iter_best: cost=2170949178.08  viol=2896668992.2232  obj=2898839941401.28 | gbest: cost=2170949178.08  viol=2896668992.2232  obj=2898839941401.28
[Run 01 | Iter 4] iter_best: cost=2533522479.45  viol=2721006887.5977  obj=2723540410077.20 | gbest: cost=2533522479.45  viol=2721006887.5977  obj=2723540410077.20
[Run 01 | Iter 5] iter_best: cost=2794456945.21  viol=2631675396.8850  obj=2634469853830.25 | gbest: cost=2794456945.21  viol=2631675396.8850  obj=2634469853830.25
[Run 01 | FE 256] best_local_obj=2556101963399.63  best_local_cost=3024137465.75  best_local_viol=2553077825.9339
[Run 01 | Iter 6] iter_best: cost=3024137465.75  viol=2553077825.9339  obj=2556101963399.63 | gbest: cost=3024137465.75  viol=2553077825.9339  obj=2556101963399.63
[Run 01 | Iter 7] iter_best: cost=3198985616.44  viol=2500206749.0933  obj=2503405734709.72 | gbest: cost=3198985616.44  viol=2500206749.0933  obj=2503405734709.72
[Run 01 | Iter 8] iter_best: cost=3309350191.78  viol=2462751655.1672  obj=2466061005358.93 | gbest: cost=3309350191.78  viol=2462751655.1672  obj=2466061005358.93
[Run 01 | Iter 9] iter_best: cost=3403912684.93  viol=2432502627.9921  obj=2435906540677.07 | gbest: cost=3403912684.93  viol=2432502627.9921  obj=2435906540677.07
[Run 01 | Iter 10] iter_best: cost=3457194671.23  viol=2415587077.0578  obj=2419044271729.08 | gbest: cost=3457194671.23  viol=2415587077.0578  obj=2419044271729.08
[Run 01 | Iter 11] iter_best: cost=3475221945.21  viol=2406070504.6085  obj=2409545726553.70 | gbest: cost=3475221945.21  viol=2406070504.6085  obj=2409545726553.70
[Run 01 | FE 512] best_local_obj=2394420905354.73  best_local_cost=3520702890.41  best_local_viol=2390900202.4643
[Run 01 | Iter 12] iter_best: cost=3520702890.41  viol=2390900202.4643  obj=2394420905354.73 | gbest: cost=3520702890.41  viol=2390900202.4643  obj=2394420905354.73
[Run 01 | Iter 13] iter_best: cost=3528503821.92  viol=2382194103.4868  obj=2385722607308.67 | gbest: cost=3528503821.92  viol=2382194103.4868  obj=2385722607308.67
[Run 01 | Iter 14] iter_best: cost=3562583287.67  viol=2372977982.4633  obj=2376540565750.97 | gbest: cost=3562583287.67  viol=2372977982.4633  obj=2376540565750.97
[Run 01 | Iter 15] iter_best: cost=3576034876.71  viol=2366737601.8980  obj=2370313636774.73 | gbest: cost=3576034876.71  viol=2366737601.8980  obj=2370313636774.73
[Run 01 | Iter 16] iter_best: cost=3598012808.22  viol=2361562941.0811  obj=2365160953889.36 | gbest: cost=3598012808.22  viol=2361562941.0811  obj=2365160953889.36
[Run 01 | Iter 17] iter_best: cost=3609114123.29  viol=2347428770.2400  obj=2351037884363.25 | gbest: cost=3609114123.29  viol=2347428770.2400  obj=2351037884363.25
[Run 01 | Iter 18] iter_best: cost=3623165931.51  viol=2341411465.6260  obj=2345034631557.53 | gbest: cost=3623165931.51  viol=2341411465.6260  obj=2345034631557.53
[Run 01 | FE 768] best_local_obj=2340214101509.41  best_local_cost=3638392931.51  best_local_viol=2336575708.5779
[Run 01 | Iter 19] iter_best: cost=3645743917.81  viol=2335797611.3354  obj=2339443355253.23 | gbest: cost=3645743917.81  viol=2335797611.3354  obj=2339443355253.23
[Run 01 | Iter 20] iter_best: cost=3637017630.14  viol=2335902715.7336  obj=2339539733363.76 | gbest: cost=3645743917.81  viol=2335797611.3354  obj=2339443355253.23
[Run 01 | Iter 21] iter_best: cost=3643468616.44  viol=2331687353.2867  obj=2335330821903.12 | gbest: cost=3643468616.44  viol=2331687353.2867  obj=2335330821903.12
[Run 01 | Iter 22] iter_best: cost=3639193095.89  viol=2331981096.0685  obj=2335620289164.38 | gbest: cost=3643468616.44  viol=2331687353.2867  obj=2335330821903.12
[Run 01 | Iter 23] iter_best: cost=3649244410.96  viol=2330423979.7040  obj=2334073224114.95 | gbest: cost=3649244410.96  viol=2330423979.7040  obj=2334073224114.95
[Run 01 | Iter 24] iter_best: cost=3650669602.74  viol=2325781055.0526  obj=2329431724655.33 | gbest: cost=3650669602.74  viol=2325781055.0526  obj=2329431724655.33
[Run 01 | FE 1024] best_local_obj=2328110415635.71  best_local_cost=3647344082.19  best_local_viol=2324463071.5535
[Run 01 | Iter 25] iter_best: cost=3658220589.04  viol=2323178138.0642  obj=2326836358653.26 | gbest: cost=3658220589.04  viol=2323178138.0642  obj=2326836358653.26
[Run 01 | Iter 26] iter_best: cost=3653944958.90  viol=2321103478.5841  obj=2324757423542.97 | gbest: cost=3653944958.90  viol=2321103478.5841  obj=2324757423542.97
[Run 01 | Iter 27] iter_best: cost=3656870369.86  viol=2318888525.5289  obj=2322545395898.75 | gbest: cost=3656870369.86  viol=2318888525.5289  obj=2322545395898.75
[Run 01 | Iter 28] iter_best: cost=3662471082.19  viol=2320093811.0307  obj=2323756282112.93 | gbest: cost=3656870369.86  viol=2318888525.5289  obj=2322545395898.75
[Run 01 | Iter 29] iter_best: cost=3663196219.18  viol=2316819244.9040  obj=2320482441123.20 | gbest: cost=3663196219.18  viol=2316819244.9040  obj=2320482441123.20
[Run 01 | Iter 30] iter_best: cost=3670422178.08  viol=2318005143.8118  obj=2321675565989.91 | gbest: cost=3663196219.18  viol=2316819244.9040  obj=2320482441123.20
[Run 01 | FE 1280] best_local_obj=2320293145070.42  best_local_cost=3671772342.47  best_local_viol=2316621372.7280
[Run 01 | Iter 31] iter_best: cost=3671772342.47  viol=2316621372.7280  obj=2320293145070.42 | gbest: cost=3671772342.47  viol=2316621372.7280  obj=2320293145070.42
[Run 01 | Iter 32] iter_best: cost=3672722452.05  viol=2315216560.1537  obj=2318889282605.73 | gbest: cost=3672722452.05  viol=2315216560.1537  obj=2318889282605.73
[Run 01 | Iter 33] iter_best: cost=3679923438.36  viol=2313489784.6314  obj=2317169708069.76 | gbest: cost=3679923438.36  viol=2313489784.6314  obj=2317169708069.76
[Run 01 | Iter 34] iter_best: cost=3676823000.00  viol=2307868261.3148  obj=2311545084314.81 | gbest: cost=3676823000.00  viol=2307868261.3148  obj=2311545084314.81
[Run 01 | Iter 35] iter_best: cost=3691224917.81  viol=2305868241.4778  obj=2309559466395.65 | gbest: cost=3691224917.81  viol=2305868241.4778  obj=2309559466395.65
[Run 01 | Iter 36] iter_best: cost=3698475904.11  viol=2305189495.5207  obj=2308887971424.79 | gbest: cost=3698475904.11  viol=2305189495.5207  obj=2308887971424.79
[Run 01 | Iter 37] iter_best: cost=3705651863.01  viol=2304643482.2255  obj=2308349134088.47 | gbest: cost=3705651863.01  viol=2304643482.2255  obj=2308349134088.47
[Run 01 | FE 1536] best_local_obj=2308349134088.47  best_local_cost=3705651863.01  best_local_viol=2304643482.2255
[Run 01 | Iter 38] iter_best: cost=3718078479.45  viol=2300474398.3437  obj=2304192476823.19 | gbest: cost=3718078479.45  viol=2300474398.3437  obj=2304192476823.19
[Run 01 | Iter 39] iter_best: cost=3709452356.16  viol=2300158032.4523  obj=2303867484808.46 | gbest: cost=3709452356.16  viol=2300158032.4523  obj=2303867484808.46
[Run 01 | Iter 40] iter_best: cost=3715153068.49  viol=2298461555.1026  obj=2302176708171.09 | gbest: cost=3715153068.49  viol=2298461555.1026  obj=2302176708171.09
[Run 01 | Iter 41] iter_best: cost=3717628369.86  viol=2297345360.6253  obj=2301062988995.13 | gbest: cost=3717628369.86  viol=2297345360.6253  obj=2301062988995.13
[Run 01 | Iter 42] iter_best: cost=3718053452.05  viol=2293231114.2051  obj=2296949167657.12 | gbest: cost=3718053452.05  viol=2293231114.2051  obj=2296949167657.12
[Run 01 | Iter 43] iter_best: cost=3709352246.58  viol=2293789407.4322  obj=2297498759678.73 | gbest: cost=3718053452.05  viol=2293231114.2051  obj=2296949167657.12
[Run 01 | FE 1792] best_local_obj=2296948383199.53  best_local_cost=3717353342.47  best_local_viol=2293231029.8571
[Run 01 | Iter 44] iter_best: cost=3717353342.47  viol=2293231029.8571  obj=2296948383199.53 | gbest: cost=3717353342.47  viol=2293231029.8571  obj=2296948383199.53
[Run 01 | Iter 45] iter_best: cost=3720403726.03  viol=2291897657.8985  obj=2295618061624.56 | gbest: cost=3720403726.03  viol=2291897657.8985  obj=2295618061624.56
[Run 01 | Iter 46] iter_best: cost=3726129520.55  viol=2288521777.3539  obj=2292247906874.44 | gbest: cost=3726129520.55  viol=2288521777.3539  obj=2292247906874.44
[Run 01 | Iter 47] iter_best: cost=3726979575.34  viol=2288606448.2255  obj=2292333427800.83 | gbest: cost=3726129520.55  viol=2288521777.3539  obj=2292247906874.44
[Run 01 | Iter 48] iter_best: cost=3727679684.93  viol=2289798997.4522  obj=2293526677137.15 | gbest: cost=3726129520.55  viol=2288521777.3539  obj=2292247906874.44
[Run 01 | Iter 49] iter_best: cost=3712352684.93  viol=2289235227.2708  obj=2292947579955.73 | gbest: cost=3726129520.55  viol=2288521777.3539  obj=2292247906874.44
[Run 01 | Iter 50] iter_best: cost=3725854493.15  viol=2287138942.3410  obj=2290864796834.19 | gbest: cost=3725854493.15  viol=2287138942.3410  obj=2290864796834.19
[Run 01 | FE 2048] best_local_obj=2288162609750.72  best_local_cost=3735555753.42  best_local_viol=2284427053.9973
[Run 01 | Iter 51] iter_best: cost=3735555753.42  viol=2284427053.9973  obj=2288162609750.72 | gbest: cost=3735555753.42  viol=2284427053.9973  obj=2288162609750.72
[Run 01 | Iter 52] iter_best: cost=3744081931.51  viol=2281132316.2418  obj=2284876398173.34 | gbest: cost=3744081931.51  viol=2281132316.2418  obj=2284876398173.34
[Run 01 | Iter 53] iter_best: cost=3756833575.34  viol=2280826110.6766  obj=2284582944251.90 | gbest: cost=3756833575.34  viol=2280826110.6766  obj=2284582944251.90
[Run 01 | Iter 54] iter_best: cost=3757283630.14  viol=2276771690.9823  obj=2280528974612.42 | gbest: cost=3757283630.14  viol=2276771690.9823  obj=2280528974612.42
[Run 01 | Iter 55] iter_best: cost=3766059808.22  viol=2274971748.9733  obj=2278737808781.52 | gbest: cost=3766059808.22  viol=2274971748.9733  obj=2278737808781.52
[Run 01 | Iter 56] iter_best: cost=3773335767.12  viol=2274618139.3241  obj=2278391475091.19 | gbest: cost=3773335767.12  viol=2274618139.3241  obj=2278391475091.19
[Run 01 | FE 2304] best_local_obj=2276885248511.39  best_local_cost=3767985054.79  best_local_viol=2273117263.4566
[Run 01 | Iter 57] iter_best: cost=3767985054.79  viol=2273117263.4566  obj=2276885248511.39 | gbest: cost=3767985054.79  viol=2273117263.4566  obj=2276885248511.39
[Run 01 | Iter 58] iter_best: cost=3767459972.60  viol=2268825447.4180  obj=2272592907390.57 | gbest: cost=3767459972.60  viol=2268825447.4180  obj=2272592907390.57
[Run 01 | Iter 59] iter_best: cost=3768760136.99  viol=2266460750.2083  obj=2270229510345.24 | gbest: cost=3768760136.99  viol=2266460750.2083  obj=2270229510345.24
[Run 01 | Iter 60] iter_best: cost=3777336260.27  viol=2266360522.8474  obj=2270137859107.69 | gbest: cost=3777336260.27  viol=2266360522.8474  obj=2270137859107.69
[Run 01 | Iter 61] iter_best: cost=3783712109.59  viol=2261617032.7033  obj=2265400744812.92 | gbest: cost=3783712109.59  viol=2261617032.7033  obj=2265400744812.92
[Run 01 | Iter 62] iter_best: cost=3784637191.78  viol=2260240213.7819  obj=2264024850973.69 | gbest: cost=3784637191.78  viol=2260240213.7819  obj=2264024850973.69
[Run 01 | FE 2560] best_local_obj=2261406050065.90  best_local_cost=3792763260.27  best_local_viol=2257613286.8056
[Run 01 | Iter 63] iter_best: cost=3792763260.27  viol=2257613286.8056  obj=2261406050065.90 | gbest: cost=3792763260.27  viol=2257613286.8056  obj=2261406050065.90
[Run 01 | Iter 64] iter_best: cost=3800514301.37  viol=2257824966.1676  obj=2261625480468.96 | gbest: cost=3792763260.27  viol=2257613286.8056  obj=2261406050065.90
[Run 01 | Iter 65] iter_best: cost=3809740534.25  viol=2254816550.9024  obj=2258626291436.63 | gbest: cost=3809740534.25  viol=2254816550.9024  obj=2258626291436.63
[Run 01 | Iter 66] iter_best: cost=3794038452.05  viol=2253772527.1364  obj=2257566565588.50 | gbest: cost=3794038452.05  viol=2253772527.1364  obj=2257566565588.50
[Run 01 | Iter 67] iter_best: cost=3799839219.18  viol=2252287278.1316  obj=2256087117350.81 | gbest: cost=3799839219.18  viol=2252287278.1316  obj=2256087117350.81
[Run 01 | Iter 68] iter_best: cost=3802989657.53  viol=2251817959.5009  obj=2255620949158.43 | gbest: cost=3802989657.53  viol=2251817959.5009  obj=2255620949158.43
[Run 01 | Iter 69] iter_best: cost=3805815013.70  viol=2251014355.7774  obj=2254820170791.08 | gbest: cost=3805815013.70  viol=2251014355.7774  obj=2254820170791.08
[Run 01 | FE 2816] best_local_obj=2254820170791.08  best_local_cost=3805815013.70  best_local_viol=2251014355.7774
[Run 01 | Iter 70] iter_best: cost=3807815287.67  viol=2248163006.8735  obj=2251970822161.16 | gbest: cost=3807815287.67  viol=2248163006.8735  obj=2251970822161.16
[Run 01 | Iter 71] iter_best: cost=3818141630.14  viol=2247650472.8228  obj=2251468614452.96 | gbest: cost=3818141630.14  viol=2247650472.8228  obj=2251468614452.96
[Run 01 | Iter 72] iter_best: cost=3825442616.44  viol=2246416382.8463  obj=2250241825462.76 | gbest: cost=3825442616.44  viol=2246416382.8463  obj=2250241825462.76
[Run 01 | Iter 73] iter_best: cost=3821117041.10  viol=2244950301.6151  obj=2248771418656.20 | gbest: cost=3821117041.10  viol=2244950301.6151  obj=2248771418656.20
[Run 01 | Iter 74] iter_best: cost=3818491684.93  viol=2245009372.9844  obj=2248827864669.38 | gbest: cost=3821117041.10  viol=2244950301.6151  obj=2248771418656.20
[Run 01 | Iter 75] iter_best: cost=3817516547.95  viol=2244042750.3066  obj=2247860266854.59 | gbest: cost=3817516547.95  viol=2244042750.3066  obj=2247860266854.59
[Run 01 | FE 3072] best_local_obj=2246209263347.37  best_local_cost=3825567589.04  best_local_viol=2242383695.7583
[Run 01 | Iter 76] iter_best: cost=3825567589.04  viol=2242383695.7583  obj=2246209263347.37 | gbest: cost=3825567589.04  viol=2242383695.7583  obj=2246209263347.37
[Run 01 | Iter 77] iter_best: cost=3828543000.00  viol=2242163387.8941  obj=2245991930894.13 | gbest: cost=3828543000.00  viol=2242163387.8941  obj=2245991930894.13
[Run 01 | Iter 78] iter_best: cost=3819541794.52  viol=2241580005.8131  obj=2245399547607.59 | gbest: cost=3819541794.52  viol=2241580005.8131  obj=2245399547607.59
[Run 01 | Iter 79] iter_best: cost=3824217424.66  viol=2240434851.8184  obj=2244259069243.08 | gbest: cost=3824217424.66  viol=2240434851.8184  obj=2244259069243.08
[Run 01 | Iter 80] iter_best: cost=3823917369.86  viol=2240438891.7674  obj=2244262809137.23 | gbest: cost=3824217424.66  viol=2240434851.8184  obj=2244259069243.08
[Run 01 | Iter 81] iter_best: cost=3828342945.21  viol=2240188671.7729  obj=2244017014718.08 | gbest: cost=3828342945.21  viol=2240188671.7729  obj=2244017014718.08
[Run 01 | Iter 82] iter_best: cost=3825342506.85  viol=2238906244.0944  obj=2242731586601.22 | gbest: cost=3825342506.85  viol=2238906244.0944  obj=2242731586601.22
[Run 01 | FE 3328] best_local_obj=2242731586601.22  best_local_cost=3825342506.85  best_local_viol=2238906244.0944
[Run 01 | Iter 83] iter_best: cost=3830018136.99  viol=2237861491.2032  obj=2241691509340.18 | gbest: cost=3830018136.99  viol=2237861491.2032  obj=2241691509340.18
[Run 01 | Iter 84] iter_best: cost=3829693054.79  viol=2237375209.1035  obj=2241204902158.25 | gbest: cost=3829693054.79  viol=2237375209.1035  obj=2241204902158.25
[Run 01 | Iter 85] iter_best: cost=3829393054.79  viol=2237306289.9612  obj=2241135683016.04 | gbest: cost=3829393054.79  viol=2237306289.9612  obj=2241135683016.04
[Run 01 | Iter 86] iter_best: cost=3827667808.22  viol=2238377707.9660  obj=2242205375774.20 | gbest: cost=3829393054.79  viol=2237306289.9612  obj=2241135683016.04
[Run 01 | Iter 87] iter_best: cost=3831568356.16  viol=2238062923.5871  obj=2241894491943.22 | gbest: cost=3829393054.79  viol=2237306289.9612  obj=2241135683016.04
[Run 01 | Iter 88] iter_best: cost=3825317479.45  viol=2238300430.2456  obj=2242125747725.01 | gbest: cost=3829393054.79  viol=2237306289.9612  obj=2241135683016.04
[Run 01 | FE 3584] best_local_obj=2241086673437.59  best_local_cost=3836268958.90  best_local_viol=2237250404.4787
[Run 01 | Iter 89] iter_best: cost=3830318191.78  viol=2236571411.2113  obj=2240401729403.13 | gbest: cost=3830318191.78  viol=2236571411.2113  obj=2240401729403.13
[Run 01 | Iter 90] iter_best: cost=3828492945.21  viol=2236492548.9719  obj=2240321041917.09 | gbest: cost=3828492945.21  viol=2236492548.9719  obj=2240321041917.09
[Run 01 | Iter 91] iter_best: cost=3832543493.15  viol=2235468588.4310  obj=2239301131924.20 | gbest: cost=3832543493.15  viol=2235468588.4310  obj=2239301131924.20
[Run 01 | Iter 92] iter_best: cost=3827867863.01  viol=2235365048.2631  obj=2239192916126.15 | gbest: cost=3827867863.01  viol=2235365048.2631  obj=2239192916126.15
[Run 01 | Iter 93] iter_best: cost=3831043273.97  viol=2235587922.1876  obj=2239418965461.61 | gbest: cost=3827867863.01  viol=2235365048.2631  obj=2239192916126.15
[Run 01 | Iter 94] iter_best: cost=3841619671.23  viol=2236151720.1919  obj=2239993339863.11 | gbest: cost=3827867863.01  viol=2235365048.2631  obj=2239192916126.15
[Run 01 | FE 3840] best_local_obj=2237570940924.57  best_local_cost=3840419561.64  best_local_viol=2233730521.3629
[Run 01 | Iter 95] iter_best: cost=3840419561.64  viol=2233730521.3629  obj=2237570940924.57 | gbest: cost=3840419561.64  viol=2233730521.3629  obj=2237570940924.57
[Run 01 | Iter 96] iter_best: cost=3841669726.03  viol=2233868707.9218  obj=2237710377647.85 | gbest: cost=3840419561.64  viol=2233730521.3629  obj=2237570940924.57
[Run 01 | Iter 97] iter_best: cost=3842119780.82  viol=2234774272.7108  obj=2238616392491.59 | gbest: cost=3840419561.64  viol=2233730521.3629  obj=2237570940924.57
[Run 01 | Iter 98] iter_best: cost=3839144369.86  viol=2233314634.1793  obj=2237153778549.16 | gbest: cost=3839144369.86  viol=2233314634.1793  obj=2237153778549.16
[Run 01 | Iter 99] iter_best: cost=3842394808.22  viol=2232407871.6452  obj=2236250266453.46 | gbest: cost=3842394808.22  viol=2232407871.6452  obj=2236250266453.46
[Run 01 | Iter 100] iter_best: cost=3842019726.03  viol=2231523549.0397  obj=2235365568765.75 | gbest: cost=3842019726.03  viol=2231523549.0397  obj=2235365568765.75
[Run 01 | Iter 101] iter_best: cost=3847620493.15  viol=2230871583.4825  obj=2234719203975.69 | gbest: cost=3847620493.15  viol=2230871583.4825  obj=2234719203975.69
[Run 01 | FE 4096] best_local_obj=2232329054846.98  best_local_cost=3855046452.05  best_local_viol=2228474008.3949
[Run 01 | Iter 102] iter_best: cost=3855046452.05  viol=2228474008.3949  obj=2232329054846.98 | gbest: cost=3855046452.05  viol=2228474008.3949  obj=2232329054846.98
[Run 01 | Iter 103] iter_best: cost=3856671698.63  viol=2227821865.9634  obj=2231678537662.01 | gbest: cost=3856671698.63  viol=2227821865.9634  obj=2231678537662.01
[Run 01 | Iter 104] iter_best: cost=3857721808.22  viol=2226384909.3477  obj=2230242631155.94 | gbest: cost=3857721808.22  viol=2226384909.3477  obj=2230242631155.94
[Run 01 | Iter 105] iter_best: cost=3864397712.33  viol=2228276476.6931  obj=2232140874405.42 | gbest: cost=3857721808.22  viol=2226384909.3477  obj=2230242631155.94
[Run 01 | Iter 106] iter_best: cost=3853971315.07  viol=2228577739.7223  obj=2232431711037.41 | gbest: cost=3857721808.22  viol=2226384909.3477  obj=2230242631155.94
[Run 01 | Iter 107] iter_best: cost=3866948041.10  viol=2226741917.3377  obj=2230608865378.81 | gbest: cost=3857721808.22  viol=2226384909.3477  obj=2230242631155.94
[Run 01 | FE 4352] best_local_obj=2229919109051.80  best_local_cost=3860397164.38  best_local_viol=2226058711.8874
[Run 01 | Iter 108] iter_best: cost=3860397164.38  viol=2226058711.8874  obj=2229919109051.80 | gbest: cost=3860397164.38  viol=2226058711.8874  obj=2229919109051.80
[Run 01 | Iter 109] iter_best: cost=3864097657.53  viol=2224713351.4593  obj=2228577449116.79 | gbest: cost=3864097657.53  viol=2224713351.4593  obj=2228577449116.79
[Run 01 | Iter 110] iter_best: cost=3864447712.33  viol=2224385842.4570  obj=2228250290169.28 | gbest: cost=3864447712.33  viol=2224385842.4570  obj=2228250290169.28
[Run 01 | Iter 111] iter_best: cost=3862097383.56  viol=2224513952.5965  obj=2228376049980.11 | gbest: cost=3864447712.33  viol=2224385842.4570  obj=2228250290169.28
[Run 01 | Iter 112] iter_best: cost=3864397712.33  viol=2223239749.1943  obj=2227104146906.58 | gbest: cost=3864397712.33  viol=2223239749.1943  obj=2227104146906.58
[Run 01 | Iter 113] iter_best: cost=3866773013.70  viol=2222883885.2017  obj=2226750658215.36 | gbest: cost=3866773013.70  viol=2222883885.2017  obj=2226750658215.36
[Run 01 | Iter 114] iter_best: cost=3870598534.25  viol=2219929032.8084  obj=2223799631342.61 | gbest: cost=3870598534.25  viol=2219929032.8084  obj=2223799631342.61
[Run 01 | FE 4608] best_local_obj=2223799631342.61  best_local_cost=3870598534.25  best_local_viol=2219929032.8084
[Run 01 | Iter 115] iter_best: cost=3865497821.92  viol=2220397279.5826  obj=2224262777404.52 | gbest: cost=3870598534.25  viol=2219929032.8084  obj=2223799631342.61
[Run 01 | Iter 116] iter_best: cost=3871623671.23  viol=2218977478.8960  obj=2222849102567.20 | gbest: cost=3871623671.23  viol=2218977478.8960  obj=2222849102567.20
[Run 01 | Iter 117] iter_best: cost=3869273342.47  viol=2219180577.5873  obj=2223049850929.76 | gbest: cost=3871623671.23  viol=2218977478.8960  obj=2222849102567.20
[Run 01 | Iter 118] iter_best: cost=3872598808.22  viol=2219020937.3705  obj=2222893536178.72 | gbest: cost=3871623671.23  viol=2218977478.8960  obj=2222849102567.20
[Run 01 | Iter 119] iter_best: cost=3870798534.25  viol=2219216876.1570  obj=2223087674691.23 | gbest: cost=3871623671.23  viol=2218977478.8960  obj=2222849102567.20
[Run 01 | Iter 120] iter_best: cost=3880949904.11  viol=2218025726.9517  obj=2221906676855.77 | gbest: cost=3880949904.11  viol=2218025726.9517  obj=2221906676855.77
[Run 01 | FE 4864] best_local_obj=2221906676855.77  best_local_cost=3880949904.11  best_local_viol=2218025726.9517
[Run 01 | Iter 121] iter_best: cost=3879349684.93  viol=2218625477.2510  obj=2222504826935.90 | gbest: cost=3880949904.11  viol=2218025726.9517  obj=2221906676855.77
[Run 01 | Iter 122] iter_best: cost=3875199136.99  viol=2219159207.6417  obj=2223034406778.65 | gbest: cost=3880949904.11  viol=2218025726.9517  obj=2221906676855.77
[Run 01 | Iter 123] iter_best: cost=3881399958.90  viol=2218269455.5472  obj=2222150855506.07 | gbest: cost=3880949904.11  viol=2218025726.9517  obj=2221906676855.77
[Run 01 | Iter 124] iter_best: cost=3881049904.11  viol=2217525635.0230  obj=2221406684927.07 | gbest: cost=3881049904.11  viol=2217525635.0230  obj=2221406684927.07
[Run 01 | Iter 125] iter_best: cost=3882700123.29  viol=2217093936.2670  obj=2220976636390.25 | gbest: cost=3882700123.29  viol=2217093936.2670  obj=2220976636390.25
[Run 01 | Iter 126] iter_best: cost=3882475095.89  viol=2215576109.2503  obj=2219458584346.21 | gbest: cost=3882475095.89  viol=2215576109.2503  obj=2219458584346.21
[Run 01 | FE 5120] best_local_obj=2219084587678.60  best_local_cost=3890426136.99  best_local_viol=2215194161.5416
[Run 01 | Iter 127] iter_best: cost=3890426136.99  viol=2215194161.5416  obj=2219084587678.60 | gbest: cost=3890426136.99  viol=2215194161.5416  obj=2219084587678.60
[Run 01 | Iter 128] iter_best: cost=3889751054.79  viol=2214545570.4311  obj=2218435321485.85 | gbest: cost=3889751054.79  viol=2214545570.4311  obj=2218435321485.85
[Run 01 | Iter 129] iter_best: cost=3888425863.01  viol=2213023460.9604  obj=2216911886823.38 | gbest: cost=3888425863.01  viol=2213023460.9604  obj=2216911886823.38
[Run 01 | Iter 130] iter_best: cost=3892876465.75  viol=2212003315.0937  obj=2215896191559.47 | gbest: cost=3892876465.75  viol=2212003315.0937  obj=2215896191559.47
[Run 01 | Iter 131] iter_best: cost=3885525479.45  viol=2211716624.9525  obj=2215602150431.99 | gbest: cost=3885525479.45  viol=2211716624.9525  obj=2215602150431.99
[Run 01 | Iter 132] iter_best: cost=3889125972.60  viol=2211414832.2233  obj=2215303958195.89 | gbest: cost=3889125972.60  viol=2211414832.2233  obj=2215303958195.89
[Run 01 | Iter 133] iter_best: cost=3889125972.60  viol=2211029021.9821  obj=2214918147954.72 | gbest: cost=3889125972.60  viol=2211029021.9821  obj=2214918147954.72
[Run 01 | FE 5376] best_local_obj=2213860750988.35  best_local_cost=3902102698.63  best_local_viol=2209958648.2897
[Run 01 | Iter 134] iter_best: cost=3902102698.63  viol=2209958648.2897  obj=2213860750988.35 | gbest: cost=3902102698.63  viol=2209958648.2897  obj=2213860750988.35
[Run 01 | Iter 135] iter_best: cost=3900977561.64  viol=2209553148.8473  obj=2213454126408.97 | gbest: cost=3900977561.64  viol=2209553148.8473  obj=2213454126408.97
[Run 01 | Iter 136] iter_best: cost=3911103904.11  viol=2209809244.3562  obj=2213720348260.29 | gbest: cost=3900977561.64  viol=2209553148.8473  obj=2213454126408.97
[Run 01 | Iter 137] iter_best: cost=3905353136.99  viol=2209595526.5452  obj=2213500879682.21 | gbest: cost=3900977561.64  viol=2209553148.8473  obj=2213454126408.97
[Run 01 | Iter 138] iter_best: cost=3901377616.44  viol=2209215711.6023  obj=2213117089218.72 | gbest: cost=3901377616.44  viol=2209215711.6023  obj=2213117089218.72
[Run 01 | Iter 139] iter_best: cost=3904102972.60  viol=2208152644.4204  obj=2212056747392.98 | gbest: cost=3904102972.60  viol=2208152644.4204  obj=2212056747392.98
[Run 01 | FE 5632] best_local_obj=2210241823101.39  best_local_cost=3906328273.97  best_local_viol=2206335494.8274
[Run 01 | Iter 140] iter_best: cost=3906328273.97  viol=2206335494.8274  obj=2210241823101.39 | gbest: cost=3906328273.97  viol=2206335494.8274  obj=2210241823101.39
[Run 01 | Iter 141] iter_best: cost=3909503684.93  viol=2206101862.4572  obj=2210011366142.18 | gbest: cost=3909503684.93  viol=2206101862.4572  obj=2210011366142.18
[Run 01 | Iter 142] iter_best: cost=3906078219.18  viol=2205693538.5543  obj=2209599616773.45 | gbest: cost=3906078219.18  viol=2205693538.5543  obj=2209599616773.45
[Run 01 | Iter 143] iter_best: cost=3902727780.82  viol=2205700068.4256  obj=2209602796206.47 | gbest: cost=3906078219.18  viol=2205693538.5543  obj=2209599616773.45
[Run 01 | Iter 144] iter_best: cost=3901702643.84  viol=2205658948.1430  obj=2209560650786.81 | gbest: cost=3901702643.84  viol=2205658948.1430  obj=2209560650786.81
[Run 01 | Iter 145] iter_best: cost=3900677506.85  viol=2204831484.5698  obj=2208732162076.64 | gbest: cost=3900677506.85  viol=2204831484.5698  obj=2208732162076.64
[Run 01 | Iter 146] iter_best: cost=3908603575.34  viol=2203527964.6906  obj=2207436568265.92 | gbest: cost=3908603575.34  viol=2203527964.6906  obj=2207436568265.92
[Run 01 | FE 5888] best_local_obj=2207299663337.93  best_local_cost=3907928493.15  best_local_viol=2203391734.8448
[Run 01 | Iter 147] iter_best: cost=3907928493.15  viol=2203391734.8448  obj=2207299663337.93 | gbest: cost=3907928493.15  viol=2203391734.8448  obj=2207299663337.93
[Run 01 | Iter 148] iter_best: cost=3913379205.48  viol=2201930788.3289  obj=2205844167534.34 | gbest: cost=3913379205.48  viol=2201930788.3289  obj=2205844167534.34
[Run 01 | Iter 149] iter_best: cost=3912979150.68  viol=2203737958.1156  obj=2207650937266.25 | gbest: cost=3913379205.48  viol=2201930788.3289  obj=2205844167534.34
[Run 01 | Iter 150] iter_best: cost=3915029424.66  viol=2202129539.2801  obj=2206044568704.77 | gbest: cost=3913379205.48  viol=2201930788.3289  obj=2205844167534.34
[Run 01 | Iter 151] iter_best: cost=3920105109.59  viol=2201962939.2587  obj=2205883044368.30 | gbest: cost=3913379205.48  viol=2201930788.3289  obj=2205844167534.34
[Run 01 | Iter 152] iter_best: cost=3911728986.30  viol=2202181089.4098  obj=2206092818396.07 | gbest: cost=3913379205.48  viol=2201930788.3289  obj=2205844167534.34
[Run 01 | FE 6144] best_local_obj=2205844167534.34  best_local_cost=3913379205.48  best_local_viol=2201930788.3289
[Run 01 | Iter 153] iter_best: cost=3916054561.64  viol=2202429959.8514  obj=2206346014413.01 | gbest: cost=3913379205.48  viol=2201930788.3289  obj=2205844167534.34
[Run 01 | Iter 154] iter_best: cost=3918279863.01  viol=2202344812.4282  obj=2206263092291.18 | gbest: cost=3913379205.48  viol=2201930788.3289  obj=2205844167534.34
[Run 01 | Iter 155] iter_best: cost=3916404616.44  viol=2201675569.3512  obj=2205591973967.61 | gbest: cost=3916404616.44  viol=2201675569.3512  obj=2205591973967.61
[Run 01 | Iter 156] iter_best: cost=3915429479.45  viol=2201885496.0262  obj=2205800925505.67 | gbest: cost=3916404616.44  viol=2201675569.3512  obj=2205591973967.61
[Run 01 | Iter 157] iter_best: cost=3925405821.92  viol=2199405647.5099  obj=2203331053331.79 | gbest: cost=3925405821.92  viol=2199405647.5099  obj=2203331053331.79
[Run 01 | Iter 158] iter_best: cost=3921480301.37  viol=2199405647.5099  obj=2203327127811.25 | gbest: cost=3921480301.37  viol=2199405647.5099  obj=2203327127811.25
[Run 01 | FE 6400] best_local_obj=2202260680085.82  best_local_cost=3923105493.15  best_local_viol=2198337574.5927
[Run 01 | Iter 159] iter_best: cost=3923105493.15  viol=2198337574.5927  obj=2202260680085.82 | gbest: cost=3923105493.15  viol=2198337574.5927  obj=2202260680085.82
[Run 01 | Iter 160] iter_best: cost=3923880630.14  viol=2196311206.8489  obj=2200235087479.01 | gbest: cost=3923880630.14  viol=2196311206.8489  obj=2200235087479.01
[Run 01 | Iter 161] iter_best: cost=3924255657.53  viol=2196862490.0597  obj=2200786745717.21 | gbest: cost=3923880630.14  viol=2196311206.8489  obj=2200235087479.01
[Run 01 | Iter 162] iter_best: cost=3926881013.70  viol=2196091729.9808  obj=2200018610994.46 | gbest: cost=3926881013.70  viol=2196091729.9808  obj=2200018610994.46
[Run 01 | Iter 163] iter_best: cost=3927181068.49  viol=2195931443.4154  obj=2199858624483.91 | gbest: cost=3927181068.49  viol=2195931443.4154  obj=2199858624483.91
[Run 01 | Iter 164] iter_best: cost=3929856424.66  viol=2195775630.2664  obj=2199705486691.07 | gbest: cost=3929856424.66  viol=2195775630.2664  obj=2199705486691.07
[Run 01 | Iter 165] iter_best: cost=3924505712.33  viol=2195775630.2664  obj=2199700135978.74 | gbest: cost=3924505712.33  viol=2195775630.2664  obj=2199700135978.74
[Run 01 | FE 6656] best_local_obj=2199700135978.74  best_local_cost=3924505712.33  best_local_viol=2195775630.2664
[Run 01 | Iter 166] iter_best: cost=3927806150.68  viol=2195775630.2664  obj=2199703436417.10 | gbest: cost=3924505712.33  viol=2195775630.2664  obj=2199700135978.74
[Run 01 | Iter 167] iter_best: cost=3927906150.68  viol=2195655290.6904  obj=2199583196841.10 | gbest: cost=3927906150.68  viol=2195655290.6904  obj=2199583196841.10
[Run 01 | Iter 168] iter_best: cost=3930531506.85  viol=2195526632.5693  obj=2199457164076.12 | gbest: cost=3930531506.85  viol=2195526632.5693  obj=2199457164076.12
[Run 01 | Iter 169] iter_best: cost=3933831945.21  viol=2195526632.6963  obj=2199460464641.48 | gbest: cost=3930531506.85  viol=2195526632.5693  obj=2199457164076.12
[Run 01 | Iter 170] iter_best: cost=3931556643.84  viol=2195574777.9234  obj=2199506334567.25 | gbest: cost=3930531506.85  viol=2195526632.5693  obj=2199457164076.12
[Run 01 | Iter 171] iter_best: cost=3931831671.23  viol=2195567893.1679  obj=2199499724839.16 | gbest: cost=3930531506.85  viol=2195526632.5693  obj=2199457164076.12
[Run 01 | FE 6912] best_local_obj=2199457164076.12  best_local_cost=3930531506.85  best_local_viol=2195526632.5693
[Run 01 | Iter 172] iter_best: cost=3936507301.37  viol=2195526632.6963  obj=2199463139997.65 | gbest: cost=3930531506.85  viol=2195526632.5693  obj=2199457164076.12
[Run 01 | Iter 173] iter_best: cost=3935482164.38  viol=2195167740.7497  obj=2199103222914.06 | gbest: cost=3935482164.38  viol=2195167740.7497  obj=2199103222914.06
[Run 01 | Iter 174] iter_best: cost=3937757465.75  viol=2195608919.7984  obj=2199546677264.17 | gbest: cost=3935482164.38  viol=2195167740.7497  obj=2199103222914.06
[Run 01 | Iter 175] iter_best: cost=3937132383.56  viol=2195167740.7497  obj=2199104873133.24 | gbest: cost=3935482164.38  viol=2195167740.7497  obj=2199103222914.06
[Run 01 | Iter 176] iter_best: cost=3930131452.05  viol=2195526632.5693  obj=2199456764021.33 | gbest: cost=3935482164.38  viol=2195167740.7497  obj=2199103222914.06
[Run 01 | Iter 177] iter_best: cost=3935482164.38  viol=2195167740.7497  obj=2199103222914.06 | gbest: cost=3935482164.38  viol=2195167740.7497  obj=2199103222914.06
[Run 01 | Iter 178] iter_best: cost=3936107246.58  viol=2195520256.9073  obj=2199456364153.85 | gbest: cost=3935482164.38  viol=2195167740.7497  obj=2199103222914.06
[Run 01 | FE 7168] best_local_obj=2199103222914.06  best_local_cost=3935482164.38  best_local_viol=2195167740.7497
[Run 01 | Iter 179] iter_best: cost=3934457027.40  viol=2195520256.9073  obj=2199454713934.67 | gbest: cost=3935482164.38  viol=2195167740.7497  obj=2199103222914.06
[Run 01 | Iter 180] iter_best: cost=3934857082.19  viol=2195167740.7497  obj=2199102597831.87 | gbest: cost=3934857082.19  viol=2195167740.7497  obj=2199102597831.87
[Run 01 | Iter 181] iter_best: cost=3931506643.84  viol=2195044094.7331  obj=2198975601376.95 | gbest: cost=3931506643.84  viol=2195044094.7331  obj=2198975601376.95
[Run 01 | Iter 182] iter_best: cost=3930531506.85  viol=2195316884.3391  obj=2199247415845.96 | gbest: cost=3931506643.84  viol=2195044094.7331  obj=2198975601376.95
[Run 01 | Iter 183] iter_best: cost=3934132000.00  viol=2194991531.4449  obj=2198925663444.92 | gbest: cost=3934132000.00  viol=2194991531.4449  obj=2198925663444.92
[Run 01 | Iter 184] iter_best: cost=3937432438.36  viol=2194991531.4449  obj=2198928963883.27 | gbest: cost=3934132000.00  viol=2194991531.4449  obj=2198925663444.92
[Run 01 | FE 7424] best_local_obj=2198925663444.92  best_local_cost=3934132000.00  best_local_viol=2194991531.4449
[Run 01 | Iter 185] iter_best: cost=3932481780.82  viol=2194991531.4449  obj=2198924013225.74 | gbest: cost=3932481780.82  viol=2194991531.4449  obj=2198924013225.74
[Run 01 | Iter 186] iter_best: cost=3934132000.00  viol=2194991531.4449  obj=2198925663444.92 | gbest: cost=3932481780.82  viol=2194991531.4449  obj=2198924013225.74
[Run 01 | Iter 187] iter_best: cost=3937082383.56  viol=2194666624.4154  obj=2198603706798.95 | gbest: cost=3937082383.56  viol=2194666624.4154  obj=2198603706798.95
[Run 01 | Iter 188] iter_best: cost=3940732876.71  viol=2194625363.8167  obj=2198566096693.45 | gbest: cost=3940732876.71  viol=2194625363.8167  obj=2198566096693.45
[Run 01 | Iter 189] iter_best: cost=3937432438.36  viol=2194625363.8167  obj=2198562796255.09 | gbest: cost=3937432438.36  viol=2194625363.8167  obj=2198562796255.09
[Run 01 | Iter 190] iter_best: cost=3931456643.84  viol=2194625363.8167  obj=2198556820460.57 | gbest: cost=3931456643.84  viol=2194625363.8167  obj=2198556820460.57
[Run 01 | FE 7680] best_local_obj=2198556820460.57  best_local_cost=3931456643.84  best_local_viol=2194625363.8167
[Run 01 | Iter 191] iter_best: cost=3938057520.55  viol=2194625363.8167  obj=2198563421337.28 | gbest: cost=3931456643.84  viol=2194625363.8167  obj=2198556820460.57
[Run 01 | Iter 192] iter_best: cost=3935482164.38  viol=2194596483.8055  obj=2198531965969.90 | gbest: cost=3935482164.38  viol=2194596483.8055  obj=2198531965969.90
[Run 01 | Iter 193] iter_best: cost=3936457301.37  viol=2194543920.5002  obj=2198480377801.58 | gbest: cost=3936457301.37  viol=2194543920.5002  obj=2198480377801.58
[Run 01 | Iter 194] iter_best: cost=3937382438.36  viol=2194625363.8167  obj=2198562746255.09 | gbest: cost=3936457301.37  viol=2194543920.5002  obj=2198480377801.58
[Run 01 | Iter 195] iter_best: cost=3940732876.71  viol=2194502659.9016  obj=2198443392778.28 | gbest: cost=3940732876.71  viol=2194502659.9016  obj=2198443392778.28
[Run 01 | Iter 196] iter_best: cost=3940732876.71  viol=2194625363.8167  obj=2198566096693.45 | gbest: cost=3940732876.71  viol=2194502659.9016  obj=2198443392778.28
[Run 01 | Iter 197] iter_best: cost=3940832876.71  viol=2193949457.7563  obj=2197890290633.05 | gbest: cost=3940832876.71  viol=2193949457.7563  obj=2197890290633.05
[Run 01 | FE 7936] best_local_obj=2196949823556.28  best_local_cost=3938832602.74  best_local_viol=2193010990.9535
[Run 01 | Iter 198] iter_best: cost=3939757739.73  viol=2192855880.2523  obj=2196795637992.03 | gbest: cost=3939757739.73  viol=2192855880.2523  obj=2196795637992.03
[Run 01 | Iter 199] iter_best: cost=3941758013.70  viol=2192813702.7806  obj=2196755460794.30 | gbest: cost=3941758013.70  viol=2192813702.7806  obj=2196755460794.30
[Run 01 | Iter 200] iter_best: cost=3945058452.05  viol=2192750566.9016  obj=2196695625353.62 | gbest: cost=3945058452.05  viol=2192750566.9016  obj=2196695625353.62
[Run 01 | Iter 201] iter_best: cost=3950759219.18  viol=2191294239.6075  obj=2195244998826.67 | gbest: cost=3950759219.18  viol=2191294239.6075  obj=2195244998826.67
[Run 01 | Iter 202] iter_best: cost=3949784082.19  viol=2191688566.3267  obj=2195638350408.93 | gbest: cost=3950759219.18  viol=2191294239.6075  obj=2195244998826.67
[Run 01 | Iter 203] iter_best: cost=3952459438.36  viol=2191294239.6075  obj=2195246699045.85 | gbest: cost=3950759219.18  viol=2191294239.6075  obj=2195244998826.67
[Run 01 | FE 8192] best_local_obj=2195244998826.67  best_local_cost=3950759219.18  best_local_viol=2191294239.6075
[Run 01 | Iter 204] iter_best: cost=3951034246.58  viol=2191298834.2547  obj=2195249868501.30 | gbest: cost=3950759219.18  viol=2191294239.6075  obj=2195244998826.67
[Run 01 | Iter 205] iter_best: cost=3955084794.52  viol=2191294239.6075  obj=2195249324402.02 | gbest: cost=3950759219.18  viol=2191294239.6075  obj=2195244998826.67
[Run 01 | Iter 206] iter_best: cost=3954059657.53  viol=2191294239.6075  obj=2195248299265.03 | gbest: cost=3950759219.18  viol=2191294239.6075  obj=2195244998826.67
[Run 01 | Iter 207] iter_best: cost=3953434575.34  viol=2191294239.6075  obj=2195247674182.84 | gbest: cost=3950759219.18  viol=2191294239.6075  obj=2195244998826.67
[Run 01 | Iter 208] iter_best: cost=3951359273.97  viol=2190899409.5090  obj=2194850768783.01 | gbest: cost=3951359273.97  viol=2190899409.5090  obj=2194850768783.01
[Run 01 | Iter 209] iter_best: cost=3952609438.36  viol=2190582709.1252  obj=2194535318563.58 | gbest: cost=3952609438.36  viol=2190582709.1252  obj=2194535318563.58
[Run 01 | Iter 210] iter_best: cost=3949033972.60  viol=2189926816.1242  obj=2193875850096.83 | gbest: cost=3949033972.60  viol=2189926816.1242  obj=2193875850096.83
[Run 01 | FE 8448] best_local_obj=2193875850096.83  best_local_cost=3949033972.60  best_local_viol=2189926816.1242
[Run 01 | Iter 211] iter_best: cost=3948133863.01  viol=2189930530.5690  obj=2193878664432.05 | gbest: cost=3949033972.60  viol=2189926816.1242  obj=2193875850096.83
[Run 01 | Iter 212] iter_best: cost=3955584849.32  viol=2189926816.1242  obj=2193882400973.54 | gbest: cost=3949033972.60  viol=2189926816.1242  obj=2193875850096.83
[Run 01 | Iter 213] iter_best: cost=3953759602.74  viol=2189922221.3277  obj=2193875980930.47 | gbest: cost=3949033972.60  viol=2189926816.1242  obj=2193875850096.83
[Run 01 | Iter 214] iter_best: cost=3955009767.12  viol=2189789718.5228  obj=2193744728289.95 | gbest: cost=3955009767.12  viol=2189789718.5228  obj=2193744728289.95
[Run 01 | Iter 215] iter_best: cost=3956559986.30  viol=2189755621.4530  obj=2193712181439.34 | gbest: cost=3956559986.30  viol=2189755621.4530  obj=2193712181439.34
[Run 01 | Iter 216] iter_best: cost=3952409438.36  viol=2189755621.4530  obj=2193708030891.39 | gbest: cost=3952409438.36  viol=2189755621.4530  obj=2193708030891.39
[Run 01 | FE 8704] best_local_obj=2193708030891.39  best_local_cost=3952409438.36  best_local_viol=2189755621.4530
[Run 01 | Iter 217] iter_best: cost=3955034794.52  viol=2189743234.8521  obj=2193698269646.66 | gbest: cost=3955034794.52  viol=2189743234.8521  obj=2193698269646.66
[Run 01 | Iter 218] iter_best: cost=3951384301.37  viol=2189727328.2011  obj=2193678712502.51 | gbest: cost=3951384301.37  viol=2189727328.2011  obj=2193678712502.51
[Run 01 | Iter 219] iter_best: cost=3956109931.51  viol=2189727328.2011  obj=2193683438132.64 | gbest: cost=3951384301.37  viol=2189727328.2011  obj=2193678712502.51
[Run 01 | Iter 220] iter_best: cost=3952409438.36  viol=2189727328.2011  obj=2193679737639.49 | gbest: cost=3951384301.37  viol=2189727328.2011  obj=2193678712502.51
[Run 01 | Iter 221] iter_best: cost=3952059383.56  viol=2189727328.2011  obj=2193679387584.70 | gbest: cost=3951384301.37  viol=2189727328.2011  obj=2193678712502.51
[Run 01 | Iter 222] iter_best: cost=3949109000.00  viol=2189743234.8521  obj=2193692343852.14 | gbest: cost=3951384301.37  viol=2189727328.2011  obj=2193678712502.51
[Run 01 | FE 8960] best_local_obj=2193678362447.71  best_local_cost=3951034246.58  best_local_viol=2189727328.2011
[Run 01 | Iter 223] iter_best: cost=3951034246.58  viol=2189727328.2011  obj=2193678362447.71 | gbest: cost=3951034246.58  viol=2189727328.2011  obj=2193678362447.71
[Run 01 | Iter 224] iter_best: cost=3959235342.47  viol=2189706734.2308  obj=2193665969573.30 | gbest: cost=3959235342.47  viol=2189706734.2308  obj=2193665969573.30
[Run 01 | Iter 225] iter_best: cost=3954959767.12  viol=2189706734.2308  obj=2193661693997.96 | gbest: cost=3954959767.12  viol=2189706734.2308  obj=2193661693997.96
[Run 01 | Iter 226] iter_best: cost=3952334410.96  viol=2189711348.5252  obj=2193663682936.13 | gbest: cost=3954959767.12  viol=2189706734.2308  obj=2193661693997.96
[Run 01 | Iter 227] iter_best: cost=3957010041.10  viol=2189727328.2011  obj=2193684338242.23 | gbest: cost=3954959767.12  viol=2189706734.2308  obj=2193661693997.96
[Run 01 | Iter 228] iter_best: cost=3960660534.25  viol=2189706734.2282  obj=2193667394762.48 | gbest: cost=3954959767.12  viol=2189706734.2308  obj=2193661693997.96
[Run 01 | Iter 229] iter_best: cost=3955009767.12  viol=2188640726.5362  obj=2192595736303.30 | gbest: cost=3955009767.12  viol=2188640726.5362  obj=2192595736303.30
[Run 01 | FE 9216] best_local_obj=2192586425723.89  best_local_cost=3956084904.11  best_local_viol=2188630340.8198
[Run 01 | Iter 230] iter_best: cost=3956084904.11  viol=2188630340.8198  obj=2192586425723.89 | gbest: cost=3956084904.11  viol=2188630340.8198  obj=2192586425723.89
[Run 01 | Iter 231] iter_best: cost=3957160041.10  viol=2187759879.2818  obj=2191717039322.92 | gbest: cost=3957160041.10  viol=2187759879.2818  obj=2191717039322.92
[Run 01 | Iter 232] iter_best: cost=3956835013.70  viol=2187744477.1403  obj=2191701312154.03 | gbest: cost=3956835013.70  viol=2187744477.1403  obj=2191701312154.03
[Run 01 | Iter 233] iter_best: cost=3963210863.01  viol=2187713395.2851  obj=2191676606148.15 | gbest: cost=3963210863.01  viol=2187713395.2851  obj=2191676606148.15
[Run 01 | Iter 234] iter_best: cost=3966336273.97  viol=2187522944.6598  obj=2191489280933.81 | gbest: cost=3966336273.97  viol=2187522944.6598  obj=2191489280933.81
[Run 01 | Iter 235] iter_best: cost=3964461027.40  viol=2186618192.3683  obj=2190582653395.69 | gbest: cost=3964461027.40  viol=2186618192.3683  obj=2190582653395.69
[Run 01 | FE 9472] best_local_obj=2190422367925.29  best_local_cost=3966161246.58  best_local_viol=2186456206.6787
[Run 01 | Iter 236] iter_best: cost=3966161246.58  viol=2186456206.6787  obj=2190422367925.29 | gbest: cost=3966161246.58  viol=2186456206.6787  obj=2190422367925.29
[Run 01 | Iter 237] iter_best: cost=3968336547.95  viol=2186414380.2198  obj=2190382716767.78 | gbest: cost=3968336547.95  viol=2186414380.2198  obj=2190382716767.78
[Run 01 | Iter 238] iter_best: cost=3966061246.58  viol=2186422689.5433  obj=2190388750789.91 | gbest: cost=3968336547.95  viol=2186414380.2198  obj=2190382716767.78
[Run 01 | Iter 239] iter_best: cost=3964010972.60  viol=2186451592.3115  obj=2190415603284.14 | gbest: cost=3968336547.95  viol=2186414380.2198  obj=2190382716767.78
[Run 01 | Iter 240] iter_best: cost=3968336547.95  viol=2186414380.2198  obj=2190382716767.78 | gbest: cost=3968336547.95  viol=2186414380.2198  obj=2190382716767.78
[Run 01 | Iter 241] iter_best: cost=3974712397.26  viol=2186007356.1281  obj=2189982068525.40 | gbest: cost=3974712397.26  viol=2186007356.1281  obj=2189982068525.40
