[RunConfig] run_id=22 seed=1022
[OutputDir] /work/home/acn1eb8nfq/yuezhang46/UScode/US实验一：横向对比/pso_global_logs/run_22_seed_1022
[Info] #nodes = 4301
[Load] Reading scenarios ...
  - 2020: raw edges=5296, days=366
  - 2025: raw edges=5296, days=365
  - 2030: raw edges=5296, days=365
  - 2035: raw edges=5296, days=365
  - 2040: raw edges=5296, days=366
[Filter] EDGE_WEIGHT_MIN=1.0
  - active_nodes=2914  inactive_nodes(fixed NONE)=1387
  - 2020: removed=2048, kept=3248
  - 2025: removed=2048, kept=3248
  - 2030: removed=2048, kept=3248
  - 2035: removed=2048, kept=3248
  - 2040: removed=2048, kept=3248
  - 2020: filtered edges (active subgraph)=3248
  - 2025: filtered edges (active subgraph)=3248
  - 2030: filtered edges (active subgraph)=3248
  - 2035: filtered edges (active subgraph)=3248
  - 2040: filtered edges (active subgraph)=3248
[PSO] Evaluate initial swarm ...
[PSO] Init snapshot: best_cost=1255174684.93  best_viol=3371217883.2138  best_obj=3372473057898.73
[PSO] Iterate ...
[Run 22 | Iter 1] iter_best: cost=1523661780.82  viol=3223093852.7509  obj=3224617514531.73 | gbest: cost=1523661780.82  viol=3223093852.7509  obj=3224617514531.73
[Run 22 | Iter 2] iter_best: cost=1817101780.82  viol=3063303916.6986  obj=3065121018479.38 | gbest: cost=1817101780.82  viol=3063303916.6986  obj=3065121018479.38
[Run 22 | Iter 3] iter_best: cost=2312917972.60  viol=2808002211.2359  obj=2810315129208.55 | gbest: cost=2312917972.60  viol=2808002211.2359  obj=2810315129208.55
[Run 22 | Iter 4] iter_best: cost=2676091383.56  viol=2667289174.9156  obj=2669965266299.21 | gbest: cost=2676091383.56  viol=2667289174.9156  obj=2669965266299.21
[Run 22 | Iter 5] iter_best: cost=2998909315.07  viol=2537492510.7775  obj=2540491420092.59 | gbest: cost=2998909315.07  viol=2537492510.7775  obj=2540491420092.59
[Run 22 | FE 256] best_local_obj=2455865930904.94  best_local_cost=3238891315.07  best_local_viol=2452627039.5899
[Run 22 | Iter 6] iter_best: cost=3250367876.71  viol=2442980597.3575  obj=2446230965234.21 | gbest: cost=3250367876.71  viol=2442980597.3575  obj=2446230965234.21
[Run 22 | Iter 7] iter_best: cost=3405838589.04  viol=2391418513.4955  obj=2394824352084.52 | gbest: cost=3405838589.04  viol=2391418513.4955  obj=2394824352084.52
[Run 22 | Iter 8] iter_best: cost=3497600589.04  viol=2367074510.7845  obj=2370572111373.51 | gbest: cost=3497600589.04  viol=2367074510.7845  obj=2370572111373.51
[Run 22 | Iter 9] iter_best: cost=3572385479.45  viol=2334814141.0132  obj=2338386526492.64 | gbest: cost=3572385479.45  viol=2334814141.0132  obj=2338386526492.64
[Run 22 | Iter 10] iter_best: cost=3633843534.25  viol=2310699948.9180  obj=2314333792452.23 | gbest: cost=3633843534.25  viol=2310699948.9180  obj=2314333792452.23
[Run 22 | Iter 11] iter_best: cost=3698252027.40  viol=2288079106.6828  obj=2291777358710.15 | gbest: cost=3698252027.40  viol=2288079106.6828  obj=2291777358710.15
[Run 22 | FE 512] best_local_obj=2281233028480.64  best_local_cost=3739532424.66  best_local_viol=2277493496.0560
[Run 22 | Iter 12] iter_best: cost=3739532424.66  viol=2277493496.0560  obj=2281233028480.64 | gbest: cost=3739532424.66  viol=2277493496.0560  obj=2281233028480.64
[Run 22 | Iter 13] iter_best: cost=3765410739.73  viol=2272974399.9693  obj=2276739810708.98 | gbest: cost=3765410739.73  viol=2272974399.9693  obj=2276739810708.98
[Run 22 | Iter 14] iter_best: cost=3794639547.95  viol=2263355856.9838  obj=2267150496531.72 | gbest: cost=3794639547.95  viol=2263355856.9838  obj=2267150496531.72
[Run 22 | Iter 15] iter_best: cost=3828543986.30  viol=2245539786.4425  obj=2249368330428.81 | gbest: cost=3828543986.30  viol=2245539786.4425  obj=2249368330428.81
[Run 22 | Iter 16] iter_best: cost=3867324109.59  viol=2238532318.7287  obj=2242399642838.28 | gbest: cost=3867324109.59  viol=2238532318.7287  obj=2242399642838.28
[Run 22 | Iter 17] iter_best: cost=3893577561.64  viol=2238933493.0316  obj=2242827070593.25 | gbest: cost=3867324109.59  viol=2238532318.7287  obj=2242399642838.28
[Run 22 | Iter 18] iter_best: cost=3887951821.92  viol=2232263757.2334  obj=2236151709055.35 | gbest: cost=3887951821.92  viol=2232263757.2334  obj=2236151709055.35
[Run 22 | FE 768] best_local_obj=2236151709055.35  best_local_cost=3887951821.92  best_local_viol=2232263757.2334
[Run 22 | Iter 19] iter_best: cost=3912379972.60  viol=2234109252.1019  obj=2238021632074.50 | gbest: cost=3887951821.92  viol=2232263757.2334  obj=2236151709055.35
[Run 22 | Iter 20] iter_best: cost=3900028438.36  viol=2229156576.3788  obj=2233056604817.13 | gbest: cost=3900028438.36  viol=2229156576.3788  obj=2233056604817.13
[Run 22 | Iter 21] iter_best: cost=3906954342.47  viol=2225528966.2408  obj=2229435920583.30 | gbest: cost=3906954342.47  viol=2225528966.2408  obj=2229435920583.30
[Run 22 | Iter 22] iter_best: cost=3907529369.86  viol=2220415384.7006  obj=2224322914070.50 | gbest: cost=3907529369.86  viol=2220415384.7006  obj=2224322914070.50
[Run 22 | Iter 23] iter_best: cost=3932782712.33  viol=2215914408.9806  obj=2219847191692.96 | gbest: cost=3932782712.33  viol=2215914408.9806  obj=2219847191692.96
[Run 22 | Iter 24] iter_best: cost=3942158945.21  viol=2213083710.4840  obj=2217025869429.19 | gbest: cost=3942158945.21  viol=2213083710.4840  obj=2217025869429.19
[Run 22 | FE 1024] best_local_obj=2202828154652.28  best_local_cost=3966637205.48  best_local_viol=2198861517.4468
[Run 22 | Iter 25] iter_best: cost=3966637205.48  viol=2198861517.4468  obj=2202828154652.28 | gbest: cost=3966637205.48  viol=2198861517.4468  obj=2202828154652.28
[Run 22 | Iter 26] iter_best: cost=3989765246.58  viol=2198808516.2787  obj=2202798281525.30 | gbest: cost=3989765246.58  viol=2198808516.2787  obj=2202798281525.30
[Run 22 | Iter 27] iter_best: cost=4006692465.75  viol=2192135187.3250  obj=2196141879790.74 | gbest: cost=4006692465.75  viol=2192135187.3250  obj=2196141879790.74
[Run 22 | Iter 28] iter_best: cost=4013668424.66  viol=2189199812.2048  obj=2193213480629.48 | gbest: cost=4013668424.66  viol=2189199812.2048  obj=2193213480629.48
[Run 22 | Iter 29] iter_best: cost=4030695643.84  viol=2184415660.3369  obj=2188446355980.71 | gbest: cost=4030695643.84  viol=2184415660.3369  obj=2188446355980.71
[Run 22 | Iter 30] iter_best: cost=4030870671.23  viol=2179034983.2241  obj=2183065853895.35 | gbest: cost=4030870671.23  viol=2179034983.2241  obj=2183065853895.35
[Run 22 | FE 1280] best_local_obj=2178062399036.35  best_local_cost=4041272041.10  best_local_viol=2174021126.9953
[Run 22 | Iter 31] iter_best: cost=4041272041.10  viol=2174021126.9953  obj=2178062399036.35 | gbest: cost=4041272041.10  viol=2174021126.9953  obj=2178062399036.35
[Run 22 | Iter 32] iter_best: cost=4046997780.82  viol=2174117272.7666  obj=2178164270547.44 | gbest: cost=4041272041.10  viol=2174021126.9953  obj=2178062399036.35
[Run 22 | Iter 33] iter_best: cost=4038446630.14  viol=2174954466.0616  obj=2178992912691.69 | gbest: cost=4041272041.10  viol=2174021126.9953  obj=2178062399036.35
[Run 22 | Iter 34] iter_best: cost=4046272698.63  viol=2173548530.3329  obj=2177594803031.48 | gbest: cost=4046272698.63  viol=2173548530.3329  obj=2177594803031.48
[Run 22 | Iter 35] iter_best: cost=4038146630.14  viol=2170513902.0689  obj=2174552048699.06 | gbest: cost=4038146630.14  viol=2170513902.0689  obj=2174552048699.06
[Run 22 | Iter 36] iter_best: cost=4057549205.48  viol=2169278625.5114  obj=2173336174716.86 | gbest: cost=4057549205.48  viol=2169278625.5114  obj=2173336174716.86
[Run 22 | Iter 37] iter_best: cost=4060099534.25  viol=2165944685.1847  obj=2170004784718.91 | gbest: cost=4060099534.25  viol=2165944685.1847  obj=2170004784718.91
[Run 22 | FE 1536] best_local_obj=2169871378097.98  best_local_cost=4064475109.59  best_local_viol=2165806902.9884
[Run 22 | Iter 38] iter_best: cost=4069150739.73  viol=2164069710.0146  obj=2168138860754.29 | gbest: cost=4069150739.73  viol=2164069710.0146  obj=2168138860754.29
[Run 22 | Iter 39] iter_best: cost=4077376808.22  viol=2161162299.7245  obj=2165239676532.71 | gbest: cost=4077376808.22  viol=2161162299.7245  obj=2165239676532.71
[Run 22 | Iter 40] iter_best: cost=4091903698.63  viol=2161463743.9356  obj=2165555647634.20 | gbest: cost=4077376808.22  viol=2161162299.7245  obj=2165239676532.71
[Run 22 | Iter 41] iter_best: cost=4102730150.68  viol=2158843337.3746  obj=2162946067525.33 | gbest: cost=4102730150.68  viol=2158843337.3746  obj=2162946067525.33
[Run 22 | Iter 42] iter_best: cost=4112481465.75  viol=2154765463.9118  obj=2158877945377.60 | gbest: cost=4112481465.75  viol=2154765463.9118  obj=2158877945377.60
[Run 22 | Iter 43] iter_best: cost=4105005452.05  viol=2153176872.8252  obj=2157281878277.23 | gbest: cost=4105005452.05  viol=2153176872.8252  obj=2157281878277.23
[Run 22 | FE 1792] best_local_obj=2157281878277.23  best_local_cost=4105005452.05  best_local_viol=2153176872.8252
[Run 22 | Iter 44] iter_best: cost=4105855561.64  viol=2153848821.1172  obj=2157954676678.89 | gbest: cost=4105005452.05  viol=2153176872.8252  obj=2157281878277.23
[Run 22 | Iter 45] iter_best: cost=4115356821.92  viol=2151692820.7553  obj=2155808177577.19 | gbest: cost=4115356821.92  viol=2151692820.7553  obj=2155808177577.19
[Run 22 | Iter 46] iter_best: cost=4110331136.99  viol=2150633100.4506  obj=2154743431587.62 | gbest: cost=4110331136.99  viol=2150633100.4506  obj=2154743431587.62
[Run 22 | Iter 47] iter_best: cost=4116131904.11  viol=2150110347.7073  obj=2154226479611.36 | gbest: cost=4116131904.11  viol=2150110347.7073  obj=2154226479611.36
[Run 22 | Iter 48] iter_best: cost=4116556931.51  viol=2149919523.2459  obj=2154036080177.36 | gbest: cost=4116556931.51  viol=2149919523.2459  obj=2154036080177.36
[Run 22 | Iter 49] iter_best: cost=4118882287.67  viol=2147525334.0347  obj=2151644216322.32 | gbest: cost=4118882287.67  viol=2147525334.0347  obj=2151644216322.32
[Run 22 | Iter 50] iter_best: cost=4121557589.04  viol=2147564306.8273  obj=2151685864416.38 | gbest: cost=4118882287.67  viol=2147525334.0347  obj=2151644216322.32
[Run 22 | FE 2048] best_local_obj=2150003389692.25  best_local_cost=4124257972.60  best_local_viol=2145879131.7197
[Run 22 | Iter 51] iter_best: cost=4128058465.75  viol=2144887814.4013  obj=2149015872867.01 | gbest: cost=4128058465.75  viol=2144887814.4013  obj=2149015872867.01
[Run 22 | Iter 52] iter_best: cost=4132284041.10  viol=2144399134.5463  obj=2148531418587.38 | gbest: cost=4132284041.10  viol=2144399134.5463  obj=2148531418587.38
[Run 22 | Iter 53] iter_best: cost=4132359068.49  viol=2143448215.5888  obj=2147580574657.28 | gbest: cost=4132359068.49  viol=2143448215.5888  obj=2147580574657.28
[Run 22 | Iter 54] iter_best: cost=4132434041.10  viol=2143277237.6502  obj=2147409671691.25 | gbest: cost=4132434041.10  viol=2143277237.6502  obj=2147409671691.25
[Run 22 | Iter 55] iter_best: cost=4140710164.38  viol=2140007979.5083  obj=2144148689672.64 | gbest: cost=4140710164.38  viol=2140007979.5083  obj=2144148689672.64
[Run 22 | Iter 56] iter_best: cost=4155912191.78  viol=2137614142.7892  obj=2141770054980.93 | gbest: cost=4155912191.78  viol=2137614142.7892  obj=2141770054980.93
[Run 22 | FE 2304] best_local_obj=2141770054980.93  best_local_cost=4155912191.78  best_local_viol=2137614142.7892
[Run 22 | Iter 57] iter_best: cost=4161937986.30  viol=2137574836.2148  obj=2141736774201.05 | gbest: cost=4161937986.30  viol=2137574836.2148  obj=2141736774201.05
[Run 22 | Iter 58] iter_best: cost=4174339630.14  viol=2137144004.8353  obj=2141318344465.39 | gbest: cost=4174339630.14  viol=2137144004.8353  obj=2141318344465.39
[Run 22 | Iter 59] iter_best: cost=4168888917.81  viol=2133899668.2575  obj=2138068557175.26 | gbest: cost=4168888917.81  viol=2133899668.2575  obj=2138068557175.26
[Run 22 | Iter 60] iter_best: cost=4175114767.12  viol=2131492567.0255  obj=2135667681792.58 | gbest: cost=4175114767.12  viol=2131492567.0255  obj=2135667681792.58
[Run 22 | Iter 61] iter_best: cost=4167938808.22  viol=2129994903.0443  obj=2134162841852.47 | gbest: cost=4167938808.22  viol=2129994903.0443  obj=2134162841852.47
[Run 22 | Iter 62] iter_best: cost=4176314876.71  viol=2127630436.6445  obj=2131806751521.24 | gbest: cost=4176314876.71  viol=2127630436.6445  obj=2131806751521.24
[Run 22 | FE 2560] best_local_obj=2130624927102.94  best_local_cost=4184265972.60  best_local_viol=2126440661.1303
[Run 22 | Iter 63] iter_best: cost=4184265972.60  viol=2126440661.1303  obj=2130624927102.94 | gbest: cost=4184265972.60  viol=2126440661.1303  obj=2130624927102.94
[Run 22 | Iter 64] iter_best: cost=4178015095.89  viol=2126817405.5771  obj=2130995420673.01 | gbest: cost=4184265972.60  viol=2126440661.1303  obj=2130624927102.94
[Run 22 | Iter 65] iter_best: cost=4190441767.12  viol=2125966307.9780  obj=2130156749745.15 | gbest: cost=4190441767.12  viol=2125966307.9780  obj=2130156749745.15
[Run 22 | Iter 66] iter_best: cost=4192517013.70  viol=2121383925.7064  obj=2125576442720.13 | gbest: cost=4192517013.70  viol=2121383925.7064  obj=2125576442720.13
[Run 22 | Iter 67] iter_best: cost=4192016958.90  viol=2120531682.6025  obj=2124723699561.43 | gbest: cost=4192016958.90  viol=2120531682.6025  obj=2124723699561.43
[Run 22 | Iter 68] iter_best: cost=4190866794.52  viol=2116707448.5673  obj=2120898315361.84 | gbest: cost=4190866794.52  viol=2116707448.5673  obj=2120898315361.84
[Run 22 | Iter 69] iter_best: cost=4192016904.11  viol=2117816277.2133  obj=2122008294117.36 | gbest: cost=4190866794.52  viol=2116707448.5673  obj=2120898315361.84
[Run 22 | FE 2816] best_local_obj=2120898315361.84  best_local_cost=4190866794.52  best_local_viol=2116707448.5673
[Run 22 | Iter 70] iter_best: cost=4194892315.07  viol=2116747570.4102  obj=2120942462725.29 | gbest: cost=4190866794.52  viol=2116707448.5673  obj=2120898315361.84
[Run 22 | Iter 71] iter_best: cost=4199292917.81  viol=2116183816.8756  obj=2120383109793.37 | gbest: cost=4199292917.81  viol=2116183816.8756  obj=2120383109793.37
[Run 22 | Iter 72] iter_best: cost=4200168054.79  viol=2114873528.5947  obj=2119073696649.46 | gbest: cost=4200168054.79  viol=2114873528.5947  obj=2119073696649.46
[Run 22 | Iter 73] iter_best: cost=4193792205.48  viol=2116271382.5683  obj=2120465174773.81 | gbest: cost=4200168054.79  viol=2114873528.5947  obj=2119073696649.46
[Run 22 | Iter 74] iter_best: cost=4199818000.00  viol=2114491274.5682  obj=2118691092568.16 | gbest: cost=4199818000.00  viol=2114491274.5682  obj=2118691092568.16
[Run 22 | Iter 75] iter_best: cost=4197467671.23  viol=2113658286.1432  obj=2117855753814.47 | gbest: cost=4197467671.23  viol=2113658286.1432  obj=2117855753814.47
[Run 22 | FE 3072] best_local_obj=2117762725730.13  best_local_cost=4194792315.07  best_local_viol=2113567933.4151
[Run 22 | Iter 76] iter_best: cost=4194792315.07  viol=2113567933.4151  obj=2117762725730.13 | gbest: cost=4194792315.07  viol=2113567933.4151  obj=2117762725730.13
[Run 22 | Iter 77] iter_best: cost=4205168712.33  viol=2112730439.0789  obj=2116935607791.26 | gbest: cost=4205168712.33  viol=2112730439.0789  obj=2116935607791.26
[Run 22 | Iter 78] iter_best: cost=4203393465.75  viol=2112884719.0565  obj=2117088112522.29 | gbest: cost=4205168712.33  viol=2112730439.0789  obj=2116935607791.26
[Run 22 | Iter 79] iter_best: cost=4213244780.82  viol=2112152190.7830  obj=2116365435563.85 | gbest: cost=4213244780.82  viol=2112152190.7830  obj=2116365435563.85
[Run 22 | Iter 80] iter_best: cost=4217170301.37  viol=2110053453.5494  obj=2114270623850.77 | gbest: cost=4217170301.37  viol=2110053453.5494  obj=2114270623850.77
[Run 22 | Iter 81] iter_best: cost=4220020684.93  viol=2109280046.0186  obj=2113500066703.56 | gbest: cost=4220020684.93  viol=2109280046.0186  obj=2113500066703.56
[Run 22 | Iter 82] iter_best: cost=4221745876.71  viol=2108119490.8540  obj=2112341236730.71 | gbest: cost=4221745876.71  viol=2108119490.8540  obj=2112341236730.71
[Run 22 | FE 3328] best_local_obj=2112341236730.71  best_local_cost=4221745876.71  best_local_viol=2108119490.8540
[Run 22 | Iter 83] iter_best: cost=4219395547.95  viol=2108206025.2252  obj=2112425420773.18 | gbest: cost=4221745876.71  viol=2108119490.8540  obj=2112341236730.71
[Run 22 | Iter 84] iter_best: cost=4227396643.84  viol=2106119010.0972  obj=2110346406741.04 | gbest: cost=4227396643.84  viol=2106119010.0972  obj=2110346406741.04
[Run 22 | Iter 85] iter_best: cost=4223796150.68  viol=2106348945.3288  obj=2110572741479.49 | gbest: cost=4227396643.84  viol=2106119010.0972  obj=2110346406741.04
[Run 22 | Iter 86] iter_best: cost=4226471506.85  viol=2105146539.1228  obj=2109373010629.65 | gbest: cost=4226471506.85  viol=2105146539.1228  obj=2109373010629.65
[Run 22 | Iter 87] iter_best: cost=4234147520.55  viol=2104299018.5647  obj=2108533166085.25 | gbest: cost=4234147520.55  viol=2104299018.5647  obj=2108533166085.25
[Run 22 | Iter 88] iter_best: cost=4223271068.49  viol=2104176071.8232  obj=2108399342891.70 | gbest: cost=4223271068.49  viol=2104176071.8232  obj=2108399342891.70
[Run 22 | FE 3584] best_local_obj=2108399342891.70  best_local_cost=4223271068.49  best_local_viol=2104176071.8232
[Run 22 | Iter 89] iter_best: cost=4227521616.44  viol=2104681681.5148  obj=2108909203131.27 | gbest: cost=4223271068.49  viol=2104176071.8232  obj=2108399342891.70
[Run 22 | Iter 90] iter_best: cost=4227146589.04  viol=2103498799.8920  obj=2107725946481.04 | gbest: cost=4227146589.04  viol=2103498799.8920  obj=2107725946481.04
[Run 22 | Iter 91] iter_best: cost=4225496369.86  viol=2103454265.5891  obj=2107679761958.97 | gbest: cost=4225496369.86  viol=2103454265.5891  obj=2107679761958.97
[Run 22 | Iter 92] iter_best: cost=4228871835.62  viol=2103011375.1361  obj=2107240246971.72 | gbest: cost=4228871835.62  viol=2103011375.1361  obj=2107240246971.72
[Run 22 | Iter 93] iter_best: cost=4228171726.03  viol=2103767770.4765  obj=2107995942202.56 | gbest: cost=4228871835.62  viol=2103011375.1361  obj=2107240246971.72
[Run 22 | Iter 94] iter_best: cost=4226821561.64  viol=2102858048.7997  obj=2107084870361.34 | gbest: cost=4226821561.64  viol=2102858048.7997  obj=2107084870361.34
[Run 22 | FE 3840] best_local_obj=2105828205147.11  best_local_cost=4229546917.81  best_local_viol=2101598658.2293
[Run 22 | Iter 95] iter_best: cost=4229546917.81  viol=2101598658.2293  obj=2105828205147.11 | gbest: cost=4229546917.81  viol=2101598658.2293  obj=2105828205147.11
[Run 22 | Iter 96] iter_best: cost=4232847356.16  viol=2101619265.8148  obj=2105852113171.00 | gbest: cost=4229546917.81  viol=2101598658.2293  obj=2105828205147.11
[Run 22 | Iter 97] iter_best: cost=4234172547.95  viol=2100823127.9283  obj=2105057300476.28 | gbest: cost=4234172547.95  viol=2100823127.9283  obj=2105057300476.28
[Run 22 | Iter 98] iter_best: cost=4234172547.95  viol=2100823127.9283  obj=2105057300476.28 | gbest: cost=4234172547.95  viol=2100823127.9283  obj=2105057300476.28
[Run 22 | Iter 99] iter_best: cost=4231847246.58  viol=2100784825.8648  obj=2105016673111.41 | gbest: cost=4231847246.58  viol=2100784825.8648  obj=2105016673111.41
[Run 22 | Iter 100] iter_best: cost=4234797630.14  viol=2100826329.8794  obj=2105061127509.56 | gbest: cost=4231847246.58  viol=2100784825.8648  obj=2105016673111.41
[Run 22 | Iter 101] iter_best: cost=4231147136.99  viol=2100598662.8802  obj=2104829810017.18 | gbest: cost=4231147136.99  viol=2100598662.8802  obj=2104829810017.18
[Run 22 | FE 4096] best_local_obj=2104829810017.18  best_local_cost=4231147136.99  best_local_viol=2100598662.8802
[Run 22 | Iter 102] iter_best: cost=4233097410.96  viol=2100784825.7398  obj=2105017923150.79 | gbest: cost=4231147136.99  viol=2100598662.8802  obj=2104829810017.18
[Run 22 | Iter 103] iter_best: cost=4235572712.33  viol=2099833312.5654  obj=2104068885277.75 | gbest: cost=4235572712.33  viol=2099833312.5654  obj=2104068885277.75
[Run 22 | Iter 104] iter_best: cost=4238473095.89  viol=2099564028.3832  obj=2103802501479.11 | gbest: cost=4238473095.89  viol=2099564028.3832  obj=2103802501479.11
[Run 22 | Iter 105] iter_best: cost=4233472438.36  viol=2098992418.8485  obj=2103225891286.85 | gbest: cost=4233472438.36  viol=2098992418.8485  obj=2103225891286.85
[Run 22 | Iter 106] iter_best: cost=4244223863.01  viol=2098281537.8360  obj=2102525761699.04 | gbest: cost=4244223863.01  viol=2098281537.8360  obj=2102525761699.04
[Run 22 | Iter 107] iter_best: cost=4242873698.63  viol=2098629204.2650  obj=2102872077963.62 | gbest: cost=4244223863.01  viol=2098281537.8360  obj=2102525761699.04
[Run 22 | FE 4352] best_local_obj=2102521436123.69  best_local_cost=4239898287.67  best_local_viol=2098281537.8360
[Run 22 | Iter 108] iter_best: cost=4239898287.67  viol=2098281537.8360  obj=2102521436123.69 | gbest: cost=4239898287.67  viol=2098281537.8360  obj=2102521436123.69
[Run 22 | Iter 109] iter_best: cost=4241548506.85  viol=2098281537.8360  obj=2102523086342.87 | gbest: cost=4239898287.67  viol=2098281537.8360  obj=2102521436123.69
[Run 22 | Iter 110] iter_best: cost=4243598780.82  viol=2098130536.2910  obj=2102374135071.84 | gbest: cost=4243598780.82  viol=2098130536.2910  obj=2102374135071.84
[Run 22 | Iter 111] iter_best: cost=4242923698.63  viol=2097682567.8125  obj=2101925491511.12 | gbest: cost=4242923698.63  viol=2097682567.8125  obj=2101925491511.12
[Run 22 | Iter 112] iter_best: cost=4241273479.45  viol=2097682567.8125  obj=2101923841291.94 | gbest: cost=4241273479.45  viol=2097682567.8125  obj=2101923841291.94
[Run 22 | Iter 113] iter_best: cost=4243948835.62  viol=2097686723.1686  obj=2101930672004.21 | gbest: cost=4241273479.45  viol=2097682567.8125  obj=2101923841291.94
[Run 22 | Iter 114] iter_best: cost=4239623260.27  viol=2097682567.8125  obj=2101922191072.77 | gbest: cost=4239623260.27  viol=2097682567.8125  obj=2101922191072.77
[Run 22 | FE 4608] best_local_obj=2101922191072.77  best_local_cost=4239623260.27  best_local_viol=2097682567.8125
[Run 22 | Iter 115] iter_best: cost=4243898835.62  viol=2097679365.8726  obj=2101923264708.22 | gbest: cost=4239623260.27  viol=2097682567.8125  obj=2101922191072.77
[Run 22 | Iter 116] iter_best: cost=4240198342.47  viol=2097679365.8726  obj=2101919564215.07 | gbest: cost=4240198342.47  viol=2097679365.8726  obj=2101919564215.07
[Run 22 | Iter 117] iter_best: cost=4244573917.81  viol=2096684790.6720  obj=2100929364589.84 | gbest: cost=4244573917.81  viol=2096684790.6720  obj=2100929364589.84
[Run 22 | Iter 118] iter_best: cost=4242873698.63  viol=2096647468.0847  obj=2100890341783.33 | gbest: cost=4242873698.63  viol=2096647468.0847  obj=2100890341783.33
[Run 22 | Iter 119] iter_best: cost=4247824356.16  viol=2095916222.0394  obj=2100164046395.60 | gbest: cost=4247824356.16  viol=2095916222.0394  obj=2100164046395.60
[Run 22 | Iter 120] iter_best: cost=4246799219.18  viol=2096004492.9801  obj=2100251292199.31 | gbest: cost=4247824356.16  viol=2095916222.0394  obj=2100164046395.60
[Run 22 | FE 4864] best_local_obj=2100164046395.60  best_local_cost=4247824356.16  best_local_viol=2095916222.0394
[Run 22 | Iter 121] iter_best: cost=4245549054.79  viol=2096281742.3803  obj=2100527291435.10 | gbest: cost=4247824356.16  viol=2095916222.0394  obj=2100164046395.60
[Run 22 | Iter 122] iter_best: cost=4244523917.81  viol=2095576846.0847  obj=2099821370002.51 | gbest: cost=4244523917.81  viol=2095576846.0847  obj=2099821370002.51
[Run 22 | Iter 123] iter_best: cost=4247924356.16  viol=2093777826.1917  obj=2098025750547.86 | gbest: cost=4247924356.16  viol=2093777826.1917  obj=2098025750547.86
[Run 22 | Iter 124] iter_best: cost=4248899493.15  viol=2093202813.1959  obj=2097451712689.05 | gbest: cost=4248899493.15  viol=2093202813.1959  obj=2097451712689.05
[Run 22 | Iter 125] iter_best: cost=4249524575.34  viol=2093327329.7396  obj=2097576854314.98 | gbest: cost=4248899493.15  viol=2093202813.1959  obj=2097451712689.05
[Run 22 | Iter 126] iter_best: cost=4254925287.67  viol=2093076841.3561  obj=2097331766643.77 | gbest: cost=4254925287.67  viol=2093076841.3561  obj=2097331766643.77
[Run 22 | FE 5120] best_local_obj=2097331766643.77  best_local_cost=4254925287.67  best_local_viol=2093076841.3561
[Run 22 | Iter 127] iter_best: cost=4254175178.08  viol=2093152138.6213  obj=2097406313799.37 | gbest: cost=4254925287.67  viol=2093076841.3561  obj=2097331766643.77
[Run 22 | Iter 128] iter_best: cost=4250824739.73  viol=2092578736.2590  obj=2096829560998.73 | gbest: cost=4250824739.73  viol=2092578736.2590  obj=2096829560998.73
[Run 22 | Iter 129] iter_best: cost=4252925013.70  viol=2093051847.3881  obj=2097304772401.80 | gbest: cost=4250824739.73  viol=2092578736.2590  obj=2096829560998.73
[Run 22 | Iter 130] iter_best: cost=4254000150.68  viol=2092747667.9235  obj=2097001668074.19 | gbest: cost=4250824739.73  viol=2092578736.2590  obj=2096829560998.73
[Run 22 | Iter 131] iter_best: cost=4254525232.88  viol=2092552586.1005  obj=2096807111333.38 | gbest: cost=4254525232.88  viol=2092552586.1005  obj=2096807111333.38
[Run 22 | Iter 132] iter_best: cost=4258500753.42  viol=2092421981.1803  obj=2096680481933.75 | gbest: cost=4258500753.42  viol=2092421981.1803  obj=2096680481933.75
[Run 22 | Iter 133] iter_best: cost=4253550095.89  viol=2092421981.1803  obj=2096675531276.21 | gbest: cost=4253550095.89  viol=2092421981.1803  obj=2096675531276.21
[Run 22 | FE 5376] best_local_obj=2096675531276.21  best_local_cost=4253550095.89  best_local_viol=2092421981.1803
[Run 22 | Iter 134] iter_best: cost=4255600369.86  viol=2092600907.6006  obj=2096856507970.47 | gbest: cost=4253550095.89  viol=2092421981.1803  obj=2096675531276.21
[Run 22 | Iter 135] iter_best: cost=4253500095.89  viol=2092366483.7752  obj=2096619983871.09 | gbest: cost=4253500095.89  viol=2092366483.7752  obj=2096619983871.09
[Run 22 | Iter 136] iter_best: cost=4250874739.73  viol=2092731430.0326  obj=2096982304772.33 | gbest: cost=4253500095.89  viol=2092366483.7752  obj=2096619983871.09
[Run 22 | Iter 137] iter_best: cost=4251224794.52  viol=2092513862.0540  obj=2096765086848.52 | gbest: cost=4253500095.89  viol=2092366483.7752  obj=2096619983871.09
[Run 22 | Iter 138] iter_best: cost=4255150315.07  viol=2092366483.7552  obj=2096621634070.27 | gbest: cost=4253500095.89  viol=2092366483.7752  obj=2096619983871.09
[Run 22 | Iter 139] iter_best: cost=4246549164.38  viol=2092334109.6256  obj=2096580658789.99 | gbest: cost=4246549164.38  viol=2092334109.6256  obj=2096580658789.99
[Run 22 | FE 5632] best_local_obj=2096580658789.99  best_local_cost=4246549164.38  best_local_viol=2092334109.6256
[Run 22 | Iter 140] iter_best: cost=4247474301.37  viol=2092334109.6256  obj=2096581583926.97 | gbest: cost=4246549164.38  viol=2092334109.6256  obj=2096580658789.99
[Run 22 | Iter 141] iter_best: cost=4249174520.55  viol=2092334109.6256  obj=2096583284146.15 | gbest: cost=4246549164.38  viol=2092334109.6256  obj=2096580658789.99
[Run 22 | Iter 142] iter_best: cost=4248149383.56  viol=2092334109.6256  obj=2096582259009.16 | gbest: cost=4246549164.38  viol=2092334109.6256  obj=2096580658789.99
[Run 22 | Iter 143] iter_best: cost=4248199383.56  viol=2092334109.6256  obj=2096582309009.16 | gbest: cost=4246549164.38  viol=2092334109.6256  obj=2096580658789.99
[Run 22 | Iter 144] iter_best: cost=4249574575.34  viol=2092307959.4031  obj=2096557533978.44 | gbest: cost=4249574575.34  viol=2092307959.4031  obj=2096557533978.44
[Run 22 | Iter 145] iter_best: cost=4252249931.51  viol=2092307959.4031  obj=2096560209334.61 | gbest: cost=4249574575.34  viol=2092307959.4031  obj=2096557533978.44
[Run 22 | Iter 146] iter_best: cost=4252199931.51  viol=2092115397.8326  obj=2096367597764.11 | gbest: cost=4252199931.51  viol=2092115397.8326  obj=2096367597764.11
[Run 22 | FE 5888] best_local_obj=2096367597764.11  best_local_cost=4252199931.51  best_local_viol=2092115397.8326
[Run 22 | Iter 147] iter_best: cost=4253500095.89  viol=2092090817.5247  obj=2096344317620.59 | gbest: cost=4253500095.89  viol=2092090817.5247  obj=2096344317620.59
[Run 22 | Iter 148] iter_best: cost=4252524958.90  viol=2092035088.5100  obj=2096287613468.93 | gbest: cost=4252524958.90  viol=2092035088.5100  obj=2096287613468.93
[Run 22 | Iter 149] iter_best: cost=4252199931.51  viol=2092032292.9882  obj=2096284492919.71 | gbest: cost=4252199931.51  viol=2092032292.9882  obj=2096284492919.71
[Run 22 | Iter 150] iter_best: cost=4252574958.90  viol=2092141934.3380  obj=2096394509296.93 | gbest: cost=4252199931.51  viol=2092032292.9882  obj=2096284492919.71
[Run 22 | Iter 151] iter_best: cost=4252825013.70  viol=2092032292.9882  obj=2096285118001.90 | gbest: cost=4252199931.51  viol=2092032292.9882  obj=2096284492919.71
[Run 22 | Iter 152] iter_best: cost=4248549438.36  viol=2092030723.1372  obj=2096279272575.56 | gbest: cost=4248549438.36  viol=2092030723.1372  obj=2096279272575.56
[Run 22 | FE 6144] best_local_obj=2096147750852.40  best_local_cost=4254625232.88  best_local_viol=2091893125.6195
[Run 22 | Iter 153] iter_best: cost=4254625232.88  viol=2091893125.6195  obj=2096147750852.40 | gbest: cost=4254625232.88  viol=2091893125.6195  obj=2096147750852.40
[Run 22 | Iter 154] iter_best: cost=4256625506.85  viol=2091855802.9007  obj=2096112428407.54 | gbest: cost=4256625506.85  viol=2091855802.9007  obj=2096112428407.54
[Run 22 | Iter 155] iter_best: cost=4252299931.51  viol=2091710953.6419  obj=2095963253573.40 | gbest: cost=4252299931.51  viol=2091710953.6419  obj=2095963253573.40
[Run 22 | Iter 156] iter_best: cost=4260025945.21  viol=2091048009.6611  obj=2095308035606.30 | gbest: cost=4260025945.21  viol=2091048009.6611  obj=2095308035606.30
[Run 22 | Iter 157] iter_best: cost=4256900534.25  viol=2091568009.0954  obj=2095824909629.65 | gbest: cost=4260025945.21  viol=2091048009.6611  obj=2095308035606.30
[Run 22 | Iter 158] iter_best: cost=4259675890.41  viol=2091639512.7157  obj=2095899188606.13 | gbest: cost=4260025945.21  viol=2091048009.6611  obj=2095308035606.30
[Run 22 | FE 6400] best_local_obj=2095255113893.67  best_local_cost=4255550369.86  best_local_viol=2090999563.5238
[Run 22 | Iter 159] iter_best: cost=4255550369.86  viol=2090999563.5238  obj=2095255113893.67 | gbest: cost=4255550369.86  viol=2090999563.5238  obj=2095255113893.67
[Run 22 | Iter 160] iter_best: cost=4256600479.45  viol=2091782586.2004  obj=2096039186679.84 | gbest: cost=4255550369.86  viol=2090999563.5238  obj=2095255113893.67
[Run 22 | Iter 161] iter_best: cost=4261576164.38  viol=2091048009.6611  obj=2095309585825.48 | gbest: cost=4255550369.86  viol=2090999563.5238  obj=2095255113893.67
[Run 22 | Iter 162] iter_best: cost=4258675780.82  viol=2091320823.6969  obj=2095579499477.71 | gbest: cost=4255550369.86  viol=2090999563.5238  obj=2095255113893.67
[Run 22 | Iter 163] iter_best: cost=4257750643.84  viol=2090584507.0659  obj=2094842257709.73 | gbest: cost=4257750643.84  viol=2090584507.0659  obj=2094842257709.73
[Run 22 | Iter 164] iter_best: cost=4251999876.71  viol=2090868268.4169  obj=2095120268293.61 | gbest: cost=4257750643.84  viol=2090584507.0659  obj=2094842257709.73
[Run 22 | Iter 165] iter_best: cost=4257400589.04  viol=2090781158.9781  obj=2095038559567.13 | gbest: cost=4257750643.84  viol=2090584507.0659  obj=2094842257709.73
[Run 22 | FE 6656] best_local_obj=2094842257709.73  best_local_cost=4257750643.84  best_local_viol=2090584507.0659
[Run 22 | Iter 166] iter_best: cost=4262026219.18  viol=2090567734.0172  obj=2094829760236.38 | gbest: cost=4262026219.18  viol=2090567734.0172  obj=2094829760236.38
[Run 22 | Iter 167] iter_best: cost=4259350863.01  viol=2090567734.0172  obj=2094827084880.22 | gbest: cost=4259350863.01  viol=2090567734.0172  obj=2094827084880.22
[Run 22 | Iter 168] iter_best: cost=4265376657.53  viol=2090481951.8673  obj=2094747328524.83 | gbest: cost=4265376657.53  viol=2090481951.8673  obj=2094747328524.83
[Run 22 | Iter 169] iter_best: cost=4266051739.73  viol=2090588797.6953  obj=2094854849435.02 | gbest: cost=4265376657.53  viol=2090481951.8673  obj=2094747328524.83
[Run 22 | Iter 170] iter_best: cost=4264301520.55  viol=2090693820.5337  obj=2094958122054.25 | gbest: cost=4265376657.53  viol=2090481951.8673  obj=2094747328524.83
[Run 22 | Iter 171] iter_best: cost=4265026602.74  viol=2090480773.5008  obj=2094745800103.58 | gbest: cost=4265026602.74  viol=2090480773.5008  obj=2094745800103.58
[Run 22 | FE 6912] best_local_obj=2094583877970.21  best_local_cost=4267651958.90  best_local_viol=2090316226.0113
[Run 22 | Iter 172] iter_best: cost=4267651958.90  viol=2090316226.0113  obj=2094583877970.21 | gbest: cost=4267651958.90  viol=2090316226.0113  obj=2094583877970.21
[Run 22 | Iter 173] iter_best: cost=4259050808.22  viol=2090317795.7568  obj=2094576846565.02 | gbest: cost=4259050808.22  viol=2090317795.7568  obj=2094576846565.02
[Run 22 | Iter 174] iter_best: cost=4262701301.37  viol=2090180564.8545  obj=2094443266155.87 | gbest: cost=4262701301.37  viol=2090180564.8545  obj=2094443266155.87
[Run 22 | Iter 175] iter_best: cost=4267701958.90  viol=2090120375.1248  obj=2094388077083.71 | gbest: cost=4267701958.90  viol=2090120375.1248  obj=2094388077083.71
[Run 22 | Iter 176] iter_best: cost=4265026602.74  viol=2090182134.5420  obj=2094447161144.74 | gbest: cost=4267701958.90  viol=2090120375.1248  obj=2094388077083.71
[Run 22 | Iter 177] iter_best: cost=4272277589.04  viol=2090056056.7419  obj=2094328334330.97 | gbest: cost=4272277589.04  viol=2090056056.7419  obj=2094328334330.97
[Run 22 | Iter 178] iter_best: cost=4268627095.89  viol=2090054487.0264  obj=2094323114122.32 | gbest: cost=4268627095.89  viol=2090054487.0264  obj=2094323114122.32
[Run 22 | FE 7168] best_local_obj=2094323114122.32  best_local_cost=4268627095.89  best_local_viol=2090054487.0264
[Run 22 | Iter 179] iter_best: cost=4280578684.93  viol=2089998715.4733  obj=2094279294158.26 | gbest: cost=4280578684.93  viol=2089998715.4733  obj=2094279294158.26
[Run 22 | Iter 180] iter_best: cost=4279153493.15  viol=2090058904.9258  obj=2094338058418.98 | gbest: cost=4280578684.93  viol=2089998715.4733  obj=2094279294158.26
[Run 22 | Iter 181] iter_best: cost=4279028465.75  viol=2089824509.3006  obj=2094103537766.36 | gbest: cost=4279028465.75  viol=2089824509.3006  obj=2094103537766.36
[Run 22 | Iter 182] iter_best: cost=4276753164.38  viol=2089824509.3006  obj=2094101262464.99 | gbest: cost=4276753164.38  viol=2089824509.3006  obj=2094101262464.99
[Run 22 | Iter 183] iter_best: cost=4272427589.04  viol=2090025665.1639  obj=2094298092752.94 | gbest: cost=4276753164.38  viol=2089824509.3006  obj=2094101262464.99
[Run 22 | Iter 184] iter_best: cost=4272702616.44  viol=2089643612.8905  obj=2093916315506.94 | gbest: cost=4272702616.44  viol=2089643612.8905  obj=2093916315506.94
[Run 22 | FE 7424] best_local_obj=2093742256551.00  best_local_cost=4268377041.10  best_local_viol=2089473879.5099
[Run 22 | Iter 185] iter_best: cost=4268377041.10  viol=2089473879.5099  obj=2093742256551.00 | gbest: cost=4268377041.10  viol=2089473879.5099  obj=2093742256551.00
[Run 22 | Iter 186] iter_best: cost=4271677479.45  viol=2089741726.1285  obj=2094013403607.95 | gbest: cost=4268377041.10  viol=2089473879.5099  obj=2093742256551.00
[Run 22 | Iter 187] iter_best: cost=4273902780.82  viol=2089188047.6166  obj=2093461950397.42 | gbest: cost=4273902780.82  viol=2089188047.6166  obj=2093461950397.42
[Run 22 | Iter 188] iter_best: cost=4276278082.19  viol=2089061412.7334  obj=2093337690815.58 | gbest: cost=4276278082.19  viol=2089061412.7334  obj=2093337690815.58
[Run 22 | Iter 189] iter_best: cost=4277428246.58  viol=2089018489.4278  obj=2093295917674.38 | gbest: cost=4277428246.58  viol=2089018489.4278  obj=2093295917674.38
[Run 22 | Iter 190] iter_best: cost=4277653273.97  viol=2088796488.9775  obj=2093074142251.48 | gbest: cost=4277653273.97  viol=2088796488.9775  obj=2093074142251.48
[Run 22 | FE 7680] best_local_obj=2092970671889.23  best_local_cost=4281028739.73  best_local_viol=2088689643.1495
[Run 22 | Iter 191] iter_best: cost=4281028739.73  viol=2088689643.1495  obj=2092970671889.23 | gbest: cost=4281028739.73  viol=2088689643.1495  obj=2092970671889.23
[Run 22 | Iter 192] iter_best: cost=4277603273.97  viol=2089125616.9994  obj=2093403220273.38 | gbest: cost=4281028739.73  viol=2088689643.1495  obj=2092970671889.23
[Run 22 | Iter 193] iter_best: cost=4283354041.10  viol=2088499725.9296  obj=2092783079970.70 | gbest: cost=4283354041.10  viol=2088499725.9296  obj=2092783079970.70
[Run 22 | Iter 194] iter_best: cost=4283929123.29  viol=2088487574.0281  obj=2092771503151.39 | gbest: cost=4283929123.29  viol=2088487574.0281  obj=2092771503151.39
[Run 22 | Iter 195] iter_best: cost=4283404041.10  viol=2088431863.9865  obj=2092715268027.60 | gbest: cost=4283404041.10  viol=2088431863.9865  obj=2092715268027.60
[Run 22 | Iter 196] iter_best: cost=4285404315.07  viol=2088346170.1391  obj=2092631574454.17 | gbest: cost=4285404315.07  viol=2088346170.1391  obj=2092631574454.17
[Run 22 | Iter 197] iter_best: cost=4285979397.26  viol=2088102001.9356  obj=2092387981332.86 | gbest: cost=4285979397.26  viol=2088102001.9356  obj=2092387981332.86
[Run 22 | FE 7936] best_local_obj=2092033325173.68  best_local_cost=4284329178.08  best_local_viol=2087748995.9956
[Run 22 | Iter 198] iter_best: cost=4284329178.08  viol=2087748995.9956  obj=2092033325173.68 | gbest: cost=4284329178.08  viol=2087748995.9956  obj=2092033325173.68
[Run 22 | Iter 199] iter_best: cost=4290354972.60  viol=2087519336.6258  obj=2091809691598.40 | gbest: cost=4290354972.60  viol=2087519336.6258  obj=2091809691598.40
[Run 22 | Iter 200] iter_best: cost=4286704479.45  viol=2087519336.6258  obj=2091806041105.25 | gbest: cost=4286704479.45  viol=2087519336.6258  obj=2091806041105.25
[Run 22 | Iter 201] iter_best: cost=4287154534.25  viol=2087663505.4754  obj=2091950660009.65 | gbest: cost=4286704479.45  viol=2087519336.6258  obj=2091806041105.25
[Run 22 | Iter 202] iter_best: cost=4287729616.44  viol=2087436976.3870  obj=2091724706003.44 | gbest: cost=4287729616.44  viol=2087436976.3870  obj=2091724706003.44
[Run 22 | Iter 203] iter_best: cost=4290730000.00  viol=2087798397.6744  obj=2092089127674.40 | gbest: cost=4287729616.44  viol=2087436976.3870  obj=2091724706003.44
[Run 22 | FE 8192] best_local_obj=2091724706003.44  best_local_cost=4287729616.44  best_local_viol=2087436976.3870
[Run 22 | Iter 204] iter_best: cost=4295355630.14  viol=2087437955.3976  obj=2091733311027.74 | gbest: cost=4287729616.44  viol=2087436976.3870  obj=2091724706003.44
[Run 22 | Iter 205] iter_best: cost=4290054917.81  viol=2087475278.2320  obj=2091765333149.81 | gbest: cost=4287729616.44  viol=2087436976.3870  obj=2091724706003.44
[Run 22 | Iter 206] iter_best: cost=4290104917.81  viol=2087429978.6524  obj=2091720083570.21 | gbest: cost=4290104917.81  viol=2087429978.6524  obj=2091720083570.21
[Run 22 | Iter 207] iter_best: cost=4287054534.25  viol=2087377327.2113  obj=2091664381745.55 | gbest: cost=4287054534.25  viol=2087377327.2113  obj=2091664381745.55
[Run 22 | Iter 208] iter_best: cost=4286079397.26  viol=2087224138.5017  obj=2091510217898.96 | gbest: cost=4286079397.26  viol=2087224138.5017  obj=2091510217898.96
[Run 22 | Iter 209] iter_best: cost=4286604479.45  viol=2086910441.5603  obj=2091197046039.75 | gbest: cost=4286604479.45  viol=2086910441.5603  obj=2091197046039.75
[Run 22 | Iter 210] iter_best: cost=4291955191.78  viol=2086857377.4629  obj=2091149332654.68 | gbest: cost=4291955191.78  viol=2086857377.4629  obj=2091149332654.68
[Run 22 | FE 8448] best_local_obj=2091149332654.68  best_local_cost=4291955191.78  best_local_viol=2086857377.4629
[Run 22 | Iter 211] iter_best: cost=4294005465.75  viol=2086656454.1102  obj=2090950459575.96 | gbest: cost=4294005465.75  viol=2086656454.1102  obj=2090950459575.96
[Run 22 | Iter 212] iter_best: cost=4298956123.29  viol=2086716643.6588  obj=2091015599782.09 | gbest: cost=4294005465.75  viol=2086656454.1102  obj=2090950459575.96
[Run 22 | Iter 213] iter_best: cost=4298656068.49  viol=2086344531.8108  obj=2090643187879.30 | gbest: cost=4298656068.49  viol=2086344531.8108  obj=2090643187879.30
[Run 22 | Iter 214] iter_best: cost=4295355630.14  viol=2086451712.7046  obj=2090747068334.74 | gbest: cost=4298656068.49  viol=2086344531.8108  obj=2090643187879.30
[Run 22 | Iter 215] iter_best: cost=4298956123.29  viol=2085845866.9707  obj=2090144823093.99 | gbest: cost=4298956123.29  viol=2085845866.9707  obj=2090144823093.99
[Run 22 | Iter 216] iter_best: cost=4297655958.90  viol=2085444455.9127  obj=2089742111871.61 | gbest: cost=4297655958.90  viol=2085444455.9127  obj=2089742111871.61
[Run 22 | FE 8704] best_local_obj=2089404795866.74  best_local_cost=4307707273.97  best_local_viol=2085097088.5928
[Run 22 | Iter 217] iter_best: cost=4307707273.97  viol=2085097088.5928  obj=2089404795866.74 | gbest: cost=4307707273.97  viol=2085097088.5928  obj=2089404795866.74
[Run 22 | Iter 218] iter_best: cost=4307207219.18  viol=2082899399.4916  obj=2087206606710.74 | gbest: cost=4307207219.18  viol=2082899399.4916  obj=2087206606710.74
[Run 22 | Iter 219] iter_best: cost=4312907986.30  viol=2082880772.3417  obj=2087193680328.00 | gbest: cost=4312907986.30  viol=2082880772.3417  obj=2087193680328.00
[Run 22 | Iter 220] iter_best: cost=4312557931.51  viol=2082899399.4916  obj=2087211957423.07 | gbest: cost=4312907986.30  viol=2082880772.3417  obj=2087193680328.00
[Run 22 | Iter 221] iter_best: cost=4310282630.14  viol=2082762438.2327  obj=2087072720862.80 | gbest: cost=4310282630.14  viol=2082762438.2327  obj=2087072720862.80
[Run 22 | Iter 222] iter_best: cost=4312557931.51  viol=2082695349.7337  obj=2087007907665.17 | gbest: cost=4312557931.51  viol=2082695349.7337  obj=2087007907665.17
[Run 22 | FE 8960] best_local_obj=2086697859383.92  best_local_cost=4323934438.36  best_local_viol=2082373924.9456
[Run 22 | Iter 223] iter_best: cost=4323934438.36  viol=2082373924.9456  obj=2086697859383.92 | gbest: cost=4323934438.36  viol=2082373924.9456  obj=2086697859383.92
[Run 22 | Iter 224] iter_best: cost=4318308698.63  viol=2082157006.7785  obj=2086475315477.09 | gbest: cost=4318308698.63  viol=2082157006.7785  obj=2086475315477.09
[Run 22 | Iter 225] iter_best: cost=4318083671.23  viol=2082113890.4186  obj=2086431974089.80 | gbest: cost=4318083671.23  viol=2082113890.4186  obj=2086431974089.80
[Run 22 | Iter 226] iter_best: cost=4323659410.96  viol=2082238407.0258  obj=2086562066436.72 | gbest: cost=4318083671.23  viol=2082113890.4186  obj=2086431974089.80
[Run 22 | Iter 227] iter_best: cost=4318083671.23  viol=2082113890.4186  obj=2086431974089.80 | gbest: cost=4318083671.23  viol=2082113890.4186  obj=2086431974089.80
[Run 22 | Iter 228] iter_best: cost=4314208150.68  viol=2082158576.6579  obj=2086472784808.55 | gbest: cost=4318083671.23  viol=2082113890.4186  obj=2086431974089.80
[Run 22 | Iter 229] iter_best: cost=4319733890.41  viol=2082113890.4186  obj=2086433624308.97 | gbest: cost=4318083671.23  viol=2082113890.4186  obj=2086431974089.80
[Run 22 | FE 9216] best_local_obj=2086431493543.82  best_local_cost=4316033397.26  best_local_viol=2082115460.1466
[Run 22 | Iter 230] iter_best: cost=4316033397.26  viol=2082115460.1466  obj=2086431493543.82 | gbest: cost=4316033397.26  viol=2082115460.1466  obj=2086431493543.82
[Run 22 | Iter 231] iter_best: cost=4318708753.42  viol=2082113890.4186  obj=2086432599171.99 | gbest: cost=4316033397.26  viol=2082115460.1466  obj=2086431493543.82
[Run 22 | Iter 232] iter_best: cost=4316033397.26  viol=2081866686.1266  obj=2086182719523.82 | gbest: cost=4316033397.26  viol=2081866686.1266  obj=2086182719523.82
[Run 22 | Iter 233] iter_best: cost=4319733890.41  viol=2081606651.4240  obj=2085926385314.37 | gbest: cost=4319733890.41  viol=2081606651.4240  obj=2085926385314.37
[Run 22 | Iter 234] iter_best: cost=4320709027.40  viol=2081567759.0413  obj=2085888468068.66 | gbest: cost=4320709027.40  viol=2081567759.0413  obj=2085888468068.66
[Run 22 | Iter 235] iter_best: cost=4318658753.42  viol=2081569328.9348  obj=2085887987688.19 | gbest: cost=4318658753.42  viol=2081569328.9348  obj=2085887987688.19
[Run 22 | FE 9472] best_local_obj=2085887842986.47  best_local_cost=4320083945.21  best_local_viol=2081567759.0413
[Run 22 | Iter 236] iter_best: cost=4320083945.21  viol=2081567759.0413  obj=2085887842986.47 | gbest: cost=4320083945.21  viol=2081567759.0413  obj=2085887842986.47
[Run 22 | Iter 237] iter_best: cost=4316783506.85  viol=2081567759.0413  obj=2085884542548.11 | gbest: cost=4316783506.85  viol=2081567759.0413  obj=2085884542548.11
[Run 22 | Iter 238] iter_best: cost=4320484000.00  viol=2081567759.0413  obj=2085888243041.26 | gbest: cost=4316783506.85  viol=2081567759.0413  obj=2085884542548.11
[Run 22 | Iter 239] iter_best: cost=4318033671.23  viol=2081567759.0413  obj=2085885792712.50 | gbest: cost=4316783506.85  viol=2081567759.0413  obj=2085884542548.11
[Run 22 | Iter 240] iter_best: cost=4322759301.37  viol=2081567759.0413  obj=2085890518342.63 | gbest: cost=4316783506.85  viol=2081567759.0413  obj=2085884542548.11
[Run 22 | Iter 241] iter_best: cost=4317408589.04  viol=2081567759.0413  obj=2085885167630.30 | gbest: cost=4316783506.85  viol=2081567759.0413  obj=2085884542548.11
[Run 22 | Iter 242] iter_best: cost=4316383452.05  viol=2081567759.0413  obj=2085884142493.32 | gbest: cost=4316383452.05  viol=2081567759.0413  obj=2085884142493.32
[Run 22 | FE 9728] best_local_obj=2085884142493.32  best_local_cost=4316383452.05  best_local_viol=2081567759.0413
[Run 22 | Iter 243] iter_best: cost=4313308041.10  viol=2081567759.0413  obj=2085881067082.36 | gbest: cost=4313308041.10  viol=2081567759.0413  obj=2085881067082.36
[Run 22 | Iter 244] iter_best: cost=4317633616.44  viol=2081567759.0413  obj=2085885392657.70 | gbest: cost=4313308041.10  viol=2081567759.0413  obj=2085881067082.36
[Run 22 | Iter 245] iter_best: cost=4314333178.08  viol=2081567759.0413  obj=2085882092219.34 | gbest: cost=4313308041.10  viol=2081567759.0413  obj=2085881067082.36
[Run 22 | Iter 246] iter_best: cost=4320308972.60  viol=2081555372.6303  obj=2085875681602.87 | gbest: cost=4320308972.60  viol=2081555372.6303  obj=2085875681602.87
[Run 22 | Iter 247] iter_best: cost=4319283835.62  viol=2081555372.6303  obj=2085874656465.88 | gbest: cost=4319283835.62  viol=2081555372.6303  obj=2085874656465.88
[Run 22 | Iter 248] iter_best: cost=4322584273.97  viol=2081555372.6303  obj=2085877956904.24 | gbest: cost=4319283835.62  viol=2081555372.6303  obj=2085874656465.88
[Run 22 | FE 9984] best_local_obj=2085831380384.84  best_local_cost=4322309246.58  best_local_viol=2081509071.1383
[Run 22 | Iter 249] iter_best: cost=4322309246.58  viol=2081509071.1383  obj=2085831380384.84 | gbest: cost=4322309246.58  viol=2081509071.1383  obj=2085831380384.84
[Run 22 | Iter 250] iter_best: cost=4323959465.75  viol=2081509071.1383  obj=2085833030604.02 | gbest: cost=4322309246.58  viol=2081509071.1383  obj=2085831380384.84
[Run 22 | Iter 251] iter_best: cost=4319233835.62  viol=2081523027.3273  obj=2085842261162.88 | gbest: cost=4322309246.58  viol=2081509071.1383  obj=2085831380384.84
[Run 22 | Iter 252] iter_best: cost=4320659027.40  viol=2081509071.1383  obj=2085829730165.66 | gbest: cost=4320659027.40  viol=2081509071.1383  obj=2085829730165.66
[Run 22 | Iter 253] iter_best: cost=4319633890.41  viol=2081509071.1383  obj=2085828705028.67 | gbest: cost=4319633890.41  viol=2081509071.1383  obj=2085828705028.67
[Run 22 | Iter 254] iter_best: cost=4319233835.62  viol=2081509071.1383  obj=2085828304973.88 | gbest: cost=4319233835.62  viol=2081509071.1383  obj=2085828304973.88
[Run 22 | FE 10240] best_local_obj=2085826654754.70  best_local_cost=4317583616.44  best_local_viol=2081509071.1383
[Run 22 | Iter 255] iter_best: cost=4317583616.44  viol=2081509071.1383  obj=2085826654754.70 | gbest: cost=4317583616.44  viol=2081509071.1383  obj=2085826654754.70
[Run 22 | Iter 256] iter_best: cost=4324009465.75  viol=2081432814.9604  obj=2085756824426.12 | gbest: cost=4324009465.75  viol=2081432814.9604  obj=2085756824426.12
[Run 22 | Iter 257] iter_best: cost=4322359246.58  viol=2081401403.3156  obj=2085723762562.14 | gbest: cost=4322359246.58  viol=2081401403.3156  obj=2085723762562.14
[Run 22 | Iter 258] iter_best: cost=4321334109.59  viol=2081652227.7596  obj=2085973561869.15 | gbest: cost=4322359246.58  viol=2081401403.3156  obj=2085723762562.14
[Run 22 | Iter 259] iter_best: cost=4319008808.22  viol=2081521457.5253  obj=2085840466333.48 | gbest: cost=4322359246.58  viol=2081401403.3156  obj=2085723762562.14
[Run 22 | Iter 260] iter_best: cost=4321284109.59  viol=2081509071.1383  obj=2085830355247.85 | gbest: cost=4322359246.58  viol=2081401403.3156  obj=2085723762562.14
[Run 22 | Iter 261] iter_best: cost=4321959191.78  viol=2081420428.5434  obj=2085742387735.14 | gbest: cost=4322359246.58  viol=2081401403.3156  obj=2085723762562.14
[Run 22 | FE 10496] best_local_obj=2085723762562.14  best_local_cost=4322359246.58  best_local_viol=2081401403.3156
[Run 22 | Iter 262] iter_best: cost=4325659684.93  viol=2081557331.5274  obj=2085882991212.29 | gbest: cost=4322359246.58  viol=2081401403.3156  obj=2085723762562.14
[Run 22 | Iter 263] iter_best: cost=4328285041.10  viol=2081386513.3691  obj=2085714798410.16 | gbest: cost=4328285041.10  viol=2081386513.3691  obj=2085714798410.16
[Run 22 | Iter 264] iter_best: cost=4323559410.96  viol=2081511029.9895  obj=2085834589400.42 | gbest: cost=4328285041.10  viol=2081386513.3691  obj=2085714798410.16
[Run 22 | Iter 265] iter_best: cost=4324184493.15  viol=2081388083.1626  obj=2085712267655.71 | gbest: cost=4324184493.15  viol=2081388083.1626  obj=2085712267655.71
[Run 22 | Iter 266] iter_best: cost=4324584547.95  viol=2081388083.1626  obj=2085712667710.51 | gbest: cost=4324184493.15  viol=2081388083.1626  obj=2085712267655.71
[Run 22 | Iter 267] iter_best: cost=4327309904.11  viol=2080992706.9514  obj=2085320016855.47 | gbest: cost=4327309904.11  viol=2080992706.9514  obj=2085320016855.47
[Run 22 | FE 10752] best_local_obj=2085027929995.54  best_local_cost=4329310178.08  best_local_viol=2080698619.8175
[Run 22 | Iter 268] iter_best: cost=4329310178.08  viol=2080698619.8175  obj=2085027929995.54 | gbest: cost=4329310178.08  viol=2080698619.8175  obj=2085027929995.54
[Run 22 | Iter 269] iter_best: cost=4328960123.29  viol=2080884043.8101  obj=2085213003933.35 | gbest: cost=4329310178.08  viol=2080698619.8175  obj=2085027929995.54
[Run 22 | Iter 270] iter_best: cost=4329985260.27  viol=2080698619.8175  obj=2085028605077.74 | gbest: cost=4329310178.08  viol=2080698619.8175  obj=2085027929995.54
[Run 22 | Iter 271] iter_best: cost=4332885643.84  viol=2080869153.8965  obj=2085202039540.30 | gbest: cost=4329310178.08  viol=2080698619.8175  obj=2085027929995.54
[Run 22 | Iter 272] iter_best: cost=4331060397.26  viol=2080698619.8175  obj=2085029680214.72 | gbest: cost=4329310178.08  viol=2080698619.8175  obj=2085027929995.54
[Run 22 | Iter 273] iter_best: cost=4330610342.47  viol=2080698619.8175  obj=2085029230159.93 | gbest: cost=4329310178.08  viol=2080698619.8175  obj=2085027929995.54
[Run 22 | Iter 274] iter_best: cost=4329360178.08  viol=2080698619.8175  obj=2085027979995.54 | gbest: cost=4329310178.08  viol=2080698619.8175  obj=2085027929995.54
[Run 22 | FE 11008] best_local_obj=2085025029696.38  best_local_cost=4326409794.52  best_local_viol=2080698619.9019
[Run 22 | Iter 275] iter_best: cost=4326409794.52  viol=2080698619.9019  obj=2085025029696.38 | gbest: cost=4326409794.52  viol=2080698619.9019  obj=2085025029696.38
[Run 22 | Iter 276] iter_best: cost=4325034602.74  viol=2080698619.8175  obj=2085023654420.20 | gbest: cost=4325034602.74  viol=2080698619.8175  obj=2085023654420.20
[Run 22 | Iter 277] iter_best: cost=4326334767.12  viol=2080697050.0090  obj=2085023384776.09 | gbest: cost=4326334767.12  viol=2080697050.0090  obj=2085023384776.09
[Run 22 | Iter 278] iter_best: cost=4328910123.29  viol=2080698619.8175  obj=2085027529940.75 | gbest: cost=4326334767.12  viol=2080697050.0090  obj=2085023384776.09
[Run 22 | Iter 279] iter_best: cost=4329010123.29  viol=2080698619.9019  obj=2085027630025.15 | gbest: cost=4326334767.12  viol=2080697050.0090  obj=2085023384776.09
[Run 22 | Iter 280] iter_best: cost=4324684547.95  viol=2080698619.9019  obj=2085023304449.81 | gbest: cost=4324684547.95  viol=2080698619.9019  obj=2085023304449.81
[Run 22 | FE 11264] best_local_obj=2085023304449.81  best_local_cost=4324684547.95  best_local_viol=2080698619.9019
[Run 22 | Iter 281] iter_best: cost=4328385041.10  viol=2080697050.1624  obj=2085025435203.46 | gbest: cost=4324684547.95  viol=2080698619.9019  obj=2085023304449.81
[Run 22 | Iter 282] iter_best: cost=4325709684.93  viol=2080698619.9019  obj=2085024329586.79 | gbest: cost=4324684547.95  viol=2080698619.9019  obj=2085023304449.81
[Run 22 | Iter 283] iter_best: cost=4324684547.95  viol=2080697050.1624  obj=2085021734710.31 | gbest: cost=4324684547.95  viol=2080697050.1624  obj=2085021734710.31
[Run 22 | Iter 284] iter_best: cost=4325309630.14  viol=2080698619.9019  obj=2085023929532.00 | gbest: cost=4324684547.95  viol=2080697050.1624  obj=2085021734710.31
[Run 22 | Iter 285] iter_best: cost=4324684547.95  viol=2080697050.1624  obj=2085021734710.31 | gbest: cost=4324684547.95  viol=2080697050.1624  obj=2085021734710.31
[Run 22 | Iter 286] iter_best: cost=4320308972.60  viol=2080698619.9019  obj=2085018928874.47 | gbest: cost=4320308972.60  viol=2080698619.9019  obj=2085018928874.47
[Run 22 | FE 11520] best_local_obj=2085018928874.47  best_local_cost=4320308972.60  best_local_viol=2080698619.9019
[Run 22 | Iter 287] iter_best: cost=4324684547.95  viol=2080698619.8175  obj=2085023304365.41 | gbest: cost=4320308972.60  viol=2080698619.9019  obj=2085018928874.47
[Run 22 | Iter 288] iter_best: cost=4322634273.97  viol=2080698619.9019  obj=2085021254175.84 | gbest: cost=4320308972.60  viol=2080698619.9019  obj=2085018928874.47
[Run 22 | Iter 289] iter_best: cost=4321334109.59  viol=2080698619.9019  obj=2085019954011.45 | gbest: cost=4320308972.60  viol=2080698619.9019  obj=2085018928874.47
[Run 22 | Iter 290] iter_best: cost=4322009191.78  viol=2080698619.8175  obj=2085020629009.24 | gbest: cost=4320308972.60  viol=2080698619.9019  obj=2085018928874.47
[Run 22 | Iter 291] iter_best: cost=4323959465.75  viol=2080698619.9019  obj=2085022579367.62 | gbest: cost=4320308972.60  viol=2080698619.9019  obj=2085018928874.47
[Run 22 | Iter 292] iter_best: cost=4325309630.14  viol=2080698619.9019  obj=2085023929532.00 | gbest: cost=4320308972.60  viol=2080698619.9019  obj=2085018928874.47
[Run 22 | Iter 293] iter_best: cost=4323659410.96  viol=2080697050.1624  obj=2085020709573.32 | gbest: cost=4320308972.60  viol=2080698619.9019  obj=2085018928874.47
[Run 22 | FE 11776] best_local_obj=2085018928874.47  best_local_cost=4320308972.60  best_local_viol=2080698619.9019
[Run 22 | Iter 294] iter_best: cost=4324009465.75  viol=2080698619.8175  obj=2085022629283.22 | gbest: cost=4320308972.60  viol=2080698619.9019  obj=2085018928874.47
[Run 22 | Iter 295] iter_best: cost=4323034328.77  viol=2080698619.9019  obj=2085021654230.63 | gbest: cost=4320308972.60  viol=2080698619.9019  obj=2085018928874.47
[Run 22 | Iter 296] iter_best: cost=4322984328.77  viol=2080698619.8175  obj=2085021604146.23 | gbest: cost=4320308972.60  viol=2080698619.9019  obj=2085018928874.47
[Run 22 | Iter 297] iter_best: cost=4321334109.59  viol=2080698619.9019  obj=2085019954011.45 | gbest: cost=4320308972.60  viol=2080698619.9019  obj=2085018928874.47
[Run 22 | Iter 298] iter_best: cost=4321734164.38  viol=2080697050.1624  obj=2085018784326.75 | gbest: cost=4321734164.38  viol=2080697050.1624  obj=2085018784326.75
[Run 22 | Iter 299] iter_best: cost=4322359246.58  viol=2080697050.1624  obj=2085019409408.94 | gbest: cost=4321734164.38  viol=2080697050.1624  obj=2085018784326.75
[Run 22 | FE 12032] best_local_obj=2085018784326.75  best_local_cost=4321734164.38  best_local_viol=2080697050.1624
[Run 22 | Iter 300] iter_best: cost=4323034328.77  viol=2080697050.0223  obj=2085020084351.03 | gbest: cost=4321734164.38  viol=2080697050.1624  obj=2085018784326.75
[Run 22 | Iter 301] iter_best: cost=4322984328.77  viol=2080697050.1624  obj=2085020034491.13 | gbest: cost=4321734164.38  viol=2080697050.1624  obj=2085018784326.75
[Run 22 | Iter 302] iter_best: cost=4319733890.41  viol=2080698619.9019  obj=2085018353792.27 | gbest: cost=4319733890.41  viol=2080698619.9019  obj=2085018353792.27
[Run 22 | Iter 303] iter_best: cost=4323434383.56  viol=2080697050.0090  obj=2085020484392.52 | gbest: cost=4319733890.41  viol=2080698619.9019  obj=2085018353792.27
[Run 22 | Iter 304] iter_best: cost=4319958917.81  viol=2080698619.8175  obj=2085018578735.27 | gbest: cost=4319733890.41  viol=2080698619.9019  obj=2085018353792.27
[Run 22 | Iter 305] iter_best: cost=4319683890.41  viol=2080698619.9019  obj=2085018303792.27 | gbest: cost=4319683890.41  viol=2080698619.9019  obj=2085018303792.27
[Run 22 | Iter 306] iter_best: cost=4320308972.60  viol=2080698619.9019  obj=2085018928874.47 | gbest: cost=4319683890.41  viol=2080698619.9019  obj=2085018303792.27
[Run 22 | FE 12288] best_local_obj=2085018303792.27  best_local_cost=4319683890.41  best_local_viol=2080698619.9019
[Run 22 | Iter 307] iter_best: cost=4328335041.10  viol=2080698619.8384  obj=2085026954879.46 | gbest: cost=4319683890.41  viol=2080698619.9019  obj=2085018303792.27
[Run 22 | Iter 308] iter_best: cost=4319333835.62  viol=2080698619.9019  obj=2085017953737.48 | gbest: cost=4319333835.62  viol=2080698619.9019  obj=2085017953737.48
[Run 22 | Iter 309] iter_best: cost=4318358698.63  viol=2080697050.1624  obj=2085015408860.99 | gbest: cost=4318358698.63  viol=2080697050.1624  obj=2085015408860.99
[Run 22 | Iter 310] iter_best: cost=4316308424.66  viol=2080698619.9019  obj=2085014928326.52 | gbest: cost=4316308424.66  viol=2080698619.9019  obj=2085014928326.52
[Run 22 | Iter 311] iter_best: cost=4317333561.64  viol=2080698619.9019  obj=2085015953463.51 | gbest: cost=4316308424.66  viol=2080698619.9019  obj=2085014928326.52
[Run 22 | Iter 312] iter_best: cost=4322584273.97  viol=2080698619.8175  obj=2085021204091.44 | gbest: cost=4316308424.66  viol=2080698619.9019  obj=2085014928326.52
[Run 22 | FE 12544] best_local_obj=2085014783778.80  best_local_cost=4317733616.44  best_local_viol=2080697050.1624
[Run 22 | Iter 313] iter_best: cost=4317733616.44  viol=2080697050.1624  obj=2085014783778.80 | gbest: cost=4317733616.44  viol=2080697050.1624  obj=2085014783778.80
[Run 22 | Iter 314] iter_best: cost=4319333835.62  viol=2080698619.9019  obj=2085017953737.48 | gbest: cost=4317733616.44  viol=2080697050.1624  obj=2085014783778.80
[Run 22 | Iter 315] iter_best: cost=4318358698.63  viol=2080697050.1624  obj=2085015408860.99 | gbest: cost=4317733616.44  viol=2080697050.1624  obj=2085014783778.80
[Run 22 | Iter 316] iter_best: cost=4318358698.63  viol=2080697050.0090  obj=2085015408707.59 | gbest: cost=4317733616.44  viol=2080697050.1624  obj=2085014783778.80
[Run 22 | Iter 317] iter_best: cost=4320008917.81  viol=2080670422.8072  obj=2084990431724.97 | gbest: cost=4320008917.81  viol=2080670422.8072  obj=2084990431724.97
[Run 22 | Iter 318] iter_best: cost=4321959191.78  viol=2080625691.1343  obj=2084947650326.04 | gbest: cost=4321959191.78  viol=2080625691.1343  obj=2084947650326.04
[Run 22 | FE 12800] best_local_obj=2084947650326.04  best_local_cost=4321959191.78  best_local_viol=2080625691.1343
[Run 22 | Iter 319] iter_best: cost=4330335315.07  viol=2080624121.3527  obj=2084954456667.73 | gbest: cost=4321959191.78  viol=2080625691.1343  obj=2084947650326.04

[Stop] reached max_total_fe=12800.

[Run 22] best_global_cost=4321959191.7808, best_global_viol=2080625691.134263, best_global_obj=2084947650326.0435
[Done] summary=/work/home/acn1eb8nfq/yuezhang46/UScode/US实验一：横向对比/pso_global_logs/run_22_seed_1022/runs_summary.csv
