[RunConfig] run_id=11 seed=1011
[OutputDir] /work/home/acn1eb8nfq/yuezhang46/UScode/US实验一：横向对比/pso_global_logs/run_11_seed_1011
[Info] #nodes = 4301
[Load] Reading scenarios ...
  - 2020: raw edges=5296, days=366
  - 2025: raw edges=5296, days=365
  - 2030: raw edges=5296, days=365
  - 2035: raw edges=5296, days=365
  - 2040: raw edges=5296, days=366
[Filter] EDGE_WEIGHT_MIN=1.0
  - active_nodes=2914  inactive_nodes(fixed NONE)=1387
  - 2020: removed=2048, kept=3248
  - 2025: removed=2048, kept=3248
  - 2030: removed=2048, kept=3248
  - 2035: removed=2048, kept=3248
  - 2040: removed=2048, kept=3248
  - 2020: filtered edges (active subgraph)=3248
  - 2025: filtered edges (active subgraph)=3248
  - 2030: filtered edges (active subgraph)=3248
  - 2035: filtered edges (active subgraph)=3248
  - 2040: filtered edges (active subgraph)=3248
[PSO] Evaluate initial swarm ...
[PSO] Init snapshot: best_cost=1235872328.77  best_viol=3391833805.1236  best_obj=3393069677452.38
[PSO] Iterate ...
[Run 11 | Iter 1] iter_best: cost=1507509863.01  viol=3248438927.3412  obj=3249946437204.21 | gbest: cost=1507509863.01  viol=3248438927.3412  obj=3249946437204.21
[Run 11 | Iter 2] iter_best: cost=1797099260.27  viol=3088248382.9342  obj=3090045482194.44 | gbest: cost=1797099260.27  viol=3088248382.9342  obj=3090045482194.44
[Run 11 | Iter 3] iter_best: cost=2133444136.99  viol=2909895689.4411  obj=2912029133578.07 | gbest: cost=2133444136.99  viol=2909895689.4411  obj=2912029133578.07
[Run 11 | Iter 4] iter_best: cost=2532247123.29  viol=2725045549.3300  obj=2727577796453.33 | gbest: cost=2532247123.29  viol=2725045549.3300  obj=2727577796453.33
[Run 11 | Iter 5] iter_best: cost=2810684164.38  viol=2611908511.0053  obj=2614719195169.67 | gbest: cost=2810684164.38  viol=2611908511.0053  obj=2614719195169.67
[Run 11 | FE 256] best_local_obj=2525967951464.64  best_local_cost=3085670547.95  best_local_viol=2522882280.9167
[Run 11 | Iter 6] iter_best: cost=3085670547.95  viol=2522882280.9167  obj=2525967951464.64 | gbest: cost=3085670547.95  viol=2522882280.9167  obj=2525967951464.64
[Run 11 | Iter 7] iter_best: cost=3254892904.11  viol=2467280970.1327  obj=2470535863036.80 | gbest: cost=3254892904.11  viol=2467280970.1327  obj=2470535863036.80
[Run 11 | Iter 8] iter_best: cost=3365882506.85  viol=2430320748.7227  obj=2433686631229.58 | gbest: cost=3365882506.85  viol=2430320748.7227  obj=2433686631229.58
[Run 11 | Iter 9] iter_best: cost=3446893191.78  viol=2410075481.9647  obj=2413522375156.46 | gbest: cost=3446893191.78  viol=2410075481.9647  obj=2413522375156.46
[Run 11 | Iter 10] iter_best: cost=3500375178.08  viol=2385334509.7765  obj=2388834884954.58 | gbest: cost=3500375178.08  viol=2385334509.7765  obj=2388834884954.58
[Run 11 | Iter 11] iter_best: cost=3527728739.73  viol=2377725698.5244  obj=2381253427264.14 | gbest: cost=3527728739.73  viol=2377725698.5244  obj=2381253427264.14
[Run 11 | FE 512] best_local_obj=2364171010345.45  best_local_cost=3558632684.93  best_local_viol=2360612377.6605
[Run 11 | Iter 12] iter_best: cost=3558632684.93  viol=2360612377.6605  obj=2364171010345.45 | gbest: cost=3558632684.93  viol=2360612377.6605  obj=2364171010345.45
[Run 11 | Iter 13] iter_best: cost=3578560342.47  viol=2353428342.2091  obj=2357006902551.53 | gbest: cost=3578560342.47  viol=2353428342.2091  obj=2357006902551.53
[Run 11 | Iter 14] iter_best: cost=3617640465.75  viol=2333682673.5423  obj=2337300314008.10 | gbest: cost=3617640465.75  viol=2333682673.5423  obj=2337300314008.10
[Run 11 | Iter 15] iter_best: cost=3613439808.22  viol=2327793275.7676  obj=2331406715575.83 | gbest: cost=3613439808.22  viol=2327793275.7676  obj=2331406715575.83
[Run 11 | Iter 16] iter_best: cost=3643493753.42  viol=2321381379.6090  obj=2325024873362.45 | gbest: cost=3643493753.42  viol=2321381379.6090  obj=2325024873362.45
[Run 11 | Iter 17] iter_best: cost=3645043917.81  viol=2316983697.0703  obj=2320628740988.14 | gbest: cost=3645043917.81  viol=2316983697.0703  obj=2320628740988.14
[Run 11 | Iter 18] iter_best: cost=3667996931.51  viol=2302389663.5260  obj=2306057660457.47 | gbest: cost=3667996931.51  viol=2302389663.5260  obj=2306057660457.47
[Run 11 | FE 768] best_local_obj=2306057660457.47  best_local_cost=3667996931.51  best_local_viol=2302389663.5260
[Run 11 | Iter 19] iter_best: cost=3686949397.26  viol=2296133751.0564  obj=2299820700453.64 | gbest: cost=3686949397.26  viol=2296133751.0564  obj=2299820700453.64
[Run 11 | Iter 20] iter_best: cost=3694100273.97  viol=2294991542.2941  obj=2298685642568.05 | gbest: cost=3694100273.97  viol=2294991542.2941  obj=2298685642568.05
[Run 11 | Iter 21] iter_best: cost=3686224260.27  viol=2292507319.2180  obj=2296193543478.26 | gbest: cost=3686224260.27  viol=2292507319.2180  obj=2296193543478.26
[Run 11 | Iter 22] iter_best: cost=3697700767.12  viol=2289849303.8053  obj=2293547004572.44 | gbest: cost=3697700767.12  viol=2289849303.8053  obj=2293547004572.44
[Run 11 | Iter 23] iter_best: cost=3704476671.23  viol=2285332694.1033  obj=2289037170774.55 | gbest: cost=3704476671.23  viol=2285332694.1033  obj=2289037170774.55
[Run 11 | Iter 24] iter_best: cost=3712727767.12  viol=2281638959.0143  obj=2285351686781.43 | gbest: cost=3712727767.12  viol=2281638959.0143  obj=2285351686781.43
[Run 11 | FE 1024] best_local_obj=2285351686781.43  best_local_cost=3712727767.12  best_local_viol=2281638959.0143
[Run 11 | Iter 25] iter_best: cost=3709302301.37  viol=2281845216.4003  obj=2285554518701.69 | gbest: cost=3712727767.12  viol=2281638959.0143  obj=2285351686781.43
[Run 11 | Iter 26] iter_best: cost=3710977493.15  viol=2280980171.5889  obj=2284691149082.08 | gbest: cost=3710977493.15  viol=2280980171.5889  obj=2284691149082.08
[Run 11 | Iter 27] iter_best: cost=3718753561.64  viol=2275202853.1468  obj=2278921606708.45 | gbest: cost=3718753561.64  viol=2275202853.1468  obj=2278921606708.45
[Run 11 | Iter 28] iter_best: cost=3724829356.16  viol=2271874882.6485  obj=2275599712004.70 | gbest: cost=3724829356.16  viol=2271874882.6485  obj=2275599712004.70
[Run 11 | Iter 29] iter_best: cost=3723679191.78  viol=2271725107.5390  obj=2275448786730.80 | gbest: cost=3723679191.78  viol=2271725107.5390  obj=2275448786730.80
[Run 11 | Iter 30] iter_best: cost=3729554986.30  viol=2271437174.2016  obj=2275166729187.91 | gbest: cost=3729554986.30  viol=2271437174.2016  obj=2275166729187.91
[Run 11 | FE 1280] best_local_obj=2272192009409.29  best_local_cost=3730680123.29  best_local_viol=2268461329.2860
[Run 11 | Iter 31] iter_best: cost=3730680123.29  viol=2268461329.2860  obj=2272192009409.29 | gbest: cost=3730680123.29  viol=2268461329.2860  obj=2272192009409.29
[Run 11 | Iter 32] iter_best: cost=3727629684.93  viol=2266479527.8635  obj=2270207157548.45 | gbest: cost=3727629684.93  viol=2266479527.8635  obj=2270207157548.45
[Run 11 | Iter 33] iter_best: cost=3747207287.67  viol=2265223880.8593  obj=2268971088146.99 | gbest: cost=3747207287.67  viol=2265223880.8593  obj=2268971088146.99
[Run 11 | Iter 34] iter_best: cost=3742906739.73  viol=2263977042.7753  obj=2267719949515.01 | gbest: cost=3742906739.73  viol=2263977042.7753  obj=2267719949515.01
[Run 11 | Iter 35] iter_best: cost=3748932534.25  viol=2258890752.9230  obj=2262639685457.26 | gbest: cost=3748932534.25  viol=2258890752.9230  obj=2262639685457.26
[Run 11 | Iter 36] iter_best: cost=3758333794.52  viol=2257555923.5170  obj=2261314257311.53 | gbest: cost=3758333794.52  viol=2257555923.5170  obj=2261314257311.53
[Run 11 | Iter 37] iter_best: cost=3763934561.64  viol=2254911981.4254  obj=2258675915987.05 | gbest: cost=3763934561.64  viol=2254911981.4254  obj=2258675915987.05
[Run 11 | FE 1536] best_local_obj=2258675915987.05  best_local_cost=3763934561.64  best_local_viol=2254911981.4254
[Run 11 | Iter 38] iter_best: cost=3759133904.11  viol=2253586996.9737  obj=2257346130877.82 | gbest: cost=3759133904.11  viol=2253586996.9737  obj=2257346130877.82
[Run 11 | Iter 39] iter_best: cost=3769110191.78  viol=2249918984.0286  obj=2253688094220.33 | gbest: cost=3769110191.78  viol=2249918984.0286  obj=2253688094220.33
[Run 11 | Iter 40] iter_best: cost=3778911506.85  viol=2248536755.7021  obj=2252315667208.98 | gbest: cost=3778911506.85  viol=2248536755.7021  obj=2252315667208.98
[Run 11 | Iter 41] iter_best: cost=3781686863.01  viol=2244441942.8398  obj=2248223629702.84 | gbest: cost=3781686863.01  viol=2244441942.8398  obj=2248223629702.84
[Run 11 | Iter 42] iter_best: cost=3797338890.41  viol=2241117106.3709  obj=2244914445261.34 | gbest: cost=3797338890.41  viol=2241117106.3709  obj=2244914445261.34
[Run 11 | Iter 43] iter_best: cost=3779411506.85  viol=2241716627.6284  obj=2245496039135.27 | gbest: cost=3797338890.41  viol=2241117106.3709  obj=2244914445261.34
[Run 11 | FE 1792] best_local_obj=2241216798621.25  best_local_cost=3811840808.22  best_local_viol=2237404957.8130
[Run 11 | Iter 44] iter_best: cost=3811840808.22  viol=2237404957.8130  obj=2241216798621.25 | gbest: cost=3811840808.22  viol=2237404957.8130  obj=2241216798621.25
[Run 11 | Iter 45] iter_best: cost=3813941082.19  viol=2233982464.9311  obj=2237796406013.32 | gbest: cost=3813941082.19  viol=2233982464.9311  obj=2237796406013.32
[Run 11 | Iter 46] iter_best: cost=3816841465.75  viol=2230634538.2296  obj=2234451379695.39 | gbest: cost=3816841465.75  viol=2230634538.2296  obj=2234451379695.39
[Run 11 | Iter 47] iter_best: cost=3836694150.68  viol=2228845090.7838  obj=2232681784934.52 | gbest: cost=3836694150.68  viol=2228845090.7838  obj=2232681784934.52
[Run 11 | Iter 48] iter_best: cost=3851371095.89  viol=2223909378.2226  obj=2227760749318.50 | gbest: cost=3851371095.89  viol=2223909378.2226  obj=2227760749318.50
[Run 11 | Iter 49] iter_best: cost=3851070986.30  viol=2222324846.8096  obj=2226175917795.91 | gbest: cost=3851070986.30  viol=2222324846.8096  obj=2226175917795.91
[Run 11 | Iter 50] iter_best: cost=3865297876.71  viol=2219529744.1884  obj=2223395042065.12 | gbest: cost=3865297876.71  viol=2219529744.1884  obj=2223395042065.12
[Run 11 | FE 2048] best_local_obj=2223395042065.12  best_local_cost=3865297876.71  best_local_viol=2219529744.1884
[Run 11 | Iter 51] iter_best: cost=3864722794.52  viol=2218012375.6527  obj=2221877098447.19 | gbest: cost=3864722794.52  viol=2218012375.6527  obj=2221877098447.19
[Run 11 | Iter 52] iter_best: cost=3867748150.68  viol=2216848556.0256  obj=2220716304176.26 | gbest: cost=3867748150.68  viol=2216848556.0256  obj=2220716304176.26
[Run 11 | Iter 53] iter_best: cost=3868698315.07  viol=2215136894.1533  obj=2219005592468.39 | gbest: cost=3868698315.07  viol=2215136894.1533  obj=2219005592468.39
[Run 11 | Iter 54] iter_best: cost=3869648424.66  viol=2215590747.0655  obj=2219460395490.11 | gbest: cost=3868698315.07  viol=2215136894.1533  obj=2219005592468.39
[Run 11 | Iter 55] iter_best: cost=3871948753.42  viol=2214660914.9253  obj=2218532863678.76 | gbest: cost=3871948753.42  viol=2214660914.9253  obj=2218532863678.76
[Run 11 | Iter 56] iter_best: cost=3872923890.41  viol=2215082781.6219  obj=2218955705512.32 | gbest: cost=3871948753.42  viol=2214660914.9253  obj=2218532863678.76
[Run 11 | FE 2304] best_local_obj=2218532863678.76  best_local_cost=3871948753.42  best_local_viol=2214660914.9253
[Run 11 | Iter 57] iter_best: cost=3866773068.49  viol=2214915539.4264  obj=2218782312494.94 | gbest: cost=3871948753.42  viol=2214660914.9253  obj=2218532863678.76
[Run 11 | Iter 58] iter_best: cost=3867223123.29  viol=2214676878.8210  obj=2218544101944.25 | gbest: cost=3871948753.42  viol=2214660914.9253  obj=2218532863678.76
[Run 11 | Iter 59] iter_best: cost=3869598424.66  viol=2214280700.2661  obj=2218150298690.77 | gbest: cost=3869598424.66  viol=2214280700.2661  obj=2218150298690.77
[Run 11 | Iter 60] iter_best: cost=3876899410.96  viol=2213051254.4572  obj=2216928153868.17 | gbest: cost=3876899410.96  viol=2213051254.4572  obj=2216928153868.17
[Run 11 | Iter 61] iter_best: cost=3875699246.58  viol=2213913590.6719  obj=2217789289918.50 | gbest: cost=3876899410.96  viol=2213051254.4572  obj=2216928153868.17
[Run 11 | Iter 62] iter_best: cost=3866973068.49  viol=2213701068.5762  obj=2217568041644.73 | gbest: cost=3876899410.96  viol=2213051254.4572  obj=2216928153868.17
[Run 11 | FE 2560] best_local_obj=2216928153868.17  best_local_cost=3876899410.96  best_local_viol=2213051254.4572
[Run 11 | Iter 63] iter_best: cost=3871648698.63  viol=2214124431.3916  obj=2217996080090.24 | gbest: cost=3876899410.96  viol=2213051254.4572  obj=2216928153868.17
[Run 11 | Iter 64] iter_best: cost=3873648972.60  viol=2213053557.2376  obj=2216927206210.22 | gbest: cost=3873648972.60  viol=2213053557.2376  obj=2216927206210.22
[Run 11 | Iter 65] iter_best: cost=3880949958.90  viol=2212683955.2615  obj=2216564905220.41 | gbest: cost=3880949958.90  viol=2212683955.2615  obj=2216564905220.41
[Run 11 | Iter 66] iter_best: cost=3880149849.32  viol=2211590988.9471  obj=2215471138796.43 | gbest: cost=3880149849.32  viol=2211590988.9471  obj=2215471138796.43
[Run 11 | Iter 67] iter_best: cost=3882675150.68  viol=2210264862.7086  obj=2214147537859.28 | gbest: cost=3882675150.68  viol=2210264862.7086  obj=2214147537859.28
[Run 11 | Iter 68] iter_best: cost=3884300397.26  viol=2208245279.9363  obj=2212129580333.55 | gbest: cost=3884300397.26  viol=2208245279.9363  obj=2212129580333.55
[Run 11 | Iter 69] iter_best: cost=3880974931.51  viol=2208348287.7072  obj=2212229262638.66 | gbest: cost=3884300397.26  viol=2208245279.9363  obj=2212129580333.55
[Run 11 | FE 2816] best_local_obj=2211154234212.52  best_local_cost=3895301876.71  best_local_viol=2207258932.3358
[Run 11 | Iter 70] iter_best: cost=3891926410.96  viol=2206759211.1533  obj=2210651137564.25 | gbest: cost=3891926410.96  viol=2206759211.1533  obj=2210651137564.25
[Run 11 | Iter 71] iter_best: cost=3885650561.64  viol=2207625395.0157  obj=2211511045577.34 | gbest: cost=3891926410.96  viol=2206759211.1533  obj=2210651137564.25
[Run 11 | Iter 72] iter_best: cost=3878349575.34  viol=2207125678.9331  obj=2211004028508.43 | gbest: cost=3891926410.96  viol=2206759211.1533  obj=2210651137564.25
[Run 11 | Iter 73] iter_best: cost=3893976684.93  viol=2207704745.6723  obj=2211598722357.22 | gbest: cost=3891926410.96  viol=2206759211.1533  obj=2210651137564.25
[Run 11 | Iter 74] iter_best: cost=3892326465.75  viol=2206542023.6786  obj=2210434350144.37 | gbest: cost=3892326465.75  viol=2206542023.6786  obj=2210434350144.37
[Run 11 | Iter 75] iter_best: cost=3889201054.79  viol=2205256676.5044  obj=2209145877559.21 | gbest: cost=3889201054.79  viol=2205256676.5044  obj=2209145877559.21
[Run 11 | FE 3072] best_local_obj=2209145877559.21  best_local_cost=3889201054.79  best_local_viol=2205256676.5044
[Run 11 | Iter 76] iter_best: cost=3889251054.79  viol=2205134527.3071  obj=2209023778361.91 | gbest: cost=3889251054.79  viol=2205134527.3071  obj=2209023778361.91
[Run 11 | Iter 77] iter_best: cost=3890276191.78  viol=2204464211.7101  obj=2208354487901.87 | gbest: cost=3890276191.78  viol=2204464211.7101  obj=2208354487901.87
[Run 11 | Iter 78] iter_best: cost=3890901273.97  viol=2205010916.2381  obj=2208901817512.08 | gbest: cost=3890276191.78  viol=2204464211.7101  obj=2208354487901.87
[Run 11 | Iter 79] iter_best: cost=3891826410.96  viol=2204093044.0007  obj=2207984870411.65 | gbest: cost=3891826410.96  viol=2204093044.0007  obj=2207984870411.65
[Run 11 | Iter 80] iter_best: cost=3890526246.58  viol=2204985736.4684  obj=2208876262714.97 | gbest: cost=3891826410.96  viol=2204093044.0007  obj=2207984870411.65
[Run 11 | Iter 81] iter_best: cost=3896527013.70  viol=2204599662.9530  obj=2208496189966.71 | gbest: cost=3891826410.96  viol=2204093044.0007  obj=2207984870411.65
[Run 11 | Iter 82] iter_best: cost=3893876684.93  viol=2204638804.4230  obj=2208532681107.94 | gbest: cost=3891826410.96  viol=2204093044.0007  obj=2207984870411.65
[Run 11 | FE 3328] best_local_obj=2207984870411.65  best_local_cost=3891826410.96  best_local_viol=2204093044.0007
[Run 11 | Iter 83] iter_best: cost=3895876958.90  viol=2203949922.4810  obj=2207845799439.92 | gbest: cost=3895876958.90  viol=2203949922.4810  obj=2207845799439.92
[Run 11 | Iter 84] iter_best: cost=3891176301.37  viol=2204587672.5174  obj=2208478848818.78 | gbest: cost=3895876958.90  viol=2203949922.4810  obj=2207845799439.92
[Run 11 | Iter 85] iter_best: cost=3896452041.10  viol=2203891899.1923  obj=2207788351233.39 | gbest: cost=3896452041.10  viol=2203891899.1923  obj=2207788351233.39
[Run 11 | Iter 86] iter_best: cost=3894501767.12  viol=2204004822.2687  obj=2207899324035.82 | gbest: cost=3896452041.10  viol=2203891899.1923  obj=2207788351233.39
[Run 11 | Iter 87] iter_best: cost=3895526904.11  viol=2204062845.7223  obj=2207958372626.40 | gbest: cost=3896452041.10  viol=2203891899.1923  obj=2207788351233.39
[Run 11 | Iter 88] iter_best: cost=3893876684.93  viol=2204035020.7193  obj=2207928897404.22 | gbest: cost=3896452041.10  viol=2203891899.1923  obj=2207788351233.39
[Run 11 | FE 3584] best_local_obj=2207788351233.39  best_local_cost=3896452041.10  best_local_viol=2203891899.1923
[Run 11 | Iter 89] iter_best: cost=3888175917.81  viol=2204527394.9641  obj=2208415570881.92 | gbest: cost=3896452041.10  viol=2203891899.1923  obj=2207788351233.39
[Run 11 | Iter 90] iter_best: cost=3894401767.12  viol=2204035020.7193  obj=2207929422486.42 | gbest: cost=3896452041.10  viol=2203891899.1923  obj=2207788351233.39
[Run 11 | Iter 91] iter_best: cost=3887825863.01  viol=2204120841.1558  obj=2208008667018.81 | gbest: cost=3896452041.10  viol=2203891899.1923  obj=2207788351233.39
[Run 11 | Iter 92] iter_best: cost=3894751821.92  viol=2203891899.1923  obj=2207786651014.21 | gbest: cost=3894751821.92  viol=2203891899.1923  obj=2207786651014.21
[Run 11 | Iter 93] iter_best: cost=3896502041.10  viol=2204006792.4441  obj=2207903294485.21 | gbest: cost=3894751821.92  viol=2203891899.1923  obj=2207786651014.21
[Run 11 | Iter 94] iter_best: cost=3895776958.90  viol=2203891899.1923  obj=2207787676151.20 | gbest: cost=3894751821.92  viol=2203891899.1923  obj=2207786651014.21
[Run 11 | FE 3840] best_local_obj=2207786651014.21  best_local_cost=3894751821.92  best_local_viol=2203891899.1923
[Run 11 | Iter 95] iter_best: cost=3896852095.89  viol=2203891899.1923  obj=2207788751288.18 | gbest: cost=3894751821.92  viol=2203891899.1923  obj=2207786651014.21
[Run 11 | Iter 96] iter_best: cost=3893426630.14  viol=2204004822.2687  obj=2207898248898.83 | gbest: cost=3894751821.92  viol=2203891899.1923  obj=2207786651014.21
[Run 11 | Iter 97] iter_best: cost=3894451767.12  viol=2203949922.4810  obj=2207844374248.14 | gbest: cost=3894751821.92  viol=2203891899.1923  obj=2207786651014.21
[Run 11 | Iter 98] iter_best: cost=3895426904.11  viol=2203586147.0959  obj=2207481574000.00 | gbest: cost=3895426904.11  viol=2203586147.0959  obj=2207481574000.00
[Run 11 | Iter 99] iter_best: cost=3899127397.26  viol=2203322273.2518  obj=2207221400649.07 | gbest: cost=3899127397.26  viol=2203322273.2518  obj=2207221400649.07
[Run 11 | Iter 100] iter_best: cost=3900727616.44  viol=2203322273.2518  obj=2207223000868.25 | gbest: cost=3899127397.26  viol=2203322273.2518  obj=2207221400649.07
[Run 11 | Iter 101] iter_best: cost=3897427178.08  viol=2203383063.3848  obj=2207280490562.89 | gbest: cost=3899127397.26  viol=2203322273.2518  obj=2207221400649.07
[Run 11 | FE 4096] best_local_obj=2207221400649.07  best_local_cost=3899127397.26  best_local_viol=2203322273.2518
[Run 11 | Iter 102] iter_best: cost=3896402041.10  viol=2203383063.3848  obj=2207279465425.91 | gbest: cost=3899127397.26  viol=2203322273.2518  obj=2207221400649.07
[Run 11 | Iter 103] iter_best: cost=3893151602.74  viol=2203443025.3019  obj=2207336176904.63 | gbest: cost=3899127397.26  viol=2203322273.2518  obj=2207221400649.07
[Run 11 | Iter 104] iter_best: cost=3893826684.93  viol=2203261038.2300  obj=2207154864914.94 | gbest: cost=3893826684.93  viol=2203261038.2300  obj=2207154864914.94
[Run 11 | Iter 105] iter_best: cost=3895426904.11  viol=2203140286.3153  obj=2207035713219.40 | gbest: cost=3895426904.11  viol=2203140286.3153  obj=2207035713219.40
[Run 11 | Iter 106] iter_best: cost=3895826958.90  viol=2203224535.1422  obj=2207120362101.12 | gbest: cost=3895426904.11  viol=2203140286.3153  obj=2207035713219.40
[Run 11 | Iter 107] iter_best: cost=3898552315.07  viol=2203118413.5111  obj=2207016965826.16 | gbest: cost=3898552315.07  viol=2203118413.5111  obj=2207016965826.16
[Run 11 | FE 4352] best_local_obj=2207016965826.16  best_local_cost=3898552315.07  best_local_viol=2203118413.5111
[Run 11 | Iter 108] iter_best: cost=3901802753.42  viol=2203292128.5007  obj=2207193931254.12 | gbest: cost=3898552315.07  viol=2203118413.5111  obj=2207016965826.16
[Run 11 | Iter 109] iter_best: cost=3902477835.62  viol=2203261038.2855  obj=2207163516121.11 | gbest: cost=3898552315.07  viol=2203118413.5111  obj=2207016965826.16
[Run 11 | Iter 110] iter_best: cost=3897477178.08  viol=2202997164.7667  obj=2206894641944.77 | gbest: cost=3897477178.08  viol=2202997164.7667  obj=2206894641944.77
[Run 11 | Iter 111] iter_best: cost=3900077506.85  viol=2202825333.2893  obj=2206725410796.14 | gbest: cost=3900077506.85  viol=2202825333.2893  obj=2206725410796.14
[Run 11 | Iter 112] iter_best: cost=3902527835.62  viol=2202562703.1359  obj=2206465230971.51 | gbest: cost=3902527835.62  viol=2202562703.1359  obj=2206465230971.51
[Run 11 | Iter 113] iter_best: cost=3900127506.85  viol=2202400233.9251  obj=2206300361431.96 | gbest: cost=3900127506.85  viol=2202400233.9251  obj=2206300361431.96
[Run 11 | Iter 114] iter_best: cost=3904403082.19  viol=2201653202.3028  obj=2205557605385.00 | gbest: cost=3904403082.19  viol=2201653202.3028  obj=2205557605385.00
[Run 11 | FE 4608] best_local_obj=2205557605385.00  best_local_cost=3904403082.19  best_local_viol=2201653202.3028
[Run 11 | Iter 115] iter_best: cost=3904853136.99  viol=2201664359.2024  obj=2205569212339.38 | gbest: cost=3904403082.19  viol=2201653202.3028  obj=2205557605385.00
[Run 11 | Iter 116] iter_best: cost=3905828273.97  viol=2201779735.1211  obj=2205685563395.06 | gbest: cost=3904403082.19  viol=2201653202.3028  obj=2205557605385.00
[Run 11 | Iter 117] iter_best: cost=3898477287.67  viol=2201354370.2903  obj=2205252847577.98 | gbest: cost=3898477287.67  viol=2201354370.2903  obj=2205252847577.98
[Run 11 | Iter 118] iter_best: cost=3902452808.22  viol=2200469164.8056  obj=2204371617613.81 | gbest: cost=3902452808.22  viol=2200469164.8056  obj=2204371617613.81
[Run 11 | Iter 119] iter_best: cost=3893551602.74  viol=2200419592.9381  obj=2204313144540.85 | gbest: cost=3893551602.74  viol=2200419592.9381  obj=2204313144540.85
[Run 11 | Iter 120] iter_best: cost=3893551602.74  viol=2199038968.2646  obj=2202932519867.35 | gbest: cost=3893551602.74  viol=2199038968.2646  obj=2202932519867.35
[Run 11 | FE 4864] best_local_obj=2202932519867.35  best_local_cost=3893551602.74  best_local_viol=2199038968.2646
[Run 11 | Iter 121] iter_best: cost=3902302753.42  viol=2198429395.9593  obj=2202331698712.72 | gbest: cost=3902302753.42  viol=2198429395.9593  obj=2202331698712.72
[Run 11 | Iter 122] iter_best: cost=3905228164.38  viol=2196836484.3463  obj=2200741712510.70 | gbest: cost=3905228164.38  viol=2196836484.3463  obj=2200741712510.70
[Run 11 | Iter 123] iter_best: cost=3906303301.37  viol=2197420383.0156  obj=2201326686316.96 | gbest: cost=3905228164.38  viol=2196836484.3463  obj=2200741712510.70
[Run 11 | Iter 124] iter_best: cost=3906553356.16  viol=2195190692.3402  obj=2199097245696.38 | gbest: cost=3906553356.16  viol=2195190692.3402  obj=2199097245696.38
[Run 11 | Iter 125] iter_best: cost=3905528219.18  viol=2195756251.4672  obj=2199661779686.39 | gbest: cost=3906553356.16  viol=2195190692.3402  obj=2199097245696.38
[Run 11 | Iter 126] iter_best: cost=3907403465.75  viol=2194681873.8578  obj=2198589277323.57 | gbest: cost=3907403465.75  viol=2194681873.8578  obj=2198589277323.57
[Run 11 | FE 5120] best_local_obj=2198349510288.39  best_local_cost=3904203027.40  best_local_viol=2194445307.2610
[Run 11 | Iter 127] iter_best: cost=3904203027.40  viol=2194445307.2610  obj=2198349510288.39 | gbest: cost=3904203027.40  viol=2194445307.2610  obj=2198349510288.39
[Run 11 | Iter 128] iter_best: cost=3904728109.59  viol=2194243074.7631  obj=2198147802872.70 | gbest: cost=3904728109.59  viol=2194243074.7631  obj=2198147802872.70
[Run 11 | Iter 129] iter_best: cost=3903227890.41  viol=2193458377.4675  obj=2197361605357.90 | gbest: cost=3903227890.41  viol=2193458377.4675  obj=2197361605357.90
[Run 11 | Iter 130] iter_best: cost=3909503739.73  viol=2193578994.9228  obj=2197488498662.52 | gbest: cost=3903227890.41  viol=2193458377.4675  obj=2197361605357.90
[Run 11 | Iter 131] iter_best: cost=3901477671.23  viol=2193275398.4211  obj=2197176876092.34 | gbest: cost=3901477671.23  viol=2193275398.4211  obj=2197176876092.34
[Run 11 | Iter 132] iter_best: cost=3906778383.56  viol=2192547646.7159  obj=2196454425099.45 | gbest: cost=3906778383.56  viol=2192547646.7159  obj=2196454425099.45
[Run 11 | Iter 133] iter_best: cost=3904828109.59  viol=2192343957.0999  obj=2196248785209.50 | gbest: cost=3904828109.59  viol=2192343957.0999  obj=2196248785209.50
[Run 11 | FE 5376] best_local_obj=2196248785209.50  best_local_cost=3904828109.59  best_local_viol=2192343957.0999
[Run 11 | Iter 134] iter_best: cost=3912754178.08  viol=2191914676.9366  obj=2195827431114.67 | gbest: cost=3912754178.08  viol=2191914676.9366  obj=2195827431114.67
[Run 11 | Iter 135] iter_best: cost=3913579260.27  viol=2191473171.4382  obj=2195386750698.47 | gbest: cost=3913579260.27  viol=2191473171.4382  obj=2195386750698.47
[Run 11 | Iter 136] iter_best: cost=3923530575.34  viol=2190488995.9694  obj=2194412526544.75 | gbest: cost=3923530575.34  viol=2190488995.9694  obj=2194412526544.75
[Run 11 | Iter 137] iter_best: cost=3913704287.67  viol=2191128704.4547  obj=2195042408742.35 | gbest: cost=3923530575.34  viol=2190488995.9694  obj=2194412526544.75
[Run 11 | Iter 138] iter_best: cost=3919155000.00  viol=2191136413.7239  obj=2195055568723.91 | gbest: cost=3923530575.34  viol=2190488995.9694  obj=2194412526544.75
[Run 11 | Iter 139] iter_best: cost=3921405328.77  viol=2189993328.9757  obj=2193914734304.46 | gbest: cost=3921405328.77  viol=2189993328.9757  obj=2193914734304.46
[Run 11 | FE 5632] best_local_obj=2193914734304.46  best_local_cost=3921405328.77  best_local_viol=2189993328.9757
[Run 11 | Iter 140] iter_best: cost=3914454397.26  viol=2190443415.0407  obj=2194357869437.95 | gbest: cost=3921405328.77  viol=2189993328.9757  obj=2193914734304.46
[Run 11 | Iter 141] iter_best: cost=3926756041.10  viol=2188904252.8979  obj=2192831008939.01 | gbest: cost=3926756041.10  viol=2188904252.8979  obj=2192831008939.01
[Run 11 | Iter 142] iter_best: cost=3917829863.01  viol=2189541751.3138  obj=2193459581176.83 | gbest: cost=3926756041.10  viol=2188904252.8979  obj=2192831008939.01
[Run 11 | Iter 143] iter_best: cost=3925780904.11  viol=2189686185.5601  obj=2193611966464.22 | gbest: cost=3926756041.10  viol=2188904252.8979  obj=2192831008939.01
[Run 11 | Iter 144] iter_best: cost=3924180684.93  viol=2188959939.8251  obj=2192884120510.04 | gbest: cost=3926756041.10  viol=2188904252.8979  obj=2192831008939.01
[Run 11 | Iter 145] iter_best: cost=3920680246.58  viol=2188800615.6214  obj=2192721295867.99 | gbest: cost=3920680246.58  viol=2188800615.6214  obj=2192721295867.99
[Run 11 | Iter 146] iter_best: cost=3921755383.56  viol=2188773269.2844  obj=2192695024667.97 | gbest: cost=3921755383.56  viol=2188773269.2844  obj=2192695024667.97
[Run 11 | FE 5888] best_local_obj=2192695024667.97  best_local_cost=3921755383.56  best_local_viol=2188773269.2844
[Run 11 | Iter 147] iter_best: cost=3925455876.71  viol=2188989103.3644  obj=2192914559241.09 | gbest: cost=3921755383.56  viol=2188773269.2844  obj=2192695024667.97
[Run 11 | Iter 148] iter_best: cost=3928381287.67  viol=2188303507.6299  obj=2192231888917.57 | gbest: cost=3928381287.67  viol=2188303507.6299  obj=2192231888917.57
[Run 11 | Iter 149] iter_best: cost=3925755931.51  viol=2188545597.2727  obj=2192471353204.21 | gbest: cost=3928381287.67  viol=2188303507.6299  obj=2192231888917.57
[Run 11 | Iter 150] iter_best: cost=3923430630.14  viol=2188303507.6299  obj=2192226938260.04 | gbest: cost=3923430630.14  viol=2188303507.6299  obj=2192226938260.04
[Run 11 | Iter 151] iter_best: cost=3928431287.67  viol=2188398761.9827  obj=2192327193270.36 | gbest: cost=3923430630.14  viol=2188303507.6299  obj=2192226938260.04
[Run 11 | Iter 152] iter_best: cost=3924730794.52  viol=2188172976.7497  obj=2192097707544.22 | gbest: cost=3924730794.52  viol=2188172976.7497  obj=2192097707544.22
[Run 11 | FE 6144] best_local_obj=2192097707544.22  best_local_cost=3924730794.52  best_local_viol=2188172976.7497
[Run 11 | Iter 153] iter_best: cost=3929056369.86  viol=2188172976.6507  obj=2192102033020.57 | gbest: cost=3924730794.52  viol=2188172976.7497  obj=2192097707544.22
[Run 11 | Iter 154] iter_best: cost=3924330739.73  viol=2188172976.6507  obj=2192097307390.43 | gbest: cost=3924330739.73  viol=2188172976.6507  obj=2192097307390.43
[Run 11 | Iter 155] iter_best: cost=3926030958.90  viol=2188172976.6507  obj=2192099007609.61 | gbest: cost=3924330739.73  viol=2188172976.6507  obj=2192097307390.43
[Run 11 | Iter 156] iter_best: cost=3924730794.52  viol=2188172976.7497  obj=2192097707544.22 | gbest: cost=3924330739.73  viol=2188172976.6507  obj=2192097307390.43
[Run 11 | Iter 157] iter_best: cost=3931831726.03  viol=2188377835.8758  obj=2192309667601.81 | gbest: cost=3924330739.73  viol=2188172976.6507  obj=2192097307390.43
[Run 11 | Iter 158] iter_best: cost=3923705657.53  viol=2188096999.9832  obj=2192020705640.72 | gbest: cost=3923705657.53  viol=2188096999.9832  obj=2192020705640.72
[Run 11 | FE 6400] best_local_obj=2191896882480.21  best_local_cost=3931731726.03  best_local_viol=2187965150.7542
[Run 11 | Iter 159] iter_best: cost=3931731726.03  viol=2187965150.7542  obj=2191896882480.21 | gbest: cost=3931731726.03  viol=2187965150.7542  obj=2191896882480.21
[Run 11 | Iter 160] iter_best: cost=3926381013.70  viol=2188096999.9832  obj=2192023380996.88 | gbest: cost=3931731726.03  viol=2187965150.7542  obj=2191896882480.21
[Run 11 | Iter 161] iter_best: cost=3933381945.21  viol=2187965150.7542  obj=2191898532699.39 | gbest: cost=3931731726.03  viol=2187965150.7542  obj=2191896882480.21
[Run 11 | Iter 162] iter_best: cost=3930031506.85  viol=2187950260.6448  obj=2191880292151.63 | gbest: cost=3930031506.85  viol=2187950260.6448  obj=2191880292151.63
[Run 11 | Iter 163] iter_best: cost=3935382219.18  viol=2187950260.6448  obj=2191885642863.96 | gbest: cost=3930031506.85  viol=2187950260.6448  obj=2191880292151.63
[Run 11 | Iter 164] iter_best: cost=3934357082.19  viol=2187950260.6448  obj=2191884617726.97 | gbest: cost=3930031506.85  viol=2187950260.6448  obj=2191880292151.63
[Run 11 | Iter 165] iter_best: cost=3925930958.90  viol=2187992496.8262  obj=2191918427785.09 | gbest: cost=3930031506.85  viol=2187950260.6448  obj=2191880292151.63
[Run 11 | FE 6656] best_local_obj=2191880292151.63  best_local_cost=3930031506.85  best_local_viol=2187950260.6448
[Run 11 | Iter 166] iter_best: cost=3933331945.21  viol=2187950260.6448  obj=2191883592589.99 | gbest: cost=3930031506.85  viol=2187950260.6448  obj=2191880292151.63
[Run 11 | Iter 167] iter_best: cost=3931056643.84  viol=2187950260.6448  obj=2191881317288.62 | gbest: cost=3930031506.85  viol=2187950260.6448  obj=2191880292151.63
[Run 11 | Iter 168] iter_best: cost=3934357082.19  viol=2187950260.6448  obj=2191884617726.97 | gbest: cost=3930031506.85  viol=2187950260.6448  obj=2191880292151.63
[Run 11 | Iter 169] iter_best: cost=3927356150.68  viol=2187992496.8062  obj=2191919852956.87 | gbest: cost=3930031506.85  viol=2187950260.6448  obj=2191880292151.63
[Run 11 | Iter 170] iter_best: cost=3927056095.89  viol=2187832357.0214  obj=2191759413117.30 | gbest: cost=3927056095.89  viol=2187832357.0214  obj=2191759413117.30
[Run 11 | Iter 171] iter_best: cost=3924080684.93  viol=2188042209.8313  obj=2191966290516.24 | gbest: cost=3927056095.89  viol=2187832357.0214  obj=2191759413117.30
[Run 11 | FE 6912] best_local_obj=2190941100945.50  best_local_cost=3932631835.62  best_local_viol=2187008469.1099
[Run 11 | Iter 172] iter_best: cost=3932631835.62  viol=2187008469.1099  obj=2190941100945.50 | gbest: cost=3932631835.62  viol=2187008469.1099  obj=2190941100945.50
[Run 11 | Iter 173] iter_best: cost=3930006479.45  viol=2187871194.6446  obj=2191801201124.05 | gbest: cost=3932631835.62  viol=2187008469.1099  obj=2190941100945.50
[Run 11 | Iter 174] iter_best: cost=3937757520.55  viol=2188052425.4639  obj=2191990182984.43 | gbest: cost=3932631835.62  viol=2187008469.1099  obj=2190941100945.50
[Run 11 | Iter 175] iter_best: cost=3934232054.79  viol=2186993579.1179  obj=2190927811172.70 | gbest: cost=3934232054.79  viol=2186993579.1179  obj=2190927811172.70
[Run 11 | Iter 176] iter_best: cost=3927406150.68  viol=2186769251.6528  obj=2190696657803.49 | gbest: cost=3927406150.68  viol=2186769251.6528  obj=2190696657803.49
[Run 11 | Iter 177] iter_best: cost=3933031890.41  viol=2186685903.8573  obj=2190618935747.71 | gbest: cost=3933031890.41  viol=2186685903.8573  obj=2190618935747.71
[Run 11 | Iter 178] iter_best: cost=3933656972.60  viol=2186894768.1098  obj=2190828425082.41 | gbest: cost=3933031890.41  viol=2186685903.8573  obj=2190618935747.71
[Run 11 | FE 7168] best_local_obj=2190618935747.71  best_local_cost=3933031890.41  best_local_viol=2186685903.8573
[Run 11 | Iter 179] iter_best: cost=3925780904.11  viol=2187470589.6865  obj=2191396370590.59 | gbest: cost=3933031890.41  viol=2186685903.8573  obj=2190618935747.71
[Run 11 | Iter 180] iter_best: cost=3934682109.59  viol=2186582848.8979  obj=2190517531007.47 | gbest: cost=3934682109.59  viol=2186582848.8979  obj=2190517531007.47
[Run 11 | Iter 181] iter_best: cost=3930456534.25  viol=2187461945.0928  obj=2191392401627.05 | gbest: cost=3934682109.59  viol=2186582848.8979  obj=2190517531007.47
[Run 11 | Iter 182] iter_best: cost=3932156753.42  viol=2187490495.4325  obj=2191422652185.93 | gbest: cost=3934682109.59  viol=2186582848.8979  obj=2190517531007.47
[Run 11 | Iter 183] iter_best: cost=3936382328.77  viol=2186481778.8623  obj=2190418161191.06 | gbest: cost=3936382328.77  viol=2186481778.8623  obj=2190418161191.06
[Run 11 | Iter 184] iter_best: cost=3934107027.40  viol=2187370302.3908  obj=2191304409418.19 | gbest: cost=3936382328.77  viol=2186481778.8623  obj=2190418161191.06
[Run 11 | FE 7424] best_local_obj=2190418161191.06  best_local_cost=3936382328.77  best_local_viol=2186481778.8623
[Run 11 | Iter 185] iter_best: cost=3933031890.41  viol=2187248890.6252  obj=2191181922515.62 | gbest: cost=3936382328.77  viol=2186481778.8623  obj=2190418161191.06
[Run 11 | Iter 186] iter_best: cost=3935082164.38  viol=2186410106.2234  obj=2190345188387.80 | gbest: cost=3935082164.38  viol=2186410106.2234  obj=2190345188387.80
[Run 11 | Iter 187] iter_best: cost=3934107027.40  viol=2187101724.9018  obj=2191035831929.21 | gbest: cost=3935082164.38  viol=2186410106.2234  obj=2190345188387.80
[Run 11 | Iter 188] iter_best: cost=3929731452.05  viol=2187110521.2876  obj=2191040252739.67 | gbest: cost=3935082164.38  viol=2186410106.2234  obj=2190345188387.80
[Run 11 | Iter 189] iter_best: cost=3934107027.40  viol=2186541769.9060  obj=2190475876933.41 | gbest: cost=3935082164.38  viol=2186410106.2234  obj=2190345188387.80
[Run 11 | Iter 190] iter_best: cost=3940032821.92  viol=2186218649.5858  obj=2190158682407.70 | gbest: cost=3940032821.92  viol=2186218649.5858  obj=2190158682407.70
[Run 11 | FE 7680] best_local_obj=2190158682407.70  best_local_cost=3940032821.92  best_local_viol=2186218649.5858
[Run 11 | Iter 191] iter_best: cost=3940032821.92  viol=2186498408.0595  obj=2190438440881.42 | gbest: cost=3940032821.92  viol=2186218649.5858  obj=2190158682407.70
[Run 11 | Iter 192] iter_best: cost=3938382602.74  viol=2186219731.8721  obj=2190158114474.85 | gbest: cost=3938382602.74  viol=2186219731.8721  obj=2190158114474.85
[Run 11 | Iter 193] iter_best: cost=3936432328.77  viol=2186556082.7802  obj=2190492515108.98 | gbest: cost=3938382602.74  viol=2186219731.8721  obj=2190158114474.85
[Run 11 | Iter 194] iter_best: cost=3937057410.96  viol=2186173831.9311  obj=2190110889342.07 | gbest: cost=3937057410.96  viol=2186173831.9311  obj=2190110889342.07
[Run 11 | Iter 195] iter_best: cost=3943383260.27  viol=2186518087.5071  obj=2190461470767.38 | gbest: cost=3937057410.96  viol=2186173831.9311  obj=2190110889342.07
[Run 11 | Iter 196] iter_best: cost=3933131890.41  viol=2185897262.9164  obj=2189830394806.79 | gbest: cost=3933131890.41  viol=2185897262.9164  obj=2189830394806.79
[Run 11 | Iter 197] iter_best: cost=3932556808.22  viol=2184862013.1757  obj=2188794569983.91 | gbest: cost=3932556808.22  viol=2184862013.1757  obj=2188794569983.91
[Run 11 | FE 7936] best_local_obj=2187978217376.61  best_local_cost=3932656808.22  best_local_viol=2184045560.5684
[Run 11 | Iter 198] iter_best: cost=3932656808.22  viol=2184045560.5684  obj=2187978217376.61 | gbest: cost=3932656808.22  viol=2184045560.5684  obj=2187978217376.61
[Run 11 | Iter 199] iter_best: cost=3934257027.40  viol=2184071145.8272  obj=2188005402854.59 | gbest: cost=3932656808.22  viol=2184045560.5684  obj=2187978217376.61
[Run 11 | Iter 200] iter_best: cost=3938432602.74  viol=2183472993.8413  obj=2187411426444.05 | gbest: cost=3938432602.74  viol=2183472993.8413  obj=2187411426444.05
[Run 11 | Iter 201] iter_best: cost=3936657356.16  viol=2183538174.4236  obj=2187474831779.76 | gbest: cost=3938432602.74  viol=2183472993.8413  obj=2187411426444.05
[Run 11 | Iter 202] iter_best: cost=3940757904.11  viol=2183950416.8631  obj=2187891174767.22 | gbest: cost=3938432602.74  viol=2183472993.8413  obj=2187411426444.05
[Run 11 | Iter 203] iter_best: cost=3937107410.96  viol=2184241842.3760  obj=2188178949786.97 | gbest: cost=3938432602.74  viol=2183472993.8413  obj=2187411426444.05
[Run 11 | FE 8192] best_local_obj=2187355987112.38  best_local_cost=3943783315.07  best_local_viol=2183412203.7973
[Run 11 | Iter 204] iter_best: cost=3943783315.07  viol=2183412203.7973  obj=2187355987112.38 | gbest: cost=3943783315.07  viol=2183412203.7973  obj=2187355987112.38
[Run 11 | Iter 205] iter_best: cost=3942133095.89  viol=2183412203.7973  obj=2187354336893.20 | gbest: cost=3942133095.89  viol=2183412203.7973  obj=2187354336893.20
[Run 11 | Iter 206] iter_best: cost=3942758178.08  viol=2183340198.3815  obj=2187282956559.57 | gbest: cost=3942758178.08  viol=2183340198.3815  obj=2187282956559.57
[Run 11 | Iter 207] iter_best: cost=3941508013.70  viol=2183335705.9777  obj=2187277213991.39 | gbest: cost=3941508013.70  viol=2183335705.9777  obj=2187277213991.39
[Run 11 | Iter 208] iter_best: cost=3942133095.89  viol=2183259729.1852  obj=2187201862281.10 | gbest: cost=3942133095.89  viol=2183259729.1852  obj=2187201862281.10
[Run 11 | Iter 209] iter_best: cost=3943158232.88  viol=2183255757.8044  obj=2187198916037.27 | gbest: cost=3943158232.88  viol=2183255757.8044  obj=2187198916037.27
[Run 11 | Iter 210] iter_best: cost=3946233643.84  viol=2183316547.8834  obj=2187262781527.23 | gbest: cost=3943158232.88  viol=2183255757.8044  obj=2187198916037.27
[Run 11 | FE 8448] best_local_obj=2187198916037.27  best_local_cost=3943158232.88  best_local_viol=2183255757.8044
[Run 11 | Iter 211] iter_best: cost=3945833589.04  viol=2183255757.8044  obj=2187201591393.43 | gbest: cost=3943158232.88  viol=2183255757.8044  obj=2187198916037.27
[Run 11 | Iter 212] iter_best: cost=3942133095.89  viol=2183259729.1852  obj=2187201862281.10 | gbest: cost=3943158232.88  viol=2183255757.8044  obj=2187198916037.27
[Run 11 | Iter 213] iter_best: cost=3946808726.03  viol=2183255757.8394  obj=2187202566565.42 | gbest: cost=3943158232.88  viol=2183255757.8044  obj=2187198916037.27
[Run 11 | Iter 214] iter_best: cost=3940482876.71  viol=2183259729.1332  obj=2187200212009.92 | gbest: cost=3943158232.88  viol=2183255757.8044  obj=2187198916037.27
[Run 11 | Iter 215] iter_best: cost=3942133095.89  viol=2183259729.1852  obj=2187201862281.10 | gbest: cost=3943158232.88  viol=2183255757.8044  obj=2187198916037.27
[Run 11 | Iter 216] iter_best: cost=3939857794.52  viol=2183255757.8044  obj=2187195615598.91 | gbest: cost=3939857794.52  viol=2183255757.8044  obj=2187195615598.91
[Run 11 | FE 8704] best_local_obj=2187195615598.91  best_local_cost=3939857794.52  best_local_viol=2183255757.8044
[Run 11 | Iter 217] iter_best: cost=3941508013.70  viol=2183255757.8044  obj=2187197265818.09 | gbest: cost=3939857794.52  viol=2183255757.8044  obj=2187195615598.91
[Run 11 | Iter 218] iter_best: cost=3940832931.51  viol=2183255757.8044  obj=2187196590735.90 | gbest: cost=3939857794.52  viol=2183255757.8044  obj=2187195615598.91
[Run 11 | Iter 219] iter_best: cost=3942533150.68  viol=2183242602.2541  obj=2187185135404.80 | gbest: cost=3942533150.68  viol=2183242602.2541  obj=2187185135404.80
[Run 11 | Iter 220] iter_best: cost=3945833589.04  viol=2182778675.8686  obj=2186724509457.63 | gbest: cost=3945833589.04  viol=2182778675.8686  obj=2186724509457.63
[Run 11 | Iter 221] iter_best: cost=3945833589.04  viol=2182765520.3593  obj=2186711353948.35 | gbest: cost=3945833589.04  viol=2182765520.3593  obj=2186711353948.35
[Run 11 | Iter 222] iter_best: cost=3944808452.05  viol=2182765520.3593  obj=2186710328811.37 | gbest: cost=3944808452.05  viol=2182765520.3593  obj=2186710328811.37
[Run 11 | FE 8960] best_local_obj=2186708278537.39  best_local_cost=3942758178.08  best_local_viol=2182765520.3593
[Run 11 | Iter 223] iter_best: cost=3942758178.08  viol=2182765520.3593  obj=2186708278537.39 | gbest: cost=3942758178.08  viol=2182765520.3593  obj=2186708278537.39
[Run 11 | Iter 224] iter_best: cost=3939107684.93  viol=2182841497.2474  obj=2186780604932.32 | gbest: cost=3942758178.08  viol=2182765520.3593  obj=2186708278537.39
[Run 11 | Iter 225] iter_best: cost=3948508945.21  viol=2182765520.3523  obj=2186714029297.52 | gbest: cost=3942758178.08  viol=2182765520.3593  obj=2186708278537.39
[Run 11 | Iter 226] iter_best: cost=3944508397.26  viol=2182531785.9203  obj=2186476294317.57 | gbest: cost=3944508397.26  viol=2182531785.9203  obj=2186476294317.57
[Run 11 | Iter 227] iter_best: cost=3948108890.41  viol=2181942623.8297  obj=2185890732720.12 | gbest: cost=3948108890.41  viol=2181942623.8297  obj=2185890732720.12
[Run 11 | Iter 228] iter_best: cost=3941783041.10  viol=2181822709.6335  obj=2185764492674.61 | gbest: cost=3941783041.10  viol=2181822709.6335  obj=2185764492674.61
[Run 11 | Iter 229] iter_best: cost=3941783041.10  viol=2181214998.1707  obj=2185156781211.81 | gbest: cost=3941783041.10  viol=2181214998.1707  obj=2185156781211.81
[Run 11 | FE 9216] best_local_obj=2185156781211.81  best_local_cost=3941783041.10  best_local_viol=2181214998.1707
[Run 11 | Iter 230] iter_best: cost=3946508671.23  viol=2181428441.5684  obj=2185374950239.65 | gbest: cost=3941783041.10  viol=2181214998.1707  obj=2185156781211.81
